000 (78851234.000.000) 2026-09-30 12:35:31 Job submitted from host: <10.14.0.121:9618?addrs=10.14.0.121-9618&alias=ldas-pcdev12.ligo.caltech.edu&noUDP&sock=schedd_623140_c9b4>
...
001 (78851234.000.000) 2026-09-30 12:35:59 Job executing on host: <10.14.10.49:9618?addrs=10.14.10.49-9618&alias=node2299.cluster.ldas.cit&noUDP&sock=startd_261261_e4ca>
	SlotName: slot1_25@node2299.cluster.ldas.cit
	CondorScratchDir = "/var/lib/condor/execute/dir_641358/scratch"
	Cpus = 4
	Disk = 28672
	GPUs = 0
	Memory = 6016
...
006 (78851234.000.000) 2026-09-30 12:36:07 Image size of job updated: 175960
	172  -  MemoryUsage of job (MB)
	175960  -  ResidentSetSize of job (KB)
...
006 (78851234.000.000) 2026-09-30 12:41:07 Image size of job updated: 304188
	298  -  MemoryUsage of job (MB)
	304188  -  ResidentSetSize of job (KB)
...
006 (78851234.000.000) 2026-09-30 12:46:08 Image size of job updated: 306016
	299  -  MemoryUsage of job (MB)
	306016  -  ResidentSetSize of job (KB)
...
006 (78851234.000.000) 2026-09-30 12:51:09 Image size of job updated: 420132
	411  -  MemoryUsage of job (MB)
	420132  -  ResidentSetSize of job (KB)
...
006 (78851234.000.000) 2026-09-30 12:56:09 Image size of job updated: 420920
	412  -  MemoryUsage of job (MB)
	420920  -  ResidentSetSize of job (KB)
...
006 (78851234.000.000) 2026-09-30 13:01:10 Image size of job updated: 424820
	415  -  MemoryUsage of job (MB)
	424820  -  ResidentSetSize of job (KB)
...
006 (78851234.000.000) 2026-09-30 13:06:11 Image size of job updated: 425068
	416  -  MemoryUsage of job (MB)
	425068  -  ResidentSetSize of job (KB)
...
006 (78851234.000.000) 2026-09-30 13:11:11 Image size of job updated: 438560
	429  -  MemoryUsage of job (MB)
	438560  -  ResidentSetSize of job (KB)
...
006 (78851234.000.000) 2026-09-30 13:16:12 Image size of job updated: 513336
	502  -  MemoryUsage of job (MB)
	513336  -  ResidentSetSize of job (KB)
...
006 (78851234.000.000) 2026-09-30 13:21:12 Image size of job updated: 752248
	735  -  MemoryUsage of job (MB)
	752248  -  ResidentSetSize of job (KB)
...
006 (78851234.000.000) 2026-09-30 13:26:12 Image size of job updated: 969844
	948  -  MemoryUsage of job (MB)
	969844  -  ResidentSetSize of job (KB)
...
006 (78851234.000.000) 2026-09-30 13:31:13 Image size of job updated: 1226032
	1198  -  MemoryUsage of job (MB)
	1226032  -  ResidentSetSize of job (KB)
...
006 (78851234.000.000) 2026-09-30 13:36:13 Image size of job updated: 1453636
	1420  -  MemoryUsage of job (MB)
	1453636  -  ResidentSetSize of job (KB)
...
006 (78851234.000.000) 2026-09-30 13:41:13 Image size of job updated: 1492592
	1458  -  MemoryUsage of job (MB)
	1492592  -  ResidentSetSize of job (KB)
...
006 (78851234.000.000) 2026-09-30 13:46:14 Image size of job updated: 1492652
	1458  -  MemoryUsage of job (MB)
	1492652  -  ResidentSetSize of job (KB)
...
006 (78851234.000.000) 2026-09-30 13:51:14 Image size of job updated: 1512736
	1478  -  MemoryUsage of job (MB)
	1512736  -  ResidentSetSize of job (KB)
...
006 (78851234.000.000) 2026-09-30 13:56:14 Image size of job updated: 1512804
	1478  -  MemoryUsage of job (MB)
	1512804  -  ResidentSetSize of job (KB)
...
006 (78851234.000.000) 2026-09-30 14:01:15 Image size of job updated: 1523352
	1480  -  MemoryUsage of job (MB)
	1514604  -  ResidentSetSize of job (KB)
...
006 (78851234.000.000) 2026-09-30 14:06:15 Image size of job updated: 1523352
	1480  -  MemoryUsage of job (MB)
	1514664  -  ResidentSetSize of job (KB)
...
006 (78851234.000.000) 2026-09-30 14:11:15 Image size of job updated: 1523352
	1487  -  MemoryUsage of job (MB)
	1521768  -  ResidentSetSize of job (KB)
...
006 (78851234.000.000) 2026-09-30 14:16:16 Image size of job updated: 1523352
	1487  -  MemoryUsage of job (MB)
	1522008  -  ResidentSetSize of job (KB)
...
006 (78851234.000.000) 2026-09-30 14:51:18 Image size of job updated: 1532596
	1497  -  MemoryUsage of job (MB)
	1532596  -  ResidentSetSize of job (KB)
...
006 (78851234.000.000) 2026-09-30 14:56:18 Image size of job updated: 1532624
	1497  -  MemoryUsage of job (MB)
	1532624  -  ResidentSetSize of job (KB)
...
006 (78851234.000.000) 2026-09-30 15:01:19 Image size of job updated: 1535600
	1500  -  MemoryUsage of job (MB)
	1535600  -  ResidentSetSize of job (KB)
...
006 (78851234.000.000) 2026-09-30 15:06:19 Image size of job updated: 1535648
	1500  -  MemoryUsage of job (MB)
	1535648  -  ResidentSetSize of job (KB)
...
006 (78851234.000.000) 2026-09-30 15:11:19 Image size of job updated: 1535656
	1500  -  MemoryUsage of job (MB)
	1535648  -  ResidentSetSize of job (KB)
...
006 (78851234.000.000) 2026-09-30 15:21:20 Image size of job updated: 1550272
	1514  -  MemoryUsage of job (MB)
	1550272  -  ResidentSetSize of job (KB)
...
006 (78851234.000.000) 2026-09-30 15:26:20 Image size of job updated: 1550284
	1514  -  MemoryUsage of job (MB)
	1550284  -  ResidentSetSize of job (KB)
...
006 (78851234.000.000) 2026-09-30 15:31:21 Image size of job updated: 1554756
	1519  -  MemoryUsage of job (MB)
	1554756  -  ResidentSetSize of job (KB)
...
006 (78851234.000.000) 2026-09-30 15:36:21 Image size of job updated: 1554780
	1519  -  MemoryUsage of job (MB)
	1554780  -  ResidentSetSize of job (KB)
...
006 (78851234.000.000) 2026-09-30 15:41:21 Image size of job updated: 1558624
	1523  -  MemoryUsage of job (MB)
	1558624  -  ResidentSetSize of job (KB)
...
006 (78851234.000.000) 2026-09-30 15:46:22 Image size of job updated: 1558752
	1523  -  MemoryUsage of job (MB)
	1558752  -  ResidentSetSize of job (KB)
...
006 (78851234.000.000) 2026-09-30 15:51:22 Image size of job updated: 1581476
	1543  -  MemoryUsage of job (MB)
	1579444  -  ResidentSetSize of job (KB)
...
006 (78851234.000.000) 2026-09-30 16:01:23 Image size of job updated: 1581612
	1544  -  MemoryUsage of job (MB)
	1580596  -  ResidentSetSize of job (KB)
...
006 (78851234.000.000) 2026-09-30 16:06:23 Image size of job updated: 1581612
	1544  -  MemoryUsage of job (MB)
	1580620  -  ResidentSetSize of job (KB)
...
006 (78851234.000.000) 2026-09-30 16:11:23 Image size of job updated: 1581872
	1545  -  MemoryUsage of job (MB)
	1581872  -  ResidentSetSize of job (KB)
...
006 (78851234.000.000) 2026-09-30 16:16:24 Image size of job updated: 1581880
	1545  -  MemoryUsage of job (MB)
	1581880  -  ResidentSetSize of job (KB)
...
006 (78851234.000.000) 2026-09-30 16:21:24 Image size of job updated: 1585580
	1547  -  MemoryUsage of job (MB)
	1584104  -  ResidentSetSize of job (KB)
...
006 (78851234.000.000) 2026-09-30 16:26:24 Image size of job updated: 1585580
	1547  -  MemoryUsage of job (MB)
	1584116  -  ResidentSetSize of job (KB)
...
006 (78851234.000.000) 2026-09-30 16:31:25 Image size of job updated: 1588580
	1551  -  MemoryUsage of job (MB)
	1587580  -  ResidentSetSize of job (KB)
...
006 (78851234.000.000) 2026-09-30 16:46:26 Image size of job updated: 1589808
	1553  -  MemoryUsage of job (MB)
	1589808  -  ResidentSetSize of job (KB)
...
006 (78851234.000.000) 2026-09-30 16:51:27 Image size of job updated: 1589824
	1553  -  MemoryUsage of job (MB)
	1589824  -  ResidentSetSize of job (KB)
...
006 (78851234.000.000) 2026-09-30 16:56:27 Image size of job updated: 1601576
	1565  -  MemoryUsage of job (MB)
	1601576  -  ResidentSetSize of job (KB)
...
006 (78851234.000.000) 2026-09-30 17:01:28 Image size of job updated: 1601592
	1565  -  MemoryUsage of job (MB)
	1601592  -  ResidentSetSize of job (KB)
...
006 (78851234.000.000) 2026-09-30 17:06:29 Image size of job updated: 1604820
	1567  -  MemoryUsage of job (MB)
	1603824  -  ResidentSetSize of job (KB)
...
006 (78851234.000.000) 2026-09-30 17:11:29 Image size of job updated: 1604820
	1567  -  MemoryUsage of job (MB)
	1603868  -  ResidentSetSize of job (KB)
...
006 (78851234.000.000) 2026-09-30 17:16:30 Image size of job updated: 1606504
	1569  -  MemoryUsage of job (MB)
	1606504  -  ResidentSetSize of job (KB)
...
006 (78851234.000.000) 2026-09-30 17:21:31 Image size of job updated: 1606516
	1569  -  MemoryUsage of job (MB)
	1606516  -  ResidentSetSize of job (KB)
...
006 (78851234.000.000) 2026-09-30 17:26:31 Image size of job updated: 1609576
	1571  -  MemoryUsage of job (MB)
	1608588  -  ResidentSetSize of job (KB)
...
006 (78851234.000.000) 2026-09-30 17:31:32 Image size of job updated: 1609576
	1571  -  MemoryUsage of job (MB)
	1608596  -  ResidentSetSize of job (KB)
...
006 (78851234.000.000) 2026-09-30 17:36:32 Image size of job updated: 1611804
	1575  -  MemoryUsage of job (MB)
	1611804  -  ResidentSetSize of job (KB)
...
006 (78851234.000.000) 2026-09-30 17:41:32 Image size of job updated: 1611816
	1575  -  MemoryUsage of job (MB)
	1611816  -  ResidentSetSize of job (KB)
...
006 (78851234.000.000) 2026-09-30 17:46:33 Image size of job updated: 1613520
	1575  -  MemoryUsage of job (MB)
	1612508  -  ResidentSetSize of job (KB)
...
006 (78851234.000.000) 2026-09-30 17:51:33 Image size of job updated: 1613520
	1575  -  MemoryUsage of job (MB)
	1612528  -  ResidentSetSize of job (KB)
...
006 (78851234.000.000) 2026-09-30 18:06:34 Image size of job updated: 1614476
	1575  -  MemoryUsage of job (MB)
	1612528  -  ResidentSetSize of job (KB)
...
006 (78851234.000.000) 2026-09-30 18:16:35 Image size of job updated: 1615440
	1576  -  MemoryUsage of job (MB)
	1613416  -  ResidentSetSize of job (KB)
...
006 (78851234.000.000) 2026-09-30 18:21:35 Image size of job updated: 1615440
	1576  -  MemoryUsage of job (MB)
	1613444  -  ResidentSetSize of job (KB)
...
006 (78851234.000.000) 2026-09-30 18:26:35 Image size of job updated: 1628856
	1591  -  MemoryUsage of job (MB)
	1628856  -  ResidentSetSize of job (KB)
...
006 (78851234.000.000) 2026-09-30 18:31:36 Image size of job updated: 1628868
	1591  -  MemoryUsage of job (MB)
	1628868  -  ResidentSetSize of job (KB)
...
006 (78851234.000.000) 2026-09-30 18:36:36 Image size of job updated: 1634188
	1591  -  MemoryUsage of job (MB)
	1629128  -  ResidentSetSize of job (KB)
...
006 (78851234.000.000) 2026-09-30 18:41:36 Image size of job updated: 1634188
	1591  -  MemoryUsage of job (MB)
	1629140  -  ResidentSetSize of job (KB)
...
006 (78851234.000.000) 2026-09-30 18:46:37 Image size of job updated: 1634188
	1596  -  MemoryUsage of job (MB)
	1633316  -  ResidentSetSize of job (KB)
...
006 (78851234.000.000) 2026-09-30 18:56:37 Image size of job updated: 1636960
	1597  -  MemoryUsage of job (MB)
	1634928  -  ResidentSetSize of job (KB)
...
006 (78851234.000.000) 2026-09-30 19:01:38 Image size of job updated: 1636960
	1597  -  MemoryUsage of job (MB)
	1634948  -  ResidentSetSize of job (KB)
...
006 (78851234.000.000) 2026-09-30 19:16:39 Image size of job updated: 1649020
	1610  -  MemoryUsage of job (MB)
	1648560  -  ResidentSetSize of job (KB)
...
006 (78851234.000.000) 2026-09-30 19:26:40 Image size of job updated: 1652340
	1613  -  MemoryUsage of job (MB)
	1651316  -  ResidentSetSize of job (KB)
...
006 (78851234.000.000) 2026-09-30 19:36:42 Image size of job updated: 1655144
	1615  -  MemoryUsage of job (MB)
	1653200  -  ResidentSetSize of job (KB)
...
006 (78851234.000.000) 2026-09-30 19:46:43 Image size of job updated: 1657268
	1619  -  MemoryUsage of job (MB)
	1657268  -  ResidentSetSize of job (KB)
...
006 (78851234.000.000) 2026-09-30 19:51:44 Image size of job updated: 1657276
	1619  -  MemoryUsage of job (MB)
	1657276  -  ResidentSetSize of job (KB)
...
006 (78851234.000.000) 2026-09-30 19:56:44 Image size of job updated: 1657284
	1619  -  MemoryUsage of job (MB)
	1657284  -  ResidentSetSize of job (KB)
...
006 (78851234.000.000) 2026-09-30 20:01:45 Image size of job updated: 1666844
	1628  -  MemoryUsage of job (MB)
	1666636  -  ResidentSetSize of job (KB)
...
006 (78851234.000.000) 2026-09-30 20:06:46 Image size of job updated: 1666844
	1628  -  MemoryUsage of job (MB)
	1666652  -  ResidentSetSize of job (KB)
...
006 (78851234.000.000) 2026-09-30 20:11:46 Image size of job updated: 1682528
	1643  -  MemoryUsage of job (MB)
	1681924  -  ResidentSetSize of job (KB)
...
006 (78851234.000.000) 2026-09-30 20:16:47 Image size of job updated: 1682528
	1643  -  MemoryUsage of job (MB)
	1681944  -  ResidentSetSize of job (KB)
...
006 (78851234.000.000) 2026-09-30 20:21:48 Image size of job updated: 1683912
	1643  -  MemoryUsage of job (MB)
	1681944  -  ResidentSetSize of job (KB)
...
006 (78851234.000.000) 2026-09-30 20:31:48 Image size of job updated: 1684652
	1643  -  MemoryUsage of job (MB)
	1681944  -  ResidentSetSize of job (KB)
...
006 (78851234.000.000) 2026-09-30 20:41:49 Image size of job updated: 1689684
	1645  -  MemoryUsage of job (MB)
	1683908  -  ResidentSetSize of job (KB)
...
006 (78851234.000.000) 2026-09-30 20:46:49 Image size of job updated: 1689684
	1645  -  MemoryUsage of job (MB)
	1683916  -  ResidentSetSize of job (KB)
...
006 (78851234.000.000) 2026-09-30 20:51:50 Image size of job updated: 1689684
	1648  -  MemoryUsage of job (MB)
	1686972  -  ResidentSetSize of job (KB)
...
006 (78851234.000.000) 2026-09-30 20:56:50 Image size of job updated: 1689684
	1650  -  MemoryUsage of job (MB)
	1689400  -  ResidentSetSize of job (KB)
...
006 (78851234.000.000) 2026-09-30 21:01:50 Image size of job updated: 1691436
	1650  -  MemoryUsage of job (MB)
	1689400  -  ResidentSetSize of job (KB)
...
006 (78851234.000.000) 2026-09-30 21:11:51 Image size of job updated: 1695544
	1653  -  MemoryUsage of job (MB)
	1692052  -  ResidentSetSize of job (KB)
...
006 (78851234.000.000) 2026-09-30 21:13:46 Image size of job updated: 1696572
	1653  -  MemoryUsage of job (MB)
	1692052  -  ResidentSetSize of job (KB)
...
005 (78851234.000.000) 2026-09-30 21:13:46 Job terminated.
	(1) Normal termination (return value 0)
		Usr 4 06:14:25, Sys 0 00:05:25  -  Run Remote Usage
		Usr 0 00:00:00, Sys 0 00:00:00  -  Run Local Usage
		Usr 4 06:14:25, Sys 0 00:05:25  -  Total Remote Usage
		Usr 0 00:00:00, Sys 0 00:00:00  -  Total Local Usage
	0  -  Run Bytes Sent By Job
	0  -  Run Bytes Received By Job
	0  -  Total Bytes Sent By Job
	0  -  Total Bytes Received By Job
	Partitionable Resources :    Usage  Request Allocated 
	   Cpus                 :    11.19        4         4 
	   Disk (KB)            : 25000       25000     28672 
	   GPUs                 :                           0 
	   Memory (MB)          :  1653        6000      6016 
	   TimeExecute (s)      : 31067                       
	   TimeSlotBusy (s)     : 31068                       
...
000 (78854872.000.000) 2026-10-03 17:21:23 Job submitted from host: <10.14.0.121:9618?addrs=10.14.0.121-9618&alias=ldas-pcdev12.ligo.caltech.edu&noUDP&sock=schedd_623140_c9b4>
...
001 (78854872.000.000) 2026-10-03 17:22:10 Job executing on host: <10.14.5.116:9618?addrs=10.14.5.116-9618&alias=node1116.cluster.ldas.cit&noUDP&sock=startd_141165_06e1>
	SlotName: slot1_3@node1116.cluster.ldas.cit
	CondorScratchDir = "/var/lib/condor/execute/dir_665716/scratch"
	Cpus = 4
	Disk = 28672
	GPUs = 0
	Memory = 6016
...
006 (78854872.000.000) 2026-10-03 17:22:19 Image size of job updated: 106680
	105  -  MemoryUsage of job (MB)
	106680  -  ResidentSetSize of job (KB)
...
006 (78854872.000.000) 2026-10-03 17:22:42 Image size of job updated: 485656
	105  -  MemoryUsage of job (MB)
	106680  -  ResidentSetSize of job (KB)
...
005 (78854872.000.000) 2026-10-03 17:22:42 Job terminated.
	(1) Normal termination (return value 0)
		Usr 0 00:00:18, Sys 0 00:00:01  -  Run Remote Usage
		Usr 0 00:00:00, Sys 0 00:00:00  -  Run Local Usage
		Usr 0 00:00:18, Sys 0 00:00:01  -  Total Remote Usage
		Usr 0 00:00:00, Sys 0 00:00:00  -  Total Local Usage
	0  -  Run Bytes Sent By Job
	0  -  Run Bytes Received By Job
	0  -  Total Bytes Sent By Job
	0  -  Total Bytes Received By Job
	Partitionable Resources :    Usage  Request Allocated 
	   Cpus                 :        0        4         4 
	   Disk (KB)            :    25000    25000     28672 
	   GPUs                 :                           0 
	   Memory (MB)          :      105     6000      6016 
	   TimeExecute (s)      :       32                    
	   TimeSlotBusy (s)     :       32                    
...
000 (78854906.000.000) 2026-10-03 21:36:50 Job submitted from host: <10.14.0.121:9618?addrs=10.14.0.121-9618&alias=ldas-pcdev12.ligo.caltech.edu&noUDP&sock=schedd_623140_c9b4>
...
001 (78854906.000.000) 2026-10-03 21:38:43 Job executing on host: <10.14.10.164:9618?addrs=10.14.10.164-9618&alias=node2414.cluster.ldas.cit&noUDP&sock=startd_2477260_e38a>
	SlotName: slot1_4@node2414.cluster.ldas.cit
	CondorScratchDir = "/var/lib/condor/execute/dir_2968022/scratch"
	Cpus = 4
	Disk = 28672
	GPUs = 0
	Memory = 6016
...
006 (78854906.000.000) 2026-10-03 21:38:52 Image size of job updated: 106316
	104  -  MemoryUsage of job (MB)
	106316  -  ResidentSetSize of job (KB)
...
006 (78854906.000.000) 2026-10-03 21:39:19 Image size of job updated: 485600
	104  -  MemoryUsage of job (MB)
	106316  -  ResidentSetSize of job (KB)
...
005 (78854906.000.000) 2026-10-03 21:39:19 Job terminated.
	(1) Normal termination (return value 0)
		Usr 0 00:00:23, Sys 0 00:00:01  -  Run Remote Usage
		Usr 0 00:00:00, Sys 0 00:00:00  -  Run Local Usage
		Usr 0 00:00:23, Sys 0 00:00:01  -  Total Remote Usage
		Usr 0 00:00:00, Sys 0 00:00:00  -  Total Local Usage
	0  -  Run Bytes Sent By Job
	0  -  Run Bytes Received By Job
	0  -  Total Bytes Sent By Job
	0  -  Total Bytes Received By Job
	Partitionable Resources :    Usage  Request Allocated 
	   Cpus                 :                 4         4 
	   Disk (KB)            :    25000    25000     28672 
	   GPUs                 :                           0 
	   Memory (MB)          :      104     6000      6016 
	   TimeExecute (s)      :       36                    
	   TimeSlotBusy (s)     :       37                    
...
000 (78855135.000.000) 2026-10-04 13:44:55 Job submitted from host: <10.14.0.121:9618?addrs=10.14.0.121-9618&alias=ldas-pcdev12.ligo.caltech.edu&noUDP&sock=schedd_623140_c9b4>
...
001 (78855135.000.000) 2026-10-04 13:49:17 Job executing on host: <10.14.5.161:9618?addrs=10.14.5.161-9618&alias=node1161.cluster.ldas.cit&noUDP&sock=startd_69976_4b4b>
	SlotName: slot1_2@node1161.cluster.ldas.cit
	CondorScratchDir = "/var/lib/condor/execute/dir_909739/scratch"
	Cpus = 4
	Disk = 28672
	GPUs = 0
	Memory = 6016
...
006 (78855135.000.000) 2026-10-04 13:49:26 Image size of job updated: 171512
	168  -  MemoryUsage of job (MB)
	171512  -  ResidentSetSize of job (KB)
...
006 (78855135.000.000) 2026-10-04 13:49:36 Image size of job updated: 485432
	168  -  MemoryUsage of job (MB)
	171512  -  ResidentSetSize of job (KB)
...
005 (78855135.000.000) 2026-10-04 13:49:37 Job terminated.
	(1) Normal termination (return value 0)
		Usr 0 00:00:16, Sys 0 00:00:00  -  Run Remote Usage
		Usr 0 00:00:00, Sys 0 00:00:00  -  Run Local Usage
		Usr 0 00:00:16, Sys 0 00:00:00  -  Total Remote Usage
		Usr 0 00:00:00, Sys 0 00:00:00  -  Total Local Usage
	0  -  Run Bytes Sent By Job
	0  -  Run Bytes Received By Job
	0  -  Total Bytes Sent By Job
	0  -  Total Bytes Received By Job
	Partitionable Resources :    Usage  Request Allocated 
	   Cpus                 :                 4         4 
	   Disk (KB)            :    25000    25000     28672 
	   GPUs                 :                           0 
	   Memory (MB)          :      168     6000      6016 
	   TimeExecute (s)      :       19                    
	   TimeSlotBusy (s)     :       19                    
...
