000 (78851234.010.000) 2026-09-30 12:35:31 Job submitted from host: <10.14.0.121:9618?addrs=10.14.0.121-9618&alias=ldas-pcdev12.ligo.caltech.edu&noUDP&sock=schedd_623140_c9b4>
...
001 (78851234.010.000) 2026-09-30 12:35:59 Job executing on host: <10.14.8.215:9618?addrs=10.14.8.215-9618&alias=node1965.cluster.ldas.cit&noUDP&sock=startd_3073833_5894>
	SlotName: slot1_2@node1965.cluster.ldas.cit
	CondorScratchDir = "/var/lib/condor/execute/dir_3120299/scratch"
	Cpus = 4
	Disk = 28672
	GPUs = 0
	Memory = 6016
...
006 (78851234.010.000) 2026-09-30 12:36:07 Image size of job updated: 149880
	147  -  MemoryUsage of job (MB)
	149880  -  ResidentSetSize of job (KB)
...
006 (78851234.010.000) 2026-09-30 12:41:07 Image size of job updated: 305692
	299  -  MemoryUsage of job (MB)
	305692  -  ResidentSetSize of job (KB)
...
006 (78851234.010.000) 2026-09-30 12:46:08 Image size of job updated: 307360
	301  -  MemoryUsage of job (MB)
	307360  -  ResidentSetSize of job (KB)
...
006 (78851234.010.000) 2026-09-30 12:51:08 Image size of job updated: 419712
	410  -  MemoryUsage of job (MB)
	419712  -  ResidentSetSize of job (KB)
...
006 (78851234.010.000) 2026-09-30 12:56:09 Image size of job updated: 425484
	416  -  MemoryUsage of job (MB)
	425484  -  ResidentSetSize of job (KB)
...
006 (78851234.010.000) 2026-09-30 13:01:10 Image size of job updated: 601472
	588  -  MemoryUsage of job (MB)
	601472  -  ResidentSetSize of job (KB)
...
006 (78851234.010.000) 2026-09-30 13:06:10 Image size of job updated: 857560
	838  -  MemoryUsage of job (MB)
	857560  -  ResidentSetSize of job (KB)
...
006 (78851234.010.000) 2026-09-30 13:11:11 Image size of job updated: 1087988
	1063  -  MemoryUsage of job (MB)
	1087988  -  ResidentSetSize of job (KB)
...
006 (78851234.010.000) 2026-09-30 13:16:11 Image size of job updated: 1332728
	1302  -  MemoryUsage of job (MB)
	1332728  -  ResidentSetSize of job (KB)
...
006 (78851234.010.000) 2026-09-30 13:21:12 Image size of job updated: 1452356
	1419  -  MemoryUsage of job (MB)
	1452356  -  ResidentSetSize of job (KB)
...
006 (78851234.010.000) 2026-09-30 13:26:12 Image size of job updated: 1452496
	1419  -  MemoryUsage of job (MB)
	1452496  -  ResidentSetSize of job (KB)
...
006 (78851234.010.000) 2026-09-30 13:31:13 Image size of job updated: 1456308
	1423  -  MemoryUsage of job (MB)
	1456308  -  ResidentSetSize of job (KB)
...
006 (78851234.010.000) 2026-09-30 13:36:13 Image size of job updated: 1456444
	1423  -  MemoryUsage of job (MB)
	1456444  -  ResidentSetSize of job (KB)
...
006 (78851234.010.000) 2026-09-30 13:41:14 Image size of job updated: 1463444
	1430  -  MemoryUsage of job (MB)
	1463444  -  ResidentSetSize of job (KB)
...
006 (78851234.010.000) 2026-09-30 13:46:14 Image size of job updated: 1463536
	1430  -  MemoryUsage of job (MB)
	1463536  -  ResidentSetSize of job (KB)
...
006 (78851234.010.000) 2026-09-30 13:51:15 Image size of job updated: 1465360
	1432  -  MemoryUsage of job (MB)
	1465360  -  ResidentSetSize of job (KB)
...
006 (78851234.010.000) 2026-09-30 13:56:15 Image size of job updated: 1465432
	1432  -  MemoryUsage of job (MB)
	1465432  -  ResidentSetSize of job (KB)
...
006 (78851234.010.000) 2026-09-30 14:01:16 Image size of job updated: 1476504
	1442  -  MemoryUsage of job (MB)
	1476504  -  ResidentSetSize of job (KB)
...
006 (78851234.010.000) 2026-09-30 14:06:16 Image size of job updated: 1476564
	1442  -  MemoryUsage of job (MB)
	1476564  -  ResidentSetSize of job (KB)
...
006 (78851234.010.000) 2026-09-30 14:11:17 Image size of job updated: 1478888
	1445  -  MemoryUsage of job (MB)
	1478888  -  ResidentSetSize of job (KB)
...
006 (78851234.010.000) 2026-09-30 14:16:17 Image size of job updated: 1478928
	1445  -  MemoryUsage of job (MB)
	1478928  -  ResidentSetSize of job (KB)
...
006 (78851234.010.000) 2026-09-30 14:21:18 Image size of job updated: 1480504
	1446  -  MemoryUsage of job (MB)
	1480504  -  ResidentSetSize of job (KB)
...
006 (78851234.010.000) 2026-09-30 14:26:19 Image size of job updated: 1480568
	1446  -  MemoryUsage of job (MB)
	1480568  -  ResidentSetSize of job (KB)
...
006 (78851234.010.000) 2026-09-30 14:31:19 Image size of job updated: 1489448
	1455  -  MemoryUsage of job (MB)
	1489448  -  ResidentSetSize of job (KB)
...
006 (78851234.010.000) 2026-09-30 14:36:20 Image size of job updated: 1489488
	1455  -  MemoryUsage of job (MB)
	1489488  -  ResidentSetSize of job (KB)
...
006 (78851234.010.000) 2026-09-30 14:41:20 Image size of job updated: 1491604
	1457  -  MemoryUsage of job (MB)
	1491604  -  ResidentSetSize of job (KB)
...
006 (78851234.010.000) 2026-09-30 14:46:21 Image size of job updated: 1491644
	1457  -  MemoryUsage of job (MB)
	1491644  -  ResidentSetSize of job (KB)
...
006 (78851234.010.000) 2026-09-30 14:51:21 Image size of job updated: 1494632
	1460  -  MemoryUsage of job (MB)
	1494632  -  ResidentSetSize of job (KB)
...
006 (78851234.010.000) 2026-09-30 14:56:22 Image size of job updated: 1494676
	1460  -  MemoryUsage of job (MB)
	1494676  -  ResidentSetSize of job (KB)
...
006 (78851234.010.000) 2026-09-30 15:01:22 Image size of job updated: 1500064
	1462  -  MemoryUsage of job (MB)
	1497020  -  ResidentSetSize of job (KB)
...
006 (78851234.010.000) 2026-09-30 15:06:23 Image size of job updated: 1500064
	1463  -  MemoryUsage of job (MB)
	1497120  -  ResidentSetSize of job (KB)
...
006 (78851234.010.000) 2026-09-30 15:11:23 Image size of job updated: 1516892
	1482  -  MemoryUsage of job (MB)
	1516892  -  ResidentSetSize of job (KB)
...
006 (78851234.010.000) 2026-09-30 15:16:24 Image size of job updated: 1516908
	1482  -  MemoryUsage of job (MB)
	1516908  -  ResidentSetSize of job (KB)
...
006 (78851234.010.000) 2026-09-30 15:21:24 Image size of job updated: 1523060
	1488  -  MemoryUsage of job (MB)
	1523060  -  ResidentSetSize of job (KB)
...
006 (78851234.010.000) 2026-09-30 15:26:25 Image size of job updated: 1523096
	1488  -  MemoryUsage of job (MB)
	1523096  -  ResidentSetSize of job (KB)
...
006 (78851234.010.000) 2026-09-30 15:31:25 Image size of job updated: 1523128
	1488  -  MemoryUsage of job (MB)
	1523128  -  ResidentSetSize of job (KB)
...
006 (78851234.010.000) 2026-09-30 15:36:26 Image size of job updated: 1523144
	1488  -  MemoryUsage of job (MB)
	1523144  -  ResidentSetSize of job (KB)
...
006 (78851234.010.000) 2026-09-30 15:41:26 Image size of job updated: 1523176
	1488  -  MemoryUsage of job (MB)
	1523176  -  ResidentSetSize of job (KB)
...
006 (78851234.010.000) 2026-09-30 15:46:26 Image size of job updated: 1525848
	1489  -  MemoryUsage of job (MB)
	1524200  -  ResidentSetSize of job (KB)
...
006 (78851234.010.000) 2026-09-30 15:51:27 Image size of job updated: 1525848
	1489  -  MemoryUsage of job (MB)
	1524232  -  ResidentSetSize of job (KB)
...
006 (78851234.010.000) 2026-09-30 15:56:27 Image size of job updated: 1527304
	1492  -  MemoryUsage of job (MB)
	1527304  -  ResidentSetSize of job (KB)
...
006 (78851234.010.000) 2026-09-30 16:01:28 Image size of job updated: 1527316
	1492  -  MemoryUsage of job (MB)
	1527316  -  ResidentSetSize of job (KB)
...
006 (78851234.010.000) 2026-09-30 16:06:28 Image size of job updated: 1528404
	1493  -  MemoryUsage of job (MB)
	1528404  -  ResidentSetSize of job (KB)
...
006 (78851234.010.000) 2026-09-30 16:11:29 Image size of job updated: 1528436
	1493  -  MemoryUsage of job (MB)
	1528436  -  ResidentSetSize of job (KB)
...
006 (78851234.010.000) 2026-09-30 16:16:29 Image size of job updated: 1529480
	1494  -  MemoryUsage of job (MB)
	1529480  -  ResidentSetSize of job (KB)
...
006 (78851234.010.000) 2026-09-30 16:21:30 Image size of job updated: 1529524
	1494  -  MemoryUsage of job (MB)
	1529524  -  ResidentSetSize of job (KB)
...
006 (78851234.010.000) 2026-09-30 16:26:30 Image size of job updated: 1533684
	1498  -  MemoryUsage of job (MB)
	1533684  -  ResidentSetSize of job (KB)
...
006 (78851234.010.000) 2026-09-30 16:31:31 Image size of job updated: 1533708
	1498  -  MemoryUsage of job (MB)
	1533708  -  ResidentSetSize of job (KB)
...
006 (78851234.010.000) 2026-09-30 16:36:31 Image size of job updated: 1534744
	1499  -  MemoryUsage of job (MB)
	1534744  -  ResidentSetSize of job (KB)
...
006 (78851234.010.000) 2026-09-30 16:41:32 Image size of job updated: 1534768
	1499  -  MemoryUsage of job (MB)
	1534768  -  ResidentSetSize of job (KB)
...
006 (78851234.010.000) 2026-09-30 16:46:32 Image size of job updated: 1534800
	1499  -  MemoryUsage of job (MB)
	1534800  -  ResidentSetSize of job (KB)
...
006 (78851234.010.000) 2026-09-30 16:51:33 Image size of job updated: 1534812
	1499  -  MemoryUsage of job (MB)
	1534812  -  ResidentSetSize of job (KB)
...
006 (78851234.010.000) 2026-09-30 16:56:33 Image size of job updated: 1537868
	1502  -  MemoryUsage of job (MB)
	1537868  -  ResidentSetSize of job (KB)
...
006 (78851234.010.000) 2026-09-30 17:01:34 Image size of job updated: 1537900
	1502  -  MemoryUsage of job (MB)
	1537900  -  ResidentSetSize of job (KB)
...
006 (78851234.010.000) 2026-09-30 17:06:34 Image size of job updated: 1538924
	1503  -  MemoryUsage of job (MB)
	1538924  -  ResidentSetSize of job (KB)
...
006 (78851234.010.000) 2026-09-30 17:11:35 Image size of job updated: 1538940
	1503  -  MemoryUsage of job (MB)
	1538940  -  ResidentSetSize of job (KB)
...
006 (78851234.010.000) 2026-09-30 17:16:35 Image size of job updated: 1539988
	1504  -  MemoryUsage of job (MB)
	1539988  -  ResidentSetSize of job (KB)
...
006 (78851234.010.000) 2026-09-30 17:21:36 Image size of job updated: 1539996
	1504  -  MemoryUsage of job (MB)
	1539996  -  ResidentSetSize of job (KB)
...
006 (78851234.010.000) 2026-09-30 17:26:36 Image size of job updated: 1540008
	1504  -  MemoryUsage of job (MB)
	1540008  -  ResidentSetSize of job (KB)
...
006 (78851234.010.000) 2026-09-30 17:31:37 Image size of job updated: 1540016
	1504  -  MemoryUsage of job (MB)
	1540016  -  ResidentSetSize of job (KB)
...
006 (78851234.010.000) 2026-09-30 17:36:37 Image size of job updated: 1545096
	1509  -  MemoryUsage of job (MB)
	1545096  -  ResidentSetSize of job (KB)
...
006 (78851234.010.000) 2026-09-30 17:41:38 Image size of job updated: 1545112
	1509  -  MemoryUsage of job (MB)
	1545112  -  ResidentSetSize of job (KB)
...
006 (78851234.010.000) 2026-09-30 17:46:38 Image size of job updated: 1545128
	1509  -  MemoryUsage of job (MB)
	1545128  -  ResidentSetSize of job (KB)
...
006 (78851234.010.000) 2026-09-30 17:51:39 Image size of job updated: 1545140
	1509  -  MemoryUsage of job (MB)
	1545140  -  ResidentSetSize of job (KB)
...
006 (78851234.010.000) 2026-09-30 17:56:39 Image size of job updated: 1546176
	1510  -  MemoryUsage of job (MB)
	1546176  -  ResidentSetSize of job (KB)
...
006 (78851234.010.000) 2026-09-30 18:01:40 Image size of job updated: 1547156
	1511  -  MemoryUsage of job (MB)
	1547156  -  ResidentSetSize of job (KB)
...
006 (78851234.010.000) 2026-09-30 18:06:40 Image size of job updated: 1547164
	1511  -  MemoryUsage of job (MB)
	1547164  -  ResidentSetSize of job (KB)
...
006 (78851234.010.000) 2026-09-30 18:11:40 Image size of job updated: 1553044
	1517  -  MemoryUsage of job (MB)
	1553044  -  ResidentSetSize of job (KB)
...
006 (78851234.010.000) 2026-09-30 18:16:41 Image size of job updated: 1553052
	1517  -  MemoryUsage of job (MB)
	1553052  -  ResidentSetSize of job (KB)
...
006 (78851234.010.000) 2026-09-30 18:21:41 Image size of job updated: 1554076
	1518  -  MemoryUsage of job (MB)
	1554076  -  ResidentSetSize of job (KB)
...
006 (78851234.010.000) 2026-09-30 18:26:42 Image size of job updated: 1554088
	1518  -  MemoryUsage of job (MB)
	1554088  -  ResidentSetSize of job (KB)
...
006 (78851234.010.000) 2026-09-30 18:31:42 Image size of job updated: 1555112
	1519  -  MemoryUsage of job (MB)
	1555112  -  ResidentSetSize of job (KB)
...
006 (78851234.010.000) 2026-09-30 18:36:43 Image size of job updated: 1555128
	1519  -  MemoryUsage of job (MB)
	1555128  -  ResidentSetSize of job (KB)
...
006 (78851234.010.000) 2026-09-30 18:41:43 Image size of job updated: 1556148
	1520  -  MemoryUsage of job (MB)
	1556148  -  ResidentSetSize of job (KB)
...
006 (78851234.010.000) 2026-09-30 18:46:44 Image size of job updated: 1556256
	1520  -  MemoryUsage of job (MB)
	1556256  -  ResidentSetSize of job (KB)
...
006 (78851234.010.000) 2026-09-30 18:51:44 Image size of job updated: 1558768
	1523  -  MemoryUsage of job (MB)
	1558768  -  ResidentSetSize of job (KB)
...
006 (78851234.010.000) 2026-09-30 18:56:45 Image size of job updated: 1558776
	1523  -  MemoryUsage of job (MB)
	1558776  -  ResidentSetSize of job (KB)
...
006 (78851234.010.000) 2026-09-30 19:01:45 Image size of job updated: 1566472
	1530  -  MemoryUsage of job (MB)
	1566472  -  ResidentSetSize of job (KB)
...
006 (78851234.010.000) 2026-09-30 19:06:46 Image size of job updated: 1566488
	1530  -  MemoryUsage of job (MB)
	1566488  -  ResidentSetSize of job (KB)
...
006 (78851234.010.000) 2026-09-30 19:11:46 Image size of job updated: 1575872
	1539  -  MemoryUsage of job (MB)
	1575872  -  ResidentSetSize of job (KB)
...
006 (78851234.010.000) 2026-09-30 19:16:47 Image size of job updated: 1575880
	1539  -  MemoryUsage of job (MB)
	1575880  -  ResidentSetSize of job (KB)
...
006 (78851234.010.000) 2026-09-30 19:21:47 Image size of job updated: 1577916
	1541  -  MemoryUsage of job (MB)
	1577916  -  ResidentSetSize of job (KB)
...
006 (78851234.010.000) 2026-09-30 19:26:48 Image size of job updated: 1577936
	1541  -  MemoryUsage of job (MB)
	1577936  -  ResidentSetSize of job (KB)
...
006 (78851234.010.000) 2026-09-30 19:31:48 Image size of job updated: 1588820
	1551  -  MemoryUsage of job (MB)
	1587824  -  ResidentSetSize of job (KB)
...
006 (78851234.010.000) 2026-09-30 19:36:49 Image size of job updated: 1588820
	1551  -  MemoryUsage of job (MB)
	1587836  -  ResidentSetSize of job (KB)
...
006 (78851234.010.000) 2026-09-30 19:41:50 Image size of job updated: 1590864
	1554  -  MemoryUsage of job (MB)
	1590864  -  ResidentSetSize of job (KB)
...
006 (78851234.010.000) 2026-09-30 19:46:50 Image size of job updated: 1590876
	1554  -  MemoryUsage of job (MB)
	1590876  -  ResidentSetSize of job (KB)
...
006 (78851234.010.000) 2026-09-30 19:51:51 Image size of job updated: 1593096
	1556  -  MemoryUsage of job (MB)
	1593096  -  ResidentSetSize of job (KB)
...
006 (78851234.010.000) 2026-09-30 19:56:51 Image size of job updated: 1593116
	1556  -  MemoryUsage of job (MB)
	1593116  -  ResidentSetSize of job (KB)
...
006 (78851234.010.000) 2026-09-30 20:01:52 Image size of job updated: 1593140
	1556  -  MemoryUsage of job (MB)
	1593140  -  ResidentSetSize of job (KB)
...
006 (78851234.010.000) 2026-09-30 20:06:52 Image size of job updated: 1593152
	1556  -  MemoryUsage of job (MB)
	1593152  -  ResidentSetSize of job (KB)
...
006 (78851234.010.000) 2026-09-30 20:11:53 Image size of job updated: 1593164
	1556  -  MemoryUsage of job (MB)
	1593164  -  ResidentSetSize of job (KB)
...
006 (78851234.010.000) 2026-09-30 20:16:53 Image size of job updated: 1595172
	1557  -  MemoryUsage of job (MB)
	1594160  -  ResidentSetSize of job (KB)
...
006 (78851234.010.000) 2026-09-30 20:21:54 Image size of job updated: 1595172
	1557  -  MemoryUsage of job (MB)
	1594176  -  ResidentSetSize of job (KB)
...
006 (78851234.010.000) 2026-09-30 20:26:54 Image size of job updated: 1595208
	1558  -  MemoryUsage of job (MB)
	1595196  -  ResidentSetSize of job (KB)
...
006 (78851234.010.000) 2026-09-30 20:31:55 Image size of job updated: 1595212
	1558  -  MemoryUsage of job (MB)
	1595212  -  ResidentSetSize of job (KB)
...
006 (78851234.010.000) 2026-09-30 20:36:55 Image size of job updated: 1597236
	1560  -  MemoryUsage of job (MB)
	1597236  -  ResidentSetSize of job (KB)
...
006 (78851234.010.000) 2026-09-30 20:41:56 Image size of job updated: 1597256
	1560  -  MemoryUsage of job (MB)
	1597256  -  ResidentSetSize of job (KB)
...
006 (78851234.010.000) 2026-09-30 20:46:57 Image size of job updated: 1602600
	1566  -  MemoryUsage of job (MB)
	1602600  -  ResidentSetSize of job (KB)
...
006 (78851234.010.000) 2026-09-30 20:51:57 Image size of job updated: 1602616
	1566  -  MemoryUsage of job (MB)
	1602616  -  ResidentSetSize of job (KB)
...
006 (78851234.010.000) 2026-09-30 20:56:58 Image size of job updated: 1605180
	1568  -  MemoryUsage of job (MB)
	1605180  -  ResidentSetSize of job (KB)
...
006 (78851234.010.000) 2026-09-30 21:01:58 Image size of job updated: 1605200
	1568  -  MemoryUsage of job (MB)
	1605200  -  ResidentSetSize of job (KB)
...
006 (78851234.010.000) 2026-09-30 21:06:59 Image size of job updated: 1606076
	1569  -  MemoryUsage of job (MB)
	1606076  -  ResidentSetSize of job (KB)
...
006 (78851234.010.000) 2026-09-30 21:11:59 Image size of job updated: 1606096
	1569  -  MemoryUsage of job (MB)
	1606096  -  ResidentSetSize of job (KB)
...
006 (78851234.010.000) 2026-09-30 21:17:00 Image size of job updated: 1608288
	1571  -  MemoryUsage of job (MB)
	1608288  -  ResidentSetSize of job (KB)
...
006 (78851234.010.000) 2026-09-30 21:22:00 Image size of job updated: 1608312
	1571  -  MemoryUsage of job (MB)
	1608312  -  ResidentSetSize of job (KB)
...
006 (78851234.010.000) 2026-09-30 21:27:01 Image size of job updated: 1609640
	1572  -  MemoryUsage of job (MB)
	1609640  -  ResidentSetSize of job (KB)
...
006 (78851234.010.000) 2026-09-30 21:32:01 Image size of job updated: 1609660
	1572  -  MemoryUsage of job (MB)
	1609660  -  ResidentSetSize of job (KB)
...
006 (78851234.010.000) 2026-09-30 21:37:02 Image size of job updated: 1611760
	1574  -  MemoryUsage of job (MB)
	1611760  -  ResidentSetSize of job (KB)
...
006 (78851234.010.000) 2026-09-30 21:42:02 Image size of job updated: 1611780
	1575  -  MemoryUsage of job (MB)
	1611780  -  ResidentSetSize of job (KB)
...
006 (78851234.010.000) 2026-09-30 21:47:03 Image size of job updated: 1620028
	1583  -  MemoryUsage of job (MB)
	1620028  -  ResidentSetSize of job (KB)
...
006 (78851234.010.000) 2026-09-30 21:52:03 Image size of job updated: 1620044
	1583  -  MemoryUsage of job (MB)
	1620044  -  ResidentSetSize of job (KB)
...
006 (78851234.010.000) 2026-09-30 21:57:04 Image size of job updated: 1623776
	1586  -  MemoryUsage of job (MB)
	1623776  -  ResidentSetSize of job (KB)
...
006 (78851234.010.000) 2026-09-30 22:02:04 Image size of job updated: 1623800
	1586  -  MemoryUsage of job (MB)
	1623800  -  ResidentSetSize of job (KB)
...
006 (78851234.010.000) 2026-09-30 22:07:04 Image size of job updated: 1623824
	1586  -  MemoryUsage of job (MB)
	1623824  -  ResidentSetSize of job (KB)
...
006 (78851234.010.000) 2026-09-30 22:12:05 Image size of job updated: 1624852
	1587  -  MemoryUsage of job (MB)
	1624852  -  ResidentSetSize of job (KB)
...
006 (78851234.010.000) 2026-09-30 22:17:05 Image size of job updated: 1624876
	1587  -  MemoryUsage of job (MB)
	1624876  -  ResidentSetSize of job (KB)
...
006 (78851234.010.000) 2026-09-30 22:22:06 Image size of job updated: 1630188
	1592  -  MemoryUsage of job (MB)
	1629692  -  ResidentSetSize of job (KB)
...
006 (78851234.010.000) 2026-09-30 22:27:06 Image size of job updated: 1630188
	1592  -  MemoryUsage of job (MB)
	1629716  -  ResidentSetSize of job (KB)
...
006 (78851234.010.000) 2026-09-30 22:32:07 Image size of job updated: 1632748
	1595  -  MemoryUsage of job (MB)
	1632748  -  ResidentSetSize of job (KB)
...
006 (78851234.010.000) 2026-09-30 22:37:07 Image size of job updated: 1632780
	1595  -  MemoryUsage of job (MB)
	1632780  -  ResidentSetSize of job (KB)
...
006 (78851234.010.000) 2026-09-30 22:42:08 Image size of job updated: 1635804
	1597  -  MemoryUsage of job (MB)
	1634800  -  ResidentSetSize of job (KB)
...
006 (78851234.010.000) 2026-09-30 22:47:08 Image size of job updated: 1635804
	1597  -  MemoryUsage of job (MB)
	1634832  -  ResidentSetSize of job (KB)
...
006 (78851234.010.000) 2026-09-30 22:52:09 Image size of job updated: 1637412
	1600  -  MemoryUsage of job (MB)
	1637412  -  ResidentSetSize of job (KB)
...
006 (78851234.010.000) 2026-09-30 22:57:09 Image size of job updated: 1637440
	1600  -  MemoryUsage of job (MB)
	1637440  -  ResidentSetSize of job (KB)
...
006 (78851234.010.000) 2026-09-30 23:02:09 Image size of job updated: 1640020
	1602  -  MemoryUsage of job (MB)
	1640020  -  ResidentSetSize of job (KB)
...
006 (78851234.010.000) 2026-09-30 23:07:10 Image size of job updated: 1640120
	1602  -  MemoryUsage of job (MB)
	1640120  -  ResidentSetSize of job (KB)
...
006 (78851234.010.000) 2026-09-30 23:12:10 Image size of job updated: 1642564
	1603  -  MemoryUsage of job (MB)
	1640532  -  ResidentSetSize of job (KB)
...
006 (78851234.010.000) 2026-09-30 23:17:11 Image size of job updated: 1642564
	1603  -  MemoryUsage of job (MB)
	1640580  -  ResidentSetSize of job (KB)
...
006 (78851234.010.000) 2026-09-30 23:22:11 Image size of job updated: 1643900
	1605  -  MemoryUsage of job (MB)
	1642952  -  ResidentSetSize of job (KB)
...
006 (78851234.010.000) 2026-09-30 23:27:12 Image size of job updated: 1643900
	1605  -  MemoryUsage of job (MB)
	1642988  -  ResidentSetSize of job (KB)
...
006 (78851234.010.000) 2026-09-30 23:32:12 Image size of job updated: 1645652
	1606  -  MemoryUsage of job (MB)
	1643612  -  ResidentSetSize of job (KB)
...
006 (78851234.010.000) 2026-09-30 23:37:13 Image size of job updated: 1645652
	1606  -  MemoryUsage of job (MB)
	1643652  -  ResidentSetSize of job (KB)
...
006 (78851234.010.000) 2026-09-30 23:42:13 Image size of job updated: 1654180
	1613  -  MemoryUsage of job (MB)
	1651148  -  ResidentSetSize of job (KB)
...
006 (78851234.010.000) 2026-09-30 23:47:14 Image size of job updated: 1654180
	1613  -  MemoryUsage of job (MB)
	1651244  -  ResidentSetSize of job (KB)
...
006 (78851234.010.000) 2026-09-30 23:52:15 Image size of job updated: 1654652
	1615  -  MemoryUsage of job (MB)
	1652956  -  ResidentSetSize of job (KB)
...
006 (78851234.010.000) 2026-09-30 23:57:15 Image size of job updated: 1654652
	1615  -  MemoryUsage of job (MB)
	1652984  -  ResidentSetSize of job (KB)
...
006 (78851234.010.000) 2026-10-01 00:02:16 Image size of job updated: 1655732
	1617  -  MemoryUsage of job (MB)
	1655732  -  ResidentSetSize of job (KB)
...
006 (78851234.010.000) 2026-10-01 00:07:16 Image size of job updated: 1655760
	1617  -  MemoryUsage of job (MB)
	1655760  -  ResidentSetSize of job (KB)
...
006 (78851234.010.000) 2026-10-01 00:12:17 Image size of job updated: 1661268
	1618  -  MemoryUsage of job (MB)
	1656544  -  ResidentSetSize of job (KB)
...
006 (78851234.010.000) 2026-10-01 00:17:17 Image size of job updated: 1661268
	1618  -  MemoryUsage of job (MB)
	1656580  -  ResidentSetSize of job (KB)
...
006 (78851234.010.000) 2026-10-01 00:22:18 Image size of job updated: 1664860
	1626  -  MemoryUsage of job (MB)
	1664860  -  ResidentSetSize of job (KB)
...
006 (78851234.010.000) 2026-10-01 00:25:02 Image size of job updated: 1665064
	1626  -  MemoryUsage of job (MB)
	1664860  -  ResidentSetSize of job (KB)
...
005 (78851234.010.000) 2026-10-01 00:25:03 Job terminated.
	(1) Normal termination (return value 0)
		Usr 2 09:31:10, Sys 0 00:06:11  -  Run Remote Usage
		Usr 0 00:00:00, Sys 0 00:00:00  -  Run Local Usage
		Usr 2 09:31:10, Sys 0 00:06:11  -  Total Remote Usage
		Usr 0 00:00:00, Sys 0 00:00:00  -  Total Local Usage
	0  -  Run Bytes Sent By Job
	0  -  Run Bytes Received By Job
	0  -  Total Bytes Sent By Job
	0  -  Total Bytes Received By Job
	Partitionable Resources :    Usage  Request Allocated 
	   Cpus                 :     1.03        4         4 
	   Disk (KB)            : 25000       25000     28672 
	   GPUs                 :                           0 
	   Memory (MB)          :  1626        6000      6016 
	   TimeExecute (s)      : 42543                       
	   TimeSlotBusy (s)     : 42544                       
...
000 (78854872.010.000) 2026-10-03 17:21:23 Job submitted from host: <10.14.0.121:9618?addrs=10.14.0.121-9618&alias=ldas-pcdev12.ligo.caltech.edu&noUDP&sock=schedd_623140_c9b4>
...
001 (78854872.010.000) 2026-10-03 17:22:10 Job executing on host: <10.14.7.24:9618?addrs=10.14.7.24-9618&alias=node1524.cluster.ldas.cit&noUDP&sock=startd_29261_30ce>
	SlotName: slot1_2@node1524.cluster.ldas.cit
	CondorScratchDir = "/var/lib/condor/execute/dir_661781/scratch"
	Cpus = 4
	Disk = 28672
	GPUs = 0
	Memory = 6016
...
006 (78854872.010.000) 2026-10-03 17:22:19 Image size of job updated: 146020
	143  -  MemoryUsage of job (MB)
	146020  -  ResidentSetSize of job (KB)
...
006 (78854872.010.000) 2026-10-03 17:22:34 Image size of job updated: 486120
	143  -  MemoryUsage of job (MB)
	146092  -  ResidentSetSize of job (KB)
...
005 (78854872.010.000) 2026-10-03 17:22:34 Job terminated.
	(1) Normal termination (return value 0)
		Usr 0 00:00:17, Sys 0 00:00:00  -  Run Remote Usage
		Usr 0 00:00:00, Sys 0 00:00:00  -  Run Local Usage
		Usr 0 00:00:17, Sys 0 00:00:00  -  Total Remote Usage
		Usr 0 00:00:00, Sys 0 00:00:00  -  Total Local Usage
	0  -  Run Bytes Sent By Job
	0  -  Run Bytes Received By Job
	0  -  Total Bytes Sent By Job
	0  -  Total Bytes Received By Job
	Partitionable Resources :    Usage  Request Allocated 
	   Cpus                 :        0        4         4 
	   Disk (KB)            :    25000    25000     28672 
	   GPUs                 :                           0 
	   Memory (MB)          :      143     6000      6016 
	   TimeExecute (s)      :       24                    
	   TimeSlotBusy (s)     :       24                    
...
000 (78854906.010.000) 2026-10-03 21:36:50 Job submitted from host: <10.14.0.121:9618?addrs=10.14.0.121-9618&alias=ldas-pcdev12.ligo.caltech.edu&noUDP&sock=schedd_623140_c9b4>
...
001 (78854906.010.000) 2026-10-03 21:38:41 Job executing on host: <10.14.8.246:9618?addrs=10.14.8.246-9618&alias=node1996.cluster.ldas.cit&noUDP&sock=startd_33453_8dd1>
	SlotName: slot1_2@node1996.cluster.ldas.cit
	CondorScratchDir = "/var/lib/condor/execute/dir_369357/scratch"
	Cpus = 4
	Disk = 28672
	GPUs = 0
	Memory = 6016
...
006 (78854906.010.000) 2026-10-03 21:38:50 Image size of job updated: 483624
	473  -  MemoryUsage of job (MB)
	483624  -  ResidentSetSize of job (KB)
...
006 (78854906.010.000) 2026-10-03 21:38:55 Image size of job updated: 485560
	473  -  MemoryUsage of job (MB)
	483624  -  ResidentSetSize of job (KB)
...
005 (78854906.010.000) 2026-10-03 21:38:55 Job terminated.
	(1) Normal termination (return value 0)
		Usr 0 00:00:11, Sys 0 00:00:00  -  Run Remote Usage
		Usr 0 00:00:00, Sys 0 00:00:00  -  Run Local Usage
		Usr 0 00:00:11, Sys 0 00:00:00  -  Total Remote Usage
		Usr 0 00:00:00, Sys 0 00:00:00  -  Total Local Usage
	0  -  Run Bytes Sent By Job
	0  -  Run Bytes Received By Job
	0  -  Total Bytes Sent By Job
	0  -  Total Bytes Received By Job
	Partitionable Resources :    Usage  Request Allocated 
	   Cpus                 :        0        4         4 
	   Disk (KB)            :    25000    25000     28672 
	   GPUs                 :                           0 
	   Memory (MB)          :      473     6000      6016 
	   TimeExecute (s)      :       14                    
	   TimeSlotBusy (s)     :       14                    
...
000 (78855135.010.000) 2026-10-04 13:44:55 Job submitted from host: <10.14.0.121:9618?addrs=10.14.0.121-9618&alias=ldas-pcdev12.ligo.caltech.edu&noUDP&sock=schedd_623140_c9b4>
...
001 (78855135.010.000) 2026-10-04 13:49:18 Job executing on host: <10.14.5.115:9618?addrs=10.14.5.115-9618&alias=node1115.cluster.ldas.cit&noUDP&sock=startd_73399_2ffa>
	SlotName: slot1_3@node1115.cluster.ldas.cit
	CondorScratchDir = "/var/lib/condor/execute/dir_933741/scratch"
	Cpus = 4
	Disk = 28672
	GPUs = 0
	Memory = 6016
...
006 (78855135.010.000) 2026-10-04 13:49:26 Image size of job updated: 106628
	105  -  MemoryUsage of job (MB)
	106628  -  ResidentSetSize of job (KB)
...
006 (78855135.010.000) 2026-10-04 13:49:50 Image size of job updated: 486252
	105  -  MemoryUsage of job (MB)
	106632  -  ResidentSetSize of job (KB)
...
005 (78855135.010.000) 2026-10-04 13:49:50 Job terminated.
	(1) Normal termination (return value 0)
		Usr 0 00:00:19, Sys 0 00:00:01  -  Run Remote Usage
		Usr 0 00:00:00, Sys 0 00:00:00  -  Run Local Usage
		Usr 0 00:00:19, Sys 0 00:00:01  -  Total Remote Usage
		Usr 0 00:00:00, Sys 0 00:00:00  -  Total Local Usage
	0  -  Run Bytes Sent By Job
	0  -  Run Bytes Received By Job
	0  -  Total Bytes Sent By Job
	0  -  Total Bytes Received By Job
	Partitionable Resources :    Usage  Request Allocated 
	   Cpus                 :     0.30        4         4 
	   Disk (KB)            : 25000       25000     28672 
	   GPUs                 :                           0 
	   Memory (MB)          :   105        6000      6016 
	   TimeExecute (s)      :    32                       
	   TimeSlotBusy (s)     :    33                       
...
