000 (78851234.011.000) 2026-09-30 12:35:31 Job submitted from host: <10.14.0.121:9618?addrs=10.14.0.121-9618&alias=ldas-pcdev12.ligo.caltech.edu&noUDP&sock=schedd_623140_c9b4>
...
001 (78851234.011.000) 2026-09-30 12:35:58 Job executing on host: <10.14.6.206:9618?addrs=10.14.6.206-9618&alias=node1456.cluster.ldas.cit&noUDP&sock=startd_35341_909f>
	SlotName: slot1_2@node1456.cluster.ldas.cit
	CondorScratchDir = "/var/lib/condor/execute/dir_235160/scratch"
	Cpus = 4
	Disk = 28672
	GPUs = 0
	Memory = 6016
...
006 (78851234.011.000) 2026-09-30 12:36:08 Image size of job updated: 164872
	162  -  MemoryUsage of job (MB)
	164872  -  ResidentSetSize of job (KB)
...
006 (78851234.011.000) 2026-09-30 12:41:09 Image size of job updated: 325956
	319  -  MemoryUsage of job (MB)
	325956  -  ResidentSetSize of job (KB)
...
006 (78851234.011.000) 2026-09-30 12:46:09 Image size of job updated: 326572
	319  -  MemoryUsage of job (MB)
	326572  -  ResidentSetSize of job (KB)
...
006 (78851234.011.000) 2026-09-30 12:51:09 Image size of job updated: 440232
	430  -  MemoryUsage of job (MB)
	440232  -  ResidentSetSize of job (KB)
...
006 (78851234.011.000) 2026-09-30 12:56:10 Image size of job updated: 440640
	431  -  MemoryUsage of job (MB)
	440640  -  ResidentSetSize of job (KB)
...
006 (78851234.011.000) 2026-09-30 13:01:10 Image size of job updated: 452104
	442  -  MemoryUsage of job (MB)
	452104  -  ResidentSetSize of job (KB)
...
006 (78851234.011.000) 2026-09-30 13:06:10 Image size of job updated: 452580
	442  -  MemoryUsage of job (MB)
	452580  -  ResidentSetSize of job (KB)
...
006 (78851234.011.000) 2026-09-30 13:11:11 Image size of job updated: 465336
	455  -  MemoryUsage of job (MB)
	465336  -  ResidentSetSize of job (KB)
...
006 (78851234.011.000) 2026-09-30 13:16:11 Image size of job updated: 466472
	456  -  MemoryUsage of job (MB)
	466472  -  ResidentSetSize of job (KB)
...
006 (78851234.011.000) 2026-09-30 13:21:11 Image size of job updated: 498308
	487  -  MemoryUsage of job (MB)
	498308  -  ResidentSetSize of job (KB)
...
006 (78851234.011.000) 2026-09-30 13:26:12 Image size of job updated: 516212
	505  -  MemoryUsage of job (MB)
	516212  -  ResidentSetSize of job (KB)
...
006 (78851234.011.000) 2026-09-30 13:31:12 Image size of job updated: 535104
	523  -  MemoryUsage of job (MB)
	535104  -  ResidentSetSize of job (KB)
...
006 (78851234.011.000) 2026-09-30 13:36:12 Image size of job updated: 553020
	541  -  MemoryUsage of job (MB)
	553020  -  ResidentSetSize of job (KB)
...
006 (78851234.011.000) 2026-09-30 13:41:13 Image size of job updated: 568796
	556  -  MemoryUsage of job (MB)
	568796  -  ResidentSetSize of job (KB)
...
006 (78851234.011.000) 2026-09-30 13:46:13 Image size of job updated: 568936
	556  -  MemoryUsage of job (MB)
	568936  -  ResidentSetSize of job (KB)
...
006 (78851234.011.000) 2026-09-30 13:51:13 Image size of job updated: 570676
	558  -  MemoryUsage of job (MB)
	570676  -  ResidentSetSize of job (KB)
...
006 (78851234.011.000) 2026-09-30 13:56:14 Image size of job updated: 570808
	558  -  MemoryUsage of job (MB)
	570808  -  ResidentSetSize of job (KB)
...
006 (78851234.011.000) 2026-09-30 14:01:14 Image size of job updated: 571572
	559  -  MemoryUsage of job (MB)
	571572  -  ResidentSetSize of job (KB)
...
006 (78851234.011.000) 2026-09-30 14:06:14 Image size of job updated: 571636
	559  -  MemoryUsage of job (MB)
	571636  -  ResidentSetSize of job (KB)
...
006 (78851234.011.000) 2026-09-30 14:11:15 Image size of job updated: 571748
	559  -  MemoryUsage of job (MB)
	571748  -  ResidentSetSize of job (KB)
...
006 (78851234.011.000) 2026-09-30 14:16:15 Image size of job updated: 571784
	559  -  MemoryUsage of job (MB)
	571784  -  ResidentSetSize of job (KB)
...
006 (78851234.011.000) 2026-09-30 14:21:15 Image size of job updated: 572964
	560  -  MemoryUsage of job (MB)
	572964  -  ResidentSetSize of job (KB)
...
006 (78851234.011.000) 2026-09-30 14:26:16 Image size of job updated: 573048
	560  -  MemoryUsage of job (MB)
	573048  -  ResidentSetSize of job (KB)
...
006 (78851234.011.000) 2026-09-30 14:31:16 Image size of job updated: 573128
	560  -  MemoryUsage of job (MB)
	573128  -  ResidentSetSize of job (KB)
...
006 (78851234.011.000) 2026-09-30 14:36:16 Image size of job updated: 573232
	560  -  MemoryUsage of job (MB)
	573232  -  ResidentSetSize of job (KB)
...
006 (78851234.011.000) 2026-09-30 14:41:17 Image size of job updated: 576252
	563  -  MemoryUsage of job (MB)
	576252  -  ResidentSetSize of job (KB)
...
006 (78851234.011.000) 2026-09-30 14:46:17 Image size of job updated: 576312
	563  -  MemoryUsage of job (MB)
	576312  -  ResidentSetSize of job (KB)
...
006 (78851234.011.000) 2026-09-30 14:51:17 Image size of job updated: 576416
	563  -  MemoryUsage of job (MB)
	576416  -  ResidentSetSize of job (KB)
...
006 (78851234.011.000) 2026-09-30 14:56:18 Image size of job updated: 576464
	563  -  MemoryUsage of job (MB)
	576464  -  ResidentSetSize of job (KB)
...
006 (78851234.011.000) 2026-09-30 15:01:18 Image size of job updated: 576520
	564  -  MemoryUsage of job (MB)
	576520  -  ResidentSetSize of job (KB)
...
006 (78851234.011.000) 2026-09-30 15:06:18 Image size of job updated: 576580
	564  -  MemoryUsage of job (MB)
	576580  -  ResidentSetSize of job (KB)
...
006 (78851234.011.000) 2026-09-30 15:11:19 Image size of job updated: 576620
	564  -  MemoryUsage of job (MB)
	576620  -  ResidentSetSize of job (KB)
...
006 (78851234.011.000) 2026-09-30 15:16:19 Image size of job updated: 580104
	567  -  MemoryUsage of job (MB)
	580104  -  ResidentSetSize of job (KB)
...
006 (78851234.011.000) 2026-09-30 15:21:19 Image size of job updated: 580140
	567  -  MemoryUsage of job (MB)
	580140  -  ResidentSetSize of job (KB)
...
006 (78851234.011.000) 2026-09-30 15:26:20 Image size of job updated: 581196
	568  -  MemoryUsage of job (MB)
	581196  -  ResidentSetSize of job (KB)
...
006 (78851234.011.000) 2026-09-30 15:31:20 Image size of job updated: 581260
	568  -  MemoryUsage of job (MB)
	581260  -  ResidentSetSize of job (KB)
...
006 (78851234.011.000) 2026-09-30 15:36:20 Image size of job updated: 588212
	575  -  MemoryUsage of job (MB)
	588212  -  ResidentSetSize of job (KB)
...
006 (78851234.011.000) 2026-09-30 15:41:21 Image size of job updated: 588268
	575  -  MemoryUsage of job (MB)
	588268  -  ResidentSetSize of job (KB)
...
006 (78851234.011.000) 2026-09-30 15:46:21 Image size of job updated: 594012
	581  -  MemoryUsage of job (MB)
	594012  -  ResidentSetSize of job (KB)
...
006 (78851234.011.000) 2026-09-30 15:51:21 Image size of job updated: 594184
	581  -  MemoryUsage of job (MB)
	594184  -  ResidentSetSize of job (KB)
...
006 (78851234.011.000) 2026-09-30 15:56:22 Image size of job updated: 595672
	582  -  MemoryUsage of job (MB)
	595672  -  ResidentSetSize of job (KB)
...
006 (78851234.011.000) 2026-09-30 16:01:22 Image size of job updated: 595692
	582  -  MemoryUsage of job (MB)
	595692  -  ResidentSetSize of job (KB)
...
006 (78851234.011.000) 2026-09-30 16:06:22 Image size of job updated: 595728
	582  -  MemoryUsage of job (MB)
	595716  -  ResidentSetSize of job (KB)
...
006 (78851234.011.000) 2026-09-30 16:11:23 Image size of job updated: 595768
	582  -  MemoryUsage of job (MB)
	595768  -  ResidentSetSize of job (KB)
...
006 (78851234.011.000) 2026-09-30 16:16:23 Image size of job updated: 595944
	582  -  MemoryUsage of job (MB)
	595944  -  ResidentSetSize of job (KB)
...
006 (78851234.011.000) 2026-09-30 16:21:23 Image size of job updated: 595952
	582  -  MemoryUsage of job (MB)
	595952  -  ResidentSetSize of job (KB)
...
006 (78851234.011.000) 2026-09-30 16:26:24 Image size of job updated: 596876
	583  -  MemoryUsage of job (MB)
	596876  -  ResidentSetSize of job (KB)
...
006 (78851234.011.000) 2026-09-30 16:31:24 Image size of job updated: 596928
	583  -  MemoryUsage of job (MB)
	596928  -  ResidentSetSize of job (KB)
...
006 (78851234.011.000) 2026-09-30 16:36:24 Image size of job updated: 596932
	583  -  MemoryUsage of job (MB)
	596932  -  ResidentSetSize of job (KB)
...
006 (78851234.011.000) 2026-09-30 16:41:25 Image size of job updated: 596956
	583  -  MemoryUsage of job (MB)
	596956  -  ResidentSetSize of job (KB)
...
006 (78851234.011.000) 2026-09-30 16:46:25 Image size of job updated: 598092
	585  -  MemoryUsage of job (MB)
	598092  -  ResidentSetSize of job (KB)
...
006 (78851234.011.000) 2026-09-30 16:51:26 Image size of job updated: 598132
	585  -  MemoryUsage of job (MB)
	598132  -  ResidentSetSize of job (KB)
...
006 (78851234.011.000) 2026-09-30 16:56:27 Image size of job updated: 598144
	585  -  MemoryUsage of job (MB)
	598144  -  ResidentSetSize of job (KB)
...
006 (78851234.011.000) 2026-09-30 17:01:27 Image size of job updated: 599108
	586  -  MemoryUsage of job (MB)
	599108  -  ResidentSetSize of job (KB)
...
006 (78851234.011.000) 2026-09-30 17:06:28 Image size of job updated: 599132
	586  -  MemoryUsage of job (MB)
	599132  -  ResidentSetSize of job (KB)
...
006 (78851234.011.000) 2026-09-30 17:11:29 Image size of job updated: 600680
	587  -  MemoryUsage of job (MB)
	600680  -  ResidentSetSize of job (KB)
...
006 (78851234.011.000) 2026-09-30 17:16:29 Image size of job updated: 600696
	587  -  MemoryUsage of job (MB)
	600696  -  ResidentSetSize of job (KB)
...
006 (78851234.011.000) 2026-09-30 17:21:30 Image size of job updated: 601756
	588  -  MemoryUsage of job (MB)
	601756  -  ResidentSetSize of job (KB)
...
006 (78851234.011.000) 2026-09-30 17:26:31 Image size of job updated: 601764
	588  -  MemoryUsage of job (MB)
	601764  -  ResidentSetSize of job (KB)
...
006 (78851234.011.000) 2026-09-30 17:31:31 Image size of job updated: 612256
	597  -  MemoryUsage of job (MB)
	611264  -  ResidentSetSize of job (KB)
...
006 (78851234.011.000) 2026-09-30 17:36:32 Image size of job updated: 612256
	597  -  MemoryUsage of job (MB)
	611292  -  ResidentSetSize of job (KB)
...
006 (78851234.011.000) 2026-09-30 17:41:33 Image size of job updated: 615768
	602  -  MemoryUsage of job (MB)
	615768  -  ResidentSetSize of job (KB)
...
006 (78851234.011.000) 2026-09-30 17:46:33 Image size of job updated: 615892
	602  -  MemoryUsage of job (MB)
	615892  -  ResidentSetSize of job (KB)
...
006 (78851234.011.000) 2026-09-30 17:51:34 Image size of job updated: 616024
	602  -  MemoryUsage of job (MB)
	616024  -  ResidentSetSize of job (KB)
...
006 (78851234.011.000) 2026-09-30 17:56:35 Image size of job updated: 616048
	602  -  MemoryUsage of job (MB)
	616048  -  ResidentSetSize of job (KB)
...
006 (78851234.011.000) 2026-09-30 18:01:35 Image size of job updated: 617080
	603  -  MemoryUsage of job (MB)
	617080  -  ResidentSetSize of job (KB)
...
006 (78851234.011.000) 2026-09-30 18:06:35 Image size of job updated: 617092
	603  -  MemoryUsage of job (MB)
	617092  -  ResidentSetSize of job (KB)
...
006 (78851234.011.000) 2026-09-30 18:11:36 Image size of job updated: 617104
	603  -  MemoryUsage of job (MB)
	617104  -  ResidentSetSize of job (KB)
...
006 (78851234.011.000) 2026-09-30 18:16:36 Image size of job updated: 617108
	603  -  MemoryUsage of job (MB)
	617108  -  ResidentSetSize of job (KB)
...
006 (78851234.011.000) 2026-09-30 18:21:36 Image size of job updated: 618292
	604  -  MemoryUsage of job (MB)
	618292  -  ResidentSetSize of job (KB)
...
006 (78851234.011.000) 2026-09-30 18:26:37 Image size of job updated: 618308
	604  -  MemoryUsage of job (MB)
	618308  -  ResidentSetSize of job (KB)
...
006 (78851234.011.000) 2026-09-30 18:31:37 Image size of job updated: 621544
	607  -  MemoryUsage of job (MB)
	621544  -  ResidentSetSize of job (KB)
...
006 (78851234.011.000) 2026-09-30 18:36:37 Image size of job updated: 621548
	607  -  MemoryUsage of job (MB)
	621548  -  ResidentSetSize of job (KB)
...
006 (78851234.011.000) 2026-09-30 18:41:38 Image size of job updated: 621568
	607  -  MemoryUsage of job (MB)
	621568  -  ResidentSetSize of job (KB)
...
006 (78851234.011.000) 2026-09-30 18:46:39 Image size of job updated: 621572
	608  -  MemoryUsage of job (MB)
	621572  -  ResidentSetSize of job (KB)
...
006 (78851234.011.000) 2026-09-30 18:51:39 Image size of job updated: 622600
	609  -  MemoryUsage of job (MB)
	622600  -  ResidentSetSize of job (KB)
...
006 (78851234.011.000) 2026-09-30 18:56:40 Image size of job updated: 622612
	609  -  MemoryUsage of job (MB)
	622612  -  ResidentSetSize of job (KB)
...
006 (78851234.011.000) 2026-09-30 19:01:41 Image size of job updated: 622620
	609  -  MemoryUsage of job (MB)
	622620  -  ResidentSetSize of job (KB)
...
006 (78851234.011.000) 2026-09-30 19:06:41 Image size of job updated: 622628
	609  -  MemoryUsage of job (MB)
	622628  -  ResidentSetSize of job (KB)
...
006 (78851234.011.000) 2026-09-30 19:11:42 Image size of job updated: 622632
	609  -  MemoryUsage of job (MB)
	622632  -  ResidentSetSize of job (KB)
...
006 (78851234.011.000) 2026-09-30 19:16:43 Image size of job updated: 623684
	610  -  MemoryUsage of job (MB)
	623684  -  ResidentSetSize of job (KB)
...
006 (78851234.011.000) 2026-09-30 19:21:43 Image size of job updated: 623720
	610  -  MemoryUsage of job (MB)
	623720  -  ResidentSetSize of job (KB)
...
006 (78851234.011.000) 2026-09-30 19:26:44 Image size of job updated: 623728
	610  -  MemoryUsage of job (MB)
	623728  -  ResidentSetSize of job (KB)
...
006 (78851234.011.000) 2026-09-30 19:36:45 Image size of job updated: 623736
	610  -  MemoryUsage of job (MB)
	623736  -  ResidentSetSize of job (KB)
...
006 (78851234.011.000) 2026-09-30 19:41:45 Image size of job updated: 623740
	610  -  MemoryUsage of job (MB)
	623740  -  ResidentSetSize of job (KB)
...
006 (78851234.011.000) 2026-09-30 19:46:46 Image size of job updated: 624768
	611  -  MemoryUsage of job (MB)
	624768  -  ResidentSetSize of job (KB)
...
006 (78851234.011.000) 2026-09-30 19:51:46 Image size of job updated: 624772
	611  -  MemoryUsage of job (MB)
	624772  -  ResidentSetSize of job (KB)
...
006 (78851234.011.000) 2026-09-30 19:56:46 Image size of job updated: 626824
	613  -  MemoryUsage of job (MB)
	626824  -  ResidentSetSize of job (KB)
...
006 (78851234.011.000) 2026-09-30 20:01:48 Image size of job updated: 626828
	613  -  MemoryUsage of job (MB)
	626828  -  ResidentSetSize of job (KB)
...
006 (78851234.011.000) 2026-09-30 20:06:48 Image size of job updated: 626884
	613  -  MemoryUsage of job (MB)
	626884  -  ResidentSetSize of job (KB)
...
006 (78851234.011.000) 2026-09-30 20:11:48 Image size of job updated: 626892
	613  -  MemoryUsage of job (MB)
	626892  -  ResidentSetSize of job (KB)
...
006 (78851234.011.000) 2026-09-30 20:16:49 Image size of job updated: 626896
	613  -  MemoryUsage of job (MB)
	626896  -  ResidentSetSize of job (KB)
...
006 (78851234.011.000) 2026-09-30 20:21:50 Image size of job updated: 627916
	614  -  MemoryUsage of job (MB)
	627916  -  ResidentSetSize of job (KB)
...
006 (78851234.011.000) 2026-09-30 20:26:50 Image size of job updated: 627920
	614  -  MemoryUsage of job (MB)
	627920  -  ResidentSetSize of job (KB)
...
006 (78851234.011.000) 2026-09-30 20:31:51 Image size of job updated: 627944
	614  -  MemoryUsage of job (MB)
	627944  -  ResidentSetSize of job (KB)
...
006 (78851234.011.000) 2026-09-30 20:36:52 Image size of job updated: 627948
	614  -  MemoryUsage of job (MB)
	627948  -  ResidentSetSize of job (KB)
...
006 (78851234.011.000) 2026-09-30 20:41:52 Image size of job updated: 627960
	614  -  MemoryUsage of job (MB)
	627960  -  ResidentSetSize of job (KB)
...
006 (78851234.011.000) 2026-09-30 20:46:52 Image size of job updated: 627980
	614  -  MemoryUsage of job (MB)
	627980  -  ResidentSetSize of job (KB)
...
006 (78851234.011.000) 2026-09-30 20:56:53 Image size of job updated: 627996
	614  -  MemoryUsage of job (MB)
	627996  -  ResidentSetSize of job (KB)
...
006 (78851234.011.000) 2026-09-30 21:01:53 Image size of job updated: 628004
	614  -  MemoryUsage of job (MB)
	628004  -  ResidentSetSize of job (KB)
...
006 (78851234.011.000) 2026-09-30 21:06:54 Image size of job updated: 630024
	615  -  MemoryUsage of job (MB)
	629016  -  ResidentSetSize of job (KB)
...
006 (78851234.011.000) 2026-09-30 21:11:54 Image size of job updated: 630024
	615  -  MemoryUsage of job (MB)
	629020  -  ResidentSetSize of job (KB)
...
006 (78851234.011.000) 2026-09-30 21:16:54 Image size of job updated: 630024
	615  -  MemoryUsage of job (MB)
	629024  -  ResidentSetSize of job (KB)
...
006 (78851234.011.000) 2026-09-30 21:21:55 Image size of job updated: 630024
	615  -  MemoryUsage of job (MB)
	629032  -  ResidentSetSize of job (KB)
...
006 (78851234.011.000) 2026-09-30 21:26:56 Image size of job updated: 631060
	617  -  MemoryUsage of job (MB)
	631060  -  ResidentSetSize of job (KB)
...
006 (78851234.011.000) 2026-09-30 21:31:56 Image size of job updated: 631072
	617  -  MemoryUsage of job (MB)
	631072  -  ResidentSetSize of job (KB)
...
006 (78851234.011.000) 2026-09-30 21:36:57 Image size of job updated: 632084
	618  -  MemoryUsage of job (MB)
	632084  -  ResidentSetSize of job (KB)
...
006 (78851234.011.000) 2026-09-30 21:41:58 Image size of job updated: 632088
	618  -  MemoryUsage of job (MB)
	632088  -  ResidentSetSize of job (KB)
...
006 (78851234.011.000) 2026-09-30 21:46:58 Image size of job updated: 632096
	618  -  MemoryUsage of job (MB)
	632096  -  ResidentSetSize of job (KB)
...
006 (78851234.011.000) 2026-09-30 21:51:59 Image size of job updated: 632132
	618  -  MemoryUsage of job (MB)
	632132  -  ResidentSetSize of job (KB)
...
006 (78851234.011.000) 2026-09-30 21:57:00 Image size of job updated: 632136
	618  -  MemoryUsage of job (MB)
	632136  -  ResidentSetSize of job (KB)
...
006 (78851234.011.000) 2026-09-30 22:02:00 Image size of job updated: 632140
	618  -  MemoryUsage of job (MB)
	632140  -  ResidentSetSize of job (KB)
...
006 (78851234.011.000) 2026-09-30 22:07:00 Image size of job updated: 632156
	618  -  MemoryUsage of job (MB)
	632156  -  ResidentSetSize of job (KB)
...
006 (78851234.011.000) 2026-09-30 22:12:01 Image size of job updated: 632160
	618  -  MemoryUsage of job (MB)
	632160  -  ResidentSetSize of job (KB)
...
006 (78851234.011.000) 2026-09-30 22:17:01 Image size of job updated: 632164
	618  -  MemoryUsage of job (MB)
	632164  -  ResidentSetSize of job (KB)
...
006 (78851234.011.000) 2026-09-30 22:22:01 Image size of job updated: 634180
	620  -  MemoryUsage of job (MB)
	634180  -  ResidentSetSize of job (KB)
...
006 (78851234.011.000) 2026-09-30 22:27:02 Image size of job updated: 634184
	620  -  MemoryUsage of job (MB)
	634184  -  ResidentSetSize of job (KB)
...
006 (78851234.011.000) 2026-09-30 22:32:02 Image size of job updated: 634188
	620  -  MemoryUsage of job (MB)
	634188  -  ResidentSetSize of job (KB)
...
006 (78851234.011.000) 2026-09-30 22:37:02 Image size of job updated: 634196
	620  -  MemoryUsage of job (MB)
	634196  -  ResidentSetSize of job (KB)
...
006 (78851234.011.000) 2026-09-30 22:42:03 Image size of job updated: 634204
	620  -  MemoryUsage of job (MB)
	634204  -  ResidentSetSize of job (KB)
...
006 (78851234.011.000) 2026-09-30 22:47:03 Image size of job updated: 634208
	620  -  MemoryUsage of job (MB)
	634208  -  ResidentSetSize of job (KB)
...
006 (78851234.011.000) 2026-09-30 22:52:03 Image size of job updated: 635216
	621  -  MemoryUsage of job (MB)
	635216  -  ResidentSetSize of job (KB)
...
006 (78851234.011.000) 2026-09-30 22:57:04 Image size of job updated: 635220
	621  -  MemoryUsage of job (MB)
	635220  -  ResidentSetSize of job (KB)
...
006 (78851234.011.000) 2026-09-30 23:07:04 Image size of job updated: 636236
	622  -  MemoryUsage of job (MB)
	636236  -  ResidentSetSize of job (KB)
...
006 (78851234.011.000) 2026-09-30 23:12:05 Image size of job updated: 636300
	622  -  MemoryUsage of job (MB)
	636300  -  ResidentSetSize of job (KB)
...
006 (78851234.011.000) 2026-09-30 23:17:05 Image size of job updated: 636304
	622  -  MemoryUsage of job (MB)
	636304  -  ResidentSetSize of job (KB)
...
006 (78851234.011.000) 2026-09-30 23:22:05 Image size of job updated: 636308
	622  -  MemoryUsage of job (MB)
	636308  -  ResidentSetSize of job (KB)
...
006 (78851234.011.000) 2026-09-30 23:27:06 Image size of job updated: 638088
	624  -  MemoryUsage of job (MB)
	638088  -  ResidentSetSize of job (KB)
...
006 (78851234.011.000) 2026-09-30 23:32:06 Image size of job updated: 638092
	624  -  MemoryUsage of job (MB)
	638092  -  ResidentSetSize of job (KB)
...
006 (78851234.011.000) 2026-09-30 23:42:08 Image size of job updated: 639104
	625  -  MemoryUsage of job (MB)
	639104  -  ResidentSetSize of job (KB)
...
006 (78851234.011.000) 2026-09-30 23:52:08 Image size of job updated: 639108
	625  -  MemoryUsage of job (MB)
	639108  -  ResidentSetSize of job (KB)
...
006 (78851234.011.000) 2026-09-30 23:57:09 Image size of job updated: 639112
	625  -  MemoryUsage of job (MB)
	639112  -  ResidentSetSize of job (KB)
...
006 (78851234.011.000) 2026-10-01 00:07:10 Image size of job updated: 639116
	625  -  MemoryUsage of job (MB)
	639116  -  ResidentSetSize of job (KB)
...
006 (78851234.011.000) 2026-10-01 00:12:11 Image size of job updated: 639120
	625  -  MemoryUsage of job (MB)
	639120  -  ResidentSetSize of job (KB)
...
006 (78851234.011.000) 2026-10-01 00:17:12 Image size of job updated: 639124
	625  -  MemoryUsage of job (MB)
	639124  -  ResidentSetSize of job (KB)
...
006 (78851234.011.000) 2026-10-01 00:22:12 Image size of job updated: 639132
	625  -  MemoryUsage of job (MB)
	639132  -  ResidentSetSize of job (KB)
...
006 (78851234.011.000) 2026-10-01 00:27:13 Image size of job updated: 639136
	625  -  MemoryUsage of job (MB)
	639136  -  ResidentSetSize of job (KB)
...
006 (78851234.011.000) 2026-10-01 00:32:14 Image size of job updated: 642100
	628  -  MemoryUsage of job (MB)
	642100  -  ResidentSetSize of job (KB)
...
006 (78851234.011.000) 2026-10-01 00:37:14 Image size of job updated: 642104
	628  -  MemoryUsage of job (MB)
	642104  -  ResidentSetSize of job (KB)
...
006 (78851234.011.000) 2026-10-01 00:42:15 Image size of job updated: 642116
	628  -  MemoryUsage of job (MB)
	642116  -  ResidentSetSize of job (KB)
...
006 (78851234.011.000) 2026-10-01 00:47:16 Image size of job updated: 643128
	629  -  MemoryUsage of job (MB)
	643128  -  ResidentSetSize of job (KB)
...
006 (78851234.011.000) 2026-10-01 00:57:17 Image size of job updated: 643132
	629  -  MemoryUsage of job (MB)
	643132  -  ResidentSetSize of job (KB)
...
006 (78851234.011.000) 2026-10-01 01:02:18 Image size of job updated: 643136
	629  -  MemoryUsage of job (MB)
	643136  -  ResidentSetSize of job (KB)
...
006 (78851234.011.000) 2026-10-01 01:07:18 Image size of job updated: 645152
	631  -  MemoryUsage of job (MB)
	645152  -  ResidentSetSize of job (KB)
...
006 (78851234.011.000) 2026-10-01 01:12:18 Image size of job updated: 645156
	631  -  MemoryUsage of job (MB)
	645156  -  ResidentSetSize of job (KB)
...
006 (78851234.011.000) 2026-10-01 01:22:19 Image size of job updated: 645160
	631  -  MemoryUsage of job (MB)
	645160  -  ResidentSetSize of job (KB)
...
006 (78851234.011.000) 2026-10-01 01:32:20 Image size of job updated: 651064
	636  -  MemoryUsage of job (MB)
	651064  -  ResidentSetSize of job (KB)
...
006 (78851234.011.000) 2026-10-01 01:37:21 Image size of job updated: 651072
	636  -  MemoryUsage of job (MB)
	651072  -  ResidentSetSize of job (KB)
...
006 (78851234.011.000) 2026-10-01 01:42:21 Image size of job updated: 651080
	636  -  MemoryUsage of job (MB)
	651080  -  ResidentSetSize of job (KB)
...
006 (78851234.011.000) 2026-10-01 01:52:23 Image size of job updated: 651084
	636  -  MemoryUsage of job (MB)
	651084  -  ResidentSetSize of job (KB)
...
006 (78851234.011.000) 2026-10-01 02:07:25 Image size of job updated: 651124
	636  -  MemoryUsage of job (MB)
	651124  -  ResidentSetSize of job (KB)
...
006 (78851234.011.000) 2026-10-01 02:12:25 Image size of job updated: 651128
	636  -  MemoryUsage of job (MB)
	651128  -  ResidentSetSize of job (KB)
...
006 (78851234.011.000) 2026-10-01 02:17:25 Image size of job updated: 651132
	636  -  MemoryUsage of job (MB)
	651128  -  ResidentSetSize of job (KB)
...
006 (78851234.011.000) 2026-10-01 02:27:26 Image size of job updated: 651140
	636  -  MemoryUsage of job (MB)
	651140  -  ResidentSetSize of job (KB)
...
006 (78851234.011.000) 2026-10-01 02:32:26 Image size of job updated: 651144
	636  -  MemoryUsage of job (MB)
	651144  -  ResidentSetSize of job (KB)
...
006 (78851234.011.000) 2026-10-01 02:37:27 Image size of job updated: 652156
	637  -  MemoryUsage of job (MB)
	652156  -  ResidentSetSize of job (KB)
...
006 (78851234.011.000) 2026-10-01 02:47:28 Image size of job updated: 655184
	640  -  MemoryUsage of job (MB)
	655184  -  ResidentSetSize of job (KB)
...
006 (78851234.011.000) 2026-10-01 02:57:30 Image size of job updated: 655264
	640  -  MemoryUsage of job (MB)
	655264  -  ResidentSetSize of job (KB)
...
006 (78851234.011.000) 2026-10-01 03:07:31 Image size of job updated: 655276
	640  -  MemoryUsage of job (MB)
	655276  -  ResidentSetSize of job (KB)
...
006 (78851234.011.000) 2026-10-01 03:17:32 Image size of job updated: 656240
	641  -  MemoryUsage of job (MB)
	656240  -  ResidentSetSize of job (KB)
...
006 (78851234.011.000) 2026-10-01 03:22:32 Image size of job updated: 656312
	641  -  MemoryUsage of job (MB)
	656312  -  ResidentSetSize of job (KB)
...
006 (78851234.011.000) 2026-10-01 03:32:33 Image size of job updated: 656344
	641  -  MemoryUsage of job (MB)
	656344  -  ResidentSetSize of job (KB)
...
006 (78851234.011.000) 2026-10-01 03:42:34 Image size of job updated: 657328
	642  -  MemoryUsage of job (MB)
	657328  -  ResidentSetSize of job (KB)
...
006 (78851234.011.000) 2026-10-01 03:47:34 Image size of job updated: 657332
	642  -  MemoryUsage of job (MB)
	657332  -  ResidentSetSize of job (KB)
...
006 (78851234.011.000) 2026-10-01 03:52:34 Image size of job updated: 657336
	642  -  MemoryUsage of job (MB)
	657336  -  ResidentSetSize of job (KB)
...
006 (78851234.011.000) 2026-10-01 04:02:35 Image size of job updated: 667348
	652  -  MemoryUsage of job (MB)
	667348  -  ResidentSetSize of job (KB)
...
006 (78851234.011.000) 2026-10-01 04:07:35 Image size of job updated: 667368
	652  -  MemoryUsage of job (MB)
	667368  -  ResidentSetSize of job (KB)
...
006 (78851234.011.000) 2026-10-01 04:17:36 Image size of job updated: 667372
	652  -  MemoryUsage of job (MB)
	667372  -  ResidentSetSize of job (KB)
...
006 (78851234.011.000) 2026-10-01 05:02:40 Image size of job updated: 669512
	654  -  MemoryUsage of job (MB)
	669512  -  ResidentSetSize of job (KB)
...
006 (78851234.011.000) 2026-10-01 05:07:40 Image size of job updated: 669516
	654  -  MemoryUsage of job (MB)
	669516  -  ResidentSetSize of job (KB)
...
006 (78851234.011.000) 2026-10-01 05:22:42 Image size of job updated: 670512
	655  -  MemoryUsage of job (MB)
	670512  -  ResidentSetSize of job (KB)
...
006 (78851234.011.000) 2026-10-01 05:37:44 Image size of job updated: 670516
	655  -  MemoryUsage of job (MB)
	670516  -  ResidentSetSize of job (KB)
...
006 (78851234.011.000) 2026-10-01 05:47:45 Image size of job updated: 670520
	655  -  MemoryUsage of job (MB)
	670520  -  ResidentSetSize of job (KB)
...
006 (78851234.011.000) 2026-10-01 05:57:45 Image size of job updated: 670532
	655  -  MemoryUsage of job (MB)
	670532  -  ResidentSetSize of job (KB)
...
006 (78851234.011.000) 2026-10-01 06:12:46 Image size of job updated: 670536
	655  -  MemoryUsage of job (MB)
	670536  -  ResidentSetSize of job (KB)
...
006 (78851234.011.000) 2026-10-01 06:32:48 Image size of job updated: 679864
	664  -  MemoryUsage of job (MB)
	679864  -  ResidentSetSize of job (KB)
...
006 (78851234.011.000) 2026-10-01 06:37:49 Image size of job updated: 679908
	664  -  MemoryUsage of job (MB)
	679908  -  ResidentSetSize of job (KB)
...
006 (78851234.011.000) 2026-10-01 06:42:49 Image size of job updated: 682212
	667  -  MemoryUsage of job (MB)
	682212  -  ResidentSetSize of job (KB)
...
006 (78851234.011.000) 2026-10-01 06:47:50 Image size of job updated: 682216
	667  -  MemoryUsage of job (MB)
	682216  -  ResidentSetSize of job (KB)
...
006 (78851234.011.000) 2026-10-01 06:52:51 Image size of job updated: 686112
	671  -  MemoryUsage of job (MB)
	686112  -  ResidentSetSize of job (KB)
...
006 (78851234.011.000) 2026-10-01 07:02:52 Image size of job updated: 689136
	672  -  MemoryUsage of job (MB)
	688128  -  ResidentSetSize of job (KB)
...
006 (78851234.011.000) 2026-10-01 07:07:53 Image size of job updated: 689136
	673  -  MemoryUsage of job (MB)
	688132  -  ResidentSetSize of job (KB)
...
006 (78851234.011.000) 2026-10-01 07:17:53 Image size of job updated: 689144
	673  -  MemoryUsage of job (MB)
	689144  -  ResidentSetSize of job (KB)
...
006 (78851234.011.000) 2026-10-01 07:37:55 Image size of job updated: 689212
	674  -  MemoryUsage of job (MB)
	689212  -  ResidentSetSize of job (KB)
...
006 (78851234.011.000) 2026-10-01 07:42:55 Image size of job updated: 689216
	674  -  MemoryUsage of job (MB)
	689216  -  ResidentSetSize of job (KB)
...
006 (78851234.011.000) 2026-10-01 07:52:56 Image size of job updated: 690224
	675  -  MemoryUsage of job (MB)
	690224  -  ResidentSetSize of job (KB)
...
006 (78851234.011.000) 2026-10-01 08:02:56 Image size of job updated: 690228
	675  -  MemoryUsage of job (MB)
	690228  -  ResidentSetSize of job (KB)
...
006 (78851234.011.000) 2026-10-01 08:12:57 Image size of job updated: 691240
	676  -  MemoryUsage of job (MB)
	691240  -  ResidentSetSize of job (KB)
...
006 (78851234.011.000) 2026-10-01 08:32:59 Image size of job updated: 691248
	676  -  MemoryUsage of job (MB)
	691248  -  ResidentSetSize of job (KB)
...
006 (78851234.011.000) 2026-10-01 08:48:01 Image size of job updated: 691252
	676  -  MemoryUsage of job (MB)
	691252  -  ResidentSetSize of job (KB)
...
006 (78851234.011.000) 2026-10-01 08:53:02 Image size of job updated: 692260
	677  -  MemoryUsage of job (MB)
	692260  -  ResidentSetSize of job (KB)
...
006 (78851234.011.000) 2026-10-01 08:58:03 Image size of job updated: 692264
	677  -  MemoryUsage of job (MB)
	692264  -  ResidentSetSize of job (KB)
...
006 (78851234.011.000) 2026-10-01 09:03:03 Image size of job updated: 692268
	677  -  MemoryUsage of job (MB)
	692268  -  ResidentSetSize of job (KB)
...
006 (78851234.011.000) 2026-10-01 09:08:03 Image size of job updated: 693276
	678  -  MemoryUsage of job (MB)
	693276  -  ResidentSetSize of job (KB)
...
006 (78851234.011.000) 2026-10-01 09:18:04 Image size of job updated: 693340
	678  -  MemoryUsage of job (MB)
	693340  -  ResidentSetSize of job (KB)
...
006 (78851234.011.000) 2026-10-01 09:23:04 Image size of job updated: 693344
	678  -  MemoryUsage of job (MB)
	693344  -  ResidentSetSize of job (KB)
...
006 (78851234.011.000) 2026-10-01 09:38:06 Image size of job updated: 693348
	678  -  MemoryUsage of job (MB)
	693348  -  ResidentSetSize of job (KB)
...
006 (78851234.011.000) 2026-10-01 09:43:07 Image size of job updated: 693352
	678  -  MemoryUsage of job (MB)
	693352  -  ResidentSetSize of job (KB)
...
006 (78851234.011.000) 2026-10-01 09:48:08 Image size of job updated: 693356
	678  -  MemoryUsage of job (MB)
	693356  -  ResidentSetSize of job (KB)
...
006 (78851234.011.000) 2026-10-01 09:53:08 Image size of job updated: 694412
	678  -  MemoryUsage of job (MB)
	693400  -  ResidentSetSize of job (KB)
...
006 (78851234.011.000) 2026-10-01 10:03:10 Image size of job updated: 694412
	679  -  MemoryUsage of job (MB)
	694344  -  ResidentSetSize of job (KB)
...
006 (78851234.011.000) 2026-10-01 10:08:10 Image size of job updated: 694412
	679  -  MemoryUsage of job (MB)
	694360  -  ResidentSetSize of job (KB)
...
006 (78851234.011.000) 2026-10-01 10:13:10 Image size of job updated: 694412
	679  -  MemoryUsage of job (MB)
	694364  -  ResidentSetSize of job (KB)
...
006 (78851234.011.000) 2026-10-01 10:28:11 Image size of job updated: 696384
	681  -  MemoryUsage of job (MB)
	696384  -  ResidentSetSize of job (KB)
...
006 (78851234.011.000) 2026-10-01 10:33:12 Image size of job updated: 696448
	681  -  MemoryUsage of job (MB)
	696448  -  ResidentSetSize of job (KB)
...
006 (78851234.011.000) 2026-10-01 10:38:13 Image size of job updated: 696472
	681  -  MemoryUsage of job (MB)
	696472  -  ResidentSetSize of job (KB)
...
006 (78851234.011.000) 2026-10-01 10:43:13 Image size of job updated: 696480
	681  -  MemoryUsage of job (MB)
	696480  -  ResidentSetSize of job (KB)
...
006 (78851234.011.000) 2026-10-01 10:48:14 Image size of job updated: 696484
	681  -  MemoryUsage of job (MB)
	696484  -  ResidentSetSize of job (KB)
...
006 (78851234.011.000) 2026-10-01 10:53:15 Image size of job updated: 696508
	681  -  MemoryUsage of job (MB)
	696508  -  ResidentSetSize of job (KB)
...
006 (78851234.011.000) 2026-10-01 10:58:15 Image size of job updated: 696512
	681  -  MemoryUsage of job (MB)
	696512  -  ResidentSetSize of job (KB)
...
006 (78851234.011.000) 2026-10-01 11:03:15 Image size of job updated: 698360
	682  -  MemoryUsage of job (MB)
	698360  -  ResidentSetSize of job (KB)
...
006 (78851234.011.000) 2026-10-01 11:13:16 Image size of job updated: 709388
	693  -  MemoryUsage of job (MB)
	709388  -  ResidentSetSize of job (KB)
...
006 (78851234.011.000) 2026-10-01 11:18:16 Image size of job updated: 709396
	693  -  MemoryUsage of job (MB)
	709396  -  ResidentSetSize of job (KB)
...
006 (78851234.011.000) 2026-10-01 11:28:17 Image size of job updated: 709408
	693  -  MemoryUsage of job (MB)
	709408  -  ResidentSetSize of job (KB)
...
006 (78851234.011.000) 2026-10-01 11:33:17 Image size of job updated: 709412
	693  -  MemoryUsage of job (MB)
	709412  -  ResidentSetSize of job (KB)
...
006 (78851234.011.000) 2026-10-01 11:48:19 Image size of job updated: 709416
	693  -  MemoryUsage of job (MB)
	709416  -  ResidentSetSize of job (KB)
...
006 (78851234.011.000) 2026-10-01 11:53:20 Image size of job updated: 709420
	693  -  MemoryUsage of job (MB)
	709420  -  ResidentSetSize of job (KB)
...
006 (78851234.011.000) 2026-10-01 11:58:21 Image size of job updated: 711268
	695  -  MemoryUsage of job (MB)
	711268  -  ResidentSetSize of job (KB)
...
006 (78851234.011.000) 2026-10-01 12:03:21 Image size of job updated: 711272
	695  -  MemoryUsage of job (MB)
	711272  -  ResidentSetSize of job (KB)
...
006 (78851234.011.000) 2026-10-01 12:08:22 Image size of job updated: 711288
	695  -  MemoryUsage of job (MB)
	711288  -  ResidentSetSize of job (KB)
...
006 (78851234.011.000) 2026-10-01 12:23:23 Image size of job updated: 711300
	695  -  MemoryUsage of job (MB)
	711300  -  ResidentSetSize of job (KB)
...
006 (78851234.011.000) 2026-10-01 12:28:24 Image size of job updated: 711304
	695  -  MemoryUsage of job (MB)
	711304  -  ResidentSetSize of job (KB)
...
006 (78851234.011.000) 2026-10-01 12:43:25 Image size of job updated: 713572
	696  -  MemoryUsage of job (MB)
	712328  -  ResidentSetSize of job (KB)
...
006 (78851234.011.000) 2026-10-01 12:48:26 Image size of job updated: 713572
	696  -  MemoryUsage of job (MB)
	712364  -  ResidentSetSize of job (KB)
...
006 (78851234.011.000) 2026-10-01 13:03:28 Image size of job updated: 713572
	696  -  MemoryUsage of job (MB)
	712368  -  ResidentSetSize of job (KB)
...
006 (78851234.011.000) 2026-10-01 13:08:28 Image size of job updated: 713572
	696  -  MemoryUsage of job (MB)
	712372  -  ResidentSetSize of job (KB)
...
006 (78851234.011.000) 2026-10-01 13:18:30 Image size of job updated: 713572
	697  -  MemoryUsage of job (MB)
	713392  -  ResidentSetSize of job (KB)
...
006 (78851234.011.000) 2026-10-01 13:28:30 Image size of job updated: 714432
	698  -  MemoryUsage of job (MB)
	714432  -  ResidentSetSize of job (KB)
...
006 (78851234.011.000) 2026-10-01 13:33:31 Image size of job updated: 714436
	698  -  MemoryUsage of job (MB)
	714436  -  ResidentSetSize of job (KB)
...
006 (78851234.011.000) 2026-10-01 13:43:31 Image size of job updated: 714440
	698  -  MemoryUsage of job (MB)
	714440  -  ResidentSetSize of job (KB)
...
006 (78851234.011.000) 2026-10-01 13:58:32 Image size of job updated: 714444
	698  -  MemoryUsage of job (MB)
	714444  -  ResidentSetSize of job (KB)
...
006 (78851234.011.000) 2026-10-01 14:03:33 Image size of job updated: 720252
	704  -  MemoryUsage of job (MB)
	720252  -  ResidentSetSize of job (KB)
...
006 (78851234.011.000) 2026-10-01 14:13:34 Image size of job updated: 720256
	704  -  MemoryUsage of job (MB)
	720256  -  ResidentSetSize of job (KB)
...
006 (78851234.011.000) 2026-10-01 14:18:35 Image size of job updated: 720260
	704  -  MemoryUsage of job (MB)
	720260  -  ResidentSetSize of job (KB)
...
006 (78851234.011.000) 2026-10-01 14:28:36 Image size of job updated: 722340
	706  -  MemoryUsage of job (MB)
	722340  -  ResidentSetSize of job (KB)
...
006 (78851234.011.000) 2026-10-01 14:33:36 Image size of job updated: 722344
	706  -  MemoryUsage of job (MB)
	722344  -  ResidentSetSize of job (KB)
...
006 (78851234.011.000) 2026-10-01 14:43:37 Image size of job updated: 722348
	706  -  MemoryUsage of job (MB)
	722348  -  ResidentSetSize of job (KB)
...
006 (78851234.011.000) 2026-10-01 14:58:38 Image size of job updated: 722352
	706  -  MemoryUsage of job (MB)
	722352  -  ResidentSetSize of job (KB)
...
006 (78851234.011.000) 2026-10-01 15:03:38 Image size of job updated: 722356
	706  -  MemoryUsage of job (MB)
	722356  -  ResidentSetSize of job (KB)
...
006 (78851234.011.000) 2026-10-01 15:13:40 Image size of job updated: 722364
	706  -  MemoryUsage of job (MB)
	722364  -  ResidentSetSize of job (KB)
...
006 (78851234.011.000) 2026-10-01 15:23:41 Image size of job updated: 724736
	708  -  MemoryUsage of job (MB)
	724736  -  ResidentSetSize of job (KB)
...
006 (78851234.011.000) 2026-10-01 15:33:42 Image size of job updated: 724760
	708  -  MemoryUsage of job (MB)
	724760  -  ResidentSetSize of job (KB)
...
006 (78851234.011.000) 2026-10-01 15:38:42 Image size of job updated: 724764
	708  -  MemoryUsage of job (MB)
	724764  -  ResidentSetSize of job (KB)
...
006 (78851234.011.000) 2026-10-01 15:43:43 Image size of job updated: 725788
	708  -  MemoryUsage of job (MB)
	724776  -  ResidentSetSize of job (KB)
...
006 (78851234.011.000) 2026-10-01 15:48:43 Image size of job updated: 725788
	708  -  MemoryUsage of job (MB)
	724796  -  ResidentSetSize of job (KB)
...
006 (78851234.011.000) 2026-10-01 15:53:43 Image size of job updated: 725808
	709  -  MemoryUsage of job (MB)
	725808  -  ResidentSetSize of job (KB)
...
006 (78851234.011.000) 2026-10-01 16:03:45 Image size of job updated: 725812
	709  -  MemoryUsage of job (MB)
	725812  -  ResidentSetSize of job (KB)
...
006 (78851234.011.000) 2026-10-01 16:08:45 Image size of job updated: 727864
	711  -  MemoryUsage of job (MB)
	727864  -  ResidentSetSize of job (KB)
...
006 (78851234.011.000) 2026-10-01 16:13:46 Image size of job updated: 727868
	711  -  MemoryUsage of job (MB)
	727868  -  ResidentSetSize of job (KB)
...
006 (78851234.011.000) 2026-10-01 16:18:47 Image size of job updated: 727872
	711  -  MemoryUsage of job (MB)
	727872  -  ResidentSetSize of job (KB)
...
006 (78851234.011.000) 2026-10-01 16:23:47 Image size of job updated: 727876
	711  -  MemoryUsage of job (MB)
	727876  -  ResidentSetSize of job (KB)
...
006 (78851234.011.000) 2026-10-01 16:28:48 Image size of job updated: 728220
	712  -  MemoryUsage of job (MB)
	728220  -  ResidentSetSize of job (KB)
...
004 (78851234.011.000) 2026-10-01 16:42:45 Job was evicted. Code 1019 Subcode 0
	(0) CPU times
		Usr 5 12:21:37, Sys 0 00:17:07  -  Run Remote Usage
		Usr 0 00:00:00, Sys 0 00:00:00  -  Run Local Usage
	0  -  Run Bytes Sent By Job
	0  -  Run Bytes Received By Job
	Reason: Preempted for a Priority user
	Partitionable Resources :     Usage  Request Allocated 
	   Cpus                 :      3.78        4         4 
	   Disk (KB)            :  25000       25000     28672 
	   GPUs                 :                            0 
	   Memory (MB)          :    712        6000      6016 
	   TimeExecute (s)      : 101207                       
	   TimeSlotBusy (s)     : 101207                       
...
001 (78851234.011.000) 2026-10-01 16:47:33 Job executing on host: <10.14.10.94:9618?addrs=10.14.10.94-9618&alias=node2344.cluster.ldas.cit&noUDP&sock=startd_730327_278c>
	SlotName: slot1_27@node2344.cluster.ldas.cit
	CondorScratchDir = "/var/lib/condor/execute/dir_962894/scratch"
	Cpus = 4
	Disk = 28672
	GPUs = 0
	Memory = 6016
...
006 (78851234.011.000) 2026-10-01 19:02:57 Image size of job updated: 803424
	785  -  MemoryUsage of job (MB)
	803416  -  ResidentSetSize of job (KB)
...
006 (78851234.011.000) 2026-10-01 19:07:57 Image size of job updated: 1047260
	1023  -  MemoryUsage of job (MB)
	1047260  -  ResidentSetSize of job (KB)
...
006 (78851234.011.000) 2026-10-01 19:12:58 Image size of job updated: 1257128
	1228  -  MemoryUsage of job (MB)
	1257128  -  ResidentSetSize of job (KB)
...
006 (78851234.011.000) 2026-10-01 19:17:58 Image size of job updated: 1482196
	1448  -  MemoryUsage of job (MB)
	1482196  -  ResidentSetSize of job (KB)
...
006 (78851234.011.000) 2026-10-01 19:22:59 Image size of job updated: 1746232
	1706  -  MemoryUsage of job (MB)
	1746232  -  ResidentSetSize of job (KB)
...
006 (78851234.011.000) 2026-10-01 19:27:59 Image size of job updated: 1759864
	1719  -  MemoryUsage of job (MB)
	1759864  -  ResidentSetSize of job (KB)
...
006 (78851234.011.000) 2026-10-01 19:33:00 Image size of job updated: 1762652
	1721  -  MemoryUsage of job (MB)
	1761636  -  ResidentSetSize of job (KB)
...
006 (78851234.011.000) 2026-10-01 19:38:01 Image size of job updated: 1762652
	1721  -  MemoryUsage of job (MB)
	1761728  -  ResidentSetSize of job (KB)
...
006 (78851234.011.000) 2026-10-01 19:58:03 Image size of job updated: 1762920
	1722  -  MemoryUsage of job (MB)
	1762920  -  ResidentSetSize of job (KB)
...
006 (78851234.011.000) 2026-10-01 20:03:04 Image size of job updated: 1762968
	1722  -  MemoryUsage of job (MB)
	1762968  -  ResidentSetSize of job (KB)
...
006 (78851234.011.000) 2026-10-01 20:08:04 Image size of job updated: 1765180
	1722  -  MemoryUsage of job (MB)
	1763172  -  ResidentSetSize of job (KB)
...
006 (78851234.011.000) 2026-10-01 20:18:05 Image size of job updated: 1765740
	1725  -  MemoryUsage of job (MB)
	1765740  -  ResidentSetSize of job (KB)
...
006 (78851234.011.000) 2026-10-01 20:23:06 Image size of job updated: 1765744
	1725  -  MemoryUsage of job (MB)
	1765740  -  ResidentSetSize of job (KB)
...
006 (78851234.011.000) 2026-10-01 20:28:06 Image size of job updated: 1767432
	1727  -  MemoryUsage of job (MB)
	1767432  -  ResidentSetSize of job (KB)
...
006 (78851234.011.000) 2026-10-01 20:33:06 Image size of job updated: 1767472
	1727  -  MemoryUsage of job (MB)
	1767472  -  ResidentSetSize of job (KB)
...
006 (78851234.011.000) 2026-10-01 20:38:07 Image size of job updated: 1767540
	1727  -  MemoryUsage of job (MB)
	1767472  -  ResidentSetSize of job (KB)
...
006 (78851234.011.000) 2026-10-01 20:48:08 Image size of job updated: 1768556
	1728  -  MemoryUsage of job (MB)
	1768556  -  ResidentSetSize of job (KB)
...
006 (78851234.011.000) 2026-10-01 20:53:08 Image size of job updated: 1768676
	1728  -  MemoryUsage of job (MB)
	1768676  -  ResidentSetSize of job (KB)
...
006 (78851234.011.000) 2026-10-01 20:58:08 Image size of job updated: 1769896
	1729  -  MemoryUsage of job (MB)
	1769816  -  ResidentSetSize of job (KB)
...
006 (78851234.011.000) 2026-10-01 21:03:09 Image size of job updated: 1769896
	1729  -  MemoryUsage of job (MB)
	1769840  -  ResidentSetSize of job (KB)
...
006 (78851234.011.000) 2026-10-01 21:08:09 Image size of job updated: 1771064
	1730  -  MemoryUsage of job (MB)
	1771064  -  ResidentSetSize of job (KB)
...
006 (78851234.011.000) 2026-10-01 21:13:10 Image size of job updated: 1771132
	1730  -  MemoryUsage of job (MB)
	1771064  -  ResidentSetSize of job (KB)
...
006 (78851234.011.000) 2026-10-01 21:18:10 Image size of job updated: 1771164
	1730  -  MemoryUsage of job (MB)
	1771064  -  ResidentSetSize of job (KB)
...
006 (78851234.011.000) 2026-10-01 21:28:11 Image size of job updated: 1772768
	1731  -  MemoryUsage of job (MB)
	1771764  -  ResidentSetSize of job (KB)
...
006 (78851234.011.000) 2026-10-01 21:33:11 Image size of job updated: 1772768
	1731  -  MemoryUsage of job (MB)
	1771792  -  ResidentSetSize of job (KB)
...
006 (78851234.011.000) 2026-10-01 21:38:12 Image size of job updated: 1772768
	1731  -  MemoryUsage of job (MB)
	1771824  -  ResidentSetSize of job (KB)
...
006 (78851234.011.000) 2026-10-01 21:43:12 Image size of job updated: 1774368
	1732  -  MemoryUsage of job (MB)
	1773384  -  ResidentSetSize of job (KB)
...
006 (78851234.011.000) 2026-10-01 21:48:13 Image size of job updated: 1774368
	1732  -  MemoryUsage of job (MB)
	1773424  -  ResidentSetSize of job (KB)
...
006 (78851234.011.000) 2026-10-01 22:33:18 Image size of job updated: 1775768
	1732  -  MemoryUsage of job (MB)
	1773424  -  ResidentSetSize of job (KB)
...
006 (78851234.011.000) 2026-10-01 22:43:19 Image size of job updated: 1779804
	1733  -  MemoryUsage of job (MB)
	1773656  -  ResidentSetSize of job (KB)
...
006 (78851234.011.000) 2026-10-01 22:48:20 Image size of job updated: 1779804
	1733  -  MemoryUsage of job (MB)
	1773672  -  ResidentSetSize of job (KB)
...
006 (78851234.011.000) 2026-10-01 22:53:21 Image size of job updated: 1779804
	1733  -  MemoryUsage of job (MB)
	1773680  -  ResidentSetSize of job (KB)
...
006 (78851234.011.000) 2026-10-01 22:58:21 Image size of job updated: 1779804
	1735  -  MemoryUsage of job (MB)
	1775644  -  ResidentSetSize of job (KB)
...
006 (78851234.011.000) 2026-10-01 23:03:22 Image size of job updated: 1779804
	1735  -  MemoryUsage of job (MB)
	1775660  -  ResidentSetSize of job (KB)
...
006 (78851234.011.000) 2026-10-01 23:18:23 Image size of job updated: 1779804
	1735  -  MemoryUsage of job (MB)
	1776564  -  ResidentSetSize of job (KB)
...
006 (78851234.011.000) 2026-10-01 23:23:24 Image size of job updated: 1779804
	1735  -  MemoryUsage of job (MB)
	1776580  -  ResidentSetSize of job (KB)
...
006 (78851234.011.000) 2026-10-01 23:28:24 Image size of job updated: 1787704
	1746  -  MemoryUsage of job (MB)
	1787704  -  ResidentSetSize of job (KB)
...
006 (78851234.011.000) 2026-10-01 23:33:25 Image size of job updated: 1787728
	1746  -  MemoryUsage of job (MB)
	1787728  -  ResidentSetSize of job (KB)
...
006 (78851234.011.000) 2026-10-01 23:38:26 Image size of job updated: 1792332
	1747  -  MemoryUsage of job (MB)
	1788284  -  ResidentSetSize of job (KB)
...
006 (78851234.011.000) 2026-10-01 23:48:27 Image size of job updated: 1792332
	1748  -  MemoryUsage of job (MB)
	1789928  -  ResidentSetSize of job (KB)
...
006 (78851234.011.000) 2026-10-01 23:53:27 Image size of job updated: 1792332
	1749  -  MemoryUsage of job (MB)
	1789956  -  ResidentSetSize of job (KB)
...
006 (78851234.011.000) 2026-10-01 23:58:28 Image size of job updated: 1792332
	1749  -  MemoryUsage of job (MB)
	1789968  -  ResidentSetSize of job (KB)
...
006 (78851234.011.000) 2026-10-02 00:03:28 Image size of job updated: 1793032
	1752  -  MemoryUsage of job (MB)
	1793032  -  ResidentSetSize of job (KB)
...
006 (78851234.011.000) 2026-10-02 00:13:30 Image size of job updated: 1795596
	1752  -  MemoryUsage of job (MB)
	1793828  -  ResidentSetSize of job (KB)
...
006 (78851234.011.000) 2026-10-02 00:18:30 Image size of job updated: 1795596
	1752  -  MemoryUsage of job (MB)
	1793836  -  ResidentSetSize of job (KB)
...
006 (78851234.011.000) 2026-10-02 00:23:31 Image size of job updated: 1796480
	1755  -  MemoryUsage of job (MB)
	1796480  -  ResidentSetSize of job (KB)
...
006 (78851234.011.000) 2026-10-02 00:28:31 Image size of job updated: 1796488
	1755  -  MemoryUsage of job (MB)
	1796488  -  ResidentSetSize of job (KB)
...
006 (78851234.011.000) 2026-10-02 00:33:32 Image size of job updated: 1797668
	1756  -  MemoryUsage of job (MB)
	1797668  -  ResidentSetSize of job (KB)
...
006 (78851234.011.000) 2026-10-02 00:38:32 Image size of job updated: 1797684
	1756  -  MemoryUsage of job (MB)
	1797684  -  ResidentSetSize of job (KB)
...
006 (78851234.011.000) 2026-10-02 00:43:32 Image size of job updated: 1798704
	1756  -  MemoryUsage of job (MB)
	1797684  -  ResidentSetSize of job (KB)
...
006 (78851234.011.000) 2026-10-02 00:48:33 Image size of job updated: 1798704
	1756  -  MemoryUsage of job (MB)
	1797692  -  ResidentSetSize of job (KB)
...
006 (78851234.011.000) 2026-10-02 00:53:33 Image size of job updated: 1798704
	1756  -  MemoryUsage of job (MB)
	1797708  -  ResidentSetSize of job (KB)
...
006 (78851234.011.000) 2026-10-02 00:58:34 Image size of job updated: 1799740
	1757  -  MemoryUsage of job (MB)
	1798744  -  ResidentSetSize of job (KB)
...
006 (78851234.011.000) 2026-10-02 01:03:34 Image size of job updated: 1799740
	1757  -  MemoryUsage of job (MB)
	1798752  -  ResidentSetSize of job (KB)
...
006 (78851234.011.000) 2026-10-02 01:08:35 Image size of job updated: 1800788
	1759  -  MemoryUsage of job (MB)
	1800788  -  ResidentSetSize of job (KB)
...
006 (78851234.011.000) 2026-10-02 01:13:35 Image size of job updated: 1800796
	1759  -  MemoryUsage of job (MB)
	1800796  -  ResidentSetSize of job (KB)
...
006 (78851234.011.000) 2026-10-02 01:18:36 Image size of job updated: 1801804
	1759  -  MemoryUsage of job (MB)
	1800816  -  ResidentSetSize of job (KB)
...
006 (78851234.011.000) 2026-10-02 01:23:37 Image size of job updated: 1801804
	1759  -  MemoryUsage of job (MB)
	1800820  -  ResidentSetSize of job (KB)
...
006 (78851234.011.000) 2026-10-02 01:28:37 Image size of job updated: 1801804
	1760  -  MemoryUsage of job (MB)
	1801728  -  ResidentSetSize of job (KB)
...
006 (78851234.011.000) 2026-10-02 01:33:38 Image size of job updated: 1801804
	1760  -  MemoryUsage of job (MB)
	1801732  -  ResidentSetSize of job (KB)
...
006 (78851234.011.000) 2026-10-02 01:38:38 Image size of job updated: 1803876
	1760  -  MemoryUsage of job (MB)
	1801848  -  ResidentSetSize of job (KB)
...
006 (78851234.011.000) 2026-10-02 01:43:39 Image size of job updated: 1803876
	1760  -  MemoryUsage of job (MB)
	1801860  -  ResidentSetSize of job (KB)
...
006 (78851234.011.000) 2026-10-02 01:48:39 Image size of job updated: 1803876
	1761  -  MemoryUsage of job (MB)
	1802356  -  ResidentSetSize of job (KB)
...
006 (78851234.011.000) 2026-10-02 01:53:40 Image size of job updated: 1803876
	1761  -  MemoryUsage of job (MB)
	1802360  -  ResidentSetSize of job (KB)
...
006 (78851234.011.000) 2026-10-02 01:58:41 Image size of job updated: 1804608
	1762  -  MemoryUsage of job (MB)
	1803600  -  ResidentSetSize of job (KB)
...
006 (78851234.011.000) 2026-10-02 02:03:41 Image size of job updated: 1804608
	1762  -  MemoryUsage of job (MB)
	1803620  -  ResidentSetSize of job (KB)
...
006 (78851234.011.000) 2026-10-02 02:08:42 Image size of job updated: 1804608
	1762  -  MemoryUsage of job (MB)
	1803624  -  ResidentSetSize of job (KB)
...
006 (78851234.011.000) 2026-10-02 02:13:42 Image size of job updated: 1805928
	1763  -  MemoryUsage of job (MB)
	1804568  -  ResidentSetSize of job (KB)
...
006 (78851234.011.000) 2026-10-02 02:18:43 Image size of job updated: 1805928
	1763  -  MemoryUsage of job (MB)
	1804576  -  ResidentSetSize of job (KB)
...
006 (78851234.011.000) 2026-10-02 02:23:43 Image size of job updated: 1807540
	1764  -  MemoryUsage of job (MB)
	1805516  -  ResidentSetSize of job (KB)
...
006 (78851234.011.000) 2026-10-02 02:28:43 Image size of job updated: 1807540
	1764  -  MemoryUsage of job (MB)
	1805532  -  ResidentSetSize of job (KB)
...
006 (78851234.011.000) 2026-10-02 02:33:44 Image size of job updated: 1807888
	1765  -  MemoryUsage of job (MB)
	1806880  -  ResidentSetSize of job (KB)
...
006 (78851234.011.000) 2026-10-02 02:38:44 Image size of job updated: 1807888
	1765  -  MemoryUsage of job (MB)
	1806920  -  ResidentSetSize of job (KB)
...
006 (78851234.011.000) 2026-10-02 02:43:45 Image size of job updated: 1809032
	1765  -  MemoryUsage of job (MB)
	1806920  -  ResidentSetSize of job (KB)
...
006 (78851234.011.000) 2026-10-02 03:03:46 Image size of job updated: 1809052
	1766  -  MemoryUsage of job (MB)
	1808004  -  ResidentSetSize of job (KB)
...
006 (78851234.011.000) 2026-10-02 03:38:50 Image size of job updated: 1851352
	1766  -  MemoryUsage of job (MB)
	1808004  -  ResidentSetSize of job (KB)
...
006 (78851234.011.000) 2026-10-02 03:58:52 Image size of job updated: 1853704
	1767  -  MemoryUsage of job (MB)
	1808712  -  ResidentSetSize of job (KB)
...
006 (78851234.011.000) 2026-10-02 04:03:53 Image size of job updated: 1853704
	1767  -  MemoryUsage of job (MB)
	1808716  -  ResidentSetSize of job (KB)
...
006 (78851234.011.000) 2026-10-02 04:08:53 Image size of job updated: 1853704
	1770  -  MemoryUsage of job (MB)
	1811596  -  ResidentSetSize of job (KB)
...
006 (78851234.011.000) 2026-10-02 04:18:55 Image size of job updated: 1853704
	1774  -  MemoryUsage of job (MB)
	1816096  -  ResidentSetSize of job (KB)
...
006 (78851234.011.000) 2026-10-02 04:28:56 Image size of job updated: 1862244
	1774  -  MemoryUsage of job (MB)
	1816096  -  ResidentSetSize of job (KB)
...
006 (78851234.011.000) 2026-10-02 05:14:01 Image size of job updated: 1862244
	1779  -  MemoryUsage of job (MB)
	1821056  -  ResidentSetSize of job (KB)
...
006 (78851234.011.000) 2026-10-02 05:19:01 Image size of job updated: 1862244
	1779  -  MemoryUsage of job (MB)
	1821060  -  ResidentSetSize of job (KB)
...
006 (78851234.011.000) 2026-10-02 05:24:02 Image size of job updated: 1863376
	1779  -  MemoryUsage of job (MB)
	1821060  -  ResidentSetSize of job (KB)
...
006 (78851234.011.000) 2026-10-02 05:34:02 Image size of job updated: 1863376
	1783  -  MemoryUsage of job (MB)
	1825284  -  ResidentSetSize of job (KB)
...
006 (78851234.011.000) 2026-10-02 05:39:03 Image size of job updated: 1863376
	1783  -  MemoryUsage of job (MB)
	1825292  -  ResidentSetSize of job (KB)
...
006 (78851234.011.000) 2026-10-02 05:44:03 Image size of job updated: 1869144
	1783  -  MemoryUsage of job (MB)
	1825292  -  ResidentSetSize of job (KB)
...
006 (78851234.011.000) 2026-10-02 06:24:08 Image size of job updated: 1882904
	1783  -  MemoryUsage of job (MB)
	1825292  -  ResidentSetSize of job (KB)
...
006 (78851234.011.000) 2026-10-02 06:29:08 Image size of job updated: 1882904
	1785  -  MemoryUsage of job (MB)
	1826824  -  ResidentSetSize of job (KB)
...
006 (78851234.011.000) 2026-10-02 06:34:09 Image size of job updated: 1882904
	1785  -  MemoryUsage of job (MB)
	1826836  -  ResidentSetSize of job (KB)
...
006 (78851234.011.000) 2026-10-02 06:39:09 Image size of job updated: 1882904
	1785  -  MemoryUsage of job (MB)
	1827488  -  ResidentSetSize of job (KB)
...
006 (78851234.011.000) 2026-10-02 06:44:09 Image size of job updated: 1882904
	1785  -  MemoryUsage of job (MB)
	1827508  -  ResidentSetSize of job (KB)
...
006 (78851234.011.000) 2026-10-02 06:49:10 Image size of job updated: 1882904
	1786  -  MemoryUsage of job (MB)
	1828732  -  ResidentSetSize of job (KB)
...
006 (78851234.011.000) 2026-10-02 06:54:10 Image size of job updated: 1882904
	1786  -  MemoryUsage of job (MB)
	1828752  -  ResidentSetSize of job (KB)
...
006 (78851234.011.000) 2026-10-02 06:59:11 Image size of job updated: 1882904
	1790  -  MemoryUsage of job (MB)
	1832148  -  ResidentSetSize of job (KB)
...
006 (78851234.011.000) 2026-10-02 07:04:12 Image size of job updated: 1882904
	1790  -  MemoryUsage of job (MB)
	1832244  -  ResidentSetSize of job (KB)
...
006 (78851234.011.000) 2026-10-02 07:09:12 Image size of job updated: 1887352
	1790  -  MemoryUsage of job (MB)
	1832244  -  ResidentSetSize of job (KB)
...
006 (78851234.011.000) 2026-10-02 07:19:13 Image size of job updated: 1889576
	1790  -  MemoryUsage of job (MB)
	1832244  -  ResidentSetSize of job (KB)
...
005 (78851234.011.000) 2026-10-02 07:20:03 Job terminated.
	(1) Normal termination (return value 0)
		Usr 5 17:34:44, Sys 0 00:10:02  -  Run Remote Usage
		Usr 0 00:00:00, Sys 0 00:00:00  -  Run Local Usage
		Usr 11 05:56:21, Sys 0 00:27:09  -  Total Remote Usage
		Usr 0 00:00:00, Sys 0 00:00:00  -  Total Local Usage
	0  -  Run Bytes Sent By Job
	0  -  Run Bytes Received By Job
	0  -  Total Bytes Sent By Job
	0  -  Total Bytes Received By Job
	Partitionable Resources :    Usage  Request Allocated 
	   Cpus                 :     1.04        4         4 
	   Disk (KB)            : 25000       25000     28672 
	   GPUs                 :                           0 
	   Memory (MB)          :  1790        6000      6016 
	   TimeExecute (s)      : 52350                       
	   TimeSlotBusy (s)     : 52350                       
...
000 (78854872.011.000) 2026-10-03 17:21:23 Job submitted from host: <10.14.0.121:9618?addrs=10.14.0.121-9618&alias=ldas-pcdev12.ligo.caltech.edu&noUDP&sock=schedd_623140_c9b4>
...
001 (78854872.011.000) 2026-10-03 17:22:10 Job executing on host: <10.14.10.15:9618?addrs=10.14.10.15-9618&alias=node2265.cluster.ldas.cit&noUDP&sock=startd_2538329_24b1>
	SlotName: slot1_2@node2265.cluster.ldas.cit
	CondorScratchDir = "/var/lib/condor/execute/dir_3105968/scratch"
	Cpus = 4
	Disk = 28672
	GPUs = 0
	Memory = 6016
...
006 (78854872.011.000) 2026-10-03 17:22:19 Image size of job updated: 88356
	87  -  MemoryUsage of job (MB)
	88356  -  ResidentSetSize of job (KB)
...
006 (78854872.011.000) 2026-10-03 17:22:51 Image size of job updated: 490968
	87  -  MemoryUsage of job (MB)
	88356  -  ResidentSetSize of job (KB)
...
005 (78854872.011.000) 2026-10-03 17:22:51 Job terminated.
	(1) Normal termination (return value 0)
		Usr 0 00:00:24, Sys 0 00:00:01  -  Run Remote Usage
		Usr 0 00:00:00, Sys 0 00:00:00  -  Run Local Usage
		Usr 0 00:00:24, Sys 0 00:00:01  -  Total Remote Usage
		Usr 0 00:00:00, Sys 0 00:00:00  -  Total Local Usage
	0  -  Run Bytes Sent By Job
	0  -  Run Bytes Received By Job
	0  -  Total Bytes Sent By Job
	0  -  Total Bytes Received By Job
	Partitionable Resources :    Usage  Request Allocated 
	   Cpus                 :        0        4         4 
	   Disk (KB)            :    25000    25000     28672 
	   GPUs                 :                           0 
	   Memory (MB)          :       87     6000      6016 
	   TimeExecute (s)      :       41                    
	   TimeSlotBusy (s)     :       41                    
...
000 (78854906.011.000) 2026-10-03 21:36:50 Job submitted from host: <10.14.0.121:9618?addrs=10.14.0.121-9618&alias=ldas-pcdev12.ligo.caltech.edu&noUDP&sock=schedd_623140_c9b4>
...
001 (78854906.011.000) 2026-10-03 21:38:41 Job executing on host: <10.14.5.193:9618?addrs=10.14.5.193-9618&alias=node1193.cluster.ldas.cit&noUDP&sock=startd_77077_fd4e>
	SlotName: slot1_1@node1193.cluster.ldas.cit
	CondorScratchDir = "/var/lib/condor/execute/dir_733948/scratch"
	Cpus = 4
	Disk = 28672
	GPUs = 0
	Memory = 6016
...
006 (78854906.011.000) 2026-10-03 21:38:51 Image size of job updated: 168948
	165  -  MemoryUsage of job (MB)
	168948  -  ResidentSetSize of job (KB)
...
006 (78854906.011.000) 2026-10-03 21:39:05 Image size of job updated: 491152
	166  -  MemoryUsage of job (MB)
	169096  -  ResidentSetSize of job (KB)
...
005 (78854906.011.000) 2026-10-03 21:39:05 Job terminated.
	(1) Normal termination (return value 0)
		Usr 0 00:00:19, Sys 0 00:00:01  -  Run Remote Usage
		Usr 0 00:00:00, Sys 0 00:00:00  -  Run Local Usage
		Usr 0 00:00:19, Sys 0 00:00:01  -  Total Remote Usage
		Usr 0 00:00:00, Sys 0 00:00:00  -  Total Local Usage
	0  -  Run Bytes Sent By Job
	0  -  Run Bytes Received By Job
	0  -  Total Bytes Sent By Job
	0  -  Total Bytes Received By Job
	Partitionable Resources :    Usage  Request Allocated 
	   Cpus                 :        0        4         4 
	   Disk (KB)            :    25000    25000     28672 
	   GPUs                 :                           0 
	   Memory (MB)          :      166     6000      6016 
	   TimeExecute (s)      :       24                    
	   TimeSlotBusy (s)     :       24                    
...
000 (78855135.011.000) 2026-10-04 13:44:55 Job submitted from host: <10.14.0.121:9618?addrs=10.14.0.121-9618&alias=ldas-pcdev12.ligo.caltech.edu&noUDP&sock=schedd_623140_c9b4>
...
001 (78855135.011.000) 2026-10-04 13:49:18 Job executing on host: <10.14.8.218:9618?addrs=10.14.8.218-9618&alias=node1968.cluster.ldas.cit&noUDP&sock=startd_36078_15ec>
	SlotName: slot1_1@node1968.cluster.ldas.cit
	CondorScratchDir = "/var/lib/condor/execute/dir_302169/scratch"
	Cpus = 4
	Disk = 28672
	GPUs = 0
	Memory = 6016
...
006 (78855135.011.000) 2026-10-04 13:49:26 Image size of job updated: 107620
	106  -  MemoryUsage of job (MB)
	107620  -  ResidentSetSize of job (KB)
...
006 (78855135.011.000) 2026-10-04 13:49:51 Image size of job updated: 491176
	106  -  MemoryUsage of job (MB)
	107620  -  ResidentSetSize of job (KB)
...
005 (78855135.011.000) 2026-10-04 13:49:52 Job terminated.
	(1) Normal termination (return value 0)
		Usr 0 00:00:20, Sys 0 00:00:01  -  Run Remote Usage
		Usr 0 00:00:00, Sys 0 00:00:00  -  Run Local Usage
		Usr 0 00:00:20, Sys 0 00:00:01  -  Total Remote Usage
		Usr 0 00:00:00, Sys 0 00:00:00  -  Total Local Usage
	0  -  Run Bytes Sent By Job
	0  -  Run Bytes Received By Job
	0  -  Total Bytes Sent By Job
	0  -  Total Bytes Received By Job
	Partitionable Resources :    Usage  Request Allocated 
	   Cpus                 :                 4         4 
	   Disk (KB)            :    25000    25000     28672 
	   GPUs                 :                           0 
	   Memory (MB)          :      106     6000      6016 
	   TimeExecute (s)      :       33                    
	   TimeSlotBusy (s)     :       34                    
...
