13:49 bilby INFO    : Waveform generator initiated with
  frequency_domain_source_model: bilby.gw.source.lal_binary_black_hole_individual_modes
  time_domain_source_model: None
  parameter_conversion: bilby.gw.conversion.convert_to_lal_binary_black_hole_parameters
/home/pratyusava.baral/Modified_Dispersion/src/bilby-x-g/bilby/gw/detector/interferometer.py:511: RuntimeWarning: divide by zero encountered in scalar power
  lambda_A = h * np.abs(A) ** (1/(a-2))
13:49 bilby INFO    : No prior given, using default BNS priors in /home/pratyusava.baral/Modified_Dispersion/src/bilby-x-g/bilby/gw/prior_files/aligned_spins_bns_tides_on.prior.
13:49 bilby INFO    : Running for label 'None', output will be saved to '/scratch/pratyusava.baral/Modified_Dispersion/bilby/run_directory/CE_1p0MW_AplusCoat_flow10/A0/results/12'
13:49 bilby INFO    : Performing redundancy check using BBHPriorDict(self).test_redundancy
13:49 bilby INFO    : Performing redundancy check using BBHPriorDict(self).test_redundancy
13:49 bilby INFO    : Performing redundancy check using BBHPriorDict(self).test_redundancy
13:49 bilby INFO    : Performing redundancy check using BBHPriorDict(self).test_redundancy
13:49 bilby INFO    : Performing redundancy check using BBHPriorDict(self).test_redundancy
13:49 bilby INFO    : Performing redundancy check using BBHPriorDict(self).test_redundancy
13:49 bilby INFO    : Performing redundancy check using BBHPriorDict(self).test_redundancy
13:49 bilby INFO    : Performing redundancy check using BBHPriorDict(self).test_redundancy
13:49 bilby INFO    : Performing redundancy check using BBHPriorDict(self).test_redundancy
13:49 bilby INFO    : Performing redundancy check using BBHPriorDict(self).test_redundancy
13:49 bilby INFO    : Performing redundancy check using BBHPriorDict(self).test_redundancy
13:49 bilby INFO    : Performing redundancy check using BBHPriorDict(self).test_redundancy
13:49 bilby INFO    : Performing redundancy check using BBHPriorDict(self).test_redundancy
13:49 bilby INFO    : Performing redundancy check using BBHPriorDict(self).test_redundancy
13:49 bilby INFO    : Using lal version 7.7.1
13:49 bilby INFO    : Using lal git version Branch: None;Tag: lalsuite-v7.26.15;Id: 2c00d8c200308422036d0a23b7c0394f7c73faad;;Builder: Unknown User <>;Repository status: CLEAN: All modifications committed
13:49 bilby INFO    : Using lalsimulation version 6.2.1
13:49 bilby INFO    : Using lalsimulation git version Branch: None;Tag: lalsuite-v7.26.15;Id: 2c00d8c200308422036d0a23b7c0394f7c73faad;;Builder: Unknown User <>;Repository status: CLEAN: All modifications committed

[notice] A new release of pip is available: 24.0 -> 26.2.1
[notice] To update, run: /scratch/pratyusava.baral/Modified_Dispersion/src/dispersion/bin/python -m pip install --upgrade pip
13:49 bilby INFO    : Analysis priors:
13:49 bilby INFO    : mass_ratio=Uniform(minimum=0.33956070252468795, maximum=1, name='mass_ratio', latex_label='$q$', unit=None, boundary=None)
13:49 bilby INFO    : chirp_mass=Uniform(minimum=35.04426990440692, maximum=35.224269904406924, name='chirp_mass', latex_label='$\\mathcal{M}$', unit=None, boundary=None)
13:49 bilby INFO    : luminosity_distance=Uniform(minimum=1320.2772250340086, maximum=1440.2772250340086, name='luminosity_distance', latex_label='$d_L$', unit=None, boundary=None)
13:49 bilby INFO    : dec=Cosine(minimum=-1.5707963267948966, maximum=1.5707963267948966, name='dec', latex_label='$\\mathrm{DEC}$', unit=None, boundary=None)
13:49 bilby INFO    : ra=Uniform(minimum=0, maximum=6.283185307179586, name='ra', latex_label='$\\mathrm{RA}$', unit=None, boundary='periodic')
13:49 bilby INFO    : theta_jn=Sine(minimum=0, maximum=3.141592653589793, name='theta_jn', latex_label='$\\theta_{JN}$', unit=None, boundary=None)
13:49 bilby INFO    : psi=Uniform(minimum=0, maximum=3.141592653589793, name='psi', latex_label='$\\psi$', unit=None, boundary='periodic')
13:49 bilby INFO    : phase=Uniform(minimum=0, maximum=6.283185307179586, name='phase', latex_label='$\\phi$', unit=None, boundary='periodic')
13:49 bilby INFO    : chi_1=bilby.gw.prior.AlignedSpin(a_prior=Uniform(minimum=0, maximum=0.99, name=None, latex_label=None, unit=None, boundary=None), z_prior=Uniform(minimum=-1, maximum=1, name=None, latex_label=None, unit=None, boundary=None), name='chi_1', latex_label='$\\chi_1$', unit=None, boundary=None, minimum=-0.99, maximum=0.99)
13:49 bilby INFO    : chi_2=bilby.gw.prior.AlignedSpin(a_prior=Uniform(minimum=0, maximum=0.99, name=None, latex_label=None, unit=None, boundary=None), z_prior=Uniform(minimum=-1, maximum=1, name=None, latex_label=None, unit=None, boundary=None), name='chi_2', latex_label='$\\chi_2$', unit=None, boundary=None, minimum=-0.99, maximum=0.99)
13:49 bilby INFO    : A=SymmetricLogUniform(minimum=1e-05, maximum=0.1, name='A', latex_label='A', unit=None, boundary=None)
13:49 bilby INFO    : CE_time=Uniform(minimum=1943367732.1169841, maximum=1943367732.118984, name='CE_time', latex_label='$t_{CE}$', unit='$s$', boundary=None)
13:49 bilby INFO    : a=0
13:49 bilby INFO    : fiducial=0
13:49 bilby INFO    : Analysis likelihood class: <class 'bilby.gw.likelihood.relative.RelativeBinningGravitationalWaveTransientNextGenerationModebyMode'>
13:49 bilby INFO    : Analysis likelihood noise evidence: -235157.42344741442
13:49 bilby INFO    : Single likelihood evaluation took 2.176e-02 s
13:49 bilby INFO    : Using sampler Dynesty with kwargs {'nlive': 500, 'bound': 'live', 'sample': 'acceptance-walk', 'periodic': None, 'reflective': None, 'update_interval': 600, 'first_update': None, 'npdim': None, 'rstate': None, 'queue_size': 16, 'pool': None, 'use_pool': None, 'live_points': None, 'logl_args': None, 'logl_kwargs': None, 'ptform_args': None, 'ptform_kwargs': None, 'gradient': None, 'grad_args': None, 'grad_kwargs': None, 'compute_jac': False, 'enlarge': None, 'bootstrap': None, 'walks': 100, 'facc': 0.2, 'slices': None, 'fmove': 0.9, 'max_move': 100, 'update_func': None, 'ncdim': None, 'blob': False, 'save_history': False, 'history_filename': None, 'maxiter': None, 'maxcall': None, 'dlogz': 0.01, 'logl_max': inf, 'n_effective': None, 'add_live': True, 'print_progress': True, 'print_func': <bound method Dynesty._print_func of <bilby.core.sampler.dynesty.Dynesty object at 0x15321810a8d0>>, 'save_bounds': False, 'checkpoint_file': None, 'checkpoint_every': 60, 'resume': False, 'seed': None}
13:49 bilby INFO    : Checkpoint every check_point_delta_t = 600s
13:49 bilby INFO    : Using dynesty version 2.1.5
13:49 bilby INFO    : Using the bilby-implemented acceptance-walk sampling with an average of 60.0 accepted steps per MCMC and maximum length 5000
13:49 bilby INFO    : Setting up multiproccesing pool with 16 processes
13:49 bilby INFO    : Reading resume file /scratch/pratyusava.baral/Modified_Dispersion/bilby/run_directory/CE_1p0MW_AplusCoat_flow10/A0/results/12/None_resume.pickle
13:49 bilby INFO    : Resume file successfully loaded.
13:55 bilby INFO    : Written checkpoint file /scratch/pratyusava.baral/Modified_Dispersion/bilby/run_directory/CE_1p0MW_AplusCoat_flow10/A0/results/12/None_resume.pickle
/scratch/pratyusava.baral/Modified_Dispersion/src/dispersion/lib/python3.11/site-packages/dynesty/plotting.py:252: RuntimeWarning: overflow encountered in exp
  np.exp(logwt), logz if logplot else np.exp(logz)
/scratch/pratyusava.baral/Modified_Dispersion/src/dispersion/lib/python3.11/site-packages/dynesty/plotting.py:282: RuntimeWarning: overflow encountered in exp
  zspan = (0., 1.05 * np.exp(logz[-1] + 3. * logzerr[-1]))
13:55 bilby WARNING : Axis limits cannot be NaN or Inf
13:55 bilby WARNING : Failed to create dynesty run plot at checkpoint
14:08 bilby INFO    : Written checkpoint file /scratch/pratyusava.baral/Modified_Dispersion/bilby/run_directory/CE_1p0MW_AplusCoat_flow10/A0/results/12/None_resume.pickle
/scratch/pratyusava.baral/Modified_Dispersion/src/dispersion/lib/python3.11/site-packages/dynesty/plotting.py:252: RuntimeWarning: overflow encountered in exp
  np.exp(logwt), logz if logplot else np.exp(logz)
/scratch/pratyusava.baral/Modified_Dispersion/src/dispersion/lib/python3.11/site-packages/dynesty/plotting.py:282: RuntimeWarning: overflow encountered in exp
  zspan = (0., 1.05 * np.exp(logz[-1] + 3. * logzerr[-1]))
14:08 bilby WARNING : Axis limits cannot be NaN or Inf
14:08 bilby WARNING : Failed to create dynesty run plot at checkpoint
14:19 bilby INFO    : Written checkpoint file /scratch/pratyusava.baral/Modified_Dispersion/bilby/run_directory/CE_1p0MW_AplusCoat_flow10/A0/results/12/None_resume.pickle
/scratch/pratyusava.baral/Modified_Dispersion/src/dispersion/lib/python3.11/site-packages/dynesty/plotting.py:252: RuntimeWarning: overflow encountered in exp
  np.exp(logwt), logz if logplot else np.exp(logz)
/scratch/pratyusava.baral/Modified_Dispersion/src/dispersion/lib/python3.11/site-packages/dynesty/plotting.py:282: RuntimeWarning: overflow encountered in exp
  zspan = (0., 1.05 * np.exp(logz[-1] + 3. * logzerr[-1]))
14:20 bilby WARNING : Axis limits cannot be NaN or Inf
14:20 bilby WARNING : Failed to create dynesty run plot at checkpoint
14:31 bilby INFO    : Written checkpoint file /scratch/pratyusava.baral/Modified_Dispersion/bilby/run_directory/CE_1p0MW_AplusCoat_flow10/A0/results/12/None_resume.pickle
/scratch/pratyusava.baral/Modified_Dispersion/src/dispersion/lib/python3.11/site-packages/dynesty/plotting.py:252: RuntimeWarning: overflow encountered in exp
  np.exp(logwt), logz if logplot else np.exp(logz)
/scratch/pratyusava.baral/Modified_Dispersion/src/dispersion/lib/python3.11/site-packages/dynesty/plotting.py:282: RuntimeWarning: overflow encountered in exp
  zspan = (0., 1.05 * np.exp(logz[-1] + 3. * logzerr[-1]))
14:32 bilby WARNING : Axis limits cannot be NaN or Inf
14:32 bilby WARNING : Failed to create dynesty run plot at checkpoint
14:43 bilby INFO    : Written checkpoint file /scratch/pratyusava.baral/Modified_Dispersion/bilby/run_directory/CE_1p0MW_AplusCoat_flow10/A0/results/12/None_resume.pickle
/scratch/pratyusava.baral/Modified_Dispersion/src/dispersion/lib/python3.11/site-packages/dynesty/plotting.py:252: RuntimeWarning: overflow encountered in exp
  np.exp(logwt), logz if logplot else np.exp(logz)
/scratch/pratyusava.baral/Modified_Dispersion/src/dispersion/lib/python3.11/site-packages/dynesty/plotting.py:282: RuntimeWarning: overflow encountered in exp
  zspan = (0., 1.05 * np.exp(logz[-1] + 3. * logzerr[-1]))
14:43 bilby WARNING : Axis limits cannot be NaN or Inf
14:43 bilby WARNING : Failed to create dynesty run plot at checkpoint
14:55 bilby INFO    : Written checkpoint file /scratch/pratyusava.baral/Modified_Dispersion/bilby/run_directory/CE_1p0MW_AplusCoat_flow10/A0/results/12/None_resume.pickle
/scratch/pratyusava.baral/Modified_Dispersion/src/dispersion/lib/python3.11/site-packages/dynesty/plotting.py:252: RuntimeWarning: overflow encountered in exp
  np.exp(logwt), logz if logplot else np.exp(logz)
/scratch/pratyusava.baral/Modified_Dispersion/src/dispersion/lib/python3.11/site-packages/dynesty/plotting.py:282: RuntimeWarning: overflow encountered in exp
  zspan = (0., 1.05 * np.exp(logz[-1] + 3. * logzerr[-1]))
14:55 bilby WARNING : Axis limits cannot be NaN or Inf
14:55 bilby WARNING : Failed to create dynesty run plot at checkpoint
15:07 bilby INFO    : Written checkpoint file /scratch/pratyusava.baral/Modified_Dispersion/bilby/run_directory/CE_1p0MW_AplusCoat_flow10/A0/results/12/None_resume.pickle
/scratch/pratyusava.baral/Modified_Dispersion/src/dispersion/lib/python3.11/site-packages/dynesty/plotting.py:252: RuntimeWarning: overflow encountered in exp
  np.exp(logwt), logz if logplot else np.exp(logz)
/scratch/pratyusava.baral/Modified_Dispersion/src/dispersion/lib/python3.11/site-packages/dynesty/plotting.py:282: RuntimeWarning: overflow encountered in exp
  zspan = (0., 1.05 * np.exp(logz[-1] + 3. * logzerr[-1]))
15:08 bilby WARNING : Axis limits cannot be NaN or Inf
15:08 bilby WARNING : Failed to create dynesty run plot at checkpoint
15:20 bilby INFO    : Written checkpoint file /scratch/pratyusava.baral/Modified_Dispersion/bilby/run_directory/CE_1p0MW_AplusCoat_flow10/A0/results/12/None_resume.pickle
/scratch/pratyusava.baral/Modified_Dispersion/src/dispersion/lib/python3.11/site-packages/dynesty/plotting.py:252: RuntimeWarning: overflow encountered in exp
  np.exp(logwt), logz if logplot else np.exp(logz)
/scratch/pratyusava.baral/Modified_Dispersion/src/dispersion/lib/python3.11/site-packages/dynesty/plotting.py:282: RuntimeWarning: overflow encountered in exp
  zspan = (0., 1.05 * np.exp(logz[-1] + 3. * logzerr[-1]))
15:20 bilby WARNING : Axis limits cannot be NaN or Inf
15:20 bilby WARNING : Failed to create dynesty run plot at checkpoint
15:32 bilby INFO    : Written checkpoint file /scratch/pratyusava.baral/Modified_Dispersion/bilby/run_directory/CE_1p0MW_AplusCoat_flow10/A0/results/12/None_resume.pickle
/scratch/pratyusava.baral/Modified_Dispersion/src/dispersion/lib/python3.11/site-packages/dynesty/plotting.py:252: RuntimeWarning: overflow encountered in exp
  np.exp(logwt), logz if logplot else np.exp(logz)
/scratch/pratyusava.baral/Modified_Dispersion/src/dispersion/lib/python3.11/site-packages/dynesty/plotting.py:282: RuntimeWarning: overflow encountered in exp
  zspan = (0., 1.05 * np.exp(logz[-1] + 3. * logzerr[-1]))
15:33 bilby WARNING : Axis limits cannot be NaN or Inf
15:33 bilby WARNING : Failed to create dynesty run plot at checkpoint
15:44 bilby INFO    : Written checkpoint file /scratch/pratyusava.baral/Modified_Dispersion/bilby/run_directory/CE_1p0MW_AplusCoat_flow10/A0/results/12/None_resume.pickle
/scratch/pratyusava.baral/Modified_Dispersion/src/dispersion/lib/python3.11/site-packages/dynesty/plotting.py:252: RuntimeWarning: overflow encountered in exp
  np.exp(logwt), logz if logplot else np.exp(logz)
/scratch/pratyusava.baral/Modified_Dispersion/src/dispersion/lib/python3.11/site-packages/dynesty/plotting.py:282: RuntimeWarning: overflow encountered in exp
  zspan = (0., 1.05 * np.exp(logz[-1] + 3. * logzerr[-1]))
15:44 bilby WARNING : Axis limits cannot be NaN or Inf
15:44 bilby WARNING : Failed to create dynesty run plot at checkpoint
15:56 bilby INFO    : Written checkpoint file /scratch/pratyusava.baral/Modified_Dispersion/bilby/run_directory/CE_1p0MW_AplusCoat_flow10/A0/results/12/None_resume.pickle
/scratch/pratyusava.baral/Modified_Dispersion/src/dispersion/lib/python3.11/site-packages/dynesty/plotting.py:252: RuntimeWarning: overflow encountered in exp
  np.exp(logwt), logz if logplot else np.exp(logz)
/scratch/pratyusava.baral/Modified_Dispersion/src/dispersion/lib/python3.11/site-packages/dynesty/plotting.py:282: RuntimeWarning: overflow encountered in exp
  zspan = (0., 1.05 * np.exp(logz[-1] + 3. * logzerr[-1]))
15:56 bilby WARNING : Axis limits cannot be NaN or Inf
15:56 bilby WARNING : Failed to create dynesty run plot at checkpoint
16:07 bilby INFO    : Written checkpoint file /scratch/pratyusava.baral/Modified_Dispersion/bilby/run_directory/CE_1p0MW_AplusCoat_flow10/A0/results/12/None_resume.pickle
/scratch/pratyusava.baral/Modified_Dispersion/src/dispersion/lib/python3.11/site-packages/dynesty/plotting.py:252: RuntimeWarning: overflow encountered in exp
  np.exp(logwt), logz if logplot else np.exp(logz)
/scratch/pratyusava.baral/Modified_Dispersion/src/dispersion/lib/python3.11/site-packages/dynesty/plotting.py:282: RuntimeWarning: overflow encountered in exp
  zspan = (0., 1.05 * np.exp(logz[-1] + 3. * logzerr[-1]))
16:07 bilby WARNING : Axis limits cannot be NaN or Inf
16:07 bilby WARNING : Failed to create dynesty run plot at checkpoint
16:20 bilby INFO    : Written checkpoint file /scratch/pratyusava.baral/Modified_Dispersion/bilby/run_directory/CE_1p0MW_AplusCoat_flow10/A0/results/12/None_resume.pickle
/scratch/pratyusava.baral/Modified_Dispersion/src/dispersion/lib/python3.11/site-packages/dynesty/plotting.py:252: RuntimeWarning: overflow encountered in exp
  np.exp(logwt), logz if logplot else np.exp(logz)
/scratch/pratyusava.baral/Modified_Dispersion/src/dispersion/lib/python3.11/site-packages/dynesty/plotting.py:282: RuntimeWarning: overflow encountered in exp
  zspan = (0., 1.05 * np.exp(logz[-1] + 3. * logzerr[-1]))
16:20 bilby WARNING : Axis limits cannot be NaN or Inf
16:20 bilby WARNING : Failed to create dynesty run plot at checkpoint
16:32 bilby INFO    : Written checkpoint file /scratch/pratyusava.baral/Modified_Dispersion/bilby/run_directory/CE_1p0MW_AplusCoat_flow10/A0/results/12/None_resume.pickle
/scratch/pratyusava.baral/Modified_Dispersion/src/dispersion/lib/python3.11/site-packages/dynesty/plotting.py:252: RuntimeWarning: overflow encountered in exp
  np.exp(logwt), logz if logplot else np.exp(logz)
/scratch/pratyusava.baral/Modified_Dispersion/src/dispersion/lib/python3.11/site-packages/dynesty/plotting.py:282: RuntimeWarning: overflow encountered in exp
  zspan = (0., 1.05 * np.exp(logz[-1] + 3. * logzerr[-1]))
16:32 bilby WARNING : Axis limits cannot be NaN or Inf
16:32 bilby WARNING : Failed to create dynesty run plot at checkpoint
16:44 bilby INFO    : Written checkpoint file /scratch/pratyusava.baral/Modified_Dispersion/bilby/run_directory/CE_1p0MW_AplusCoat_flow10/A0/results/12/None_resume.pickle
/scratch/pratyusava.baral/Modified_Dispersion/src/dispersion/lib/python3.11/site-packages/dynesty/plotting.py:252: RuntimeWarning: overflow encountered in exp
  np.exp(logwt), logz if logplot else np.exp(logz)
/scratch/pratyusava.baral/Modified_Dispersion/src/dispersion/lib/python3.11/site-packages/dynesty/plotting.py:282: RuntimeWarning: overflow encountered in exp
  zspan = (0., 1.05 * np.exp(logz[-1] + 3. * logzerr[-1]))
16:44 bilby WARNING : Axis limits cannot be NaN or Inf
16:44 bilby WARNING : Failed to create dynesty run plot at checkpoint
16:57 bilby INFO    : Written checkpoint file /scratch/pratyusava.baral/Modified_Dispersion/bilby/run_directory/CE_1p0MW_AplusCoat_flow10/A0/results/12/None_resume.pickle
/scratch/pratyusava.baral/Modified_Dispersion/src/dispersion/lib/python3.11/site-packages/dynesty/plotting.py:252: RuntimeWarning: overflow encountered in exp
  np.exp(logwt), logz if logplot else np.exp(logz)
/scratch/pratyusava.baral/Modified_Dispersion/src/dispersion/lib/python3.11/site-packages/dynesty/plotting.py:282: RuntimeWarning: overflow encountered in exp
  zspan = (0., 1.05 * np.exp(logz[-1] + 3. * logzerr[-1]))
16:57 bilby WARNING : Axis limits cannot be NaN or Inf
16:57 bilby WARNING : Failed to create dynesty run plot at checkpoint
17:07 bilby INFO    : Written checkpoint file /scratch/pratyusava.baral/Modified_Dispersion/bilby/run_directory/CE_1p0MW_AplusCoat_flow10/A0/results/12/None_resume.pickle
/scratch/pratyusava.baral/Modified_Dispersion/src/dispersion/lib/python3.11/site-packages/dynesty/plotting.py:252: RuntimeWarning: overflow encountered in exp
  np.exp(logwt), logz if logplot else np.exp(logz)
/scratch/pratyusava.baral/Modified_Dispersion/src/dispersion/lib/python3.11/site-packages/dynesty/plotting.py:282: RuntimeWarning: overflow encountered in exp
  zspan = (0., 1.05 * np.exp(logz[-1] + 3. * logzerr[-1]))
17:07 bilby WARNING : Axis limits cannot be NaN or Inf
17:07 bilby WARNING : Failed to create dynesty run plot at checkpoint
17:18 bilby INFO    : Written checkpoint file /scratch/pratyusava.baral/Modified_Dispersion/bilby/run_directory/CE_1p0MW_AplusCoat_flow10/A0/results/12/None_resume.pickle
/scratch/pratyusava.baral/Modified_Dispersion/src/dispersion/lib/python3.11/site-packages/dynesty/plotting.py:252: RuntimeWarning: overflow encountered in exp
  np.exp(logwt), logz if logplot else np.exp(logz)
/scratch/pratyusava.baral/Modified_Dispersion/src/dispersion/lib/python3.11/site-packages/dynesty/plotting.py:282: RuntimeWarning: overflow encountered in exp
  zspan = (0., 1.05 * np.exp(logz[-1] + 3. * logzerr[-1]))
17:18 bilby WARNING : Axis limits cannot be NaN or Inf
17:18 bilby WARNING : Failed to create dynesty run plot at checkpoint
17:28 bilby INFO    : Written checkpoint file /scratch/pratyusava.baral/Modified_Dispersion/bilby/run_directory/CE_1p0MW_AplusCoat_flow10/A0/results/12/None_resume.pickle
/scratch/pratyusava.baral/Modified_Dispersion/src/dispersion/lib/python3.11/site-packages/dynesty/plotting.py:252: RuntimeWarning: overflow encountered in exp
  np.exp(logwt), logz if logplot else np.exp(logz)
/scratch/pratyusava.baral/Modified_Dispersion/src/dispersion/lib/python3.11/site-packages/dynesty/plotting.py:282: RuntimeWarning: overflow encountered in exp
  zspan = (0., 1.05 * np.exp(logz[-1] + 3. * logzerr[-1]))
17:28 bilby WARNING : Axis limits cannot be NaN or Inf
17:28 bilby WARNING : Failed to create dynesty run plot at checkpoint
17:39 bilby INFO    : Written checkpoint file /scratch/pratyusava.baral/Modified_Dispersion/bilby/run_directory/CE_1p0MW_AplusCoat_flow10/A0/results/12/None_resume.pickle
/scratch/pratyusava.baral/Modified_Dispersion/src/dispersion/lib/python3.11/site-packages/dynesty/plotting.py:252: RuntimeWarning: overflow encountered in exp
  np.exp(logwt), logz if logplot else np.exp(logz)
/scratch/pratyusava.baral/Modified_Dispersion/src/dispersion/lib/python3.11/site-packages/dynesty/plotting.py:282: RuntimeWarning: overflow encountered in exp
  zspan = (0., 1.05 * np.exp(logz[-1] + 3. * logzerr[-1]))
17:39 bilby WARNING : Axis limits cannot be NaN or Inf
17:39 bilby WARNING : Failed to create dynesty run plot at checkpoint
17:50 bilby INFO    : Written checkpoint file /scratch/pratyusava.baral/Modified_Dispersion/bilby/run_directory/CE_1p0MW_AplusCoat_flow10/A0/results/12/None_resume.pickle
/scratch/pratyusava.baral/Modified_Dispersion/src/dispersion/lib/python3.11/site-packages/dynesty/plotting.py:252: RuntimeWarning: overflow encountered in exp
  np.exp(logwt), logz if logplot else np.exp(logz)
/scratch/pratyusava.baral/Modified_Dispersion/src/dispersion/lib/python3.11/site-packages/dynesty/plotting.py:282: RuntimeWarning: overflow encountered in exp
  zspan = (0., 1.05 * np.exp(logz[-1] + 3. * logzerr[-1]))
17:50 bilby WARNING : Axis limits cannot be NaN or Inf
17:50 bilby WARNING : Failed to create dynesty run plot at checkpoint
18:00 bilby INFO    : Written checkpoint file /scratch/pratyusava.baral/Modified_Dispersion/bilby/run_directory/CE_1p0MW_AplusCoat_flow10/A0/results/12/None_resume.pickle
/scratch/pratyusava.baral/Modified_Dispersion/src/dispersion/lib/python3.11/site-packages/dynesty/plotting.py:252: RuntimeWarning: overflow encountered in exp
  np.exp(logwt), logz if logplot else np.exp(logz)
/scratch/pratyusava.baral/Modified_Dispersion/src/dispersion/lib/python3.11/site-packages/dynesty/plotting.py:282: RuntimeWarning: overflow encountered in exp
  zspan = (0., 1.05 * np.exp(logz[-1] + 3. * logzerr[-1]))
18:00 bilby WARNING : Axis limits cannot be NaN or Inf
18:00 bilby WARNING : Failed to create dynesty run plot at checkpoint
18:11 bilby INFO    : Written checkpoint file /scratch/pratyusava.baral/Modified_Dispersion/bilby/run_directory/CE_1p0MW_AplusCoat_flow10/A0/results/12/None_resume.pickle
/scratch/pratyusava.baral/Modified_Dispersion/src/dispersion/lib/python3.11/site-packages/dynesty/plotting.py:252: RuntimeWarning: overflow encountered in exp
  np.exp(logwt), logz if logplot else np.exp(logz)
/scratch/pratyusava.baral/Modified_Dispersion/src/dispersion/lib/python3.11/site-packages/dynesty/plotting.py:282: RuntimeWarning: overflow encountered in exp
  zspan = (0., 1.05 * np.exp(logz[-1] + 3. * logzerr[-1]))
18:11 bilby WARNING : Axis limits cannot be NaN or Inf
18:11 bilby WARNING : Failed to create dynesty run plot at checkpoint
18:23 bilby INFO    : Written checkpoint file /scratch/pratyusava.baral/Modified_Dispersion/bilby/run_directory/CE_1p0MW_AplusCoat_flow10/A0/results/12/None_resume.pickle
/scratch/pratyusava.baral/Modified_Dispersion/src/dispersion/lib/python3.11/site-packages/dynesty/plotting.py:252: RuntimeWarning: overflow encountered in exp
  np.exp(logwt), logz if logplot else np.exp(logz)
/scratch/pratyusava.baral/Modified_Dispersion/src/dispersion/lib/python3.11/site-packages/dynesty/plotting.py:282: RuntimeWarning: overflow encountered in exp
  zspan = (0., 1.05 * np.exp(logz[-1] + 3. * logzerr[-1]))
18:24 bilby WARNING : Axis limits cannot be NaN or Inf
18:24 bilby WARNING : Failed to create dynesty run plot at checkpoint
18:34 bilby INFO    : Written checkpoint file /scratch/pratyusava.baral/Modified_Dispersion/bilby/run_directory/CE_1p0MW_AplusCoat_flow10/A0/results/12/None_resume.pickle
/scratch/pratyusava.baral/Modified_Dispersion/src/dispersion/lib/python3.11/site-packages/dynesty/plotting.py:252: RuntimeWarning: overflow encountered in exp
  np.exp(logwt), logz if logplot else np.exp(logz)
/scratch/pratyusava.baral/Modified_Dispersion/src/dispersion/lib/python3.11/site-packages/dynesty/plotting.py:282: RuntimeWarning: overflow encountered in exp
  zspan = (0., 1.05 * np.exp(logz[-1] + 3. * logzerr[-1]))
18:34 bilby WARNING : Axis limits cannot be NaN or Inf
18:34 bilby WARNING : Failed to create dynesty run plot at checkpoint
18:46 bilby INFO    : Written checkpoint file /scratch/pratyusava.baral/Modified_Dispersion/bilby/run_directory/CE_1p0MW_AplusCoat_flow10/A0/results/12/None_resume.pickle
/scratch/pratyusava.baral/Modified_Dispersion/src/dispersion/lib/python3.11/site-packages/dynesty/plotting.py:252: RuntimeWarning: overflow encountered in exp
  np.exp(logwt), logz if logplot else np.exp(logz)
/scratch/pratyusava.baral/Modified_Dispersion/src/dispersion/lib/python3.11/site-packages/dynesty/plotting.py:282: RuntimeWarning: overflow encountered in exp
  zspan = (0., 1.05 * np.exp(logz[-1] + 3. * logzerr[-1]))
18:46 bilby WARNING : Axis limits cannot be NaN or Inf
18:46 bilby WARNING : Failed to create dynesty run plot at checkpoint
18:59 bilby INFO    : Written checkpoint file /scratch/pratyusava.baral/Modified_Dispersion/bilby/run_directory/CE_1p0MW_AplusCoat_flow10/A0/results/12/None_resume.pickle
/scratch/pratyusava.baral/Modified_Dispersion/src/dispersion/lib/python3.11/site-packages/dynesty/plotting.py:252: RuntimeWarning: overflow encountered in exp
  np.exp(logwt), logz if logplot else np.exp(logz)
/scratch/pratyusava.baral/Modified_Dispersion/src/dispersion/lib/python3.11/site-packages/dynesty/plotting.py:282: RuntimeWarning: overflow encountered in exp
  zspan = (0., 1.05 * np.exp(logz[-1] + 3. * logzerr[-1]))
18:59 bilby WARNING : Axis limits cannot be NaN or Inf
18:59 bilby WARNING : Failed to create dynesty run plot at checkpoint
19:10 bilby INFO    : Written checkpoint file /scratch/pratyusava.baral/Modified_Dispersion/bilby/run_directory/CE_1p0MW_AplusCoat_flow10/A0/results/12/None_resume.pickle
/scratch/pratyusava.baral/Modified_Dispersion/src/dispersion/lib/python3.11/site-packages/dynesty/plotting.py:252: RuntimeWarning: overflow encountered in exp
  np.exp(logwt), logz if logplot else np.exp(logz)
/scratch/pratyusava.baral/Modified_Dispersion/src/dispersion/lib/python3.11/site-packages/dynesty/plotting.py:282: RuntimeWarning: overflow encountered in exp
  zspan = (0., 1.05 * np.exp(logz[-1] + 3. * logzerr[-1]))
19:10 bilby WARNING : Axis limits cannot be NaN or Inf
19:10 bilby WARNING : Failed to create dynesty run plot at checkpoint
19:21 bilby INFO    : Written checkpoint file /scratch/pratyusava.baral/Modified_Dispersion/bilby/run_directory/CE_1p0MW_AplusCoat_flow10/A0/results/12/None_resume.pickle
/scratch/pratyusava.baral/Modified_Dispersion/src/dispersion/lib/python3.11/site-packages/dynesty/plotting.py:252: RuntimeWarning: overflow encountered in exp
  np.exp(logwt), logz if logplot else np.exp(logz)
/scratch/pratyusava.baral/Modified_Dispersion/src/dispersion/lib/python3.11/site-packages/dynesty/plotting.py:282: RuntimeWarning: overflow encountered in exp
  zspan = (0., 1.05 * np.exp(logz[-1] + 3. * logzerr[-1]))
19:21 bilby WARNING : Axis limits cannot be NaN or Inf
19:21 bilby WARNING : Failed to create dynesty run plot at checkpoint
19:32 bilby INFO    : Written checkpoint file /scratch/pratyusava.baral/Modified_Dispersion/bilby/run_directory/CE_1p0MW_AplusCoat_flow10/A0/results/12/None_resume.pickle
/scratch/pratyusava.baral/Modified_Dispersion/src/dispersion/lib/python3.11/site-packages/dynesty/plotting.py:252: RuntimeWarning: overflow encountered in exp
  np.exp(logwt), logz if logplot else np.exp(logz)
/scratch/pratyusava.baral/Modified_Dispersion/src/dispersion/lib/python3.11/site-packages/dynesty/plotting.py:282: RuntimeWarning: overflow encountered in exp
  zspan = (0., 1.05 * np.exp(logz[-1] + 3. * logzerr[-1]))
19:32 bilby WARNING : Axis limits cannot be NaN or Inf
19:32 bilby WARNING : Failed to create dynesty run plot at checkpoint
19:43 bilby INFO    : Written checkpoint file /scratch/pratyusava.baral/Modified_Dispersion/bilby/run_directory/CE_1p0MW_AplusCoat_flow10/A0/results/12/None_resume.pickle
/scratch/pratyusava.baral/Modified_Dispersion/src/dispersion/lib/python3.11/site-packages/dynesty/plotting.py:252: RuntimeWarning: overflow encountered in exp
  np.exp(logwt), logz if logplot else np.exp(logz)
/scratch/pratyusava.baral/Modified_Dispersion/src/dispersion/lib/python3.11/site-packages/dynesty/plotting.py:282: RuntimeWarning: overflow encountered in exp
  zspan = (0., 1.05 * np.exp(logz[-1] + 3. * logzerr[-1]))
19:43 bilby WARNING : Axis limits cannot be NaN or Inf
19:43 bilby WARNING : Failed to create dynesty run plot at checkpoint
19:55 bilby INFO    : Written checkpoint file /scratch/pratyusava.baral/Modified_Dispersion/bilby/run_directory/CE_1p0MW_AplusCoat_flow10/A0/results/12/None_resume.pickle
/scratch/pratyusava.baral/Modified_Dispersion/src/dispersion/lib/python3.11/site-packages/dynesty/plotting.py:252: RuntimeWarning: overflow encountered in exp
  np.exp(logwt), logz if logplot else np.exp(logz)
/scratch/pratyusava.baral/Modified_Dispersion/src/dispersion/lib/python3.11/site-packages/dynesty/plotting.py:282: RuntimeWarning: overflow encountered in exp
  zspan = (0., 1.05 * np.exp(logz[-1] + 3. * logzerr[-1]))
19:55 bilby WARNING : Axis limits cannot be NaN or Inf
19:55 bilby WARNING : Failed to create dynesty run plot at checkpoint
20:06 bilby INFO    : Written checkpoint file /scratch/pratyusava.baral/Modified_Dispersion/bilby/run_directory/CE_1p0MW_AplusCoat_flow10/A0/results/12/None_resume.pickle
/scratch/pratyusava.baral/Modified_Dispersion/src/dispersion/lib/python3.11/site-packages/dynesty/plotting.py:252: RuntimeWarning: overflow encountered in exp
  np.exp(logwt), logz if logplot else np.exp(logz)
/scratch/pratyusava.baral/Modified_Dispersion/src/dispersion/lib/python3.11/site-packages/dynesty/plotting.py:282: RuntimeWarning: overflow encountered in exp
  zspan = (0., 1.05 * np.exp(logz[-1] + 3. * logzerr[-1]))
20:06 bilby WARNING : Axis limits cannot be NaN or Inf
20:06 bilby WARNING : Failed to create dynesty run plot at checkpoint
20:16 bilby INFO    : Written checkpoint file /scratch/pratyusava.baral/Modified_Dispersion/bilby/run_directory/CE_1p0MW_AplusCoat_flow10/A0/results/12/None_resume.pickle
/scratch/pratyusava.baral/Modified_Dispersion/src/dispersion/lib/python3.11/site-packages/dynesty/plotting.py:252: RuntimeWarning: overflow encountered in exp
  np.exp(logwt), logz if logplot else np.exp(logz)
/scratch/pratyusava.baral/Modified_Dispersion/src/dispersion/lib/python3.11/site-packages/dynesty/plotting.py:282: RuntimeWarning: overflow encountered in exp
  zspan = (0., 1.05 * np.exp(logz[-1] + 3. * logzerr[-1]))
20:17 bilby WARNING : Axis limits cannot be NaN or Inf
20:17 bilby WARNING : Failed to create dynesty run plot at checkpoint
20:28 bilby INFO    : Written checkpoint file /scratch/pratyusava.baral/Modified_Dispersion/bilby/run_directory/CE_1p0MW_AplusCoat_flow10/A0/results/12/None_resume.pickle
/scratch/pratyusava.baral/Modified_Dispersion/src/dispersion/lib/python3.11/site-packages/dynesty/plotting.py:252: RuntimeWarning: overflow encountered in exp
  np.exp(logwt), logz if logplot else np.exp(logz)
/scratch/pratyusava.baral/Modified_Dispersion/src/dispersion/lib/python3.11/site-packages/dynesty/plotting.py:282: RuntimeWarning: overflow encountered in exp
  zspan = (0., 1.05 * np.exp(logz[-1] + 3. * logzerr[-1]))
20:28 bilby WARNING : Axis limits cannot be NaN or Inf
20:28 bilby WARNING : Failed to create dynesty run plot at checkpoint
20:40 bilby INFO    : Written checkpoint file /scratch/pratyusava.baral/Modified_Dispersion/bilby/run_directory/CE_1p0MW_AplusCoat_flow10/A0/results/12/None_resume.pickle
/scratch/pratyusava.baral/Modified_Dispersion/src/dispersion/lib/python3.11/site-packages/dynesty/plotting.py:252: RuntimeWarning: overflow encountered in exp
  np.exp(logwt), logz if logplot else np.exp(logz)
/scratch/pratyusava.baral/Modified_Dispersion/src/dispersion/lib/python3.11/site-packages/dynesty/plotting.py:282: RuntimeWarning: overflow encountered in exp
  zspan = (0., 1.05 * np.exp(logz[-1] + 3. * logzerr[-1]))
20:40 bilby WARNING : Axis limits cannot be NaN or Inf
20:40 bilby WARNING : Failed to create dynesty run plot at checkpoint
20:52 bilby INFO    : Written checkpoint file /scratch/pratyusava.baral/Modified_Dispersion/bilby/run_directory/CE_1p0MW_AplusCoat_flow10/A0/results/12/None_resume.pickle
/scratch/pratyusava.baral/Modified_Dispersion/src/dispersion/lib/python3.11/site-packages/dynesty/plotting.py:252: RuntimeWarning: overflow encountered in exp
  np.exp(logwt), logz if logplot else np.exp(logz)
/scratch/pratyusava.baral/Modified_Dispersion/src/dispersion/lib/python3.11/site-packages/dynesty/plotting.py:282: RuntimeWarning: overflow encountered in exp
  zspan = (0., 1.05 * np.exp(logz[-1] + 3. * logzerr[-1]))
20:52 bilby WARNING : Axis limits cannot be NaN or Inf
20:52 bilby WARNING : Failed to create dynesty run plot at checkpoint
21:04 bilby INFO    : Written checkpoint file /scratch/pratyusava.baral/Modified_Dispersion/bilby/run_directory/CE_1p0MW_AplusCoat_flow10/A0/results/12/None_resume.pickle
/scratch/pratyusava.baral/Modified_Dispersion/src/dispersion/lib/python3.11/site-packages/dynesty/plotting.py:252: RuntimeWarning: overflow encountered in exp
  np.exp(logwt), logz if logplot else np.exp(logz)
/scratch/pratyusava.baral/Modified_Dispersion/src/dispersion/lib/python3.11/site-packages/dynesty/plotting.py:282: RuntimeWarning: overflow encountered in exp
  zspan = (0., 1.05 * np.exp(logz[-1] + 3. * logzerr[-1]))
21:04 bilby WARNING : Axis limits cannot be NaN or Inf
21:04 bilby WARNING : Failed to create dynesty run plot at checkpoint
21:16 bilby INFO    : Written checkpoint file /scratch/pratyusava.baral/Modified_Dispersion/bilby/run_directory/CE_1p0MW_AplusCoat_flow10/A0/results/12/None_resume.pickle
/scratch/pratyusava.baral/Modified_Dispersion/src/dispersion/lib/python3.11/site-packages/dynesty/plotting.py:252: RuntimeWarning: overflow encountered in exp
  np.exp(logwt), logz if logplot else np.exp(logz)
/scratch/pratyusava.baral/Modified_Dispersion/src/dispersion/lib/python3.11/site-packages/dynesty/plotting.py:282: RuntimeWarning: overflow encountered in exp
  zspan = (0., 1.05 * np.exp(logz[-1] + 3. * logzerr[-1]))
21:16 bilby WARNING : Axis limits cannot be NaN or Inf
21:16 bilby WARNING : Failed to create dynesty run plot at checkpoint
21:26 bilby INFO    : Written checkpoint file /scratch/pratyusava.baral/Modified_Dispersion/bilby/run_directory/CE_1p0MW_AplusCoat_flow10/A0/results/12/None_resume.pickle
/scratch/pratyusava.baral/Modified_Dispersion/src/dispersion/lib/python3.11/site-packages/dynesty/plotting.py:252: RuntimeWarning: overflow encountered in exp
  np.exp(logwt), logz if logplot else np.exp(logz)
/scratch/pratyusava.baral/Modified_Dispersion/src/dispersion/lib/python3.11/site-packages/dynesty/plotting.py:282: RuntimeWarning: overflow encountered in exp
  zspan = (0., 1.05 * np.exp(logz[-1] + 3. * logzerr[-1]))
21:27 bilby WARNING : Axis limits cannot be NaN or Inf
21:27 bilby WARNING : Failed to create dynesty run plot at checkpoint
21:37 bilby INFO    : Written checkpoint file /scratch/pratyusava.baral/Modified_Dispersion/bilby/run_directory/CE_1p0MW_AplusCoat_flow10/A0/results/12/None_resume.pickle
/scratch/pratyusava.baral/Modified_Dispersion/src/dispersion/lib/python3.11/site-packages/dynesty/plotting.py:252: RuntimeWarning: overflow encountered in exp
  np.exp(logwt), logz if logplot else np.exp(logz)
/scratch/pratyusava.baral/Modified_Dispersion/src/dispersion/lib/python3.11/site-packages/dynesty/plotting.py:282: RuntimeWarning: overflow encountered in exp
  zspan = (0., 1.05 * np.exp(logz[-1] + 3. * logzerr[-1]))
21:37 bilby WARNING : Axis limits cannot be NaN or Inf
21:37 bilby WARNING : Failed to create dynesty run plot at checkpoint
21:48 bilby INFO    : Written checkpoint file /scratch/pratyusava.baral/Modified_Dispersion/bilby/run_directory/CE_1p0MW_AplusCoat_flow10/A0/results/12/None_resume.pickle
/scratch/pratyusava.baral/Modified_Dispersion/src/dispersion/lib/python3.11/site-packages/dynesty/plotting.py:252: RuntimeWarning: overflow encountered in exp
  np.exp(logwt), logz if logplot else np.exp(logz)
/scratch/pratyusava.baral/Modified_Dispersion/src/dispersion/lib/python3.11/site-packages/dynesty/plotting.py:282: RuntimeWarning: overflow encountered in exp
  zspan = (0., 1.05 * np.exp(logz[-1] + 3. * logzerr[-1]))
21:48 bilby WARNING : Axis limits cannot be NaN or Inf
21:48 bilby WARNING : Failed to create dynesty run plot at checkpoint
22:00 bilby INFO    : Written checkpoint file /scratch/pratyusava.baral/Modified_Dispersion/bilby/run_directory/CE_1p0MW_AplusCoat_flow10/A0/results/12/None_resume.pickle
/scratch/pratyusava.baral/Modified_Dispersion/src/dispersion/lib/python3.11/site-packages/dynesty/plotting.py:252: RuntimeWarning: overflow encountered in exp
  np.exp(logwt), logz if logplot else np.exp(logz)
/scratch/pratyusava.baral/Modified_Dispersion/src/dispersion/lib/python3.11/site-packages/dynesty/plotting.py:282: RuntimeWarning: overflow encountered in exp
  zspan = (0., 1.05 * np.exp(logz[-1] + 3. * logzerr[-1]))
22:00 bilby WARNING : Axis limits cannot be NaN or Inf
22:00 bilby WARNING : Failed to create dynesty run plot at checkpoint
22:12 bilby INFO    : Written checkpoint file /scratch/pratyusava.baral/Modified_Dispersion/bilby/run_directory/CE_1p0MW_AplusCoat_flow10/A0/results/12/None_resume.pickle
/scratch/pratyusava.baral/Modified_Dispersion/src/dispersion/lib/python3.11/site-packages/dynesty/plotting.py:252: RuntimeWarning: overflow encountered in exp
  np.exp(logwt), logz if logplot else np.exp(logz)
/scratch/pratyusava.baral/Modified_Dispersion/src/dispersion/lib/python3.11/site-packages/dynesty/plotting.py:282: RuntimeWarning: overflow encountered in exp
  zspan = (0., 1.05 * np.exp(logz[-1] + 3. * logzerr[-1]))
22:12 bilby WARNING : Axis limits cannot be NaN or Inf
22:12 bilby WARNING : Failed to create dynesty run plot at checkpoint
22:24 bilby INFO    : Written checkpoint file /scratch/pratyusava.baral/Modified_Dispersion/bilby/run_directory/CE_1p0MW_AplusCoat_flow10/A0/results/12/None_resume.pickle
/scratch/pratyusava.baral/Modified_Dispersion/src/dispersion/lib/python3.11/site-packages/dynesty/plotting.py:252: RuntimeWarning: overflow encountered in exp
  np.exp(logwt), logz if logplot else np.exp(logz)
/scratch/pratyusava.baral/Modified_Dispersion/src/dispersion/lib/python3.11/site-packages/dynesty/plotting.py:282: RuntimeWarning: overflow encountered in exp
  zspan = (0., 1.05 * np.exp(logz[-1] + 3. * logzerr[-1]))
22:24 bilby WARNING : Axis limits cannot be NaN or Inf
22:24 bilby WARNING : Failed to create dynesty run plot at checkpoint
22:35 bilby INFO    : Written checkpoint file /scratch/pratyusava.baral/Modified_Dispersion/bilby/run_directory/CE_1p0MW_AplusCoat_flow10/A0/results/12/None_resume.pickle
/scratch/pratyusava.baral/Modified_Dispersion/src/dispersion/lib/python3.11/site-packages/dynesty/plotting.py:252: RuntimeWarning: overflow encountered in exp
  np.exp(logwt), logz if logplot else np.exp(logz)
/scratch/pratyusava.baral/Modified_Dispersion/src/dispersion/lib/python3.11/site-packages/dynesty/plotting.py:282: RuntimeWarning: overflow encountered in exp
  zspan = (0., 1.05 * np.exp(logz[-1] + 3. * logzerr[-1]))
22:35 bilby WARNING : Axis limits cannot be NaN or Inf
22:35 bilby WARNING : Failed to create dynesty run plot at checkpoint
22:45 bilby INFO    : Written checkpoint file /scratch/pratyusava.baral/Modified_Dispersion/bilby/run_directory/CE_1p0MW_AplusCoat_flow10/A0/results/12/None_resume.pickle
/scratch/pratyusava.baral/Modified_Dispersion/src/dispersion/lib/python3.11/site-packages/dynesty/plotting.py:252: RuntimeWarning: overflow encountered in exp
  np.exp(logwt), logz if logplot else np.exp(logz)
/scratch/pratyusava.baral/Modified_Dispersion/src/dispersion/lib/python3.11/site-packages/dynesty/plotting.py:282: RuntimeWarning: overflow encountered in exp
  zspan = (0., 1.05 * np.exp(logz[-1] + 3. * logzerr[-1]))
22:45 bilby WARNING : Axis limits cannot be NaN or Inf
22:45 bilby WARNING : Failed to create dynesty run plot at checkpoint
22:56 bilby INFO    : Written checkpoint file /scratch/pratyusava.baral/Modified_Dispersion/bilby/run_directory/CE_1p0MW_AplusCoat_flow10/A0/results/12/None_resume.pickle
/scratch/pratyusava.baral/Modified_Dispersion/src/dispersion/lib/python3.11/site-packages/dynesty/plotting.py:252: RuntimeWarning: overflow encountered in exp
  np.exp(logwt), logz if logplot else np.exp(logz)
/scratch/pratyusava.baral/Modified_Dispersion/src/dispersion/lib/python3.11/site-packages/dynesty/plotting.py:282: RuntimeWarning: overflow encountered in exp
  zspan = (0., 1.05 * np.exp(logz[-1] + 3. * logzerr[-1]))
22:56 bilby WARNING : Axis limits cannot be NaN or Inf
22:56 bilby WARNING : Failed to create dynesty run plot at checkpoint
23:07 bilby INFO    : Written checkpoint file /scratch/pratyusava.baral/Modified_Dispersion/bilby/run_directory/CE_1p0MW_AplusCoat_flow10/A0/results/12/None_resume.pickle
/scratch/pratyusava.baral/Modified_Dispersion/src/dispersion/lib/python3.11/site-packages/dynesty/plotting.py:252: RuntimeWarning: overflow encountered in exp
  np.exp(logwt), logz if logplot else np.exp(logz)
/scratch/pratyusava.baral/Modified_Dispersion/src/dispersion/lib/python3.11/site-packages/dynesty/plotting.py:282: RuntimeWarning: overflow encountered in exp
  zspan = (0., 1.05 * np.exp(logz[-1] + 3. * logzerr[-1]))
23:07 bilby WARNING : Axis limits cannot be NaN or Inf
23:07 bilby WARNING : Failed to create dynesty run plot at checkpoint
23:17 bilby INFO    : Written checkpoint file /scratch/pratyusava.baral/Modified_Dispersion/bilby/run_directory/CE_1p0MW_AplusCoat_flow10/A0/results/12/None_resume.pickle
/scratch/pratyusava.baral/Modified_Dispersion/src/dispersion/lib/python3.11/site-packages/dynesty/plotting.py:252: RuntimeWarning: overflow encountered in exp
  np.exp(logwt), logz if logplot else np.exp(logz)
/scratch/pratyusava.baral/Modified_Dispersion/src/dispersion/lib/python3.11/site-packages/dynesty/plotting.py:282: RuntimeWarning: overflow encountered in exp
  zspan = (0., 1.05 * np.exp(logz[-1] + 3. * logzerr[-1]))
23:17 bilby WARNING : Axis limits cannot be NaN or Inf
23:17 bilby WARNING : Failed to create dynesty run plot at checkpoint
23:27 bilby INFO    : Written checkpoint file /scratch/pratyusava.baral/Modified_Dispersion/bilby/run_directory/CE_1p0MW_AplusCoat_flow10/A0/results/12/None_resume.pickle
/scratch/pratyusava.baral/Modified_Dispersion/src/dispersion/lib/python3.11/site-packages/dynesty/plotting.py:252: RuntimeWarning: overflow encountered in exp
  np.exp(logwt), logz if logplot else np.exp(logz)
/scratch/pratyusava.baral/Modified_Dispersion/src/dispersion/lib/python3.11/site-packages/dynesty/plotting.py:282: RuntimeWarning: overflow encountered in exp
  zspan = (0., 1.05 * np.exp(logz[-1] + 3. * logzerr[-1]))
23:27 bilby WARNING : Axis limits cannot be NaN or Inf
23:27 bilby WARNING : Failed to create dynesty run plot at checkpoint
23:38 bilby INFO    : Written checkpoint file /scratch/pratyusava.baral/Modified_Dispersion/bilby/run_directory/CE_1p0MW_AplusCoat_flow10/A0/results/12/None_resume.pickle
/scratch/pratyusava.baral/Modified_Dispersion/src/dispersion/lib/python3.11/site-packages/dynesty/plotting.py:252: RuntimeWarning: overflow encountered in exp
  np.exp(logwt), logz if logplot else np.exp(logz)
/scratch/pratyusava.baral/Modified_Dispersion/src/dispersion/lib/python3.11/site-packages/dynesty/plotting.py:282: RuntimeWarning: overflow encountered in exp
  zspan = (0., 1.05 * np.exp(logz[-1] + 3. * logzerr[-1]))
23:38 bilby WARNING : Axis limits cannot be NaN or Inf
23:38 bilby WARNING : Failed to create dynesty run plot at checkpoint
23:48 bilby INFO    : Written checkpoint file /scratch/pratyusava.baral/Modified_Dispersion/bilby/run_directory/CE_1p0MW_AplusCoat_flow10/A0/results/12/None_resume.pickle
/scratch/pratyusava.baral/Modified_Dispersion/src/dispersion/lib/python3.11/site-packages/dynesty/plotting.py:252: RuntimeWarning: overflow encountered in exp
  np.exp(logwt), logz if logplot else np.exp(logz)
/scratch/pratyusava.baral/Modified_Dispersion/src/dispersion/lib/python3.11/site-packages/dynesty/plotting.py:282: RuntimeWarning: overflow encountered in exp
  zspan = (0., 1.05 * np.exp(logz[-1] + 3. * logzerr[-1]))
23:48 bilby WARNING : Axis limits cannot be NaN or Inf
23:48 bilby WARNING : Failed to create dynesty run plot at checkpoint
23:59 bilby INFO    : Written checkpoint file /scratch/pratyusava.baral/Modified_Dispersion/bilby/run_directory/CE_1p0MW_AplusCoat_flow10/A0/results/12/None_resume.pickle
/scratch/pratyusava.baral/Modified_Dispersion/src/dispersion/lib/python3.11/site-packages/dynesty/plotting.py:252: RuntimeWarning: overflow encountered in exp
  np.exp(logwt), logz if logplot else np.exp(logz)
/scratch/pratyusava.baral/Modified_Dispersion/src/dispersion/lib/python3.11/site-packages/dynesty/plotting.py:282: RuntimeWarning: overflow encountered in exp
  zspan = (0., 1.05 * np.exp(logz[-1] + 3. * logzerr[-1]))
23:59 bilby WARNING : Axis limits cannot be NaN or Inf
23:59 bilby WARNING : Failed to create dynesty run plot at checkpoint
00:09 bilby INFO    : Written checkpoint file /scratch/pratyusava.baral/Modified_Dispersion/bilby/run_directory/CE_1p0MW_AplusCoat_flow10/A0/results/12/None_resume.pickle
/scratch/pratyusava.baral/Modified_Dispersion/src/dispersion/lib/python3.11/site-packages/dynesty/plotting.py:252: RuntimeWarning: overflow encountered in exp
  np.exp(logwt), logz if logplot else np.exp(logz)
/scratch/pratyusava.baral/Modified_Dispersion/src/dispersion/lib/python3.11/site-packages/dynesty/plotting.py:282: RuntimeWarning: overflow encountered in exp
  zspan = (0., 1.05 * np.exp(logz[-1] + 3. * logzerr[-1]))
00:10 bilby WARNING : Axis limits cannot be NaN or Inf
00:10 bilby WARNING : Failed to create dynesty run plot at checkpoint
00:20 bilby INFO    : Written checkpoint file /scratch/pratyusava.baral/Modified_Dispersion/bilby/run_directory/CE_1p0MW_AplusCoat_flow10/A0/results/12/None_resume.pickle
/scratch/pratyusava.baral/Modified_Dispersion/src/dispersion/lib/python3.11/site-packages/dynesty/plotting.py:252: RuntimeWarning: overflow encountered in exp
  np.exp(logwt), logz if logplot else np.exp(logz)
/scratch/pratyusava.baral/Modified_Dispersion/src/dispersion/lib/python3.11/site-packages/dynesty/plotting.py:282: RuntimeWarning: overflow encountered in exp
  zspan = (0., 1.05 * np.exp(logz[-1] + 3. * logzerr[-1]))
00:20 bilby WARNING : Axis limits cannot be NaN or Inf
00:20 bilby WARNING : Failed to create dynesty run plot at checkpoint
00:31 bilby INFO    : Written checkpoint file /scratch/pratyusava.baral/Modified_Dispersion/bilby/run_directory/CE_1p0MW_AplusCoat_flow10/A0/results/12/None_resume.pickle
/scratch/pratyusava.baral/Modified_Dispersion/src/dispersion/lib/python3.11/site-packages/dynesty/plotting.py:252: RuntimeWarning: overflow encountered in exp
  np.exp(logwt), logz if logplot else np.exp(logz)
/scratch/pratyusava.baral/Modified_Dispersion/src/dispersion/lib/python3.11/site-packages/dynesty/plotting.py:282: RuntimeWarning: overflow encountered in exp
  zspan = (0., 1.05 * np.exp(logz[-1] + 3. * logzerr[-1]))
00:31 bilby WARNING : Axis limits cannot be NaN or Inf
00:31 bilby WARNING : Failed to create dynesty run plot at checkpoint
00:42 bilby INFO    : Written checkpoint file /scratch/pratyusava.baral/Modified_Dispersion/bilby/run_directory/CE_1p0MW_AplusCoat_flow10/A0/results/12/None_resume.pickle
/scratch/pratyusava.baral/Modified_Dispersion/src/dispersion/lib/python3.11/site-packages/dynesty/plotting.py:252: RuntimeWarning: overflow encountered in exp
  np.exp(logwt), logz if logplot else np.exp(logz)
/scratch/pratyusava.baral/Modified_Dispersion/src/dispersion/lib/python3.11/site-packages/dynesty/plotting.py:282: RuntimeWarning: overflow encountered in exp
  zspan = (0., 1.05 * np.exp(logz[-1] + 3. * logzerr[-1]))
00:42 bilby WARNING : Axis limits cannot be NaN or Inf
00:42 bilby WARNING : Failed to create dynesty run plot at checkpoint
00:52 bilby INFO    : Written checkpoint file /scratch/pratyusava.baral/Modified_Dispersion/bilby/run_directory/CE_1p0MW_AplusCoat_flow10/A0/results/12/None_resume.pickle
/scratch/pratyusava.baral/Modified_Dispersion/src/dispersion/lib/python3.11/site-packages/dynesty/plotting.py:252: RuntimeWarning: overflow encountered in exp
  np.exp(logwt), logz if logplot else np.exp(logz)
/scratch/pratyusava.baral/Modified_Dispersion/src/dispersion/lib/python3.11/site-packages/dynesty/plotting.py:282: RuntimeWarning: overflow encountered in exp
  zspan = (0., 1.05 * np.exp(logz[-1] + 3. * logzerr[-1]))
00:52 bilby WARNING : Axis limits cannot be NaN or Inf
00:52 bilby WARNING : Failed to create dynesty run plot at checkpoint
01:03 bilby INFO    : Written checkpoint file /scratch/pratyusava.baral/Modified_Dispersion/bilby/run_directory/CE_1p0MW_AplusCoat_flow10/A0/results/12/None_resume.pickle
/scratch/pratyusava.baral/Modified_Dispersion/src/dispersion/lib/python3.11/site-packages/dynesty/plotting.py:252: RuntimeWarning: overflow encountered in exp
  np.exp(logwt), logz if logplot else np.exp(logz)
/scratch/pratyusava.baral/Modified_Dispersion/src/dispersion/lib/python3.11/site-packages/dynesty/plotting.py:282: RuntimeWarning: overflow encountered in exp
  zspan = (0., 1.05 * np.exp(logz[-1] + 3. * logzerr[-1]))
01:03 bilby WARNING : Axis limits cannot be NaN or Inf
01:03 bilby WARNING : Failed to create dynesty run plot at checkpoint
01:13 bilby INFO    : Written checkpoint file /scratch/pratyusava.baral/Modified_Dispersion/bilby/run_directory/CE_1p0MW_AplusCoat_flow10/A0/results/12/None_resume.pickle
/scratch/pratyusava.baral/Modified_Dispersion/src/dispersion/lib/python3.11/site-packages/dynesty/plotting.py:252: RuntimeWarning: overflow encountered in exp
  np.exp(logwt), logz if logplot else np.exp(logz)
/scratch/pratyusava.baral/Modified_Dispersion/src/dispersion/lib/python3.11/site-packages/dynesty/plotting.py:282: RuntimeWarning: overflow encountered in exp
  zspan = (0., 1.05 * np.exp(logz[-1] + 3. * logzerr[-1]))
01:14 bilby WARNING : Axis limits cannot be NaN or Inf
01:14 bilby WARNING : Failed to create dynesty run plot at checkpoint
01:24 bilby INFO    : Written checkpoint file /scratch/pratyusava.baral/Modified_Dispersion/bilby/run_directory/CE_1p0MW_AplusCoat_flow10/A0/results/12/None_resume.pickle
/scratch/pratyusava.baral/Modified_Dispersion/src/dispersion/lib/python3.11/site-packages/dynesty/plotting.py:252: RuntimeWarning: overflow encountered in exp
  np.exp(logwt), logz if logplot else np.exp(logz)
/scratch/pratyusava.baral/Modified_Dispersion/src/dispersion/lib/python3.11/site-packages/dynesty/plotting.py:282: RuntimeWarning: overflow encountered in exp
  zspan = (0., 1.05 * np.exp(logz[-1] + 3. * logzerr[-1]))
01:25 bilby WARNING : Axis limits cannot be NaN or Inf
01:25 bilby WARNING : Failed to create dynesty run plot at checkpoint
01:36 bilby INFO    : Written checkpoint file /scratch/pratyusava.baral/Modified_Dispersion/bilby/run_directory/CE_1p0MW_AplusCoat_flow10/A0/results/12/None_resume.pickle
/scratch/pratyusava.baral/Modified_Dispersion/src/dispersion/lib/python3.11/site-packages/dynesty/plotting.py:252: RuntimeWarning: overflow encountered in exp
  np.exp(logwt), logz if logplot else np.exp(logz)
/scratch/pratyusava.baral/Modified_Dispersion/src/dispersion/lib/python3.11/site-packages/dynesty/plotting.py:282: RuntimeWarning: overflow encountered in exp
  zspan = (0., 1.05 * np.exp(logz[-1] + 3. * logzerr[-1]))
01:36 bilby WARNING : Axis limits cannot be NaN or Inf
01:36 bilby WARNING : Failed to create dynesty run plot at checkpoint
01:47 bilby INFO    : Written checkpoint file /scratch/pratyusava.baral/Modified_Dispersion/bilby/run_directory/CE_1p0MW_AplusCoat_flow10/A0/results/12/None_resume.pickle
/scratch/pratyusava.baral/Modified_Dispersion/src/dispersion/lib/python3.11/site-packages/dynesty/plotting.py:252: RuntimeWarning: overflow encountered in exp
  np.exp(logwt), logz if logplot else np.exp(logz)
/scratch/pratyusava.baral/Modified_Dispersion/src/dispersion/lib/python3.11/site-packages/dynesty/plotting.py:282: RuntimeWarning: overflow encountered in exp
  zspan = (0., 1.05 * np.exp(logz[-1] + 3. * logzerr[-1]))
01:47 bilby WARNING : Axis limits cannot be NaN or Inf
01:47 bilby WARNING : Failed to create dynesty run plot at checkpoint
01:58 bilby INFO    : Written checkpoint file /scratch/pratyusava.baral/Modified_Dispersion/bilby/run_directory/CE_1p0MW_AplusCoat_flow10/A0/results/12/None_resume.pickle
/scratch/pratyusava.baral/Modified_Dispersion/src/dispersion/lib/python3.11/site-packages/dynesty/plotting.py:252: RuntimeWarning: overflow encountered in exp
  np.exp(logwt), logz if logplot else np.exp(logz)
/scratch/pratyusava.baral/Modified_Dispersion/src/dispersion/lib/python3.11/site-packages/dynesty/plotting.py:282: RuntimeWarning: overflow encountered in exp
  zspan = (0., 1.05 * np.exp(logz[-1] + 3. * logzerr[-1]))
01:58 bilby WARNING : Axis limits cannot be NaN or Inf
01:58 bilby WARNING : Failed to create dynesty run plot at checkpoint
02:10 bilby INFO    : Written checkpoint file /scratch/pratyusava.baral/Modified_Dispersion/bilby/run_directory/CE_1p0MW_AplusCoat_flow10/A0/results/12/None_resume.pickle
/scratch/pratyusava.baral/Modified_Dispersion/src/dispersion/lib/python3.11/site-packages/dynesty/plotting.py:252: RuntimeWarning: overflow encountered in exp
  np.exp(logwt), logz if logplot else np.exp(logz)
/scratch/pratyusava.baral/Modified_Dispersion/src/dispersion/lib/python3.11/site-packages/dynesty/plotting.py:282: RuntimeWarning: overflow encountered in exp
  zspan = (0., 1.05 * np.exp(logz[-1] + 3. * logzerr[-1]))
02:10 bilby WARNING : Axis limits cannot be NaN or Inf
02:10 bilby WARNING : Failed to create dynesty run plot at checkpoint
02:22 bilby INFO    : Written checkpoint file /scratch/pratyusava.baral/Modified_Dispersion/bilby/run_directory/CE_1p0MW_AplusCoat_flow10/A0/results/12/None_resume.pickle
/scratch/pratyusava.baral/Modified_Dispersion/src/dispersion/lib/python3.11/site-packages/dynesty/plotting.py:252: RuntimeWarning: overflow encountered in exp
  np.exp(logwt), logz if logplot else np.exp(logz)
/scratch/pratyusava.baral/Modified_Dispersion/src/dispersion/lib/python3.11/site-packages/dynesty/plotting.py:282: RuntimeWarning: overflow encountered in exp
  zspan = (0., 1.05 * np.exp(logz[-1] + 3. * logzerr[-1]))
02:22 bilby WARNING : Axis limits cannot be NaN or Inf
02:22 bilby WARNING : Failed to create dynesty run plot at checkpoint
02:34 bilby INFO    : Written checkpoint file /scratch/pratyusava.baral/Modified_Dispersion/bilby/run_directory/CE_1p0MW_AplusCoat_flow10/A0/results/12/None_resume.pickle
/scratch/pratyusava.baral/Modified_Dispersion/src/dispersion/lib/python3.11/site-packages/dynesty/plotting.py:252: RuntimeWarning: overflow encountered in exp
  np.exp(logwt), logz if logplot else np.exp(logz)
/scratch/pratyusava.baral/Modified_Dispersion/src/dispersion/lib/python3.11/site-packages/dynesty/plotting.py:282: RuntimeWarning: overflow encountered in exp
  zspan = (0., 1.05 * np.exp(logz[-1] + 3. * logzerr[-1]))
02:34 bilby WARNING : Axis limits cannot be NaN or Inf
02:34 bilby WARNING : Failed to create dynesty run plot at checkpoint
02:45 bilby INFO    : Written checkpoint file /scratch/pratyusava.baral/Modified_Dispersion/bilby/run_directory/CE_1p0MW_AplusCoat_flow10/A0/results/12/None_resume.pickle
/scratch/pratyusava.baral/Modified_Dispersion/src/dispersion/lib/python3.11/site-packages/dynesty/plotting.py:252: RuntimeWarning: overflow encountered in exp
  np.exp(logwt), logz if logplot else np.exp(logz)
/scratch/pratyusava.baral/Modified_Dispersion/src/dispersion/lib/python3.11/site-packages/dynesty/plotting.py:282: RuntimeWarning: overflow encountered in exp
  zspan = (0., 1.05 * np.exp(logz[-1] + 3. * logzerr[-1]))
02:45 bilby WARNING : Axis limits cannot be NaN or Inf
02:45 bilby WARNING : Failed to create dynesty run plot at checkpoint
02:56 bilby INFO    : Written checkpoint file /scratch/pratyusava.baral/Modified_Dispersion/bilby/run_directory/CE_1p0MW_AplusCoat_flow10/A0/results/12/None_resume.pickle
/scratch/pratyusava.baral/Modified_Dispersion/src/dispersion/lib/python3.11/site-packages/dynesty/plotting.py:252: RuntimeWarning: overflow encountered in exp
  np.exp(logwt), logz if logplot else np.exp(logz)
/scratch/pratyusava.baral/Modified_Dispersion/src/dispersion/lib/python3.11/site-packages/dynesty/plotting.py:282: RuntimeWarning: overflow encountered in exp
  zspan = (0., 1.05 * np.exp(logz[-1] + 3. * logzerr[-1]))
02:56 bilby WARNING : Axis limits cannot be NaN or Inf
02:56 bilby WARNING : Failed to create dynesty run plot at checkpoint
03:07 bilby INFO    : Written checkpoint file /scratch/pratyusava.baral/Modified_Dispersion/bilby/run_directory/CE_1p0MW_AplusCoat_flow10/A0/results/12/None_resume.pickle
/scratch/pratyusava.baral/Modified_Dispersion/src/dispersion/lib/python3.11/site-packages/dynesty/plotting.py:252: RuntimeWarning: overflow encountered in exp
  np.exp(logwt), logz if logplot else np.exp(logz)
/scratch/pratyusava.baral/Modified_Dispersion/src/dispersion/lib/python3.11/site-packages/dynesty/plotting.py:282: RuntimeWarning: overflow encountered in exp
  zspan = (0., 1.05 * np.exp(logz[-1] + 3. * logzerr[-1]))
03:07 bilby WARNING : Axis limits cannot be NaN or Inf
03:07 bilby WARNING : Failed to create dynesty run plot at checkpoint
03:18 bilby INFO    : Written checkpoint file /scratch/pratyusava.baral/Modified_Dispersion/bilby/run_directory/CE_1p0MW_AplusCoat_flow10/A0/results/12/None_resume.pickle
/scratch/pratyusava.baral/Modified_Dispersion/src/dispersion/lib/python3.11/site-packages/dynesty/plotting.py:252: RuntimeWarning: overflow encountered in exp
  np.exp(logwt), logz if logplot else np.exp(logz)
/scratch/pratyusava.baral/Modified_Dispersion/src/dispersion/lib/python3.11/site-packages/dynesty/plotting.py:282: RuntimeWarning: overflow encountered in exp
  zspan = (0., 1.05 * np.exp(logz[-1] + 3. * logzerr[-1]))
03:18 bilby WARNING : Axis limits cannot be NaN or Inf
03:18 bilby WARNING : Failed to create dynesty run plot at checkpoint
03:30 bilby INFO    : Written checkpoint file /scratch/pratyusava.baral/Modified_Dispersion/bilby/run_directory/CE_1p0MW_AplusCoat_flow10/A0/results/12/None_resume.pickle
/scratch/pratyusava.baral/Modified_Dispersion/src/dispersion/lib/python3.11/site-packages/dynesty/plotting.py:252: RuntimeWarning: overflow encountered in exp
  np.exp(logwt), logz if logplot else np.exp(logz)
/scratch/pratyusava.baral/Modified_Dispersion/src/dispersion/lib/python3.11/site-packages/dynesty/plotting.py:282: RuntimeWarning: overflow encountered in exp
  zspan = (0., 1.05 * np.exp(logz[-1] + 3. * logzerr[-1]))
03:30 bilby WARNING : Axis limits cannot be NaN or Inf
03:30 bilby WARNING : Failed to create dynesty run plot at checkpoint
03:42 bilby INFO    : Written checkpoint file /scratch/pratyusava.baral/Modified_Dispersion/bilby/run_directory/CE_1p0MW_AplusCoat_flow10/A0/results/12/None_resume.pickle
/scratch/pratyusava.baral/Modified_Dispersion/src/dispersion/lib/python3.11/site-packages/dynesty/plotting.py:252: RuntimeWarning: overflow encountered in exp
  np.exp(logwt), logz if logplot else np.exp(logz)
/scratch/pratyusava.baral/Modified_Dispersion/src/dispersion/lib/python3.11/site-packages/dynesty/plotting.py:282: RuntimeWarning: overflow encountered in exp
  zspan = (0., 1.05 * np.exp(logz[-1] + 3. * logzerr[-1]))
03:42 bilby WARNING : Axis limits cannot be NaN or Inf
03:42 bilby WARNING : Failed to create dynesty run plot at checkpoint
03:53 bilby INFO    : Written checkpoint file /scratch/pratyusava.baral/Modified_Dispersion/bilby/run_directory/CE_1p0MW_AplusCoat_flow10/A0/results/12/None_resume.pickle
/scratch/pratyusava.baral/Modified_Dispersion/src/dispersion/lib/python3.11/site-packages/dynesty/plotting.py:252: RuntimeWarning: overflow encountered in exp
  np.exp(logwt), logz if logplot else np.exp(logz)
/scratch/pratyusava.baral/Modified_Dispersion/src/dispersion/lib/python3.11/site-packages/dynesty/plotting.py:282: RuntimeWarning: overflow encountered in exp
  zspan = (0., 1.05 * np.exp(logz[-1] + 3. * logzerr[-1]))
03:53 bilby WARNING : Axis limits cannot be NaN or Inf
03:53 bilby WARNING : Failed to create dynesty run plot at checkpoint
04:05 bilby INFO    : Written checkpoint file /scratch/pratyusava.baral/Modified_Dispersion/bilby/run_directory/CE_1p0MW_AplusCoat_flow10/A0/results/12/None_resume.pickle
/scratch/pratyusava.baral/Modified_Dispersion/src/dispersion/lib/python3.11/site-packages/dynesty/plotting.py:252: RuntimeWarning: overflow encountered in exp
  np.exp(logwt), logz if logplot else np.exp(logz)
/scratch/pratyusava.baral/Modified_Dispersion/src/dispersion/lib/python3.11/site-packages/dynesty/plotting.py:282: RuntimeWarning: overflow encountered in exp
  zspan = (0., 1.05 * np.exp(logz[-1] + 3. * logzerr[-1]))
04:05 bilby WARNING : Axis limits cannot be NaN or Inf
04:05 bilby WARNING : Failed to create dynesty run plot at checkpoint
04:17 bilby INFO    : Written checkpoint file /scratch/pratyusava.baral/Modified_Dispersion/bilby/run_directory/CE_1p0MW_AplusCoat_flow10/A0/results/12/None_resume.pickle
/scratch/pratyusava.baral/Modified_Dispersion/src/dispersion/lib/python3.11/site-packages/dynesty/plotting.py:252: RuntimeWarning: overflow encountered in exp
  np.exp(logwt), logz if logplot else np.exp(logz)
/scratch/pratyusava.baral/Modified_Dispersion/src/dispersion/lib/python3.11/site-packages/dynesty/plotting.py:282: RuntimeWarning: overflow encountered in exp
  zspan = (0., 1.05 * np.exp(logz[-1] + 3. * logzerr[-1]))
04:17 bilby WARNING : Axis limits cannot be NaN or Inf
04:17 bilby WARNING : Failed to create dynesty run plot at checkpoint
04:29 bilby INFO    : Written checkpoint file /scratch/pratyusava.baral/Modified_Dispersion/bilby/run_directory/CE_1p0MW_AplusCoat_flow10/A0/results/12/None_resume.pickle
/scratch/pratyusava.baral/Modified_Dispersion/src/dispersion/lib/python3.11/site-packages/dynesty/plotting.py:252: RuntimeWarning: overflow encountered in exp
  np.exp(logwt), logz if logplot else np.exp(logz)
/scratch/pratyusava.baral/Modified_Dispersion/src/dispersion/lib/python3.11/site-packages/dynesty/plotting.py:282: RuntimeWarning: overflow encountered in exp
  zspan = (0., 1.05 * np.exp(logz[-1] + 3. * logzerr[-1]))
04:29 bilby WARNING : Axis limits cannot be NaN or Inf
04:29 bilby WARNING : Failed to create dynesty run plot at checkpoint
04:40 bilby INFO    : Written checkpoint file /scratch/pratyusava.baral/Modified_Dispersion/bilby/run_directory/CE_1p0MW_AplusCoat_flow10/A0/results/12/None_resume.pickle
/scratch/pratyusava.baral/Modified_Dispersion/src/dispersion/lib/python3.11/site-packages/dynesty/plotting.py:252: RuntimeWarning: overflow encountered in exp
  np.exp(logwt), logz if logplot else np.exp(logz)
/scratch/pratyusava.baral/Modified_Dispersion/src/dispersion/lib/python3.11/site-packages/dynesty/plotting.py:282: RuntimeWarning: overflow encountered in exp
  zspan = (0., 1.05 * np.exp(logz[-1] + 3. * logzerr[-1]))
04:41 bilby WARNING : Axis limits cannot be NaN or Inf
04:41 bilby WARNING : Failed to create dynesty run plot at checkpoint
04:52 bilby INFO    : Written checkpoint file /scratch/pratyusava.baral/Modified_Dispersion/bilby/run_directory/CE_1p0MW_AplusCoat_flow10/A0/results/12/None_resume.pickle
/scratch/pratyusava.baral/Modified_Dispersion/src/dispersion/lib/python3.11/site-packages/dynesty/plotting.py:252: RuntimeWarning: overflow encountered in exp
  np.exp(logwt), logz if logplot else np.exp(logz)
/scratch/pratyusava.baral/Modified_Dispersion/src/dispersion/lib/python3.11/site-packages/dynesty/plotting.py:282: RuntimeWarning: overflow encountered in exp
  zspan = (0., 1.05 * np.exp(logz[-1] + 3. * logzerr[-1]))
04:53 bilby WARNING : Axis limits cannot be NaN or Inf
04:53 bilby WARNING : Failed to create dynesty run plot at checkpoint
05:04 bilby INFO    : Written checkpoint file /scratch/pratyusava.baral/Modified_Dispersion/bilby/run_directory/CE_1p0MW_AplusCoat_flow10/A0/results/12/None_resume.pickle
/scratch/pratyusava.baral/Modified_Dispersion/src/dispersion/lib/python3.11/site-packages/dynesty/plotting.py:252: RuntimeWarning: overflow encountered in exp
  np.exp(logwt), logz if logplot else np.exp(logz)
/scratch/pratyusava.baral/Modified_Dispersion/src/dispersion/lib/python3.11/site-packages/dynesty/plotting.py:282: RuntimeWarning: overflow encountered in exp
  zspan = (0., 1.05 * np.exp(logz[-1] + 3. * logzerr[-1]))
05:05 bilby WARNING : Axis limits cannot be NaN or Inf
05:05 bilby WARNING : Failed to create dynesty run plot at checkpoint
05:16 bilby INFO    : Written checkpoint file /scratch/pratyusava.baral/Modified_Dispersion/bilby/run_directory/CE_1p0MW_AplusCoat_flow10/A0/results/12/None_resume.pickle
/scratch/pratyusava.baral/Modified_Dispersion/src/dispersion/lib/python3.11/site-packages/dynesty/plotting.py:252: RuntimeWarning: overflow encountered in exp
  np.exp(logwt), logz if logplot else np.exp(logz)
/scratch/pratyusava.baral/Modified_Dispersion/src/dispersion/lib/python3.11/site-packages/dynesty/plotting.py:282: RuntimeWarning: overflow encountered in exp
  zspan = (0., 1.05 * np.exp(logz[-1] + 3. * logzerr[-1]))
05:17 bilby WARNING : Axis limits cannot be NaN or Inf
05:17 bilby WARNING : Failed to create dynesty run plot at checkpoint
05:28 bilby INFO    : Written checkpoint file /scratch/pratyusava.baral/Modified_Dispersion/bilby/run_directory/CE_1p0MW_AplusCoat_flow10/A0/results/12/None_resume.pickle
/scratch/pratyusava.baral/Modified_Dispersion/src/dispersion/lib/python3.11/site-packages/dynesty/plotting.py:252: RuntimeWarning: overflow encountered in exp
  np.exp(logwt), logz if logplot else np.exp(logz)
/scratch/pratyusava.baral/Modified_Dispersion/src/dispersion/lib/python3.11/site-packages/dynesty/plotting.py:282: RuntimeWarning: overflow encountered in exp
  zspan = (0., 1.05 * np.exp(logz[-1] + 3. * logzerr[-1]))
05:29 bilby WARNING : Axis limits cannot be NaN or Inf
05:29 bilby WARNING : Failed to create dynesty run plot at checkpoint
05:41 bilby INFO    : Written checkpoint file /scratch/pratyusava.baral/Modified_Dispersion/bilby/run_directory/CE_1p0MW_AplusCoat_flow10/A0/results/12/None_resume.pickle
/scratch/pratyusava.baral/Modified_Dispersion/src/dispersion/lib/python3.11/site-packages/dynesty/plotting.py:252: RuntimeWarning: overflow encountered in exp
  np.exp(logwt), logz if logplot else np.exp(logz)
/scratch/pratyusava.baral/Modified_Dispersion/src/dispersion/lib/python3.11/site-packages/dynesty/plotting.py:282: RuntimeWarning: overflow encountered in exp
  zspan = (0., 1.05 * np.exp(logz[-1] + 3. * logzerr[-1]))
05:41 bilby WARNING : Axis limits cannot be NaN or Inf
05:41 bilby WARNING : Failed to create dynesty run plot at checkpoint
05:53 bilby INFO    : Written checkpoint file /scratch/pratyusava.baral/Modified_Dispersion/bilby/run_directory/CE_1p0MW_AplusCoat_flow10/A0/results/12/None_resume.pickle
/scratch/pratyusava.baral/Modified_Dispersion/src/dispersion/lib/python3.11/site-packages/dynesty/plotting.py:252: RuntimeWarning: overflow encountered in exp
  np.exp(logwt), logz if logplot else np.exp(logz)
/scratch/pratyusava.baral/Modified_Dispersion/src/dispersion/lib/python3.11/site-packages/dynesty/plotting.py:282: RuntimeWarning: overflow encountered in exp
  zspan = (0., 1.05 * np.exp(logz[-1] + 3. * logzerr[-1]))
05:53 bilby WARNING : Axis limits cannot be NaN or Inf
05:53 bilby WARNING : Failed to create dynesty run plot at checkpoint
06:03 bilby INFO    : Written checkpoint file /scratch/pratyusava.baral/Modified_Dispersion/bilby/run_directory/CE_1p0MW_AplusCoat_flow10/A0/results/12/None_resume.pickle
/scratch/pratyusava.baral/Modified_Dispersion/src/dispersion/lib/python3.11/site-packages/dynesty/plotting.py:252: RuntimeWarning: overflow encountered in exp
  np.exp(logwt), logz if logplot else np.exp(logz)
/scratch/pratyusava.baral/Modified_Dispersion/src/dispersion/lib/python3.11/site-packages/dynesty/plotting.py:282: RuntimeWarning: overflow encountered in exp
  zspan = (0., 1.05 * np.exp(logz[-1] + 3. * logzerr[-1]))
06:04 bilby WARNING : Axis limits cannot be NaN or Inf
06:04 bilby WARNING : Failed to create dynesty run plot at checkpoint
06:16 bilby INFO    : Written checkpoint file /scratch/pratyusava.baral/Modified_Dispersion/bilby/run_directory/CE_1p0MW_AplusCoat_flow10/A0/results/12/None_resume.pickle
/scratch/pratyusava.baral/Modified_Dispersion/src/dispersion/lib/python3.11/site-packages/dynesty/plotting.py:252: RuntimeWarning: overflow encountered in exp
  np.exp(logwt), logz if logplot else np.exp(logz)
/scratch/pratyusava.baral/Modified_Dispersion/src/dispersion/lib/python3.11/site-packages/dynesty/plotting.py:282: RuntimeWarning: overflow encountered in exp
  zspan = (0., 1.05 * np.exp(logz[-1] + 3. * logzerr[-1]))
06:16 bilby WARNING : Axis limits cannot be NaN or Inf
06:16 bilby WARNING : Failed to create dynesty run plot at checkpoint
06:28 bilby INFO    : Written checkpoint file /scratch/pratyusava.baral/Modified_Dispersion/bilby/run_directory/CE_1p0MW_AplusCoat_flow10/A0/results/12/None_resume.pickle
/scratch/pratyusava.baral/Modified_Dispersion/src/dispersion/lib/python3.11/site-packages/dynesty/plotting.py:252: RuntimeWarning: overflow encountered in exp
  np.exp(logwt), logz if logplot else np.exp(logz)
/scratch/pratyusava.baral/Modified_Dispersion/src/dispersion/lib/python3.11/site-packages/dynesty/plotting.py:282: RuntimeWarning: overflow encountered in exp
  zspan = (0., 1.05 * np.exp(logz[-1] + 3. * logzerr[-1]))
06:29 bilby WARNING : Axis limits cannot be NaN or Inf
06:29 bilby WARNING : Failed to create dynesty run plot at checkpoint
06:41 bilby INFO    : Written checkpoint file /scratch/pratyusava.baral/Modified_Dispersion/bilby/run_directory/CE_1p0MW_AplusCoat_flow10/A0/results/12/None_resume.pickle
/scratch/pratyusava.baral/Modified_Dispersion/src/dispersion/lib/python3.11/site-packages/dynesty/plotting.py:252: RuntimeWarning: overflow encountered in exp
  np.exp(logwt), logz if logplot else np.exp(logz)
/scratch/pratyusava.baral/Modified_Dispersion/src/dispersion/lib/python3.11/site-packages/dynesty/plotting.py:282: RuntimeWarning: overflow encountered in exp
  zspan = (0., 1.05 * np.exp(logz[-1] + 3. * logzerr[-1]))
06:41 bilby WARNING : Axis limits cannot be NaN or Inf
06:41 bilby WARNING : Failed to create dynesty run plot at checkpoint
06:53 bilby INFO    : Written checkpoint file /scratch/pratyusava.baral/Modified_Dispersion/bilby/run_directory/CE_1p0MW_AplusCoat_flow10/A0/results/12/None_resume.pickle
/scratch/pratyusava.baral/Modified_Dispersion/src/dispersion/lib/python3.11/site-packages/dynesty/plotting.py:252: RuntimeWarning: overflow encountered in exp
  np.exp(logwt), logz if logplot else np.exp(logz)
/scratch/pratyusava.baral/Modified_Dispersion/src/dispersion/lib/python3.11/site-packages/dynesty/plotting.py:282: RuntimeWarning: overflow encountered in exp
  zspan = (0., 1.05 * np.exp(logz[-1] + 3. * logzerr[-1]))
06:54 bilby WARNING : Axis limits cannot be NaN or Inf
06:54 bilby WARNING : Failed to create dynesty run plot at checkpoint
07:06 bilby INFO    : Written checkpoint file /scratch/pratyusava.baral/Modified_Dispersion/bilby/run_directory/CE_1p0MW_AplusCoat_flow10/A0/results/12/None_resume.pickle
/scratch/pratyusava.baral/Modified_Dispersion/src/dispersion/lib/python3.11/site-packages/dynesty/plotting.py:252: RuntimeWarning: overflow encountered in exp
  np.exp(logwt), logz if logplot else np.exp(logz)
/scratch/pratyusava.baral/Modified_Dispersion/src/dispersion/lib/python3.11/site-packages/dynesty/plotting.py:282: RuntimeWarning: overflow encountered in exp
  zspan = (0., 1.05 * np.exp(logz[-1] + 3. * logzerr[-1]))
07:06 bilby WARNING : Axis limits cannot be NaN or Inf
07:06 bilby WARNING : Failed to create dynesty run plot at checkpoint
07:18 bilby INFO    : Written checkpoint file /scratch/pratyusava.baral/Modified_Dispersion/bilby/run_directory/CE_1p0MW_AplusCoat_flow10/A0/results/12/None_resume.pickle
/scratch/pratyusava.baral/Modified_Dispersion/src/dispersion/lib/python3.11/site-packages/dynesty/plotting.py:252: RuntimeWarning: overflow encountered in exp
  np.exp(logwt), logz if logplot else np.exp(logz)
/scratch/pratyusava.baral/Modified_Dispersion/src/dispersion/lib/python3.11/site-packages/dynesty/plotting.py:282: RuntimeWarning: overflow encountered in exp
  zspan = (0., 1.05 * np.exp(logz[-1] + 3. * logzerr[-1]))
07:18 bilby WARNING : Axis limits cannot be NaN or Inf
07:18 bilby WARNING : Failed to create dynesty run plot at checkpoint
07:29 bilby INFO    : Written checkpoint file /scratch/pratyusava.baral/Modified_Dispersion/bilby/run_directory/CE_1p0MW_AplusCoat_flow10/A0/results/12/None_resume.pickle
/scratch/pratyusava.baral/Modified_Dispersion/src/dispersion/lib/python3.11/site-packages/dynesty/plotting.py:252: RuntimeWarning: overflow encountered in exp
  np.exp(logwt), logz if logplot else np.exp(logz)
/scratch/pratyusava.baral/Modified_Dispersion/src/dispersion/lib/python3.11/site-packages/dynesty/plotting.py:282: RuntimeWarning: overflow encountered in exp
  zspan = (0., 1.05 * np.exp(logz[-1] + 3. * logzerr[-1]))
07:29 bilby WARNING : Axis limits cannot be NaN or Inf
07:29 bilby WARNING : Failed to create dynesty run plot at checkpoint
07:39 bilby INFO    : Written checkpoint file /scratch/pratyusava.baral/Modified_Dispersion/bilby/run_directory/CE_1p0MW_AplusCoat_flow10/A0/results/12/None_resume.pickle
/scratch/pratyusava.baral/Modified_Dispersion/src/dispersion/lib/python3.11/site-packages/dynesty/plotting.py:252: RuntimeWarning: overflow encountered in exp
  np.exp(logwt), logz if logplot else np.exp(logz)
/scratch/pratyusava.baral/Modified_Dispersion/src/dispersion/lib/python3.11/site-packages/dynesty/plotting.py:282: RuntimeWarning: overflow encountered in exp
  zspan = (0., 1.05 * np.exp(logz[-1] + 3. * logzerr[-1]))
07:39 bilby WARNING : Axis limits cannot be NaN or Inf
07:39 bilby WARNING : Failed to create dynesty run plot at checkpoint
07:49 bilby INFO    : Written checkpoint file /scratch/pratyusava.baral/Modified_Dispersion/bilby/run_directory/CE_1p0MW_AplusCoat_flow10/A0/results/12/None_resume.pickle
/scratch/pratyusava.baral/Modified_Dispersion/src/dispersion/lib/python3.11/site-packages/dynesty/plotting.py:252: RuntimeWarning: overflow encountered in exp
  np.exp(logwt), logz if logplot else np.exp(logz)
/scratch/pratyusava.baral/Modified_Dispersion/src/dispersion/lib/python3.11/site-packages/dynesty/plotting.py:282: RuntimeWarning: overflow encountered in exp
  zspan = (0., 1.05 * np.exp(logz[-1] + 3. * logzerr[-1]))
07:49 bilby WARNING : Axis limits cannot be NaN or Inf
07:49 bilby WARNING : Failed to create dynesty run plot at checkpoint
08:00 bilby INFO    : Written checkpoint file /scratch/pratyusava.baral/Modified_Dispersion/bilby/run_directory/CE_1p0MW_AplusCoat_flow10/A0/results/12/None_resume.pickle
/scratch/pratyusava.baral/Modified_Dispersion/src/dispersion/lib/python3.11/site-packages/dynesty/plotting.py:252: RuntimeWarning: overflow encountered in exp
  np.exp(logwt), logz if logplot else np.exp(logz)
/scratch/pratyusava.baral/Modified_Dispersion/src/dispersion/lib/python3.11/site-packages/dynesty/plotting.py:282: RuntimeWarning: overflow encountered in exp
  zspan = (0., 1.05 * np.exp(logz[-1] + 3. * logzerr[-1]))
08:00 bilby WARNING : Axis limits cannot be NaN or Inf
08:00 bilby WARNING : Failed to create dynesty run plot at checkpoint
08:10 bilby INFO    : Written checkpoint file /scratch/pratyusava.baral/Modified_Dispersion/bilby/run_directory/CE_1p0MW_AplusCoat_flow10/A0/results/12/None_resume.pickle
/scratch/pratyusava.baral/Modified_Dispersion/src/dispersion/lib/python3.11/site-packages/dynesty/plotting.py:252: RuntimeWarning: overflow encountered in exp
  np.exp(logwt), logz if logplot else np.exp(logz)
/scratch/pratyusava.baral/Modified_Dispersion/src/dispersion/lib/python3.11/site-packages/dynesty/plotting.py:282: RuntimeWarning: overflow encountered in exp
  zspan = (0., 1.05 * np.exp(logz[-1] + 3. * logzerr[-1]))
08:10 bilby WARNING : Axis limits cannot be NaN or Inf
08:10 bilby WARNING : Failed to create dynesty run plot at checkpoint
08:20 bilby INFO    : Written checkpoint file /scratch/pratyusava.baral/Modified_Dispersion/bilby/run_directory/CE_1p0MW_AplusCoat_flow10/A0/results/12/None_resume.pickle
/scratch/pratyusava.baral/Modified_Dispersion/src/dispersion/lib/python3.11/site-packages/dynesty/plotting.py:252: RuntimeWarning: overflow encountered in exp
  np.exp(logwt), logz if logplot else np.exp(logz)
/scratch/pratyusava.baral/Modified_Dispersion/src/dispersion/lib/python3.11/site-packages/dynesty/plotting.py:282: RuntimeWarning: overflow encountered in exp
  zspan = (0., 1.05 * np.exp(logz[-1] + 3. * logzerr[-1]))
08:20 bilby WARNING : Axis limits cannot be NaN or Inf
08:20 bilby WARNING : Failed to create dynesty run plot at checkpoint
08:31 bilby INFO    : Written checkpoint file /scratch/pratyusava.baral/Modified_Dispersion/bilby/run_directory/CE_1p0MW_AplusCoat_flow10/A0/results/12/None_resume.pickle
/scratch/pratyusava.baral/Modified_Dispersion/src/dispersion/lib/python3.11/site-packages/dynesty/plotting.py:252: RuntimeWarning: overflow encountered in exp
  np.exp(logwt), logz if logplot else np.exp(logz)
/scratch/pratyusava.baral/Modified_Dispersion/src/dispersion/lib/python3.11/site-packages/dynesty/plotting.py:282: RuntimeWarning: overflow encountered in exp
  zspan = (0., 1.05 * np.exp(logz[-1] + 3. * logzerr[-1]))
08:32 bilby WARNING : Axis limits cannot be NaN or Inf
08:32 bilby WARNING : Failed to create dynesty run plot at checkpoint
08:42 bilby INFO    : Written checkpoint file /scratch/pratyusava.baral/Modified_Dispersion/bilby/run_directory/CE_1p0MW_AplusCoat_flow10/A0/results/12/None_resume.pickle
/scratch/pratyusava.baral/Modified_Dispersion/src/dispersion/lib/python3.11/site-packages/dynesty/plotting.py:252: RuntimeWarning: overflow encountered in exp
  np.exp(logwt), logz if logplot else np.exp(logz)
/scratch/pratyusava.baral/Modified_Dispersion/src/dispersion/lib/python3.11/site-packages/dynesty/plotting.py:282: RuntimeWarning: overflow encountered in exp
  zspan = (0., 1.05 * np.exp(logz[-1] + 3. * logzerr[-1]))
08:42 bilby WARNING : Axis limits cannot be NaN or Inf
08:42 bilby WARNING : Failed to create dynesty run plot at checkpoint
08:53 bilby INFO    : Written checkpoint file /scratch/pratyusava.baral/Modified_Dispersion/bilby/run_directory/CE_1p0MW_AplusCoat_flow10/A0/results/12/None_resume.pickle
/scratch/pratyusava.baral/Modified_Dispersion/src/dispersion/lib/python3.11/site-packages/dynesty/plotting.py:252: RuntimeWarning: overflow encountered in exp
  np.exp(logwt), logz if logplot else np.exp(logz)
/scratch/pratyusava.baral/Modified_Dispersion/src/dispersion/lib/python3.11/site-packages/dynesty/plotting.py:282: RuntimeWarning: overflow encountered in exp
  zspan = (0., 1.05 * np.exp(logz[-1] + 3. * logzerr[-1]))
08:53 bilby WARNING : Axis limits cannot be NaN or Inf
08:53 bilby WARNING : Failed to create dynesty run plot at checkpoint
09:03 bilby INFO    : Written checkpoint file /scratch/pratyusava.baral/Modified_Dispersion/bilby/run_directory/CE_1p0MW_AplusCoat_flow10/A0/results/12/None_resume.pickle
/scratch/pratyusava.baral/Modified_Dispersion/src/dispersion/lib/python3.11/site-packages/dynesty/plotting.py:252: RuntimeWarning: overflow encountered in exp
  np.exp(logwt), logz if logplot else np.exp(logz)
/scratch/pratyusava.baral/Modified_Dispersion/src/dispersion/lib/python3.11/site-packages/dynesty/plotting.py:282: RuntimeWarning: overflow encountered in exp
  zspan = (0., 1.05 * np.exp(logz[-1] + 3. * logzerr[-1]))
09:03 bilby WARNING : Axis limits cannot be NaN or Inf
09:03 bilby WARNING : Failed to create dynesty run plot at checkpoint
09:14 bilby INFO    : Written checkpoint file /scratch/pratyusava.baral/Modified_Dispersion/bilby/run_directory/CE_1p0MW_AplusCoat_flow10/A0/results/12/None_resume.pickle
/scratch/pratyusava.baral/Modified_Dispersion/src/dispersion/lib/python3.11/site-packages/dynesty/plotting.py:252: RuntimeWarning: overflow encountered in exp
  np.exp(logwt), logz if logplot else np.exp(logz)
/scratch/pratyusava.baral/Modified_Dispersion/src/dispersion/lib/python3.11/site-packages/dynesty/plotting.py:282: RuntimeWarning: overflow encountered in exp
  zspan = (0., 1.05 * np.exp(logz[-1] + 3. * logzerr[-1]))
09:14 bilby WARNING : Axis limits cannot be NaN or Inf
09:14 bilby WARNING : Failed to create dynesty run plot at checkpoint
09:25 bilby INFO    : Written checkpoint file /scratch/pratyusava.baral/Modified_Dispersion/bilby/run_directory/CE_1p0MW_AplusCoat_flow10/A0/results/12/None_resume.pickle
/scratch/pratyusava.baral/Modified_Dispersion/src/dispersion/lib/python3.11/site-packages/dynesty/plotting.py:252: RuntimeWarning: overflow encountered in exp
  np.exp(logwt), logz if logplot else np.exp(logz)
/scratch/pratyusava.baral/Modified_Dispersion/src/dispersion/lib/python3.11/site-packages/dynesty/plotting.py:282: RuntimeWarning: overflow encountered in exp
  zspan = (0., 1.05 * np.exp(logz[-1] + 3. * logzerr[-1]))
09:25 bilby WARNING : Axis limits cannot be NaN or Inf
09:25 bilby WARNING : Failed to create dynesty run plot at checkpoint
09:35 bilby INFO    : Written checkpoint file /scratch/pratyusava.baral/Modified_Dispersion/bilby/run_directory/CE_1p0MW_AplusCoat_flow10/A0/results/12/None_resume.pickle
/scratch/pratyusava.baral/Modified_Dispersion/src/dispersion/lib/python3.11/site-packages/dynesty/plotting.py:252: RuntimeWarning: overflow encountered in exp
  np.exp(logwt), logz if logplot else np.exp(logz)
/scratch/pratyusava.baral/Modified_Dispersion/src/dispersion/lib/python3.11/site-packages/dynesty/plotting.py:282: RuntimeWarning: overflow encountered in exp
  zspan = (0., 1.05 * np.exp(logz[-1] + 3. * logzerr[-1]))
09:35 bilby WARNING : Axis limits cannot be NaN or Inf
09:35 bilby WARNING : Failed to create dynesty run plot at checkpoint
09:41 bilby INFO    : Written checkpoint file /scratch/pratyusava.baral/Modified_Dispersion/bilby/run_directory/CE_1p0MW_AplusCoat_flow10/A0/results/12/None_resume.pickle
/scratch/pratyusava.baral/Modified_Dispersion/src/dispersion/lib/python3.11/site-packages/dynesty/plotting.py:252: RuntimeWarning: overflow encountered in exp
  np.exp(logwt), logz if logplot else np.exp(logz)
/scratch/pratyusava.baral/Modified_Dispersion/src/dispersion/lib/python3.11/site-packages/dynesty/plotting.py:282: RuntimeWarning: overflow encountered in exp
  zspan = (0., 1.05 * np.exp(logz[-1] + 3. * logzerr[-1]))
09:41 bilby WARNING : Axis limits cannot be NaN or Inf
09:41 bilby WARNING : Failed to create dynesty run plot at checkpoint
09:41 bilby INFO    : Starting to close worker pool.
09:41 bilby INFO    : Finished closing worker pool.
09:41 bilby INFO    : Rejection sampling nested samples to obtain 2723 posterior samples
09:41 bilby INFO    : Sampling time: 1 day, 16:11:04.303461
09:41 bilby INFO    : Summary of results:
nsamples: 2723
ln_noise_evidence: -235157.423
ln_evidence: -44.741 +/-  0.281
ln_bayes_factor: 235112.682 +/-  0.281

