000 (78851234.012.000) 2026-09-30 12:35:31 Job submitted from host: <10.14.0.121:9618?addrs=10.14.0.121-9618&alias=ldas-pcdev12.ligo.caltech.edu&noUDP&sock=schedd_623140_c9b4>
...
001 (78851234.012.000) 2026-09-30 12:35:59 Job executing on host: <10.14.10.84:9618?addrs=10.14.10.84-9618&alias=node2334.cluster.ldas.cit&noUDP&sock=startd_1346919_fb05>
	SlotName: slot1_14@node2334.cluster.ldas.cit
	CondorScratchDir = "/var/lib/condor/execute/dir_1740201/scratch"
	Cpus = 4
	Disk = 28672
	GPUs = 0
	Memory = 6016
...
006 (78851234.012.000) 2026-09-30 12:35:59 Image size of job updated: 25000
	0  -  MemoryUsage of job (MB)
	0  -  ResidentSetSize of job (KB)
...
005 (78851234.012.000) 2026-09-30 12:35:59 Job terminated.
	(1) Normal termination (return value 1)
		Usr 0 00:00:00, Sys 0 00:00:00  -  Run Remote Usage
		Usr 0 00:00:00, Sys 0 00:00:00  -  Run Local Usage
		Usr 0 00:00:00, Sys 0 00:00:00  -  Total Remote Usage
		Usr 0 00:00:00, Sys 0 00:00:00  -  Total Local Usage
	0  -  Run Bytes Sent By Job
	0  -  Run Bytes Received By Job
	0  -  Total Bytes Sent By Job
	0  -  Total Bytes Received By Job
	Partitionable Resources :    Usage  Request Allocated 
	   Cpus                 :                 4         4 
	   Disk (KB)            :    25000    25000     28672 
	   GPUs                 :                           0 
	   Memory (MB)          :        0     6000      6016 
	   TimeExecute (s)      :        0                    
	   TimeSlotBusy (s)     :        1                    
...
000 (78854872.012.000) 2026-10-03 17:21:23 Job submitted from host: <10.14.0.121:9618?addrs=10.14.0.121-9618&alias=ldas-pcdev12.ligo.caltech.edu&noUDP&sock=schedd_623140_c9b4>
...
001 (78854872.012.000) 2026-10-03 17:22:11 Job executing on host: <10.14.10.38:9618?addrs=10.14.10.38-9618&alias=node2288.cluster.ldas.cit&noUDP&sock=startd_3693161_d72c>
	SlotName: slot1_15@node2288.cluster.ldas.cit
	CondorScratchDir = "/var/lib/condor/execute/dir_1235342/scratch"
	Cpus = 4
	Disk = 28672
	GPUs = 0
	Memory = 6016
...
006 (78854872.012.000) 2026-10-03 17:22:19 Image size of job updated: 50948
	50  -  MemoryUsage of job (MB)
	50948  -  ResidentSetSize of job (KB)
...
006 (78854872.012.000) 2026-10-03 17:27:19 Image size of job updated: 330524
	323  -  MemoryUsage of job (MB)
	330524  -  ResidentSetSize of job (KB)
...
006 (78854872.012.000) 2026-10-03 17:32:20 Image size of job updated: 331592
	324  -  MemoryUsage of job (MB)
	331592  -  ResidentSetSize of job (KB)
...
006 (78854872.012.000) 2026-10-03 17:37:20 Image size of job updated: 441132
	431  -  MemoryUsage of job (MB)
	441132  -  ResidentSetSize of job (KB)
...
006 (78854872.012.000) 2026-10-03 17:42:20 Image size of job updated: 442124
	432  -  MemoryUsage of job (MB)
	442124  -  ResidentSetSize of job (KB)
...
006 (78854872.012.000) 2026-10-03 17:47:21 Image size of job updated: 457500
	447  -  MemoryUsage of job (MB)
	457500  -  ResidentSetSize of job (KB)
...
006 (78854872.012.000) 2026-10-03 17:52:21 Image size of job updated: 557392
	545  -  MemoryUsage of job (MB)
	557392  -  ResidentSetSize of job (KB)
...
006 (78854872.012.000) 2026-10-03 17:57:22 Image size of job updated: 789964
	772  -  MemoryUsage of job (MB)
	789964  -  ResidentSetSize of job (KB)
...
006 (78854872.012.000) 2026-10-03 18:02:23 Image size of job updated: 1040844
	1017  -  MemoryUsage of job (MB)
	1040844  -  ResidentSetSize of job (KB)
...
006 (78854872.012.000) 2026-10-03 18:07:23 Image size of job updated: 1283264
	1254  -  MemoryUsage of job (MB)
	1283264  -  ResidentSetSize of job (KB)
...
006 (78854872.012.000) 2026-10-03 18:12:24 Image size of job updated: 1526216
	1491  -  MemoryUsage of job (MB)
	1526216  -  ResidentSetSize of job (KB)
...
006 (78854872.012.000) 2026-10-03 18:17:24 Image size of job updated: 1562648
	1527  -  MemoryUsage of job (MB)
	1562648  -  ResidentSetSize of job (KB)
...
006 (78854872.012.000) 2026-10-03 18:22:24 Image size of job updated: 1562908
	1527  -  MemoryUsage of job (MB)
	1562908  -  ResidentSetSize of job (KB)
...
006 (78854872.012.000) 2026-10-03 18:27:25 Image size of job updated: 1563016
	1527  -  MemoryUsage of job (MB)
	1563016  -  ResidentSetSize of job (KB)
...
006 (78854872.012.000) 2026-10-03 18:32:25 Image size of job updated: 1563116
	1527  -  MemoryUsage of job (MB)
	1563116  -  ResidentSetSize of job (KB)
...
006 (78854872.012.000) 2026-10-03 18:37:25 Image size of job updated: 1564252
	1527  -  MemoryUsage of job (MB)
	1563116  -  ResidentSetSize of job (KB)
...
006 (78854872.012.000) 2026-10-03 18:47:26 Image size of job updated: 1567500
	1531  -  MemoryUsage of job (MB)
	1567500  -  ResidentSetSize of job (KB)
...
006 (78854872.012.000) 2026-10-03 18:52:26 Image size of job updated: 1567580
	1531  -  MemoryUsage of job (MB)
	1567580  -  ResidentSetSize of job (KB)
...
006 (78854872.012.000) 2026-10-03 18:57:27 Image size of job updated: 1570640
	1534  -  MemoryUsage of job (MB)
	1570640  -  ResidentSetSize of job (KB)
...
006 (78854872.012.000) 2026-10-03 19:02:27 Image size of job updated: 1570676
	1534  -  MemoryUsage of job (MB)
	1570676  -  ResidentSetSize of job (KB)
...
006 (78854872.012.000) 2026-10-03 19:07:28 Image size of job updated: 1571976
	1535  -  MemoryUsage of job (MB)
	1571740  -  ResidentSetSize of job (KB)
...
006 (78854872.012.000) 2026-10-03 19:12:29 Image size of job updated: 1571976
	1535  -  MemoryUsage of job (MB)
	1571840  -  ResidentSetSize of job (KB)
...
006 (78854872.012.000) 2026-10-03 19:17:29 Image size of job updated: 1571976
	1536  -  MemoryUsage of job (MB)
	1571944  -  ResidentSetSize of job (KB)
...
006 (78854872.012.000) 2026-10-03 19:22:30 Image size of job updated: 1571976
	1536  -  MemoryUsage of job (MB)
	1571968  -  ResidentSetSize of job (KB)
...
006 (78854872.012.000) 2026-10-03 19:27:30 Image size of job updated: 1576608
	1540  -  MemoryUsage of job (MB)
	1576608  -  ResidentSetSize of job (KB)
...
006 (78854872.012.000) 2026-10-03 19:32:31 Image size of job updated: 1576632
	1540  -  MemoryUsage of job (MB)
	1576632  -  ResidentSetSize of job (KB)
...
006 (78854872.012.000) 2026-10-03 19:37:32 Image size of job updated: 1594444
	1557  -  MemoryUsage of job (MB)
	1593436  -  ResidentSetSize of job (KB)
...
006 (78854872.012.000) 2026-10-03 19:42:32 Image size of job updated: 1594444
	1557  -  MemoryUsage of job (MB)
	1593456  -  ResidentSetSize of job (KB)
...
006 (78854872.012.000) 2026-10-03 19:47:33 Image size of job updated: 1596064
	1559  -  MemoryUsage of job (MB)
	1596064  -  ResidentSetSize of job (KB)
...
006 (78854872.012.000) 2026-10-03 19:52:34 Image size of job updated: 1596136
	1559  -  MemoryUsage of job (MB)
	1596136  -  ResidentSetSize of job (KB)
...
006 (78854872.012.000) 2026-10-03 19:57:34 Image size of job updated: 1604100
	1567  -  MemoryUsage of job (MB)
	1604100  -  ResidentSetSize of job (KB)
...
006 (78854872.012.000) 2026-10-03 20:02:35 Image size of job updated: 1604136
	1567  -  MemoryUsage of job (MB)
	1604136  -  ResidentSetSize of job (KB)
...
006 (78854872.012.000) 2026-10-03 20:07:36 Image size of job updated: 1608592
	1570  -  MemoryUsage of job (MB)
	1607596  -  ResidentSetSize of job (KB)
...
006 (78854872.012.000) 2026-10-03 20:12:36 Image size of job updated: 1608592
	1570  -  MemoryUsage of job (MB)
	1607604  -  ResidentSetSize of job (KB)
...
006 (78854872.012.000) 2026-10-03 20:17:37 Image size of job updated: 1608592
	1570  -  MemoryUsage of job (MB)
	1607640  -  ResidentSetSize of job (KB)
...
006 (78854872.012.000) 2026-10-03 20:22:37 Image size of job updated: 1608592
	1570  -  MemoryUsage of job (MB)
	1607644  -  ResidentSetSize of job (KB)
...
006 (78854872.012.000) 2026-10-03 20:27:37 Image size of job updated: 1608592
	1570  -  MemoryUsage of job (MB)
	1607664  -  ResidentSetSize of job (KB)
...
006 (78854872.012.000) 2026-10-03 20:32:38 Image size of job updated: 1608592
	1570  -  MemoryUsage of job (MB)
	1607672  -  ResidentSetSize of job (KB)
...
006 (78854872.012.000) 2026-10-03 20:37:38 Image size of job updated: 1608592
	1571  -  MemoryUsage of job (MB)
	1607684  -  ResidentSetSize of job (KB)
...
006 (78854872.012.000) 2026-10-03 20:42:39 Image size of job updated: 1608760
	1572  -  MemoryUsage of job (MB)
	1608760  -  ResidentSetSize of job (KB)
...
006 (78854872.012.000) 2026-10-03 20:47:40 Image size of job updated: 1608776
	1572  -  MemoryUsage of job (MB)
	1608776  -  ResidentSetSize of job (KB)
...
006 (78854872.012.000) 2026-10-03 20:52:40 Image size of job updated: 1614336
	1575  -  MemoryUsage of job (MB)
	1612316  -  ResidentSetSize of job (KB)
...
006 (78854872.012.000) 2026-10-03 20:57:41 Image size of job updated: 1614336
	1575  -  MemoryUsage of job (MB)
	1612324  -  ResidentSetSize of job (KB)
...
006 (78854872.012.000) 2026-10-03 21:02:41 Image size of job updated: 1614376
	1577  -  MemoryUsage of job (MB)
	1614376  -  ResidentSetSize of job (KB)
...
006 (78854872.012.000) 2026-10-03 21:07:41 Image size of job updated: 1614384
	1577  -  MemoryUsage of job (MB)
	1614384  -  ResidentSetSize of job (KB)
...
006 (78854872.012.000) 2026-10-03 21:12:42 Image size of job updated: 1614396
	1577  -  MemoryUsage of job (MB)
	1614396  -  ResidentSetSize of job (KB)
...
006 (78854872.012.000) 2026-10-03 21:17:42 Image size of job updated: 1614412
	1577  -  MemoryUsage of job (MB)
	1614412  -  ResidentSetSize of job (KB)
...
006 (78854872.012.000) 2026-10-03 21:22:42 Image size of job updated: 1615448
	1578  -  MemoryUsage of job (MB)
	1615448  -  ResidentSetSize of job (KB)
...
006 (78854872.012.000) 2026-10-03 21:27:43 Image size of job updated: 1615452
	1578  -  MemoryUsage of job (MB)
	1615452  -  ResidentSetSize of job (KB)
...
006 (78854872.012.000) 2026-10-03 21:32:43 Image size of job updated: 1619076
	1582  -  MemoryUsage of job (MB)
	1619076  -  ResidentSetSize of job (KB)
...
000 (78854906.012.000) 2026-10-03 21:36:50 Job submitted from host: <10.14.0.121:9618?addrs=10.14.0.121-9618&alias=ldas-pcdev12.ligo.caltech.edu&noUDP&sock=schedd_623140_c9b4>
...
006 (78854872.012.000) 2026-10-03 21:37:21 Image size of job updated: 1621240
	1582  -  MemoryUsage of job (MB)
	1619076  -  ResidentSetSize of job (KB)
...
004 (78854872.012.000) 2026-10-03 21:37:21 Job was evicted. Code 1023 Subcode 0
	(0) CPU times
		Usr 1 08:49:18, Sys 0 00:01:43  -  Run Remote Usage
		Usr 0 00:00:00, Sys 0 00:00:00  -  Run Local Usage
	0  -  Run Bytes Sent By Job
	0  -  Run Bytes Received By Job
	Reason: via condor_rm (by user pratyusava.baral)
	Partitionable Resources :    Usage  Request Allocated 
	   Cpus                 :     2.39        4         4 
	   Disk (KB)            : 25000       25000     28672 
	   GPUs                 :                           0 
	   Memory (MB)          :  1582        6000      6016 
	   TimeExecute (s)      : 15310                       
	   TimeSlotBusy (s)     : 15311                       
...
009 (78854872.012.000) 2026-10-03 21:37:21 Job was aborted.
	via condor_rm (by user pratyusava.baral)
...
001 (78854906.012.000) 2026-10-03 21:38:41 Job executing on host: <10.14.6.140:9618?addrs=10.14.6.140-9618&alias=node1390.cluster.ldas.cit&noUDP&sock=startd_33210_e04d>
	SlotName: slot1_2@node1390.cluster.ldas.cit
	CondorScratchDir = "/var/lib/condor/execute/dir_589369/scratch"
	Cpus = 4
	Disk = 28672
	GPUs = 0
	Memory = 6016
...
006 (78854906.012.000) 2026-10-03 21:38:50 Image size of job updated: 152708
	150  -  MemoryUsage of job (MB)
	152708  -  ResidentSetSize of job (KB)
...
006 (78854906.012.000) 2026-10-03 21:43:51 Image size of job updated: 344656
	337  -  MemoryUsage of job (MB)
	344656  -  ResidentSetSize of job (KB)
...
006 (78854906.012.000) 2026-10-03 21:48:51 Image size of job updated: 470332
	460  -  MemoryUsage of job (MB)
	470332  -  ResidentSetSize of job (KB)
...
006 (78854906.012.000) 2026-10-03 21:53:52 Image size of job updated: 489172
	478  -  MemoryUsage of job (MB)
	489172  -  ResidentSetSize of job (KB)
...
006 (78854906.012.000) 2026-10-03 21:58:53 Image size of job updated: 497808
	487  -  MemoryUsage of job (MB)
	497808  -  ResidentSetSize of job (KB)
...
006 (78854906.012.000) 2026-10-03 22:03:53 Image size of job updated: 523688
	512  -  MemoryUsage of job (MB)
	523436  -  ResidentSetSize of job (KB)
...
006 (78854906.012.000) 2026-10-03 22:08:55 Image size of job updated: 531904
	520  -  MemoryUsage of job (MB)
	531904  -  ResidentSetSize of job (KB)
...
006 (78854906.012.000) 2026-10-03 22:13:55 Image size of job updated: 569756
	557  -  MemoryUsage of job (MB)
	569756  -  ResidentSetSize of job (KB)
...
006 (78854906.012.000) 2026-10-03 22:18:55 Image size of job updated: 570184
	557  -  MemoryUsage of job (MB)
	570184  -  ResidentSetSize of job (KB)
...
006 (78854906.012.000) 2026-10-03 22:23:57 Image size of job updated: 580364
	563  -  MemoryUsage of job (MB)
	575516  -  ResidentSetSize of job (KB)
...
006 (78854906.012.000) 2026-10-03 22:28:57 Image size of job updated: 580364
	563  -  MemoryUsage of job (MB)
	575652  -  ResidentSetSize of job (KB)
...
006 (78854906.012.000) 2026-10-03 22:33:57 Image size of job updated: 584912
	564  -  MemoryUsage of job (MB)
	576888  -  ResidentSetSize of job (KB)
...
006 (78854906.012.000) 2026-10-03 22:38:58 Image size of job updated: 584912
	564  -  MemoryUsage of job (MB)
	577112  -  ResidentSetSize of job (KB)
...
006 (78854906.012.000) 2026-10-03 22:43:58 Image size of job updated: 584912
	564  -  MemoryUsage of job (MB)
	577264  -  ResidentSetSize of job (KB)
...
006 (78854906.012.000) 2026-10-03 22:48:58 Image size of job updated: 586360
	569  -  MemoryUsage of job (MB)
	582524  -  ResidentSetSize of job (KB)
...
006 (78854906.012.000) 2026-10-03 22:53:59 Image size of job updated: 586360
	570  -  MemoryUsage of job (MB)
	582776  -  ResidentSetSize of job (KB)
...
006 (78854906.012.000) 2026-10-03 22:59:00 Image size of job updated: 587516
	572  -  MemoryUsage of job (MB)
	585724  -  ResidentSetSize of job (KB)
...
006 (78854906.012.000) 2026-10-03 23:04:00 Image size of job updated: 587516
	573  -  MemoryUsage of job (MB)
	585848  -  ResidentSetSize of job (KB)
...
006 (78854906.012.000) 2026-10-03 23:09:01 Image size of job updated: 588360
	573  -  MemoryUsage of job (MB)
	586412  -  ResidentSetSize of job (KB)
...
006 (78854906.012.000) 2026-10-03 23:14:02 Image size of job updated: 588360
	573  -  MemoryUsage of job (MB)
	586476  -  ResidentSetSize of job (KB)
...
006 (78854906.012.000) 2026-10-03 23:19:02 Image size of job updated: 588552
	574  -  MemoryUsage of job (MB)
	587552  -  ResidentSetSize of job (KB)
...
006 (78854906.012.000) 2026-10-03 23:24:03 Image size of job updated: 588552
	574  -  MemoryUsage of job (MB)
	587752  -  ResidentSetSize of job (KB)
...
006 (78854906.012.000) 2026-10-03 23:29:04 Image size of job updated: 588552
	575  -  MemoryUsage of job (MB)
	587824  -  ResidentSetSize of job (KB)
...
006 (78854906.012.000) 2026-10-03 23:34:04 Image size of job updated: 589088
	575  -  MemoryUsage of job (MB)
	588156  -  ResidentSetSize of job (KB)
...
006 (78854906.012.000) 2026-10-03 23:39:05 Image size of job updated: 589088
	575  -  MemoryUsage of job (MB)
	588236  -  ResidentSetSize of job (KB)
...
006 (78854906.012.000) 2026-10-03 23:44:06 Image size of job updated: 591084
	578  -  MemoryUsage of job (MB)
	591084  -  ResidentSetSize of job (KB)
...
006 (78854906.012.000) 2026-10-03 23:49:06 Image size of job updated: 591156
	578  -  MemoryUsage of job (MB)
	591156  -  ResidentSetSize of job (KB)
...
006 (78854906.012.000) 2026-10-03 23:54:07 Image size of job updated: 591164
	578  -  MemoryUsage of job (MB)
	591156  -  ResidentSetSize of job (KB)
...
006 (78854906.012.000) 2026-10-04 00:04:08 Image size of job updated: 592592
	579  -  MemoryUsage of job (MB)
	592592  -  ResidentSetSize of job (KB)
...
006 (78854906.012.000) 2026-10-04 00:09:09 Image size of job updated: 592684
	579  -  MemoryUsage of job (MB)
	592684  -  ResidentSetSize of job (KB)
...
006 (78854906.012.000) 2026-10-04 00:14:10 Image size of job updated: 592816
	579  -  MemoryUsage of job (MB)
	592816  -  ResidentSetSize of job (KB)
...
006 (78854906.012.000) 2026-10-04 00:19:10 Image size of job updated: 592964
	580  -  MemoryUsage of job (MB)
	592964  -  ResidentSetSize of job (KB)
...
006 (78854906.012.000) 2026-10-04 00:24:11 Image size of job updated: 593008
	580  -  MemoryUsage of job (MB)
	593008  -  ResidentSetSize of job (KB)
...
006 (78854906.012.000) 2026-10-04 00:29:12 Image size of job updated: 593112
	580  -  MemoryUsage of job (MB)
	593112  -  ResidentSetSize of job (KB)
...
006 (78854906.012.000) 2026-10-04 00:34:12 Image size of job updated: 593188
	580  -  MemoryUsage of job (MB)
	593188  -  ResidentSetSize of job (KB)
...
006 (78854906.012.000) 2026-10-04 00:39:13 Image size of job updated: 593208
	580  -  MemoryUsage of job (MB)
	593208  -  ResidentSetSize of job (KB)
...
006 (78854906.012.000) 2026-10-04 00:44:14 Image size of job updated: 593252
	580  -  MemoryUsage of job (MB)
	593252  -  ResidentSetSize of job (KB)
...
006 (78854906.012.000) 2026-10-04 00:49:14 Image size of job updated: 595292
	582  -  MemoryUsage of job (MB)
	595292  -  ResidentSetSize of job (KB)
...
006 (78854906.012.000) 2026-10-04 00:54:15 Image size of job updated: 595348
	582  -  MemoryUsage of job (MB)
	595348  -  ResidentSetSize of job (KB)
...
006 (78854906.012.000) 2026-10-04 00:59:16 Image size of job updated: 595396
	582  -  MemoryUsage of job (MB)
	595396  -  ResidentSetSize of job (KB)
...
006 (78854906.012.000) 2026-10-04 01:04:16 Image size of job updated: 595464
	582  -  MemoryUsage of job (MB)
	595464  -  ResidentSetSize of job (KB)
...
006 (78854906.012.000) 2026-10-04 01:09:17 Image size of job updated: 597520
	584  -  MemoryUsage of job (MB)
	597520  -  ResidentSetSize of job (KB)
...
006 (78854906.012.000) 2026-10-04 01:14:18 Image size of job updated: 597668
	584  -  MemoryUsage of job (MB)
	597668  -  ResidentSetSize of job (KB)
...
006 (78854906.012.000) 2026-10-04 01:19:18 Image size of job updated: 597708
	584  -  MemoryUsage of job (MB)
	597708  -  ResidentSetSize of job (KB)
...
006 (78854906.012.000) 2026-10-04 01:24:19 Image size of job updated: 598360
	585  -  MemoryUsage of job (MB)
	598360  -  ResidentSetSize of job (KB)
...
006 (78854906.012.000) 2026-10-04 01:29:20 Image size of job updated: 598468
	585  -  MemoryUsage of job (MB)
	598468  -  ResidentSetSize of job (KB)
...
006 (78854906.012.000) 2026-10-04 01:34:20 Image size of job updated: 598492
	585  -  MemoryUsage of job (MB)
	598468  -  ResidentSetSize of job (KB)
...
006 (78854906.012.000) 2026-10-04 01:49:22 Image size of job updated: 598572
	585  -  MemoryUsage of job (MB)
	598572  -  ResidentSetSize of job (KB)
...
006 (78854906.012.000) 2026-10-04 01:54:23 Image size of job updated: 598612
	585  -  MemoryUsage of job (MB)
	598612  -  ResidentSetSize of job (KB)
...
006 (78854906.012.000) 2026-10-04 01:59:24 Image size of job updated: 598636
	585  -  MemoryUsage of job (MB)
	598636  -  ResidentSetSize of job (KB)
...
006 (78854906.012.000) 2026-10-04 02:04:24 Image size of job updated: 598656
	585  -  MemoryUsage of job (MB)
	598656  -  ResidentSetSize of job (KB)
...
006 (78854906.012.000) 2026-10-04 02:09:25 Image size of job updated: 599572
	586  -  MemoryUsage of job (MB)
	599572  -  ResidentSetSize of job (KB)
...
006 (78854906.012.000) 2026-10-04 02:14:26 Image size of job updated: 599700
	586  -  MemoryUsage of job (MB)
	599700  -  ResidentSetSize of job (KB)
...
006 (78854906.012.000) 2026-10-04 02:19:26 Image size of job updated: 599736
	586  -  MemoryUsage of job (MB)
	599736  -  ResidentSetSize of job (KB)
...
006 (78854906.012.000) 2026-10-04 02:24:27 Image size of job updated: 610972
	597  -  MemoryUsage of job (MB)
	610972  -  ResidentSetSize of job (KB)
...
006 (78854906.012.000) 2026-10-04 02:29:27 Image size of job updated: 612028
	598  -  MemoryUsage of job (MB)
	612028  -  ResidentSetSize of job (KB)
...
006 (78854906.012.000) 2026-10-04 02:34:27 Image size of job updated: 612064
	598  -  MemoryUsage of job (MB)
	612028  -  ResidentSetSize of job (KB)
...
006 (78854906.012.000) 2026-10-04 02:59:29 Image size of job updated: 612176
	598  -  MemoryUsage of job (MB)
	612176  -  ResidentSetSize of job (KB)
...
006 (78854906.012.000) 2026-10-04 03:04:29 Image size of job updated: 612208
	598  -  MemoryUsage of job (MB)
	612208  -  ResidentSetSize of job (KB)
...
006 (78854906.012.000) 2026-10-04 03:09:30 Image size of job updated: 612220
	598  -  MemoryUsage of job (MB)
	612220  -  ResidentSetSize of job (KB)
...
006 (78854906.012.000) 2026-10-04 03:14:30 Image size of job updated: 612240
	598  -  MemoryUsage of job (MB)
	612240  -  ResidentSetSize of job (KB)
...
006 (78854906.012.000) 2026-10-04 03:19:30 Image size of job updated: 613252
	599  -  MemoryUsage of job (MB)
	613252  -  ResidentSetSize of job (KB)
...
006 (78854906.012.000) 2026-10-04 03:24:31 Image size of job updated: 613280
	599  -  MemoryUsage of job (MB)
	613280  -  ResidentSetSize of job (KB)
...
006 (78854906.012.000) 2026-10-04 03:29:31 Image size of job updated: 613308
	599  -  MemoryUsage of job (MB)
	613308  -  ResidentSetSize of job (KB)
...
006 (78854906.012.000) 2026-10-04 03:34:31 Image size of job updated: 613320
	599  -  MemoryUsage of job (MB)
	613320  -  ResidentSetSize of job (KB)
...
006 (78854906.012.000) 2026-10-04 03:39:32 Image size of job updated: 613332
	599  -  MemoryUsage of job (MB)
	613332  -  ResidentSetSize of job (KB)
...
006 (78854906.012.000) 2026-10-04 03:44:32 Image size of job updated: 614408
	601  -  MemoryUsage of job (MB)
	614408  -  ResidentSetSize of job (KB)
...
006 (78854906.012.000) 2026-10-04 03:49:32 Image size of job updated: 614420
	601  -  MemoryUsage of job (MB)
	614420  -  ResidentSetSize of job (KB)
...
006 (78854906.012.000) 2026-10-04 03:54:33 Image size of job updated: 614460
	601  -  MemoryUsage of job (MB)
	614460  -  ResidentSetSize of job (KB)
...
006 (78854906.012.000) 2026-10-04 03:59:33 Image size of job updated: 614500
	601  -  MemoryUsage of job (MB)
	614500  -  ResidentSetSize of job (KB)
...
006 (78854906.012.000) 2026-10-04 04:04:33 Image size of job updated: 614512
	601  -  MemoryUsage of job (MB)
	614512  -  ResidentSetSize of job (KB)
...
006 (78854906.012.000) 2026-10-04 04:19:34 Image size of job updated: 614552
	601  -  MemoryUsage of job (MB)
	614552  -  ResidentSetSize of job (KB)
...
006 (78854906.012.000) 2026-10-04 04:24:35 Image size of job updated: 614572
	601  -  MemoryUsage of job (MB)
	614572  -  ResidentSetSize of job (KB)
...
006 (78854906.012.000) 2026-10-04 04:29:35 Image size of job updated: 614592
	601  -  MemoryUsage of job (MB)
	614592  -  ResidentSetSize of job (KB)
...
006 (78854906.012.000) 2026-10-04 04:34:35 Image size of job updated: 614644
	601  -  MemoryUsage of job (MB)
	614644  -  ResidentSetSize of job (KB)
...
006 (78854906.012.000) 2026-10-04 04:39:36 Image size of job updated: 614664
	601  -  MemoryUsage of job (MB)
	614664  -  ResidentSetSize of job (KB)
...
006 (78854906.012.000) 2026-10-04 04:44:36 Image size of job updated: 615728
	602  -  MemoryUsage of job (MB)
	615728  -  ResidentSetSize of job (KB)
...
006 (78854906.012.000) 2026-10-04 04:49:36 Image size of job updated: 615732
	602  -  MemoryUsage of job (MB)
	615732  -  ResidentSetSize of job (KB)
...
006 (78854906.012.000) 2026-10-04 04:54:37 Image size of job updated: 616764
	603  -  MemoryUsage of job (MB)
	616764  -  ResidentSetSize of job (KB)
...
006 (78854906.012.000) 2026-10-04 04:59:37 Image size of job updated: 616812
	603  -  MemoryUsage of job (MB)
	616812  -  ResidentSetSize of job (KB)
...
006 (78854906.012.000) 2026-10-04 05:04:38 Image size of job updated: 616820
	603  -  MemoryUsage of job (MB)
	616820  -  ResidentSetSize of job (KB)
...
006 (78854906.012.000) 2026-10-04 05:09:39 Image size of job updated: 616876
	603  -  MemoryUsage of job (MB)
	616876  -  ResidentSetSize of job (KB)
...
006 (78854906.012.000) 2026-10-04 05:14:39 Image size of job updated: 616880
	603  -  MemoryUsage of job (MB)
	616880  -  ResidentSetSize of job (KB)
...
006 (78854906.012.000) 2026-10-04 05:19:40 Image size of job updated: 616896
	603  -  MemoryUsage of job (MB)
	616896  -  ResidentSetSize of job (KB)
...
006 (78854906.012.000) 2026-10-04 05:24:41 Image size of job updated: 616924
	603  -  MemoryUsage of job (MB)
	616924  -  ResidentSetSize of job (KB)
...
006 (78854906.012.000) 2026-10-04 05:29:41 Image size of job updated: 616932
	603  -  MemoryUsage of job (MB)
	616932  -  ResidentSetSize of job (KB)
...
006 (78854906.012.000) 2026-10-04 05:34:42 Image size of job updated: 616968
	603  -  MemoryUsage of job (MB)
	616968  -  ResidentSetSize of job (KB)
...
006 (78854906.012.000) 2026-10-04 05:39:43 Image size of job updated: 616976
	603  -  MemoryUsage of job (MB)
	616976  -  ResidentSetSize of job (KB)
...
006 (78854906.012.000) 2026-10-04 05:44:43 Image size of job updated: 617992
	604  -  MemoryUsage of job (MB)
	617992  -  ResidentSetSize of job (KB)
...
006 (78854906.012.000) 2026-10-04 05:49:44 Image size of job updated: 618008
	604  -  MemoryUsage of job (MB)
	618008  -  ResidentSetSize of job (KB)
...
006 (78854906.012.000) 2026-10-04 05:54:45 Image size of job updated: 618012
	604  -  MemoryUsage of job (MB)
	618012  -  ResidentSetSize of job (KB)
...
006 (78854906.012.000) 2026-10-04 05:59:45 Image size of job updated: 618036
	604  -  MemoryUsage of job (MB)
	618036  -  ResidentSetSize of job (KB)
...
006 (78854906.012.000) 2026-10-04 06:04:47 Image size of job updated: 618048
	604  -  MemoryUsage of job (MB)
	618048  -  ResidentSetSize of job (KB)
...
006 (78854906.012.000) 2026-10-04 06:09:47 Image size of job updated: 619056
	605  -  MemoryUsage of job (MB)
	619056  -  ResidentSetSize of job (KB)
...
006 (78854906.012.000) 2026-10-04 06:14:47 Image size of job updated: 619088
	605  -  MemoryUsage of job (MB)
	619088  -  ResidentSetSize of job (KB)
...
006 (78854906.012.000) 2026-10-04 06:39:49 Image size of job updated: 625960
	612  -  MemoryUsage of job (MB)
	625960  -  ResidentSetSize of job (KB)
...
006 (78854906.012.000) 2026-10-04 06:44:49 Image size of job updated: 625980
	612  -  MemoryUsage of job (MB)
	625980  -  ResidentSetSize of job (KB)
...
006 (78854906.012.000) 2026-10-04 06:49:50 Image size of job updated: 626000
	612  -  MemoryUsage of job (MB)
	626000  -  ResidentSetSize of job (KB)
...
006 (78854906.012.000) 2026-10-04 06:54:50 Image size of job updated: 628016
	613  -  MemoryUsage of job (MB)
	627012  -  ResidentSetSize of job (KB)
...
006 (78854906.012.000) 2026-10-04 06:59:50 Image size of job updated: 628016
	613  -  MemoryUsage of job (MB)
	627016  -  ResidentSetSize of job (KB)
...
006 (78854906.012.000) 2026-10-04 07:04:51 Image size of job updated: 628032
	614  -  MemoryUsage of job (MB)
	628032  -  ResidentSetSize of job (KB)
...
006 (78854906.012.000) 2026-10-04 07:39:54 Image size of job updated: 629080
	615  -  MemoryUsage of job (MB)
	629080  -  ResidentSetSize of job (KB)
...
006 (78854906.012.000) 2026-10-04 07:44:55 Image size of job updated: 629084
	615  -  MemoryUsage of job (MB)
	629084  -  ResidentSetSize of job (KB)
...
006 (78854906.012.000) 2026-10-04 07:59:57 Image size of job updated: 630100
	616  -  MemoryUsage of job (MB)
	630100  -  ResidentSetSize of job (KB)
...
006 (78854906.012.000) 2026-10-04 08:04:58 Image size of job updated: 630104
	616  -  MemoryUsage of job (MB)
	630104  -  ResidentSetSize of job (KB)
...
006 (78854906.012.000) 2026-10-04 08:14:59 Image size of job updated: 630112
	616  -  MemoryUsage of job (MB)
	630112  -  ResidentSetSize of job (KB)
...
006 (78854906.012.000) 2026-10-04 08:20:00 Image size of job updated: 630128
	616  -  MemoryUsage of job (MB)
	630128  -  ResidentSetSize of job (KB)
...
006 (78854906.012.000) 2026-10-04 08:35:02 Image size of job updated: 630132
	616  -  MemoryUsage of job (MB)
	630132  -  ResidentSetSize of job (KB)
...
006 (78854906.012.000) 2026-10-04 08:40:02 Image size of job updated: 630188
	616  -  MemoryUsage of job (MB)
	630188  -  ResidentSetSize of job (KB)
...
006 (78854906.012.000) 2026-10-04 08:45:03 Image size of job updated: 631200
	617  -  MemoryUsage of job (MB)
	631200  -  ResidentSetSize of job (KB)
...
006 (78854906.012.000) 2026-10-04 08:55:04 Image size of job updated: 631248
	617  -  MemoryUsage of job (MB)
	631248  -  ResidentSetSize of job (KB)
...
006 (78854906.012.000) 2026-10-04 09:00:05 Image size of job updated: 631288
	617  -  MemoryUsage of job (MB)
	631288  -  ResidentSetSize of job (KB)
...
006 (78854906.012.000) 2026-10-04 09:05:06 Image size of job updated: 632304
	617  -  MemoryUsage of job (MB)
	631288  -  ResidentSetSize of job (KB)
...
006 (78854906.012.000) 2026-10-04 09:15:07 Image size of job updated: 632304
	617  -  MemoryUsage of job (MB)
	631300  -  ResidentSetSize of job (KB)
...
006 (78854906.012.000) 2026-10-04 09:20:08 Image size of job updated: 632304
	617  -  MemoryUsage of job (MB)
	631304  -  ResidentSetSize of job (KB)
...
006 (78854906.012.000) 2026-10-04 09:25:08 Image size of job updated: 632304
	617  -  MemoryUsage of job (MB)
	631308  -  ResidentSetSize of job (KB)
...
006 (78854906.012.000) 2026-10-04 09:30:09 Image size of job updated: 632304
	617  -  MemoryUsage of job (MB)
	631312  -  ResidentSetSize of job (KB)
...
006 (78854906.012.000) 2026-10-04 09:35:10 Image size of job updated: 632304
	617  -  MemoryUsage of job (MB)
	631324  -  ResidentSetSize of job (KB)
...
006 (78854906.012.000) 2026-10-04 09:40:10 Image size of job updated: 636776
	622  -  MemoryUsage of job (MB)
	636776  -  ResidentSetSize of job (KB)
...
006 (78854906.012.000) 2026-10-04 09:45:11 Image size of job updated: 636852
	622  -  MemoryUsage of job (MB)
	636852  -  ResidentSetSize of job (KB)
...
006 (78854906.012.000) 2026-10-04 09:50:12 Image size of job updated: 651960
	637  -  MemoryUsage of job (MB)
	651960  -  ResidentSetSize of job (KB)
...
006 (78854906.012.000) 2026-10-04 09:55:12 Image size of job updated: 651996
	637  -  MemoryUsage of job (MB)
	651996  -  ResidentSetSize of job (KB)
...
006 (78854906.012.000) 2026-10-04 10:00:13 Image size of job updated: 653004
	638  -  MemoryUsage of job (MB)
	653004  -  ResidentSetSize of job (KB)
...
006 (78854906.012.000) 2026-10-04 10:05:14 Image size of job updated: 653008
	638  -  MemoryUsage of job (MB)
	653008  -  ResidentSetSize of job (KB)
...
006 (78854906.012.000) 2026-10-04 10:40:18 Image size of job updated: 654860
	640  -  MemoryUsage of job (MB)
	654860  -  ResidentSetSize of job (KB)
...
006 (78854906.012.000) 2026-10-04 10:55:20 Image size of job updated: 654896
	640  -  MemoryUsage of job (MB)
	654896  -  ResidentSetSize of job (KB)
...
006 (78854906.012.000) 2026-10-04 11:00:21 Image size of job updated: 654916
	640  -  MemoryUsage of job (MB)
	654916  -  ResidentSetSize of job (KB)
...
006 (78854906.012.000) 2026-10-04 11:10:22 Image size of job updated: 654920
	640  -  MemoryUsage of job (MB)
	654920  -  ResidentSetSize of job (KB)
...
006 (78854906.012.000) 2026-10-04 11:20:24 Image size of job updated: 654924
	640  -  MemoryUsage of job (MB)
	654924  -  ResidentSetSize of job (KB)
...
006 (78854906.012.000) 2026-10-04 11:45:28 Image size of job updated: 654928
	640  -  MemoryUsage of job (MB)
	654928  -  ResidentSetSize of job (KB)
...
006 (78854906.012.000) 2026-10-04 12:00:29 Image size of job updated: 656944
	642  -  MemoryUsage of job (MB)
	656944  -  ResidentSetSize of job (KB)
...
006 (78854906.012.000) 2026-10-04 12:05:29 Image size of job updated: 657000
	642  -  MemoryUsage of job (MB)
	657000  -  ResidentSetSize of job (KB)
...
006 (78854906.012.000) 2026-10-04 12:10:29 Image size of job updated: 658008
	643  -  MemoryUsage of job (MB)
	658008  -  ResidentSetSize of job (KB)
...
006 (78854906.012.000) 2026-10-04 12:15:30 Image size of job updated: 658012
	643  -  MemoryUsage of job (MB)
	658012  -  ResidentSetSize of job (KB)
...
006 (78854906.012.000) 2026-10-04 12:25:30 Image size of job updated: 658016
	643  -  MemoryUsage of job (MB)
	658016  -  ResidentSetSize of job (KB)
...
006 (78854906.012.000) 2026-10-04 12:35:31 Image size of job updated: 658020
	643  -  MemoryUsage of job (MB)
	658020  -  ResidentSetSize of job (KB)
...
006 (78854906.012.000) 2026-10-04 12:40:31 Image size of job updated: 658024
	643  -  MemoryUsage of job (MB)
	658024  -  ResidentSetSize of job (KB)
...
006 (78854906.012.000) 2026-10-04 13:15:34 Image size of job updated: 660076
	645  -  MemoryUsage of job (MB)
	660076  -  ResidentSetSize of job (KB)
...
000 (78855135.012.000) 2026-10-04 13:44:55 Job submitted from host: <10.14.0.121:9618?addrs=10.14.0.121-9618&alias=ldas-pcdev12.ligo.caltech.edu&noUDP&sock=schedd_623140_c9b4>
...
004 (78854906.012.000) 2026-10-04 13:47:27 Job was evicted. Code 1023 Subcode 0
	(0) CPU times
		Usr 2 16:10:06, Sys 0 00:06:32  -  Run Remote Usage
		Usr 0 00:00:00, Sys 0 00:00:00  -  Run Local Usage
	0  -  Run Bytes Sent By Job
	0  -  Run Bytes Received By Job
	Reason: via condor_rm (by user pratyusava.baral)
	Partitionable Resources :    Usage  Request Allocated 
	   Cpus                 :     4.15        4         4 
	   Disk (KB)            : 25000       25000     28672 
	   GPUs                 :                           0 
	   Memory (MB)          :   645        6000      6016 
	   TimeExecute (s)      : 58126                       
	   TimeSlotBusy (s)     : 58126                       
...
009 (78854906.012.000) 2026-10-04 13:47:27 Job was aborted.
	via condor_rm (by user pratyusava.baral)
...
001 (78855135.012.000) 2026-10-04 13:49:18 Job executing on host: <10.14.8.223:9618?addrs=10.14.8.223-9618&alias=node1973.cluster.ldas.cit&noUDP&sock=startd_35257_f2ab>
	SlotName: slot1_1@node1973.cluster.ldas.cit
	CondorScratchDir = "/var/lib/condor/execute/dir_417765/scratch"
	Cpus = 4
	Disk = 28672
	GPUs = 0
	Memory = 6016
...
006 (78855135.012.000) 2026-10-04 13:49:26 Image size of job updated: 107548
	106  -  MemoryUsage of job (MB)
	107548  -  ResidentSetSize of job (KB)
...
006 (78855135.012.000) 2026-10-04 13:54:26 Image size of job updated: 361212
	353  -  MemoryUsage of job (MB)
	361212  -  ResidentSetSize of job (KB)
...
006 (78855135.012.000) 2026-10-04 13:59:26 Image size of job updated: 543764
	532  -  MemoryUsage of job (MB)
	543764  -  ResidentSetSize of job (KB)
...
006 (78855135.012.000) 2026-10-04 14:04:27 Image size of job updated: 550972
	539  -  MemoryUsage of job (MB)
	550972  -  ResidentSetSize of job (KB)
...
006 (78855135.012.000) 2026-10-04 14:09:27 Image size of job updated: 601936
	586  -  MemoryUsage of job (MB)
	599480  -  ResidentSetSize of job (KB)
...
006 (78855135.012.000) 2026-10-04 14:14:27 Image size of job updated: 614300
	600  -  MemoryUsage of job (MB)
	614300  -  ResidentSetSize of job (KB)
...
006 (78855135.012.000) 2026-10-04 14:19:28 Image size of job updated: 628928
	615  -  MemoryUsage of job (MB)
	628928  -  ResidentSetSize of job (KB)
...
006 (78855135.012.000) 2026-10-04 14:24:28 Image size of job updated: 646324
	632  -  MemoryUsage of job (MB)
	646324  -  ResidentSetSize of job (KB)
...
006 (78855135.012.000) 2026-10-04 14:29:28 Image size of job updated: 652492
	638  -  MemoryUsage of job (MB)
	652492  -  ResidentSetSize of job (KB)
...
006 (78855135.012.000) 2026-10-04 14:34:29 Image size of job updated: 658144
	643  -  MemoryUsage of job (MB)
	658144  -  ResidentSetSize of job (KB)
...
006 (78855135.012.000) 2026-10-04 14:39:29 Image size of job updated: 658296
	643  -  MemoryUsage of job (MB)
	658296  -  ResidentSetSize of job (KB)
...
006 (78855135.012.000) 2026-10-04 14:44:29 Image size of job updated: 661808
	647  -  MemoryUsage of job (MB)
	661808  -  ResidentSetSize of job (KB)
...
006 (78855135.012.000) 2026-10-04 14:49:30 Image size of job updated: 661904
	647  -  MemoryUsage of job (MB)
	661904  -  ResidentSetSize of job (KB)
...
006 (78855135.012.000) 2026-10-04 14:54:30 Image size of job updated: 661972
	647  -  MemoryUsage of job (MB)
	661972  -  ResidentSetSize of job (KB)
...
006 (78855135.012.000) 2026-10-04 14:59:30 Image size of job updated: 663960
	649  -  MemoryUsage of job (MB)
	663960  -  ResidentSetSize of job (KB)
...
006 (78855135.012.000) 2026-10-04 15:04:31 Image size of job updated: 664048
	649  -  MemoryUsage of job (MB)
	664048  -  ResidentSetSize of job (KB)
...
006 (78855135.012.000) 2026-10-04 15:09:31 Image size of job updated: 668376
	653  -  MemoryUsage of job (MB)
	668376  -  ResidentSetSize of job (KB)
...
006 (78855135.012.000) 2026-10-04 15:14:31 Image size of job updated: 668432
	653  -  MemoryUsage of job (MB)
	668432  -  ResidentSetSize of job (KB)
...
006 (78855135.012.000) 2026-10-04 15:19:32 Image size of job updated: 668620
	653  -  MemoryUsage of job (MB)
	668620  -  ResidentSetSize of job (KB)
...
006 (78855135.012.000) 2026-10-04 15:24:32 Image size of job updated: 672152
	655  -  MemoryUsage of job (MB)
	670124  -  ResidentSetSize of job (KB)
...
006 (78855135.012.000) 2026-10-04 15:29:32 Image size of job updated: 672152
	655  -  MemoryUsage of job (MB)
	670204  -  ResidentSetSize of job (KB)
...
006 (78855135.012.000) 2026-10-04 15:34:33 Image size of job updated: 672152
	656  -  MemoryUsage of job (MB)
	671448  -  ResidentSetSize of job (KB)
...
006 (78855135.012.000) 2026-10-04 15:39:33 Image size of job updated: 672152
	656  -  MemoryUsage of job (MB)
	671560  -  ResidentSetSize of job (KB)
...
006 (78855135.012.000) 2026-10-04 17:32:02 Image size of job updated: 691448
	656  -  MemoryUsage of job (MB)
	671560  -  ResidentSetSize of job (KB)
...
006 (78855135.012.000) 2026-10-04 17:52:04 Image size of job updated: 691448
	657  -  MemoryUsage of job (MB)
	671884  -  ResidentSetSize of job (KB)
...
006 (78855135.012.000) 2026-10-04 17:57:05 Image size of job updated: 691448
	657  -  MemoryUsage of job (MB)
	671956  -  ResidentSetSize of job (KB)
...
006 (78855135.012.000) 2026-10-04 18:02:05 Image size of job updated: 691448
	660  -  MemoryUsage of job (MB)
	675064  -  ResidentSetSize of job (KB)
...
006 (78855135.012.000) 2026-10-04 18:07:06 Image size of job updated: 691448
	660  -  MemoryUsage of job (MB)
	675084  -  ResidentSetSize of job (KB)
...
006 (78855135.012.000) 2026-10-04 18:12:07 Image size of job updated: 691448
	661  -  MemoryUsage of job (MB)
	676416  -  ResidentSetSize of job (KB)
...
006 (78855135.012.000) 2026-10-04 18:17:07 Image size of job updated: 691448
	661  -  MemoryUsage of job (MB)
	676436  -  ResidentSetSize of job (KB)
...
006 (78855135.012.000) 2026-10-04 18:22:08 Image size of job updated: 691448
	661  -  MemoryUsage of job (MB)
	676464  -  ResidentSetSize of job (KB)
...
006 (78855135.012.000) 2026-10-04 19:12:14 Image size of job updated: 691448
	663  -  MemoryUsage of job (MB)
	678452  -  ResidentSetSize of job (KB)
...
006 (78855135.012.000) 2026-10-04 19:17:14 Image size of job updated: 691448
	663  -  MemoryUsage of job (MB)
	678476  -  ResidentSetSize of job (KB)
...
006 (78855135.012.000) 2026-10-04 19:22:14 Image size of job updated: 691448
	663  -  MemoryUsage of job (MB)
	678492  -  ResidentSetSize of job (KB)
...
006 (78855135.012.000) 2026-10-04 19:27:15 Image size of job updated: 691448
	663  -  MemoryUsage of job (MB)
	678528  -  ResidentSetSize of job (KB)
...
006 (78855135.012.000) 2026-10-04 19:32:15 Image size of job updated: 691448
	663  -  MemoryUsage of job (MB)
	678560  -  ResidentSetSize of job (KB)
...
006 (78855135.012.000) 2026-10-04 19:47:17 Image size of job updated: 691448
	663  -  MemoryUsage of job (MB)
	678648  -  ResidentSetSize of job (KB)
...
006 (78855135.012.000) 2026-10-04 19:52:17 Image size of job updated: 691448
	663  -  MemoryUsage of job (MB)
	678740  -  ResidentSetSize of job (KB)
...
006 (78855135.012.000) 2026-10-04 19:57:18 Image size of job updated: 691448
	665  -  MemoryUsage of job (MB)
	680808  -  ResidentSetSize of job (KB)
...
006 (78855135.012.000) 2026-10-04 20:02:19 Image size of job updated: 691448
	665  -  MemoryUsage of job (MB)
	680872  -  ResidentSetSize of job (KB)
...
006 (78855135.012.000) 2026-10-04 20:07:19 Image size of job updated: 695196
	679  -  MemoryUsage of job (MB)
	695196  -  ResidentSetSize of job (KB)
...
006 (78855135.012.000) 2026-10-04 20:12:20 Image size of job updated: 695212
	679  -  MemoryUsage of job (MB)
	695212  -  ResidentSetSize of job (KB)
...
006 (78855135.012.000) 2026-10-04 20:17:21 Image size of job updated: 697236
	680  -  MemoryUsage of job (MB)
	696248  -  ResidentSetSize of job (KB)
...
006 (78855135.012.000) 2026-10-04 20:22:21 Image size of job updated: 697236
	680  -  MemoryUsage of job (MB)
	696268  -  ResidentSetSize of job (KB)
...
006 (78855135.012.000) 2026-10-04 20:27:21 Image size of job updated: 697236
	680  -  MemoryUsage of job (MB)
	696300  -  ResidentSetSize of job (KB)
...
006 (78855135.012.000) 2026-10-04 20:32:22 Image size of job updated: 697236
	680  -  MemoryUsage of job (MB)
	696320  -  ResidentSetSize of job (KB)
...
006 (78855135.012.000) 2026-10-04 20:37:22 Image size of job updated: 697236
	681  -  MemoryUsage of job (MB)
	696360  -  ResidentSetSize of job (KB)
...
006 (78855135.012.000) 2026-10-04 22:37:34 Image size of job updated: 706280
	690  -  MemoryUsage of job (MB)
	706280  -  ResidentSetSize of job (KB)
...
006 (78855135.012.000) 2026-10-04 22:42:35 Image size of job updated: 706324
	690  -  MemoryUsage of job (MB)
	706324  -  ResidentSetSize of job (KB)
...
006 (78855135.012.000) 2026-10-05 00:52:49 Image size of job updated: 706760
	691  -  MemoryUsage of job (MB)
	706760  -  ResidentSetSize of job (KB)
...
006 (78855135.012.000) 2026-10-05 01:02:50 Image size of job updated: 706764
	691  -  MemoryUsage of job (MB)
	706764  -  ResidentSetSize of job (KB)
...
006 (78855135.012.000) 2026-10-05 01:07:50 Image size of job updated: 706780
	691  -  MemoryUsage of job (MB)
	706780  -  ResidentSetSize of job (KB)
...
006 (78855135.012.000) 2026-10-05 01:12:50 Image size of job updated: 706788
	691  -  MemoryUsage of job (MB)
	706788  -  ResidentSetSize of job (KB)
...
006 (78855135.012.000) 2026-10-05 01:17:51 Image size of job updated: 708824
	692  -  MemoryUsage of job (MB)
	707904  -  ResidentSetSize of job (KB)
...
006 (78855135.012.000) 2026-10-05 01:22:52 Image size of job updated: 708824
	692  -  MemoryUsage of job (MB)
	707920  -  ResidentSetSize of job (KB)
...
006 (78855135.012.000) 2026-10-05 01:37:54 Image size of job updated: 708824
	692  -  MemoryUsage of job (MB)
	707952  -  ResidentSetSize of job (KB)
...
006 (78855135.012.000) 2026-10-05 01:42:54 Image size of job updated: 708824
	692  -  MemoryUsage of job (MB)
	707972  -  ResidentSetSize of job (KB)
...
006 (78855135.012.000) 2026-10-05 01:47:55 Image size of job updated: 708824
	692  -  MemoryUsage of job (MB)
	708232  -  ResidentSetSize of job (KB)
...
006 (78855135.012.000) 2026-10-05 01:57:56 Image size of job updated: 708824
	692  -  MemoryUsage of job (MB)
	708240  -  ResidentSetSize of job (KB)
...
006 (78855135.012.000) 2026-10-05 02:12:57 Image size of job updated: 708824
	692  -  MemoryUsage of job (MB)
	708288  -  ResidentSetSize of job (KB)
...
006 (78855135.012.000) 2026-10-05 02:17:57 Image size of job updated: 708824
	692  -  MemoryUsage of job (MB)
	708292  -  ResidentSetSize of job (KB)
...
006 (78855135.012.000) 2026-10-05 02:22:58 Image size of job updated: 709304
	692  -  MemoryUsage of job (MB)
	708292  -  ResidentSetSize of job (KB)
...
006 (78855135.012.000) 2026-10-05 02:32:58 Image size of job updated: 709304
	692  -  MemoryUsage of job (MB)
	708312  -  ResidentSetSize of job (KB)
...
006 (78855135.012.000) 2026-10-05 02:47:59 Image size of job updated: 721468
	702  -  MemoryUsage of job (MB)
	718412  -  ResidentSetSize of job (KB)
...
006 (78855135.012.000) 2026-10-05 03:08:02 Image size of job updated: 723988
	708  -  MemoryUsage of job (MB)
	723988  -  ResidentSetSize of job (KB)
...
006 (78855135.012.000) 2026-10-05 03:13:03 Image size of job updated: 724084
	708  -  MemoryUsage of job (MB)
	724084  -  ResidentSetSize of job (KB)
...
006 (78855135.012.000) 2026-10-05 04:53:13 Image size of job updated: 729436
	708  -  MemoryUsage of job (MB)
	724084  -  ResidentSetSize of job (KB)
...
006 (78855135.012.000) 2026-10-05 08:43:36 Image size of job updated: 738452
	722  -  MemoryUsage of job (MB)
	738452  -  ResidentSetSize of job (KB)
...
006 (78855135.012.000) 2026-10-05 08:48:37 Image size of job updated: 738456
	722  -  MemoryUsage of job (MB)
	738456  -  ResidentSetSize of job (KB)
...
006 (78855135.012.000) 2026-10-05 08:53:37 Image size of job updated: 738520
	722  -  MemoryUsage of job (MB)
	738456  -  ResidentSetSize of job (KB)
...
006 (78855135.012.000) 2026-10-05 09:18:39 Image size of job updated: 747576
	731  -  MemoryUsage of job (MB)
	747576  -  ResidentSetSize of job (KB)
...
006 (78855135.012.000) 2026-10-05 09:23:39 Image size of job updated: 747580
	731  -  MemoryUsage of job (MB)
	747580  -  ResidentSetSize of job (KB)
...
006 (78855135.012.000) 2026-10-05 09:28:39 Image size of job updated: 747668
	731  -  MemoryUsage of job (MB)
	747580  -  ResidentSetSize of job (KB)
...
006 (78855135.012.000) 2026-10-05 09:38:40 Image size of job updated: 748608
	732  -  MemoryUsage of job (MB)
	748608  -  ResidentSetSize of job (KB)
...
006 (78855135.012.000) 2026-10-05 09:41:19 Image size of job updated: 748988
	732  -  MemoryUsage of job (MB)
	748608  -  ResidentSetSize of job (KB)
...
005 (78855135.012.000) 2026-10-05 09:41:19 Job terminated.
	(1) Normal termination (return value 0)
		Usr 4 19:30:52, Sys 0 00:16:05  -  Run Remote Usage
		Usr 0 00:00:00, Sys 0 00:00:00  -  Run Local Usage
		Usr 4 19:30:52, Sys 0 00:16:05  -  Total Remote Usage
		Usr 0 00:00:00, Sys 0 00:00:00  -  Total Local Usage
	0  -  Run Bytes Sent By Job
	0  -  Run Bytes Received By Job
	0  -  Total Bytes Sent By Job
	0  -  Total Bytes Received By Job
	Partitionable Resources :    Usage  Request Allocated 
	   Cpus                 :     6.89        4         4 
	   Disk (KB)            : 25000       25000     28672 
	   GPUs                 :                           0 
	   Memory (MB)          :   732        6000      6016 
	   TimeExecute (s)      : 71521                       
	   TimeSlotBusy (s)     : 71522                       
...
