000 (78851234.015.000) 2026-09-30 12:35:31 Job submitted from host: <10.14.0.121:9618?addrs=10.14.0.121-9618&alias=ldas-pcdev12.ligo.caltech.edu&noUDP&sock=schedd_623140_c9b4>
...
001 (78851234.015.000) 2026-09-30 12:35:59 Job executing on host: <10.14.5.173:9618?addrs=10.14.5.173-9618&alias=node1173.cluster.ldas.cit&noUDP&sock=startd_265348_3c5b>
	SlotName: slot1_1@node1173.cluster.ldas.cit
	CondorScratchDir = "/var/lib/condor/execute/dir_436705/scratch"
	Cpus = 4
	Disk = 28672
	GPUs = 0
	Memory = 6016
...
006 (78851234.015.000) 2026-09-30 12:36:07 Image size of job updated: 283160
	277  -  MemoryUsage of job (MB)
	283160  -  ResidentSetSize of job (KB)
...
006 (78851234.015.000) 2026-09-30 12:41:07 Image size of job updated: 499216
	488  -  MemoryUsage of job (MB)
	499216  -  ResidentSetSize of job (KB)
...
006 (78851234.015.000) 2026-09-30 12:46:08 Image size of job updated: 499688
	488  -  MemoryUsage of job (MB)
	499688  -  ResidentSetSize of job (KB)
...
006 (78851234.015.000) 2026-09-30 12:51:09 Image size of job updated: 571852
	559  -  MemoryUsage of job (MB)
	571852  -  ResidentSetSize of job (KB)
...
006 (78851234.015.000) 2026-09-30 12:56:09 Image size of job updated: 572316
	559  -  MemoryUsage of job (MB)
	572316  -  ResidentSetSize of job (KB)
...
006 (78851234.015.000) 2026-09-30 13:01:10 Image size of job updated: 582144
	569  -  MemoryUsage of job (MB)
	582144  -  ResidentSetSize of job (KB)
...
006 (78851234.015.000) 2026-09-30 13:06:11 Image size of job updated: 582464
	569  -  MemoryUsage of job (MB)
	582464  -  ResidentSetSize of job (KB)
...
006 (78851234.015.000) 2026-09-30 13:11:11 Image size of job updated: 618460
	604  -  MemoryUsage of job (MB)
	618460  -  ResidentSetSize of job (KB)
...
006 (78851234.015.000) 2026-09-30 13:16:12 Image size of job updated: 619256
	605  -  MemoryUsage of job (MB)
	619256  -  ResidentSetSize of job (KB)
...
006 (78851234.015.000) 2026-09-30 13:21:13 Image size of job updated: 631092
	617  -  MemoryUsage of job (MB)
	631092  -  ResidentSetSize of job (KB)
...
006 (78851234.015.000) 2026-09-30 13:26:13 Image size of job updated: 631324
	617  -  MemoryUsage of job (MB)
	631092  -  ResidentSetSize of job (KB)
...
006 (78851234.015.000) 2026-09-30 13:31:13 Image size of job updated: 631472
	617  -  MemoryUsage of job (MB)
	631472  -  ResidentSetSize of job (KB)
...
006 (78851234.015.000) 2026-09-30 13:36:14 Image size of job updated: 631584
	617  -  MemoryUsage of job (MB)
	631584  -  ResidentSetSize of job (KB)
...
006 (78851234.015.000) 2026-09-30 13:41:14 Image size of job updated: 643864
	629  -  MemoryUsage of job (MB)
	643864  -  ResidentSetSize of job (KB)
...
006 (78851234.015.000) 2026-09-30 13:46:14 Image size of job updated: 643948
	629  -  MemoryUsage of job (MB)
	643948  -  ResidentSetSize of job (KB)
...
006 (78851234.015.000) 2026-09-30 13:51:15 Image size of job updated: 657572
	643  -  MemoryUsage of job (MB)
	657572  -  ResidentSetSize of job (KB)
...
006 (78851234.015.000) 2026-09-30 13:56:15 Image size of job updated: 657636
	643  -  MemoryUsage of job (MB)
	657636  -  ResidentSetSize of job (KB)
...
006 (78851234.015.000) 2026-09-30 14:01:15 Image size of job updated: 657688
	643  -  MemoryUsage of job (MB)
	657688  -  ResidentSetSize of job (KB)
...
006 (78851234.015.000) 2026-09-30 14:06:16 Image size of job updated: 657732
	643  -  MemoryUsage of job (MB)
	657732  -  ResidentSetSize of job (KB)
...
006 (78851234.015.000) 2026-09-30 14:11:16 Image size of job updated: 657780
	643  -  MemoryUsage of job (MB)
	657780  -  ResidentSetSize of job (KB)
...
006 (78851234.015.000) 2026-09-30 14:16:17 Image size of job updated: 658420
	643  -  MemoryUsage of job (MB)
	658420  -  ResidentSetSize of job (KB)
...
006 (78851234.015.000) 2026-09-30 14:21:18 Image size of job updated: 658476
	644  -  MemoryUsage of job (MB)
	658476  -  ResidentSetSize of job (KB)
...
006 (78851234.015.000) 2026-09-30 14:26:18 Image size of job updated: 659188
	644  -  MemoryUsage of job (MB)
	659188  -  ResidentSetSize of job (KB)
...
006 (78851234.015.000) 2026-09-30 14:31:19 Image size of job updated: 659240
	644  -  MemoryUsage of job (MB)
	659240  -  ResidentSetSize of job (KB)
...
006 (78851234.015.000) 2026-09-30 14:36:19 Image size of job updated: 659316
	644  -  MemoryUsage of job (MB)
	659316  -  ResidentSetSize of job (KB)
...
006 (78851234.015.000) 2026-09-30 14:41:19 Image size of job updated: 675464
	660  -  MemoryUsage of job (MB)
	675464  -  ResidentSetSize of job (KB)
...
006 (78851234.015.000) 2026-09-30 14:46:20 Image size of job updated: 680264
	665  -  MemoryUsage of job (MB)
	680264  -  ResidentSetSize of job (KB)
...
006 (78851234.015.000) 2026-09-30 14:51:20 Image size of job updated: 684696
	669  -  MemoryUsage of job (MB)
	684696  -  ResidentSetSize of job (KB)
...
006 (78851234.015.000) 2026-09-30 14:56:20 Image size of job updated: 689516
	674  -  MemoryUsage of job (MB)
	689516  -  ResidentSetSize of job (KB)
...
006 (78851234.015.000) 2026-09-30 15:01:21 Image size of job updated: 694308
	679  -  MemoryUsage of job (MB)
	694308  -  ResidentSetSize of job (KB)
...
006 (78851234.015.000) 2026-09-30 15:06:21 Image size of job updated: 699092
	683  -  MemoryUsage of job (MB)
	699092  -  ResidentSetSize of job (KB)
...
006 (78851234.015.000) 2026-09-30 15:11:21 Image size of job updated: 701840
	686  -  MemoryUsage of job (MB)
	701840  -  ResidentSetSize of job (KB)
...
006 (78851234.015.000) 2026-09-30 15:16:22 Image size of job updated: 706620
	691  -  MemoryUsage of job (MB)
	706620  -  ResidentSetSize of job (KB)
...
006 (78851234.015.000) 2026-09-30 15:21:22 Image size of job updated: 723708
	707  -  MemoryUsage of job (MB)
	723708  -  ResidentSetSize of job (KB)
...
006 (78851234.015.000) 2026-09-30 15:26:22 Image size of job updated: 725564
	709  -  MemoryUsage of job (MB)
	725564  -  ResidentSetSize of job (KB)
...
006 (78851234.015.000) 2026-09-30 15:31:23 Image size of job updated: 727688
	710  -  MemoryUsage of job (MB)
	726684  -  ResidentSetSize of job (KB)
...
006 (78851234.015.000) 2026-09-30 15:36:23 Image size of job updated: 727688
	710  -  MemoryUsage of job (MB)
	726688  -  ResidentSetSize of job (KB)
...
006 (78851234.015.000) 2026-09-30 17:11:33 Image size of job updated: 727688
	711  -  MemoryUsage of job (MB)
	727564  -  ResidentSetSize of job (KB)
...
006 (78851234.015.000) 2026-09-30 17:16:33 Image size of job updated: 727688
	711  -  MemoryUsage of job (MB)
	727576  -  ResidentSetSize of job (KB)
...
006 (78851234.015.000) 2026-09-30 17:21:33 Image size of job updated: 728232
	712  -  MemoryUsage of job (MB)
	728232  -  ResidentSetSize of job (KB)
...
006 (78851234.015.000) 2026-09-30 17:26:34 Image size of job updated: 728248
	712  -  MemoryUsage of job (MB)
	728248  -  ResidentSetSize of job (KB)
...
006 (78851234.015.000) 2026-09-30 17:31:34 Image size of job updated: 729288
	713  -  MemoryUsage of job (MB)
	729288  -  ResidentSetSize of job (KB)
...
006 (78851234.015.000) 2026-09-30 17:36:35 Image size of job updated: 729296
	713  -  MemoryUsage of job (MB)
	729296  -  ResidentSetSize of job (KB)
...
006 (78851234.015.000) 2026-09-30 17:41:36 Image size of job updated: 729304
	713  -  MemoryUsage of job (MB)
	729304  -  ResidentSetSize of job (KB)
...
006 (78851234.015.000) 2026-09-30 17:46:36 Image size of job updated: 729312
	713  -  MemoryUsage of job (MB)
	729312  -  ResidentSetSize of job (KB)
...
006 (78851234.015.000) 2026-09-30 17:51:37 Image size of job updated: 729320
	713  -  MemoryUsage of job (MB)
	729320  -  ResidentSetSize of job (KB)
...
006 (78851234.015.000) 2026-09-30 17:56:38 Image size of job updated: 729328
	713  -  MemoryUsage of job (MB)
	729328  -  ResidentSetSize of job (KB)
...
006 (78851234.015.000) 2026-09-30 18:01:38 Image size of job updated: 729904
	713  -  MemoryUsage of job (MB)
	729904  -  ResidentSetSize of job (KB)
...
006 (78851234.015.000) 2026-09-30 18:06:39 Image size of job updated: 729916
	713  -  MemoryUsage of job (MB)
	729916  -  ResidentSetSize of job (KB)
...
006 (78851234.015.000) 2026-09-30 18:11:39 Image size of job updated: 730384
	714  -  MemoryUsage of job (MB)
	730384  -  ResidentSetSize of job (KB)
...
006 (78851234.015.000) 2026-09-30 18:16:39 Image size of job updated: 730400
	714  -  MemoryUsage of job (MB)
	730400  -  ResidentSetSize of job (KB)
...
006 (78851234.015.000) 2026-09-30 18:21:40 Image size of job updated: 730408
	714  -  MemoryUsage of job (MB)
	730408  -  ResidentSetSize of job (KB)
...
006 (78851234.015.000) 2026-09-30 18:26:40 Image size of job updated: 730412
	714  -  MemoryUsage of job (MB)
	730412  -  ResidentSetSize of job (KB)
...
006 (78851234.015.000) 2026-09-30 18:31:40 Image size of job updated: 730420
	714  -  MemoryUsage of job (MB)
	730420  -  ResidentSetSize of job (KB)
...
006 (78851234.015.000) 2026-09-30 18:36:41 Image size of job updated: 730424
	714  -  MemoryUsage of job (MB)
	730424  -  ResidentSetSize of job (KB)
...
006 (78851234.015.000) 2026-09-30 18:41:41 Image size of job updated: 730428
	714  -  MemoryUsage of job (MB)
	730428  -  ResidentSetSize of job (KB)
...
006 (78851234.015.000) 2026-09-30 18:46:42 Image size of job updated: 730452
	714  -  MemoryUsage of job (MB)
	730452  -  ResidentSetSize of job (KB)
...
006 (78851234.015.000) 2026-09-30 18:56:43 Image size of job updated: 730464
	714  -  MemoryUsage of job (MB)
	730464  -  ResidentSetSize of job (KB)
...
006 (78851234.015.000) 2026-09-30 19:01:44 Image size of job updated: 734588
	718  -  MemoryUsage of job (MB)
	734588  -  ResidentSetSize of job (KB)
...
006 (78851234.015.000) 2026-09-30 19:11:45 Image size of job updated: 737660
	718  -  MemoryUsage of job (MB)
	734588  -  ResidentSetSize of job (KB)
...
006 (78851234.015.000) 2026-09-30 19:21:46 Image size of job updated: 737660
	718  -  MemoryUsage of job (MB)
	734616  -  ResidentSetSize of job (KB)
...
006 (78851234.015.000) 2026-09-30 19:26:46 Image size of job updated: 737660
	718  -  MemoryUsage of job (MB)
	734624  -  ResidentSetSize of job (KB)
...
006 (78851234.015.000) 2026-09-30 19:31:47 Image size of job updated: 737660
	718  -  MemoryUsage of job (MB)
	734644  -  ResidentSetSize of job (KB)
...
006 (78851234.015.000) 2026-09-30 19:36:47 Image size of job updated: 737660
	718  -  MemoryUsage of job (MB)
	734668  -  ResidentSetSize of job (KB)
...
006 (78851234.015.000) 2026-09-30 19:41:47 Image size of job updated: 737660
	719  -  MemoryUsage of job (MB)
	736068  -  ResidentSetSize of job (KB)
...
006 (78851234.015.000) 2026-09-30 19:46:48 Image size of job updated: 737660
	719  -  MemoryUsage of job (MB)
	736072  -  ResidentSetSize of job (KB)
...
006 (78851234.015.000) 2026-09-30 19:51:48 Image size of job updated: 737660
	719  -  MemoryUsage of job (MB)
	736080  -  ResidentSetSize of job (KB)
...
006 (78851234.015.000) 2026-09-30 20:01:49 Image size of job updated: 737660
	719  -  MemoryUsage of job (MB)
	736084  -  ResidentSetSize of job (KB)
...
006 (78851234.015.000) 2026-09-30 20:06:49 Image size of job updated: 737660
	719  -  MemoryUsage of job (MB)
	736096  -  ResidentSetSize of job (KB)
...
006 (78851234.015.000) 2026-09-30 20:16:51 Image size of job updated: 737660
	719  -  MemoryUsage of job (MB)
	736104  -  ResidentSetSize of job (KB)
...
006 (78851234.015.000) 2026-09-30 20:21:51 Image size of job updated: 737660
	720  -  MemoryUsage of job (MB)
	737136  -  ResidentSetSize of job (KB)
...
006 (78851234.015.000) 2026-09-30 20:26:52 Image size of job updated: 737660
	720  -  MemoryUsage of job (MB)
	737140  -  ResidentSetSize of job (KB)
...
006 (78851234.015.000) 2026-09-30 20:31:53 Image size of job updated: 737660
	720  -  MemoryUsage of job (MB)
	737148  -  ResidentSetSize of job (KB)
...
006 (78851234.015.000) 2026-09-30 20:36:53 Image size of job updated: 737660
	720  -  MemoryUsage of job (MB)
	737152  -  ResidentSetSize of job (KB)
...
006 (78851234.015.000) 2026-09-30 20:41:54 Image size of job updated: 737660
	720  -  MemoryUsage of job (MB)
	737156  -  ResidentSetSize of job (KB)
...
006 (78851234.015.000) 2026-09-30 20:46:54 Image size of job updated: 737912
	721  -  MemoryUsage of job (MB)
	737912  -  ResidentSetSize of job (KB)
...
006 (78851234.015.000) 2026-09-30 20:51:54 Image size of job updated: 737916
	721  -  MemoryUsage of job (MB)
	737916  -  ResidentSetSize of job (KB)
...
006 (78851234.015.000) 2026-09-30 20:56:55 Image size of job updated: 742880
	726  -  MemoryUsage of job (MB)
	742880  -  ResidentSetSize of job (KB)
...
006 (78851234.015.000) 2026-09-30 21:01:55 Image size of job updated: 742884
	726  -  MemoryUsage of job (MB)
	742884  -  ResidentSetSize of job (KB)
...
006 (78851234.015.000) 2026-09-30 21:06:55 Image size of job updated: 744404
	727  -  MemoryUsage of job (MB)
	744404  -  ResidentSetSize of job (KB)
...
006 (78851234.015.000) 2026-09-30 21:11:56 Image size of job updated: 744408
	727  -  MemoryUsage of job (MB)
	744408  -  ResidentSetSize of job (KB)
...
006 (78851234.015.000) 2026-09-30 21:16:56 Image size of job updated: 745952
	729  -  MemoryUsage of job (MB)
	745952  -  ResidentSetSize of job (KB)
...
006 (78851234.015.000) 2026-09-30 21:21:56 Image size of job updated: 745956
	729  -  MemoryUsage of job (MB)
	745956  -  ResidentSetSize of job (KB)
...
006 (78851234.015.000) 2026-09-30 21:26:57 Image size of job updated: 745960
	729  -  MemoryUsage of job (MB)
	745960  -  ResidentSetSize of job (KB)
...
006 (78851234.015.000) 2026-09-30 21:31:57 Image size of job updated: 745968
	729  -  MemoryUsage of job (MB)
	745968  -  ResidentSetSize of job (KB)
...
006 (78851234.015.000) 2026-09-30 21:41:59 Image size of job updated: 746072
	729  -  MemoryUsage of job (MB)
	746072  -  ResidentSetSize of job (KB)
...
006 (78851234.015.000) 2026-09-30 21:46:59 Image size of job updated: 746076
	729  -  MemoryUsage of job (MB)
	746076  -  ResidentSetSize of job (KB)
...
006 (78851234.015.000) 2026-09-30 21:52:00 Image size of job updated: 747008
	730  -  MemoryUsage of job (MB)
	747008  -  ResidentSetSize of job (KB)
...
006 (78851234.015.000) 2026-09-30 21:57:01 Image size of job updated: 747020
	730  -  MemoryUsage of job (MB)
	747020  -  ResidentSetSize of job (KB)
...
006 (78851234.015.000) 2026-09-30 22:02:01 Image size of job updated: 747032
	730  -  MemoryUsage of job (MB)
	747032  -  ResidentSetSize of job (KB)
...
006 (78851234.015.000) 2026-09-30 22:07:02 Image size of job updated: 748064
	731  -  MemoryUsage of job (MB)
	748064  -  ResidentSetSize of job (KB)
...
006 (78851234.015.000) 2026-09-30 22:12:03 Image size of job updated: 748164
	731  -  MemoryUsage of job (MB)
	748164  -  ResidentSetSize of job (KB)
...
006 (78851234.015.000) 2026-09-30 22:17:03 Image size of job updated: 748172
	731  -  MemoryUsage of job (MB)
	748172  -  ResidentSetSize of job (KB)
...
006 (78851234.015.000) 2026-09-30 22:27:05 Image size of job updated: 748176
	731  -  MemoryUsage of job (MB)
	748172  -  ResidentSetSize of job (KB)
...
006 (78851234.015.000) 2026-09-30 22:42:07 Image size of job updated: 752692
	736  -  MemoryUsage of job (MB)
	752692  -  ResidentSetSize of job (KB)
...
006 (78851234.015.000) 2026-09-30 22:47:07 Image size of job updated: 752700
	736  -  MemoryUsage of job (MB)
	752700  -  ResidentSetSize of job (KB)
...
006 (78851234.015.000) 2026-09-30 22:52:08 Image size of job updated: 755560
	737  -  MemoryUsage of job (MB)
	754540  -  ResidentSetSize of job (KB)
...
006 (78851234.015.000) 2026-09-30 22:57:08 Image size of job updated: 755560
	737  -  MemoryUsage of job (MB)
	754552  -  ResidentSetSize of job (KB)
...
006 (78851234.015.000) 2026-09-30 23:02:08 Image size of job updated: 755560
	737  -  MemoryUsage of job (MB)
	754564  -  ResidentSetSize of job (KB)
...
006 (78851234.015.000) 2026-09-30 23:07:09 Image size of job updated: 755560
	737  -  MemoryUsage of job (MB)
	754580  -  ResidentSetSize of job (KB)
...
006 (78851234.015.000) 2026-09-30 23:12:09 Image size of job updated: 755560
	737  -  MemoryUsage of job (MB)
	754584  -  ResidentSetSize of job (KB)
...
006 (78851234.015.000) 2026-09-30 23:17:09 Image size of job updated: 755560
	737  -  MemoryUsage of job (MB)
	754588  -  ResidentSetSize of job (KB)
...
006 (78851234.015.000) 2026-09-30 23:27:10 Image size of job updated: 755560
	737  -  MemoryUsage of job (MB)
	754620  -  ResidentSetSize of job (KB)
...
006 (78851234.015.000) 2026-10-01 00:17:16 Image size of job updated: 755560
	737  -  MemoryUsage of job (MB)
	754624  -  ResidentSetSize of job (KB)
...
006 (78851234.015.000) 2026-10-01 00:22:16 Image size of job updated: 755560
	737  -  MemoryUsage of job (MB)
	754628  -  ResidentSetSize of job (KB)
...
006 (78851234.015.000) 2026-10-01 00:37:17 Image size of job updated: 756264
	739  -  MemoryUsage of job (MB)
	756264  -  ResidentSetSize of job (KB)
...
006 (78851234.015.000) 2026-10-01 00:42:17 Image size of job updated: 756268
	739  -  MemoryUsage of job (MB)
	756268  -  ResidentSetSize of job (KB)
...
006 (78851234.015.000) 2026-10-01 00:47:18 Image size of job updated: 756272
	739  -  MemoryUsage of job (MB)
	756272  -  ResidentSetSize of job (KB)
...
006 (78851234.015.000) 2026-10-01 01:07:19 Image size of job updated: 756280
	739  -  MemoryUsage of job (MB)
	756280  -  ResidentSetSize of job (KB)
...
006 (78851234.015.000) 2026-10-01 01:22:21 Image size of job updated: 756284
	739  -  MemoryUsage of job (MB)
	756284  -  ResidentSetSize of job (KB)
...
006 (78851234.015.000) 2026-10-01 01:27:22 Image size of job updated: 756344
	739  -  MemoryUsage of job (MB)
	756344  -  ResidentSetSize of job (KB)
...
006 (78851234.015.000) 2026-10-01 01:42:23 Image size of job updated: 756348
	739  -  MemoryUsage of job (MB)
	756348  -  ResidentSetSize of job (KB)
...
006 (78851234.015.000) 2026-10-01 01:52:24 Image size of job updated: 756352
	739  -  MemoryUsage of job (MB)
	756352  -  ResidentSetSize of job (KB)
...
006 (78851234.015.000) 2026-10-01 02:02:25 Image size of job updated: 756356
	739  -  MemoryUsage of job (MB)
	756356  -  ResidentSetSize of job (KB)
...
006 (78851234.015.000) 2026-10-01 02:07:26 Image size of job updated: 756364
	739  -  MemoryUsage of job (MB)
	756364  -  ResidentSetSize of job (KB)
...
006 (78851234.015.000) 2026-10-01 02:17:26 Image size of job updated: 757388
	740  -  MemoryUsage of job (MB)
	757388  -  ResidentSetSize of job (KB)
...
006 (78851234.015.000) 2026-10-01 02:42:28 Image size of job updated: 758132
	741  -  MemoryUsage of job (MB)
	758132  -  ResidentSetSize of job (KB)
...
006 (78851234.015.000) 2026-10-01 02:52:30 Image size of job updated: 758424
	741  -  MemoryUsage of job (MB)
	758424  -  ResidentSetSize of job (KB)
...
006 (78851234.015.000) 2026-10-01 02:57:30 Image size of job updated: 758520
	741  -  MemoryUsage of job (MB)
	758520  -  ResidentSetSize of job (KB)
...
006 (78851234.015.000) 2026-10-01 03:02:31 Image size of job updated: 758532
	741  -  MemoryUsage of job (MB)
	758532  -  ResidentSetSize of job (KB)
...
006 (78851234.015.000) 2026-10-01 03:07:32 Image size of job updated: 758536
	741  -  MemoryUsage of job (MB)
	758536  -  ResidentSetSize of job (KB)
...
006 (78851234.015.000) 2026-10-01 03:12:32 Image size of job updated: 758544
	741  -  MemoryUsage of job (MB)
	758544  -  ResidentSetSize of job (KB)
...
006 (78851234.015.000) 2026-10-01 03:22:33 Image size of job updated: 759336
	742  -  MemoryUsage of job (MB)
	759336  -  ResidentSetSize of job (KB)
...
006 (78851234.015.000) 2026-10-01 03:32:34 Image size of job updated: 759616
	742  -  MemoryUsage of job (MB)
	759616  -  ResidentSetSize of job (KB)
...
006 (78851234.015.000) 2026-10-01 03:37:34 Image size of job updated: 759620
	742  -  MemoryUsage of job (MB)
	759620  -  ResidentSetSize of job (KB)
...
006 (78851234.015.000) 2026-10-01 03:47:36 Image size of job updated: 760164
	743  -  MemoryUsage of job (MB)
	760164  -  ResidentSetSize of job (KB)
...
006 (78851234.015.000) 2026-10-01 03:57:37 Image size of job updated: 764028
	747  -  MemoryUsage of job (MB)
	764028  -  ResidentSetSize of job (KB)
...
006 (78851234.015.000) 2026-10-01 04:07:37 Image size of job updated: 764032
	747  -  MemoryUsage of job (MB)
	764032  -  ResidentSetSize of job (KB)
...
006 (78851234.015.000) 2026-10-01 04:12:38 Image size of job updated: 767108
	750  -  MemoryUsage of job (MB)
	767108  -  ResidentSetSize of job (KB)
...
006 (78851234.015.000) 2026-10-01 04:17:38 Image size of job updated: 767112
	750  -  MemoryUsage of job (MB)
	767112  -  ResidentSetSize of job (KB)
...
006 (78851234.015.000) 2026-10-01 04:22:38 Image size of job updated: 767164
	750  -  MemoryUsage of job (MB)
	767164  -  ResidentSetSize of job (KB)
...
006 (78851234.015.000) 2026-10-01 04:27:39 Image size of job updated: 767172
	750  -  MemoryUsage of job (MB)
	767172  -  ResidentSetSize of job (KB)
...
006 (78851234.015.000) 2026-10-01 04:37:39 Image size of job updated: 767176
	750  -  MemoryUsage of job (MB)
	767176  -  ResidentSetSize of job (KB)
...
006 (78851234.015.000) 2026-10-01 04:47:40 Image size of job updated: 767192
	750  -  MemoryUsage of job (MB)
	767192  -  ResidentSetSize of job (KB)
...
006 (78851234.015.000) 2026-10-01 04:52:40 Image size of job updated: 767204
	750  -  MemoryUsage of job (MB)
	767204  -  ResidentSetSize of job (KB)
...
006 (78851234.015.000) 2026-10-01 05:02:41 Image size of job updated: 767208
	750  -  MemoryUsage of job (MB)
	767208  -  ResidentSetSize of job (KB)
...
006 (78851234.015.000) 2026-10-01 05:07:42 Image size of job updated: 767212
	750  -  MemoryUsage of job (MB)
	767212  -  ResidentSetSize of job (KB)
...
006 (78851234.015.000) 2026-10-01 05:12:43 Image size of job updated: 767216
	750  -  MemoryUsage of job (MB)
	767216  -  ResidentSetSize of job (KB)
...
006 (78851234.015.000) 2026-10-01 05:17:43 Image size of job updated: 767220
	750  -  MemoryUsage of job (MB)
	767220  -  ResidentSetSize of job (KB)
...
006 (78851234.015.000) 2026-10-01 05:32:45 Image size of job updated: 767224
	750  -  MemoryUsage of job (MB)
	767224  -  ResidentSetSize of job (KB)
...
006 (78851234.015.000) 2026-10-01 06:52:53 Image size of job updated: 767252
	750  -  MemoryUsage of job (MB)
	767252  -  ResidentSetSize of job (KB)
...
006 (78851234.015.000) 2026-10-01 07:02:54 Image size of job updated: 767288
	750  -  MemoryUsage of job (MB)
	767288  -  ResidentSetSize of job (KB)
...
006 (78851234.015.000) 2026-10-01 07:07:54 Image size of job updated: 767292
	750  -  MemoryUsage of job (MB)
	767292  -  ResidentSetSize of job (KB)
...
006 (78851234.015.000) 2026-10-01 07:12:54 Image size of job updated: 768288
	751  -  MemoryUsage of job (MB)
	768288  -  ResidentSetSize of job (KB)
...
006 (78851234.015.000) 2026-10-01 07:22:55 Image size of job updated: 768292
	751  -  MemoryUsage of job (MB)
	768292  -  ResidentSetSize of job (KB)
...
006 (78851234.015.000) 2026-10-01 07:27:55 Image size of job updated: 768296
	751  -  MemoryUsage of job (MB)
	768296  -  ResidentSetSize of job (KB)
...
006 (78851234.015.000) 2026-10-01 07:42:57 Image size of job updated: 768300
	751  -  MemoryUsage of job (MB)
	768300  -  ResidentSetSize of job (KB)
...
006 (78851234.015.000) 2026-10-01 07:47:58 Image size of job updated: 768308
	751  -  MemoryUsage of job (MB)
	768308  -  ResidentSetSize of job (KB)
...
006 (78851234.015.000) 2026-10-01 07:58:00 Image size of job updated: 768316
	751  -  MemoryUsage of job (MB)
	768316  -  ResidentSetSize of job (KB)
...
006 (78851234.015.000) 2026-10-01 08:08:00 Image size of job updated: 769344
	752  -  MemoryUsage of job (MB)
	769344  -  ResidentSetSize of job (KB)
...
006 (78851234.015.000) 2026-10-01 08:28:02 Image size of job updated: 769352
	752  -  MemoryUsage of job (MB)
	769352  -  ResidentSetSize of job (KB)
...
006 (78851234.015.000) 2026-10-01 08:33:02 Image size of job updated: 769360
	752  -  MemoryUsage of job (MB)
	769360  -  ResidentSetSize of job (KB)
...
006 (78851234.015.000) 2026-10-01 08:43:03 Image size of job updated: 769364
	752  -  MemoryUsage of job (MB)
	769364  -  ResidentSetSize of job (KB)
...
006 (78851234.015.000) 2026-10-01 08:58:04 Image size of job updated: 770980
	753  -  MemoryUsage of job (MB)
	770980  -  ResidentSetSize of job (KB)
...
006 (78851234.015.000) 2026-10-01 09:03:04 Image size of job updated: 771028
	753  -  MemoryUsage of job (MB)
	771028  -  ResidentSetSize of job (KB)
...
006 (78851234.015.000) 2026-10-01 09:18:05 Image size of job updated: 773064
	755  -  MemoryUsage of job (MB)
	773064  -  ResidentSetSize of job (KB)
...
006 (78851234.015.000) 2026-10-01 09:28:07 Image size of job updated: 773068
	755  -  MemoryUsage of job (MB)
	773068  -  ResidentSetSize of job (KB)
...
006 (78851234.015.000) 2026-10-01 09:38:08 Image size of job updated: 773084
	755  -  MemoryUsage of job (MB)
	773084  -  ResidentSetSize of job (KB)
...
006 (78851234.015.000) 2026-10-01 09:48:09 Image size of job updated: 773088
	755  -  MemoryUsage of job (MB)
	773088  -  ResidentSetSize of job (KB)
...
006 (78851234.015.000) 2026-10-01 09:53:10 Image size of job updated: 773092
	755  -  MemoryUsage of job (MB)
	773092  -  ResidentSetSize of job (KB)
...
006 (78851234.015.000) 2026-10-01 09:58:11 Image size of job updated: 774104
	756  -  MemoryUsage of job (MB)
	774104  -  ResidentSetSize of job (KB)
...
006 (78851234.015.000) 2026-10-01 10:43:17 Image size of job updated: 774116
	756  -  MemoryUsage of job (MB)
	774116  -  ResidentSetSize of job (KB)
...
006 (78851234.015.000) 2026-10-01 11:03:19 Image size of job updated: 779224
	761  -  MemoryUsage of job (MB)
	778996  -  ResidentSetSize of job (KB)
...
006 (78851234.015.000) 2026-10-01 11:08:20 Image size of job updated: 779224
	761  -  MemoryUsage of job (MB)
	779000  -  ResidentSetSize of job (KB)
...
006 (78851234.015.000) 2026-10-01 11:18:20 Image size of job updated: 780616
	763  -  MemoryUsage of job (MB)
	780616  -  ResidentSetSize of job (KB)
...
006 (78851234.015.000) 2026-10-01 11:28:21 Image size of job updated: 780632
	763  -  MemoryUsage of job (MB)
	780632  -  ResidentSetSize of job (KB)
...
006 (78851234.015.000) 2026-10-01 11:38:22 Image size of job updated: 780664
	763  -  MemoryUsage of job (MB)
	780664  -  ResidentSetSize of job (KB)
...
006 (78851234.015.000) 2026-10-01 11:48:22 Image size of job updated: 780668
	763  -  MemoryUsage of job (MB)
	780668  -  ResidentSetSize of job (KB)
...
006 (78851234.015.000) 2026-10-01 11:53:23 Image size of job updated: 780684
	763  -  MemoryUsage of job (MB)
	780684  -  ResidentSetSize of job (KB)
...
006 (78851234.015.000) 2026-10-01 11:58:23 Image size of job updated: 780688
	763  -  MemoryUsage of job (MB)
	780688  -  ResidentSetSize of job (KB)
...
006 (78851234.015.000) 2026-10-01 12:03:24 Image size of job updated: 781696
	764  -  MemoryUsage of job (MB)
	781696  -  ResidentSetSize of job (KB)
...
006 (78851234.015.000) 2026-10-01 12:13:25 Image size of job updated: 781700
	764  -  MemoryUsage of job (MB)
	781696  -  ResidentSetSize of job (KB)
...
006 (78851234.015.000) 2026-10-01 12:33:28 Image size of job updated: 781736
	764  -  MemoryUsage of job (MB)
	781736  -  ResidentSetSize of job (KB)
...
006 (78851234.015.000) 2026-10-01 12:43:28 Image size of job updated: 783372
	766  -  MemoryUsage of job (MB)
	783372  -  ResidentSetSize of job (KB)
...
006 (78851234.015.000) 2026-10-01 12:58:29 Image size of job updated: 784724
	767  -  MemoryUsage of job (MB)
	784724  -  ResidentSetSize of job (KB)
...
006 (78851234.015.000) 2026-10-01 13:03:30 Image size of job updated: 784728
	767  -  MemoryUsage of job (MB)
	784728  -  ResidentSetSize of job (KB)
...
006 (78851234.015.000) 2026-10-01 13:13:30 Image size of job updated: 784732
	767  -  MemoryUsage of job (MB)
	784732  -  ResidentSetSize of job (KB)
...
006 (78851234.015.000) 2026-10-01 13:28:31 Image size of job updated: 785796
	768  -  MemoryUsage of job (MB)
	785796  -  ResidentSetSize of job (KB)
...
006 (78851234.015.000) 2026-10-01 14:03:36 Image size of job updated: 786808
	768  -  MemoryUsage of job (MB)
	785800  -  ResidentSetSize of job (KB)
...
006 (78851234.015.000) 2026-10-01 14:13:37 Image size of job updated: 786808
	768  -  MemoryUsage of job (MB)
	785804  -  ResidentSetSize of job (KB)
...
006 (78851234.015.000) 2026-10-01 14:18:37 Image size of job updated: 786808
	768  -  MemoryUsage of job (MB)
	785808  -  ResidentSetSize of job (KB)
...
006 (78851234.015.000) 2026-10-01 14:23:37 Image size of job updated: 787272
	769  -  MemoryUsage of job (MB)
	787272  -  ResidentSetSize of job (KB)
...
006 (78851234.015.000) 2026-10-01 14:28:38 Image size of job updated: 787276
	769  -  MemoryUsage of job (MB)
	787276  -  ResidentSetSize of job (KB)
...
006 (78851234.015.000) 2026-10-01 14:33:38 Image size of job updated: 787288
	769  -  MemoryUsage of job (MB)
	787288  -  ResidentSetSize of job (KB)
...
004 (78851234.015.000) 2026-10-01 14:38:46 Job was evicted. Code 1019 Subcode 0
	(0) CPU times
		Usr 5 07:54:57, Sys 0 00:23:22  -  Run Remote Usage
		Usr 0 00:00:00, Sys 0 00:00:00  -  Run Local Usage
	0  -  Run Bytes Sent By Job
	0  -  Run Bytes Received By Job
	Reason: Preempted for a Priority user
	Partitionable Resources :    Usage  Request Allocated 
	   Cpus                 :     4.23        4         4 
	   Disk (KB)            : 25000       25000     28672 
	   GPUs                 :                           0 
	   Memory (MB)          :   769        6000      6016 
	   TimeExecute (s)      : 93767                       
	   TimeSlotBusy (s)     : 93768                       
...
001 (78851234.015.000) 2026-10-01 14:41:16 Job executing on host: <10.14.10.31:9618?addrs=10.14.10.31-9618&alias=node2281.cluster.ldas.cit&noUDP&sock=startd_4177494_fe51>
	SlotName: slot1_48@node2281.cluster.ldas.cit
	CondorScratchDir = "/var/lib/condor/execute/dir_147546/scratch"
	Cpus = 4
	Disk = 28672
	GPUs = 0
	Memory = 6016
...
006 (78851234.015.000) 2026-10-01 18:16:45 Image size of job updated: 1066500
	1042  -  MemoryUsage of job (MB)
	1066500  -  ResidentSetSize of job (KB)
...
006 (78851234.015.000) 2026-10-01 18:21:46 Image size of job updated: 1226176
	1198  -  MemoryUsage of job (MB)
	1226176  -  ResidentSetSize of job (KB)
...
006 (78851234.015.000) 2026-10-01 18:26:46 Image size of job updated: 1351532
	1320  -  MemoryUsage of job (MB)
	1351532  -  ResidentSetSize of job (KB)
...
006 (78851234.015.000) 2026-10-01 18:31:47 Image size of job updated: 1457264
	1424  -  MemoryUsage of job (MB)
	1457264  -  ResidentSetSize of job (KB)
...
006 (78851234.015.000) 2026-10-01 18:36:47 Image size of job updated: 1564832
	1529  -  MemoryUsage of job (MB)
	1564832  -  ResidentSetSize of job (KB)
...
006 (78851234.015.000) 2026-10-01 18:41:48 Image size of job updated: 1692132
	1653  -  MemoryUsage of job (MB)
	1692132  -  ResidentSetSize of job (KB)
...
006 (78851234.015.000) 2026-10-01 18:46:48 Image size of job updated: 1860548
	1817  -  MemoryUsage of job (MB)
	1860548  -  ResidentSetSize of job (KB)
...
006 (78851234.015.000) 2026-10-01 18:51:49 Image size of job updated: 1948644
	1903  -  MemoryUsage of job (MB)
	1948644  -  ResidentSetSize of job (KB)
...
006 (78851234.015.000) 2026-10-01 18:56:50 Image size of job updated: 1952840
	1908  -  MemoryUsage of job (MB)
	1952840  -  ResidentSetSize of job (KB)
...
006 (78851234.015.000) 2026-10-01 19:01:50 Image size of job updated: 1952852
	1908  -  MemoryUsage of job (MB)
	1952852  -  ResidentSetSize of job (KB)
...
006 (78851234.015.000) 2026-10-01 19:06:51 Image size of job updated: 1952864
	1908  -  MemoryUsage of job (MB)
	1952864  -  ResidentSetSize of job (KB)
...
006 (78851234.015.000) 2026-10-01 19:11:51 Image size of job updated: 1952904
	1908  -  MemoryUsage of job (MB)
	1952904  -  ResidentSetSize of job (KB)
...
006 (78851234.015.000) 2026-10-01 19:16:52 Image size of job updated: 1952924
	1908  -  MemoryUsage of job (MB)
	1952924  -  ResidentSetSize of job (KB)
...
006 (78851234.015.000) 2026-10-01 19:21:52 Image size of job updated: 1952960
	1908  -  MemoryUsage of job (MB)
	1952960  -  ResidentSetSize of job (KB)
...
006 (78851234.015.000) 2026-10-01 19:26:53 Image size of job updated: 1953000
	1908  -  MemoryUsage of job (MB)
	1953000  -  ResidentSetSize of job (KB)
...
006 (78851234.015.000) 2026-10-01 19:31:54 Image size of job updated: 1953020
	1908  -  MemoryUsage of job (MB)
	1953020  -  ResidentSetSize of job (KB)
...
006 (78851234.015.000) 2026-10-01 19:36:54 Image size of job updated: 1953028
	1908  -  MemoryUsage of job (MB)
	1953028  -  ResidentSetSize of job (KB)
...
006 (78851234.015.000) 2026-10-01 19:41:55 Image size of job updated: 1953036
	1908  -  MemoryUsage of job (MB)
	1953036  -  ResidentSetSize of job (KB)
...
006 (78851234.015.000) 2026-10-01 19:46:55 Image size of job updated: 1953044
	1908  -  MemoryUsage of job (MB)
	1953044  -  ResidentSetSize of job (KB)
...
006 (78851234.015.000) 2026-10-01 19:51:56 Image size of job updated: 1953048
	1908  -  MemoryUsage of job (MB)
	1953048  -  ResidentSetSize of job (KB)
...
006 (78851234.015.000) 2026-10-01 19:56:57 Image size of job updated: 1953056
	1908  -  MemoryUsage of job (MB)
	1953056  -  ResidentSetSize of job (KB)
...
006 (78851234.015.000) 2026-10-01 20:01:57 Image size of job updated: 1953060
	1908  -  MemoryUsage of job (MB)
	1953060  -  ResidentSetSize of job (KB)
...
006 (78851234.015.000) 2026-10-01 20:06:58 Image size of job updated: 1954080
	1909  -  MemoryUsage of job (MB)
	1954080  -  ResidentSetSize of job (KB)
...
006 (78851234.015.000) 2026-10-01 20:11:58 Image size of job updated: 1954096
	1909  -  MemoryUsage of job (MB)
	1954096  -  ResidentSetSize of job (KB)
...
006 (78851234.015.000) 2026-10-01 20:16:59 Image size of job updated: 1956112
	1909  -  MemoryUsage of job (MB)
	1954096  -  ResidentSetSize of job (KB)
...
006 (78851234.015.000) 2026-10-01 20:21:59 Image size of job updated: 1956112
	1909  -  MemoryUsage of job (MB)
	1954104  -  ResidentSetSize of job (KB)
...
006 (78851234.015.000) 2026-10-01 20:27:00 Image size of job updated: 1956112
	1909  -  MemoryUsage of job (MB)
	1954132  -  ResidentSetSize of job (KB)
...
006 (78851234.015.000) 2026-10-01 20:37:01 Image size of job updated: 1956112
	1909  -  MemoryUsage of job (MB)
	1954144  -  ResidentSetSize of job (KB)
...
006 (78851234.015.000) 2026-10-01 20:42:02 Image size of job updated: 1956112
	1909  -  MemoryUsage of job (MB)
	1954152  -  ResidentSetSize of job (KB)
...
006 (78851234.015.000) 2026-10-01 20:47:02 Image size of job updated: 1956112
	1909  -  MemoryUsage of job (MB)
	1954180  -  ResidentSetSize of job (KB)
...
006 (78851234.015.000) 2026-10-01 20:52:03 Image size of job updated: 1956112
	1910  -  MemoryUsage of job (MB)
	1955188  -  ResidentSetSize of job (KB)
...
006 (78851234.015.000) 2026-10-01 20:57:04 Image size of job updated: 1956112
	1910  -  MemoryUsage of job (MB)
	1955192  -  ResidentSetSize of job (KB)
...
006 (78851234.015.000) 2026-10-01 21:02:04 Image size of job updated: 1956112
	1910  -  MemoryUsage of job (MB)
	1955196  -  ResidentSetSize of job (KB)
...
006 (78851234.015.000) 2026-10-01 21:07:05 Image size of job updated: 1956112
	1910  -  MemoryUsage of job (MB)
	1955220  -  ResidentSetSize of job (KB)
...
006 (78851234.015.000) 2026-10-01 21:12:05 Image size of job updated: 1956112
	1910  -  MemoryUsage of job (MB)
	1955228  -  ResidentSetSize of job (KB)
...
006 (78851234.015.000) 2026-10-01 23:07:17 Image size of job updated: 1965048
	1919  -  MemoryUsage of job (MB)
	1965048  -  ResidentSetSize of job (KB)
...
006 (78851234.015.000) 2026-10-01 23:12:18 Image size of job updated: 1965052
	1919  -  MemoryUsage of job (MB)
	1965052  -  ResidentSetSize of job (KB)
...
006 (78851234.015.000) 2026-10-01 23:17:19 Image size of job updated: 1965056
	1919  -  MemoryUsage of job (MB)
	1965056  -  ResidentSetSize of job (KB)
...
006 (78851234.015.000) 2026-10-01 23:22:19 Image size of job updated: 1970484
	1925  -  MemoryUsage of job (MB)
	1970484  -  ResidentSetSize of job (KB)
...
006 (78851234.015.000) 2026-10-01 23:27:20 Image size of job updated: 1970496
	1925  -  MemoryUsage of job (MB)
	1970496  -  ResidentSetSize of job (KB)
...
006 (78851234.015.000) 2026-10-01 23:32:20 Image size of job updated: 1971508
	1926  -  MemoryUsage of job (MB)
	1971508  -  ResidentSetSize of job (KB)
...
006 (78851234.015.000) 2026-10-01 23:42:21 Image size of job updated: 1972516
	1926  -  MemoryUsage of job (MB)
	1971508  -  ResidentSetSize of job (KB)
...
006 (78851234.015.000) 2026-10-01 23:52:22 Image size of job updated: 1972516
	1926  -  MemoryUsage of job (MB)
	1971524  -  ResidentSetSize of job (KB)
...
006 (78851234.015.000) 2026-10-02 00:02:23 Image size of job updated: 1972516
	1926  -  MemoryUsage of job (MB)
	1971528  -  ResidentSetSize of job (KB)
...
006 (78851234.015.000) 2026-10-02 00:07:24 Image size of job updated: 1973556
	1928  -  MemoryUsage of job (MB)
	1973556  -  ResidentSetSize of job (KB)
...
006 (78851234.015.000) 2026-10-02 00:22:26 Image size of job updated: 1973560
	1928  -  MemoryUsage of job (MB)
	1973560  -  ResidentSetSize of job (KB)
...
006 (78851234.015.000) 2026-10-02 00:32:27 Image size of job updated: 1975592
	1930  -  MemoryUsage of job (MB)
	1975592  -  ResidentSetSize of job (KB)
...
006 (78851234.015.000) 2026-10-02 00:37:27 Image size of job updated: 1975608
	1930  -  MemoryUsage of job (MB)
	1975608  -  ResidentSetSize of job (KB)
...
006 (78851234.015.000) 2026-10-02 00:57:29 Image size of job updated: 1975620
	1930  -  MemoryUsage of job (MB)
	1975620  -  ResidentSetSize of job (KB)
...
006 (78851234.015.000) 2026-10-02 01:07:30 Image size of job updated: 1975624
	1930  -  MemoryUsage of job (MB)
	1975624  -  ResidentSetSize of job (KB)
...
006 (78851234.015.000) 2026-10-02 01:12:30 Image size of job updated: 1975636
	1930  -  MemoryUsage of job (MB)
	1975636  -  ResidentSetSize of job (KB)
...
006 (78851234.015.000) 2026-10-02 01:17:31 Image size of job updated: 1975640
	1930  -  MemoryUsage of job (MB)
	1975640  -  ResidentSetSize of job (KB)
...
006 (78851234.015.000) 2026-10-02 01:27:32 Image size of job updated: 1976648
	1930  -  MemoryUsage of job (MB)
	1975640  -  ResidentSetSize of job (KB)
...
006 (78851234.015.000) 2026-10-02 01:37:33 Image size of job updated: 1976648
	1930  -  MemoryUsage of job (MB)
	1975644  -  ResidentSetSize of job (KB)
...
006 (78851234.015.000) 2026-10-02 01:42:34 Image size of job updated: 1976648
	1930  -  MemoryUsage of job (MB)
	1975652  -  ResidentSetSize of job (KB)
...
006 (78851234.015.000) 2026-10-02 01:47:34 Image size of job updated: 1976648
	1930  -  MemoryUsage of job (MB)
	1975656  -  ResidentSetSize of job (KB)
...
006 (78851234.015.000) 2026-10-02 01:52:35 Image size of job updated: 1976648
	1930  -  MemoryUsage of job (MB)
	1975664  -  ResidentSetSize of job (KB)
...
006 (78851234.015.000) 2026-10-02 01:57:35 Image size of job updated: 1976648
	1930  -  MemoryUsage of job (MB)
	1975668  -  ResidentSetSize of job (KB)
...
006 (78851234.015.000) 2026-10-02 02:02:36 Image size of job updated: 1976648
	1930  -  MemoryUsage of job (MB)
	1975672  -  ResidentSetSize of job (KB)
...
006 (78851234.015.000) 2026-10-02 02:12:38 Image size of job updated: 1976680
	1931  -  MemoryUsage of job (MB)
	1976680  -  ResidentSetSize of job (KB)
...
006 (78851234.015.000) 2026-10-02 02:17:38 Image size of job updated: 1976684
	1931  -  MemoryUsage of job (MB)
	1976684  -  ResidentSetSize of job (KB)
...
006 (78851234.015.000) 2026-10-02 02:27:40 Image size of job updated: 1976688
	1931  -  MemoryUsage of job (MB)
	1976688  -  ResidentSetSize of job (KB)
...
006 (78851234.015.000) 2026-10-02 02:32:40 Image size of job updated: 1976692
	1931  -  MemoryUsage of job (MB)
	1976692  -  ResidentSetSize of job (KB)
...
006 (78851234.015.000) 2026-10-02 02:37:41 Image size of job updated: 1977708
	1932  -  MemoryUsage of job (MB)
	1977708  -  ResidentSetSize of job (KB)
...
006 (78851234.015.000) 2026-10-02 02:42:41 Image size of job updated: 1979764
	1932  -  MemoryUsage of job (MB)
	1977720  -  ResidentSetSize of job (KB)
...
006 (78851234.015.000) 2026-10-02 03:07:44 Image size of job updated: 1979764
	1933  -  MemoryUsage of job (MB)
	1978772  -  ResidentSetSize of job (KB)
...
006 (78851234.015.000) 2026-10-02 03:12:45 Image size of job updated: 1979764
	1933  -  MemoryUsage of job (MB)
	1978776  -  ResidentSetSize of job (KB)
...
006 (78851234.015.000) 2026-10-02 03:22:46 Image size of job updated: 1980792
	1933  -  MemoryUsage of job (MB)
	1978776  -  ResidentSetSize of job (KB)
...
006 (78851234.015.000) 2026-10-02 03:32:47 Image size of job updated: 1980792
	1934  -  MemoryUsage of job (MB)
	1980248  -  ResidentSetSize of job (KB)
...
006 (78851234.015.000) 2026-10-02 03:42:48 Image size of job updated: 1982264
	1935  -  MemoryUsage of job (MB)
	1981256  -  ResidentSetSize of job (KB)
...
006 (78851234.015.000) 2026-10-02 04:02:50 Image size of job updated: 1982264
	1935  -  MemoryUsage of job (MB)
	1981260  -  ResidentSetSize of job (KB)
...
006 (78851234.015.000) 2026-10-02 04:07:51 Image size of job updated: 1982264
	1935  -  MemoryUsage of job (MB)
	1981264  -  ResidentSetSize of job (KB)
...
006 (78851234.015.000) 2026-10-02 04:22:52 Image size of job updated: 1982264
	1935  -  MemoryUsage of job (MB)
	1981268  -  ResidentSetSize of job (KB)
...
006 (78851234.015.000) 2026-10-02 04:27:52 Image size of job updated: 1989280
	1943  -  MemoryUsage of job (MB)
	1989280  -  ResidentSetSize of job (KB)
...
006 (78851234.015.000) 2026-10-02 04:37:53 Image size of job updated: 1990288
	1943  -  MemoryUsage of job (MB)
	1989284  -  ResidentSetSize of job (KB)
...
006 (78851234.015.000) 2026-10-02 04:47:54 Image size of job updated: 1991304
	1943  -  MemoryUsage of job (MB)
	1989284  -  ResidentSetSize of job (KB)
...
006 (78851234.015.000) 2026-10-02 05:02:56 Image size of job updated: 1991304
	1943  -  MemoryUsage of job (MB)
	1989300  -  ResidentSetSize of job (KB)
...
006 (78851234.015.000) 2026-10-02 05:07:57 Image size of job updated: 1991304
	1943  -  MemoryUsage of job (MB)
	1989304  -  ResidentSetSize of job (KB)
...
006 (78851234.015.000) 2026-10-02 05:17:58 Image size of job updated: 1991304
	1943  -  MemoryUsage of job (MB)
	1989316  -  ResidentSetSize of job (KB)
...
006 (78851234.015.000) 2026-10-02 05:22:58 Image size of job updated: 1991304
	1944  -  MemoryUsage of job (MB)
	1989892  -  ResidentSetSize of job (KB)
...
006 (78851234.015.000) 2026-10-02 05:33:00 Image size of job updated: 1992348
	1946  -  MemoryUsage of job (MB)
	1992348  -  ResidentSetSize of job (KB)
...
006 (78851234.015.000) 2026-10-02 05:43:01 Image size of job updated: 1992356
	1946  -  MemoryUsage of job (MB)
	1992356  -  ResidentSetSize of job (KB)
...
006 (78851234.015.000) 2026-10-02 05:58:02 Image size of job updated: 1992360
	1946  -  MemoryUsage of job (MB)
	1992360  -  ResidentSetSize of job (KB)
...
006 (78851234.015.000) 2026-10-02 06:18:05 Image size of job updated: 1993368
	1947  -  MemoryUsage of job (MB)
	1993368  -  ResidentSetSize of job (KB)
...
006 (78851234.015.000) 2026-10-02 06:23:05 Image size of job updated: 1993376
	1947  -  MemoryUsage of job (MB)
	1993376  -  ResidentSetSize of job (KB)
...
006 (78851234.015.000) 2026-10-02 06:43:07 Image size of job updated: 1993388
	1947  -  MemoryUsage of job (MB)
	1993376  -  ResidentSetSize of job (KB)
...
006 (78851234.015.000) 2026-10-02 07:03:09 Image size of job updated: 1994432
	1948  -  MemoryUsage of job (MB)
	1994432  -  ResidentSetSize of job (KB)
...
006 (78851234.015.000) 2026-10-02 07:08:10 Image size of job updated: 1994436
	1948  -  MemoryUsage of job (MB)
	1994436  -  ResidentSetSize of job (KB)
...
006 (78851234.015.000) 2026-10-02 07:28:12 Image size of job updated: 1995456
	1948  -  MemoryUsage of job (MB)
	1994456  -  ResidentSetSize of job (KB)
...
006 (78851234.015.000) 2026-10-02 07:38:13 Image size of job updated: 1995472
	1949  -  MemoryUsage of job (MB)
	1995472  -  ResidentSetSize of job (KB)
...
006 (78851234.015.000) 2026-10-02 07:43:13 Image size of job updated: 1995476
	1949  -  MemoryUsage of job (MB)
	1995476  -  ResidentSetSize of job (KB)
...
006 (78851234.015.000) 2026-10-02 07:48:14 Image size of job updated: 1996484
	1950  -  MemoryUsage of job (MB)
	1996484  -  ResidentSetSize of job (KB)
...
006 (78851234.015.000) 2026-10-02 07:58:15 Image size of job updated: 1996488
	1950  -  MemoryUsage of job (MB)
	1996484  -  ResidentSetSize of job (KB)
...
006 (78851234.015.000) 2026-10-02 08:08:16 Image size of job updated: 1998508
	1952  -  MemoryUsage of job (MB)
	1998508  -  ResidentSetSize of job (KB)
...
006 (78851234.015.000) 2026-10-02 08:33:19 Image size of job updated: 1999104
	1952  -  MemoryUsage of job (MB)
	1998520  -  ResidentSetSize of job (KB)
...
006 (78851234.015.000) 2026-10-02 08:38:20 Image size of job updated: 1999104
	1952  -  MemoryUsage of job (MB)
	1998528  -  ResidentSetSize of job (KB)
...
006 (78851234.015.000) 2026-10-02 08:43:21 Image size of job updated: 1999556
	1953  -  MemoryUsage of job (MB)
	1999556  -  ResidentSetSize of job (KB)
...
006 (78851234.015.000) 2026-10-02 09:18:24 Image size of job updated: 2000564
	1954  -  MemoryUsage of job (MB)
	2000564  -  ResidentSetSize of job (KB)
...
006 (78851234.015.000) 2026-10-02 09:28:25 Image size of job updated: 2002588
	1956  -  MemoryUsage of job (MB)
	2002588  -  ResidentSetSize of job (KB)
...
006 (78851234.015.000) 2026-10-02 10:13:30 Image size of job updated: 2003604
	1956  -  MemoryUsage of job (MB)
	2002596  -  ResidentSetSize of job (KB)
...
006 (78851234.015.000) 2026-10-02 10:18:30 Image size of job updated: 2003604
	1956  -  MemoryUsage of job (MB)
	2002608  -  ResidentSetSize of job (KB)
...
006 (78851234.015.000) 2026-10-02 10:33:32 Image size of job updated: 2003604
	1956  -  MemoryUsage of job (MB)
	2002612  -  ResidentSetSize of job (KB)
...
006 (78851234.015.000) 2026-10-02 10:48:33 Image size of job updated: 2003604
	1956  -  MemoryUsage of job (MB)
	2002780  -  ResidentSetSize of job (KB)
...
006 (78851234.015.000) 2026-10-02 10:53:33 Image size of job updated: 2003652
	1957  -  MemoryUsage of job (MB)
	2003652  -  ResidentSetSize of job (KB)
...
006 (78851234.015.000) 2026-10-02 11:28:36 Image size of job updated: 2003668
	1957  -  MemoryUsage of job (MB)
	2003664  -  ResidentSetSize of job (KB)
...
006 (78851234.015.000) 2026-10-02 11:38:37 Image size of job updated: 2006692
	1959  -  MemoryUsage of job (MB)
	2005688  -  ResidentSetSize of job (KB)
...
006 (78851234.015.000) 2026-10-02 11:43:38 Image size of job updated: 2006692
	1959  -  MemoryUsage of job (MB)
	2005692  -  ResidentSetSize of job (KB)
...
006 (78851234.015.000) 2026-10-02 11:48:38 Image size of job updated: 2006692
	1959  -  MemoryUsage of job (MB)
	2005696  -  ResidentSetSize of job (KB)
...
006 (78851234.015.000) 2026-10-02 12:13:40 Image size of job updated: 2007408
	1961  -  MemoryUsage of job (MB)
	2007408  -  ResidentSetSize of job (KB)
...
006 (78851234.015.000) 2026-10-02 12:18:41 Image size of job updated: 2007412
	1961  -  MemoryUsage of job (MB)
	2007412  -  ResidentSetSize of job (KB)
...
006 (78851234.015.000) 2026-10-02 12:23:41 Image size of job updated: 2008036
	1961  -  MemoryUsage of job (MB)
	2007412  -  ResidentSetSize of job (KB)
...
006 (78851234.015.000) 2026-10-02 12:33:42 Image size of job updated: 2009060
	1962  -  MemoryUsage of job (MB)
	2009060  -  ResidentSetSize of job (KB)
...
006 (78851234.015.000) 2026-10-02 12:58:44 Image size of job updated: 2009068
	1962  -  MemoryUsage of job (MB)
	2009060  -  ResidentSetSize of job (KB)
...
006 (78851234.015.000) 2026-10-02 13:08:45 Image size of job updated: 2010096
	1963  -  MemoryUsage of job (MB)
	2010096  -  ResidentSetSize of job (KB)
...
006 (78851234.015.000) 2026-10-02 13:13:45 Image size of job updated: 2010100
	1963  -  MemoryUsage of job (MB)
	2010100  -  ResidentSetSize of job (KB)
...
006 (78851234.015.000) 2026-10-02 13:18:46 Image size of job updated: 2010104
	1963  -  MemoryUsage of job (MB)
	2010104  -  ResidentSetSize of job (KB)
...
006 (78851234.015.000) 2026-10-02 13:33:48 Image size of job updated: 2010108
	1963  -  MemoryUsage of job (MB)
	2010104  -  ResidentSetSize of job (KB)
...
006 (78851234.015.000) 2026-10-02 13:43:49 Image size of job updated: 2012180
	1966  -  MemoryUsage of job (MB)
	2012180  -  ResidentSetSize of job (KB)
...
006 (78851234.015.000) 2026-10-02 14:18:52 Image size of job updated: 2013204
	1966  -  MemoryUsage of job (MB)
	2012180  -  ResidentSetSize of job (KB)
...
006 (78851234.015.000) 2026-10-02 14:28:53 Image size of job updated: 2013204
	1967  -  MemoryUsage of job (MB)
	2013204  -  ResidentSetSize of job (KB)
...
006 (78851234.015.000) 2026-10-02 14:38:54 Image size of job updated: 2014228
	1967  -  MemoryUsage of job (MB)
	2013220  -  ResidentSetSize of job (KB)
...
006 (78851234.015.000) 2026-10-02 14:43:54 Image size of job updated: 2014228
	1967  -  MemoryUsage of job (MB)
	2013224  -  ResidentSetSize of job (KB)
...
006 (78851234.015.000) 2026-10-02 14:58:55 Image size of job updated: 2014348
	1968  -  MemoryUsage of job (MB)
	2014348  -  ResidentSetSize of job (KB)
...
006 (78851234.015.000) 2026-10-02 15:08:56 Image size of job updated: 2015264
	1968  -  MemoryUsage of job (MB)
	2014348  -  ResidentSetSize of job (KB)
...
006 (78851234.015.000) 2026-10-02 15:23:58 Image size of job updated: 2015280
	1968  -  MemoryUsage of job (MB)
	2014500  -  ResidentSetSize of job (KB)
...
006 (78851234.015.000) 2026-10-02 15:33:59 Image size of job updated: 2016288
	1969  -  MemoryUsage of job (MB)
	2015280  -  ResidentSetSize of job (KB)
...
006 (78851234.015.000) 2026-10-02 15:44:01 Image size of job updated: 2017312
	1969  -  MemoryUsage of job (MB)
	2015284  -  ResidentSetSize of job (KB)
...
006 (78851234.015.000) 2026-10-02 15:49:01 Image size of job updated: 2017312
	1969  -  MemoryUsage of job (MB)
	2015288  -  ResidentSetSize of job (KB)
...
006 (78851234.015.000) 2026-10-02 15:59:02 Image size of job updated: 2017312
	1969  -  MemoryUsage of job (MB)
	2015808  -  ResidentSetSize of job (KB)
...
006 (78851234.015.000) 2026-10-02 16:04:02 Image size of job updated: 2017312
	1969  -  MemoryUsage of job (MB)
	2015812  -  ResidentSetSize of job (KB)
...
006 (78851234.015.000) 2026-10-02 16:09:03 Image size of job updated: 2017324
	1971  -  MemoryUsage of job (MB)
	2017324  -  ResidentSetSize of job (KB)
...
006 (78851234.015.000) 2026-10-02 16:19:04 Image size of job updated: 2018348
	1972  -  MemoryUsage of job (MB)
	2018348  -  ResidentSetSize of job (KB)
...
006 (78851234.015.000) 2026-10-02 16:54:08 Image size of job updated: 2019372
	1972  -  MemoryUsage of job (MB)
	2018348  -  ResidentSetSize of job (KB)
...
006 (78851234.015.000) 2026-10-02 17:04:09 Image size of job updated: 2019372
	1972  -  MemoryUsage of job (MB)
	2018384  -  ResidentSetSize of job (KB)
...
006 (78851234.015.000) 2026-10-02 17:09:09 Image size of job updated: 2019372
	1972  -  MemoryUsage of job (MB)
	2018388  -  ResidentSetSize of job (KB)
...
006 (78851234.015.000) 2026-10-02 17:19:10 Image size of job updated: 2020404
	1972  -  MemoryUsage of job (MB)
	2018388  -  ResidentSetSize of job (KB)
...
006 (78851234.015.000) 2026-10-02 17:29:11 Image size of job updated: 2020404
	1973  -  MemoryUsage of job (MB)
	2019396  -  ResidentSetSize of job (KB)
...
006 (78851234.015.000) 2026-10-02 17:39:12 Image size of job updated: 2020404
	1974  -  MemoryUsage of job (MB)
	2020404  -  ResidentSetSize of job (KB)
...
006 (78851234.015.000) 2026-10-02 17:54:14 Image size of job updated: 2021428
	1974  -  MemoryUsage of job (MB)
	2020420  -  ResidentSetSize of job (KB)
...
006 (78851234.015.000) 2026-10-02 18:04:15 Image size of job updated: 2021436
	1975  -  MemoryUsage of job (MB)
	2021436  -  ResidentSetSize of job (KB)
...
006 (78851234.015.000) 2026-10-02 18:14:16 Image size of job updated: 2022460
	1975  -  MemoryUsage of job (MB)
	2021436  -  ResidentSetSize of job (KB)
...
006 (78851234.015.000) 2026-10-02 18:24:16 Image size of job updated: 2022460
	1976  -  MemoryUsage of job (MB)
	2022460  -  ResidentSetSize of job (KB)
...
006 (78851234.015.000) 2026-10-02 18:34:17 Image size of job updated: 2022540
	1976  -  MemoryUsage of job (MB)
	2022464  -  ResidentSetSize of job (KB)
...
004 (78851234.015.000) 2026-10-02 18:40:22 Job was evicted. Code 1019 Subcode 0
	(0) CPU times
		Usr 10 10:09:20, Sys 0 00:17:27  -  Run Remote Usage
		Usr 0 00:00:00, Sys 0 00:00:00  -  Run Local Usage
	0  -  Run Bytes Sent By Job
	0  -  Run Bytes Received By Job
	Reason: Preempted for a Priority user
	Partitionable Resources :     Usage  Request Allocated 
	   Cpus                 :     10.52        4         4 
	   Disk (KB)            :  25000       25000     28672 
	   GPUs                 :                            0 
	   Memory (MB)          :   1976        6000      6016 
	   TimeExecute (s)      : 100746                       
	   TimeSlotBusy (s)     : 100747                       
...
001 (78851234.015.000) 2026-10-02 18:41:27 Job executing on host: <10.14.9.136:9618?addrs=10.14.9.136-9618&alias=node2136.cluster.ldas.cit&noUDP&sock=startd_893134_36fb>
	SlotName: slot1_1@node2136.cluster.ldas.cit
	CondorScratchDir = "/var/lib/condor/execute/dir_2813153/scratch"
	Cpus = 4
	Disk = 28672
	GPUs = 0
	Memory = 6016
...
005 (78851234.015.000) 2026-10-02 18:41:27 Job terminated.
	(1) Normal termination (return value 1)
		Usr 0 00:00:00, Sys 0 00:00:00  -  Run Remote Usage
		Usr 0 00:00:00, Sys 0 00:00:00  -  Run Local Usage
		Usr 15 18:04:17, Sys 0 00:40:49  -  Total Remote Usage
		Usr 0 00:00:00, Sys 0 00:00:00  -  Total Local Usage
	0  -  Run Bytes Sent By Job
	0  -  Run Bytes Received By Job
	0  -  Total Bytes Sent By Job
	0  -  Total Bytes Received By Job
	Partitionable Resources :    Usage  Request Allocated 
	   Cpus                 :        0        4         4 
	   Disk (KB)            :    25000    25000     28672 
	   GPUs                 :                           0 
	   Memory (MB)          :     2198     6000      6016 
	   TimeExecute (s)      :        0                    
	   TimeSlotBusy (s)     :        1                    
...
000 (78854872.015.000) 2026-10-03 17:21:23 Job submitted from host: <10.14.0.121:9618?addrs=10.14.0.121-9618&alias=ldas-pcdev12.ligo.caltech.edu&noUDP&sock=schedd_623140_c9b4>
...
001 (78854872.015.000) 2026-10-03 17:22:10 Job executing on host: <10.14.8.187:9618?addrs=10.14.8.187-9618&alias=node1937.cluster.ldas.cit&noUDP&sock=startd_34306_a41a>
	SlotName: slot1_2@node1937.cluster.ldas.cit
	CondorScratchDir = "/var/lib/condor/execute/dir_413155/scratch"
	Cpus = 4
	Disk = 28672
	GPUs = 0
	Memory = 6016
...
006 (78854872.015.000) 2026-10-03 17:22:20 Image size of job updated: 251476
	246  -  MemoryUsage of job (MB)
	251476  -  ResidentSetSize of job (KB)
...
006 (78854872.015.000) 2026-10-03 17:27:20 Image size of job updated: 676640
	661  -  MemoryUsage of job (MB)
	676640  -  ResidentSetSize of job (KB)
...
006 (78854872.015.000) 2026-10-03 17:32:20 Image size of job updated: 677144
	662  -  MemoryUsage of job (MB)
	677144  -  ResidentSetSize of job (KB)
...
006 (78854872.015.000) 2026-10-03 17:37:21 Image size of job updated: 696720
	676  -  MemoryUsage of job (MB)
	692060  -  ResidentSetSize of job (KB)
...
006 (78854872.015.000) 2026-10-03 17:42:22 Image size of job updated: 696720
	677  -  MemoryUsage of job (MB)
	692376  -  ResidentSetSize of job (KB)
...
006 (78854872.015.000) 2026-10-03 17:47:22 Image size of job updated: 734684
	694  -  MemoryUsage of job (MB)
	709660  -  ResidentSetSize of job (KB)
...
006 (78854872.015.000) 2026-10-03 17:52:23 Image size of job updated: 734684
	694  -  MemoryUsage of job (MB)
	709820  -  ResidentSetSize of job (KB)
...
006 (78854872.015.000) 2026-10-03 17:57:24 Image size of job updated: 734684
	694  -  MemoryUsage of job (MB)
	709920  -  ResidentSetSize of job (KB)
...
006 (78854872.015.000) 2026-10-03 18:12:26 Image size of job updated: 737104
	717  -  MemoryUsage of job (MB)
	733928  -  ResidentSetSize of job (KB)
...
006 (78854872.015.000) 2026-10-03 18:17:26 Image size of job updated: 741520
	725  -  MemoryUsage of job (MB)
	741520  -  ResidentSetSize of job (KB)
...
006 (78854872.015.000) 2026-10-03 18:22:27 Image size of job updated: 745164
	725  -  MemoryUsage of job (MB)
	741520  -  ResidentSetSize of job (KB)
...
006 (78854872.015.000) 2026-10-03 18:27:28 Image size of job updated: 745164
	728  -  MemoryUsage of job (MB)
	744620  -  ResidentSetSize of job (KB)
...
006 (78854872.015.000) 2026-10-03 18:32:28 Image size of job updated: 754652
	737  -  MemoryUsage of job (MB)
	753696  -  ResidentSetSize of job (KB)
...
006 (78854872.015.000) 2026-10-03 18:37:29 Image size of job updated: 761344
	744  -  MemoryUsage of job (MB)
	761344  -  ResidentSetSize of job (KB)
...
006 (78854872.015.000) 2026-10-03 18:42:30 Image size of job updated: 767020
	750  -  MemoryUsage of job (MB)
	767020  -  ResidentSetSize of job (KB)
...
006 (78854872.015.000) 2026-10-03 18:47:30 Image size of job updated: 808864
	787  -  MemoryUsage of job (MB)
	805312  -  ResidentSetSize of job (KB)
...
006 (78854872.015.000) 2026-10-03 18:52:31 Image size of job updated: 808864
	787  -  MemoryUsage of job (MB)
	805408  -  ResidentSetSize of job (KB)
...
006 (78854872.015.000) 2026-10-03 19:37:34 Image size of job updated: 824604
	787  -  MemoryUsage of job (MB)
	805408  -  ResidentSetSize of job (KB)
...
006 (78854872.015.000) 2026-10-03 19:47:35 Image size of job updated: 824604
	789  -  MemoryUsage of job (MB)
	807024  -  ResidentSetSize of job (KB)
...
006 (78854872.015.000) 2026-10-03 19:52:35 Image size of job updated: 824604
	789  -  MemoryUsage of job (MB)
	807076  -  ResidentSetSize of job (KB)
...
006 (78854872.015.000) 2026-10-03 20:07:36 Image size of job updated: 828200
	789  -  MemoryUsage of job (MB)
	807212  -  ResidentSetSize of job (KB)
...
006 (78854872.015.000) 2026-10-03 20:12:37 Image size of job updated: 828200
	789  -  MemoryUsage of job (MB)
	807264  -  ResidentSetSize of job (KB)
...
006 (78854872.015.000) 2026-10-03 20:17:37 Image size of job updated: 828200
	789  -  MemoryUsage of job (MB)
	807296  -  ResidentSetSize of job (KB)
...
006 (78854872.015.000) 2026-10-03 20:22:37 Image size of job updated: 828200
	791  -  MemoryUsage of job (MB)
	809864  -  ResidentSetSize of job (KB)
...
006 (78854872.015.000) 2026-10-03 20:27:38 Image size of job updated: 828200
	791  -  MemoryUsage of job (MB)
	809884  -  ResidentSetSize of job (KB)
...
006 (78854872.015.000) 2026-10-03 20:42:40 Image size of job updated: 828200
	792  -  MemoryUsage of job (MB)
	810840  -  ResidentSetSize of job (KB)
...
006 (78854872.015.000) 2026-10-03 20:47:41 Image size of job updated: 828200
	792  -  MemoryUsage of job (MB)
	810880  -  ResidentSetSize of job (KB)
...
006 (78854872.015.000) 2026-10-03 20:52:41 Image size of job updated: 828200
	793  -  MemoryUsage of job (MB)
	811216  -  ResidentSetSize of job (KB)
...
006 (78854872.015.000) 2026-10-03 21:17:45 Image size of job updated: 828808
	793  -  MemoryUsage of job (MB)
	811216  -  ResidentSetSize of job (KB)
...
006 (78854872.015.000) 2026-10-03 21:27:46 Image size of job updated: 828808
	794  -  MemoryUsage of job (MB)
	812508  -  ResidentSetSize of job (KB)
...
006 (78854872.015.000) 2026-10-03 21:32:47 Image size of job updated: 828808
	794  -  MemoryUsage of job (MB)
	812560  -  ResidentSetSize of job (KB)
...
000 (78854906.015.000) 2026-10-03 21:36:50 Job submitted from host: <10.14.0.121:9618?addrs=10.14.0.121-9618&alias=ldas-pcdev12.ligo.caltech.edu&noUDP&sock=schedd_623140_c9b4>
...
006 (78854872.015.000) 2026-10-03 21:37:47 Image size of job updated: 828808
	794  -  MemoryUsage of job (MB)
	812628  -  ResidentSetSize of job (KB)
...
001 (78854906.015.000) 2026-10-03 21:38:42 Job executing on host: <10.14.10.54:9618?addrs=10.14.10.54-9618&alias=node2304.cluster.ldas.cit&noUDP&sock=startd_3092958_8159>
	SlotName: slot1_15@node2304.cluster.ldas.cit
	CondorScratchDir = "/var/lib/condor/execute/dir_529662/scratch"
	Cpus = 4
	Disk = 28672
	GPUs = 0
	Memory = 6016
...
004 (78854872.015.000) 2026-10-03 21:38:42 Job was evicted. Code 1023 Subcode 0
	(0) CPU times
		Usr 1 02:28:47, Sys 0 00:01:28  -  Run Remote Usage
		Usr 0 00:00:00, Sys 0 00:00:00  -  Run Local Usage
	0  -  Run Bytes Sent By Job
	0  -  Run Bytes Received By Job
	Reason: via condor_rm (by user pratyusava.baral)
	Partitionable Resources :    Usage  Request Allocated 
	   Cpus                 :     6.24        4         4 
	   Disk (KB)            : 25000       25000     28672 
	   GPUs                 :                           0 
	   Memory (MB)          :   794        6000      6016 
	   TimeExecute (s)      : 15392                       
	   TimeSlotBusy (s)     : 15392                       
...
009 (78854872.015.000) 2026-10-03 21:38:42 Job was aborted.
	via condor_rm (by user pratyusava.baral)
...
006 (78854906.015.000) 2026-10-03 21:38:51 Image size of job updated: 323840
	317  -  MemoryUsage of job (MB)
	323840  -  ResidentSetSize of job (KB)
...
006 (78854906.015.000) 2026-10-03 21:43:52 Image size of job updated: 556632
	544  -  MemoryUsage of job (MB)
	556632  -  ResidentSetSize of job (KB)
...
006 (78854906.015.000) 2026-10-03 21:48:53 Image size of job updated: 673844
	659  -  MemoryUsage of job (MB)
	673844  -  ResidentSetSize of job (KB)
...
006 (78854906.015.000) 2026-10-03 21:53:53 Image size of job updated: 674736
	659  -  MemoryUsage of job (MB)
	674736  -  ResidentSetSize of job (KB)
...
006 (78854906.015.000) 2026-10-03 21:58:54 Image size of job updated: 738940
	721  -  MemoryUsage of job (MB)
	737972  -  ResidentSetSize of job (KB)
...
006 (78854906.015.000) 2026-10-03 22:03:55 Image size of job updated: 740460
	724  -  MemoryUsage of job (MB)
	740460  -  ResidentSetSize of job (KB)
...
006 (78854906.015.000) 2026-10-03 22:08:55 Image size of job updated: 818048
	799  -  MemoryUsage of job (MB)
	818048  -  ResidentSetSize of job (KB)
...
006 (78854906.015.000) 2026-10-03 22:13:56 Image size of job updated: 1000168
	977  -  MemoryUsage of job (MB)
	1000168  -  ResidentSetSize of job (KB)
...
006 (78854906.015.000) 2026-10-03 22:18:57 Image size of job updated: 1162224
	1135  -  MemoryUsage of job (MB)
	1162224  -  ResidentSetSize of job (KB)
...
006 (78854906.015.000) 2026-10-03 22:23:57 Image size of job updated: 1322940
	1292  -  MemoryUsage of job (MB)
	1322940  -  ResidentSetSize of job (KB)
...
006 (78854906.015.000) 2026-10-03 22:28:58 Image size of job updated: 1483424
	1449  -  MemoryUsage of job (MB)
	1483424  -  ResidentSetSize of job (KB)
...
006 (78854906.015.000) 2026-10-03 22:33:59 Image size of job updated: 1645544
	1607  -  MemoryUsage of job (MB)
	1645544  -  ResidentSetSize of job (KB)
...
006 (78854906.015.000) 2026-10-03 22:38:59 Image size of job updated: 1805432
	1764  -  MemoryUsage of job (MB)
	1805432  -  ResidentSetSize of job (KB)
...
006 (78854906.015.000) 2026-10-03 22:44:00 Image size of job updated: 1978856
	1933  -  MemoryUsage of job (MB)
	1978856  -  ResidentSetSize of job (KB)
...
006 (78854906.015.000) 2026-10-03 22:49:01 Image size of job updated: 1983796
	1938  -  MemoryUsage of job (MB)
	1983796  -  ResidentSetSize of job (KB)
...
006 (78854906.015.000) 2026-10-03 22:54:01 Image size of job updated: 1986716
	1938  -  MemoryUsage of job (MB)
	1983796  -  ResidentSetSize of job (KB)
...
006 (78854906.015.000) 2026-10-03 23:04:03 Image size of job updated: 2013036
	1938  -  MemoryUsage of job (MB)
	1983796  -  ResidentSetSize of job (KB)
...
006 (78854906.015.000) 2026-10-03 23:19:04 Image size of job updated: 2013036
	1940  -  MemoryUsage of job (MB)
	1985904  -  ResidentSetSize of job (KB)
...
006 (78854906.015.000) 2026-10-03 23:24:05 Image size of job updated: 2013036
	1940  -  MemoryUsage of job (MB)
	1985948  -  ResidentSetSize of job (KB)
...
006 (78854906.015.000) 2026-10-03 23:29:06 Image size of job updated: 2013036
	1944  -  MemoryUsage of job (MB)
	1990440  -  ResidentSetSize of job (KB)
...
006 (78854906.015.000) 2026-10-03 23:34:06 Image size of job updated: 2013036
	1944  -  MemoryUsage of job (MB)
	1990484  -  ResidentSetSize of job (KB)
...
006 (78854906.015.000) 2026-10-03 23:49:07 Image size of job updated: 2013036
	1955  -  MemoryUsage of job (MB)
	2000920  -  ResidentSetSize of job (KB)
...
006 (78854906.015.000) 2026-10-03 23:54:09 Image size of job updated: 2013036
	1955  -  MemoryUsage of job (MB)
	2000984  -  ResidentSetSize of job (KB)
...
006 (78854906.015.000) 2026-10-03 23:59:09 Image size of job updated: 2013860
	1955  -  MemoryUsage of job (MB)
	2000984  -  ResidentSetSize of job (KB)
...
006 (78854906.015.000) 2026-10-04 00:59:15 Image size of job updated: 2013860
	1956  -  MemoryUsage of job (MB)
	2002564  -  ResidentSetSize of job (KB)
...
006 (78854906.015.000) 2026-10-04 01:04:15 Image size of job updated: 2013860
	1956  -  MemoryUsage of job (MB)
	2002836  -  ResidentSetSize of job (KB)
...
006 (78854906.015.000) 2026-10-04 01:09:15 Image size of job updated: 2051008
	1960  -  MemoryUsage of job (MB)
	2006520  -  ResidentSetSize of job (KB)
...
006 (78854906.015.000) 2026-10-04 01:14:16 Image size of job updated: 2051008
	1960  -  MemoryUsage of job (MB)
	2006756  -  ResidentSetSize of job (KB)
...
006 (78854906.015.000) 2026-10-04 01:29:17 Image size of job updated: 2051008
	1961  -  MemoryUsage of job (MB)
	2008044  -  ResidentSetSize of job (KB)
...
006 (78854906.015.000) 2026-10-04 01:34:17 Image size of job updated: 2051008
	1962  -  MemoryUsage of job (MB)
	2008100  -  ResidentSetSize of job (KB)
...
006 (78854906.015.000) 2026-10-04 01:54:19 Image size of job updated: 2051008
	1963  -  MemoryUsage of job (MB)
	2009756  -  ResidentSetSize of job (KB)
...
006 (78854906.015.000) 2026-10-04 01:59:20 Image size of job updated: 2051008
	1963  -  MemoryUsage of job (MB)
	2009796  -  ResidentSetSize of job (KB)
...
006 (78854906.015.000) 2026-10-04 02:04:21 Image size of job updated: 2051008
	1968  -  MemoryUsage of job (MB)
	2014812  -  ResidentSetSize of job (KB)
...
006 (78854906.015.000) 2026-10-04 02:09:21 Image size of job updated: 2051008
	1968  -  MemoryUsage of job (MB)
	2014856  -  ResidentSetSize of job (KB)
...
006 (78854906.015.000) 2026-10-04 02:14:22 Image size of job updated: 2051008
	1969  -  MemoryUsage of job (MB)
	2015764  -  ResidentSetSize of job (KB)
...
006 (78854906.015.000) 2026-10-04 02:19:23 Image size of job updated: 2051008
	1969  -  MemoryUsage of job (MB)
	2015772  -  ResidentSetSize of job (KB)
...
006 (78854906.015.000) 2026-10-04 02:34:24 Image size of job updated: 2051008
	1972  -  MemoryUsage of job (MB)
	2018560  -  ResidentSetSize of job (KB)
...
006 (78854906.015.000) 2026-10-04 02:39:24 Image size of job updated: 2051008
	1972  -  MemoryUsage of job (MB)
	2018576  -  ResidentSetSize of job (KB)
...
006 (78854906.015.000) 2026-10-04 02:44:24 Image size of job updated: 2051008
	1979  -  MemoryUsage of job (MB)
	2025580  -  ResidentSetSize of job (KB)
...
006 (78854906.015.000) 2026-10-04 02:49:25 Image size of job updated: 2051008
	1979  -  MemoryUsage of job (MB)
	2025588  -  ResidentSetSize of job (KB)
...
006 (78854906.015.000) 2026-10-04 02:54:25 Image size of job updated: 2068976
	1979  -  MemoryUsage of job (MB)
	2026232  -  ResidentSetSize of job (KB)
...
006 (78854906.015.000) 2026-10-04 02:59:25 Image size of job updated: 2068976
	1979  -  MemoryUsage of job (MB)
	2026284  -  ResidentSetSize of job (KB)
...
006 (78854906.015.000) 2026-10-04 03:14:26 Image size of job updated: 2068976
	1997  -  MemoryUsage of job (MB)
	2044608  -  ResidentSetSize of job (KB)
...
006 (78854906.015.000) 2026-10-04 04:19:34 Image size of job updated: 2068976
	2001  -  MemoryUsage of job (MB)
	2048832  -  ResidentSetSize of job (KB)
...
006 (78854906.015.000) 2026-10-04 04:24:34 Image size of job updated: 2068976
	2003  -  MemoryUsage of job (MB)
	2050884  -  ResidentSetSize of job (KB)
...
006 (78854906.015.000) 2026-10-04 04:29:34 Image size of job updated: 2068976
	2005  -  MemoryUsage of job (MB)
	2052936  -  ResidentSetSize of job (KB)
...
006 (78854906.015.000) 2026-10-04 04:34:35 Image size of job updated: 2076252
	2005  -  MemoryUsage of job (MB)
	2052936  -  ResidentSetSize of job (KB)
...
006 (78854906.015.000) 2026-10-04 04:44:35 Image size of job updated: 2076252
	2012  -  MemoryUsage of job (MB)
	2059448  -  ResidentSetSize of job (KB)
...
006 (78854906.015.000) 2026-10-04 04:49:36 Image size of job updated: 2076252
	2012  -  MemoryUsage of job (MB)
	2059456  -  ResidentSetSize of job (KB)
...
006 (78854906.015.000) 2026-10-04 04:54:36 Image size of job updated: 2076252
	2013  -  MemoryUsage of job (MB)
	2060976  -  ResidentSetSize of job (KB)
...
006 (78854906.015.000) 2026-10-04 04:59:37 Image size of job updated: 2076252
	2013  -  MemoryUsage of job (MB)
	2060984  -  ResidentSetSize of job (KB)
...
006 (78854906.015.000) 2026-10-04 05:04:38 Image size of job updated: 2102856
	2013  -  MemoryUsage of job (MB)
	2060984  -  ResidentSetSize of job (KB)
...
006 (78854906.015.000) 2026-10-04 05:34:42 Image size of job updated: 2102856
	2014  -  MemoryUsage of job (MB)
	2062284  -  ResidentSetSize of job (KB)
...
006 (78854906.015.000) 2026-10-04 05:44:43 Image size of job updated: 2102856
	2014  -  MemoryUsage of job (MB)
	2062296  -  ResidentSetSize of job (KB)
...
006 (78854906.015.000) 2026-10-04 06:54:52 Image size of job updated: 2109272
	2020  -  MemoryUsage of job (MB)
	2068128  -  ResidentSetSize of job (KB)
...
006 (78854906.015.000) 2026-10-04 06:59:53 Image size of job updated: 2109272
	2020  -  MemoryUsage of job (MB)
	2068132  -  ResidentSetSize of job (KB)
...
006 (78854906.015.000) 2026-10-04 07:04:54 Image size of job updated: 2132844
	2020  -  MemoryUsage of job (MB)
	2068132  -  ResidentSetSize of job (KB)
...
005 (78854906.015.000) 2026-10-04 07:27:33 Job terminated.
	(1) Normal termination (return value 0)
		Usr 5 04:15:27, Sys 0 00:05:47  -  Run Remote Usage
		Usr 0 00:00:00, Sys 0 00:00:00  -  Run Local Usage
		Usr 5 04:15:27, Sys 0 00:05:47  -  Total Remote Usage
		Usr 0 00:00:00, Sys 0 00:00:00  -  Total Local Usage
	0  -  Run Bytes Sent By Job
	0  -  Run Bytes Received By Job
	0  -  Total Bytes Sent By Job
	0  -  Total Bytes Received By Job
	Partitionable Resources :    Usage  Request Allocated 
	   Cpus                 :    15.89        4         4 
	   Disk (KB)            : 25000       25000     28672 
	   GPUs                 :                           0 
	   Memory (MB)          :  2020        6000      6016 
	   TimeExecute (s)      : 35331                       
	   TimeSlotBusy (s)     : 35331                       
...
000 (78855135.015.000) 2026-10-04 13:44:55 Job submitted from host: <10.14.0.121:9618?addrs=10.14.0.121-9618&alias=ldas-pcdev12.ligo.caltech.edu&noUDP&sock=schedd_623140_c9b4>
...
001 (78855135.015.000) 2026-10-04 13:49:18 Job executing on host: <10.14.6.218:9618?addrs=10.14.6.218-9618&alias=node1468.cluster.ldas.cit&noUDP&sock=startd_34643_cb84>
	SlotName: slot1_2@node1468.cluster.ldas.cit
	CondorScratchDir = "/var/lib/condor/execute/dir_892603/scratch"
	Cpus = 4
	Disk = 28672
	GPUs = 0
	Memory = 6016
...
006 (78855135.015.000) 2026-10-04 13:49:26 Image size of job updated: 137264
	135  -  MemoryUsage of job (MB)
	137264  -  ResidentSetSize of job (KB)
...
006 (78855135.015.000) 2026-10-04 13:49:51 Image size of job updated: 577844
	135  -  MemoryUsage of job (MB)
	137268  -  ResidentSetSize of job (KB)
...
005 (78855135.015.000) 2026-10-04 13:49:51 Job terminated.
	(1) Normal termination (return value 0)
		Usr 0 00:00:21, Sys 0 00:00:01  -  Run Remote Usage
		Usr 0 00:00:00, Sys 0 00:00:00  -  Run Local Usage
		Usr 0 00:00:21, Sys 0 00:00:01  -  Total Remote Usage
		Usr 0 00:00:00, Sys 0 00:00:00  -  Total Local Usage
	0  -  Run Bytes Sent By Job
	0  -  Run Bytes Received By Job
	0  -  Total Bytes Sent By Job
	0  -  Total Bytes Received By Job
	Partitionable Resources :    Usage  Request Allocated 
	   Cpus                 :                 4         4 
	   Disk (KB)            :    25000    25000     28672 
	   GPUs                 :                           0 
	   Memory (MB)          :      135     6000      6016 
	   TimeExecute (s)      :       33                    
	   TimeSlotBusy (s)     :       34                    
...
