000 (78851234.017.000) 2026-09-30 12:35:31 Job submitted from host: <10.14.0.121:9618?addrs=10.14.0.121-9618&alias=ldas-pcdev12.ligo.caltech.edu&noUDP&sock=schedd_623140_c9b4>
...
001 (78851234.017.000) 2026-09-30 12:35:59 Job executing on host: <10.14.10.121:9618?addrs=10.14.10.121-9618&alias=node2371.cluster.ldas.cit&noUDP&sock=startd_2245697_ee71>
	SlotName: slot1_17@node2371.cluster.ldas.cit
	CondorScratchDir = "/var/lib/condor/execute/dir_2679831/scratch"
	Cpus = 4
	Disk = 28672
	GPUs = 0
	Memory = 6016
...
006 (78851234.017.000) 2026-09-30 12:35:59 Image size of job updated: 25000
	0  -  MemoryUsage of job (MB)
	0  -  ResidentSetSize of job (KB)
...
005 (78851234.017.000) 2026-09-30 12:35:59 Job terminated.
	(1) Normal termination (return value 1)
		Usr 0 00:00:00, Sys 0 00:00:00  -  Run Remote Usage
		Usr 0 00:00:00, Sys 0 00:00:00  -  Run Local Usage
		Usr 0 00:00:00, Sys 0 00:00:00  -  Total Remote Usage
		Usr 0 00:00:00, Sys 0 00:00:00  -  Total Local Usage
	0  -  Run Bytes Sent By Job
	0  -  Run Bytes Received By Job
	0  -  Total Bytes Sent By Job
	0  -  Total Bytes Received By Job
	Partitionable Resources :    Usage  Request Allocated 
	   Cpus                 :        0        4         4 
	   Disk (KB)            :    25000    25000     28672 
	   GPUs                 :                           0 
	   Memory (MB)          :        0     6000      6016 
	   TimeExecute (s)      :        0                    
	   TimeSlotBusy (s)     :        1                    
...
000 (78854872.017.000) 2026-10-03 17:21:23 Job submitted from host: <10.14.0.121:9618?addrs=10.14.0.121-9618&alias=ldas-pcdev12.ligo.caltech.edu&noUDP&sock=schedd_623140_c9b4>
...
001 (78854872.017.000) 2026-10-03 17:22:10 Job executing on host: <10.14.8.246:9618?addrs=10.14.8.246-9618&alias=node1996.cluster.ldas.cit&noUDP&sock=startd_33453_8dd1>
	SlotName: slot1_2@node1996.cluster.ldas.cit
	CondorScratchDir = "/var/lib/condor/execute/dir_362651/scratch"
	Cpus = 4
	Disk = 28672
	GPUs = 0
	Memory = 6016
...
006 (78854872.017.000) 2026-10-03 17:22:19 Image size of job updated: 150148
	147  -  MemoryUsage of job (MB)
	150148  -  ResidentSetSize of job (KB)
...
006 (78854872.017.000) 2026-10-03 17:27:20 Image size of job updated: 330016
	323  -  MemoryUsage of job (MB)
	330016  -  ResidentSetSize of job (KB)
...
006 (78854872.017.000) 2026-10-03 17:32:20 Image size of job updated: 330820
	324  -  MemoryUsage of job (MB)
	330820  -  ResidentSetSize of job (KB)
...
006 (78854872.017.000) 2026-10-03 17:37:21 Image size of job updated: 429412
	420  -  MemoryUsage of job (MB)
	429412  -  ResidentSetSize of job (KB)
...
006 (78854872.017.000) 2026-10-03 17:42:22 Image size of job updated: 430232
	421  -  MemoryUsage of job (MB)
	430232  -  ResidentSetSize of job (KB)
...
006 (78854872.017.000) 2026-10-03 17:47:22 Image size of job updated: 442792
	433  -  MemoryUsage of job (MB)
	442792  -  ResidentSetSize of job (KB)
...
006 (78854872.017.000) 2026-10-03 17:52:23 Image size of job updated: 443532
	434  -  MemoryUsage of job (MB)
	443532  -  ResidentSetSize of job (KB)
...
006 (78854872.017.000) 2026-10-03 17:57:24 Image size of job updated: 455684
	446  -  MemoryUsage of job (MB)
	455684  -  ResidentSetSize of job (KB)
...
006 (78854872.017.000) 2026-10-03 18:02:24 Image size of job updated: 456032
	446  -  MemoryUsage of job (MB)
	456032  -  ResidentSetSize of job (KB)
...
006 (78854872.017.000) 2026-10-03 18:07:25 Image size of job updated: 462460
	452  -  MemoryUsage of job (MB)
	462460  -  ResidentSetSize of job (KB)
...
006 (78854872.017.000) 2026-10-03 18:12:26 Image size of job updated: 463172
	453  -  MemoryUsage of job (MB)
	463172  -  ResidentSetSize of job (KB)
...
006 (78854872.017.000) 2026-10-03 18:17:26 Image size of job updated: 476272
	466  -  MemoryUsage of job (MB)
	476272  -  ResidentSetSize of job (KB)
...
006 (78854872.017.000) 2026-10-03 18:22:26 Image size of job updated: 476400
	466  -  MemoryUsage of job (MB)
	476400  -  ResidentSetSize of job (KB)
...
006 (78854872.017.000) 2026-10-03 18:27:27 Image size of job updated: 485916
	475  -  MemoryUsage of job (MB)
	485916  -  ResidentSetSize of job (KB)
...
006 (78854872.017.000) 2026-10-03 18:32:27 Image size of job updated: 486036
	475  -  MemoryUsage of job (MB)
	486036  -  ResidentSetSize of job (KB)
...
006 (78854872.017.000) 2026-10-03 18:37:27 Image size of job updated: 496096
	485  -  MemoryUsage of job (MB)
	496096  -  ResidentSetSize of job (KB)
...
006 (78854872.017.000) 2026-10-03 18:42:28 Image size of job updated: 496292
	485  -  MemoryUsage of job (MB)
	496292  -  ResidentSetSize of job (KB)
...
006 (78854872.017.000) 2026-10-03 18:47:28 Image size of job updated: 497376
	486  -  MemoryUsage of job (MB)
	497376  -  ResidentSetSize of job (KB)
...
006 (78854872.017.000) 2026-10-03 18:52:28 Image size of job updated: 497440
	486  -  MemoryUsage of job (MB)
	497440  -  ResidentSetSize of job (KB)
...
006 (78854872.017.000) 2026-10-03 18:57:29 Image size of job updated: 507508
	496  -  MemoryUsage of job (MB)
	507508  -  ResidentSetSize of job (KB)
...
006 (78854872.017.000) 2026-10-03 19:02:29 Image size of job updated: 507560
	496  -  MemoryUsage of job (MB)
	507560  -  ResidentSetSize of job (KB)
...
006 (78854872.017.000) 2026-10-03 19:07:29 Image size of job updated: 507652
	496  -  MemoryUsage of job (MB)
	507560  -  ResidentSetSize of job (KB)
...
006 (78854872.017.000) 2026-10-03 19:27:32 Image size of job updated: 517076
	505  -  MemoryUsage of job (MB)
	517076  -  ResidentSetSize of job (KB)
...
006 (78854872.017.000) 2026-10-03 19:32:33 Image size of job updated: 517156
	506  -  MemoryUsage of job (MB)
	517156  -  ResidentSetSize of job (KB)
...
006 (78854872.017.000) 2026-10-03 19:37:33 Image size of job updated: 520244
	509  -  MemoryUsage of job (MB)
	520244  -  ResidentSetSize of job (KB)
...
006 (78854872.017.000) 2026-10-03 19:42:34 Image size of job updated: 520320
	509  -  MemoryUsage of job (MB)
	520320  -  ResidentSetSize of job (KB)
...
006 (78854872.017.000) 2026-10-03 19:47:35 Image size of job updated: 520352
	509  -  MemoryUsage of job (MB)
	520352  -  ResidentSetSize of job (KB)
...
006 (78854872.017.000) 2026-10-03 19:52:35 Image size of job updated: 520384
	509  -  MemoryUsage of job (MB)
	520384  -  ResidentSetSize of job (KB)
...
006 (78854872.017.000) 2026-10-03 19:57:36 Image size of job updated: 521448
	510  -  MemoryUsage of job (MB)
	521448  -  ResidentSetSize of job (KB)
...
006 (78854872.017.000) 2026-10-03 20:02:37 Image size of job updated: 521472
	510  -  MemoryUsage of job (MB)
	521472  -  ResidentSetSize of job (KB)
...
006 (78854872.017.000) 2026-10-03 20:07:37 Image size of job updated: 524596
	513  -  MemoryUsage of job (MB)
	524596  -  ResidentSetSize of job (KB)
...
006 (78854872.017.000) 2026-10-03 20:12:37 Image size of job updated: 524616
	513  -  MemoryUsage of job (MB)
	524616  -  ResidentSetSize of job (KB)
...
006 (78854872.017.000) 2026-10-03 20:17:38 Image size of job updated: 524680
	513  -  MemoryUsage of job (MB)
	524680  -  ResidentSetSize of job (KB)
...
006 (78854872.017.000) 2026-10-03 20:22:38 Image size of job updated: 524712
	513  -  MemoryUsage of job (MB)
	524712  -  ResidentSetSize of job (KB)
...
006 (78854872.017.000) 2026-10-03 20:27:38 Image size of job updated: 524776
	513  -  MemoryUsage of job (MB)
	524776  -  ResidentSetSize of job (KB)
...
006 (78854872.017.000) 2026-10-03 20:32:39 Image size of job updated: 526888
	515  -  MemoryUsage of job (MB)
	526888  -  ResidentSetSize of job (KB)
...
006 (78854872.017.000) 2026-10-03 20:37:39 Image size of job updated: 526912
	515  -  MemoryUsage of job (MB)
	526912  -  ResidentSetSize of job (KB)
...
006 (78854872.017.000) 2026-10-03 20:42:39 Image size of job updated: 527924
	515  -  MemoryUsage of job (MB)
	526920  -  ResidentSetSize of job (KB)
...
006 (78854872.017.000) 2026-10-03 20:47:40 Image size of job updated: 527924
	515  -  MemoryUsage of job (MB)
	526948  -  ResidentSetSize of job (KB)
...
006 (78854872.017.000) 2026-10-03 20:52:40 Image size of job updated: 531064
	519  -  MemoryUsage of job (MB)
	531064  -  ResidentSetSize of job (KB)
...
006 (78854872.017.000) 2026-10-03 20:57:40 Image size of job updated: 531088
	519  -  MemoryUsage of job (MB)
	531088  -  ResidentSetSize of job (KB)
...
006 (78854872.017.000) 2026-10-03 21:02:41 Image size of job updated: 531104
	519  -  MemoryUsage of job (MB)
	531104  -  ResidentSetSize of job (KB)
...
006 (78854872.017.000) 2026-10-03 21:07:42 Image size of job updated: 531188
	519  -  MemoryUsage of job (MB)
	531188  -  ResidentSetSize of job (KB)
...
006 (78854872.017.000) 2026-10-03 21:12:42 Image size of job updated: 532040
	520  -  MemoryUsage of job (MB)
	532040  -  ResidentSetSize of job (KB)
...
006 (78854872.017.000) 2026-10-03 21:17:43 Image size of job updated: 532076
	520  -  MemoryUsage of job (MB)
	532076  -  ResidentSetSize of job (KB)
...
006 (78854872.017.000) 2026-10-03 21:22:44 Image size of job updated: 532316
	520  -  MemoryUsage of job (MB)
	532316  -  ResidentSetSize of job (KB)
...
006 (78854872.017.000) 2026-10-03 21:27:44 Image size of job updated: 532344
	520  -  MemoryUsage of job (MB)
	532344  -  ResidentSetSize of job (KB)
...
006 (78854872.017.000) 2026-10-03 21:32:45 Image size of job updated: 534092
	522  -  MemoryUsage of job (MB)
	534092  -  ResidentSetSize of job (KB)
...
000 (78854906.017.000) 2026-10-03 21:36:50 Job submitted from host: <10.14.0.121:9618?addrs=10.14.0.121-9618&alias=ldas-pcdev12.ligo.caltech.edu&noUDP&sock=schedd_623140_c9b4>
...
006 (78854872.017.000) 2026-10-03 21:36:50 Image size of job updated: 534436
	522  -  MemoryUsage of job (MB)
	534092  -  ResidentSetSize of job (KB)
...
004 (78854872.017.000) 2026-10-03 21:36:50 Job was evicted. Code 1023 Subcode 0
	(0) CPU times
		Usr 1 01:38:59, Sys 0 00:01:25  -  Run Remote Usage
		Usr 0 00:00:00, Sys 0 00:00:00  -  Run Local Usage
	0  -  Run Bytes Sent By Job
	0  -  Run Bytes Received By Job
	Reason: via condor_rm (by user pratyusava.baral)
	Partitionable Resources :    Usage  Request Allocated 
	   Cpus                 :     5.38        4         4 
	   Disk (KB)            : 25000       25000     28672 
	   GPUs                 :                           0 
	   Memory (MB)          :   522        6000      6016 
	   TimeExecute (s)      : 15280                       
	   TimeSlotBusy (s)     : 15280                       
...
009 (78854872.017.000) 2026-10-03 21:36:50 Job was aborted.
	via condor_rm (by user pratyusava.baral)
...
001 (78854906.017.000) 2026-10-03 21:38:55 Job executing on host: <10.14.10.9:9618?addrs=10.14.10.9-9618&alias=node2259.cluster.ldas.cit&noUDP&sock=startd_2092509_b47d>
	SlotName: slot1_1@node2259.cluster.ldas.cit
	CondorScratchDir = "/var/lib/condor/execute/dir_3934684/scratch"
	Cpus = 4
	Disk = 28672
	GPUs = 0
	Memory = 6016
...
006 (78854906.017.000) 2026-10-03 21:39:04 Image size of job updated: 152588
	150  -  MemoryUsage of job (MB)
	152588  -  ResidentSetSize of job (KB)
...
006 (78854906.017.000) 2026-10-03 21:44:04 Image size of job updated: 339840
	332  -  MemoryUsage of job (MB)
	339840  -  ResidentSetSize of job (KB)
...
006 (78854906.017.000) 2026-10-03 21:49:04 Image size of job updated: 485676
	463  -  MemoryUsage of job (MB)
	473904  -  ResidentSetSize of job (KB)
...
006 (78854906.017.000) 2026-10-03 21:54:05 Image size of job updated: 485676
	464  -  MemoryUsage of job (MB)
	475008  -  ResidentSetSize of job (KB)
...
006 (78854906.017.000) 2026-10-03 21:59:05 Image size of job updated: 493188
	482  -  MemoryUsage of job (MB)
	493188  -  ResidentSetSize of job (KB)
...
006 (78854906.017.000) 2026-10-03 22:04:06 Image size of job updated: 493648
	483  -  MemoryUsage of job (MB)
	493648  -  ResidentSetSize of job (KB)
...
006 (78854906.017.000) 2026-10-03 22:09:07 Image size of job updated: 493964
	483  -  MemoryUsage of job (MB)
	493648  -  ResidentSetSize of job (KB)
...
006 (78854906.017.000) 2026-10-03 22:24:09 Image size of job updated: 515036
	503  -  MemoryUsage of job (MB)
	515036  -  ResidentSetSize of job (KB)
...
006 (78854906.017.000) 2026-10-03 22:29:09 Image size of job updated: 522832
	511  -  MemoryUsage of job (MB)
	522832  -  ResidentSetSize of job (KB)
...
006 (78854906.017.000) 2026-10-03 22:34:10 Image size of job updated: 538420
	526  -  MemoryUsage of job (MB)
	538420  -  ResidentSetSize of job (KB)
...
006 (78854906.017.000) 2026-10-03 22:39:10 Image size of job updated: 541216
	529  -  MemoryUsage of job (MB)
	541216  -  ResidentSetSize of job (KB)
...
006 (78854906.017.000) 2026-10-03 22:44:10 Image size of job updated: 545056
	533  -  MemoryUsage of job (MB)
	545056  -  ResidentSetSize of job (KB)
...
006 (78854906.017.000) 2026-10-03 22:49:11 Image size of job updated: 547884
	536  -  MemoryUsage of job (MB)
	547884  -  ResidentSetSize of job (KB)
...
006 (78854906.017.000) 2026-10-03 22:54:11 Image size of job updated: 551588
	539  -  MemoryUsage of job (MB)
	551084  -  ResidentSetSize of job (KB)
...
006 (78854906.017.000) 2026-10-03 22:59:12 Image size of job updated: 551588
	539  -  MemoryUsage of job (MB)
	551144  -  ResidentSetSize of job (KB)
...
006 (78854906.017.000) 2026-10-03 23:04:13 Image size of job updated: 559884
	546  -  MemoryUsage of job (MB)
	558944  -  ResidentSetSize of job (KB)
...
006 (78854906.017.000) 2026-10-03 23:09:13 Image size of job updated: 559884
	546  -  MemoryUsage of job (MB)
	559008  -  ResidentSetSize of job (KB)
...
006 (78854906.017.000) 2026-10-03 23:14:14 Image size of job updated: 559884
	546  -  MemoryUsage of job (MB)
	559072  -  ResidentSetSize of job (KB)
...
006 (78854906.017.000) 2026-10-03 23:19:15 Image size of job updated: 560876
	548  -  MemoryUsage of job (MB)
	560876  -  ResidentSetSize of job (KB)
...
006 (78854906.017.000) 2026-10-03 23:24:15 Image size of job updated: 560968
	548  -  MemoryUsage of job (MB)
	560968  -  ResidentSetSize of job (KB)
...
006 (78854906.017.000) 2026-10-03 23:29:16 Image size of job updated: 561316
	549  -  MemoryUsage of job (MB)
	561316  -  ResidentSetSize of job (KB)
...
006 (78854906.017.000) 2026-10-03 23:34:16 Image size of job updated: 561420
	549  -  MemoryUsage of job (MB)
	561420  -  ResidentSetSize of job (KB)
...
006 (78854906.017.000) 2026-10-03 23:39:16 Image size of job updated: 561504
	549  -  MemoryUsage of job (MB)
	561504  -  ResidentSetSize of job (KB)
...
006 (78854906.017.000) 2026-10-03 23:44:17 Image size of job updated: 562536
	550  -  MemoryUsage of job (MB)
	562536  -  ResidentSetSize of job (KB)
...
006 (78854906.017.000) 2026-10-03 23:49:17 Image size of job updated: 562696
	550  -  MemoryUsage of job (MB)
	562696  -  ResidentSetSize of job (KB)
...
006 (78854906.017.000) 2026-10-03 23:54:18 Image size of job updated: 562740
	550  -  MemoryUsage of job (MB)
	562740  -  ResidentSetSize of job (KB)
...
006 (78854906.017.000) 2026-10-03 23:59:19 Image size of job updated: 562848
	550  -  MemoryUsage of job (MB)
	562848  -  ResidentSetSize of job (KB)
...
006 (78854906.017.000) 2026-10-04 00:04:19 Image size of job updated: 568676
	555  -  MemoryUsage of job (MB)
	567720  -  ResidentSetSize of job (KB)
...
006 (78854906.017.000) 2026-10-04 00:09:20 Image size of job updated: 568676
	555  -  MemoryUsage of job (MB)
	567760  -  ResidentSetSize of job (KB)
...
006 (78854906.017.000) 2026-10-04 00:14:20 Image size of job updated: 568780
	556  -  MemoryUsage of job (MB)
	568780  -  ResidentSetSize of job (KB)
...
006 (78854906.017.000) 2026-10-04 00:19:20 Image size of job updated: 568812
	556  -  MemoryUsage of job (MB)
	568812  -  ResidentSetSize of job (KB)
...
006 (78854906.017.000) 2026-10-04 00:24:21 Image size of job updated: 568892
	556  -  MemoryUsage of job (MB)
	568892  -  ResidentSetSize of job (KB)
...
006 (78854906.017.000) 2026-10-04 00:29:21 Image size of job updated: 568924
	556  -  MemoryUsage of job (MB)
	568924  -  ResidentSetSize of job (KB)
...
006 (78854906.017.000) 2026-10-04 00:34:21 Image size of job updated: 568960
	556  -  MemoryUsage of job (MB)
	568960  -  ResidentSetSize of job (KB)
...
006 (78854906.017.000) 2026-10-04 00:39:22 Image size of job updated: 568988
	556  -  MemoryUsage of job (MB)
	568988  -  ResidentSetSize of job (KB)
...
006 (78854906.017.000) 2026-10-04 00:44:22 Image size of job updated: 569024
	556  -  MemoryUsage of job (MB)
	569024  -  ResidentSetSize of job (KB)
...
006 (78854906.017.000) 2026-10-04 00:49:23 Image size of job updated: 572508
	560  -  MemoryUsage of job (MB)
	572508  -  ResidentSetSize of job (KB)
...
006 (78854906.017.000) 2026-10-04 00:54:24 Image size of job updated: 572568
	560  -  MemoryUsage of job (MB)
	572568  -  ResidentSetSize of job (KB)
...
006 (78854906.017.000) 2026-10-04 00:59:24 Image size of job updated: 573412
	560  -  MemoryUsage of job (MB)
	573412  -  ResidentSetSize of job (KB)
...
006 (78854906.017.000) 2026-10-04 01:04:25 Image size of job updated: 573548
	561  -  MemoryUsage of job (MB)
	573548  -  ResidentSetSize of job (KB)
...
006 (78854906.017.000) 2026-10-04 01:09:25 Image size of job updated: 574668
	562  -  MemoryUsage of job (MB)
	574668  -  ResidentSetSize of job (KB)
...
006 (78854906.017.000) 2026-10-04 01:14:26 Image size of job updated: 574776
	562  -  MemoryUsage of job (MB)
	574776  -  ResidentSetSize of job (KB)
...
006 (78854906.017.000) 2026-10-04 01:19:27 Image size of job updated: 574860
	562  -  MemoryUsage of job (MB)
	574860  -  ResidentSetSize of job (KB)
...
006 (78854906.017.000) 2026-10-04 01:24:27 Image size of job updated: 574920
	562  -  MemoryUsage of job (MB)
	574920  -  ResidentSetSize of job (KB)
...
006 (78854906.017.000) 2026-10-04 01:29:28 Image size of job updated: 574924
	562  -  MemoryUsage of job (MB)
	574924  -  ResidentSetSize of job (KB)
...
006 (78854906.017.000) 2026-10-04 01:34:29 Image size of job updated: 575068
	562  -  MemoryUsage of job (MB)
	575068  -  ResidentSetSize of job (KB)
...
006 (78854906.017.000) 2026-10-04 01:39:29 Image size of job updated: 575076
	562  -  MemoryUsage of job (MB)
	575076  -  ResidentSetSize of job (KB)
...
006 (78854906.017.000) 2026-10-04 01:44:30 Image size of job updated: 575264
	562  -  MemoryUsage of job (MB)
	575128  -  ResidentSetSize of job (KB)
...
006 (78854906.017.000) 2026-10-04 01:49:30 Image size of job updated: 575264
	562  -  MemoryUsage of job (MB)
	575168  -  ResidentSetSize of job (KB)
...
006 (78854906.017.000) 2026-10-04 01:54:31 Image size of job updated: 575264
	562  -  MemoryUsage of job (MB)
	575240  -  ResidentSetSize of job (KB)
...
006 (78854906.017.000) 2026-10-04 01:59:32 Image size of job updated: 575264
	562  -  MemoryUsage of job (MB)
	575260  -  ResidentSetSize of job (KB)
...
006 (78854906.017.000) 2026-10-04 02:04:32 Image size of job updated: 578296
	564  -  MemoryUsage of job (MB)
	577380  -  ResidentSetSize of job (KB)
...
006 (78854906.017.000) 2026-10-04 02:09:33 Image size of job updated: 578296
	564  -  MemoryUsage of job (MB)
	577404  -  ResidentSetSize of job (KB)
...
006 (78854906.017.000) 2026-10-04 02:14:33 Image size of job updated: 578296
	564  -  MemoryUsage of job (MB)
	577416  -  ResidentSetSize of job (KB)
...
006 (78854906.017.000) 2026-10-04 02:19:33 Image size of job updated: 578296
	564  -  MemoryUsage of job (MB)
	577444  -  ResidentSetSize of job (KB)
...
006 (78854906.017.000) 2026-10-04 02:24:34 Image size of job updated: 578524
	565  -  MemoryUsage of job (MB)
	578524  -  ResidentSetSize of job (KB)
...
006 (78854906.017.000) 2026-10-04 02:29:34 Image size of job updated: 578628
	566  -  MemoryUsage of job (MB)
	578628  -  ResidentSetSize of job (KB)
...
006 (78854906.017.000) 2026-10-04 02:34:34 Image size of job updated: 579668
	567  -  MemoryUsage of job (MB)
	579668  -  ResidentSetSize of job (KB)
...
006 (78854906.017.000) 2026-10-04 02:39:35 Image size of job updated: 579728
	567  -  MemoryUsage of job (MB)
	579728  -  ResidentSetSize of job (KB)
...
006 (78854906.017.000) 2026-10-04 02:44:35 Image size of job updated: 579756
	567  -  MemoryUsage of job (MB)
	579756  -  ResidentSetSize of job (KB)
...
006 (78854906.017.000) 2026-10-04 02:49:36 Image size of job updated: 579764
	567  -  MemoryUsage of job (MB)
	579764  -  ResidentSetSize of job (KB)
...
006 (78854906.017.000) 2026-10-04 02:54:37 Image size of job updated: 579772
	567  -  MemoryUsage of job (MB)
	579772  -  ResidentSetSize of job (KB)
...
006 (78854906.017.000) 2026-10-04 02:59:37 Image size of job updated: 581636
	569  -  MemoryUsage of job (MB)
	581636  -  ResidentSetSize of job (KB)
...
006 (78854906.017.000) 2026-10-04 03:04:38 Image size of job updated: 581660
	569  -  MemoryUsage of job (MB)
	581660  -  ResidentSetSize of job (KB)
...
006 (78854906.017.000) 2026-10-04 03:09:38 Image size of job updated: 582852
	570  -  MemoryUsage of job (MB)
	582852  -  ResidentSetSize of job (KB)
...
006 (78854906.017.000) 2026-10-04 03:14:38 Image size of job updated: 582868
	570  -  MemoryUsage of job (MB)
	582868  -  ResidentSetSize of job (KB)
...
006 (78854906.017.000) 2026-10-04 03:19:39 Image size of job updated: 582880
	570  -  MemoryUsage of job (MB)
	582880  -  ResidentSetSize of job (KB)
...
006 (78854906.017.000) 2026-10-04 03:24:39 Image size of job updated: 582892
	570  -  MemoryUsage of job (MB)
	582892  -  ResidentSetSize of job (KB)
...
006 (78854906.017.000) 2026-10-04 03:29:40 Image size of job updated: 583912
	571  -  MemoryUsage of job (MB)
	583912  -  ResidentSetSize of job (KB)
...
006 (78854906.017.000) 2026-10-04 03:34:41 Image size of job updated: 583960
	571  -  MemoryUsage of job (MB)
	583960  -  ResidentSetSize of job (KB)
...
006 (78854906.017.000) 2026-10-04 03:39:41 Image size of job updated: 584024
	571  -  MemoryUsage of job (MB)
	584024  -  ResidentSetSize of job (KB)
...
006 (78854906.017.000) 2026-10-04 03:44:42 Image size of job updated: 584056
	571  -  MemoryUsage of job (MB)
	584056  -  ResidentSetSize of job (KB)
...
006 (78854906.017.000) 2026-10-04 03:49:42 Image size of job updated: 585092
	572  -  MemoryUsage of job (MB)
	585092  -  ResidentSetSize of job (KB)
...
006 (78854906.017.000) 2026-10-04 03:54:42 Image size of job updated: 585116
	572  -  MemoryUsage of job (MB)
	585116  -  ResidentSetSize of job (KB)
...
006 (78854906.017.000) 2026-10-04 03:59:43 Image size of job updated: 594044
	581  -  MemoryUsage of job (MB)
	594044  -  ResidentSetSize of job (KB)
...
006 (78854906.017.000) 2026-10-04 04:04:43 Image size of job updated: 594056
	581  -  MemoryUsage of job (MB)
	594056  -  ResidentSetSize of job (KB)
...
006 (78854906.017.000) 2026-10-04 04:09:43 Image size of job updated: 594072
	581  -  MemoryUsage of job (MB)
	594072  -  ResidentSetSize of job (KB)
...
006 (78854906.017.000) 2026-10-04 04:14:44 Image size of job updated: 596112
	583  -  MemoryUsage of job (MB)
	596112  -  ResidentSetSize of job (KB)
...
006 (78854906.017.000) 2026-10-04 04:19:44 Image size of job updated: 596144
	583  -  MemoryUsage of job (MB)
	596144  -  ResidentSetSize of job (KB)
...
006 (78854906.017.000) 2026-10-04 04:24:45 Image size of job updated: 597152
	583  -  MemoryUsage of job (MB)
	596152  -  ResidentSetSize of job (KB)
...
006 (78854906.017.000) 2026-10-04 04:29:46 Image size of job updated: 597152
	583  -  MemoryUsage of job (MB)
	596204  -  ResidentSetSize of job (KB)
...
006 (78854906.017.000) 2026-10-04 04:34:46 Image size of job updated: 598216
	583  -  MemoryUsage of job (MB)
	596212  -  ResidentSetSize of job (KB)
...
006 (78854906.017.000) 2026-10-04 04:39:47 Image size of job updated: 598216
	583  -  MemoryUsage of job (MB)
	596248  -  ResidentSetSize of job (KB)
...
006 (78854906.017.000) 2026-10-04 04:44:47 Image size of job updated: 598216
	583  -  MemoryUsage of job (MB)
	596292  -  ResidentSetSize of job (KB)
...
006 (78854906.017.000) 2026-10-04 04:49:47 Image size of job updated: 598216
	583  -  MemoryUsage of job (MB)
	596348  -  ResidentSetSize of job (KB)
...
006 (78854906.017.000) 2026-10-04 04:54:48 Image size of job updated: 598216
	584  -  MemoryUsage of job (MB)
	597356  -  ResidentSetSize of job (KB)
...
006 (78854906.017.000) 2026-10-04 04:59:48 Image size of job updated: 598216
	584  -  MemoryUsage of job (MB)
	597368  -  ResidentSetSize of job (KB)
...
006 (78854906.017.000) 2026-10-04 05:04:49 Image size of job updated: 600396
	586  -  MemoryUsage of job (MB)
	599404  -  ResidentSetSize of job (KB)
...
006 (78854906.017.000) 2026-10-04 05:09:50 Image size of job updated: 600396
	586  -  MemoryUsage of job (MB)
	599428  -  ResidentSetSize of job (KB)
...
006 (78854906.017.000) 2026-10-04 05:14:50 Image size of job updated: 600396
	586  -  MemoryUsage of job (MB)
	599432  -  ResidentSetSize of job (KB)
...
006 (78854906.017.000) 2026-10-04 05:19:51 Image size of job updated: 600448
	587  -  MemoryUsage of job (MB)
	600448  -  ResidentSetSize of job (KB)
...
006 (78854906.017.000) 2026-10-04 05:24:51 Image size of job updated: 600468
	587  -  MemoryUsage of job (MB)
	600468  -  ResidentSetSize of job (KB)
...
006 (78854906.017.000) 2026-10-04 05:29:51 Image size of job updated: 600484
	587  -  MemoryUsage of job (MB)
	600484  -  ResidentSetSize of job (KB)
...
006 (78854906.017.000) 2026-10-04 05:34:52 Image size of job updated: 600488
	587  -  MemoryUsage of job (MB)
	600488  -  ResidentSetSize of job (KB)
...
006 (78854906.017.000) 2026-10-04 05:39:52 Image size of job updated: 601536
	588  -  MemoryUsage of job (MB)
	601528  -  ResidentSetSize of job (KB)
...
006 (78854906.017.000) 2026-10-04 05:44:53 Image size of job updated: 601568
	588  -  MemoryUsage of job (MB)
	601568  -  ResidentSetSize of job (KB)
...
006 (78854906.017.000) 2026-10-04 05:49:54 Image size of job updated: 603792
	590  -  MemoryUsage of job (MB)
	603620  -  ResidentSetSize of job (KB)
...
006 (78854906.017.000) 2026-10-04 05:54:54 Image size of job updated: 603792
	590  -  MemoryUsage of job (MB)
	603636  -  ResidentSetSize of job (KB)
...
006 (78854906.017.000) 2026-10-04 05:59:55 Image size of job updated: 618432
	604  -  MemoryUsage of job (MB)
	618432  -  ResidentSetSize of job (KB)
...
006 (78854906.017.000) 2026-10-04 06:04:55 Image size of job updated: 618448
	604  -  MemoryUsage of job (MB)
	618448  -  ResidentSetSize of job (KB)
...
006 (78854906.017.000) 2026-10-04 06:09:55 Image size of job updated: 618452
	604  -  MemoryUsage of job (MB)
	618452  -  ResidentSetSize of job (KB)
...
006 (78854906.017.000) 2026-10-04 06:34:57 Image size of job updated: 618464
	604  -  MemoryUsage of job (MB)
	618464  -  ResidentSetSize of job (KB)
...
006 (78854906.017.000) 2026-10-04 06:44:59 Image size of job updated: 621488
	605  -  MemoryUsage of job (MB)
	619472  -  ResidentSetSize of job (KB)
...
006 (78854906.017.000) 2026-10-04 06:55:00 Image size of job updated: 621488
	606  -  MemoryUsage of job (MB)
	620480  -  ResidentSetSize of job (KB)
...
006 (78854906.017.000) 2026-10-04 07:00:00 Image size of job updated: 621488
	606  -  MemoryUsage of job (MB)
	620484  -  ResidentSetSize of job (KB)
...
006 (78854906.017.000) 2026-10-04 07:05:00 Image size of job updated: 621488
	606  -  MemoryUsage of job (MB)
	620488  -  ResidentSetSize of job (KB)
...
006 (78854906.017.000) 2026-10-04 07:10:01 Image size of job updated: 621488
	606  -  MemoryUsage of job (MB)
	620508  -  ResidentSetSize of job (KB)
...
006 (78854906.017.000) 2026-10-04 07:15:01 Image size of job updated: 621488
	606  -  MemoryUsage of job (MB)
	620512  -  ResidentSetSize of job (KB)
...
006 (78854906.017.000) 2026-10-04 07:20:02 Image size of job updated: 622532
	608  -  MemoryUsage of job (MB)
	622532  -  ResidentSetSize of job (KB)
...
006 (78854906.017.000) 2026-10-04 07:30:03 Image size of job updated: 622536
	608  -  MemoryUsage of job (MB)
	622536  -  ResidentSetSize of job (KB)
...
006 (78854906.017.000) 2026-10-04 07:35:04 Image size of job updated: 622540
	608  -  MemoryUsage of job (MB)
	622540  -  ResidentSetSize of job (KB)
...
006 (78854906.017.000) 2026-10-04 07:40:04 Image size of job updated: 623548
	609  -  MemoryUsage of job (MB)
	623548  -  ResidentSetSize of job (KB)
...
006 (78854906.017.000) 2026-10-04 07:45:04 Image size of job updated: 623808
	610  -  MemoryUsage of job (MB)
	623808  -  ResidentSetSize of job (KB)
...
006 (78854906.017.000) 2026-10-04 07:50:05 Image size of job updated: 624820
	611  -  MemoryUsage of job (MB)
	624820  -  ResidentSetSize of job (KB)
...
006 (78854906.017.000) 2026-10-04 08:00:05 Image size of job updated: 626836
	613  -  MemoryUsage of job (MB)
	626836  -  ResidentSetSize of job (KB)
...
006 (78854906.017.000) 2026-10-04 08:05:06 Image size of job updated: 626840
	613  -  MemoryUsage of job (MB)
	626840  -  ResidentSetSize of job (KB)
...
006 (78854906.017.000) 2026-10-04 08:15:07 Image size of job updated: 626844
	613  -  MemoryUsage of job (MB)
	626844  -  ResidentSetSize of job (KB)
...
006 (78854906.017.000) 2026-10-04 08:20:08 Image size of job updated: 626848
	613  -  MemoryUsage of job (MB)
	626848  -  ResidentSetSize of job (KB)
...
006 (78854906.017.000) 2026-10-04 08:30:09 Image size of job updated: 626852
	613  -  MemoryUsage of job (MB)
	626852  -  ResidentSetSize of job (KB)
...
006 (78854906.017.000) 2026-10-04 08:35:09 Image size of job updated: 626860
	613  -  MemoryUsage of job (MB)
	626860  -  ResidentSetSize of job (KB)
...
006 (78854906.017.000) 2026-10-04 08:40:09 Image size of job updated: 626880
	613  -  MemoryUsage of job (MB)
	626880  -  ResidentSetSize of job (KB)
...
006 (78854906.017.000) 2026-10-04 08:45:10 Image size of job updated: 627892
	613  -  MemoryUsage of job (MB)
	626884  -  ResidentSetSize of job (KB)
...
006 (78854906.017.000) 2026-10-04 08:50:10 Image size of job updated: 627892
	613  -  MemoryUsage of job (MB)
	626900  -  ResidentSetSize of job (KB)
...
006 (78854906.017.000) 2026-10-04 09:00:12 Image size of job updated: 628448
	614  -  MemoryUsage of job (MB)
	628444  -  ResidentSetSize of job (KB)
...
006 (78854906.017.000) 2026-10-04 09:10:13 Image size of job updated: 629928
	616  -  MemoryUsage of job (MB)
	629928  -  ResidentSetSize of job (KB)
...
006 (78854906.017.000) 2026-10-04 09:30:14 Image size of job updated: 630968
	617  -  MemoryUsage of job (MB)
	630968  -  ResidentSetSize of job (KB)
...
006 (78854906.017.000) 2026-10-04 09:40:15 Image size of job updated: 631020
	617  -  MemoryUsage of job (MB)
	631020  -  ResidentSetSize of job (KB)
...
006 (78854906.017.000) 2026-10-04 09:45:15 Image size of job updated: 631024
	617  -  MemoryUsage of job (MB)
	631024  -  ResidentSetSize of job (KB)
...
006 (78854906.017.000) 2026-10-04 09:50:16 Image size of job updated: 632000
	618  -  MemoryUsage of job (MB)
	632000  -  ResidentSetSize of job (KB)
...
006 (78854906.017.000) 2026-10-04 10:05:17 Image size of job updated: 633024
	618  -  MemoryUsage of job (MB)
	632000  -  ResidentSetSize of job (KB)
...
006 (78854906.017.000) 2026-10-04 10:15:18 Image size of job updated: 633024
	618  -  MemoryUsage of job (MB)
	632052  -  ResidentSetSize of job (KB)
...
006 (78854906.017.000) 2026-10-04 10:20:19 Image size of job updated: 633024
	618  -  MemoryUsage of job (MB)
	632056  -  ResidentSetSize of job (KB)
...
006 (78854906.017.000) 2026-10-04 10:25:19 Image size of job updated: 647604
	633  -  MemoryUsage of job (MB)
	647604  -  ResidentSetSize of job (KB)
...
006 (78854906.017.000) 2026-10-04 10:35:20 Image size of job updated: 647608
	633  -  MemoryUsage of job (MB)
	647604  -  ResidentSetSize of job (KB)
...
006 (78854906.017.000) 2026-10-04 11:40:27 Image size of job updated: 661688
	646  -  MemoryUsage of job (MB)
	660680  -  ResidentSetSize of job (KB)
...
006 (78854906.017.000) 2026-10-04 11:50:28 Image size of job updated: 662692
	647  -  MemoryUsage of job (MB)
	661668  -  ResidentSetSize of job (KB)
...
006 (78854906.017.000) 2026-10-04 11:55:28 Image size of job updated: 662692
	647  -  MemoryUsage of job (MB)
	661672  -  ResidentSetSize of job (KB)
...
006 (78854906.017.000) 2026-10-04 12:10:29 Image size of job updated: 662692
	647  -  MemoryUsage of job (MB)
	661676  -  ResidentSetSize of job (KB)
...
006 (78854906.017.000) 2026-10-04 12:15:30 Image size of job updated: 662692
	648  -  MemoryUsage of job (MB)
	662684  -  ResidentSetSize of job (KB)
...
006 (78854906.017.000) 2026-10-04 12:25:31 Image size of job updated: 663712
	648  -  MemoryUsage of job (MB)
	662688  -  ResidentSetSize of job (KB)
...
006 (78854906.017.000) 2026-10-04 12:30:32 Image size of job updated: 663712
	648  -  MemoryUsage of job (MB)
	662976  -  ResidentSetSize of job (KB)
...
006 (78854906.017.000) 2026-10-04 12:35:32 Image size of job updated: 663952
	649  -  MemoryUsage of job (MB)
	663952  -  ResidentSetSize of job (KB)
...
006 (78854906.017.000) 2026-10-04 12:50:33 Image size of job updated: 665016
	649  -  MemoryUsage of job (MB)
	664000  -  ResidentSetSize of job (KB)
...
006 (78854906.017.000) 2026-10-04 13:00:35 Image size of job updated: 666048
	650  -  MemoryUsage of job (MB)
	665024  -  ResidentSetSize of job (KB)
...
006 (78854906.017.000) 2026-10-04 13:10:36 Image size of job updated: 666048
	651  -  MemoryUsage of job (MB)
	666040  -  ResidentSetSize of job (KB)
...
006 (78854906.017.000) 2026-10-04 13:20:37 Image size of job updated: 667032
	652  -  MemoryUsage of job (MB)
	667032  -  ResidentSetSize of job (KB)
...
006 (78854906.017.000) 2026-10-04 13:25:38 Image size of job updated: 667036
	652  -  MemoryUsage of job (MB)
	667036  -  ResidentSetSize of job (KB)
...
006 (78854906.017.000) 2026-10-04 13:30:38 Image size of job updated: 667248
	652  -  MemoryUsage of job (MB)
	667248  -  ResidentSetSize of job (KB)
...
006 (78854906.017.000) 2026-10-04 13:35:38 Image size of job updated: 668288
	653  -  MemoryUsage of job (MB)
	668288  -  ResidentSetSize of job (KB)
...
006 (78854906.017.000) 2026-10-04 13:44:49 Image size of job updated: 669416
	653  -  MemoryUsage of job (MB)
	668288  -  ResidentSetSize of job (KB)
...
004 (78854906.017.000) 2026-10-04 13:44:49 Job was evicted. Code 1023 Subcode 0
	(0) CPU times
		Usr 6 05:03:59, Sys 0 00:19:52  -  Run Remote Usage
		Usr 0 00:00:00, Sys 0 00:00:00  -  Run Local Usage
	0  -  Run Bytes Sent By Job
	0  -  Run Bytes Received By Job
	Reason: via condor_rm (by user pratyusava.baral)
	Partitionable Resources :    Usage  Request Allocated 
	   Cpus                 :    15.66        4         4 
	   Disk (KB)            : 25000       25000     28672 
	   GPUs                 :                           0 
	   Memory (MB)          :   653        6000      6016 
	   TimeExecute (s)      : 57954                       
	   TimeSlotBusy (s)     : 57964                       
...
009 (78854906.017.000) 2026-10-04 13:44:49 Job was aborted.
	via condor_rm (by user pratyusava.baral)
...
000 (78855135.017.000) 2026-10-04 13:44:55 Job submitted from host: <10.14.0.121:9618?addrs=10.14.0.121-9618&alias=ldas-pcdev12.ligo.caltech.edu&noUDP&sock=schedd_623140_c9b4>
...
001 (78855135.017.000) 2026-10-04 13:49:17 Job executing on host: <10.14.5.143:9618?addrs=10.14.5.143-9618&alias=node1143.cluster.ldas.cit&noUDP&sock=startd_690514_bf7b>
	SlotName: slot1_1@node1143.cluster.ldas.cit
	CondorScratchDir = "/var/lib/condor/execute/dir_1338970/scratch"
	Cpus = 4
	Disk = 28672
	GPUs = 0
	Memory = 6016
...
006 (78855135.017.000) 2026-10-04 13:49:26 Image size of job updated: 403012
	394  -  MemoryUsage of job (MB)
	403012  -  ResidentSetSize of job (KB)
...
006 (78855135.017.000) 2026-10-04 13:54:27 Image size of job updated: 427040
	418  -  MemoryUsage of job (MB)
	427040  -  ResidentSetSize of job (KB)
...
006 (78855135.017.000) 2026-10-04 13:59:27 Image size of job updated: 576216
	563  -  MemoryUsage of job (MB)
	576216  -  ResidentSetSize of job (KB)
...
006 (78855135.017.000) 2026-10-04 14:04:28 Image size of job updated: 577192
	564  -  MemoryUsage of job (MB)
	577192  -  ResidentSetSize of job (KB)
...
006 (78855135.017.000) 2026-10-04 14:09:29 Image size of job updated: 619140
	600  -  MemoryUsage of job (MB)
	613640  -  ResidentSetSize of job (KB)
...
006 (78855135.017.000) 2026-10-04 14:14:29 Image size of job updated: 619140
	600  -  MemoryUsage of job (MB)
	614076  -  ResidentSetSize of job (KB)
...
006 (78855135.017.000) 2026-10-04 14:19:29 Image size of job updated: 623392
	600  -  MemoryUsage of job (MB)
	614376  -  ResidentSetSize of job (KB)
...
006 (78855135.017.000) 2026-10-04 14:24:30 Image size of job updated: 623392
	601  -  MemoryUsage of job (MB)
	614640  -  ResidentSetSize of job (KB)
...
006 (78855135.017.000) 2026-10-04 14:29:30 Image size of job updated: 623392
	609  -  MemoryUsage of job (MB)
	622768  -  ResidentSetSize of job (KB)
...
006 (78855135.017.000) 2026-10-04 14:34:30 Image size of job updated: 623392
	609  -  MemoryUsage of job (MB)
	622916  -  ResidentSetSize of job (KB)
...
006 (78855135.017.000) 2026-10-04 14:39:31 Image size of job updated: 625684
	609  -  MemoryUsage of job (MB)
	622916  -  ResidentSetSize of job (KB)
...
006 (78855135.017.000) 2026-10-04 14:54:32 Image size of job updated: 644252
	629  -  MemoryUsage of job (MB)
	643420  -  ResidentSetSize of job (KB)
...
006 (78855135.017.000) 2026-10-04 14:59:33 Image size of job updated: 644252
	629  -  MemoryUsage of job (MB)
	643520  -  ResidentSetSize of job (KB)
...
006 (78855135.017.000) 2026-10-04 15:04:33 Image size of job updated: 644252
	630  -  MemoryUsage of job (MB)
	644236  -  ResidentSetSize of job (KB)
...
006 (78855135.017.000) 2026-10-04 15:09:34 Image size of job updated: 644328
	630  -  MemoryUsage of job (MB)
	644328  -  ResidentSetSize of job (KB)
...
006 (78855135.017.000) 2026-10-04 15:14:35 Image size of job updated: 644444
	630  -  MemoryUsage of job (MB)
	644444  -  ResidentSetSize of job (KB)
...
006 (78855135.017.000) 2026-10-04 15:19:35 Image size of job updated: 644608
	630  -  MemoryUsage of job (MB)
	644608  -  ResidentSetSize of job (KB)
...
006 (78855135.017.000) 2026-10-04 15:24:35 Image size of job updated: 648980
	633  -  MemoryUsage of job (MB)
	648064  -  ResidentSetSize of job (KB)
...
006 (78855135.017.000) 2026-10-04 15:29:36 Image size of job updated: 648980
	633  -  MemoryUsage of job (MB)
	648176  -  ResidentSetSize of job (KB)
...
006 (78855135.017.000) 2026-10-04 15:34:36 Image size of job updated: 649092
	633  -  MemoryUsage of job (MB)
	648176  -  ResidentSetSize of job (KB)
...
006 (78855135.017.000) 2026-10-04 15:49:38 Image size of job updated: 652520
	635  -  MemoryUsage of job (MB)
	649956  -  ResidentSetSize of job (KB)
...
006 (78855135.017.000) 2026-10-04 15:54:38 Image size of job updated: 652520
	635  -  MemoryUsage of job (MB)
	650220  -  ResidentSetSize of job (KB)
...
006 (78855135.017.000) 2026-10-04 15:59:39 Image size of job updated: 652896
	638  -  MemoryUsage of job (MB)
	652788  -  ResidentSetSize of job (KB)
...
006 (78855135.017.000) 2026-10-04 16:09:18 Image size of job updated: 652932
	638  -  MemoryUsage of job (MB)
	652932  -  ResidentSetSize of job (KB)
...
022 (78855135.017.000) 2026-10-04 16:16:36 Job disconnected, attempting to reconnect
    Socket between submit and execute hosts closed unexpectedly
    Trying to reconnect to slot1_1@node1143.cluster.ldas.cit <10.14.5.143:9618?addrs=10.14.5.143-9618&alias=node1143.cluster.ldas.cit&noUDP&sock=startd_690514_bf7b>
...
023 (78855135.017.000) 2026-10-04 16:16:36 Job reconnected to slot1_1@node1143.cluster.ldas.cit
    startd address: <10.14.5.143:9618?addrs=10.14.5.143-9618&alias=node1143.cluster.ldas.cit&noUDP&sock=startd_690514_bf7b>
    starter address: <10.14.5.143:9618?addrs=10.14.5.143-9618&alias=node1143.cluster.ldas.cit&noUDP&sock=slot1_1_690556_ec2a_12633>
...
006 (78855135.017.000) 2026-10-04 16:23:13 Image size of job updated: 655536
	640  -  MemoryUsage of job (MB)
	654732  -  ResidentSetSize of job (KB)
...
006 (78855135.017.000) 2026-10-04 16:34:21 Image size of job updated: 657992
	641  -  MemoryUsage of job (MB)
	656004  -  ResidentSetSize of job (KB)
...
006 (78855135.017.000) 2026-10-04 16:41:02 Image size of job updated: 658648
	643  -  MemoryUsage of job (MB)
	657624  -  ResidentSetSize of job (KB)
...
006 (78855135.017.000) 2026-10-04 16:46:03 Image size of job updated: 658648
	643  -  MemoryUsage of job (MB)
	657648  -  ResidentSetSize of job (KB)
...
006 (78855135.017.000) 2026-10-04 16:51:03 Image size of job updated: 661232
	645  -  MemoryUsage of job (MB)
	660224  -  ResidentSetSize of job (KB)
...
006 (78855135.017.000) 2026-10-04 16:56:04 Image size of job updated: 661232
	645  -  MemoryUsage of job (MB)
	660272  -  ResidentSetSize of job (KB)
...
006 (78855135.017.000) 2026-10-04 17:01:05 Image size of job updated: 661232
	645  -  MemoryUsage of job (MB)
	660388  -  ResidentSetSize of job (KB)
...
006 (78855135.017.000) 2026-10-04 17:06:05 Image size of job updated: 662964
	648  -  MemoryUsage of job (MB)
	662964  -  ResidentSetSize of job (KB)
...
006 (78855135.017.000) 2026-10-04 17:11:05 Image size of job updated: 663036
	648  -  MemoryUsage of job (MB)
	663036  -  ResidentSetSize of job (KB)
...
006 (78855135.017.000) 2026-10-04 17:16:06 Image size of job updated: 663996
	649  -  MemoryUsage of job (MB)
	663996  -  ResidentSetSize of job (KB)
...
006 (78855135.017.000) 2026-10-04 17:21:06 Image size of job updated: 664020
	649  -  MemoryUsage of job (MB)
	664020  -  ResidentSetSize of job (KB)
...
006 (78855135.017.000) 2026-10-04 17:26:06 Image size of job updated: 664308
	649  -  MemoryUsage of job (MB)
	664308  -  ResidentSetSize of job (KB)
...
006 (78855135.017.000) 2026-10-04 17:31:07 Image size of job updated: 664452
	649  -  MemoryUsage of job (MB)
	664452  -  ResidentSetSize of job (KB)
...
006 (78855135.017.000) 2026-10-04 17:36:07 Image size of job updated: 665284
	650  -  MemoryUsage of job (MB)
	665284  -  ResidentSetSize of job (KB)
...
006 (78855135.017.000) 2026-10-04 17:41:07 Image size of job updated: 665288
	650  -  MemoryUsage of job (MB)
	665284  -  ResidentSetSize of job (KB)
...
006 (78855135.017.000) 2026-10-04 18:01:10 Image size of job updated: 666460
	650  -  MemoryUsage of job (MB)
	665492  -  ResidentSetSize of job (KB)
...
006 (78855135.017.000) 2026-10-04 18:06:11 Image size of job updated: 666460
	650  -  MemoryUsage of job (MB)
	665504  -  ResidentSetSize of job (KB)
...
006 (78855135.017.000) 2026-10-04 18:11:11 Image size of job updated: 666524
	650  -  MemoryUsage of job (MB)
	665504  -  ResidentSetSize of job (KB)
...
006 (78855135.017.000) 2026-10-04 18:21:12 Image size of job updated: 666620
	650  -  MemoryUsage of job (MB)
	665504  -  ResidentSetSize of job (KB)
...
006 (78855135.017.000) 2026-10-04 18:36:13 Image size of job updated: 666924
	651  -  MemoryUsage of job (MB)
	665740  -  ResidentSetSize of job (KB)
...
006 (78855135.017.000) 2026-10-04 18:41:13 Image size of job updated: 666924
	651  -  MemoryUsage of job (MB)
	665756  -  ResidentSetSize of job (KB)
...
006 (78855135.017.000) 2026-10-04 18:46:13 Image size of job updated: 667532
	651  -  MemoryUsage of job (MB)
	666552  -  ResidentSetSize of job (KB)
...
006 (78855135.017.000) 2026-10-04 18:51:14 Image size of job updated: 667532
	651  -  MemoryUsage of job (MB)
	666588  -  ResidentSetSize of job (KB)
...
006 (78855135.017.000) 2026-10-04 18:56:15 Image size of job updated: 668008
	653  -  MemoryUsage of job (MB)
	668008  -  ResidentSetSize of job (KB)
...
006 (78855135.017.000) 2026-10-04 19:01:15 Image size of job updated: 668056
	653  -  MemoryUsage of job (MB)
	668056  -  ResidentSetSize of job (KB)
...
006 (78855135.017.000) 2026-10-04 19:06:16 Image size of job updated: 669968
	655  -  MemoryUsage of job (MB)
	669968  -  ResidentSetSize of job (KB)
...
006 (78855135.017.000) 2026-10-04 19:11:17 Image size of job updated: 670068
	655  -  MemoryUsage of job (MB)
	670068  -  ResidentSetSize of job (KB)
...
006 (78855135.017.000) 2026-10-04 19:16:17 Image size of job updated: 671100
	655  -  MemoryUsage of job (MB)
	670076  -  ResidentSetSize of job (KB)
...
006 (78855135.017.000) 2026-10-04 19:21:17 Image size of job updated: 671100
	655  -  MemoryUsage of job (MB)
	670136  -  ResidentSetSize of job (KB)
...
006 (78855135.017.000) 2026-10-04 19:26:18 Image size of job updated: 671220
	655  -  MemoryUsage of job (MB)
	670136  -  ResidentSetSize of job (KB)
...
006 (78855135.017.000) 2026-10-04 19:36:18 Image size of job updated: 671320
	656  -  MemoryUsage of job (MB)
	671284  -  ResidentSetSize of job (KB)
...
006 (78855135.017.000) 2026-10-04 19:41:19 Image size of job updated: 671320
	656  -  MemoryUsage of job (MB)
	671312  -  ResidentSetSize of job (KB)
...
006 (78855135.017.000) 2026-10-04 19:46:19 Image size of job updated: 671332
	656  -  MemoryUsage of job (MB)
	671332  -  ResidentSetSize of job (KB)
...
006 (78855135.017.000) 2026-10-04 19:51:19 Image size of job updated: 672340
	656  -  MemoryUsage of job (MB)
	671344  -  ResidentSetSize of job (KB)
...
006 (78855135.017.000) 2026-10-04 19:56:20 Image size of job updated: 672340
	656  -  MemoryUsage of job (MB)
	671360  -  ResidentSetSize of job (KB)
...
006 (78855135.017.000) 2026-10-04 20:01:21 Image size of job updated: 672396
	656  -  MemoryUsage of job (MB)
	671376  -  ResidentSetSize of job (KB)
...
006 (78855135.017.000) 2026-10-04 20:06:21 Image size of job updated: 672396
	656  -  MemoryUsage of job (MB)
	671380  -  ResidentSetSize of job (KB)
...
006 (78855135.017.000) 2026-10-04 20:11:22 Image size of job updated: 673444
	656  -  MemoryUsage of job (MB)
	671380  -  ResidentSetSize of job (KB)
...
006 (78855135.017.000) 2026-10-04 20:21:23 Image size of job updated: 673444
	658  -  MemoryUsage of job (MB)
	673036  -  ResidentSetSize of job (KB)
...
006 (78855135.017.000) 2026-10-04 20:26:24 Image size of job updated: 673444
	658  -  MemoryUsage of job (MB)
	673084  -  ResidentSetSize of job (KB)
...
006 (78855135.017.000) 2026-10-04 20:31:25 Image size of job updated: 674612
	658  -  MemoryUsage of job (MB)
	673084  -  ResidentSetSize of job (KB)
...
006 (78855135.017.000) 2026-10-04 20:46:26 Image size of job updated: 674700
	658  -  MemoryUsage of job (MB)
	673716  -  ResidentSetSize of job (KB)
...
006 (78855135.017.000) 2026-10-04 20:51:26 Image size of job updated: 674700
	658  -  MemoryUsage of job (MB)
	673736  -  ResidentSetSize of job (KB)
...
006 (78855135.017.000) 2026-10-04 20:56:26 Image size of job updated: 674700
	659  -  MemoryUsage of job (MB)
	674388  -  ResidentSetSize of job (KB)
...
006 (78855135.017.000) 2026-10-04 21:01:27 Image size of job updated: 674700
	659  -  MemoryUsage of job (MB)
	674396  -  ResidentSetSize of job (KB)
...
006 (78855135.017.000) 2026-10-04 21:06:28 Image size of job updated: 675828
	660  -  MemoryUsage of job (MB)
	674820  -  ResidentSetSize of job (KB)
...
006 (78855135.017.000) 2026-10-04 21:11:28 Image size of job updated: 675828
	660  -  MemoryUsage of job (MB)
	674836  -  ResidentSetSize of job (KB)
...
006 (78855135.017.000) 2026-10-04 21:16:29 Image size of job updated: 675828
	660  -  MemoryUsage of job (MB)
	674852  -  ResidentSetSize of job (KB)
...
006 (78855135.017.000) 2026-10-04 21:21:30 Image size of job updated: 675880
	661  -  MemoryUsage of job (MB)
	675880  -  ResidentSetSize of job (KB)
...
006 (78855135.017.000) 2026-10-04 21:31:31 Image size of job updated: 676888
	661  -  MemoryUsage of job (MB)
	675880  -  ResidentSetSize of job (KB)
...
006 (78855135.017.000) 2026-10-04 22:01:33 Image size of job updated: 676928
	661  -  MemoryUsage of job (MB)
	675880  -  ResidentSetSize of job (KB)
...
006 (78855135.017.000) 2026-10-04 22:26:37 Image size of job updated: 677268
	662  -  MemoryUsage of job (MB)
	677268  -  ResidentSetSize of job (KB)
...
006 (78855135.017.000) 2026-10-04 22:31:37 Image size of job updated: 678076
	663  -  MemoryUsage of job (MB)
	678076  -  ResidentSetSize of job (KB)
...
006 (78855135.017.000) 2026-10-04 22:36:37 Image size of job updated: 678096
	663  -  MemoryUsage of job (MB)
	678076  -  ResidentSetSize of job (KB)
...
006 (78855135.017.000) 2026-10-04 22:46:38 Image size of job updated: 679220
	663  -  MemoryUsage of job (MB)
	678200  -  ResidentSetSize of job (KB)
...
006 (78855135.017.000) 2026-10-04 22:51:38 Image size of job updated: 679220
	663  -  MemoryUsage of job (MB)
	678208  -  ResidentSetSize of job (KB)
...
006 (78855135.017.000) 2026-10-04 23:11:40 Image size of job updated: 679220
	664  -  MemoryUsage of job (MB)
	679036  -  ResidentSetSize of job (KB)
...
006 (78855135.017.000) 2026-10-04 23:16:41 Image size of job updated: 679224
	664  -  MemoryUsage of job (MB)
	679224  -  ResidentSetSize of job (KB)
...
006 (78855135.017.000) 2026-10-04 23:21:41 Image size of job updated: 691204
	664  -  MemoryUsage of job (MB)
	679224  -  ResidentSetSize of job (KB)
...
006 (78855135.017.000) 2026-10-04 23:51:44 Image size of job updated: 700344
	664  -  MemoryUsage of job (MB)
	679224  -  ResidentSetSize of job (KB)
...
006 (78855135.017.000) 2026-10-05 00:16:46 Image size of job updated: 700344
	674  -  MemoryUsage of job (MB)
	689696  -  ResidentSetSize of job (KB)
...
006 (78855135.017.000) 2026-10-05 00:21:47 Image size of job updated: 700344
	674  -  MemoryUsage of job (MB)
	689712  -  ResidentSetSize of job (KB)
...
006 (78855135.017.000) 2026-10-05 01:46:56 Image size of job updated: 704752
	674  -  MemoryUsage of job (MB)
	689712  -  ResidentSetSize of job (KB)
...
006 (78855135.017.000) 2026-10-05 02:32:01 Image size of job updated: 704752
	688  -  MemoryUsage of job (MB)
	703556  -  ResidentSetSize of job (KB)
...
006 (78855135.017.000) 2026-10-05 02:42:02 Image size of job updated: 708284
	688  -  MemoryUsage of job (MB)
	703556  -  ResidentSetSize of job (KB)
...
005 (78855135.017.000) 2026-10-05 04:53:24 Job terminated.
	(1) Normal termination (return value 0)
		Usr 4 02:37:14, Sys 0 00:05:18  -  Run Remote Usage
		Usr 0 00:00:00, Sys 0 00:00:00  -  Run Local Usage
		Usr 4 02:37:14, Sys 0 00:05:18  -  Total Remote Usage
		Usr 0 00:00:00, Sys 0 00:00:00  -  Total Local Usage
	0  -  Run Bytes Sent By Job
	0  -  Run Bytes Received By Job
	0  -  Total Bytes Sent By Job
	0  -  Total Bytes Received By Job
	Partitionable Resources :    Usage  Request Allocated 
	   Cpus                 :     4.84        4         4 
	   Disk (KB)            : 25000       25000     28672 
	   GPUs                 :                           0 
	   Memory (MB)          :   688        6000      6016 
	   TimeExecute (s)      : 54247                       
	   TimeSlotBusy (s)     : 54247                       
...
