000 (78851234.002.000) 2026-09-30 12:35:31 Job submitted from host: <10.14.0.121:9618?addrs=10.14.0.121-9618&alias=ldas-pcdev12.ligo.caltech.edu&noUDP&sock=schedd_623140_c9b4>
...
001 (78851234.002.000) 2026-09-30 12:35:59 Job executing on host: <10.14.4.71:9618?addrs=10.14.4.71-9618&alias=node821.cluster.ldas.cit&noUDP&sock=startd_911458_f464>
	SlotName: slot1_18@node821.cluster.ldas.cit
	CondorScratchDir = "/var/lib/condor/execute/dir_1042404/scratch"
	Cpus = 4
	Disk = 28672
	GPUs = 0
	Memory = 6016
...
006 (78851234.002.000) 2026-09-30 12:36:07 Image size of job updated: 150140
	147  -  MemoryUsage of job (MB)
	150140  -  ResidentSetSize of job (KB)
...
006 (78851234.002.000) 2026-09-30 12:41:07 Image size of job updated: 353732
	346  -  MemoryUsage of job (MB)
	353732  -  ResidentSetSize of job (KB)
...
006 (78851234.002.000) 2026-09-30 12:46:08 Image size of job updated: 354332
	347  -  MemoryUsage of job (MB)
	354332  -  ResidentSetSize of job (KB)
...
006 (78851234.002.000) 2026-09-30 12:51:08 Image size of job updated: 455368
	445  -  MemoryUsage of job (MB)
	455368  -  ResidentSetSize of job (KB)
...
006 (78851234.002.000) 2026-09-30 12:56:08 Image size of job updated: 455588
	445  -  MemoryUsage of job (MB)
	455588  -  ResidentSetSize of job (KB)
...
006 (78851234.002.000) 2026-09-30 13:01:09 Image size of job updated: 464656
	454  -  MemoryUsage of job (MB)
	464656  -  ResidentSetSize of job (KB)
...
006 (78851234.002.000) 2026-09-30 13:06:09 Image size of job updated: 464724
	454  -  MemoryUsage of job (MB)
	464724  -  ResidentSetSize of job (KB)
...
006 (78851234.002.000) 2026-09-30 13:11:09 Image size of job updated: 490848
	480  -  MemoryUsage of job (MB)
	490848  -  ResidentSetSize of job (KB)
...
006 (78851234.002.000) 2026-09-30 13:16:10 Image size of job updated: 490928
	480  -  MemoryUsage of job (MB)
	490928  -  ResidentSetSize of job (KB)
...
006 (78851234.002.000) 2026-09-30 13:21:10 Image size of job updated: 504732
	493  -  MemoryUsage of job (MB)
	504732  -  ResidentSetSize of job (KB)
...
006 (78851234.002.000) 2026-09-30 13:26:10 Image size of job updated: 593240
	580  -  MemoryUsage of job (MB)
	593240  -  ResidentSetSize of job (KB)
...
006 (78851234.002.000) 2026-09-30 13:31:11 Image size of job updated: 845460
	826  -  MemoryUsage of job (MB)
	845460  -  ResidentSetSize of job (KB)
...
006 (78851234.002.000) 2026-09-30 13:36:11 Image size of job updated: 1085100
	1060  -  MemoryUsage of job (MB)
	1085100  -  ResidentSetSize of job (KB)
...
006 (78851234.002.000) 2026-09-30 13:41:11 Image size of job updated: 1309596
	1279  -  MemoryUsage of job (MB)
	1309596  -  ResidentSetSize of job (KB)
...
006 (78851234.002.000) 2026-09-30 13:46:12 Image size of job updated: 1562104
	1526  -  MemoryUsage of job (MB)
	1562104  -  ResidentSetSize of job (KB)
...
006 (78851234.002.000) 2026-09-30 13:51:12 Image size of job updated: 1687364
	1648  -  MemoryUsage of job (MB)
	1687364  -  ResidentSetSize of job (KB)
...
006 (78851234.002.000) 2026-09-30 13:56:13 Image size of job updated: 1687424
	1648  -  MemoryUsage of job (MB)
	1687424  -  ResidentSetSize of job (KB)
...
006 (78851234.002.000) 2026-09-30 14:01:14 Image size of job updated: 1687488
	1648  -  MemoryUsage of job (MB)
	1687488  -  ResidentSetSize of job (KB)
...
006 (78851234.002.000) 2026-09-30 14:06:14 Image size of job updated: 1687508
	1648  -  MemoryUsage of job (MB)
	1687508  -  ResidentSetSize of job (KB)
...
006 (78851234.002.000) 2026-09-30 14:11:15 Image size of job updated: 1687544
	1648  -  MemoryUsage of job (MB)
	1687544  -  ResidentSetSize of job (KB)
...
006 (78851234.002.000) 2026-09-30 14:16:16 Image size of job updated: 1687576
	1649  -  MemoryUsage of job (MB)
	1687576  -  ResidentSetSize of job (KB)
...
006 (78851234.002.000) 2026-09-30 14:21:16 Image size of job updated: 1687612
	1649  -  MemoryUsage of job (MB)
	1687612  -  ResidentSetSize of job (KB)
...
006 (78851234.002.000) 2026-09-30 14:26:17 Image size of job updated: 1687632
	1649  -  MemoryUsage of job (MB)
	1687632  -  ResidentSetSize of job (KB)
...
006 (78851234.002.000) 2026-09-30 14:31:18 Image size of job updated: 1687660
	1649  -  MemoryUsage of job (MB)
	1687660  -  ResidentSetSize of job (KB)
...
006 (78851234.002.000) 2026-09-30 14:36:18 Image size of job updated: 1688068
	1649  -  MemoryUsage of job (MB)
	1688068  -  ResidentSetSize of job (KB)
...
006 (78851234.002.000) 2026-09-30 14:41:19 Image size of job updated: 1688084
	1649  -  MemoryUsage of job (MB)
	1688084  -  ResidentSetSize of job (KB)
...
006 (78851234.002.000) 2026-09-30 14:46:19 Image size of job updated: 1690760
	1652  -  MemoryUsage of job (MB)
	1690760  -  ResidentSetSize of job (KB)
...
006 (78851234.002.000) 2026-09-30 14:51:19 Image size of job updated: 1690772
	1652  -  MemoryUsage of job (MB)
	1690772  -  ResidentSetSize of job (KB)
...
006 (78851234.002.000) 2026-09-30 14:56:20 Image size of job updated: 1690796
	1652  -  MemoryUsage of job (MB)
	1690796  -  ResidentSetSize of job (KB)
...
006 (78851234.002.000) 2026-09-30 15:01:20 Image size of job updated: 1690812
	1652  -  MemoryUsage of job (MB)
	1690812  -  ResidentSetSize of job (KB)
...
006 (78851234.002.000) 2026-09-30 15:06:20 Image size of job updated: 1690832
	1652  -  MemoryUsage of job (MB)
	1690832  -  ResidentSetSize of job (KB)
...
006 (78851234.002.000) 2026-09-30 15:11:21 Image size of job updated: 1690848
	1652  -  MemoryUsage of job (MB)
	1690848  -  ResidentSetSize of job (KB)
...
006 (78851234.002.000) 2026-09-30 15:16:21 Image size of job updated: 1690884
	1652  -  MemoryUsage of job (MB)
	1690884  -  ResidentSetSize of job (KB)
...
006 (78851234.002.000) 2026-09-30 15:21:22 Image size of job updated: 1690904
	1652  -  MemoryUsage of job (MB)
	1690904  -  ResidentSetSize of job (KB)
...
006 (78851234.002.000) 2026-09-30 15:26:23 Image size of job updated: 1691208
	1652  -  MemoryUsage of job (MB)
	1691208  -  ResidentSetSize of job (KB)
...
006 (78851234.002.000) 2026-09-30 15:31:23 Image size of job updated: 1691212
	1652  -  MemoryUsage of job (MB)
	1691212  -  ResidentSetSize of job (KB)
...
006 (78851234.002.000) 2026-09-30 15:36:24 Image size of job updated: 1692964
	1654  -  MemoryUsage of job (MB)
	1692964  -  ResidentSetSize of job (KB)
...
006 (78851234.002.000) 2026-09-30 15:41:25 Image size of job updated: 1693008
	1654  -  MemoryUsage of job (MB)
	1693008  -  ResidentSetSize of job (KB)
...
006 (78851234.002.000) 2026-09-30 15:46:25 Image size of job updated: 1694028
	1655  -  MemoryUsage of job (MB)
	1694028  -  ResidentSetSize of job (KB)
...
006 (78851234.002.000) 2026-09-30 15:51:26 Image size of job updated: 1694044
	1655  -  MemoryUsage of job (MB)
	1694044  -  ResidentSetSize of job (KB)
...
006 (78851234.002.000) 2026-09-30 15:56:27 Image size of job updated: 1696788
	1658  -  MemoryUsage of job (MB)
	1696788  -  ResidentSetSize of job (KB)
...
006 (78851234.002.000) 2026-09-30 16:01:27 Image size of job updated: 1696800
	1658  -  MemoryUsage of job (MB)
	1696800  -  ResidentSetSize of job (KB)
...
006 (78851234.002.000) 2026-09-30 16:06:28 Image size of job updated: 1699136
	1660  -  MemoryUsage of job (MB)
	1699136  -  ResidentSetSize of job (KB)
...
006 (78851234.002.000) 2026-09-30 16:11:28 Image size of job updated: 1699144
	1660  -  MemoryUsage of job (MB)
	1699144  -  ResidentSetSize of job (KB)
...
006 (78851234.002.000) 2026-09-30 16:16:28 Image size of job updated: 1701300
	1661  -  MemoryUsage of job (MB)
	1700296  -  ResidentSetSize of job (KB)
...
006 (78851234.002.000) 2026-09-30 16:21:29 Image size of job updated: 1701300
	1661  -  MemoryUsage of job (MB)
	1700308  -  ResidentSetSize of job (KB)
...
006 (78851234.002.000) 2026-09-30 16:26:29 Image size of job updated: 1701300
	1661  -  MemoryUsage of job (MB)
	1700324  -  ResidentSetSize of job (KB)
...
006 (78851234.002.000) 2026-09-30 16:31:29 Image size of job updated: 1701300
	1662  -  MemoryUsage of job (MB)
	1701208  -  ResidentSetSize of job (KB)
...
006 (78851234.002.000) 2026-09-30 16:36:30 Image size of job updated: 1701300
	1662  -  MemoryUsage of job (MB)
	1701216  -  ResidentSetSize of job (KB)
...
006 (78851234.002.000) 2026-09-30 16:41:30 Image size of job updated: 1702228
	1663  -  MemoryUsage of job (MB)
	1702228  -  ResidentSetSize of job (KB)
...
006 (78851234.002.000) 2026-09-30 16:46:31 Image size of job updated: 1702232
	1663  -  MemoryUsage of job (MB)
	1702232  -  ResidentSetSize of job (KB)
...
006 (78851234.002.000) 2026-09-30 16:51:32 Image size of job updated: 1714056
	1674  -  MemoryUsage of job (MB)
	1714056  -  ResidentSetSize of job (KB)
...
006 (78851234.002.000) 2026-09-30 16:56:32 Image size of job updated: 1714068
	1674  -  MemoryUsage of job (MB)
	1714068  -  ResidentSetSize of job (KB)
...
006 (78851234.002.000) 2026-09-30 17:01:33 Image size of job updated: 1715088
	1675  -  MemoryUsage of job (MB)
	1715088  -  ResidentSetSize of job (KB)
...
006 (78851234.002.000) 2026-09-30 17:06:34 Image size of job updated: 1715092
	1675  -  MemoryUsage of job (MB)
	1715092  -  ResidentSetSize of job (KB)
...
006 (78851234.002.000) 2026-09-30 17:11:34 Image size of job updated: 1718120
	1677  -  MemoryUsage of job (MB)
	1717112  -  ResidentSetSize of job (KB)
...
006 (78851234.002.000) 2026-09-30 17:16:35 Image size of job updated: 1718120
	1677  -  MemoryUsage of job (MB)
	1717116  -  ResidentSetSize of job (KB)
...
006 (78851234.002.000) 2026-09-30 17:21:36 Image size of job updated: 1720160
	1678  -  MemoryUsage of job (MB)
	1718148  -  ResidentSetSize of job (KB)
...
006 (78851234.002.000) 2026-09-30 17:26:36 Image size of job updated: 1720160
	1678  -  MemoryUsage of job (MB)
	1718156  -  ResidentSetSize of job (KB)
...
006 (78851234.002.000) 2026-09-30 17:31:37 Image size of job updated: 1723276
	1683  -  MemoryUsage of job (MB)
	1723276  -  ResidentSetSize of job (KB)
...
006 (78851234.002.000) 2026-09-30 17:41:38 Image size of job updated: 1723280
	1683  -  MemoryUsage of job (MB)
	1723280  -  ResidentSetSize of job (KB)
...
006 (78851234.002.000) 2026-09-30 17:51:39 Image size of job updated: 1723288
	1683  -  MemoryUsage of job (MB)
	1723288  -  ResidentSetSize of job (KB)
...
006 (78851234.002.000) 2026-09-30 17:56:39 Image size of job updated: 1723400
	1684  -  MemoryUsage of job (MB)
	1723400  -  ResidentSetSize of job (KB)
...
006 (78851234.002.000) 2026-09-30 18:06:40 Image size of job updated: 1723668
	1684  -  MemoryUsage of job (MB)
	1723668  -  ResidentSetSize of job (KB)
...
006 (78851234.002.000) 2026-09-30 18:16:41 Image size of job updated: 1727328
	1686  -  MemoryUsage of job (MB)
	1726328  -  ResidentSetSize of job (KB)
...
006 (78851234.002.000) 2026-09-30 18:21:41 Image size of job updated: 1727328
	1686  -  MemoryUsage of job (MB)
	1726332  -  ResidentSetSize of job (KB)
...
006 (78851234.002.000) 2026-09-30 18:26:42 Image size of job updated: 1727328
	1686  -  MemoryUsage of job (MB)
	1726336  -  ResidentSetSize of job (KB)
...
006 (78851234.002.000) 2026-09-30 18:31:43 Image size of job updated: 1727328
	1686  -  MemoryUsage of job (MB)
	1726340  -  ResidentSetSize of job (KB)
...
006 (78851234.002.000) 2026-09-30 18:46:45 Image size of job updated: 1727328
	1687  -  MemoryUsage of job (MB)
	1726828  -  ResidentSetSize of job (KB)
...
006 (78851234.002.000) 2026-09-30 19:01:47 Image size of job updated: 1727348
	1687  -  MemoryUsage of job (MB)
	1727348  -  ResidentSetSize of job (KB)
...
006 (78851234.002.000) 2026-09-30 19:31:51 Image size of job updated: 1727356
	1687  -  MemoryUsage of job (MB)
	1727356  -  ResidentSetSize of job (KB)
...
006 (78851234.002.000) 2026-09-30 19:36:51 Image size of job updated: 1727364
	1687  -  MemoryUsage of job (MB)
	1727364  -  ResidentSetSize of job (KB)
...
006 (78851234.002.000) 2026-09-30 19:46:53 Image size of job updated: 1727376
	1687  -  MemoryUsage of job (MB)
	1727376  -  ResidentSetSize of job (KB)
...
006 (78851234.002.000) 2026-09-30 19:51:53 Image size of job updated: 1728100
	1688  -  MemoryUsage of job (MB)
	1728100  -  ResidentSetSize of job (KB)
...
006 (78851234.002.000) 2026-09-30 19:56:54 Image size of job updated: 1728104
	1688  -  MemoryUsage of job (MB)
	1728104  -  ResidentSetSize of job (KB)
...
006 (78851234.002.000) 2026-09-30 20:06:55 Image size of job updated: 1729400
	1689  -  MemoryUsage of job (MB)
	1729400  -  ResidentSetSize of job (KB)
...
006 (78851234.002.000) 2026-09-30 20:11:56 Image size of job updated: 1729404
	1689  -  MemoryUsage of job (MB)
	1729404  -  ResidentSetSize of job (KB)
...
006 (78851234.002.000) 2026-09-30 20:26:58 Image size of job updated: 1731928
	1692  -  MemoryUsage of job (MB)
	1731928  -  ResidentSetSize of job (KB)
...
006 (78851234.002.000) 2026-09-30 20:36:58 Image size of job updated: 1737760
	1698  -  MemoryUsage of job (MB)
	1737760  -  ResidentSetSize of job (KB)
...
006 (78851234.002.000) 2026-09-30 20:41:59 Image size of job updated: 1737764
	1698  -  MemoryUsage of job (MB)
	1737764  -  ResidentSetSize of job (KB)
...
006 (78851234.002.000) 2026-09-30 20:46:59 Image size of job updated: 1737772
	1698  -  MemoryUsage of job (MB)
	1737772  -  ResidentSetSize of job (KB)
...
006 (78851234.002.000) 2026-09-30 20:57:00 Image size of job updated: 1738808
	1699  -  MemoryUsage of job (MB)
	1738808  -  ResidentSetSize of job (KB)
...
006 (78851234.002.000) 2026-09-30 21:12:01 Image size of job updated: 1739832
	1700  -  MemoryUsage of job (MB)
	1739832  -  ResidentSetSize of job (KB)
...
006 (78851234.002.000) 2026-09-30 21:22:01 Image size of job updated: 1739844
	1700  -  MemoryUsage of job (MB)
	1739844  -  ResidentSetSize of job (KB)
...
006 (78851234.002.000) 2026-09-30 21:32:02 Image size of job updated: 1739852
	1700  -  MemoryUsage of job (MB)
	1739852  -  ResidentSetSize of job (KB)
...
006 (78851234.002.000) 2026-09-30 21:37:02 Image size of job updated: 1739868
	1700  -  MemoryUsage of job (MB)
	1739868  -  ResidentSetSize of job (KB)
...
006 (78851234.002.000) 2026-09-30 21:42:03 Image size of job updated: 1741920
	1702  -  MemoryUsage of job (MB)
	1741920  -  ResidentSetSize of job (KB)
...
006 (78851234.002.000) 2026-09-30 21:47:03 Image size of job updated: 1741932
	1702  -  MemoryUsage of job (MB)
	1741932  -  ResidentSetSize of job (KB)
...
006 (78851234.002.000) 2026-09-30 21:52:03 Image size of job updated: 1742956
	1703  -  MemoryUsage of job (MB)
	1742956  -  ResidentSetSize of job (KB)
...
006 (78851234.002.000) 2026-09-30 22:02:04 Image size of job updated: 1744136
	1704  -  MemoryUsage of job (MB)
	1744136  -  ResidentSetSize of job (KB)
...
006 (78851234.002.000) 2026-09-30 22:12:05 Image size of job updated: 1745004
	1705  -  MemoryUsage of job (MB)
	1745004  -  ResidentSetSize of job (KB)
...
006 (78851234.002.000) 2026-09-30 22:32:08 Image size of job updated: 1745008
	1705  -  MemoryUsage of job (MB)
	1745008  -  ResidentSetSize of job (KB)
...
006 (78851234.002.000) 2026-09-30 22:37:08 Image size of job updated: 1745012
	1705  -  MemoryUsage of job (MB)
	1745012  -  ResidentSetSize of job (KB)
...
006 (78851234.002.000) 2026-09-30 22:47:10 Image size of job updated: 1746044
	1706  -  MemoryUsage of job (MB)
	1746044  -  ResidentSetSize of job (KB)
...
006 (78851234.002.000) 2026-09-30 22:52:10 Image size of job updated: 1746048
	1706  -  MemoryUsage of job (MB)
	1746048  -  ResidentSetSize of job (KB)
...
006 (78851234.002.000) 2026-09-30 22:57:10 Image size of job updated: 1748244
	1708  -  MemoryUsage of job (MB)
	1748244  -  ResidentSetSize of job (KB)
...
006 (78851234.002.000) 2026-09-30 23:07:11 Image size of job updated: 1749272
	1709  -  MemoryUsage of job (MB)
	1749272  -  ResidentSetSize of job (KB)
...
006 (78851234.002.000) 2026-09-30 23:12:11 Image size of job updated: 1749276
	1709  -  MemoryUsage of job (MB)
	1749276  -  ResidentSetSize of job (KB)
...
006 (78851234.002.000) 2026-09-30 23:37:13 Image size of job updated: 1749284
	1709  -  MemoryUsage of job (MB)
	1749284  -  ResidentSetSize of job (KB)
...
006 (78851234.002.000) 2026-09-30 23:42:13 Image size of job updated: 1749288
	1709  -  MemoryUsage of job (MB)
	1749288  -  ResidentSetSize of job (KB)
...
006 (78851234.002.000) 2026-09-30 23:47:14 Image size of job updated: 1752364
	1712  -  MemoryUsage of job (MB)
	1752364  -  ResidentSetSize of job (KB)
...
006 (78851234.002.000) 2026-09-30 23:52:14 Image size of job updated: 1752368
	1712  -  MemoryUsage of job (MB)
	1752368  -  ResidentSetSize of job (KB)
...
006 (78851234.002.000) 2026-10-01 00:07:15 Image size of job updated: 1752372
	1712  -  MemoryUsage of job (MB)
	1752372  -  ResidentSetSize of job (KB)
...
006 (78851234.002.000) 2026-10-01 00:12:15 Image size of job updated: 1752376
	1712  -  MemoryUsage of job (MB)
	1752376  -  ResidentSetSize of job (KB)
...
006 (78851234.002.000) 2026-10-01 00:22:17 Image size of job updated: 1754428
	1714  -  MemoryUsage of job (MB)
	1754428  -  ResidentSetSize of job (KB)
...
006 (78851234.002.000) 2026-10-01 00:32:18 Image size of job updated: 1754892
	1714  -  MemoryUsage of job (MB)
	1754892  -  ResidentSetSize of job (KB)
...
006 (78851234.002.000) 2026-10-01 00:42:18 Image size of job updated: 1755892
	1715  -  MemoryUsage of job (MB)
	1755892  -  ResidentSetSize of job (KB)
...
006 (78851234.002.000) 2026-10-01 01:07:20 Image size of job updated: 1755932
	1715  -  MemoryUsage of job (MB)
	1755892  -  ResidentSetSize of job (KB)
...
006 (78851234.002.000) 2026-10-01 01:17:21 Image size of job updated: 1760032
	1719  -  MemoryUsage of job (MB)
	1760032  -  ResidentSetSize of job (KB)
...
006 (78851234.002.000) 2026-10-01 01:27:23 Image size of job updated: 1762080
	1721  -  MemoryUsage of job (MB)
	1762080  -  ResidentSetSize of job (KB)
...
006 (78851234.002.000) 2026-10-01 02:02:26 Image size of job updated: 1763104
	1722  -  MemoryUsage of job (MB)
	1763104  -  ResidentSetSize of job (KB)
...
006 (78851234.002.000) 2026-10-01 02:22:28 Image size of job updated: 1768196
	1727  -  MemoryUsage of job (MB)
	1768196  -  ResidentSetSize of job (KB)
...
006 (78851234.002.000) 2026-10-01 02:27:28 Image size of job updated: 1768216
	1727  -  MemoryUsage of job (MB)
	1768216  -  ResidentSetSize of job (KB)
...
006 (78851234.002.000) 2026-10-01 02:47:31 Image size of job updated: 1774280
	1733  -  MemoryUsage of job (MB)
	1774280  -  ResidentSetSize of job (KB)
...
006 (78851234.002.000) 2026-10-01 03:32:37 Image size of job updated: 1774288
	1733  -  MemoryUsage of job (MB)
	1774288  -  ResidentSetSize of job (KB)
...
006 (78851234.002.000) 2026-10-01 03:42:38 Image size of job updated: 1776336
	1735  -  MemoryUsage of job (MB)
	1776336  -  ResidentSetSize of job (KB)
...
006 (78851234.002.000) 2026-10-01 04:42:44 Image size of job updated: 1780148
	1739  -  MemoryUsage of job (MB)
	1780148  -  ResidentSetSize of job (KB)
...
006 (78851234.002.000) 2026-10-01 04:47:45 Image size of job updated: 1780152
	1739  -  MemoryUsage of job (MB)
	1780152  -  ResidentSetSize of job (KB)
...
006 (78851234.002.000) 2026-10-01 04:52:45 Image size of job updated: 1781096
	1740  -  MemoryUsage of job (MB)
	1781096  -  ResidentSetSize of job (KB)
...
006 (78851234.002.000) 2026-10-01 05:02:46 Image size of job updated: 1783144
	1742  -  MemoryUsage of job (MB)
	1783144  -  ResidentSetSize of job (KB)
...
006 (78851234.002.000) 2026-10-01 05:27:49 Image size of job updated: 1796504
	1755  -  MemoryUsage of job (MB)
	1796504  -  ResidentSetSize of job (KB)
...
006 (78851234.002.000) 2026-10-01 05:42:50 Image size of job updated: 1796512
	1755  -  MemoryUsage of job (MB)
	1796512  -  ResidentSetSize of job (KB)
...
006 (78851234.002.000) 2026-10-01 05:47:52 Image size of job updated: 1797576
	1756  -  MemoryUsage of job (MB)
	1797576  -  ResidentSetSize of job (KB)
...
006 (78851234.002.000) 2026-10-01 06:12:54 Image size of job updated: 1798600
	1757  -  MemoryUsage of job (MB)
	1798600  -  ResidentSetSize of job (KB)
...
006 (78851234.002.000) 2026-10-01 06:22:55 Image size of job updated: 1800672
	1759  -  MemoryUsage of job (MB)
	1800672  -  ResidentSetSize of job (KB)
...
006 (78851234.002.000) 2026-10-01 06:32:57 Image size of job updated: 1802036
	1760  -  MemoryUsage of job (MB)
	1802036  -  ResidentSetSize of job (KB)
...
006 (78851234.002.000) 2026-10-01 07:33:02 Image size of job updated: 1803516
	1762  -  MemoryUsage of job (MB)
	1803516  -  ResidentSetSize of job (KB)
...
006 (78851234.002.000) 2026-10-01 07:53:05 Image size of job updated: 1804540
	1763  -  MemoryUsage of job (MB)
	1804540  -  ResidentSetSize of job (KB)
...
006 (78851234.002.000) 2026-10-01 08:18:08 Image size of job updated: 1806588
	1764  -  MemoryUsage of job (MB)
	1805572  -  ResidentSetSize of job (KB)
...
006 (78851234.002.000) 2026-10-01 08:53:12 Image size of job updated: 1807620
	1766  -  MemoryUsage of job (MB)
	1807620  -  ResidentSetSize of job (KB)
...
006 (78851234.002.000) 2026-10-01 09:03:12 Image size of job updated: 1807640
	1766  -  MemoryUsage of job (MB)
	1807640  -  ResidentSetSize of job (KB)
...
006 (78851234.002.000) 2026-10-01 09:13:13 Image size of job updated: 1809780
	1768  -  MemoryUsage of job (MB)
	1809780  -  ResidentSetSize of job (KB)
...
006 (78851234.002.000) 2026-10-01 09:38:15 Image size of job updated: 1809784
	1768  -  MemoryUsage of job (MB)
	1809784  -  ResidentSetSize of job (KB)
...
006 (78851234.002.000) 2026-10-01 09:48:17 Image size of job updated: 1811804
	1770  -  MemoryUsage of job (MB)
	1811804  -  ResidentSetSize of job (KB)
...
006 (78851234.002.000) 2026-10-01 09:53:17 Image size of job updated: 1811812
	1770  -  MemoryUsage of job (MB)
	1811812  -  ResidentSetSize of job (KB)
...
006 (78851234.002.000) 2026-10-01 10:03:18 Image size of job updated: 1812776
	1771  -  MemoryUsage of job (MB)
	1812776  -  ResidentSetSize of job (KB)
...
006 (78851234.002.000) 2026-10-01 10:23:21 Image size of job updated: 1813800
	1772  -  MemoryUsage of job (MB)
	1813800  -  ResidentSetSize of job (KB)
...
006 (78851234.002.000) 2026-10-01 10:38:23 Image size of job updated: 1818744
	1777  -  MemoryUsage of job (MB)
	1818744  -  ResidentSetSize of job (KB)
...
006 (78851234.002.000) 2026-10-01 11:38:29 Image size of job updated: 1818756
	1777  -  MemoryUsage of job (MB)
	1818756  -  ResidentSetSize of job (KB)
...
006 (78851234.002.000) 2026-10-01 11:43:30 Image size of job updated: 1818760
	1777  -  MemoryUsage of job (MB)
	1818760  -  ResidentSetSize of job (KB)
...
006 (78851234.002.000) 2026-10-01 11:48:30 Image size of job updated: 1820808
	1779  -  MemoryUsage of job (MB)
	1820808  -  ResidentSetSize of job (KB)
...
006 (78851234.002.000) 2026-10-01 12:13:33 Image size of job updated: 1821836
	1780  -  MemoryUsage of job (MB)
	1821836  -  ResidentSetSize of job (KB)
...
006 (78851234.002.000) 2026-10-01 12:43:35 Image size of job updated: 1821840
	1780  -  MemoryUsage of job (MB)
	1821840  -  ResidentSetSize of job (KB)
...
006 (78851234.002.000) 2026-10-01 12:58:36 Image size of job updated: 1822864
	1781  -  MemoryUsage of job (MB)
	1822864  -  ResidentSetSize of job (KB)
...
006 (78851234.002.000) 2026-10-01 14:03:42 Image size of job updated: 1823880
	1782  -  MemoryUsage of job (MB)
	1823880  -  ResidentSetSize of job (KB)
...
006 (78851234.002.000) 2026-10-01 14:08:42 Image size of job updated: 1823884
	1782  -  MemoryUsage of job (MB)
	1823884  -  ResidentSetSize of job (KB)
...
006 (78851234.002.000) 2026-10-01 14:13:42 Image size of job updated: 1824900
	1783  -  MemoryUsage of job (MB)
	1824900  -  ResidentSetSize of job (KB)
...
006 (78851234.002.000) 2026-10-01 14:38:44 Image size of job updated: 1825104
	1783  -  MemoryUsage of job (MB)
	1825100  -  ResidentSetSize of job (KB)
...
006 (78851234.002.000) 2026-10-01 14:48:46 Image size of job updated: 1826108
	1784  -  MemoryUsage of job (MB)
	1826108  -  ResidentSetSize of job (KB)
...
006 (78851234.002.000) 2026-10-01 14:53:46 Image size of job updated: 1826112
	1784  -  MemoryUsage of job (MB)
	1826112  -  ResidentSetSize of job (KB)
...
006 (78851234.002.000) 2026-10-01 15:23:49 Image size of job updated: 1826116
	1784  -  MemoryUsage of job (MB)
	1826116  -  ResidentSetSize of job (KB)
...
006 (78851234.002.000) 2026-10-01 15:38:50 Image size of job updated: 1827124
	1785  -  MemoryUsage of job (MB)
	1827124  -  ResidentSetSize of job (KB)
...
006 (78851234.002.000) 2026-10-01 17:04:00 Image size of job updated: 1829140
	1786  -  MemoryUsage of job (MB)
	1828132  -  ResidentSetSize of job (KB)
...
006 (78851234.002.000) 2026-10-01 17:09:01 Image size of job updated: 1829140
	1786  -  MemoryUsage of job (MB)
	1828136  -  ResidentSetSize of job (KB)
...
004 (78851234.002.000) 2026-10-01 17:21:03 Job was evicted. Code 1019 Subcode 0
	(0) CPU times
		Usr 12 16:31:17, Sys 0 00:09:03  -  Run Remote Usage
		Usr 0 00:00:00, Sys 0 00:00:00  -  Run Local Usage
	0  -  Run Bytes Sent By Job
	0  -  Run Bytes Received By Job
	Reason: Preempted for a Priority user
	Partitionable Resources :     Usage  Request Allocated 
	   Cpus                 :     10.94        4         4 
	   Disk (KB)            :  25000       25000     28672 
	   GPUs                 :                            0 
	   Memory (MB)          :   1786        6000      6016 
	   TimeExecute (s)      : 103504                       
	   TimeSlotBusy (s)     : 103505                       
...
001 (78851234.002.000) 2026-10-01 17:22:35 Job executing on host: <10.14.10.48:9618?addrs=10.14.10.48-9618&alias=node2298.cluster.ldas.cit&noUDP&sock=startd_2030461_f01f>
	SlotName: slot1_7@node2298.cluster.ldas.cit
	CondorScratchDir = "/var/lib/condor/execute/dir_2251005/scratch"
	Cpus = 4
	Disk = 28672
	GPUs = 0
	Memory = 6016
...
005 (78851234.002.000) 2026-10-02 15:17:27 Job terminated.
	(1) Normal termination (return value 0)
		Usr 11 14:48:27, Sys 0 00:14:13  -  Run Remote Usage
		Usr 0 00:00:00, Sys 0 00:00:00  -  Run Local Usage
		Usr 24 07:19:44, Sys 0 00:23:16  -  Total Remote Usage
		Usr 0 00:00:00, Sys 0 00:00:00  -  Total Local Usage
	0  -  Run Bytes Sent By Job
	0  -  Run Bytes Received By Job
	0  -  Total Bytes Sent By Job
	0  -  Total Bytes Received By Job
	Partitionable Resources :    Usage  Request Allocated 
	   Cpus                 :    12.30        4         4 
	   Disk (KB)            : 25000       25000     28672 
	   GPUs                 :                           0 
	   Memory (MB)          :  1954        6000      6016 
	   TimeExecute (s)      : 78892                       
	   TimeSlotBusy (s)     : 78892                       
...
000 (78854872.002.000) 2026-10-03 17:21:23 Job submitted from host: <10.14.0.121:9618?addrs=10.14.0.121-9618&alias=ldas-pcdev12.ligo.caltech.edu&noUDP&sock=schedd_623140_c9b4>
...
001 (78854872.002.000) 2026-10-03 17:22:10 Job executing on host: <10.14.10.115:9618?addrs=10.14.10.115-9618&alias=node2365.cluster.ldas.cit&noUDP&sock=startd_37892_56b8>
	SlotName: slot1_13@node2365.cluster.ldas.cit
	CondorScratchDir = "/var/lib/condor/execute/dir_1538045/scratch"
	Cpus = 4
	Disk = 28672
	GPUs = 0
	Memory = 6016
...
006 (78854872.002.000) 2026-10-03 17:22:11 Image size of job updated: 25000
	0  -  MemoryUsage of job (MB)
	0  -  ResidentSetSize of job (KB)
...
005 (78854872.002.000) 2026-10-03 17:22:11 Job terminated.
	(1) Normal termination (return value 1)
		Usr 0 00:00:00, Sys 0 00:00:00  -  Run Remote Usage
		Usr 0 00:00:00, Sys 0 00:00:00  -  Run Local Usage
		Usr 0 00:00:00, Sys 0 00:00:00  -  Total Remote Usage
		Usr 0 00:00:00, Sys 0 00:00:00  -  Total Local Usage
	0  -  Run Bytes Sent By Job
	0  -  Run Bytes Received By Job
	0  -  Total Bytes Sent By Job
	0  -  Total Bytes Received By Job
	Partitionable Resources :    Usage  Request Allocated 
	   Cpus                 :                 4         4 
	   Disk (KB)            :    25000    25000     28672 
	   GPUs                 :                           0 
	   Memory (MB)          :        0     6000      6016 
	   TimeExecute (s)      :        1                    
	   TimeSlotBusy (s)     :        1                    
...
000 (78854906.002.000) 2026-10-03 21:36:50 Job submitted from host: <10.14.0.121:9618?addrs=10.14.0.121-9618&alias=ldas-pcdev12.ligo.caltech.edu&noUDP&sock=schedd_623140_c9b4>
...
001 (78854906.002.000) 2026-10-03 21:38:41 Job executing on host: <10.14.4.115:9618?addrs=10.14.4.115-9618&alias=node865.cluster.ldas.cit&noUDP&sock=startd_37427_632e>
	SlotName: slot1_2@node865.cluster.ldas.cit
	CondorScratchDir = "/var/lib/condor/execute/dir_177173/scratch"
	Cpus = 4
	Disk = 28672
	GPUs = 0
	Memory = 6016
...
006 (78854906.002.000) 2026-10-03 21:38:50 Image size of job updated: 175276
	172  -  MemoryUsage of job (MB)
	175276  -  ResidentSetSize of job (KB)
...
006 (78854906.002.000) 2026-10-03 21:39:03 Image size of job updated: 498408
	172  -  MemoryUsage of job (MB)
	175276  -  ResidentSetSize of job (KB)
...
005 (78854906.002.000) 2026-10-03 21:39:03 Job terminated.
	(1) Normal termination (return value 0)
		Usr 0 00:00:12, Sys 0 00:00:00  -  Run Remote Usage
		Usr 0 00:00:00, Sys 0 00:00:00  -  Run Local Usage
		Usr 0 00:00:12, Sys 0 00:00:00  -  Total Remote Usage
		Usr 0 00:00:00, Sys 0 00:00:00  -  Total Local Usage
	0  -  Run Bytes Sent By Job
	0  -  Run Bytes Received By Job
	0  -  Total Bytes Sent By Job
	0  -  Total Bytes Received By Job
	Partitionable Resources :    Usage  Request Allocated 
	   Cpus                 :        0        4         4 
	   Disk (KB)            :    25000    25000     28672 
	   GPUs                 :                           0 
	   Memory (MB)          :      172     6000      6016 
	   TimeExecute (s)      :       22                    
	   TimeSlotBusy (s)     :       22                    
...
000 (78855135.002.000) 2026-10-04 13:44:55 Job submitted from host: <10.14.0.121:9618?addrs=10.14.0.121-9618&alias=ldas-pcdev12.ligo.caltech.edu&noUDP&sock=schedd_623140_c9b4>
...
001 (78855135.002.000) 2026-10-04 13:49:17 Job executing on host: <10.14.7.17:9618?addrs=10.14.7.17-9618&alias=node1517.cluster.ldas.cit&noUDP&sock=startd_31363_fce1>
	SlotName: slot1_1@node1517.cluster.ldas.cit
	CondorScratchDir = "/var/lib/condor/execute/dir_482520/scratch"
	Cpus = 4
	Disk = 28672
	GPUs = 0
	Memory = 6016
...
006 (78855135.002.000) 2026-10-04 13:49:26 Image size of job updated: 174852
	171  -  MemoryUsage of job (MB)
	174852  -  ResidentSetSize of job (KB)
...
006 (78855135.002.000) 2026-10-04 13:49:39 Image size of job updated: 498408
	171  -  MemoryUsage of job (MB)
	174852  -  ResidentSetSize of job (KB)
...
005 (78855135.002.000) 2026-10-04 13:49:39 Job terminated.
	(1) Normal termination (return value 0)
		Usr 0 00:00:18, Sys 0 00:00:00  -  Run Remote Usage
		Usr 0 00:00:00, Sys 0 00:00:00  -  Run Local Usage
		Usr 0 00:00:18, Sys 0 00:00:00  -  Total Remote Usage
		Usr 0 00:00:00, Sys 0 00:00:00  -  Total Local Usage
	0  -  Run Bytes Sent By Job
	0  -  Run Bytes Received By Job
	0  -  Total Bytes Sent By Job
	0  -  Total Bytes Received By Job
	Partitionable Resources :    Usage  Request Allocated 
	   Cpus                 :                 4         4 
	   Disk (KB)            :    25000    25000     28672 
	   GPUs                 :                           0 
	   Memory (MB)          :      171     6000      6016 
	   TimeExecute (s)      :       22                    
	   TimeSlotBusy (s)     :       22                    
...
