000 (78851234.020.000) 2026-09-30 12:35:31 Job submitted from host: <10.14.0.121:9618?addrs=10.14.0.121-9618&alias=ldas-pcdev12.ligo.caltech.edu&noUDP&sock=schedd_623140_c9b4>
...
001 (78851234.020.000) 2026-09-30 12:35:59 Job executing on host: <10.14.4.56:9618?addrs=10.14.4.56-9618&alias=node806.cluster.ldas.cit&noUDP&sock=startd_2200244_f43b>
	SlotName: slot1_12@node806.cluster.ldas.cit
	CondorScratchDir = "/var/lib/condor/execute/dir_2282743/scratch"
	Cpus = 4
	Disk = 28672
	GPUs = 0
	Memory = 6016
...
006 (78851234.020.000) 2026-09-30 12:36:08 Image size of job updated: 135416
	133  -  MemoryUsage of job (MB)
	135416  -  ResidentSetSize of job (KB)
...
006 (78851234.020.000) 2026-09-30 12:41:08 Image size of job updated: 367360
	359  -  MemoryUsage of job (MB)
	367360  -  ResidentSetSize of job (KB)
...
006 (78851234.020.000) 2026-09-30 12:46:08 Image size of job updated: 370236
	362  -  MemoryUsage of job (MB)
	370236  -  ResidentSetSize of job (KB)
...
006 (78851234.020.000) 2026-09-30 12:51:09 Image size of job updated: 475588
	465  -  MemoryUsage of job (MB)
	475588  -  ResidentSetSize of job (KB)
...
006 (78851234.020.000) 2026-09-30 12:56:09 Image size of job updated: 476208
	466  -  MemoryUsage of job (MB)
	476208  -  ResidentSetSize of job (KB)
...
006 (78851234.020.000) 2026-09-30 13:01:10 Image size of job updated: 492492
	477  -  MemoryUsage of job (MB)
	488448  -  ResidentSetSize of job (KB)
...
006 (78851234.020.000) 2026-09-30 13:06:10 Image size of job updated: 492492
	478  -  MemoryUsage of job (MB)
	488588  -  ResidentSetSize of job (KB)
...
006 (78851234.020.000) 2026-09-30 13:11:10 Image size of job updated: 503964
	493  -  MemoryUsage of job (MB)
	503964  -  ResidentSetSize of job (KB)
...
006 (78851234.020.000) 2026-09-30 13:16:11 Image size of job updated: 556800
	544  -  MemoryUsage of job (MB)
	556800  -  ResidentSetSize of job (KB)
...
006 (78851234.020.000) 2026-09-30 13:21:11 Image size of job updated: 558660
	546  -  MemoryUsage of job (MB)
	558660  -  ResidentSetSize of job (KB)
...
006 (78851234.020.000) 2026-09-30 13:26:11 Image size of job updated: 558988
	546  -  MemoryUsage of job (MB)
	558988  -  ResidentSetSize of job (KB)
...
006 (78851234.020.000) 2026-09-30 13:31:12 Image size of job updated: 575032
	562  -  MemoryUsage of job (MB)
	575032  -  ResidentSetSize of job (KB)
...
006 (78851234.020.000) 2026-09-30 13:36:12 Image size of job updated: 583140
	570  -  MemoryUsage of job (MB)
	583140  -  ResidentSetSize of job (KB)
...
006 (78851234.020.000) 2026-09-30 13:41:12 Image size of job updated: 835256
	816  -  MemoryUsage of job (MB)
	835256  -  ResidentSetSize of job (KB)
...
006 (78851234.020.000) 2026-09-30 13:46:13 Image size of job updated: 1082876
	1058  -  MemoryUsage of job (MB)
	1082876  -  ResidentSetSize of job (KB)
...
006 (78851234.020.000) 2026-09-30 13:51:13 Image size of job updated: 1304340
	1274  -  MemoryUsage of job (MB)
	1304340  -  ResidentSetSize of job (KB)
...
006 (78851234.020.000) 2026-09-30 13:56:14 Image size of job updated: 1533980
	1499  -  MemoryUsage of job (MB)
	1533980  -  ResidentSetSize of job (KB)
...
006 (78851234.020.000) 2026-09-30 14:01:15 Image size of job updated: 1748228
	1708  -  MemoryUsage of job (MB)
	1748228  -  ResidentSetSize of job (KB)
...
006 (78851234.020.000) 2026-09-30 14:06:15 Image size of job updated: 1823712
	1781  -  MemoryUsage of job (MB)
	1823712  -  ResidentSetSize of job (KB)
...
006 (78851234.020.000) 2026-09-30 14:11:16 Image size of job updated: 1823804
	1782  -  MemoryUsage of job (MB)
	1823804  -  ResidentSetSize of job (KB)
...
006 (78851234.020.000) 2026-09-30 14:16:17 Image size of job updated: 1823868
	1782  -  MemoryUsage of job (MB)
	1823868  -  ResidentSetSize of job (KB)
...
006 (78851234.020.000) 2026-09-30 14:21:17 Image size of job updated: 1823992
	1782  -  MemoryUsage of job (MB)
	1823992  -  ResidentSetSize of job (KB)
...
006 (78851234.020.000) 2026-09-30 14:26:18 Image size of job updated: 1824052
	1782  -  MemoryUsage of job (MB)
	1824052  -  ResidentSetSize of job (KB)
...
006 (78851234.020.000) 2026-09-30 14:31:19 Image size of job updated: 1824108
	1782  -  MemoryUsage of job (MB)
	1824108  -  ResidentSetSize of job (KB)
...
006 (78851234.020.000) 2026-09-30 14:36:19 Image size of job updated: 1827172
	1785  -  MemoryUsage of job (MB)
	1827172  -  ResidentSetSize of job (KB)
...
006 (78851234.020.000) 2026-09-30 14:41:20 Image size of job updated: 1827252
	1785  -  MemoryUsage of job (MB)
	1827252  -  ResidentSetSize of job (KB)
...
006 (78851234.020.000) 2026-09-30 14:46:20 Image size of job updated: 1827256
	1785  -  MemoryUsage of job (MB)
	1827252  -  ResidentSetSize of job (KB)
...
006 (78851234.020.000) 2026-09-30 15:16:22 Image size of job updated: 1827540
	1785  -  MemoryUsage of job (MB)
	1827540  -  ResidentSetSize of job (KB)
...
006 (78851234.020.000) 2026-09-30 15:21:22 Image size of job updated: 1827564
	1785  -  MemoryUsage of job (MB)
	1827564  -  ResidentSetSize of job (KB)
...
006 (78851234.020.000) 2026-09-30 15:26:23 Image size of job updated: 1828592
	1786  -  MemoryUsage of job (MB)
	1828592  -  ResidentSetSize of job (KB)
...
006 (78851234.020.000) 2026-09-30 15:31:23 Image size of job updated: 1828612
	1786  -  MemoryUsage of job (MB)
	1828612  -  ResidentSetSize of job (KB)
...
006 (78851234.020.000) 2026-09-30 15:36:24 Image size of job updated: 1829092
	1787  -  MemoryUsage of job (MB)
	1829092  -  ResidentSetSize of job (KB)
...
006 (78851234.020.000) 2026-09-30 15:41:24 Image size of job updated: 1829100
	1787  -  MemoryUsage of job (MB)
	1829100  -  ResidentSetSize of job (KB)
...
006 (78851234.020.000) 2026-09-30 15:46:24 Image size of job updated: 1834408
	1789  -  MemoryUsage of job (MB)
	1831648  -  ResidentSetSize of job (KB)
...
006 (78851234.020.000) 2026-09-30 15:51:25 Image size of job updated: 1834408
	1789  -  MemoryUsage of job (MB)
	1831668  -  ResidentSetSize of job (KB)
...
006 (78851234.020.000) 2026-09-30 15:56:25 Image size of job updated: 1834408
	1789  -  MemoryUsage of job (MB)
	1831696  -  ResidentSetSize of job (KB)
...
006 (78851234.020.000) 2026-09-30 16:01:25 Image size of job updated: 1834408
	1789  -  MemoryUsage of job (MB)
	1831716  -  ResidentSetSize of job (KB)
...
006 (78851234.020.000) 2026-09-30 16:06:26 Image size of job updated: 1834408
	1790  -  MemoryUsage of job (MB)
	1832540  -  ResidentSetSize of job (KB)
...
006 (78851234.020.000) 2026-09-30 16:11:27 Image size of job updated: 1834408
	1790  -  MemoryUsage of job (MB)
	1832552  -  ResidentSetSize of job (KB)
...
006 (78851234.020.000) 2026-09-30 16:16:27 Image size of job updated: 1835836
	1793  -  MemoryUsage of job (MB)
	1835836  -  ResidentSetSize of job (KB)
...
006 (78851234.020.000) 2026-09-30 16:21:28 Image size of job updated: 1835844
	1793  -  MemoryUsage of job (MB)
	1835844  -  ResidentSetSize of job (KB)
...
006 (78851234.020.000) 2026-09-30 16:41:30 Image size of job updated: 1835848
	1793  -  MemoryUsage of job (MB)
	1835848  -  ResidentSetSize of job (KB)
...
006 (78851234.020.000) 2026-09-30 16:46:31 Image size of job updated: 1835856
	1793  -  MemoryUsage of job (MB)
	1835856  -  ResidentSetSize of job (KB)
...
006 (78851234.020.000) 2026-09-30 16:56:32 Image size of job updated: 1835864
	1793  -  MemoryUsage of job (MB)
	1835864  -  ResidentSetSize of job (KB)
...
006 (78851234.020.000) 2026-09-30 17:01:33 Image size of job updated: 1846264
	1803  -  MemoryUsage of job (MB)
	1846264  -  ResidentSetSize of job (KB)
...
006 (78851234.020.000) 2026-09-30 17:06:33 Image size of job updated: 1846272
	1803  -  MemoryUsage of job (MB)
	1846272  -  ResidentSetSize of job (KB)
...
006 (78851234.020.000) 2026-09-30 17:11:34 Image size of job updated: 1850328
	1807  -  MemoryUsage of job (MB)
	1850328  -  ResidentSetSize of job (KB)
...
006 (78851234.020.000) 2026-09-30 17:16:34 Image size of job updated: 1850332
	1807  -  MemoryUsage of job (MB)
	1850332  -  ResidentSetSize of job (KB)
...
006 (78851234.020.000) 2026-09-30 17:21:35 Image size of job updated: 1852692
	1810  -  MemoryUsage of job (MB)
	1852692  -  ResidentSetSize of job (KB)
...
006 (78851234.020.000) 2026-09-30 17:31:36 Image size of job updated: 1853360
	1810  -  MemoryUsage of job (MB)
	1853360  -  ResidentSetSize of job (KB)
...
006 (78851234.020.000) 2026-09-30 17:41:37 Image size of job updated: 1853364
	1810  -  MemoryUsage of job (MB)
	1853364  -  ResidentSetSize of job (KB)
...
006 (78851234.020.000) 2026-09-30 17:46:38 Image size of job updated: 1853372
	1810  -  MemoryUsage of job (MB)
	1853372  -  ResidentSetSize of job (KB)
...
006 (78851234.020.000) 2026-09-30 17:51:39 Image size of job updated: 1853396
	1810  -  MemoryUsage of job (MB)
	1853396  -  ResidentSetSize of job (KB)
...
006 (78851234.020.000) 2026-09-30 17:56:39 Image size of job updated: 1853420
	1810  -  MemoryUsage of job (MB)
	1853420  -  ResidentSetSize of job (KB)
...
006 (78851234.020.000) 2026-09-30 18:01:40 Image size of job updated: 1853436
	1810  -  MemoryUsage of job (MB)
	1853436  -  ResidentSetSize of job (KB)
...
006 (78851234.020.000) 2026-09-30 18:06:41 Image size of job updated: 1853440
	1810  -  MemoryUsage of job (MB)
	1853440  -  ResidentSetSize of job (KB)
...
006 (78851234.020.000) 2026-09-30 18:11:41 Image size of job updated: 1853448
	1811  -  MemoryUsage of job (MB)
	1853448  -  ResidentSetSize of job (KB)
...
006 (78851234.020.000) 2026-09-30 18:16:42 Image size of job updated: 1853452
	1811  -  MemoryUsage of job (MB)
	1853452  -  ResidentSetSize of job (KB)
...
006 (78851234.020.000) 2026-09-30 18:21:42 Image size of job updated: 1853480
	1811  -  MemoryUsage of job (MB)
	1853480  -  ResidentSetSize of job (KB)
...
006 (78851234.020.000) 2026-09-30 18:26:42 Image size of job updated: 1853492
	1811  -  MemoryUsage of job (MB)
	1853492  -  ResidentSetSize of job (KB)
...
006 (78851234.020.000) 2026-09-30 18:36:43 Image size of job updated: 1856056
	1813  -  MemoryUsage of job (MB)
	1856056  -  ResidentSetSize of job (KB)
...
006 (78851234.020.000) 2026-09-30 18:46:44 Image size of job updated: 1856064
	1813  -  MemoryUsage of job (MB)
	1856064  -  ResidentSetSize of job (KB)
...
006 (78851234.020.000) 2026-09-30 18:51:45 Image size of job updated: 1856076
	1813  -  MemoryUsage of job (MB)
	1856076  -  ResidentSetSize of job (KB)
...
006 (78851234.020.000) 2026-09-30 19:06:47 Image size of job updated: 1856084
	1813  -  MemoryUsage of job (MB)
	1856084  -  ResidentSetSize of job (KB)
...
006 (78851234.020.000) 2026-09-30 19:11:47 Image size of job updated: 1860116
	1815  -  MemoryUsage of job (MB)
	1858104  -  ResidentSetSize of job (KB)
...
006 (78851234.020.000) 2026-09-30 19:16:47 Image size of job updated: 1860116
	1815  -  MemoryUsage of job (MB)
	1858108  -  ResidentSetSize of job (KB)
...
006 (78851234.020.000) 2026-09-30 19:21:48 Image size of job updated: 1860116
	1815  -  MemoryUsage of job (MB)
	1858112  -  ResidentSetSize of job (KB)
...
006 (78851234.020.000) 2026-09-30 19:31:49 Image size of job updated: 1860116
	1816  -  MemoryUsage of job (MB)
	1858920  -  ResidentSetSize of job (KB)
...
006 (78851234.020.000) 2026-09-30 19:41:50 Image size of job updated: 1860116
	1816  -  MemoryUsage of job (MB)
	1859124  -  ResidentSetSize of job (KB)
...
006 (78851234.020.000) 2026-09-30 19:56:52 Image size of job updated: 1860116
	1816  -  MemoryUsage of job (MB)
	1859132  -  ResidentSetSize of job (KB)
...
006 (78851234.020.000) 2026-09-30 20:01:52 Image size of job updated: 1860116
	1816  -  MemoryUsage of job (MB)
	1859136  -  ResidentSetSize of job (KB)
...
006 (78851234.020.000) 2026-09-30 20:06:53 Image size of job updated: 1870852
	1828  -  MemoryUsage of job (MB)
	1870852  -  ResidentSetSize of job (KB)
...
006 (78851234.020.000) 2026-09-30 20:11:54 Image size of job updated: 1870856
	1828  -  MemoryUsage of job (MB)
	1870856  -  ResidentSetSize of job (KB)
...
006 (78851234.020.000) 2026-09-30 20:16:54 Image size of job updated: 1870860
	1828  -  MemoryUsage of job (MB)
	1870860  -  ResidentSetSize of job (KB)
...
006 (78851234.020.000) 2026-09-30 20:21:55 Image size of job updated: 1870864
	1828  -  MemoryUsage of job (MB)
	1870864  -  ResidentSetSize of job (KB)
...
006 (78851234.020.000) 2026-09-30 20:31:55 Image size of job updated: 1870876
	1828  -  MemoryUsage of job (MB)
	1870876  -  ResidentSetSize of job (KB)
...
006 (78851234.020.000) 2026-09-30 20:36:56 Image size of job updated: 1870880
	1828  -  MemoryUsage of job (MB)
	1870880  -  ResidentSetSize of job (KB)
...
006 (78851234.020.000) 2026-09-30 20:41:56 Image size of job updated: 1870884
	1828  -  MemoryUsage of job (MB)
	1870884  -  ResidentSetSize of job (KB)
...
006 (78851234.020.000) 2026-09-30 20:46:57 Image size of job updated: 1870888
	1828  -  MemoryUsage of job (MB)
	1870888  -  ResidentSetSize of job (KB)
...
006 (78851234.020.000) 2026-09-30 21:01:58 Image size of job updated: 1872916
	1830  -  MemoryUsage of job (MB)
	1872916  -  ResidentSetSize of job (KB)
...
006 (78851234.020.000) 2026-09-30 21:17:00 Image size of job updated: 1872920
	1830  -  MemoryUsage of job (MB)
	1872920  -  ResidentSetSize of job (KB)
...
006 (78851234.020.000) 2026-09-30 21:37:02 Image size of job updated: 1872924
	1830  -  MemoryUsage of job (MB)
	1872924  -  ResidentSetSize of job (KB)
...
006 (78851234.020.000) 2026-09-30 21:42:03 Image size of job updated: 1872968
	1830  -  MemoryUsage of job (MB)
	1872968  -  ResidentSetSize of job (KB)
...
006 (78851234.020.000) 2026-09-30 21:47:03 Image size of job updated: 1872984
	1830  -  MemoryUsage of job (MB)
	1872984  -  ResidentSetSize of job (KB)
...
006 (78851234.020.000) 2026-09-30 21:52:03 Image size of job updated: 1875000
	1831  -  MemoryUsage of job (MB)
	1873992  -  ResidentSetSize of job (KB)
...
006 (78851234.020.000) 2026-09-30 22:02:04 Image size of job updated: 1875000
	1831  -  MemoryUsage of job (MB)
	1874000  -  ResidentSetSize of job (KB)
...
006 (78851234.020.000) 2026-09-30 22:07:05 Image size of job updated: 1875008
	1832  -  MemoryUsage of job (MB)
	1875008  -  ResidentSetSize of job (KB)
...
006 (78851234.020.000) 2026-09-30 22:12:05 Image size of job updated: 1875012
	1832  -  MemoryUsage of job (MB)
	1875012  -  ResidentSetSize of job (KB)
...
006 (78851234.020.000) 2026-09-30 22:17:06 Image size of job updated: 1876028
	1833  -  MemoryUsage of job (MB)
	1876028  -  ResidentSetSize of job (KB)
...
006 (78851234.020.000) 2026-09-30 22:27:07 Image size of job updated: 1876032
	1833  -  MemoryUsage of job (MB)
	1876032  -  ResidentSetSize of job (KB)
...
006 (78851234.020.000) 2026-09-30 22:37:08 Image size of job updated: 1877056
	1834  -  MemoryUsage of job (MB)
	1877056  -  ResidentSetSize of job (KB)
...
006 (78851234.020.000) 2026-09-30 22:42:08 Image size of job updated: 1877060
	1834  -  MemoryUsage of job (MB)
	1877060  -  ResidentSetSize of job (KB)
...
006 (78851234.020.000) 2026-09-30 23:02:10 Image size of job updated: 1878084
	1835  -  MemoryUsage of job (MB)
	1878084  -  ResidentSetSize of job (KB)
...
006 (78851234.020.000) 2026-09-30 23:12:12 Image size of job updated: 1878088
	1835  -  MemoryUsage of job (MB)
	1878088  -  ResidentSetSize of job (KB)
...
006 (78851234.020.000) 2026-09-30 23:17:12 Image size of job updated: 1878092
	1835  -  MemoryUsage of job (MB)
	1878092  -  ResidentSetSize of job (KB)
...
006 (78851234.020.000) 2026-09-30 23:22:13 Image size of job updated: 1878104
	1835  -  MemoryUsage of job (MB)
	1878104  -  ResidentSetSize of job (KB)
...
006 (78851234.020.000) 2026-09-30 23:32:13 Image size of job updated: 1880120
	1837  -  MemoryUsage of job (MB)
	1880120  -  ResidentSetSize of job (KB)
...
006 (78851234.020.000) 2026-09-30 23:37:14 Image size of job updated: 1880124
	1837  -  MemoryUsage of job (MB)
	1880124  -  ResidentSetSize of job (KB)
...
006 (78851234.020.000) 2026-09-30 23:52:16 Image size of job updated: 1880180
	1837  -  MemoryUsage of job (MB)
	1880180  -  ResidentSetSize of job (KB)
...
006 (78851234.020.000) 2026-10-01 00:02:17 Image size of job updated: 1880184
	1837  -  MemoryUsage of job (MB)
	1880184  -  ResidentSetSize of job (KB)
...
006 (78851234.020.000) 2026-10-01 00:07:17 Image size of job updated: 1881160
	1838  -  MemoryUsage of job (MB)
	1881160  -  ResidentSetSize of job (KB)
...
006 (78851234.020.000) 2026-10-01 00:17:19 Image size of job updated: 1881168
	1838  -  MemoryUsage of job (MB)
	1881168  -  ResidentSetSize of job (KB)
...
006 (78851234.020.000) 2026-10-01 00:22:19 Image size of job updated: 1881172
	1838  -  MemoryUsage of job (MB)
	1881172  -  ResidentSetSize of job (KB)
...
006 (78851234.020.000) 2026-10-01 00:32:20 Image size of job updated: 1881180
	1838  -  MemoryUsage of job (MB)
	1881180  -  ResidentSetSize of job (KB)
...
006 (78851234.020.000) 2026-10-01 00:37:20 Image size of job updated: 1881184
	1838  -  MemoryUsage of job (MB)
	1881184  -  ResidentSetSize of job (KB)
...
006 (78851234.020.000) 2026-10-01 00:42:21 Image size of job updated: 1887556
	1844  -  MemoryUsage of job (MB)
	1887556  -  ResidentSetSize of job (KB)
...
006 (78851234.020.000) 2026-10-01 00:52:21 Image size of job updated: 1888580
	1845  -  MemoryUsage of job (MB)
	1888580  -  ResidentSetSize of job (KB)
...
006 (78851234.020.000) 2026-10-01 00:57:22 Image size of job updated: 1888584
	1845  -  MemoryUsage of job (MB)
	1888584  -  ResidentSetSize of job (KB)
...
006 (78851234.020.000) 2026-10-01 01:07:23 Image size of job updated: 1889612
	1846  -  MemoryUsage of job (MB)
	1889612  -  ResidentSetSize of job (KB)
...
006 (78851234.020.000) 2026-10-01 01:22:25 Image size of job updated: 1889616
	1846  -  MemoryUsage of job (MB)
	1889616  -  ResidentSetSize of job (KB)
...
006 (78851234.020.000) 2026-10-01 01:42:27 Image size of job updated: 1889624
	1846  -  MemoryUsage of job (MB)
	1889624  -  ResidentSetSize of job (KB)
...
006 (78851234.020.000) 2026-10-01 01:47:28 Image size of job updated: 1889628
	1846  -  MemoryUsage of job (MB)
	1889628  -  ResidentSetSize of job (KB)
...
006 (78851234.020.000) 2026-10-01 01:52:28 Image size of job updated: 1890652
	1847  -  MemoryUsage of job (MB)
	1890652  -  ResidentSetSize of job (KB)
...
006 (78851234.020.000) 2026-10-01 01:57:29 Image size of job updated: 1890656
	1847  -  MemoryUsage of job (MB)
	1890656  -  ResidentSetSize of job (KB)
...
006 (78851234.020.000) 2026-10-01 02:02:29 Image size of job updated: 1892536
	1849  -  MemoryUsage of job (MB)
	1892536  -  ResidentSetSize of job (KB)
...
006 (78851234.020.000) 2026-10-01 02:12:30 Image size of job updated: 1897660
	1854  -  MemoryUsage of job (MB)
	1897660  -  ResidentSetSize of job (KB)
...
006 (78851234.020.000) 2026-10-01 02:17:30 Image size of job updated: 1897664
	1854  -  MemoryUsage of job (MB)
	1897664  -  ResidentSetSize of job (KB)
...
006 (78851234.020.000) 2026-10-01 02:22:30 Image size of job updated: 1899728
	1856  -  MemoryUsage of job (MB)
	1899728  -  ResidentSetSize of job (KB)
...
006 (78851234.020.000) 2026-10-01 02:32:31 Image size of job updated: 1899736
	1856  -  MemoryUsage of job (MB)
	1899736  -  ResidentSetSize of job (KB)
...
006 (78851234.020.000) 2026-10-01 02:37:31 Image size of job updated: 1899740
	1856  -  MemoryUsage of job (MB)
	1899740  -  ResidentSetSize of job (KB)
...
006 (78851234.020.000) 2026-10-01 02:47:32 Image size of job updated: 1900764
	1857  -  MemoryUsage of job (MB)
	1900764  -  ResidentSetSize of job (KB)
...
006 (78851234.020.000) 2026-10-01 02:52:33 Image size of job updated: 1900772
	1857  -  MemoryUsage of job (MB)
	1900772  -  ResidentSetSize of job (KB)
...
006 (78851234.020.000) 2026-10-01 02:57:34 Image size of job updated: 1900776
	1857  -  MemoryUsage of job (MB)
	1900776  -  ResidentSetSize of job (KB)
...
006 (78851234.020.000) 2026-10-01 03:17:35 Image size of job updated: 1901800
	1858  -  MemoryUsage of job (MB)
	1901800  -  ResidentSetSize of job (KB)
...
006 (78851234.020.000) 2026-10-01 03:32:36 Image size of job updated: 1901804
	1858  -  MemoryUsage of job (MB)
	1901804  -  ResidentSetSize of job (KB)
...
006 (78851234.020.000) 2026-10-01 03:42:37 Image size of job updated: 1901808
	1858  -  MemoryUsage of job (MB)
	1901808  -  ResidentSetSize of job (KB)
...
006 (78851234.020.000) 2026-10-01 03:47:37 Image size of job updated: 1901816
	1858  -  MemoryUsage of job (MB)
	1901816  -  ResidentSetSize of job (KB)
...
006 (78851234.020.000) 2026-10-01 03:52:38 Image size of job updated: 1902840
	1859  -  MemoryUsage of job (MB)
	1902840  -  ResidentSetSize of job (KB)
...
006 (78851234.020.000) 2026-10-01 04:02:39 Image size of job updated: 1903868
	1860  -  MemoryUsage of job (MB)
	1903868  -  ResidentSetSize of job (KB)
...
006 (78851234.020.000) 2026-10-01 04:17:41 Image size of job updated: 1903876
	1860  -  MemoryUsage of job (MB)
	1903876  -  ResidentSetSize of job (KB)
...
006 (78851234.020.000) 2026-10-01 04:37:43 Image size of job updated: 1903880
	1860  -  MemoryUsage of job (MB)
	1903880  -  ResidentSetSize of job (KB)
...
006 (78851234.020.000) 2026-10-01 04:42:44 Image size of job updated: 1903884
	1860  -  MemoryUsage of job (MB)
	1903884  -  ResidentSetSize of job (KB)
...
006 (78851234.020.000) 2026-10-01 04:47:45 Image size of job updated: 1903888
	1860  -  MemoryUsage of job (MB)
	1903888  -  ResidentSetSize of job (KB)
...
006 (78851234.020.000) 2026-10-01 04:57:46 Image size of job updated: 1903892
	1860  -  MemoryUsage of job (MB)
	1903892  -  ResidentSetSize of job (KB)
...
006 (78851234.020.000) 2026-10-01 05:02:47 Image size of job updated: 1905940
	1861  -  MemoryUsage of job (MB)
	1904916  -  ResidentSetSize of job (KB)
...
006 (78851234.020.000) 2026-10-01 05:12:48 Image size of job updated: 1905940
	1861  -  MemoryUsage of job (MB)
	1904920  -  ResidentSetSize of job (KB)
...
006 (78851234.020.000) 2026-10-01 05:27:49 Image size of job updated: 1905940
	1861  -  MemoryUsage of job (MB)
	1904924  -  ResidentSetSize of job (KB)
...
006 (78851234.020.000) 2026-10-01 05:37:50 Image size of job updated: 1906972
	1863  -  MemoryUsage of job (MB)
	1906972  -  ResidentSetSize of job (KB)
...
006 (78851234.020.000) 2026-10-01 05:42:50 Image size of job updated: 1906980
	1863  -  MemoryUsage of job (MB)
	1906980  -  ResidentSetSize of job (KB)
...
006 (78851234.020.000) 2026-10-01 05:47:50 Image size of job updated: 1906988
	1863  -  MemoryUsage of job (MB)
	1906988  -  ResidentSetSize of job (KB)
...
006 (78851234.020.000) 2026-10-01 06:37:55 Image size of job updated: 1906992
	1863  -  MemoryUsage of job (MB)
	1906992  -  ResidentSetSize of job (KB)
...
006 (78851234.020.000) 2026-10-01 06:42:56 Image size of job updated: 1909040
	1865  -  MemoryUsage of job (MB)
	1909040  -  ResidentSetSize of job (KB)
...
006 (78851234.020.000) 2026-10-01 06:47:57 Image size of job updated: 1909044
	1865  -  MemoryUsage of job (MB)
	1909044  -  ResidentSetSize of job (KB)
...
006 (78851234.020.000) 2026-10-01 06:52:57 Image size of job updated: 1910076
	1866  -  MemoryUsage of job (MB)
	1910076  -  ResidentSetSize of job (KB)
...
006 (78851234.020.000) 2026-10-01 06:57:58 Image size of job updated: 1910084
	1866  -  MemoryUsage of job (MB)
	1910084  -  ResidentSetSize of job (KB)
...
006 (78851234.020.000) 2026-10-01 07:02:59 Image size of job updated: 1910088
	1866  -  MemoryUsage of job (MB)
	1910088  -  ResidentSetSize of job (KB)
...
006 (78851234.020.000) 2026-10-01 07:18:00 Image size of job updated: 1913824
	1866  -  MemoryUsage of job (MB)
	1910088  -  ResidentSetSize of job (KB)
...
006 (78851234.020.000) 2026-10-01 07:28:01 Image size of job updated: 1919736
	1875  -  MemoryUsage of job (MB)
	1919736  -  ResidentSetSize of job (KB)
...
006 (78851234.020.000) 2026-10-01 07:33:01 Image size of job updated: 1919740
	1875  -  MemoryUsage of job (MB)
	1919740  -  ResidentSetSize of job (KB)
...
006 (78851234.020.000) 2026-10-01 07:38:02 Image size of job updated: 1919748
	1875  -  MemoryUsage of job (MB)
	1919748  -  ResidentSetSize of job (KB)
...
006 (78851234.020.000) 2026-10-01 07:43:03 Image size of job updated: 1919752
	1875  -  MemoryUsage of job (MB)
	1919752  -  ResidentSetSize of job (KB)
...
006 (78851234.020.000) 2026-10-01 07:48:03 Image size of job updated: 1919760
	1875  -  MemoryUsage of job (MB)
	1919760  -  ResidentSetSize of job (KB)
...
006 (78851234.020.000) 2026-10-01 07:53:04 Image size of job updated: 1930620
	1886  -  MemoryUsage of job (MB)
	1930620  -  ResidentSetSize of job (KB)
...
006 (78851234.020.000) 2026-10-01 09:58:18 Image size of job updated: 1932456
	1888  -  MemoryUsage of job (MB)
	1932456  -  ResidentSetSize of job (KB)
...
006 (78851234.020.000) 2026-10-01 10:03:19 Image size of job updated: 1932460
	1888  -  MemoryUsage of job (MB)
	1932460  -  ResidentSetSize of job (KB)
...
006 (78851234.020.000) 2026-10-01 10:18:21 Image size of job updated: 1932472
	1888  -  MemoryUsage of job (MB)
	1932472  -  ResidentSetSize of job (KB)
...
006 (78851234.020.000) 2026-10-01 10:28:22 Image size of job updated: 1935544
	1890  -  MemoryUsage of job (MB)
	1934520  -  ResidentSetSize of job (KB)
...
006 (78851234.020.000) 2026-10-01 10:53:23 Image size of job updated: 1935544
	1891  -  MemoryUsage of job (MB)
	1935544  -  ResidentSetSize of job (KB)
...
006 (78851234.020.000) 2026-10-01 11:28:28 Image size of job updated: 1937612
	1892  -  MemoryUsage of job (MB)
	1936592  -  ResidentSetSize of job (KB)
...
006 (78851234.020.000) 2026-10-01 11:38:29 Image size of job updated: 1938640
	1894  -  MemoryUsage of job (MB)
	1938640  -  ResidentSetSize of job (KB)
...
006 (78851234.020.000) 2026-10-01 11:43:29 Image size of job updated: 1938644
	1894  -  MemoryUsage of job (MB)
	1938644  -  ResidentSetSize of job (KB)
...
006 (78851234.020.000) 2026-10-01 11:48:29 Image size of job updated: 1939708
	1895  -  MemoryUsage of job (MB)
	1939708  -  ResidentSetSize of job (KB)
...
006 (78851234.020.000) 2026-10-01 12:03:30 Image size of job updated: 1940708
	1896  -  MemoryUsage of job (MB)
	1940692  -  ResidentSetSize of job (KB)
...
006 (78851234.020.000) 2026-10-01 12:13:31 Image size of job updated: 1940952
	1896  -  MemoryUsage of job (MB)
	1940692  -  ResidentSetSize of job (KB)
...
006 (78851234.020.000) 2026-10-01 12:53:35 Image size of job updated: 1942000
	1896  -  MemoryUsage of job (MB)
	1940976  -  ResidentSetSize of job (KB)
...
006 (78851234.020.000) 2026-10-01 12:58:35 Image size of job updated: 1942000
	1896  -  MemoryUsage of job (MB)
	1940980  -  ResidentSetSize of job (KB)
...
006 (78851234.020.000) 2026-10-01 13:03:35 Image size of job updated: 1942000
	1896  -  MemoryUsage of job (MB)
	1940992  -  ResidentSetSize of job (KB)
...
006 (78851234.020.000) 2026-10-01 13:33:39 Image size of job updated: 1942000
	1896  -  MemoryUsage of job (MB)
	1940996  -  ResidentSetSize of job (KB)
...
006 (78851234.020.000) 2026-10-01 13:43:39 Image size of job updated: 1943048
	1898  -  MemoryUsage of job (MB)
	1943048  -  ResidentSetSize of job (KB)
...
006 (78851234.020.000) 2026-10-01 13:48:40 Image size of job updated: 1943052
	1898  -  MemoryUsage of job (MB)
	1943052  -  ResidentSetSize of job (KB)
...
006 (78851234.020.000) 2026-10-01 13:53:40 Image size of job updated: 1944076
	1898  -  MemoryUsage of job (MB)
	1943056  -  ResidentSetSize of job (KB)
...
006 (78851234.020.000) 2026-10-01 13:58:42 Image size of job updated: 1944076
	1898  -  MemoryUsage of job (MB)
	1943060  -  ResidentSetSize of job (KB)
...
006 (78851234.020.000) 2026-10-01 14:13:43 Image size of job updated: 1944076
	1898  -  MemoryUsage of job (MB)
	1943068  -  ResidentSetSize of job (KB)
...
006 (78851234.020.000) 2026-10-01 14:33:44 Image size of job updated: 1944076
	1898  -  MemoryUsage of job (MB)
	1943072  -  ResidentSetSize of job (KB)
...
006 (78851234.020.000) 2026-10-01 14:38:45 Image size of job updated: 1945124
	1900  -  MemoryUsage of job (MB)
	1945124  -  ResidentSetSize of job (KB)
...
006 (78851234.020.000) 2026-10-01 15:33:51 Image size of job updated: 1946148
	1901  -  MemoryUsage of job (MB)
	1946148  -  ResidentSetSize of job (KB)
...
006 (78851234.020.000) 2026-10-01 15:43:52 Image size of job updated: 1946152
	1901  -  MemoryUsage of job (MB)
	1946152  -  ResidentSetSize of job (KB)
...
004 (78851234.020.000) 2026-10-01 15:55:31 Job was evicted. Code 1019 Subcode 0
	(0) CPU times
		Usr 11 09:55:46, Sys 0 00:07:21  -  Run Remote Usage
		Usr 0 00:00:00, Sys 0 00:00:00  -  Run Local Usage
	0  -  Run Bytes Sent By Job
	0  -  Run Bytes Received By Job
	Reason: Preempted for a Priority user
	Partitionable Resources :    Usage  Request Allocated 
	   Cpus                 :     9.23        4         4 
	   Disk (KB)            : 25000       25000     28672 
	   GPUs                 :                           0 
	   Memory (MB)          :  1901        6000      6016 
	   TimeExecute (s)      : 98372                       
	   TimeSlotBusy (s)     : 98372                       
...
001 (78851234.020.000) 2026-10-01 15:57:23 Job executing on host: <10.14.10.29:9618?addrs=10.14.10.29-9618&alias=node2279.cluster.ldas.cit&noUDP&sock=startd_2463521_13dc>
	SlotName: slot1_6@node2279.cluster.ldas.cit
	CondorScratchDir = "/var/lib/condor/execute/dir_3476137/scratch"
	Cpus = 4
	Disk = 28672
	GPUs = 0
	Memory = 6016
...
005 (78851234.020.000) 2026-10-02 11:45:38 Job terminated.
	(1) Normal termination (return value 0)
		Usr 8 15:31:15, Sys 0 00:13:05  -  Run Remote Usage
		Usr 0 00:00:00, Sys 0 00:00:00  -  Run Local Usage
		Usr 20 01:27:01, Sys 0 00:20:26  -  Total Remote Usage
		Usr 0 00:00:00, Sys 0 00:00:00  -  Total Local Usage
	0  -  Run Bytes Sent By Job
	0  -  Run Bytes Received By Job
	0  -  Total Bytes Sent By Job
	0  -  Total Bytes Received By Job
	Partitionable Resources :    Usage  Request Allocated 
	   Cpus                 :     9.66        4         4 
	   Disk (KB)            : 25000       25000     28672 
	   GPUs                 :                           0 
	   Memory (MB)          :  1954        6000      6016 
	   TimeExecute (s)      : 71295                       
	   TimeSlotBusy (s)     : 71296                       
...
000 (78854872.020.000) 2026-10-03 17:21:23 Job submitted from host: <10.14.0.121:9618?addrs=10.14.0.121-9618&alias=ldas-pcdev12.ligo.caltech.edu&noUDP&sock=schedd_623140_c9b4>
...
001 (78854872.020.000) 2026-10-03 17:22:10 Job executing on host: <10.14.6.142:9618?addrs=10.14.6.142-9618&alias=node1392.cluster.ldas.cit&noUDP&sock=startd_35176_637f>
	SlotName: slot1_2@node1392.cluster.ldas.cit
	CondorScratchDir = "/var/lib/condor/execute/dir_583144/scratch"
	Cpus = 4
	Disk = 28672
	GPUs = 0
	Memory = 6016
...
006 (78854872.020.000) 2026-10-03 17:22:19 Image size of job updated: 193908
	190  -  MemoryUsage of job (MB)
	193908  -  ResidentSetSize of job (KB)
...
006 (78854872.020.000) 2026-10-03 17:22:28 Image size of job updated: 509408
	190  -  MemoryUsage of job (MB)
	193908  -  ResidentSetSize of job (KB)
...
005 (78854872.020.000) 2026-10-03 17:22:28 Job terminated.
	(1) Normal termination (return value 0)
		Usr 0 00:00:13, Sys 0 00:00:00  -  Run Remote Usage
		Usr 0 00:00:00, Sys 0 00:00:00  -  Run Local Usage
		Usr 0 00:00:13, Sys 0 00:00:00  -  Total Remote Usage
		Usr 0 00:00:00, Sys 0 00:00:00  -  Total Local Usage
	0  -  Run Bytes Sent By Job
	0  -  Run Bytes Received By Job
	0  -  Total Bytes Sent By Job
	0  -  Total Bytes Received By Job
	Partitionable Resources :    Usage  Request Allocated 
	   Cpus                 :        0        4         4 
	   Disk (KB)            :    25000    25000     28672 
	   GPUs                 :                           0 
	   Memory (MB)          :      190     6000      6016 
	   TimeExecute (s)      :       18                    
	   TimeSlotBusy (s)     :       18                    
...
000 (78854906.020.000) 2026-10-03 21:36:50 Job submitted from host: <10.14.0.121:9618?addrs=10.14.0.121-9618&alias=ldas-pcdev12.ligo.caltech.edu&noUDP&sock=schedd_623140_c9b4>
...
001 (78854906.020.000) 2026-10-03 21:38:41 Job executing on host: <10.14.9.199:9618?addrs=10.14.9.199-9618&alias=node2199.cluster.ldas.cit&noUDP&sock=startd_1616530_b386>
	SlotName: slot1_5@node2199.cluster.ldas.cit
	CondorScratchDir = "/var/lib/condor/execute/dir_3462574/scratch"
	Cpus = 4
	Disk = 28672
	GPUs = 0
	Memory = 6016
...
006 (78854906.020.000) 2026-10-03 21:38:50 Image size of job updated: 203812
	200  -  MemoryUsage of job (MB)
	203812  -  ResidentSetSize of job (KB)
...
006 (78854906.020.000) 2026-10-03 21:39:14 Image size of job updated: 509328
	200  -  MemoryUsage of job (MB)
	203816  -  ResidentSetSize of job (KB)
...
005 (78854906.020.000) 2026-10-03 21:39:14 Job terminated.
	(1) Normal termination (return value 0)
		Usr 0 00:00:28, Sys 0 00:00:01  -  Run Remote Usage
		Usr 0 00:00:00, Sys 0 00:00:00  -  Run Local Usage
		Usr 0 00:00:28, Sys 0 00:00:01  -  Total Remote Usage
		Usr 0 00:00:00, Sys 0 00:00:00  -  Total Local Usage
	0  -  Run Bytes Sent By Job
	0  -  Run Bytes Received By Job
	0  -  Total Bytes Sent By Job
	0  -  Total Bytes Received By Job
	Partitionable Resources :    Usage  Request Allocated 
	   Cpus                 :        0        4         4 
	   Disk (KB)            :    25000    25000     28672 
	   GPUs                 :                           0 
	   Memory (MB)          :      200     6000      6016 
	   TimeExecute (s)      :       33                    
	   TimeSlotBusy (s)     :       33                    
...
000 (78855135.020.000) 2026-10-04 13:44:55 Job submitted from host: <10.14.0.121:9618?addrs=10.14.0.121-9618&alias=ldas-pcdev12.ligo.caltech.edu&noUDP&sock=schedd_623140_c9b4>
...
001 (78855135.020.000) 2026-10-04 13:49:18 Job executing on host: <10.14.4.72:9618?addrs=10.14.4.72-9618&alias=node822.cluster.ldas.cit&noUDP&sock=startd_62474_8bcd>
	SlotName: slot1_2@node822.cluster.ldas.cit
	CondorScratchDir = "/var/lib/condor/execute/dir_1334874/scratch"
	Cpus = 4
	Disk = 28672
	GPUs = 0
	Memory = 6016
...
006 (78855135.020.000) 2026-10-04 13:49:26 Image size of job updated: 168828
	165  -  MemoryUsage of job (MB)
	168828  -  ResidentSetSize of job (KB)
...
006 (78855135.020.000) 2026-10-04 13:49:38 Image size of job updated: 507292
	165  -  MemoryUsage of job (MB)
	168828  -  ResidentSetSize of job (KB)
...
005 (78855135.020.000) 2026-10-04 13:49:38 Job terminated.
	(1) Normal termination (return value 0)
		Usr 0 00:00:18, Sys 0 00:00:01  -  Run Remote Usage
		Usr 0 00:00:00, Sys 0 00:00:00  -  Run Local Usage
		Usr 0 00:00:18, Sys 0 00:00:01  -  Total Remote Usage
		Usr 0 00:00:00, Sys 0 00:00:00  -  Total Local Usage
	0  -  Run Bytes Sent By Job
	0  -  Run Bytes Received By Job
	0  -  Total Bytes Sent By Job
	0  -  Total Bytes Received By Job
	Partitionable Resources :    Usage  Request Allocated 
	   Cpus                 :                 4         4 
	   Disk (KB)            :    25000    25000     28672 
	   GPUs                 :                           0 
	   Memory (MB)          :      165     6000      6016 
	   TimeExecute (s)      :       20                    
	   TimeSlotBusy (s)     :       21                    
...
