000 (78851234.022.000) 2026-09-30 12:35:31 Job submitted from host: <10.14.0.121:9618?addrs=10.14.0.121-9618&alias=ldas-pcdev12.ligo.caltech.edu&noUDP&sock=schedd_623140_c9b4>
...
001 (78851234.022.000) 2026-09-30 12:35:59 Job executing on host: <10.14.4.28:9618?addrs=10.14.4.28-9618&alias=node778.cluster.ldas.cit&noUDP&sock=startd_3676667_5414>
	SlotName: slot1_10@node778.cluster.ldas.cit
	CondorScratchDir = "/var/lib/condor/execute/dir_3773322/scratch"
	Cpus = 4
	Disk = 28672
	GPUs = 0
	Memory = 6016
...
006 (78851234.022.000) 2026-09-30 12:36:07 Image size of job updated: 141948
	139  -  MemoryUsage of job (MB)
	141948  -  ResidentSetSize of job (KB)
...
006 (78851234.022.000) 2026-09-30 12:41:07 Image size of job updated: 350816
	343  -  MemoryUsage of job (MB)
	350816  -  ResidentSetSize of job (KB)
...
006 (78851234.022.000) 2026-09-30 12:46:08 Image size of job updated: 352108
	344  -  MemoryUsage of job (MB)
	352108  -  ResidentSetSize of job (KB)
...
006 (78851234.022.000) 2026-09-30 12:51:08 Image size of job updated: 464448
	454  -  MemoryUsage of job (MB)
	464448  -  ResidentSetSize of job (KB)
...
006 (78851234.022.000) 2026-09-30 12:56:09 Image size of job updated: 464868
	454  -  MemoryUsage of job (MB)
	464868  -  ResidentSetSize of job (KB)
...
006 (78851234.022.000) 2026-09-30 13:01:10 Image size of job updated: 504840
	494  -  MemoryUsage of job (MB)
	504840  -  ResidentSetSize of job (KB)
...
006 (78851234.022.000) 2026-09-30 13:06:10 Image size of job updated: 551372
	539  -  MemoryUsage of job (MB)
	551372  -  ResidentSetSize of job (KB)
...
006 (78851234.022.000) 2026-09-30 13:11:11 Image size of job updated: 564432
	552  -  MemoryUsage of job (MB)
	564432  -  ResidentSetSize of job (KB)
...
006 (78851234.022.000) 2026-09-30 13:16:11 Image size of job updated: 564552
	552  -  MemoryUsage of job (MB)
	564552  -  ResidentSetSize of job (KB)
...
006 (78851234.022.000) 2026-09-30 13:21:12 Image size of job updated: 564580
	552  -  MemoryUsage of job (MB)
	564552  -  ResidentSetSize of job (KB)
...
006 (78851234.022.000) 2026-09-30 13:31:13 Image size of job updated: 576964
	564  -  MemoryUsage of job (MB)
	576964  -  ResidentSetSize of job (KB)
...
006 (78851234.022.000) 2026-09-30 13:36:14 Image size of job updated: 826348
	807  -  MemoryUsage of job (MB)
	826348  -  ResidentSetSize of job (KB)
...
006 (78851234.022.000) 2026-09-30 13:41:14 Image size of job updated: 1069920
	1045  -  MemoryUsage of job (MB)
	1069920  -  ResidentSetSize of job (KB)
...
006 (78851234.022.000) 2026-09-30 13:46:14 Image size of job updated: 1289252
	1260  -  MemoryUsage of job (MB)
	1289252  -  ResidentSetSize of job (KB)
...
006 (78851234.022.000) 2026-09-30 13:51:15 Image size of job updated: 1518504
	1483  -  MemoryUsage of job (MB)
	1518504  -  ResidentSetSize of job (KB)
...
006 (78851234.022.000) 2026-09-30 13:56:15 Image size of job updated: 1651076
	1613  -  MemoryUsage of job (MB)
	1651076  -  ResidentSetSize of job (KB)
...
006 (78851234.022.000) 2026-09-30 14:01:16 Image size of job updated: 1651112
	1613  -  MemoryUsage of job (MB)
	1651112  -  ResidentSetSize of job (KB)
...
006 (78851234.022.000) 2026-09-30 14:06:16 Image size of job updated: 1651136
	1613  -  MemoryUsage of job (MB)
	1651136  -  ResidentSetSize of job (KB)
...
006 (78851234.022.000) 2026-09-30 14:11:16 Image size of job updated: 1651176
	1613  -  MemoryUsage of job (MB)
	1651176  -  ResidentSetSize of job (KB)
...
006 (78851234.022.000) 2026-09-30 14:16:17 Image size of job updated: 1652440
	1614  -  MemoryUsage of job (MB)
	1652440  -  ResidentSetSize of job (KB)
...
006 (78851234.022.000) 2026-09-30 14:21:17 Image size of job updated: 1652488
	1614  -  MemoryUsage of job (MB)
	1652488  -  ResidentSetSize of job (KB)
...
006 (78851234.022.000) 2026-09-30 14:26:18 Image size of job updated: 1652504
	1614  -  MemoryUsage of job (MB)
	1652504  -  ResidentSetSize of job (KB)
...
006 (78851234.022.000) 2026-09-30 14:31:18 Image size of job updated: 1652520
	1614  -  MemoryUsage of job (MB)
	1652520  -  ResidentSetSize of job (KB)
...
006 (78851234.022.000) 2026-09-30 14:36:18 Image size of job updated: 1654736
	1615  -  MemoryUsage of job (MB)
	1653432  -  ResidentSetSize of job (KB)
...
006 (78851234.022.000) 2026-09-30 14:41:19 Image size of job updated: 1654736
	1615  -  MemoryUsage of job (MB)
	1653452  -  ResidentSetSize of job (KB)
...
006 (78851234.022.000) 2026-09-30 14:46:19 Image size of job updated: 1654736
	1616  -  MemoryUsage of job (MB)
	1653784  -  ResidentSetSize of job (KB)
...
006 (78851234.022.000) 2026-09-30 14:51:20 Image size of job updated: 1654736
	1616  -  MemoryUsage of job (MB)
	1653804  -  ResidentSetSize of job (KB)
...
006 (78851234.022.000) 2026-09-30 14:56:20 Image size of job updated: 1655364
	1617  -  MemoryUsage of job (MB)
	1655364  -  ResidentSetSize of job (KB)
...
006 (78851234.022.000) 2026-09-30 15:01:21 Image size of job updated: 1655396
	1617  -  MemoryUsage of job (MB)
	1655396  -  ResidentSetSize of job (KB)
...
006 (78851234.022.000) 2026-09-30 15:06:21 Image size of job updated: 1657460
	1619  -  MemoryUsage of job (MB)
	1657460  -  ResidentSetSize of job (KB)
...
006 (78851234.022.000) 2026-09-30 15:11:21 Image size of job updated: 1657484
	1619  -  MemoryUsage of job (MB)
	1657484  -  ResidentSetSize of job (KB)
...
006 (78851234.022.000) 2026-09-30 15:16:22 Image size of job updated: 1657500
	1619  -  MemoryUsage of job (MB)
	1657500  -  ResidentSetSize of job (KB)
...
006 (78851234.022.000) 2026-09-30 15:21:22 Image size of job updated: 1657512
	1619  -  MemoryUsage of job (MB)
	1657512  -  ResidentSetSize of job (KB)
...
006 (78851234.022.000) 2026-09-30 15:26:23 Image size of job updated: 1657564
	1619  -  MemoryUsage of job (MB)
	1657564  -  ResidentSetSize of job (KB)
...
006 (78851234.022.000) 2026-09-30 15:31:23 Image size of job updated: 1657588
	1619  -  MemoryUsage of job (MB)
	1657588  -  ResidentSetSize of job (KB)
...
006 (78851234.022.000) 2026-09-30 15:36:24 Image size of job updated: 1657600
	1619  -  MemoryUsage of job (MB)
	1657600  -  ResidentSetSize of job (KB)
...
006 (78851234.022.000) 2026-09-30 15:51:26 Image size of job updated: 1657636
	1619  -  MemoryUsage of job (MB)
	1657636  -  ResidentSetSize of job (KB)
...
006 (78851234.022.000) 2026-09-30 15:56:26 Image size of job updated: 1657656
	1619  -  MemoryUsage of job (MB)
	1657656  -  ResidentSetSize of job (KB)
...
006 (78851234.022.000) 2026-09-30 16:01:26 Image size of job updated: 1657680
	1619  -  MemoryUsage of job (MB)
	1657680  -  ResidentSetSize of job (KB)
...
006 (78851234.022.000) 2026-09-30 16:06:27 Image size of job updated: 1657704
	1619  -  MemoryUsage of job (MB)
	1657704  -  ResidentSetSize of job (KB)
...
006 (78851234.022.000) 2026-09-30 16:11:27 Image size of job updated: 1657732
	1619  -  MemoryUsage of job (MB)
	1657732  -  ResidentSetSize of job (KB)
...
006 (78851234.022.000) 2026-09-30 16:16:28 Image size of job updated: 1657736
	1619  -  MemoryUsage of job (MB)
	1657736  -  ResidentSetSize of job (KB)
...
006 (78851234.022.000) 2026-09-30 16:21:28 Image size of job updated: 1657752
	1619  -  MemoryUsage of job (MB)
	1657752  -  ResidentSetSize of job (KB)
...
006 (78851234.022.000) 2026-09-30 16:26:28 Image size of job updated: 1657756
	1619  -  MemoryUsage of job (MB)
	1657756  -  ResidentSetSize of job (KB)
...
006 (78851234.022.000) 2026-09-30 16:31:29 Image size of job updated: 1657768
	1619  -  MemoryUsage of job (MB)
	1657768  -  ResidentSetSize of job (KB)
...
006 (78851234.022.000) 2026-09-30 16:36:29 Image size of job updated: 1659400
	1621  -  MemoryUsage of job (MB)
	1659400  -  ResidentSetSize of job (KB)
...
006 (78851234.022.000) 2026-09-30 16:41:30 Image size of job updated: 1659424
	1621  -  MemoryUsage of job (MB)
	1659424  -  ResidentSetSize of job (KB)
...
006 (78851234.022.000) 2026-09-30 16:46:30 Image size of job updated: 1659864
	1621  -  MemoryUsage of job (MB)
	1659864  -  ResidentSetSize of job (KB)
...
006 (78851234.022.000) 2026-09-30 16:51:30 Image size of job updated: 1659880
	1621  -  MemoryUsage of job (MB)
	1659880  -  ResidentSetSize of job (KB)
...
006 (78851234.022.000) 2026-09-30 17:01:31 Image size of job updated: 1659888
	1621  -  MemoryUsage of job (MB)
	1659888  -  ResidentSetSize of job (KB)
...
006 (78851234.022.000) 2026-09-30 17:06:32 Image size of job updated: 1661076
	1623  -  MemoryUsage of job (MB)
	1661076  -  ResidentSetSize of job (KB)
...
006 (78851234.022.000) 2026-09-30 17:11:32 Image size of job updated: 1661124
	1623  -  MemoryUsage of job (MB)
	1661124  -  ResidentSetSize of job (KB)
...
006 (78851234.022.000) 2026-09-30 17:16:32 Image size of job updated: 1684716
	1635  -  MemoryUsage of job (MB)
	1673548  -  ResidentSetSize of job (KB)
...
006 (78851234.022.000) 2026-09-30 17:21:33 Image size of job updated: 1684716
	1635  -  MemoryUsage of job (MB)
	1673576  -  ResidentSetSize of job (KB)
...
006 (78851234.022.000) 2026-09-30 17:31:34 Image size of job updated: 1684716
	1635  -  MemoryUsage of job (MB)
	1673592  -  ResidentSetSize of job (KB)
...
006 (78851234.022.000) 2026-09-30 17:36:34 Image size of job updated: 1684716
	1635  -  MemoryUsage of job (MB)
	1673596  -  ResidentSetSize of job (KB)
...
006 (78851234.022.000) 2026-09-30 17:46:35 Image size of job updated: 1684716
	1635  -  MemoryUsage of job (MB)
	1673600  -  ResidentSetSize of job (KB)
...
006 (78851234.022.000) 2026-09-30 17:56:36 Image size of job updated: 1684716
	1635  -  MemoryUsage of job (MB)
	1673608  -  ResidentSetSize of job (KB)
...
006 (78851234.022.000) 2026-09-30 18:01:36 Image size of job updated: 1684716
	1640  -  MemoryUsage of job (MB)
	1678740  -  ResidentSetSize of job (KB)
...
006 (78851234.022.000) 2026-09-30 18:11:37 Image size of job updated: 1685064
	1644  -  MemoryUsage of job (MB)
	1682788  -  ResidentSetSize of job (KB)
...
006 (78851234.022.000) 2026-09-30 18:16:37 Image size of job updated: 1685064
	1644  -  MemoryUsage of job (MB)
	1682792  -  ResidentSetSize of job (KB)
...
006 (78851234.022.000) 2026-09-30 18:21:38 Image size of job updated: 1685064
	1644  -  MemoryUsage of job (MB)
	1682796  -  ResidentSetSize of job (KB)
...
006 (78851234.022.000) 2026-09-30 18:26:38 Image size of job updated: 1685064
	1644  -  MemoryUsage of job (MB)
	1682800  -  ResidentSetSize of job (KB)
...
006 (78851234.022.000) 2026-09-30 18:31:39 Image size of job updated: 1685064
	1645  -  MemoryUsage of job (MB)
	1684404  -  ResidentSetSize of job (KB)
...
006 (78851234.022.000) 2026-09-30 18:36:40 Image size of job updated: 1685064
	1645  -  MemoryUsage of job (MB)
	1684416  -  ResidentSetSize of job (KB)
...
006 (78851234.022.000) 2026-09-30 18:41:40 Image size of job updated: 1685064
	1646  -  MemoryUsage of job (MB)
	1684832  -  ResidentSetSize of job (KB)
...
006 (78851234.022.000) 2026-09-30 18:51:41 Image size of job updated: 1685064
	1646  -  MemoryUsage of job (MB)
	1684840  -  ResidentSetSize of job (KB)
...
006 (78851234.022.000) 2026-09-30 18:56:42 Image size of job updated: 1686944
	1647  -  MemoryUsage of job (MB)
	1685924  -  ResidentSetSize of job (KB)
...
006 (78851234.022.000) 2026-09-30 19:46:47 Image size of job updated: 1687944
	1649  -  MemoryUsage of job (MB)
	1687944  -  ResidentSetSize of job (KB)
...
006 (78851234.022.000) 2026-09-30 19:51:47 Image size of job updated: 1687952
	1649  -  MemoryUsage of job (MB)
	1687952  -  ResidentSetSize of job (KB)
...
006 (78851234.022.000) 2026-09-30 20:01:48 Image size of job updated: 1689952
	1651  -  MemoryUsage of job (MB)
	1689952  -  ResidentSetSize of job (KB)
...
006 (78851234.022.000) 2026-09-30 20:11:50 Image size of job updated: 1689956
	1651  -  MemoryUsage of job (MB)
	1689952  -  ResidentSetSize of job (KB)
...
006 (78851234.022.000) 2026-09-30 20:31:52 Image size of job updated: 1692636
	1652  -  MemoryUsage of job (MB)
	1690636  -  ResidentSetSize of job (KB)
...
006 (78851234.022.000) 2026-09-30 20:36:52 Image size of job updated: 1692636
	1652  -  MemoryUsage of job (MB)
	1690640  -  ResidentSetSize of job (KB)
...
006 (78851234.022.000) 2026-09-30 20:46:53 Image size of job updated: 1692636
	1652  -  MemoryUsage of job (MB)
	1690652  -  ResidentSetSize of job (KB)
...
006 (78851234.022.000) 2026-09-30 20:56:54 Image size of job updated: 1692636
	1653  -  MemoryUsage of job (MB)
	1691868  -  ResidentSetSize of job (KB)
...
006 (78851234.022.000) 2026-09-30 21:01:54 Image size of job updated: 1692636
	1653  -  MemoryUsage of job (MB)
	1691876  -  ResidentSetSize of job (KB)
...
006 (78851234.022.000) 2026-09-30 21:06:54 Image size of job updated: 1692636
	1653  -  MemoryUsage of job (MB)
	1691884  -  ResidentSetSize of job (KB)
...
006 (78851234.022.000) 2026-09-30 21:11:55 Image size of job updated: 1692636
	1653  -  MemoryUsage of job (MB)
	1691892  -  ResidentSetSize of job (KB)
...
006 (78851234.022.000) 2026-09-30 21:16:55 Image size of job updated: 1692636
	1653  -  MemoryUsage of job (MB)
	1691896  -  ResidentSetSize of job (KB)
...
006 (78851234.022.000) 2026-09-30 21:26:56 Image size of job updated: 1692868
	1654  -  MemoryUsage of job (MB)
	1692868  -  ResidentSetSize of job (KB)
...
006 (78851234.022.000) 2026-09-30 21:31:57 Image size of job updated: 1692872
	1654  -  MemoryUsage of job (MB)
	1692872  -  ResidentSetSize of job (KB)
...
006 (78851234.022.000) 2026-09-30 21:36:58 Image size of job updated: 1692876
	1654  -  MemoryUsage of job (MB)
	1692876  -  ResidentSetSize of job (KB)
...
006 (78851234.022.000) 2026-09-30 21:51:59 Image size of job updated: 1692884
	1654  -  MemoryUsage of job (MB)
	1692884  -  ResidentSetSize of job (KB)
...
006 (78851234.022.000) 2026-09-30 22:12:02 Image size of job updated: 1692888
	1654  -  MemoryUsage of job (MB)
	1692888  -  ResidentSetSize of job (KB)
...
006 (78851234.022.000) 2026-09-30 22:22:02 Image size of job updated: 1695464
	1656  -  MemoryUsage of job (MB)
	1695464  -  ResidentSetSize of job (KB)
...
006 (78851234.022.000) 2026-09-30 22:37:04 Image size of job updated: 1695916
	1657  -  MemoryUsage of job (MB)
	1695916  -  ResidentSetSize of job (KB)
...
006 (78851234.022.000) 2026-09-30 22:42:04 Image size of job updated: 1695924
	1657  -  MemoryUsage of job (MB)
	1695924  -  ResidentSetSize of job (KB)
...
006 (78851234.022.000) 2026-09-30 22:52:06 Image size of job updated: 1695940
	1657  -  MemoryUsage of job (MB)
	1695940  -  ResidentSetSize of job (KB)
...
006 (78851234.022.000) 2026-09-30 22:57:06 Image size of job updated: 1695960
	1657  -  MemoryUsage of job (MB)
	1695944  -  ResidentSetSize of job (KB)
...
006 (78851234.022.000) 2026-09-30 23:22:08 Image size of job updated: 1697760
	1658  -  MemoryUsage of job (MB)
	1697760  -  ResidentSetSize of job (KB)
...
006 (78851234.022.000) 2026-09-30 23:37:10 Image size of job updated: 1697764
	1658  -  MemoryUsage of job (MB)
	1697764  -  ResidentSetSize of job (KB)
...
006 (78851234.022.000) 2026-09-30 23:42:11 Image size of job updated: 1697768
	1658  -  MemoryUsage of job (MB)
	1697768  -  ResidentSetSize of job (KB)
...
006 (78851234.022.000) 2026-09-30 23:47:11 Image size of job updated: 1697792
	1658  -  MemoryUsage of job (MB)
	1697792  -  ResidentSetSize of job (KB)
...
006 (78851234.022.000) 2026-09-30 23:57:12 Image size of job updated: 1698804
	1659  -  MemoryUsage of job (MB)
	1698804  -  ResidentSetSize of job (KB)
...
006 (78851234.022.000) 2026-10-01 00:02:13 Image size of job updated: 1698808
	1659  -  MemoryUsage of job (MB)
	1698808  -  ResidentSetSize of job (KB)
...
006 (78851234.022.000) 2026-10-01 00:22:15 Image size of job updated: 1699636
	1660  -  MemoryUsage of job (MB)
	1699636  -  ResidentSetSize of job (KB)
...
006 (78851234.022.000) 2026-10-01 00:27:16 Image size of job updated: 1699640
	1660  -  MemoryUsage of job (MB)
	1699640  -  ResidentSetSize of job (KB)
...
006 (78851234.022.000) 2026-10-01 00:32:17 Image size of job updated: 1699820
	1660  -  MemoryUsage of job (MB)
	1699820  -  ResidentSetSize of job (KB)
...
006 (78851234.022.000) 2026-10-01 00:42:18 Image size of job updated: 1703872
	1661  -  MemoryUsage of job (MB)
	1700828  -  ResidentSetSize of job (KB)
...
006 (78851234.022.000) 2026-10-01 01:02:19 Image size of job updated: 1703872
	1661  -  MemoryUsage of job (MB)
	1700832  -  ResidentSetSize of job (KB)
...
006 (78851234.022.000) 2026-10-01 01:07:20 Image size of job updated: 1703872
	1661  -  MemoryUsage of job (MB)
	1700836  -  ResidentSetSize of job (KB)
...
006 (78851234.022.000) 2026-10-01 01:17:21 Image size of job updated: 1703872
	1661  -  MemoryUsage of job (MB)
	1700840  -  ResidentSetSize of job (KB)
...
006 (78851234.022.000) 2026-10-01 01:37:23 Image size of job updated: 1703872
	1663  -  MemoryUsage of job (MB)
	1701892  -  ResidentSetSize of job (KB)
...
006 (78851234.022.000) 2026-10-01 01:42:24 Image size of job updated: 1703872
	1663  -  MemoryUsage of job (MB)
	1701900  -  ResidentSetSize of job (KB)
...
006 (78851234.022.000) 2026-10-01 01:52:25 Image size of job updated: 1703872
	1663  -  MemoryUsage of job (MB)
	1702844  -  ResidentSetSize of job (KB)
...
006 (78851234.022.000) 2026-10-01 02:02:26 Image size of job updated: 1703872
	1663  -  MemoryUsage of job (MB)
	1702912  -  ResidentSetSize of job (KB)
...
006 (78851234.022.000) 2026-10-01 02:17:27 Image size of job updated: 1703872
	1664  -  MemoryUsage of job (MB)
	1702916  -  ResidentSetSize of job (KB)
...
006 (78851234.022.000) 2026-10-01 02:47:31 Image size of job updated: 1703872
	1664  -  MemoryUsage of job (MB)
	1702932  -  ResidentSetSize of job (KB)
...
006 (78851234.022.000) 2026-10-01 02:52:32 Image size of job updated: 1703940
	1665  -  MemoryUsage of job (MB)
	1703940  -  ResidentSetSize of job (KB)
...
006 (78851234.022.000) 2026-10-01 03:12:34 Image size of job updated: 1703948
	1665  -  MemoryUsage of job (MB)
	1703948  -  ResidentSetSize of job (KB)
...
006 (78851234.022.000) 2026-10-01 03:27:36 Image size of job updated: 1705052
	1666  -  MemoryUsage of job (MB)
	1705052  -  ResidentSetSize of job (KB)
...
006 (78851234.022.000) 2026-10-01 03:42:37 Image size of job updated: 1706456
	1667  -  MemoryUsage of job (MB)
	1706456  -  ResidentSetSize of job (KB)
...
006 (78851234.022.000) 2026-10-01 03:52:38 Image size of job updated: 1708068
	1669  -  MemoryUsage of job (MB)
	1708068  -  ResidentSetSize of job (KB)
...
006 (78851234.022.000) 2026-10-01 03:57:38 Image size of job updated: 1708072
	1669  -  MemoryUsage of job (MB)
	1708072  -  ResidentSetSize of job (KB)
...
006 (78851234.022.000) 2026-10-01 04:27:42 Image size of job updated: 1708076
	1669  -  MemoryUsage of job (MB)
	1708076  -  ResidentSetSize of job (KB)
...
006 (78851234.022.000) 2026-10-01 04:32:42 Image size of job updated: 1708080
	1669  -  MemoryUsage of job (MB)
	1708080  -  ResidentSetSize of job (KB)
...
006 (78851234.022.000) 2026-10-01 04:42:44 Image size of job updated: 1708088
	1669  -  MemoryUsage of job (MB)
	1708088  -  ResidentSetSize of job (KB)
...
006 (78851234.022.000) 2026-10-01 04:47:44 Image size of job updated: 1708092
	1669  -  MemoryUsage of job (MB)
	1708092  -  ResidentSetSize of job (KB)
...
006 (78851234.022.000) 2026-10-01 04:57:45 Image size of job updated: 1710076
	1670  -  MemoryUsage of job (MB)
	1710076  -  ResidentSetSize of job (KB)
...
006 (78851234.022.000) 2026-10-01 05:07:46 Image size of job updated: 1710108
	1671  -  MemoryUsage of job (MB)
	1710108  -  ResidentSetSize of job (KB)
...
006 (78851234.022.000) 2026-10-01 05:12:46 Image size of job updated: 1710112
	1671  -  MemoryUsage of job (MB)
	1710112  -  ResidentSetSize of job (KB)
...
006 (78851234.022.000) 2026-10-01 05:47:50 Image size of job updated: 1710116
	1671  -  MemoryUsage of job (MB)
	1710116  -  ResidentSetSize of job (KB)
...
006 (78851234.022.000) 2026-10-01 05:52:51 Image size of job updated: 1710124
	1671  -  MemoryUsage of job (MB)
	1710124  -  ResidentSetSize of job (KB)
...
006 (78851234.022.000) 2026-10-01 06:17:54 Image size of job updated: 1710128
	1671  -  MemoryUsage of job (MB)
	1710128  -  ResidentSetSize of job (KB)
...
006 (78851234.022.000) 2026-10-01 06:27:55 Image size of job updated: 1711136
	1672  -  MemoryUsage of job (MB)
	1711136  -  ResidentSetSize of job (KB)
...
006 (78851234.022.000) 2026-10-01 07:28:01 Image size of job updated: 1716116
	1675  -  MemoryUsage of job (MB)
	1715112  -  ResidentSetSize of job (KB)
...
006 (78851234.022.000) 2026-10-01 07:33:02 Image size of job updated: 1716116
	1675  -  MemoryUsage of job (MB)
	1715116  -  ResidentSetSize of job (KB)
...
006 (78851234.022.000) 2026-10-01 07:48:03 Image size of job updated: 1716132
	1675  -  MemoryUsage of job (MB)
	1715124  -  ResidentSetSize of job (KB)
...
006 (78851234.022.000) 2026-10-01 07:53:04 Image size of job updated: 1716132
	1675  -  MemoryUsage of job (MB)
	1715128  -  ResidentSetSize of job (KB)
...
006 (78851234.022.000) 2026-10-01 07:58:05 Image size of job updated: 1716132
	1675  -  MemoryUsage of job (MB)
	1715132  -  ResidentSetSize of job (KB)
...
006 (78851234.022.000) 2026-10-01 08:03:05 Image size of job updated: 1716140
	1676  -  MemoryUsage of job (MB)
	1716140  -  ResidentSetSize of job (KB)
...
006 (78851234.022.000) 2026-10-01 08:08:06 Image size of job updated: 1716144
	1676  -  MemoryUsage of job (MB)
	1716144  -  ResidentSetSize of job (KB)
...
006 (78851234.022.000) 2026-10-01 08:28:07 Image size of job updated: 1716248
	1677  -  MemoryUsage of job (MB)
	1716248  -  ResidentSetSize of job (KB)
...
006 (78851234.022.000) 2026-10-01 08:48:09 Image size of job updated: 1717156
	1677  -  MemoryUsage of job (MB)
	1717156  -  ResidentSetSize of job (KB)
...
006 (78851234.022.000) 2026-10-01 09:03:11 Image size of job updated: 1717160
	1677  -  MemoryUsage of job (MB)
	1717160  -  ResidentSetSize of job (KB)
...
006 (78851234.022.000) 2026-10-01 09:18:13 Image size of job updated: 1718168
	1678  -  MemoryUsage of job (MB)
	1718168  -  ResidentSetSize of job (KB)
...
006 (78851234.022.000) 2026-10-01 09:48:17 Image size of job updated: 1728184
	1688  -  MemoryUsage of job (MB)
	1728184  -  ResidentSetSize of job (KB)
...
006 (78851234.022.000) 2026-10-01 10:18:19 Image size of job updated: 1728188
	1688  -  MemoryUsage of job (MB)
	1728188  -  ResidentSetSize of job (KB)
...
006 (78851234.022.000) 2026-10-01 10:28:20 Image size of job updated: 1728192
	1688  -  MemoryUsage of job (MB)
	1728192  -  ResidentSetSize of job (KB)
...
006 (78851234.022.000) 2026-10-01 10:38:22 Image size of job updated: 1728196
	1688  -  MemoryUsage of job (MB)
	1728192  -  ResidentSetSize of job (KB)
...
006 (78851234.022.000) 2026-10-01 10:43:22 Image size of job updated: 1728196
	1688  -  MemoryUsage of job (MB)
	1728196  -  ResidentSetSize of job (KB)
...
006 (78851234.022.000) 2026-10-01 10:58:24 Image size of job updated: 1728200
	1688  -  MemoryUsage of job (MB)
	1728200  -  ResidentSetSize of job (KB)
...
006 (78851234.022.000) 2026-10-01 11:03:25 Image size of job updated: 1729208
	1689  -  MemoryUsage of job (MB)
	1729208  -  ResidentSetSize of job (KB)
...
006 (78851234.022.000) 2026-10-01 11:38:28 Image size of job updated: 1729220
	1689  -  MemoryUsage of job (MB)
	1729208  -  ResidentSetSize of job (KB)
...
006 (78851234.022.000) 2026-10-01 11:48:29 Image size of job updated: 1731224
	1691  -  MemoryUsage of job (MB)
	1731224  -  ResidentSetSize of job (KB)
...
006 (78851234.022.000) 2026-10-01 12:58:36 Image size of job updated: 1733240
	1693  -  MemoryUsage of job (MB)
	1733240  -  ResidentSetSize of job (KB)
...
006 (78851234.022.000) 2026-10-01 13:18:38 Image size of job updated: 1733244
	1693  -  MemoryUsage of job (MB)
	1733244  -  ResidentSetSize of job (KB)
...
006 (78851234.022.000) 2026-10-01 13:23:38 Image size of job updated: 1742188
	1702  -  MemoryUsage of job (MB)
	1742188  -  ResidentSetSize of job (KB)
...
006 (78851234.022.000) 2026-10-01 13:33:39 Image size of job updated: 1753436
	1713  -  MemoryUsage of job (MB)
	1753436  -  ResidentSetSize of job (KB)
...
004 (78851234.022.000) 2026-10-01 13:43:38 Job was evicted. Code 1019 Subcode 0
	(0) CPU times
		Usr 7 18:50:54, Sys 0 00:06:50  -  Run Remote Usage
		Usr 0 00:00:00, Sys 0 00:00:00  -  Run Local Usage
	0  -  Run Bytes Sent By Job
	0  -  Run Bytes Received By Job
	Reason: Preempted for a Priority user
	Partitionable Resources :    Usage  Request Allocated 
	   Cpus                 :     1.00        4         4 
	   Disk (KB)            : 25000       25000     28672 
	   GPUs                 :                           0 
	   Memory (MB)          :  1713        6000      6016 
	   TimeExecute (s)      : 90458                       
	   TimeSlotBusy (s)     : 90458                       
...
001 (78851234.022.000) 2026-10-01 13:43:41 Job executing on host: <10.14.8.188:9618?addrs=10.14.8.188-9618&alias=node1938.cluster.ldas.cit&noUDP&sock=startd_34686_4a17>
	SlotName: slot1_2@node1938.cluster.ldas.cit
	CondorScratchDir = "/var/lib/condor/execute/dir_35998/scratch"
	Cpus = 4
	Disk = 28672
	GPUs = 0
	Memory = 6016
...
004 (78851234.022.000) 2026-10-02 13:47:35 Job was evicted. Code 1019 Subcode 0
	(0) CPU times
		Usr 5 00:59:06, Sys 0 00:13:20  -  Run Remote Usage
		Usr 0 00:00:00, Sys 0 00:00:00  -  Run Local Usage
	0  -  Run Bytes Sent By Job
	0  -  Run Bytes Received By Job
	Reason: Preempted for a Priority user
	Partitionable Resources :    Usage  Request Allocated 
	   Cpus                 :     4.72        4         4 
	   Disk (KB)            : 25000       25000     28672 
	   GPUs                 :                           0 
	   Memory (MB)          :  1954        6000      6016 
	   TimeExecute (s)      : 86634                       
	   TimeSlotBusy (s)     : 86634                       
...
001 (78851234.022.000) 2026-10-02 13:48:05 Job executing on host: <10.14.10.120:9618?addrs=10.14.10.120-9618&alias=node2370.cluster.ldas.cit&noUDP&sock=startd_3331931_1b39>
	SlotName: slot1_8@node2370.cluster.ldas.cit
	CondorScratchDir = "/var/lib/condor/execute/dir_1620128/scratch"
	Cpus = 4
	Disk = 28672
	GPUs = 0
	Memory = 6016
...
005 (78851234.022.000) 2026-10-02 13:48:05 Job terminated.
	(1) Normal termination (return value 1)
		Usr 0 00:00:00, Sys 0 00:00:00  -  Run Remote Usage
		Usr 0 00:00:00, Sys 0 00:00:00  -  Run Local Usage
		Usr 12 19:50:00, Sys 0 00:20:10  -  Total Remote Usage
		Usr 0 00:00:00, Sys 0 00:00:00  -  Total Local Usage
	0  -  Run Bytes Sent By Job
	0  -  Run Bytes Received By Job
	0  -  Total Bytes Sent By Job
	0  -  Total Bytes Received By Job
	Partitionable Resources :    Usage  Request Allocated 
	   Cpus                 :        0        4         4 
	   Disk (KB)            :    25000    25000     28672 
	   GPUs                 :                           0 
	   Memory (MB)          :     1954     6000      6016 
	   TimeExecute (s)      :        0                    
	   TimeSlotBusy (s)     :        1                    
...
000 (78854872.022.000) 2026-10-03 17:21:23 Job submitted from host: <10.14.0.121:9618?addrs=10.14.0.121-9618&alias=ldas-pcdev12.ligo.caltech.edu&noUDP&sock=schedd_623140_c9b4>
...
001 (78854872.022.000) 2026-10-03 17:22:10 Job executing on host: <10.14.6.163:9618?addrs=10.14.6.163-9618&alias=node1413.cluster.ldas.cit&noUDP&sock=startd_35470_0c57>
	SlotName: slot1_1@node1413.cluster.ldas.cit
	CondorScratchDir = "/var/lib/condor/execute/dir_728060/scratch"
	Cpus = 4
	Disk = 28672
	GPUs = 0
	Memory = 6016
...
006 (78854872.022.000) 2026-10-03 17:22:19 Image size of job updated: 420392
	411  -  MemoryUsage of job (MB)
	420392  -  ResidentSetSize of job (KB)
...
006 (78854872.022.000) 2026-10-03 17:27:20 Image size of job updated: 545680
	533  -  MemoryUsage of job (MB)
	545680  -  ResidentSetSize of job (KB)
...
006 (78854872.022.000) 2026-10-03 17:32:20 Image size of job updated: 546948
	535  -  MemoryUsage of job (MB)
	546948  -  ResidentSetSize of job (KB)
...
006 (78854872.022.000) 2026-10-03 17:37:20 Image size of job updated: 596932
	578  -  MemoryUsage of job (MB)
	591668  -  ResidentSetSize of job (KB)
...
006 (78854872.022.000) 2026-10-03 17:42:21 Image size of job updated: 596932
	579  -  MemoryUsage of job (MB)
	592380  -  ResidentSetSize of job (KB)
...
006 (78854872.022.000) 2026-10-03 17:47:22 Image size of job updated: 596932
	580  -  MemoryUsage of job (MB)
	593008  -  ResidentSetSize of job (KB)
...
006 (78854872.022.000) 2026-10-03 17:52:22 Image size of job updated: 601032
	585  -  MemoryUsage of job (MB)
	598484  -  ResidentSetSize of job (KB)
...
006 (78854872.022.000) 2026-10-03 17:57:23 Image size of job updated: 601032
	585  -  MemoryUsage of job (MB)
	598736  -  ResidentSetSize of job (KB)
...
006 (78854872.022.000) 2026-10-03 18:02:24 Image size of job updated: 622136
	603  -  MemoryUsage of job (MB)
	616736  -  ResidentSetSize of job (KB)
...
006 (78854872.022.000) 2026-10-03 18:07:24 Image size of job updated: 622136
	603  -  MemoryUsage of job (MB)
	617060  -  ResidentSetSize of job (KB)
...
006 (78854872.022.000) 2026-10-03 18:12:25 Image size of job updated: 641644
	603  -  MemoryUsage of job (MB)
	617060  -  ResidentSetSize of job (KB)
...
006 (78854872.022.000) 2026-10-03 18:22:26 Image size of job updated: 641644
	606  -  MemoryUsage of job (MB)
	619624  -  ResidentSetSize of job (KB)
...
006 (78854872.022.000) 2026-10-03 18:27:26 Image size of job updated: 641644
	606  -  MemoryUsage of job (MB)
	619728  -  ResidentSetSize of job (KB)
...
006 (78854872.022.000) 2026-10-03 18:32:27 Image size of job updated: 641644
	619  -  MemoryUsage of job (MB)
	633192  -  ResidentSetSize of job (KB)
...
006 (78854872.022.000) 2026-10-03 18:37:27 Image size of job updated: 641644
	626  -  MemoryUsage of job (MB)
	640424  -  ResidentSetSize of job (KB)
...
006 (78854872.022.000) 2026-10-03 18:42:27 Image size of job updated: 647980
	633  -  MemoryUsage of job (MB)
	647980  -  ResidentSetSize of job (KB)
...
006 (78854872.022.000) 2026-10-03 18:47:28 Image size of job updated: 654172
	639  -  MemoryUsage of job (MB)
	654172  -  ResidentSetSize of job (KB)
...
006 (78854872.022.000) 2026-10-03 18:52:29 Image size of job updated: 661760
	647  -  MemoryUsage of job (MB)
	661760  -  ResidentSetSize of job (KB)
...
006 (78854872.022.000) 2026-10-03 18:57:29 Image size of job updated: 665052
	647  -  MemoryUsage of job (MB)
	661760  -  ResidentSetSize of job (KB)
...
006 (78854872.022.000) 2026-10-03 19:07:31 Image size of job updated: 667236
	647  -  MemoryUsage of job (MB)
	661760  -  ResidentSetSize of job (KB)
...
006 (78854872.022.000) 2026-10-03 19:17:32 Image size of job updated: 667236
	649  -  MemoryUsage of job (MB)
	663760  -  ResidentSetSize of job (KB)
...
006 (78854872.022.000) 2026-10-03 19:22:33 Image size of job updated: 667236
	649  -  MemoryUsage of job (MB)
	663788  -  ResidentSetSize of job (KB)
...
006 (78854872.022.000) 2026-10-03 19:27:33 Image size of job updated: 667236
	649  -  MemoryUsage of job (MB)
	663912  -  ResidentSetSize of job (KB)
...
006 (78854872.022.000) 2026-10-03 19:32:33 Image size of job updated: 667236
	650  -  MemoryUsage of job (MB)
	665228  -  ResidentSetSize of job (KB)
...
006 (78854872.022.000) 2026-10-03 19:37:34 Image size of job updated: 667236
	650  -  MemoryUsage of job (MB)
	665332  -  ResidentSetSize of job (KB)
...
006 (78854872.022.000) 2026-10-03 19:42:34 Image size of job updated: 667236
	651  -  MemoryUsage of job (MB)
	665656  -  ResidentSetSize of job (KB)
...
006 (78854872.022.000) 2026-10-03 19:47:34 Image size of job updated: 667236
	651  -  MemoryUsage of job (MB)
	665764  -  ResidentSetSize of job (KB)
...
006 (78854872.022.000) 2026-10-03 19:52:35 Image size of job updated: 667956
	651  -  MemoryUsage of job (MB)
	666232  -  ResidentSetSize of job (KB)
...
006 (78854872.022.000) 2026-10-03 19:57:36 Image size of job updated: 667956
	651  -  MemoryUsage of job (MB)
	666264  -  ResidentSetSize of job (KB)
...
006 (78854872.022.000) 2026-10-03 20:02:36 Image size of job updated: 671112
	654  -  MemoryUsage of job (MB)
	669692  -  ResidentSetSize of job (KB)
...
006 (78854872.022.000) 2026-10-03 20:07:37 Image size of job updated: 671112
	655  -  MemoryUsage of job (MB)
	669720  -  ResidentSetSize of job (KB)
...
006 (78854872.022.000) 2026-10-03 20:12:38 Image size of job updated: 671112
	655  -  MemoryUsage of job (MB)
	670160  -  ResidentSetSize of job (KB)
...
006 (78854872.022.000) 2026-10-03 20:22:39 Image size of job updated: 671112
	655  -  MemoryUsage of job (MB)
	670360  -  ResidentSetSize of job (KB)
...
006 (78854872.022.000) 2026-10-03 20:27:40 Image size of job updated: 673544
	658  -  MemoryUsage of job (MB)
	673544  -  ResidentSetSize of job (KB)
...
006 (78854872.022.000) 2026-10-03 20:32:40 Image size of job updated: 673588
	658  -  MemoryUsage of job (MB)
	673588  -  ResidentSetSize of job (KB)
...
006 (78854872.022.000) 2026-10-03 20:37:40 Image size of job updated: 676960
	661  -  MemoryUsage of job (MB)
	675968  -  ResidentSetSize of job (KB)
...
006 (78854872.022.000) 2026-10-03 20:42:41 Image size of job updated: 676960
	661  -  MemoryUsage of job (MB)
	676036  -  ResidentSetSize of job (KB)
...
006 (78854872.022.000) 2026-10-03 20:47:41 Image size of job updated: 676960
	661  -  MemoryUsage of job (MB)
	676288  -  ResidentSetSize of job (KB)
...
006 (78854872.022.000) 2026-10-03 20:52:41 Image size of job updated: 676960
	661  -  MemoryUsage of job (MB)
	676392  -  ResidentSetSize of job (KB)
...
006 (78854872.022.000) 2026-10-03 20:57:43 Image size of job updated: 676960
	661  -  MemoryUsage of job (MB)
	676408  -  ResidentSetSize of job (KB)
...
006 (78854872.022.000) 2026-10-03 21:02:43 Image size of job updated: 678020
	663  -  MemoryUsage of job (MB)
	678020  -  ResidentSetSize of job (KB)
...
006 (78854872.022.000) 2026-10-03 21:07:43 Image size of job updated: 678040
	663  -  MemoryUsage of job (MB)
	678040  -  ResidentSetSize of job (KB)
...
006 (78854872.022.000) 2026-10-03 21:12:44 Image size of job updated: 678044
	663  -  MemoryUsage of job (MB)
	678040  -  ResidentSetSize of job (KB)
...
006 (78854872.022.000) 2026-10-03 21:22:45 Image size of job updated: 679252
	663  -  MemoryUsage of job (MB)
	678040  -  ResidentSetSize of job (KB)
...
006 (78854872.022.000) 2026-10-03 21:32:47 Image size of job updated: 679252
	663  -  MemoryUsage of job (MB)
	678784  -  ResidentSetSize of job (KB)
...
000 (78854906.022.000) 2026-10-03 21:36:50 Job submitted from host: <10.14.0.121:9618?addrs=10.14.0.121-9618&alias=ldas-pcdev12.ligo.caltech.edu&noUDP&sock=schedd_623140_c9b4>
...
006 (78854872.022.000) 2026-10-03 21:37:47 Image size of job updated: 679340
	663  -  MemoryUsage of job (MB)
	678784  -  ResidentSetSize of job (KB)
...
004 (78854872.022.000) 2026-10-03 21:38:21 Job was evicted. Code 1023 Subcode 0
	(0) CPU times
		Usr 0 20:00:56, Sys 0 00:00:57  -  Run Remote Usage
		Usr 0 00:00:00, Sys 0 00:00:00  -  Run Local Usage
	0  -  Run Bytes Sent By Job
	0  -  Run Bytes Received By Job
	Reason: via condor_rm (by user pratyusava.baral)
	Partitionable Resources :    Usage  Request Allocated 
	   Cpus                 :     4.09        4         4 
	   Disk (KB)            : 25000       25000     28672 
	   GPUs                 :                           0 
	   Memory (MB)          :   663        6000      6016 
	   TimeExecute (s)      : 15371                       
	   TimeSlotBusy (s)     : 15371                       
...
009 (78854872.022.000) 2026-10-03 21:38:21 Job was aborted.
	via condor_rm (by user pratyusava.baral)
...
001 (78854906.022.000) 2026-10-03 21:38:42 Job executing on host: <10.14.9.121:9618?addrs=10.14.9.121-9618&alias=node2121.cluster.ldas.cit&noUDP&sock=startd_2716061_8320>
	SlotName: slot1_4@node2121.cluster.ldas.cit
	CondorScratchDir = "/var/lib/condor/execute/dir_4191496/scratch"
	Cpus = 4
	Disk = 28672
	GPUs = 0
	Memory = 6016
...
006 (78854906.022.000) 2026-10-03 21:38:51 Image size of job updated: 180524
	177  -  MemoryUsage of job (MB)
	180524  -  ResidentSetSize of job (KB)
...
006 (78854906.022.000) 2026-10-03 21:43:52 Image size of job updated: 425660
	416  -  MemoryUsage of job (MB)
	425660  -  ResidentSetSize of job (KB)
...
006 (78854906.022.000) 2026-10-03 21:48:53 Image size of job updated: 561936
	549  -  MemoryUsage of job (MB)
	561936  -  ResidentSetSize of job (KB)
...
006 (78854906.022.000) 2026-10-03 21:53:53 Image size of job updated: 563160
	550  -  MemoryUsage of job (MB)
	563160  -  ResidentSetSize of job (KB)
...
006 (78854906.022.000) 2026-10-03 21:58:54 Image size of job updated: 563896
	551  -  MemoryUsage of job (MB)
	563896  -  ResidentSetSize of job (KB)
...
006 (78854906.022.000) 2026-10-03 22:03:55 Image size of job updated: 583600
	562  -  MemoryUsage of job (MB)
	575316  -  ResidentSetSize of job (KB)
...
006 (78854906.022.000) 2026-10-03 22:08:55 Image size of job updated: 583600
	563  -  MemoryUsage of job (MB)
	575668  -  ResidentSetSize of job (KB)
...
006 (78854906.022.000) 2026-10-03 22:13:56 Image size of job updated: 602956
	589  -  MemoryUsage of job (MB)
	602312  -  ResidentSetSize of job (KB)
...
006 (78854906.022.000) 2026-10-03 22:18:57 Image size of job updated: 602956
	589  -  MemoryUsage of job (MB)
	602552  -  ResidentSetSize of job (KB)
...
006 (78854906.022.000) 2026-10-03 22:23:57 Image size of job updated: 616912
	597  -  MemoryUsage of job (MB)
	611180  -  ResidentSetSize of job (KB)
...
006 (78854906.022.000) 2026-10-03 22:28:57 Image size of job updated: 616912
	598  -  MemoryUsage of job (MB)
	611380  -  ResidentSetSize of job (KB)
...
006 (78854906.022.000) 2026-10-03 23:09:02 Image size of job updated: 624268
	598  -  MemoryUsage of job (MB)
	611628  -  ResidentSetSize of job (KB)
...
006 (78854906.022.000) 2026-10-03 23:14:02 Image size of job updated: 624268
	598  -  MemoryUsage of job (MB)
	611836  -  ResidentSetSize of job (KB)
...
006 (78854906.022.000) 2026-10-03 23:19:03 Image size of job updated: 624268
	600  -  MemoryUsage of job (MB)
	613452  -  ResidentSetSize of job (KB)
...
006 (78854906.022.000) 2026-10-03 23:24:04 Image size of job updated: 665016
	650  -  MemoryUsage of job (MB)
	665016  -  ResidentSetSize of job (KB)
...
006 (78854906.022.000) 2026-10-03 23:29:04 Image size of job updated: 860320
	841  -  MemoryUsage of job (MB)
	860320  -  ResidentSetSize of job (KB)
...
006 (78854906.022.000) 2026-10-03 23:34:04 Image size of job updated: 1104240
	1079  -  MemoryUsage of job (MB)
	1104240  -  ResidentSetSize of job (KB)
...
006 (78854906.022.000) 2026-10-03 23:39:05 Image size of job updated: 1323128
	1293  -  MemoryUsage of job (MB)
	1323128  -  ResidentSetSize of job (KB)
...
006 (78854906.022.000) 2026-10-03 23:44:05 Image size of job updated: 1558556
	1523  -  MemoryUsage of job (MB)
	1558556  -  ResidentSetSize of job (KB)
...
006 (78854906.022.000) 2026-10-03 23:49:05 Image size of job updated: 1766000
	1719  -  MemoryUsage of job (MB)
	1760068  -  ResidentSetSize of job (KB)
...
006 (78854906.022.000) 2026-10-03 23:54:06 Image size of job updated: 1766000
	1719  -  MemoryUsage of job (MB)
	1760164  -  ResidentSetSize of job (KB)
...
006 (78854906.022.000) 2026-10-03 23:59:07 Image size of job updated: 1766000
	1719  -  MemoryUsage of job (MB)
	1760236  -  ResidentSetSize of job (KB)
...
006 (78854906.022.000) 2026-10-04 00:04:07 Image size of job updated: 1766000
	1724  -  MemoryUsage of job (MB)
	1764968  -  ResidentSetSize of job (KB)
...
006 (78854906.022.000) 2026-10-04 00:09:08 Image size of job updated: 1766000
	1724  -  MemoryUsage of job (MB)
	1765028  -  ResidentSetSize of job (KB)
...
006 (78854906.022.000) 2026-10-04 00:14:09 Image size of job updated: 1767580
	1727  -  MemoryUsage of job (MB)
	1767580  -  ResidentSetSize of job (KB)
...
006 (78854906.022.000) 2026-10-04 00:19:09 Image size of job updated: 1767668
	1727  -  MemoryUsage of job (MB)
	1767668  -  ResidentSetSize of job (KB)
...
006 (78854906.022.000) 2026-10-04 00:24:10 Image size of job updated: 1767712
	1727  -  MemoryUsage of job (MB)
	1767668  -  ResidentSetSize of job (KB)
...
006 (78854906.022.000) 2026-10-04 00:34:11 Image size of job updated: 1780836
	1740  -  MemoryUsage of job (MB)
	1780836  -  ResidentSetSize of job (KB)
...
006 (78854906.022.000) 2026-10-04 00:39:11 Image size of job updated: 1780860
	1740  -  MemoryUsage of job (MB)
	1780856  -  ResidentSetSize of job (KB)
...
006 (78854906.022.000) 2026-10-04 00:59:13 Image size of job updated: 1805736
	1740  -  MemoryUsage of job (MB)
	1780856  -  ResidentSetSize of job (KB)
...
006 (78854906.022.000) 2026-10-04 02:24:23 Image size of job updated: 1805736
	1744  -  MemoryUsage of job (MB)
	1785760  -  ResidentSetSize of job (KB)
...
006 (78854906.022.000) 2026-10-04 02:59:26 Image size of job updated: 1805736
	1745  -  MemoryUsage of job (MB)
	1786152  -  ResidentSetSize of job (KB)
...
006 (78854906.022.000) 2026-10-04 03:04:26 Image size of job updated: 1805736
	1745  -  MemoryUsage of job (MB)
	1786188  -  ResidentSetSize of job (KB)
...
006 (78854906.022.000) 2026-10-04 03:09:27 Image size of job updated: 1805736
	1746  -  MemoryUsage of job (MB)
	1787092  -  ResidentSetSize of job (KB)
...
006 (78854906.022.000) 2026-10-04 04:19:35 Image size of job updated: 1816332
	1746  -  MemoryUsage of job (MB)
	1787092  -  ResidentSetSize of job (KB)
...
006 (78854906.022.000) 2026-10-04 04:29:36 Image size of job updated: 1816332
	1751  -  MemoryUsage of job (MB)
	1792900  -  ResidentSetSize of job (KB)
...
006 (78854906.022.000) 2026-10-04 04:34:37 Image size of job updated: 1816332
	1751  -  MemoryUsage of job (MB)
	1792924  -  ResidentSetSize of job (KB)
...
006 (78854906.022.000) 2026-10-04 04:39:37 Image size of job updated: 1816332
	1751  -  MemoryUsage of job (MB)
	1792984  -  ResidentSetSize of job (KB)
...
006 (78854906.022.000) 2026-10-04 06:09:46 Image size of job updated: 1822096
	1751  -  MemoryUsage of job (MB)
	1792984  -  ResidentSetSize of job (KB)
...
006 (78854906.022.000) 2026-10-04 06:19:47 Image size of job updated: 1822096
	1753  -  MemoryUsage of job (MB)
	1794068  -  ResidentSetSize of job (KB)
...
006 (78854906.022.000) 2026-10-04 06:24:48 Image size of job updated: 1822096
	1753  -  MemoryUsage of job (MB)
	1794076  -  ResidentSetSize of job (KB)
...
006 (78854906.022.000) 2026-10-04 06:29:49 Image size of job updated: 1822096
	1753  -  MemoryUsage of job (MB)
	1794104  -  ResidentSetSize of job (KB)
...
006 (78854906.022.000) 2026-10-04 06:34:49 Image size of job updated: 1825564
	1753  -  MemoryUsage of job (MB)
	1794104  -  ResidentSetSize of job (KB)
...
006 (78854906.022.000) 2026-10-04 08:25:00 Image size of job updated: 1830392
	1753  -  MemoryUsage of job (MB)
	1794676  -  ResidentSetSize of job (KB)
...
006 (78854906.022.000) 2026-10-04 08:30:00 Image size of job updated: 1830392
	1753  -  MemoryUsage of job (MB)
	1794684  -  ResidentSetSize of job (KB)
...
006 (78854906.022.000) 2026-10-04 08:35:00 Image size of job updated: 1855484
	1753  -  MemoryUsage of job (MB)
	1794684  -  ResidentSetSize of job (KB)
...
006 (78854906.022.000) 2026-10-04 08:45:01 Image size of job updated: 1855484
	1771  -  MemoryUsage of job (MB)
	1812536  -  ResidentSetSize of job (KB)
...
006 (78854906.022.000) 2026-10-04 08:50:01 Image size of job updated: 1855484
	1771  -  MemoryUsage of job (MB)
	1812544  -  ResidentSetSize of job (KB)
...
006 (78854906.022.000) 2026-10-04 11:25:17 Image size of job updated: 1855484
	1771  -  MemoryUsage of job (MB)
	1813376  -  ResidentSetSize of job (KB)
...
006 (78854906.022.000) 2026-10-04 11:30:17 Image size of job updated: 1855484
	1771  -  MemoryUsage of job (MB)
	1813396  -  ResidentSetSize of job (KB)
...
006 (78854906.022.000) 2026-10-04 11:35:17 Image size of job updated: 1855484
	1771  -  MemoryUsage of job (MB)
	1813424  -  ResidentSetSize of job (KB)
...
006 (78854906.022.000) 2026-10-04 11:50:18 Image size of job updated: 1871608
	1776  -  MemoryUsage of job (MB)
	1818028  -  ResidentSetSize of job (KB)
...
006 (78854906.022.000) 2026-10-04 11:55:19 Image size of job updated: 1871608
	1776  -  MemoryUsage of job (MB)
	1818036  -  ResidentSetSize of job (KB)
...
006 (78854906.022.000) 2026-10-04 12:00:20 Image size of job updated: 1871608
	1778  -  MemoryUsage of job (MB)
	1820360  -  ResidentSetSize of job (KB)
...
006 (78854906.022.000) 2026-10-04 12:05:20 Image size of job updated: 1871608
	1778  -  MemoryUsage of job (MB)
	1820368  -  ResidentSetSize of job (KB)
...
006 (78854906.022.000) 2026-10-04 12:10:21 Image size of job updated: 1876872
	1779  -  MemoryUsage of job (MB)
	1820796  -  ResidentSetSize of job (KB)
...
006 (78854906.022.000) 2026-10-04 12:15:22 Image size of job updated: 1876872
	1779  -  MemoryUsage of job (MB)
	1820812  -  ResidentSetSize of job (KB)
...
006 (78854906.022.000) 2026-10-04 12:20:22 Image size of job updated: 1880172
	1784  -  MemoryUsage of job (MB)
	1825868  -  ResidentSetSize of job (KB)
...
006 (78854906.022.000) 2026-10-04 12:25:23 Image size of job updated: 1880172
	1784  -  MemoryUsage of job (MB)
	1825876  -  ResidentSetSize of job (KB)
...
006 (78854906.022.000) 2026-10-04 12:30:24 Image size of job updated: 1883420
	1784  -  MemoryUsage of job (MB)
	1825876  -  ResidentSetSize of job (KB)
...
006 (78854906.022.000) 2026-10-04 12:40:24 Image size of job updated: 1883420
	1789  -  MemoryUsage of job (MB)
	1831252  -  ResidentSetSize of job (KB)
...
006 (78854906.022.000) 2026-10-04 12:45:25 Image size of job updated: 1883420
	1790  -  MemoryUsage of job (MB)
	1832460  -  ResidentSetSize of job (KB)
...
005 (78854906.022.000) 2026-10-04 13:12:20 Job terminated.
	(1) Normal termination (return value 0)
		Usr 7 20:08:42, Sys 0 00:08:19  -  Run Remote Usage
		Usr 0 00:00:00, Sys 0 00:00:00  -  Run Local Usage
		Usr 7 20:08:42, Sys 0 00:08:19  -  Total Remote Usage
		Usr 0 00:00:00, Sys 0 00:00:00  -  Total Local Usage
	0  -  Run Bytes Sent By Job
	0  -  Run Bytes Received By Job
	0  -  Total Bytes Sent By Job
	0  -  Total Bytes Received By Job
	Partitionable Resources :    Usage  Request Allocated 
	   Cpus                 :    11.32        4         4 
	   Disk (KB)            : 25000       25000     28672 
	   GPUs                 :                           0 
	   Memory (MB)          :  1790        6000      6016 
	   TimeExecute (s)      : 56018                       
	   TimeSlotBusy (s)     : 56018                       
...
000 (78855135.022.000) 2026-10-04 13:44:55 Job submitted from host: <10.14.0.121:9618?addrs=10.14.0.121-9618&alias=ldas-pcdev12.ligo.caltech.edu&noUDP&sock=schedd_623140_c9b4>
...
001 (78855135.022.000) 2026-10-04 13:49:18 Job executing on host: <10.14.4.82:9618?addrs=10.14.4.82-9618&alias=node832.cluster.ldas.cit&noUDP&sock=startd_2338582_50c9>
	SlotName: slot1_4@node832.cluster.ldas.cit
	CondorScratchDir = "/var/lib/condor/execute/dir_3567470/scratch"
	Cpus = 4
	Disk = 28672
	GPUs = 0
	Memory = 6016
...
006 (78855135.022.000) 2026-10-04 13:49:26 Image size of job updated: 194260
	190  -  MemoryUsage of job (MB)
	194260  -  ResidentSetSize of job (KB)
...
006 (78855135.022.000) 2026-10-04 13:49:50 Image size of job updated: 497624
	190  -  MemoryUsage of job (MB)
	194260  -  ResidentSetSize of job (KB)
...
005 (78855135.022.000) 2026-10-04 13:49:50 Job terminated.
	(1) Normal termination (return value 0)
		Usr 0 00:00:30, Sys 0 00:00:01  -  Run Remote Usage
		Usr 0 00:00:00, Sys 0 00:00:00  -  Run Local Usage
		Usr 0 00:00:30, Sys 0 00:00:01  -  Total Remote Usage
		Usr 0 00:00:00, Sys 0 00:00:00  -  Total Local Usage
	0  -  Run Bytes Sent By Job
	0  -  Run Bytes Received By Job
	0  -  Total Bytes Sent By Job
	0  -  Total Bytes Received By Job
	Partitionable Resources :    Usage  Request Allocated 
	   Cpus                 :        0        4         4 
	   Disk (KB)            :    25000    25000     28672 
	   GPUs                 :                           0 
	   Memory (MB)          :      190     6000      6016 
	   TimeExecute (s)      :       32                    
	   TimeSlotBusy (s)     :       33                    
...
