000 (78851234.026.000) 2026-09-30 12:35:31 Job submitted from host: <10.14.0.121:9618?addrs=10.14.0.121-9618&alias=ldas-pcdev12.ligo.caltech.edu&noUDP&sock=schedd_623140_c9b4>
...
001 (78851234.026.000) 2026-09-30 12:35:59 Job executing on host: <10.14.4.76:9618?addrs=10.14.4.76-9618&alias=node826.cluster.ldas.cit&noUDP&sock=startd_1274407_c7a4>
	SlotName: slot1_14@node826.cluster.ldas.cit
	CondorScratchDir = "/var/lib/condor/execute/dir_1374514/scratch"
	Cpus = 4
	Disk = 28672
	GPUs = 0
	Memory = 6016
...
006 (78851234.026.000) 2026-09-30 12:36:08 Image size of job updated: 136592
	134  -  MemoryUsage of job (MB)
	136592  -  ResidentSetSize of job (KB)
...
006 (78851234.026.000) 2026-09-30 12:41:08 Image size of job updated: 325132
	318  -  MemoryUsage of job (MB)
	325132  -  ResidentSetSize of job (KB)
...
006 (78851234.026.000) 2026-09-30 12:46:08 Image size of job updated: 326592
	319  -  MemoryUsage of job (MB)
	326592  -  ResidentSetSize of job (KB)
...
006 (78851234.026.000) 2026-09-30 12:51:09 Image size of job updated: 440472
	431  -  MemoryUsage of job (MB)
	440472  -  ResidentSetSize of job (KB)
...
006 (78851234.026.000) 2026-09-30 12:56:09 Image size of job updated: 441456
	432  -  MemoryUsage of job (MB)
	441456  -  ResidentSetSize of job (KB)
...
006 (78851234.026.000) 2026-09-30 13:01:10 Image size of job updated: 454340
	444  -  MemoryUsage of job (MB)
	454340  -  ResidentSetSize of job (KB)
...
006 (78851234.026.000) 2026-09-30 13:06:10 Image size of job updated: 454640
	444  -  MemoryUsage of job (MB)
	454640  -  ResidentSetSize of job (KB)
...
006 (78851234.026.000) 2026-09-30 13:11:10 Image size of job updated: 462612
	452  -  MemoryUsage of job (MB)
	462612  -  ResidentSetSize of job (KB)
...
006 (78851234.026.000) 2026-09-30 13:16:11 Image size of job updated: 462836
	452  -  MemoryUsage of job (MB)
	462836  -  ResidentSetSize of job (KB)
...
006 (78851234.026.000) 2026-09-30 13:21:11 Image size of job updated: 478652
	468  -  MemoryUsage of job (MB)
	478652  -  ResidentSetSize of job (KB)
...
006 (78851234.026.000) 2026-09-30 13:26:12 Image size of job updated: 478880
	468  -  MemoryUsage of job (MB)
	478880  -  ResidentSetSize of job (KB)
...
006 (78851234.026.000) 2026-09-30 13:31:12 Image size of job updated: 482100
	471  -  MemoryUsage of job (MB)
	482100  -  ResidentSetSize of job (KB)
...
006 (78851234.026.000) 2026-09-30 13:36:13 Image size of job updated: 482292
	471  -  MemoryUsage of job (MB)
	482292  -  ResidentSetSize of job (KB)
...
006 (78851234.026.000) 2026-09-30 13:41:14 Image size of job updated: 488636
	477  -  MemoryUsage of job (MB)
	488356  -  ResidentSetSize of job (KB)
...
006 (78851234.026.000) 2026-09-30 13:46:14 Image size of job updated: 488636
	478  -  MemoryUsage of job (MB)
	488500  -  ResidentSetSize of job (KB)
...
006 (78851234.026.000) 2026-09-30 13:51:15 Image size of job updated: 489648
	479  -  MemoryUsage of job (MB)
	489648  -  ResidentSetSize of job (KB)
...
006 (78851234.026.000) 2026-09-30 13:56:15 Image size of job updated: 489764
	479  -  MemoryUsage of job (MB)
	489764  -  ResidentSetSize of job (KB)
...
006 (78851234.026.000) 2026-09-30 14:01:16 Image size of job updated: 489908
	479  -  MemoryUsage of job (MB)
	489908  -  ResidentSetSize of job (KB)
...
006 (78851234.026.000) 2026-09-30 14:06:17 Image size of job updated: 490024
	479  -  MemoryUsage of job (MB)
	490024  -  ResidentSetSize of job (KB)
...
006 (78851234.026.000) 2026-09-30 14:11:17 Image size of job updated: 492984
	482  -  MemoryUsage of job (MB)
	492984  -  ResidentSetSize of job (KB)
...
006 (78851234.026.000) 2026-09-30 14:16:18 Image size of job updated: 493036
	482  -  MemoryUsage of job (MB)
	493036  -  ResidentSetSize of job (KB)
...
006 (78851234.026.000) 2026-09-30 14:21:18 Image size of job updated: 493096
	482  -  MemoryUsage of job (MB)
	493096  -  ResidentSetSize of job (KB)
...
006 (78851234.026.000) 2026-09-30 14:26:19 Image size of job updated: 493884
	483  -  MemoryUsage of job (MB)
	493884  -  ResidentSetSize of job (KB)
...
006 (78851234.026.000) 2026-09-30 14:31:20 Image size of job updated: 493940
	483  -  MemoryUsage of job (MB)
	493940  -  ResidentSetSize of job (KB)
...
006 (78851234.026.000) 2026-09-30 14:36:20 Image size of job updated: 494016
	483  -  MemoryUsage of job (MB)
	494016  -  ResidentSetSize of job (KB)
...
006 (78851234.026.000) 2026-09-30 14:41:21 Image size of job updated: 494064
	483  -  MemoryUsage of job (MB)
	494064  -  ResidentSetSize of job (KB)
...
006 (78851234.026.000) 2026-09-30 14:46:21 Image size of job updated: 494132
	483  -  MemoryUsage of job (MB)
	494132  -  ResidentSetSize of job (KB)
...
006 (78851234.026.000) 2026-09-30 14:51:22 Image size of job updated: 494168
	483  -  MemoryUsage of job (MB)
	494168  -  ResidentSetSize of job (KB)
...
006 (78851234.026.000) 2026-09-30 14:56:22 Image size of job updated: 494244
	483  -  MemoryUsage of job (MB)
	494244  -  ResidentSetSize of job (KB)
...
006 (78851234.026.000) 2026-09-30 15:01:22 Image size of job updated: 494260
	483  -  MemoryUsage of job (MB)
	494260  -  ResidentSetSize of job (KB)
...
006 (78851234.026.000) 2026-09-30 15:06:23 Image size of job updated: 494296
	483  -  MemoryUsage of job (MB)
	494296  -  ResidentSetSize of job (KB)
...
006 (78851234.026.000) 2026-09-30 15:11:23 Image size of job updated: 494316
	483  -  MemoryUsage of job (MB)
	494316  -  ResidentSetSize of job (KB)
...
006 (78851234.026.000) 2026-09-30 15:16:24 Image size of job updated: 494352
	483  -  MemoryUsage of job (MB)
	494352  -  ResidentSetSize of job (KB)
...
006 (78851234.026.000) 2026-09-30 15:21:25 Image size of job updated: 494388
	483  -  MemoryUsage of job (MB)
	494388  -  ResidentSetSize of job (KB)
...
006 (78851234.026.000) 2026-09-30 15:26:25 Image size of job updated: 494468
	483  -  MemoryUsage of job (MB)
	494468  -  ResidentSetSize of job (KB)
...
006 (78851234.026.000) 2026-09-30 15:31:26 Image size of job updated: 494508
	483  -  MemoryUsage of job (MB)
	494508  -  ResidentSetSize of job (KB)
...
006 (78851234.026.000) 2026-09-30 15:36:26 Image size of job updated: 498772
	488  -  MemoryUsage of job (MB)
	498772  -  ResidentSetSize of job (KB)
...
006 (78851234.026.000) 2026-09-30 15:41:27 Image size of job updated: 498780
	488  -  MemoryUsage of job (MB)
	498780  -  ResidentSetSize of job (KB)
...
006 (78851234.026.000) 2026-09-30 15:46:28 Image size of job updated: 498808
	488  -  MemoryUsage of job (MB)
	498808  -  ResidentSetSize of job (KB)
...
006 (78851234.026.000) 2026-09-30 15:51:28 Image size of job updated: 498820
	488  -  MemoryUsage of job (MB)
	498820  -  ResidentSetSize of job (KB)
...
006 (78851234.026.000) 2026-09-30 15:56:29 Image size of job updated: 498836
	488  -  MemoryUsage of job (MB)
	498836  -  ResidentSetSize of job (KB)
...
006 (78851234.026.000) 2026-09-30 16:01:29 Image size of job updated: 498864
	488  -  MemoryUsage of job (MB)
	498864  -  ResidentSetSize of job (KB)
...
006 (78851234.026.000) 2026-09-30 16:06:30 Image size of job updated: 500760
	490  -  MemoryUsage of job (MB)
	500760  -  ResidentSetSize of job (KB)
...
006 (78851234.026.000) 2026-09-30 16:11:31 Image size of job updated: 500776
	490  -  MemoryUsage of job (MB)
	500776  -  ResidentSetSize of job (KB)
...
006 (78851234.026.000) 2026-09-30 16:16:31 Image size of job updated: 503764
	492  -  MemoryUsage of job (MB)
	503764  -  ResidentSetSize of job (KB)
...
006 (78851234.026.000) 2026-09-30 16:21:32 Image size of job updated: 504024
	492  -  MemoryUsage of job (MB)
	503808  -  ResidentSetSize of job (KB)
...
006 (78851234.026.000) 2026-09-30 16:36:33 Image size of job updated: 508340
	497  -  MemoryUsage of job (MB)
	508340  -  ResidentSetSize of job (KB)
...
006 (78851234.026.000) 2026-09-30 16:41:33 Image size of job updated: 550516
	538  -  MemoryUsage of job (MB)
	550516  -  ResidentSetSize of job (KB)
...
006 (78851234.026.000) 2026-09-30 16:46:34 Image size of job updated: 550540
	538  -  MemoryUsage of job (MB)
	550540  -  ResidentSetSize of job (KB)
...
006 (78851234.026.000) 2026-09-30 16:51:34 Image size of job updated: 551220
	539  -  MemoryUsage of job (MB)
	551220  -  ResidentSetSize of job (KB)
...
006 (78851234.026.000) 2026-09-30 16:56:35 Image size of job updated: 551224
	539  -  MemoryUsage of job (MB)
	551224  -  ResidentSetSize of job (KB)
...
006 (78851234.026.000) 2026-09-30 17:01:36 Image size of job updated: 554672
	541  -  MemoryUsage of job (MB)
	553672  -  ResidentSetSize of job (KB)
...
006 (78851234.026.000) 2026-09-30 17:06:36 Image size of job updated: 554672
	541  -  MemoryUsage of job (MB)
	553680  -  ResidentSetSize of job (KB)
...
006 (78851234.026.000) 2026-09-30 17:11:37 Image size of job updated: 769104
	752  -  MemoryUsage of job (MB)
	769104  -  ResidentSetSize of job (KB)
...
006 (78851234.026.000) 2026-09-30 17:16:37 Image size of job updated: 1010596
	987  -  MemoryUsage of job (MB)
	1010596  -  ResidentSetSize of job (KB)
...
006 (78851234.026.000) 2026-09-30 17:21:37 Image size of job updated: 1274160
	1245  -  MemoryUsage of job (MB)
	1274160  -  ResidentSetSize of job (KB)
...
006 (78851234.026.000) 2026-09-30 17:26:38 Image size of job updated: 1490576
	1456  -  MemoryUsage of job (MB)
	1490576  -  ResidentSetSize of job (KB)
...
006 (78851234.026.000) 2026-09-30 17:31:38 Image size of job updated: 1635132
	1597  -  MemoryUsage of job (MB)
	1635132  -  ResidentSetSize of job (KB)
...
006 (78851234.026.000) 2026-09-30 17:36:39 Image size of job updated: 1635144
	1597  -  MemoryUsage of job (MB)
	1635144  -  ResidentSetSize of job (KB)
...
006 (78851234.026.000) 2026-09-30 17:41:39 Image size of job updated: 1635156
	1597  -  MemoryUsage of job (MB)
	1635156  -  ResidentSetSize of job (KB)
...
006 (78851234.026.000) 2026-09-30 17:46:40 Image size of job updated: 1636180
	1598  -  MemoryUsage of job (MB)
	1636180  -  ResidentSetSize of job (KB)
...
006 (78851234.026.000) 2026-09-30 17:51:40 Image size of job updated: 1636184
	1598  -  MemoryUsage of job (MB)
	1636184  -  ResidentSetSize of job (KB)
...
006 (78851234.026.000) 2026-09-30 17:56:40 Image size of job updated: 1638788
	1601  -  MemoryUsage of job (MB)
	1638788  -  ResidentSetSize of job (KB)
...
006 (78851234.026.000) 2026-09-30 18:01:41 Image size of job updated: 1638800
	1601  -  MemoryUsage of job (MB)
	1638800  -  ResidentSetSize of job (KB)
...
006 (78851234.026.000) 2026-09-30 18:06:41 Image size of job updated: 1639300
	1601  -  MemoryUsage of job (MB)
	1639300  -  ResidentSetSize of job (KB)
...
006 (78851234.026.000) 2026-09-30 18:11:42 Image size of job updated: 1639308
	1601  -  MemoryUsage of job (MB)
	1639308  -  ResidentSetSize of job (KB)
...
006 (78851234.026.000) 2026-09-30 18:16:42 Image size of job updated: 1640324
	1602  -  MemoryUsage of job (MB)
	1640324  -  ResidentSetSize of job (KB)
...
006 (78851234.026.000) 2026-09-30 18:21:42 Image size of job updated: 1640348
	1602  -  MemoryUsage of job (MB)
	1640348  -  ResidentSetSize of job (KB)
...
006 (78851234.026.000) 2026-09-30 18:26:43 Image size of job updated: 1640400
	1602  -  MemoryUsage of job (MB)
	1640400  -  ResidentSetSize of job (KB)
...
006 (78851234.026.000) 2026-09-30 18:31:43 Image size of job updated: 1640456
	1603  -  MemoryUsage of job (MB)
	1640456  -  ResidentSetSize of job (KB)
...
006 (78851234.026.000) 2026-09-30 18:36:44 Image size of job updated: 1640496
	1603  -  MemoryUsage of job (MB)
	1640496  -  ResidentSetSize of job (KB)
...
006 (78851234.026.000) 2026-09-30 18:41:44 Image size of job updated: 1640500
	1603  -  MemoryUsage of job (MB)
	1640500  -  ResidentSetSize of job (KB)
...
006 (78851234.026.000) 2026-09-30 18:46:45 Image size of job updated: 1647696
	1608  -  MemoryUsage of job (MB)
	1645684  -  ResidentSetSize of job (KB)
...
006 (78851234.026.000) 2026-09-30 18:51:46 Image size of job updated: 1647696
	1608  -  MemoryUsage of job (MB)
	1645692  -  ResidentSetSize of job (KB)
...
006 (78851234.026.000) 2026-09-30 19:01:47 Image size of job updated: 1647696
	1608  -  MemoryUsage of job (MB)
	1645696  -  ResidentSetSize of job (KB)
...
006 (78851234.026.000) 2026-09-30 19:06:47 Image size of job updated: 1652336
	1614  -  MemoryUsage of job (MB)
	1652336  -  ResidentSetSize of job (KB)
...
006 (78851234.026.000) 2026-09-30 19:21:49 Image size of job updated: 1652412
	1614  -  MemoryUsage of job (MB)
	1652412  -  ResidentSetSize of job (KB)
...
006 (78851234.026.000) 2026-09-30 19:26:50 Image size of job updated: 1652452
	1614  -  MemoryUsage of job (MB)
	1652452  -  ResidentSetSize of job (KB)
...
006 (78851234.026.000) 2026-09-30 19:31:50 Image size of job updated: 1653632
	1615  -  MemoryUsage of job (MB)
	1653632  -  ResidentSetSize of job (KB)
...
006 (78851234.026.000) 2026-09-30 19:36:51 Image size of job updated: 1653668
	1615  -  MemoryUsage of job (MB)
	1653668  -  ResidentSetSize of job (KB)
...
006 (78851234.026.000) 2026-09-30 19:41:52 Image size of job updated: 1654464
	1616  -  MemoryUsage of job (MB)
	1654464  -  ResidentSetSize of job (KB)
...
006 (78851234.026.000) 2026-09-30 19:46:52 Image size of job updated: 1654476
	1616  -  MemoryUsage of job (MB)
	1654476  -  ResidentSetSize of job (KB)
...
006 (78851234.026.000) 2026-09-30 19:51:53 Image size of job updated: 1654940
	1617  -  MemoryUsage of job (MB)
	1654940  -  ResidentSetSize of job (KB)
...
006 (78851234.026.000) 2026-09-30 20:01:54 Image size of job updated: 1663184
	1625  -  MemoryUsage of job (MB)
	1663184  -  ResidentSetSize of job (KB)
...
006 (78851234.026.000) 2026-09-30 20:06:54 Image size of job updated: 1663196
	1625  -  MemoryUsage of job (MB)
	1663196  -  ResidentSetSize of job (KB)
...
006 (78851234.026.000) 2026-09-30 20:11:55 Image size of job updated: 1663204
	1625  -  MemoryUsage of job (MB)
	1663204  -  ResidentSetSize of job (KB)
...
006 (78851234.026.000) 2026-09-30 20:16:56 Image size of job updated: 1663212
	1625  -  MemoryUsage of job (MB)
	1663212  -  ResidentSetSize of job (KB)
...
006 (78851234.026.000) 2026-09-30 20:21:56 Image size of job updated: 1665024
	1626  -  MemoryUsage of job (MB)
	1665024  -  ResidentSetSize of job (KB)
...
006 (78851234.026.000) 2026-09-30 20:26:57 Image size of job updated: 1665028
	1627  -  MemoryUsage of job (MB)
	1665028  -  ResidentSetSize of job (KB)
...
006 (78851234.026.000) 2026-09-30 20:31:57 Image size of job updated: 1665032
	1627  -  MemoryUsage of job (MB)
	1665032  -  ResidentSetSize of job (KB)
...
006 (78851234.026.000) 2026-09-30 20:36:58 Image size of job updated: 1665248
	1627  -  MemoryUsage of job (MB)
	1665248  -  ResidentSetSize of job (KB)
...
006 (78851234.026.000) 2026-09-30 20:46:59 Image size of job updated: 1669268
	1630  -  MemoryUsage of job (MB)
	1668280  -  ResidentSetSize of job (KB)
...
006 (78851234.026.000) 2026-09-30 20:57:00 Image size of job updated: 1669268
	1630  -  MemoryUsage of job (MB)
	1668284  -  ResidentSetSize of job (KB)
...
006 (78851234.026.000) 2026-09-30 21:07:02 Image size of job updated: 1669268
	1630  -  MemoryUsage of job (MB)
	1668288  -  ResidentSetSize of job (KB)
...
006 (78851234.026.000) 2026-09-30 21:17:03 Image size of job updated: 1669268
	1630  -  MemoryUsage of job (MB)
	1668292  -  ResidentSetSize of job (KB)
...
006 (78851234.026.000) 2026-09-30 21:22:03 Image size of job updated: 1669268
	1630  -  MemoryUsage of job (MB)
	1668300  -  ResidentSetSize of job (KB)
...
006 (78851234.026.000) 2026-09-30 21:27:04 Image size of job updated: 1669268
	1630  -  MemoryUsage of job (MB)
	1668976  -  ResidentSetSize of job (KB)
...
006 (78851234.026.000) 2026-09-30 21:32:05 Image size of job updated: 1669268
	1630  -  MemoryUsage of job (MB)
	1668996  -  ResidentSetSize of job (KB)
...
006 (78851234.026.000) 2026-09-30 21:42:06 Image size of job updated: 1669344
	1631  -  MemoryUsage of job (MB)
	1669344  -  ResidentSetSize of job (KB)
...
006 (78851234.026.000) 2026-09-30 21:47:06 Image size of job updated: 1669376
	1631  -  MemoryUsage of job (MB)
	1669376  -  ResidentSetSize of job (KB)
...
006 (78851234.026.000) 2026-09-30 21:52:07 Image size of job updated: 1669380
	1631  -  MemoryUsage of job (MB)
	1669380  -  ResidentSetSize of job (KB)
...
006 (78851234.026.000) 2026-09-30 21:57:08 Image size of job updated: 1669388
	1631  -  MemoryUsage of job (MB)
	1669388  -  ResidentSetSize of job (KB)
...
006 (78851234.026.000) 2026-09-30 22:02:08 Image size of job updated: 1670776
	1632  -  MemoryUsage of job (MB)
	1670776  -  ResidentSetSize of job (KB)
...
006 (78851234.026.000) 2026-09-30 22:07:09 Image size of job updated: 1670792
	1632  -  MemoryUsage of job (MB)
	1670792  -  ResidentSetSize of job (KB)
...
006 (78851234.026.000) 2026-09-30 22:12:09 Image size of job updated: 1676616
	1638  -  MemoryUsage of job (MB)
	1676616  -  ResidentSetSize of job (KB)
...
006 (78851234.026.000) 2026-09-30 22:17:10 Image size of job updated: 1676620
	1638  -  MemoryUsage of job (MB)
	1676620  -  ResidentSetSize of job (KB)
...
006 (78851234.026.000) 2026-09-30 22:22:10 Image size of job updated: 1677024
	1638  -  MemoryUsage of job (MB)
	1677024  -  ResidentSetSize of job (KB)
...
006 (78851234.026.000) 2026-09-30 22:27:10 Image size of job updated: 1677028
	1638  -  MemoryUsage of job (MB)
	1677028  -  ResidentSetSize of job (KB)
...
006 (78851234.026.000) 2026-09-30 22:32:11 Image size of job updated: 1677032
	1638  -  MemoryUsage of job (MB)
	1677032  -  ResidentSetSize of job (KB)
...
006 (78851234.026.000) 2026-09-30 22:37:11 Image size of job updated: 1678640
	1640  -  MemoryUsage of job (MB)
	1678640  -  ResidentSetSize of job (KB)
...
006 (78851234.026.000) 2026-09-30 22:47:12 Image size of job updated: 1678656
	1640  -  MemoryUsage of job (MB)
	1678656  -  ResidentSetSize of job (KB)
...
006 (78851234.026.000) 2026-09-30 22:52:12 Image size of job updated: 1678664
	1640  -  MemoryUsage of job (MB)
	1678664  -  ResidentSetSize of job (KB)
...
006 (78851234.026.000) 2026-09-30 23:07:14 Image size of job updated: 1679676
	1641  -  MemoryUsage of job (MB)
	1679676  -  ResidentSetSize of job (KB)
...
006 (78851234.026.000) 2026-09-30 23:12:15 Image size of job updated: 1679728
	1641  -  MemoryUsage of job (MB)
	1679728  -  ResidentSetSize of job (KB)
...
006 (78851234.026.000) 2026-09-30 23:17:15 Image size of job updated: 1680736
	1642  -  MemoryUsage of job (MB)
	1680736  -  ResidentSetSize of job (KB)
...
006 (78851234.026.000) 2026-09-30 23:22:16 Image size of job updated: 1680744
	1642  -  MemoryUsage of job (MB)
	1680744  -  ResidentSetSize of job (KB)
...
006 (78851234.026.000) 2026-09-30 23:27:16 Image size of job updated: 1680800
	1642  -  MemoryUsage of job (MB)
	1680800  -  ResidentSetSize of job (KB)
...
006 (78851234.026.000) 2026-09-30 23:32:17 Image size of job updated: 1680816
	1642  -  MemoryUsage of job (MB)
	1680816  -  ResidentSetSize of job (KB)
...
006 (78851234.026.000) 2026-09-30 23:37:17 Image size of job updated: 1680820
	1642  -  MemoryUsage of job (MB)
	1680820  -  ResidentSetSize of job (KB)
...
006 (78851234.026.000) 2026-09-30 23:42:17 Image size of job updated: 1680832
	1642  -  MemoryUsage of job (MB)
	1680832  -  ResidentSetSize of job (KB)
...
006 (78851234.026.000) 2026-09-30 23:52:18 Image size of job updated: 1680836
	1642  -  MemoryUsage of job (MB)
	1680836  -  ResidentSetSize of job (KB)
...
006 (78851234.026.000) 2026-10-01 00:02:19 Image size of job updated: 1680840
	1642  -  MemoryUsage of job (MB)
	1680840  -  ResidentSetSize of job (KB)
...
006 (78851234.026.000) 2026-10-01 00:07:20 Image size of job updated: 1680844
	1642  -  MemoryUsage of job (MB)
	1680844  -  ResidentSetSize of job (KB)
...
006 (78851234.026.000) 2026-10-01 00:12:21 Image size of job updated: 1682860
	1644  -  MemoryUsage of job (MB)
	1682860  -  ResidentSetSize of job (KB)
...
006 (78851234.026.000) 2026-10-01 00:17:21 Image size of job updated: 1682864
	1644  -  MemoryUsage of job (MB)
	1682864  -  ResidentSetSize of job (KB)
...
006 (78851234.026.000) 2026-10-01 00:22:22 Image size of job updated: 1682868
	1644  -  MemoryUsage of job (MB)
	1682868  -  ResidentSetSize of job (KB)
...
006 (78851234.026.000) 2026-10-01 00:37:24 Image size of job updated: 1682876
	1644  -  MemoryUsage of job (MB)
	1682876  -  ResidentSetSize of job (KB)
...
006 (78851234.026.000) 2026-10-01 00:42:24 Image size of job updated: 1682888
	1644  -  MemoryUsage of job (MB)
	1682888  -  ResidentSetSize of job (KB)
...
006 (78851234.026.000) 2026-10-01 00:47:25 Image size of job updated: 1683908
	1645  -  MemoryUsage of job (MB)
	1683896  -  ResidentSetSize of job (KB)
...
006 (78851234.026.000) 2026-10-01 01:12:28 Image size of job updated: 1683908
	1645  -  MemoryUsage of job (MB)
	1683900  -  ResidentSetSize of job (KB)
...
006 (78851234.026.000) 2026-10-01 01:22:28 Image size of job updated: 1685920
	1647  -  MemoryUsage of job (MB)
	1685920  -  ResidentSetSize of job (KB)
...
006 (78851234.026.000) 2026-10-01 01:42:30 Image size of job updated: 1685924
	1647  -  MemoryUsage of job (MB)
	1685924  -  ResidentSetSize of job (KB)
...
006 (78851234.026.000) 2026-10-01 01:47:30 Image size of job updated: 1685928
	1647  -  MemoryUsage of job (MB)
	1685928  -  ResidentSetSize of job (KB)
...
006 (78851234.026.000) 2026-10-01 02:02:32 Image size of job updated: 1685932
	1647  -  MemoryUsage of job (MB)
	1685932  -  ResidentSetSize of job (KB)
...
006 (78851234.026.000) 2026-10-01 02:22:34 Image size of job updated: 1685944
	1647  -  MemoryUsage of job (MB)
	1685944  -  ResidentSetSize of job (KB)
...
006 (78851234.026.000) 2026-10-01 02:27:35 Image size of job updated: 1687960
	1649  -  MemoryUsage of job (MB)
	1687960  -  ResidentSetSize of job (KB)
...
006 (78851234.026.000) 2026-10-01 02:37:36 Image size of job updated: 1687980
	1649  -  MemoryUsage of job (MB)
	1687980  -  ResidentSetSize of job (KB)
...
006 (78851234.026.000) 2026-10-01 02:47:37 Image size of job updated: 1688988
	1650  -  MemoryUsage of job (MB)
	1688988  -  ResidentSetSize of job (KB)
...
006 (78851234.026.000) 2026-10-01 02:57:38 Image size of job updated: 1688996
	1650  -  MemoryUsage of job (MB)
	1688996  -  ResidentSetSize of job (KB)
...
006 (78851234.026.000) 2026-10-01 03:02:39 Image size of job updated: 1689000
	1650  -  MemoryUsage of job (MB)
	1689000  -  ResidentSetSize of job (KB)
...
006 (78851234.026.000) 2026-10-01 03:07:40 Image size of job updated: 1689164
	1650  -  MemoryUsage of job (MB)
	1689164  -  ResidentSetSize of job (KB)
...
006 (78851234.026.000) 2026-10-01 03:12:40 Image size of job updated: 1689168
	1650  -  MemoryUsage of job (MB)
	1689168  -  ResidentSetSize of job (KB)
...
006 (78851234.026.000) 2026-10-01 03:17:41 Image size of job updated: 1690176
	1651  -  MemoryUsage of job (MB)
	1690176  -  ResidentSetSize of job (KB)
...
006 (78851234.026.000) 2026-10-01 03:22:41 Image size of job updated: 1690180
	1651  -  MemoryUsage of job (MB)
	1690180  -  ResidentSetSize of job (KB)
...
006 (78851234.026.000) 2026-10-01 03:32:43 Image size of job updated: 1690232
	1651  -  MemoryUsage of job (MB)
	1690232  -  ResidentSetSize of job (KB)
...
006 (78851234.026.000) 2026-10-01 03:42:44 Image size of job updated: 1691244
	1652  -  MemoryUsage of job (MB)
	1691244  -  ResidentSetSize of job (KB)
...
006 (78851234.026.000) 2026-10-01 03:52:45 Image size of job updated: 1692252
	1653  -  MemoryUsage of job (MB)
	1692252  -  ResidentSetSize of job (KB)
...
006 (78851234.026.000) 2026-10-01 03:57:46 Image size of job updated: 1692256
	1653  -  MemoryUsage of job (MB)
	1692256  -  ResidentSetSize of job (KB)
...
006 (78851234.026.000) 2026-10-01 04:07:47 Image size of job updated: 1692260
	1653  -  MemoryUsage of job (MB)
	1692260  -  ResidentSetSize of job (KB)
...
006 (78851234.026.000) 2026-10-01 04:12:47 Image size of job updated: 1692308
	1653  -  MemoryUsage of job (MB)
	1692308  -  ResidentSetSize of job (KB)
...
006 (78851234.026.000) 2026-10-01 04:17:49 Image size of job updated: 1692312
	1653  -  MemoryUsage of job (MB)
	1692312  -  ResidentSetSize of job (KB)
...
006 (78851234.026.000) 2026-10-01 04:57:52 Image size of job updated: 1692328
	1653  -  MemoryUsage of job (MB)
	1692328  -  ResidentSetSize of job (KB)
...
006 (78851234.026.000) 2026-10-01 05:02:52 Image size of job updated: 1692332
	1653  -  MemoryUsage of job (MB)
	1692332  -  ResidentSetSize of job (KB)
...
006 (78851234.026.000) 2026-10-01 05:07:53 Image size of job updated: 1692340
	1653  -  MemoryUsage of job (MB)
	1692340  -  ResidentSetSize of job (KB)
...
006 (78851234.026.000) 2026-10-01 05:12:53 Image size of job updated: 1692344
	1653  -  MemoryUsage of job (MB)
	1692344  -  ResidentSetSize of job (KB)
...
006 (78851234.026.000) 2026-10-01 05:22:54 Image size of job updated: 1692424
	1653  -  MemoryUsage of job (MB)
	1692416  -  ResidentSetSize of job (KB)
...
006 (78851234.026.000) 2026-10-01 05:32:55 Image size of job updated: 1694388
	1655  -  MemoryUsage of job (MB)
	1694388  -  ResidentSetSize of job (KB)
...
006 (78851234.026.000) 2026-10-01 05:47:57 Image size of job updated: 1696508
	1657  -  MemoryUsage of job (MB)
	1696508  -  ResidentSetSize of job (KB)
...
006 (78851234.026.000) 2026-10-01 05:52:57 Image size of job updated: 1696512
	1657  -  MemoryUsage of job (MB)
	1696512  -  ResidentSetSize of job (KB)
...
006 (78851234.026.000) 2026-10-01 06:17:59 Image size of job updated: 1697564
	1658  -  MemoryUsage of job (MB)
	1697564  -  ResidentSetSize of job (KB)
...
006 (78851234.026.000) 2026-10-01 06:28:01 Image size of job updated: 1697568
	1658  -  MemoryUsage of job (MB)
	1697568  -  ResidentSetSize of job (KB)
...
006 (78851234.026.000) 2026-10-01 06:33:01 Image size of job updated: 1698524
	1659  -  MemoryUsage of job (MB)
	1698524  -  ResidentSetSize of job (KB)
...
006 (78851234.026.000) 2026-10-01 06:43:02 Image size of job updated: 1705632
	1666  -  MemoryUsage of job (MB)
	1705632  -  ResidentSetSize of job (KB)
...
006 (78851234.026.000) 2026-10-01 06:53:03 Image size of job updated: 1706640
	1667  -  MemoryUsage of job (MB)
	1706640  -  ResidentSetSize of job (KB)
...
006 (78851234.026.000) 2026-10-01 07:03:04 Image size of job updated: 1706644
	1667  -  MemoryUsage of job (MB)
	1706644  -  ResidentSetSize of job (KB)
...
006 (78851234.026.000) 2026-10-01 07:18:05 Image size of job updated: 1719656
	1680  -  MemoryUsage of job (MB)
	1719656  -  ResidentSetSize of job (KB)
...
006 (78851234.026.000) 2026-10-01 07:28:07 Image size of job updated: 1719688
	1680  -  MemoryUsage of job (MB)
	1719688  -  ResidentSetSize of job (KB)
...
006 (78851234.026.000) 2026-10-01 07:38:08 Image size of job updated: 1719692
	1680  -  MemoryUsage of job (MB)
	1719692  -  ResidentSetSize of job (KB)
...
006 (78851234.026.000) 2026-10-01 07:43:08 Image size of job updated: 1719696
	1680  -  MemoryUsage of job (MB)
	1719696  -  ResidentSetSize of job (KB)
...
006 (78851234.026.000) 2026-10-01 07:48:09 Image size of job updated: 1721728
	1682  -  MemoryUsage of job (MB)
	1721728  -  ResidentSetSize of job (KB)
...
006 (78851234.026.000) 2026-10-01 07:58:10 Image size of job updated: 1721732
	1682  -  MemoryUsage of job (MB)
	1721732  -  ResidentSetSize of job (KB)
...
006 (78851234.026.000) 2026-10-01 08:33:14 Image size of job updated: 1721748
	1682  -  MemoryUsage of job (MB)
	1721748  -  ResidentSetSize of job (KB)
...
006 (78851234.026.000) 2026-10-01 08:43:15 Image size of job updated: 1721764
	1682  -  MemoryUsage of job (MB)
	1721764  -  ResidentSetSize of job (KB)
...
006 (78851234.026.000) 2026-10-01 09:13:18 Image size of job updated: 1722036
	1682  -  MemoryUsage of job (MB)
	1722036  -  ResidentSetSize of job (KB)
...
006 (78851234.026.000) 2026-10-01 09:18:19 Image size of job updated: 1722052
	1682  -  MemoryUsage of job (MB)
	1722052  -  ResidentSetSize of job (KB)
...
006 (78851234.026.000) 2026-10-01 09:23:19 Image size of job updated: 1722080
	1682  -  MemoryUsage of job (MB)
	1722052  -  ResidentSetSize of job (KB)
...
006 (78851234.026.000) 2026-10-01 09:48:22 Image size of job updated: 1723116
	1683  -  MemoryUsage of job (MB)
	1723116  -  ResidentSetSize of job (KB)
...
006 (78851234.026.000) 2026-10-01 10:03:23 Image size of job updated: 1723120
	1683  -  MemoryUsage of job (MB)
	1723120  -  ResidentSetSize of job (KB)
...
006 (78851234.026.000) 2026-10-01 10:08:24 Image size of job updated: 1723136
	1683  -  MemoryUsage of job (MB)
	1723136  -  ResidentSetSize of job (KB)
...
006 (78851234.026.000) 2026-10-01 10:18:25 Image size of job updated: 1723140
	1683  -  MemoryUsage of job (MB)
	1723140  -  ResidentSetSize of job (KB)
...
006 (78851234.026.000) 2026-10-01 10:33:27 Image size of job updated: 1723144
	1683  -  MemoryUsage of job (MB)
	1723144  -  ResidentSetSize of job (KB)
...
006 (78851234.026.000) 2026-10-01 10:53:30 Image size of job updated: 1725192
	1685  -  MemoryUsage of job (MB)
	1725192  -  ResidentSetSize of job (KB)
...
006 (78851234.026.000) 2026-10-01 11:03:30 Image size of job updated: 1730312
	1690  -  MemoryUsage of job (MB)
	1730312  -  ResidentSetSize of job (KB)
...
006 (78851234.026.000) 2026-10-01 11:28:33 Image size of job updated: 1731340
	1691  -  MemoryUsage of job (MB)
	1731336  -  ResidentSetSize of job (KB)
...
006 (78851234.026.000) 2026-10-01 11:33:34 Image size of job updated: 1731340
	1691  -  MemoryUsage of job (MB)
	1731340  -  ResidentSetSize of job (KB)
...
006 (78851234.026.000) 2026-10-01 11:58:36 Image size of job updated: 1731344
	1691  -  MemoryUsage of job (MB)
	1731344  -  ResidentSetSize of job (KB)
...
006 (78851234.026.000) 2026-10-01 12:23:39 Image size of job updated: 1733392
	1693  -  MemoryUsage of job (MB)
	1733392  -  ResidentSetSize of job (KB)
...
006 (78851234.026.000) 2026-10-01 12:28:39 Image size of job updated: 1733396
	1693  -  MemoryUsage of job (MB)
	1733396  -  ResidentSetSize of job (KB)
...
006 (78851234.026.000) 2026-10-01 12:48:42 Image size of job updated: 1745148
	1693  -  MemoryUsage of job (MB)
	1733396  -  ResidentSetSize of job (KB)
...
006 (78851234.026.000) 2026-10-01 13:13:45 Image size of job updated: 1746188
	1693  -  MemoryUsage of job (MB)
	1733396  -  ResidentSetSize of job (KB)
...
004 (78851234.026.000) 2026-10-01 13:40:27 Job was evicted. Code 1019 Subcode 0
	(0) CPU times
		Usr 7 10:54:00, Sys 0 00:07:50  -  Run Remote Usage
		Usr 0 00:00:00, Sys 0 00:00:00  -  Run Local Usage
	0  -  Run Bytes Sent By Job
	0  -  Run Bytes Received By Job
	Reason: Preempted for a Priority user
	Partitionable Resources :    Usage  Request Allocated 
	   Cpus                 :    10.62        4         4 
	   Disk (KB)            : 25000       25000     28672 
	   GPUs                 :                           0 
	   Memory (MB)          :  1693        6000      6016 
	   TimeExecute (s)      : 90268                       
	   TimeSlotBusy (s)     : 90268                       
...
001 (78851234.026.000) 2026-10-01 13:43:41 Job executing on host: <10.14.8.185:9618?addrs=10.14.8.185-9618&alias=node1935.cluster.ldas.cit&noUDP&sock=startd_35181_d178>
	SlotName: slot1_1@node1935.cluster.ldas.cit
	CondorScratchDir = "/var/lib/condor/execute/dir_36458/scratch"
	Cpus = 4
	Disk = 28672
	GPUs = 0
	Memory = 6016
...
005 (78851234.026.000) 2026-10-02 08:54:08 Job terminated.
	(1) Normal termination (return value 0)
		Usr 3 20:06:25, Sys 0 00:11:02  -  Run Remote Usage
		Usr 0 00:00:00, Sys 0 00:00:00  -  Run Local Usage
		Usr 11 07:00:25, Sys 0 00:18:52  -  Total Remote Usage
		Usr 0 00:00:00, Sys 0 00:00:00  -  Total Local Usage
	0  -  Run Bytes Sent By Job
	0  -  Run Bytes Received By Job
	0  -  Total Bytes Sent By Job
	0  -  Total Bytes Received By Job
	Partitionable Resources :    Usage  Request Allocated 
	   Cpus                 :     5.02        4         4 
	   Disk (KB)            : 25000       25000     28672 
	   GPUs                 :                           0 
	   Memory (MB)          :  1709        6000      6016 
	   TimeExecute (s)      : 69027                       
	   TimeSlotBusy (s)     : 69027                       
...
000 (78854872.026.000) 2026-10-03 17:21:23 Job submitted from host: <10.14.0.121:9618?addrs=10.14.0.121-9618&alias=ldas-pcdev12.ligo.caltech.edu&noUDP&sock=schedd_623140_c9b4>
...
001 (78854872.026.000) 2026-10-03 17:22:11 Job executing on host: <10.14.10.44:9618?addrs=10.14.10.44-9618&alias=node2294.cluster.ldas.cit&noUDP&sock=startd_535892_eab9>
	SlotName: slot1_14@node2294.cluster.ldas.cit
	CondorScratchDir = "/var/lib/condor/execute/dir_1506390/scratch"
	Cpus = 4
	Disk = 28672
	GPUs = 0
	Memory = 6016
...
006 (78854872.026.000) 2026-10-03 17:22:19 Image size of job updated: 152544
	149  -  MemoryUsage of job (MB)
	152544  -  ResidentSetSize of job (KB)
...
006 (78854872.026.000) 2026-10-03 17:22:32 Image size of job updated: 490128
	149  -  MemoryUsage of job (MB)
	152544  -  ResidentSetSize of job (KB)
...
005 (78854872.026.000) 2026-10-03 17:22:33 Job terminated.
	(1) Normal termination (return value 0)
		Usr 0 00:00:18, Sys 0 00:00:01  -  Run Remote Usage
		Usr 0 00:00:00, Sys 0 00:00:00  -  Run Local Usage
		Usr 0 00:00:18, Sys 0 00:00:01  -  Total Remote Usage
		Usr 0 00:00:00, Sys 0 00:00:00  -  Total Local Usage
	0  -  Run Bytes Sent By Job
	0  -  Run Bytes Received By Job
	0  -  Total Bytes Sent By Job
	0  -  Total Bytes Received By Job
	Partitionable Resources :    Usage  Request Allocated 
	   Cpus                 :        0        4         4 
	   Disk (KB)            :    25000    25000     28672 
	   GPUs                 :                           0 
	   Memory (MB)          :      149     6000      6016 
	   TimeExecute (s)      :       21                    
	   TimeSlotBusy (s)     :       22                    
...
000 (78854906.026.000) 2026-10-03 21:36:50 Job submitted from host: <10.14.0.121:9618?addrs=10.14.0.121-9618&alias=ldas-pcdev12.ligo.caltech.edu&noUDP&sock=schedd_623140_c9b4>
...
001 (78854906.026.000) 2026-10-03 21:38:42 Job executing on host: <10.14.10.46:9618?addrs=10.14.10.46-9618&alias=node2296.cluster.ldas.cit&noUDP&sock=startd_2225718_ffcb>
	SlotName: slot1_7@node2296.cluster.ldas.cit
	CondorScratchDir = "/var/lib/condor/execute/dir_3300342/scratch"
	Cpus = 4
	Disk = 28672
	GPUs = 0
	Memory = 6016
...
006 (78854906.026.000) 2026-10-03 21:38:50 Image size of job updated: 188584
	165  -  MemoryUsage of job (MB)
	168712  -  ResidentSetSize of job (KB)
...
006 (78854906.026.000) 2026-10-03 21:38:58 Image size of job updated: 490148
	165  -  MemoryUsage of job (MB)
	168748  -  ResidentSetSize of job (KB)
...
005 (78854906.026.000) 2026-10-03 21:38:58 Job terminated.
	(1) Normal termination (return value 0)
		Usr 0 00:00:13, Sys 0 00:00:01  -  Run Remote Usage
		Usr 0 00:00:00, Sys 0 00:00:00  -  Run Local Usage
		Usr 0 00:00:13, Sys 0 00:00:01  -  Total Remote Usage
		Usr 0 00:00:00, Sys 0 00:00:00  -  Total Local Usage
	0  -  Run Bytes Sent By Job
	0  -  Run Bytes Received By Job
	0  -  Total Bytes Sent By Job
	0  -  Total Bytes Received By Job
	Partitionable Resources :    Usage  Request Allocated 
	   Cpus                 :                 4         4 
	   Disk (KB)            :    25000    25000     28672 
	   GPUs                 :                           0 
	   Memory (MB)          :      165     6000      6016 
	   TimeExecute (s)      :       16                    
	   TimeSlotBusy (s)     :       16                    
...
000 (78855135.026.000) 2026-10-04 13:44:55 Job submitted from host: <10.14.0.121:9618?addrs=10.14.0.121-9618&alias=ldas-pcdev12.ligo.caltech.edu&noUDP&sock=schedd_623140_c9b4>
...
001 (78855135.026.000) 2026-10-04 13:49:17 Job executing on host: <10.14.6.140:9618?addrs=10.14.6.140-9618&alias=node1390.cluster.ldas.cit&noUDP&sock=startd_33210_e04d>
	SlotName: slot1_2@node1390.cluster.ldas.cit
	CondorScratchDir = "/var/lib/condor/execute/dir_620740/scratch"
	Cpus = 4
	Disk = 28672
	GPUs = 0
	Memory = 6016
...
006 (78855135.026.000) 2026-10-04 13:49:26 Image size of job updated: 164316
	161  -  MemoryUsage of job (MB)
	164316  -  ResidentSetSize of job (KB)
...
006 (78855135.026.000) 2026-10-04 13:49:40 Image size of job updated: 490196
	161  -  MemoryUsage of job (MB)
	164316  -  ResidentSetSize of job (KB)
...
005 (78855135.026.000) 2026-10-04 13:49:40 Job terminated.
	(1) Normal termination (return value 0)
		Usr 0 00:00:19, Sys 0 00:00:00  -  Run Remote Usage
		Usr 0 00:00:00, Sys 0 00:00:00  -  Run Local Usage
		Usr 0 00:00:19, Sys 0 00:00:00  -  Total Remote Usage
		Usr 0 00:00:00, Sys 0 00:00:00  -  Total Local Usage
	0  -  Run Bytes Sent By Job
	0  -  Run Bytes Received By Job
	0  -  Total Bytes Sent By Job
	0  -  Total Bytes Received By Job
	Partitionable Resources :    Usage  Request Allocated 
	   Cpus                 :                 4         4 
	   Disk (KB)            :    25000    25000     28672 
	   GPUs                 :                           0 
	   Memory (MB)          :      161     6000      6016 
	   TimeExecute (s)      :       23                    
	   TimeSlotBusy (s)     :       23                    
...
