000 (78851234.027.000) 2026-09-30 12:35:31 Job submitted from host: <10.14.0.121:9618?addrs=10.14.0.121-9618&alias=ldas-pcdev12.ligo.caltech.edu&noUDP&sock=schedd_623140_c9b4>
...
001 (78851234.027.000) 2026-09-30 12:35:59 Job executing on host: <10.14.9.192:9618?addrs=10.14.9.192-9618&alias=node2192.cluster.ldas.cit&noUDP&sock=startd_1837300_8ef4>
	SlotName: slot1_19@node2192.cluster.ldas.cit
	CondorScratchDir = "/var/lib/condor/execute/dir_2006104/scratch"
	Cpus = 4
	Disk = 28672
	GPUs = 0
	Memory = 6016
...
006 (78851234.027.000) 2026-09-30 12:36:08 Image size of job updated: 139828
	137  -  MemoryUsage of job (MB)
	139828  -  ResidentSetSize of job (KB)
...
006 (78851234.027.000) 2026-09-30 12:41:08 Image size of job updated: 348540
	341  -  MemoryUsage of job (MB)
	348540  -  ResidentSetSize of job (KB)
...
006 (78851234.027.000) 2026-09-30 12:46:08 Image size of job updated: 349420
	342  -  MemoryUsage of job (MB)
	349420  -  ResidentSetSize of job (KB)
...
006 (78851234.027.000) 2026-09-30 12:51:09 Image size of job updated: 453780
	444  -  MemoryUsage of job (MB)
	453780  -  ResidentSetSize of job (KB)
...
006 (78851234.027.000) 2026-09-30 12:56:09 Image size of job updated: 454136
	444  -  MemoryUsage of job (MB)
	454136  -  ResidentSetSize of job (KB)
...
006 (78851234.027.000) 2026-09-30 13:01:10 Image size of job updated: 473012
	462  -  MemoryUsage of job (MB)
	473012  -  ResidentSetSize of job (KB)
...
006 (78851234.027.000) 2026-09-30 13:06:10 Image size of job updated: 473448
	463  -  MemoryUsage of job (MB)
	473448  -  ResidentSetSize of job (KB)
...
006 (78851234.027.000) 2026-09-30 13:11:11 Image size of job updated: 473780
	463  -  MemoryUsage of job (MB)
	473448  -  ResidentSetSize of job (KB)
...
006 (78851234.027.000) 2026-09-30 13:31:12 Image size of job updated: 480044
	469  -  MemoryUsage of job (MB)
	480044  -  ResidentSetSize of job (KB)
...
006 (78851234.027.000) 2026-09-30 13:36:14 Image size of job updated: 480584
	470  -  MemoryUsage of job (MB)
	480584  -  ResidentSetSize of job (KB)
...
006 (78851234.027.000) 2026-09-30 13:41:14 Image size of job updated: 496028
	485  -  MemoryUsage of job (MB)
	496028  -  ResidentSetSize of job (KB)
...
006 (78851234.027.000) 2026-09-30 13:46:14 Image size of job updated: 496160
	485  -  MemoryUsage of job (MB)
	496160  -  ResidentSetSize of job (KB)
...
006 (78851234.027.000) 2026-09-30 13:51:15 Image size of job updated: 496804
	485  -  MemoryUsage of job (MB)
	496160  -  ResidentSetSize of job (KB)
...
006 (78851234.027.000) 2026-09-30 15:21:23 Image size of job updated: 496804
	486  -  MemoryUsage of job (MB)
	496752  -  ResidentSetSize of job (KB)
...
006 (78851234.027.000) 2026-09-30 15:26:23 Image size of job updated: 496804
	486  -  MemoryUsage of job (MB)
	496772  -  ResidentSetSize of job (KB)
...
006 (78851234.027.000) 2026-09-30 15:31:24 Image size of job updated: 496828
	486  -  MemoryUsage of job (MB)
	496828  -  ResidentSetSize of job (KB)
...
006 (78851234.027.000) 2026-09-30 15:36:24 Image size of job updated: 496872
	486  -  MemoryUsage of job (MB)
	496872  -  ResidentSetSize of job (KB)
...
006 (78851234.027.000) 2026-09-30 15:41:25 Image size of job updated: 496932
	486  -  MemoryUsage of job (MB)
	496932  -  ResidentSetSize of job (KB)
...
006 (78851234.027.000) 2026-09-30 15:46:25 Image size of job updated: 497128
	486  -  MemoryUsage of job (MB)
	497128  -  ResidentSetSize of job (KB)
...
006 (78851234.027.000) 2026-09-30 15:51:26 Image size of job updated: 500316
	489  -  MemoryUsage of job (MB)
	500316  -  ResidentSetSize of job (KB)
...
006 (78851234.027.000) 2026-09-30 15:56:27 Image size of job updated: 500332
	489  -  MemoryUsage of job (MB)
	500332  -  ResidentSetSize of job (KB)
...
006 (78851234.027.000) 2026-09-30 16:01:27 Image size of job updated: 506324
	495  -  MemoryUsage of job (MB)
	506324  -  ResidentSetSize of job (KB)
...
006 (78851234.027.000) 2026-09-30 16:06:28 Image size of job updated: 554308
	542  -  MemoryUsage of job (MB)
	554308  -  ResidentSetSize of job (KB)
...
006 (78851234.027.000) 2026-09-30 16:11:28 Image size of job updated: 554312
	542  -  MemoryUsage of job (MB)
	554312  -  ResidentSetSize of job (KB)
...
006 (78851234.027.000) 2026-09-30 16:16:28 Image size of job updated: 554336
	542  -  MemoryUsage of job (MB)
	554336  -  ResidentSetSize of job (KB)
...
006 (78851234.027.000) 2026-09-30 16:21:29 Image size of job updated: 555360
	542  -  MemoryUsage of job (MB)
	554340  -  ResidentSetSize of job (KB)
...
006 (78851234.027.000) 2026-09-30 16:26:29 Image size of job updated: 555360
	542  -  MemoryUsage of job (MB)
	554360  -  ResidentSetSize of job (KB)
...
006 (78851234.027.000) 2026-09-30 16:31:30 Image size of job updated: 555360
	542  -  MemoryUsage of job (MB)
	554388  -  ResidentSetSize of job (KB)
...
006 (78851234.027.000) 2026-09-30 16:36:30 Image size of job updated: 776836
	759  -  MemoryUsage of job (MB)
	776836  -  ResidentSetSize of job (KB)
...
006 (78851234.027.000) 2026-09-30 16:41:31 Image size of job updated: 1002512
	980  -  MemoryUsage of job (MB)
	1002512  -  ResidentSetSize of job (KB)
...
006 (78851234.027.000) 2026-09-30 16:46:32 Image size of job updated: 1228572
	1200  -  MemoryUsage of job (MB)
	1228572  -  ResidentSetSize of job (KB)
...
006 (78851234.027.000) 2026-09-30 16:51:32 Image size of job updated: 1496288
	1462  -  MemoryUsage of job (MB)
	1496288  -  ResidentSetSize of job (KB)
...
006 (78851234.027.000) 2026-09-30 16:56:33 Image size of job updated: 1679060
	1640  -  MemoryUsage of job (MB)
	1679060  -  ResidentSetSize of job (KB)
...
006 (78851234.027.000) 2026-09-30 17:01:33 Image size of job updated: 1679076
	1640  -  MemoryUsage of job (MB)
	1679076  -  ResidentSetSize of job (KB)
...
006 (78851234.027.000) 2026-09-30 17:06:34 Image size of job updated: 1679092
	1640  -  MemoryUsage of job (MB)
	1679092  -  ResidentSetSize of job (KB)
...
006 (78851234.027.000) 2026-09-30 17:11:35 Image size of job updated: 1679104
	1640  -  MemoryUsage of job (MB)
	1679104  -  ResidentSetSize of job (KB)
...
006 (78851234.027.000) 2026-09-30 17:16:35 Image size of job updated: 1679132
	1640  -  MemoryUsage of job (MB)
	1679132  -  ResidentSetSize of job (KB)
...
006 (78851234.027.000) 2026-09-30 17:21:36 Image size of job updated: 1679148
	1640  -  MemoryUsage of job (MB)
	1679148  -  ResidentSetSize of job (KB)
...
006 (78851234.027.000) 2026-09-30 17:26:36 Image size of job updated: 1679156
	1640  -  MemoryUsage of job (MB)
	1679156  -  ResidentSetSize of job (KB)
...
006 (78851234.027.000) 2026-09-30 17:36:37 Image size of job updated: 1679164
	1640  -  MemoryUsage of job (MB)
	1679164  -  ResidentSetSize of job (KB)
...
006 (78851234.027.000) 2026-09-30 17:41:38 Image size of job updated: 1679824
	1641  -  MemoryUsage of job (MB)
	1679824  -  ResidentSetSize of job (KB)
...
006 (78851234.027.000) 2026-09-30 17:46:38 Image size of job updated: 1679832
	1641  -  MemoryUsage of job (MB)
	1679832  -  ResidentSetSize of job (KB)
...
006 (78851234.027.000) 2026-09-30 17:51:39 Image size of job updated: 1686500
	1647  -  MemoryUsage of job (MB)
	1686500  -  ResidentSetSize of job (KB)
...
006 (78851234.027.000) 2026-09-30 17:56:40 Image size of job updated: 1686508
	1647  -  MemoryUsage of job (MB)
	1686508  -  ResidentSetSize of job (KB)
...
006 (78851234.027.000) 2026-09-30 18:01:40 Image size of job updated: 1701724
	1662  -  MemoryUsage of job (MB)
	1701724  -  ResidentSetSize of job (KB)
...
006 (78851234.027.000) 2026-09-30 18:06:41 Image size of job updated: 1701728
	1662  -  MemoryUsage of job (MB)
	1701728  -  ResidentSetSize of job (KB)
...
006 (78851234.027.000) 2026-09-30 18:11:41 Image size of job updated: 1701732
	1662  -  MemoryUsage of job (MB)
	1701732  -  ResidentSetSize of job (KB)
...
006 (78851234.027.000) 2026-09-30 18:16:42 Image size of job updated: 1702748
	1662  -  MemoryUsage of job (MB)
	1701744  -  ResidentSetSize of job (KB)
...
006 (78851234.027.000) 2026-09-30 18:21:43 Image size of job updated: 1702748
	1662  -  MemoryUsage of job (MB)
	1701748  -  ResidentSetSize of job (KB)
...
006 (78851234.027.000) 2026-09-30 18:26:43 Image size of job updated: 1704100
	1665  -  MemoryUsage of job (MB)
	1704100  -  ResidentSetSize of job (KB)
...
006 (78851234.027.000) 2026-09-30 18:31:44 Image size of job updated: 1704104
	1665  -  MemoryUsage of job (MB)
	1704104  -  ResidentSetSize of job (KB)
...
006 (78851234.027.000) 2026-09-30 18:36:44 Image size of job updated: 1704816
	1665  -  MemoryUsage of job (MB)
	1704816  -  ResidentSetSize of job (KB)
...
006 (78851234.027.000) 2026-09-30 18:41:45 Image size of job updated: 1704820
	1665  -  MemoryUsage of job (MB)
	1704820  -  ResidentSetSize of job (KB)
...
006 (78851234.027.000) 2026-09-30 18:51:46 Image size of job updated: 1704844
	1665  -  MemoryUsage of job (MB)
	1704844  -  ResidentSetSize of job (KB)
...
006 (78851234.027.000) 2026-09-30 20:01:54 Image size of job updated: 1704900
	1665  -  MemoryUsage of job (MB)
	1704900  -  ResidentSetSize of job (KB)
...
006 (78851234.027.000) 2026-09-30 20:06:55 Image size of job updated: 1704908
	1665  -  MemoryUsage of job (MB)
	1704908  -  ResidentSetSize of job (KB)
...
006 (78851234.027.000) 2026-09-30 20:11:55 Image size of job updated: 1706948
	1666  -  MemoryUsage of job (MB)
	1705940  -  ResidentSetSize of job (KB)
...
006 (78851234.027.000) 2026-09-30 20:21:56 Image size of job updated: 1712924
	1673  -  MemoryUsage of job (MB)
	1712924  -  ResidentSetSize of job (KB)
...
006 (78851234.027.000) 2026-09-30 20:36:58 Image size of job updated: 1714500
	1675  -  MemoryUsage of job (MB)
	1714500  -  ResidentSetSize of job (KB)
...
006 (78851234.027.000) 2026-09-30 21:07:01 Image size of job updated: 1716076
	1676  -  MemoryUsage of job (MB)
	1716076  -  ResidentSetSize of job (KB)
...
006 (78851234.027.000) 2026-09-30 21:12:02 Image size of job updated: 1716080
	1676  -  MemoryUsage of job (MB)
	1716080  -  ResidentSetSize of job (KB)
...
006 (78851234.027.000) 2026-09-30 21:22:02 Image size of job updated: 1716544
	1677  -  MemoryUsage of job (MB)
	1716544  -  ResidentSetSize of job (KB)
...
006 (78851234.027.000) 2026-09-30 21:32:03 Image size of job updated: 1716548
	1677  -  MemoryUsage of job (MB)
	1716548  -  ResidentSetSize of job (KB)
...
006 (78851234.027.000) 2026-09-30 21:42:04 Image size of job updated: 1717212
	1677  -  MemoryUsage of job (MB)
	1717212  -  ResidentSetSize of job (KB)
...
006 (78851234.027.000) 2026-09-30 21:52:06 Image size of job updated: 1717216
	1677  -  MemoryUsage of job (MB)
	1717216  -  ResidentSetSize of job (KB)
...
006 (78851234.027.000) 2026-09-30 21:57:06 Image size of job updated: 1719620
	1679  -  MemoryUsage of job (MB)
	1718600  -  ResidentSetSize of job (KB)
...
006 (78851234.027.000) 2026-09-30 22:07:07 Image size of job updated: 1722440
	1683  -  MemoryUsage of job (MB)
	1722440  -  ResidentSetSize of job (KB)
...
006 (78851234.027.000) 2026-09-30 22:12:08 Image size of job updated: 1722444
	1683  -  MemoryUsage of job (MB)
	1722444  -  ResidentSetSize of job (KB)
...
006 (78851234.027.000) 2026-09-30 22:17:09 Image size of job updated: 1722456
	1683  -  MemoryUsage of job (MB)
	1722456  -  ResidentSetSize of job (KB)
...
006 (78851234.027.000) 2026-09-30 22:27:10 Image size of job updated: 1722460
	1683  -  MemoryUsage of job (MB)
	1722460  -  ResidentSetSize of job (KB)
...
006 (78851234.027.000) 2026-09-30 22:52:13 Image size of job updated: 1725532
	1685  -  MemoryUsage of job (MB)
	1724512  -  ResidentSetSize of job (KB)
...
006 (78851234.027.000) 2026-09-30 22:57:13 Image size of job updated: 1725532
	1685  -  MemoryUsage of job (MB)
	1724520  -  ResidentSetSize of job (KB)
...
006 (78851234.027.000) 2026-09-30 23:02:14 Image size of job updated: 1726096
	1686  -  MemoryUsage of job (MB)
	1726096  -  ResidentSetSize of job (KB)
...
006 (78851234.027.000) 2026-09-30 23:12:15 Image size of job updated: 1726120
	1686  -  MemoryUsage of job (MB)
	1726120  -  ResidentSetSize of job (KB)
...
006 (78851234.027.000) 2026-09-30 23:22:16 Image size of job updated: 1726124
	1686  -  MemoryUsage of job (MB)
	1726124  -  ResidentSetSize of job (KB)
...
006 (78851234.027.000) 2026-09-30 23:37:19 Image size of job updated: 1726144
	1686  -  MemoryUsage of job (MB)
	1726140  -  ResidentSetSize of job (KB)
...
006 (78851234.027.000) 2026-09-30 23:42:19 Image size of job updated: 1726144
	1686  -  MemoryUsage of job (MB)
	1726144  -  ResidentSetSize of job (KB)
...
006 (78851234.027.000) 2026-09-30 23:47:19 Image size of job updated: 1726156
	1686  -  MemoryUsage of job (MB)
	1726156  -  ResidentSetSize of job (KB)
...
006 (78851234.027.000) 2026-10-01 00:22:22 Image size of job updated: 1726160
	1686  -  MemoryUsage of job (MB)
	1726160  -  ResidentSetSize of job (KB)
...
006 (78851234.027.000) 2026-10-01 00:27:23 Image size of job updated: 1726168
	1686  -  MemoryUsage of job (MB)
	1726168  -  ResidentSetSize of job (KB)
...
006 (78851234.027.000) 2026-10-01 00:37:24 Image size of job updated: 1726248
	1686  -  MemoryUsage of job (MB)
	1726248  -  ResidentSetSize of job (KB)
...
006 (78851234.027.000) 2026-10-01 00:47:25 Image size of job updated: 1727164
	1687  -  MemoryUsage of job (MB)
	1727164  -  ResidentSetSize of job (KB)
...
006 (78851234.027.000) 2026-10-01 00:52:26 Image size of job updated: 1727168
	1687  -  MemoryUsage of job (MB)
	1727168  -  ResidentSetSize of job (KB)
...
006 (78851234.027.000) 2026-10-01 00:57:26 Image size of job updated: 1730240
	1690  -  MemoryUsage of job (MB)
	1730240  -  ResidentSetSize of job (KB)
...
006 (78851234.027.000) 2026-10-01 01:07:27 Image size of job updated: 1730244
	1690  -  MemoryUsage of job (MB)
	1730244  -  ResidentSetSize of job (KB)
...
006 (78851234.027.000) 2026-10-01 01:27:29 Image size of job updated: 1730248
	1690  -  MemoryUsage of job (MB)
	1730248  -  ResidentSetSize of job (KB)
...
006 (78851234.027.000) 2026-10-01 01:57:31 Image size of job updated: 1730252
	1690  -  MemoryUsage of job (MB)
	1730252  -  ResidentSetSize of job (KB)
...
006 (78851234.027.000) 2026-10-01 02:02:32 Image size of job updated: 1730256
	1690  -  MemoryUsage of job (MB)
	1730256  -  ResidentSetSize of job (KB)
...
006 (78851234.027.000) 2026-10-01 02:07:32 Image size of job updated: 1732704
	1693  -  MemoryUsage of job (MB)
	1732704  -  ResidentSetSize of job (KB)
...
006 (78851234.027.000) 2026-10-01 02:32:34 Image size of job updated: 1732900
	1693  -  MemoryUsage of job (MB)
	1732900  -  ResidentSetSize of job (KB)
...
006 (78851234.027.000) 2026-10-01 02:42:35 Image size of job updated: 1733732
	1694  -  MemoryUsage of job (MB)
	1733732  -  ResidentSetSize of job (KB)
...
006 (78851234.027.000) 2026-10-01 02:57:36 Image size of job updated: 1733736
	1694  -  MemoryUsage of job (MB)
	1733736  -  ResidentSetSize of job (KB)
...
006 (78851234.027.000) 2026-10-01 03:07:37 Image size of job updated: 1734016
	1694  -  MemoryUsage of job (MB)
	1734016  -  ResidentSetSize of job (KB)
...
006 (78851234.027.000) 2026-10-01 03:12:38 Image size of job updated: 1734028
	1694  -  MemoryUsage of job (MB)
	1734028  -  ResidentSetSize of job (KB)
...
006 (78851234.027.000) 2026-10-01 03:17:38 Image size of job updated: 1734816
	1695  -  MemoryUsage of job (MB)
	1734816  -  ResidentSetSize of job (KB)
...
006 (78851234.027.000) 2026-10-01 03:42:40 Image size of job updated: 1735176
	1695  -  MemoryUsage of job (MB)
	1735172  -  ResidentSetSize of job (KB)
...
006 (78851234.027.000) 2026-10-01 03:57:42 Image size of job updated: 1737984
	1698  -  MemoryUsage of job (MB)
	1737984  -  ResidentSetSize of job (KB)
...
006 (78851234.027.000) 2026-10-01 04:07:43 Image size of job updated: 1737992
	1698  -  MemoryUsage of job (MB)
	1737992  -  ResidentSetSize of job (KB)
...
006 (78851234.027.000) 2026-10-01 04:17:44 Image size of job updated: 1738080
	1698  -  MemoryUsage of job (MB)
	1738080  -  ResidentSetSize of job (KB)
...
006 (78851234.027.000) 2026-10-01 04:32:46 Image size of job updated: 1738588
	1698  -  MemoryUsage of job (MB)
	1738588  -  ResidentSetSize of job (KB)
...
006 (78851234.027.000) 2026-10-01 04:42:47 Image size of job updated: 1739380
	1699  -  MemoryUsage of job (MB)
	1739380  -  ResidentSetSize of job (KB)
...
006 (78851234.027.000) 2026-10-01 05:02:49 Image size of job updated: 1739384
	1699  -  MemoryUsage of job (MB)
	1739384  -  ResidentSetSize of job (KB)
...
006 (78851234.027.000) 2026-10-01 05:42:53 Image size of job updated: 1739388
	1699  -  MemoryUsage of job (MB)
	1739388  -  ResidentSetSize of job (KB)
...
006 (78851234.027.000) 2026-10-01 05:47:53 Image size of job updated: 1739392
	1699  -  MemoryUsage of job (MB)
	1739392  -  ResidentSetSize of job (KB)
...
006 (78851234.027.000) 2026-10-01 05:52:54 Image size of job updated: 1740400
	1700  -  MemoryUsage of job (MB)
	1740400  -  ResidentSetSize of job (KB)
...
006 (78851234.027.000) 2026-10-01 06:17:56 Image size of job updated: 1740412
	1700  -  MemoryUsage of job (MB)
	1740412  -  ResidentSetSize of job (KB)
...
006 (78851234.027.000) 2026-10-01 06:52:59 Image size of job updated: 1740416
	1700  -  MemoryUsage of job (MB)
	1740416  -  ResidentSetSize of job (KB)
...
006 (78851234.027.000) 2026-10-01 07:03:00 Image size of job updated: 1741436
	1701  -  MemoryUsage of job (MB)
	1741436  -  ResidentSetSize of job (KB)
...
006 (78851234.027.000) 2026-10-01 07:28:02 Image size of job updated: 1742444
	1702  -  MemoryUsage of job (MB)
	1742444  -  ResidentSetSize of job (KB)
...
006 (78851234.027.000) 2026-10-01 08:08:05 Image size of job updated: 1743452
	1703  -  MemoryUsage of job (MB)
	1743452  -  ResidentSetSize of job (KB)
...
006 (78851234.027.000) 2026-10-01 09:03:10 Image size of job updated: 1744460
	1704  -  MemoryUsage of job (MB)
	1744460  -  ResidentSetSize of job (KB)
...
006 (78851234.027.000) 2026-10-01 09:28:12 Image size of job updated: 1745480
	1705  -  MemoryUsage of job (MB)
	1745468  -  ResidentSetSize of job (KB)
...
006 (78851234.027.000) 2026-10-01 09:43:13 Image size of job updated: 1745480
	1705  -  MemoryUsage of job (MB)
	1745472  -  ResidentSetSize of job (KB)
...
006 (78851234.027.000) 2026-10-01 10:38:18 Image size of job updated: 1745480
	1705  -  MemoryUsage of job (MB)
	1745476  -  ResidentSetSize of job (KB)
...
006 (78851234.027.000) 2026-10-01 10:43:19 Image size of job updated: 1745480
	1705  -  MemoryUsage of job (MB)
	1745480  -  ResidentSetSize of job (KB)
...
006 (78851234.027.000) 2026-10-01 10:48:20 Image size of job updated: 1745484
	1705  -  MemoryUsage of job (MB)
	1745484  -  ResidentSetSize of job (KB)
...
006 (78851234.027.000) 2026-10-01 11:03:21 Image size of job updated: 1747504
	1707  -  MemoryUsage of job (MB)
	1747504  -  ResidentSetSize of job (KB)
...
006 (78851234.027.000) 2026-10-01 11:23:23 Image size of job updated: 1747516
	1707  -  MemoryUsage of job (MB)
	1747516  -  ResidentSetSize of job (KB)
...
006 (78851234.027.000) 2026-10-01 12:03:26 Image size of job updated: 1748524
	1708  -  MemoryUsage of job (MB)
	1748524  -  ResidentSetSize of job (KB)
...
006 (78851234.027.000) 2026-10-01 12:38:29 Image size of job updated: 1749532
	1709  -  MemoryUsage of job (MB)
	1749532  -  ResidentSetSize of job (KB)
...
004 (78851234.027.000) 2026-10-01 12:49:52 Job was evicted. Code 1019 Subcode 0
	(0) CPU times
		Usr 6 00:08:40, Sys 0 00:06:44  -  Run Remote Usage
		Usr 0 00:00:00, Sys 0 00:00:00  -  Run Local Usage
	0  -  Run Bytes Sent By Job
	0  -  Run Bytes Received By Job
	Reason: Preempted for a Priority user
	Partitionable Resources :    Usage  Request Allocated 
	   Cpus                 :     1.17        4         4 
	   Disk (KB)            : 25000       25000     28672 
	   GPUs                 :                           0 
	   Memory (MB)          :  1709        6000      6016 
	   TimeExecute (s)      : 87233                       
	   TimeSlotBusy (s)     : 87233                       
...
001 (78851234.027.000) 2026-10-01 12:50:48 Job executing on host: <10.14.10.21:9618?addrs=10.14.10.21-9618&alias=node2271.cluster.ldas.cit&noUDP&sock=startd_2689325_d70b>
	SlotName: slot1_9@node2271.cluster.ldas.cit
	CondorScratchDir = "/var/lib/condor/execute/dir_2841234/scratch"
	Cpus = 4
	Disk = 28672
	GPUs = 0
	Memory = 6016
...
006 (78851234.027.000) 2026-10-02 00:02:05 Image size of job updated: 1758064
	1717  -  MemoryUsage of job (MB)
	1758064  -  ResidentSetSize of job (KB)
...
006 (78851234.027.000) 2026-10-02 00:07:05 Image size of job updated: 1758068
	1717  -  MemoryUsage of job (MB)
	1758068  -  ResidentSetSize of job (KB)
...
006 (78851234.027.000) 2026-10-02 00:12:06 Image size of job updated: 1760512
	1717  -  MemoryUsage of job (MB)
	1758068  -  ResidentSetSize of job (KB)
...
006 (78851234.027.000) 2026-10-02 00:22:08 Image size of job updated: 1760512
	1719  -  MemoryUsage of job (MB)
	1759548  -  ResidentSetSize of job (KB)
...
006 (78851234.027.000) 2026-10-02 00:27:08 Image size of job updated: 1760512
	1719  -  MemoryUsage of job (MB)
	1759552  -  ResidentSetSize of job (KB)
...
006 (78851234.027.000) 2026-10-02 00:32:08 Image size of job updated: 1760512
	1719  -  MemoryUsage of job (MB)
	1759560  -  ResidentSetSize of job (KB)
...
006 (78851234.027.000) 2026-10-02 00:37:09 Image size of job updated: 1760512
	1719  -  MemoryUsage of job (MB)
	1759920  -  ResidentSetSize of job (KB)
...
006 (78851234.027.000) 2026-10-02 00:47:10 Image size of job updated: 1762620
	1719  -  MemoryUsage of job (MB)
	1759920  -  ResidentSetSize of job (KB)
...
006 (78851234.027.000) 2026-10-02 00:57:11 Image size of job updated: 1762620
	1720  -  MemoryUsage of job (MB)
	1760304  -  ResidentSetSize of job (KB)
...
006 (78851234.027.000) 2026-10-02 01:02:12 Image size of job updated: 1762620
	1720  -  MemoryUsage of job (MB)
	1760308  -  ResidentSetSize of job (KB)
...
006 (78851234.027.000) 2026-10-02 01:07:13 Image size of job updated: 1762632
	1721  -  MemoryUsage of job (MB)
	1761616  -  ResidentSetSize of job (KB)
...
006 (78851234.027.000) 2026-10-02 01:12:13 Image size of job updated: 1762632
	1721  -  MemoryUsage of job (MB)
	1761620  -  ResidentSetSize of job (KB)
...
006 (78851234.027.000) 2026-10-02 01:17:14 Image size of job updated: 1763668
	1722  -  MemoryUsage of job (MB)
	1762664  -  ResidentSetSize of job (KB)
...
006 (78851234.027.000) 2026-10-02 01:27:14 Image size of job updated: 1763676
	1723  -  MemoryUsage of job (MB)
	1763676  -  ResidentSetSize of job (KB)
...
006 (78851234.027.000) 2026-10-02 01:32:15 Image size of job updated: 1763688
	1723  -  MemoryUsage of job (MB)
	1763688  -  ResidentSetSize of job (KB)
...
006 (78851234.027.000) 2026-10-02 01:37:15 Image size of job updated: 1764716
	1723  -  MemoryUsage of job (MB)
	1763688  -  ResidentSetSize of job (KB)
...
006 (78851234.027.000) 2026-10-02 01:52:16 Image size of job updated: 1764840
	1724  -  MemoryUsage of job (MB)
	1764840  -  ResidentSetSize of job (KB)
...
006 (78851234.027.000) 2026-10-02 02:02:17 Image size of job updated: 1765548
	1725  -  MemoryUsage of job (MB)
	1765548  -  ResidentSetSize of job (KB)
...
006 (78851234.027.000) 2026-10-02 02:07:17 Image size of job updated: 1765552
	1725  -  MemoryUsage of job (MB)
	1765552  -  ResidentSetSize of job (KB)
...
006 (78851234.027.000) 2026-10-02 02:12:17 Image size of job updated: 1766792
	1726  -  MemoryUsage of job (MB)
	1766792  -  ResidentSetSize of job (KB)
...
006 (78851234.027.000) 2026-10-02 02:17:18 Image size of job updated: 1766800
	1726  -  MemoryUsage of job (MB)
	1766800  -  ResidentSetSize of job (KB)
...
006 (78851234.027.000) 2026-10-02 02:22:18 Image size of job updated: 1767824
	1727  -  MemoryUsage of job (MB)
	1767824  -  ResidentSetSize of job (KB)
...
006 (78851234.027.000) 2026-10-02 02:37:20 Image size of job updated: 1767836
	1727  -  MemoryUsage of job (MB)
	1767836  -  ResidentSetSize of job (KB)
...
006 (78851234.027.000) 2026-10-02 02:42:21 Image size of job updated: 1768860
	1728  -  MemoryUsage of job (MB)
	1768860  -  ResidentSetSize of job (KB)
...
006 (78851234.027.000) 2026-10-02 02:57:23 Image size of job updated: 1773864
	1732  -  MemoryUsage of job (MB)
	1772856  -  ResidentSetSize of job (KB)
...
006 (78851234.027.000) 2026-10-02 03:17:24 Image size of job updated: 1774304
	1732  -  MemoryUsage of job (MB)
	1773284  -  ResidentSetSize of job (KB)
...
006 (78851234.027.000) 2026-10-02 03:27:25 Image size of job updated: 1775916
	1735  -  MemoryUsage of job (MB)
	1775916  -  ResidentSetSize of job (KB)
...
006 (78851234.027.000) 2026-10-02 03:32:25 Image size of job updated: 1775920
	1735  -  MemoryUsage of job (MB)
	1775920  -  ResidentSetSize of job (KB)
...
006 (78851234.027.000) 2026-10-02 03:37:25 Image size of job updated: 1776012
	1735  -  MemoryUsage of job (MB)
	1775920  -  ResidentSetSize of job (KB)
...
006 (78851234.027.000) 2026-10-02 03:47:26 Image size of job updated: 1776316
	1735  -  MemoryUsage of job (MB)
	1776316  -  ResidentSetSize of job (KB)
...
006 (78851234.027.000) 2026-10-02 03:52:28 Image size of job updated: 1776336
	1735  -  MemoryUsage of job (MB)
	1776336  -  ResidentSetSize of job (KB)
...
006 (78851234.027.000) 2026-10-02 03:57:28 Image size of job updated: 1776964
	1735  -  MemoryUsage of job (MB)
	1776336  -  ResidentSetSize of job (KB)
...
006 (78851234.027.000) 2026-10-02 04:07:29 Image size of job updated: 1778096
	1736  -  MemoryUsage of job (MB)
	1777072  -  ResidentSetSize of job (KB)
...
006 (78851234.027.000) 2026-10-02 04:17:29 Image size of job updated: 1779144
	1736  -  MemoryUsage of job (MB)
	1777096  -  ResidentSetSize of job (KB)
...
006 (78851234.027.000) 2026-10-02 04:27:30 Image size of job updated: 1779144
	1737  -  MemoryUsage of job (MB)
	1778108  -  ResidentSetSize of job (KB)
...
006 (78851234.027.000) 2026-10-02 04:32:30 Image size of job updated: 1779144
	1737  -  MemoryUsage of job (MB)
	1778112  -  ResidentSetSize of job (KB)
...
006 (78851234.027.000) 2026-10-02 04:42:31 Image size of job updated: 1779996
	1737  -  MemoryUsage of job (MB)
	1778112  -  ResidentSetSize of job (KB)
...
006 (78851234.027.000) 2026-10-02 04:52:32 Image size of job updated: 1780812
	1739  -  MemoryUsage of job (MB)
	1779788  -  ResidentSetSize of job (KB)
...
006 (78851234.027.000) 2026-10-02 04:57:32 Image size of job updated: 1780812
	1739  -  MemoryUsage of job (MB)
	1779792  -  ResidentSetSize of job (KB)
...
006 (78851234.027.000) 2026-10-02 05:02:32 Image size of job updated: 1782060
	1739  -  MemoryUsage of job (MB)
	1779792  -  ResidentSetSize of job (KB)
...
006 (78851234.027.000) 2026-10-02 05:32:35 Image size of job updated: 1789020
	1739  -  MemoryUsage of job (MB)
	1779792  -  ResidentSetSize of job (KB)
...
006 (78851234.027.000) 2026-10-02 05:52:38 Image size of job updated: 1789688
	1739  -  MemoryUsage of job (MB)
	1779792  -  ResidentSetSize of job (KB)
...
006 (78851234.027.000) 2026-10-02 07:07:45 Image size of job updated: 1795864
	1739  -  MemoryUsage of job (MB)
	1779792  -  ResidentSetSize of job (KB)
...
006 (78851234.027.000) 2026-10-02 07:27:47 Image size of job updated: 1795864
	1747  -  MemoryUsage of job (MB)
	1788648  -  ResidentSetSize of job (KB)
...
006 (78851234.027.000) 2026-10-02 07:37:48 Image size of job updated: 1795864
	1748  -  MemoryUsage of job (MB)
	1789312  -  ResidentSetSize of job (KB)
...
006 (78851234.027.000) 2026-10-02 07:42:48 Image size of job updated: 1795864
	1748  -  MemoryUsage of job (MB)
	1789316  -  ResidentSetSize of job (KB)
...
006 (78851234.027.000) 2026-10-02 07:47:49 Image size of job updated: 1795864
	1749  -  MemoryUsage of job (MB)
	1790148  -  ResidentSetSize of job (KB)
...
006 (78851234.027.000) 2026-10-02 07:57:49 Image size of job updated: 1795864
	1753  -  MemoryUsage of job (MB)
	1794060  -  ResidentSetSize of job (KB)
...
006 (78851234.027.000) 2026-10-02 08:12:50 Image size of job updated: 1814132
	1753  -  MemoryUsage of job (MB)
	1794060  -  ResidentSetSize of job (KB)
...
006 (78851234.027.000) 2026-10-02 08:22:52 Image size of job updated: 1819224
	1753  -  MemoryUsage of job (MB)
	1794060  -  ResidentSetSize of job (KB)
...
006 (78851234.027.000) 2026-10-02 08:32:53 Image size of job updated: 1819224
	1754  -  MemoryUsage of job (MB)
	1795476  -  ResidentSetSize of job (KB)
...
006 (78851234.027.000) 2026-10-02 08:42:54 Image size of job updated: 1837636
	1754  -  MemoryUsage of job (MB)
	1795932  -  ResidentSetSize of job (KB)
...
006 (78851234.027.000) 2026-10-02 08:52:56 Image size of job updated: 1841152
	1754  -  MemoryUsage of job (MB)
	1795932  -  ResidentSetSize of job (KB)
...
006 (78851234.027.000) 2026-10-02 09:12:58 Image size of job updated: 1841152
	1754  -  MemoryUsage of job (MB)
	1795952  -  ResidentSetSize of job (KB)
...
006 (78851234.027.000) 2026-10-02 09:17:59 Image size of job updated: 1841152
	1754  -  MemoryUsage of job (MB)
	1795960  -  ResidentSetSize of job (KB)
...
006 (78851234.027.000) 2026-10-02 09:33:01 Image size of job updated: 1848192
	1759  -  MemoryUsage of job (MB)
	1800244  -  ResidentSetSize of job (KB)
...
006 (78851234.027.000) 2026-10-02 09:43:02 Image size of job updated: 1848192
	1759  -  MemoryUsage of job (MB)
	1800604  -  ResidentSetSize of job (KB)
...
006 (78851234.027.000) 2026-10-02 09:48:03 Image size of job updated: 1848192
	1760  -  MemoryUsage of job (MB)
	1801284  -  ResidentSetSize of job (KB)
...
006 (78851234.027.000) 2026-10-02 09:53:03 Image size of job updated: 1848192
	1760  -  MemoryUsage of job (MB)
	1801292  -  ResidentSetSize of job (KB)
...
006 (78851234.027.000) 2026-10-02 10:28:08 Image size of job updated: 1848192
	1766  -  MemoryUsage of job (MB)
	1808136  -  ResidentSetSize of job (KB)
...
006 (78851234.027.000) 2026-10-02 10:38:09 Image size of job updated: 1856228
	1767  -  MemoryUsage of job (MB)
	1809200  -  ResidentSetSize of job (KB)
...
006 (78851234.027.000) 2026-10-02 10:58:11 Image size of job updated: 1856228
	1768  -  MemoryUsage of job (MB)
	1809572  -  ResidentSetSize of job (KB)
...
006 (78851234.027.000) 2026-10-02 11:03:12 Image size of job updated: 1856228
	1768  -  MemoryUsage of job (MB)
	1809576  -  ResidentSetSize of job (KB)
...
006 (78851234.027.000) 2026-10-02 11:08:12 Image size of job updated: 1856228
	1768  -  MemoryUsage of job (MB)
	1809580  -  ResidentSetSize of job (KB)
...
006 (78851234.027.000) 2026-10-02 11:23:13 Image size of job updated: 1856228
	1775  -  MemoryUsage of job (MB)
	1816624  -  ResidentSetSize of job (KB)
...
006 (78851234.027.000) 2026-10-02 11:28:14 Image size of job updated: 1856228
	1775  -  MemoryUsage of job (MB)
	1816628  -  ResidentSetSize of job (KB)
...
005 (78851234.027.000) 2026-10-02 12:11:58 Job terminated.
	(1) Normal termination (return value 0)
		Usr 11 14:10:50, Sys 0 00:12:18  -  Run Remote Usage
		Usr 0 00:00:00, Sys 0 00:00:00  -  Run Local Usage
		Usr 17 14:19:30, Sys 0 00:19:02  -  Total Remote Usage
		Usr 0 00:00:00, Sys 0 00:00:00  -  Total Local Usage
	0  -  Run Bytes Sent By Job
	0  -  Run Bytes Received By Job
	0  -  Total Bytes Sent By Job
	0  -  Total Bytes Received By Job
	Partitionable Resources :    Usage  Request Allocated 
	   Cpus                 :    15.77        4         4 
	   Disk (KB)            : 25000       25000     28672 
	   GPUs                 :                           0 
	   Memory (MB)          :  1775        6000      6016 
	   TimeExecute (s)      : 84070                       
	   TimeSlotBusy (s)     : 84070                       
...
000 (78854872.027.000) 2026-10-03 17:21:23 Job submitted from host: <10.14.0.121:9618?addrs=10.14.0.121-9618&alias=ldas-pcdev12.ligo.caltech.edu&noUDP&sock=schedd_623140_c9b4>
...
001 (78854872.027.000) 2026-10-03 17:22:10 Job executing on host: <10.14.4.119:9618?addrs=10.14.4.119-9618&alias=node869.cluster.ldas.cit&noUDP&sock=startd_36763_f04c>
	SlotName: slot1_1@node869.cluster.ldas.cit
	CondorScratchDir = "/var/lib/condor/execute/dir_120978/scratch"
	Cpus = 4
	Disk = 28672
	GPUs = 0
	Memory = 6016
...
006 (78854872.027.000) 2026-10-03 17:22:19 Image size of job updated: 158844
	156  -  MemoryUsage of job (MB)
	158844  -  ResidentSetSize of job (KB)
...
006 (78854872.027.000) 2026-10-03 17:22:33 Image size of job updated: 498024
	156  -  MemoryUsage of job (MB)
	158844  -  ResidentSetSize of job (KB)
...
005 (78854872.027.000) 2026-10-03 17:22:33 Job terminated.
	(1) Normal termination (return value 0)
		Usr 0 00:00:17, Sys 0 00:00:00  -  Run Remote Usage
		Usr 0 00:00:00, Sys 0 00:00:00  -  Run Local Usage
		Usr 0 00:00:17, Sys 0 00:00:00  -  Total Remote Usage
		Usr 0 00:00:00, Sys 0 00:00:00  -  Total Local Usage
	0  -  Run Bytes Sent By Job
	0  -  Run Bytes Received By Job
	0  -  Total Bytes Sent By Job
	0  -  Total Bytes Received By Job
	Partitionable Resources :    Usage  Request Allocated 
	   Cpus                 :        0        4         4 
	   Disk (KB)            :    25000    25000     28672 
	   GPUs                 :                           0 
	   Memory (MB)          :      156     6000      6016 
	   TimeExecute (s)      :       23                    
	   TimeSlotBusy (s)     :       23                    
...
000 (78854906.027.000) 2026-10-03 21:36:50 Job submitted from host: <10.14.0.121:9618?addrs=10.14.0.121-9618&alias=ldas-pcdev12.ligo.caltech.edu&noUDP&sock=schedd_623140_c9b4>
...
001 (78854906.027.000) 2026-10-03 21:38:42 Job executing on host: <10.14.10.115:9618?addrs=10.14.10.115-9618&alias=node2365.cluster.ldas.cit&noUDP&sock=startd_37892_56b8>
	SlotName: slot1_9@node2365.cluster.ldas.cit
	CondorScratchDir = "/var/lib/condor/execute/dir_1553210/scratch"
	Cpus = 4
	Disk = 28672
	GPUs = 0
	Memory = 6016
...
006 (78854906.027.000) 2026-10-03 21:38:42 Image size of job updated: 25000
	0  -  MemoryUsage of job (MB)
	0  -  ResidentSetSize of job (KB)
...
005 (78854906.027.000) 2026-10-03 21:38:42 Job terminated.
	(1) Normal termination (return value 1)
		Usr 0 00:00:00, Sys 0 00:00:00  -  Run Remote Usage
		Usr 0 00:00:00, Sys 0 00:00:00  -  Run Local Usage
		Usr 0 00:00:00, Sys 0 00:00:00  -  Total Remote Usage
		Usr 0 00:00:00, Sys 0 00:00:00  -  Total Local Usage
	0  -  Run Bytes Sent By Job
	0  -  Run Bytes Received By Job
	0  -  Total Bytes Sent By Job
	0  -  Total Bytes Received By Job
	Partitionable Resources :    Usage  Request Allocated 
	   Cpus                 :                 4         4 
	   Disk (KB)            :    25000    25000     28672 
	   GPUs                 :                           0 
	   Memory (MB)          :        0     6000      6016 
	   TimeExecute (s)      :        0                    
	   TimeSlotBusy (s)     :        1                    
...
000 (78855135.027.000) 2026-10-04 13:44:55 Job submitted from host: <10.14.0.121:9618?addrs=10.14.0.121-9618&alias=ldas-pcdev12.ligo.caltech.edu&noUDP&sock=schedd_623140_c9b4>
...
001 (78855135.027.000) 2026-10-04 13:49:18 Job executing on host: <10.14.5.204:9618?addrs=10.14.5.204-9618&alias=node1204.cluster.ldas.cit&noUDP&sock=startd_67608_0b07>
	SlotName: slot1_1@node1204.cluster.ldas.cit
	CondorScratchDir = "/var/lib/condor/execute/dir_922968/scratch"
	Cpus = 4
	Disk = 28672
	GPUs = 0
	Memory = 6016
...
006 (78855135.027.000) 2026-10-04 13:49:26 Image size of job updated: 109600
	108  -  MemoryUsage of job (MB)
	109600  -  ResidentSetSize of job (KB)
...
006 (78855135.027.000) 2026-10-04 13:49:50 Image size of job updated: 498012
	108  -  MemoryUsage of job (MB)
	109600  -  ResidentSetSize of job (KB)
...
005 (78855135.027.000) 2026-10-04 13:49:50 Job terminated.
	(1) Normal termination (return value 0)
		Usr 0 00:00:18, Sys 0 00:00:01  -  Run Remote Usage
		Usr 0 00:00:00, Sys 0 00:00:00  -  Run Local Usage
		Usr 0 00:00:18, Sys 0 00:00:01  -  Total Remote Usage
		Usr 0 00:00:00, Sys 0 00:00:00  -  Total Local Usage
	0  -  Run Bytes Sent By Job
	0  -  Run Bytes Received By Job
	0  -  Total Bytes Sent By Job
	0  -  Total Bytes Received By Job
	Partitionable Resources :    Usage  Request Allocated 
	   Cpus                 :     0.30        4         4 
	   Disk (KB)            : 25000       25000     28672 
	   GPUs                 :                           0 
	   Memory (MB)          :   108        6000      6016 
	   TimeExecute (s)      :    32                       
	   TimeSlotBusy (s)     :    33                       
...
