000 (78851234.028.000) 2026-09-30 12:35:31 Job submitted from host: <10.14.0.121:9618?addrs=10.14.0.121-9618&alias=ldas-pcdev12.ligo.caltech.edu&noUDP&sock=schedd_623140_c9b4>
...
001 (78851234.028.000) 2026-09-30 12:35:59 Job executing on host: <10.14.4.19:9618?addrs=10.14.4.19-9618&alias=node769.cluster.ldas.cit&noUDP&sock=startd_1444271_5aec>
	SlotName: slot1_11@node769.cluster.ldas.cit
	CondorScratchDir = "/var/lib/condor/execute/dir_1529058/scratch"
	Cpus = 4
	Disk = 28672
	GPUs = 0
	Memory = 6016
...
006 (78851234.028.000) 2026-09-30 12:36:08 Image size of job updated: 158340
	155  -  MemoryUsage of job (MB)
	158340  -  ResidentSetSize of job (KB)
...
006 (78851234.028.000) 2026-09-30 12:41:09 Image size of job updated: 350476
	343  -  MemoryUsage of job (MB)
	350476  -  ResidentSetSize of job (KB)
...
006 (78851234.028.000) 2026-09-30 12:46:09 Image size of job updated: 351472
	344  -  MemoryUsage of job (MB)
	351472  -  ResidentSetSize of job (KB)
...
006 (78851234.028.000) 2026-09-30 12:51:10 Image size of job updated: 485544
	475  -  MemoryUsage of job (MB)
	485544  -  ResidentSetSize of job (KB)
...
006 (78851234.028.000) 2026-09-30 12:56:10 Image size of job updated: 486208
	475  -  MemoryUsage of job (MB)
	486208  -  ResidentSetSize of job (KB)
...
006 (78851234.028.000) 2026-09-30 13:01:11 Image size of job updated: 486480
	475  -  MemoryUsage of job (MB)
	486208  -  ResidentSetSize of job (KB)
...
006 (78851234.028.000) 2026-09-30 13:06:11 Image size of job updated: 520904
	509  -  MemoryUsage of job (MB)
	520904  -  ResidentSetSize of job (KB)
...
006 (78851234.028.000) 2026-09-30 13:11:11 Image size of job updated: 549724
	537  -  MemoryUsage of job (MB)
	549724  -  ResidentSetSize of job (KB)
...
006 (78851234.028.000) 2026-09-30 13:16:12 Image size of job updated: 550116
	538  -  MemoryUsage of job (MB)
	550116  -  ResidentSetSize of job (KB)
...
006 (78851234.028.000) 2026-09-30 13:21:12 Image size of job updated: 561728
	549  -  MemoryUsage of job (MB)
	561728  -  ResidentSetSize of job (KB)
...
006 (78851234.028.000) 2026-09-30 13:26:13 Image size of job updated: 561988
	549  -  MemoryUsage of job (MB)
	561988  -  ResidentSetSize of job (KB)
...
006 (78851234.028.000) 2026-09-30 13:31:13 Image size of job updated: 563652
	549  -  MemoryUsage of job (MB)
	561988  -  ResidentSetSize of job (KB)
...
006 (78851234.028.000) 2026-09-30 13:51:16 Image size of job updated: 594632
	581  -  MemoryUsage of job (MB)
	594632  -  ResidentSetSize of job (KB)
...
006 (78851234.028.000) 2026-09-30 13:56:16 Image size of job updated: 839052
	820  -  MemoryUsage of job (MB)
	839052  -  ResidentSetSize of job (KB)
...
006 (78851234.028.000) 2026-09-30 14:01:18 Image size of job updated: 1092800
	1068  -  MemoryUsage of job (MB)
	1092800  -  ResidentSetSize of job (KB)
...
006 (78851234.028.000) 2026-09-30 14:06:18 Image size of job updated: 1323356
	1293  -  MemoryUsage of job (MB)
	1323356  -  ResidentSetSize of job (KB)
...
006 (78851234.028.000) 2026-09-30 14:11:18 Image size of job updated: 1551932
	1516  -  MemoryUsage of job (MB)
	1551932  -  ResidentSetSize of job (KB)
...
006 (78851234.028.000) 2026-09-30 14:16:19 Image size of job updated: 1704944
	1665  -  MemoryUsage of job (MB)
	1704944  -  ResidentSetSize of job (KB)
...
006 (78851234.028.000) 2026-09-30 14:21:19 Image size of job updated: 1705024
	1666  -  MemoryUsage of job (MB)
	1705024  -  ResidentSetSize of job (KB)
...
006 (78851234.028.000) 2026-09-30 14:26:20 Image size of job updated: 1712856
	1673  -  MemoryUsage of job (MB)
	1712856  -  ResidentSetSize of job (KB)
...
006 (78851234.028.000) 2026-09-30 14:31:20 Image size of job updated: 1712908
	1673  -  MemoryUsage of job (MB)
	1712908  -  ResidentSetSize of job (KB)
...
006 (78851234.028.000) 2026-09-30 14:36:20 Image size of job updated: 1712940
	1673  -  MemoryUsage of job (MB)
	1712908  -  ResidentSetSize of job (KB)
...
006 (78851234.028.000) 2026-09-30 14:56:22 Image size of job updated: 1713656
	1674  -  MemoryUsage of job (MB)
	1713656  -  ResidentSetSize of job (KB)
...
006 (78851234.028.000) 2026-09-30 15:01:23 Image size of job updated: 1713672
	1674  -  MemoryUsage of job (MB)
	1713672  -  ResidentSetSize of job (KB)
...
006 (78851234.028.000) 2026-09-30 15:06:24 Image size of job updated: 1714328
	1675  -  MemoryUsage of job (MB)
	1714328  -  ResidentSetSize of job (KB)
...
006 (78851234.028.000) 2026-09-30 15:11:24 Image size of job updated: 1714368
	1675  -  MemoryUsage of job (MB)
	1714368  -  ResidentSetSize of job (KB)
...
006 (78851234.028.000) 2026-09-30 15:16:25 Image size of job updated: 1714376
	1675  -  MemoryUsage of job (MB)
	1714368  -  ResidentSetSize of job (KB)
...
006 (78851234.028.000) 2026-09-30 15:26:26 Image size of job updated: 1714472
	1675  -  MemoryUsage of job (MB)
	1714472  -  ResidentSetSize of job (KB)
...
006 (78851234.028.000) 2026-09-30 15:31:27 Image size of job updated: 1714508
	1675  -  MemoryUsage of job (MB)
	1714508  -  ResidentSetSize of job (KB)
...
006 (78851234.028.000) 2026-09-30 15:36:27 Image size of job updated: 1714540
	1675  -  MemoryUsage of job (MB)
	1714540  -  ResidentSetSize of job (KB)
...
006 (78851234.028.000) 2026-09-30 15:46:28 Image size of job updated: 1714560
	1675  -  MemoryUsage of job (MB)
	1714560  -  ResidentSetSize of job (KB)
...
006 (78851234.028.000) 2026-09-30 16:51:35 Image size of job updated: 1714800
	1675  -  MemoryUsage of job (MB)
	1714800  -  ResidentSetSize of job (KB)
...
006 (78851234.028.000) 2026-09-30 16:56:36 Image size of job updated: 1714816
	1675  -  MemoryUsage of job (MB)
	1714816  -  ResidentSetSize of job (KB)
...
006 (78851234.028.000) 2026-09-30 17:01:36 Image size of job updated: 1714824
	1675  -  MemoryUsage of job (MB)
	1714824  -  ResidentSetSize of job (KB)
...
006 (78851234.028.000) 2026-09-30 17:06:37 Image size of job updated: 1714832
	1675  -  MemoryUsage of job (MB)
	1714832  -  ResidentSetSize of job (KB)
...
006 (78851234.028.000) 2026-09-30 17:11:38 Image size of job updated: 1714860
	1675  -  MemoryUsage of job (MB)
	1714860  -  ResidentSetSize of job (KB)
...
006 (78851234.028.000) 2026-09-30 17:16:38 Image size of job updated: 1715872
	1676  -  MemoryUsage of job (MB)
	1715872  -  ResidentSetSize of job (KB)
...
006 (78851234.028.000) 2026-09-30 17:21:39 Image size of job updated: 1715876
	1676  -  MemoryUsage of job (MB)
	1715876  -  ResidentSetSize of job (KB)
...
006 (78851234.028.000) 2026-09-30 17:26:39 Image size of job updated: 1719924
	1678  -  MemoryUsage of job (MB)
	1717908  -  ResidentSetSize of job (KB)
...
006 (78851234.028.000) 2026-09-30 17:31:40 Image size of job updated: 1719924
	1678  -  MemoryUsage of job (MB)
	1717928  -  ResidentSetSize of job (KB)
...
006 (78851234.028.000) 2026-09-30 17:36:41 Image size of job updated: 1719924
	1678  -  MemoryUsage of job (MB)
	1717936  -  ResidentSetSize of job (KB)
...
006 (78851234.028.000) 2026-09-30 17:41:41 Image size of job updated: 1719924
	1678  -  MemoryUsage of job (MB)
	1717944  -  ResidentSetSize of job (KB)
...
006 (78851234.028.000) 2026-09-30 17:46:42 Image size of job updated: 1719924
	1679  -  MemoryUsage of job (MB)
	1719112  -  ResidentSetSize of job (KB)
...
006 (78851234.028.000) 2026-09-30 17:56:42 Image size of job updated: 1719980
	1680  -  MemoryUsage of job (MB)
	1719980  -  ResidentSetSize of job (KB)
...
006 (78851234.028.000) 2026-09-30 18:01:43 Image size of job updated: 1719984
	1680  -  MemoryUsage of job (MB)
	1719984  -  ResidentSetSize of job (KB)
...
006 (78851234.028.000) 2026-09-30 18:06:43 Image size of job updated: 1719992
	1680  -  MemoryUsage of job (MB)
	1719992  -  ResidentSetSize of job (KB)
...
006 (78851234.028.000) 2026-09-30 18:11:44 Image size of job updated: 1722980
	1682  -  MemoryUsage of job (MB)
	1722208  -  ResidentSetSize of job (KB)
...
006 (78851234.028.000) 2026-09-30 18:16:44 Image size of job updated: 1722980
	1682  -  MemoryUsage of job (MB)
	1722224  -  ResidentSetSize of job (KB)
...
006 (78851234.028.000) 2026-09-30 18:21:45 Image size of job updated: 1723264
	1682  -  MemoryUsage of job (MB)
	1722248  -  ResidentSetSize of job (KB)
...
006 (78851234.028.000) 2026-09-30 18:26:45 Image size of job updated: 1723264
	1682  -  MemoryUsage of job (MB)
	1722252  -  ResidentSetSize of job (KB)
...
006 (78851234.028.000) 2026-09-30 18:31:45 Image size of job updated: 1725244
	1684  -  MemoryUsage of job (MB)
	1724236  -  ResidentSetSize of job (KB)
...
006 (78851234.028.000) 2026-09-30 18:41:46 Image size of job updated: 1725244
	1684  -  MemoryUsage of job (MB)
	1724240  -  ResidentSetSize of job (KB)
...
006 (78851234.028.000) 2026-09-30 18:46:47 Image size of job updated: 1725244
	1684  -  MemoryUsage of job (MB)
	1724252  -  ResidentSetSize of job (KB)
...
006 (78851234.028.000) 2026-09-30 18:51:47 Image size of job updated: 1725244
	1684  -  MemoryUsage of job (MB)
	1724256  -  ResidentSetSize of job (KB)
...
006 (78851234.028.000) 2026-09-30 19:01:48 Image size of job updated: 1725244
	1684  -  MemoryUsage of job (MB)
	1724260  -  ResidentSetSize of job (KB)
...
006 (78851234.028.000) 2026-09-30 19:06:48 Image size of job updated: 1726204
	1685  -  MemoryUsage of job (MB)
	1725276  -  ResidentSetSize of job (KB)
...
006 (78851234.028.000) 2026-09-30 19:11:49 Image size of job updated: 1726204
	1685  -  MemoryUsage of job (MB)
	1725284  -  ResidentSetSize of job (KB)
...
006 (78851234.028.000) 2026-09-30 19:16:49 Image size of job updated: 1726204
	1685  -  MemoryUsage of job (MB)
	1725292  -  ResidentSetSize of job (KB)
...
006 (78851234.028.000) 2026-09-30 19:21:50 Image size of job updated: 1726204
	1685  -  MemoryUsage of job (MB)
	1725300  -  ResidentSetSize of job (KB)
...
006 (78851234.028.000) 2026-09-30 19:26:51 Image size of job updated: 1734824
	1695  -  MemoryUsage of job (MB)
	1734824  -  ResidentSetSize of job (KB)
...
006 (78851234.028.000) 2026-09-30 19:36:52 Image size of job updated: 1734836
	1695  -  MemoryUsage of job (MB)
	1734836  -  ResidentSetSize of job (KB)
...
006 (78851234.028.000) 2026-09-30 19:46:53 Image size of job updated: 1735464
	1695  -  MemoryUsage of job (MB)
	1735464  -  ResidentSetSize of job (KB)
...
006 (78851234.028.000) 2026-09-30 19:51:53 Image size of job updated: 1735468
	1695  -  MemoryUsage of job (MB)
	1735468  -  ResidentSetSize of job (KB)
...
006 (78851234.028.000) 2026-09-30 20:21:55 Image size of job updated: 1737104
	1697  -  MemoryUsage of job (MB)
	1737104  -  ResidentSetSize of job (KB)
...
006 (78851234.028.000) 2026-09-30 20:31:56 Image size of job updated: 1738860
	1699  -  MemoryUsage of job (MB)
	1738860  -  ResidentSetSize of job (KB)
...
006 (78851234.028.000) 2026-09-30 20:56:59 Image size of job updated: 1739120
	1699  -  MemoryUsage of job (MB)
	1739120  -  ResidentSetSize of job (KB)
...
006 (78851234.028.000) 2026-09-30 21:07:01 Image size of job updated: 1741016
	1701  -  MemoryUsage of job (MB)
	1741016  -  ResidentSetSize of job (KB)
...
006 (78851234.028.000) 2026-09-30 21:12:01 Image size of job updated: 1741020
	1701  -  MemoryUsage of job (MB)
	1741020  -  ResidentSetSize of job (KB)
...
006 (78851234.028.000) 2026-09-30 21:17:02 Image size of job updated: 1741028
	1701  -  MemoryUsage of job (MB)
	1741028  -  ResidentSetSize of job (KB)
...
006 (78851234.028.000) 2026-09-30 21:22:02 Image size of job updated: 1741032
	1701  -  MemoryUsage of job (MB)
	1741028  -  ResidentSetSize of job (KB)
...
006 (78851234.028.000) 2026-09-30 22:02:06 Image size of job updated: 1743900
	1704  -  MemoryUsage of job (MB)
	1743900  -  ResidentSetSize of job (KB)
...
006 (78851234.028.000) 2026-09-30 22:07:07 Image size of job updated: 1743908
	1704  -  MemoryUsage of job (MB)
	1743908  -  ResidentSetSize of job (KB)
...
006 (78851234.028.000) 2026-09-30 22:12:07 Image size of job updated: 1746960
	1707  -  MemoryUsage of job (MB)
	1746960  -  ResidentSetSize of job (KB)
...
006 (78851234.028.000) 2026-09-30 22:17:08 Image size of job updated: 1746980
	1707  -  MemoryUsage of job (MB)
	1746980  -  ResidentSetSize of job (KB)
...
006 (78851234.028.000) 2026-09-30 22:22:08 Image size of job updated: 1746984
	1707  -  MemoryUsage of job (MB)
	1746984  -  ResidentSetSize of job (KB)
...
006 (78851234.028.000) 2026-09-30 22:27:09 Image size of job updated: 1746988
	1707  -  MemoryUsage of job (MB)
	1746988  -  ResidentSetSize of job (KB)
...
006 (78851234.028.000) 2026-09-30 23:07:13 Image size of job updated: 1747008
	1707  -  MemoryUsage of job (MB)
	1747008  -  ResidentSetSize of job (KB)
...
006 (78851234.028.000) 2026-09-30 23:12:13 Image size of job updated: 1747012
	1707  -  MemoryUsage of job (MB)
	1747012  -  ResidentSetSize of job (KB)
...
006 (78851234.028.000) 2026-09-30 23:22:14 Image size of job updated: 1747020
	1707  -  MemoryUsage of job (MB)
	1747020  -  ResidentSetSize of job (KB)
...
006 (78851234.028.000) 2026-09-30 23:27:15 Image size of job updated: 1747024
	1707  -  MemoryUsage of job (MB)
	1747024  -  ResidentSetSize of job (KB)
...
006 (78851234.028.000) 2026-09-30 23:37:15 Image size of job updated: 1748320
	1708  -  MemoryUsage of job (MB)
	1748048  -  ResidentSetSize of job (KB)
...
006 (78851234.028.000) 2026-09-30 23:52:17 Image size of job updated: 1748320
	1708  -  MemoryUsage of job (MB)
	1748056  -  ResidentSetSize of job (KB)
...
006 (78851234.028.000) 2026-10-01 00:07:18 Image size of job updated: 1748320
	1708  -  MemoryUsage of job (MB)
	1748284  -  ResidentSetSize of job (KB)
...
006 (78851234.028.000) 2026-10-01 00:12:18 Image size of job updated: 1748320
	1708  -  MemoryUsage of job (MB)
	1748288  -  ResidentSetSize of job (KB)
...
006 (78851234.028.000) 2026-10-01 00:32:20 Image size of job updated: 1748320
	1708  -  MemoryUsage of job (MB)
	1748292  -  ResidentSetSize of job (KB)
...
006 (78851234.028.000) 2026-10-01 00:37:20 Image size of job updated: 1749520
	1709  -  MemoryUsage of job (MB)
	1749520  -  ResidentSetSize of job (KB)
...
006 (78851234.028.000) 2026-10-01 00:47:21 Image size of job updated: 1749524
	1709  -  MemoryUsage of job (MB)
	1749524  -  ResidentSetSize of job (KB)
...
006 (78851234.028.000) 2026-10-01 00:52:21 Image size of job updated: 1757824
	1717  -  MemoryUsage of job (MB)
	1757824  -  ResidentSetSize of job (KB)
...
006 (78851234.028.000) 2026-10-01 01:02:22 Image size of job updated: 1759896
	1718  -  MemoryUsage of job (MB)
	1758872  -  ResidentSetSize of job (KB)
...
006 (78851234.028.000) 2026-10-01 01:17:25 Image size of job updated: 1759896
	1718  -  MemoryUsage of job (MB)
	1758876  -  ResidentSetSize of job (KB)
...
006 (78851234.028.000) 2026-10-01 01:32:26 Image size of job updated: 1759896
	1718  -  MemoryUsage of job (MB)
	1758904  -  ResidentSetSize of job (KB)
...
006 (78851234.028.000) 2026-10-01 01:37:26 Image size of job updated: 1759896
	1718  -  MemoryUsage of job (MB)
	1758908  -  ResidentSetSize of job (KB)
...
006 (78851234.028.000) 2026-10-01 02:07:30 Image size of job updated: 1759936
	1719  -  MemoryUsage of job (MB)
	1759924  -  ResidentSetSize of job (KB)
...
006 (78851234.028.000) 2026-10-01 02:12:30 Image size of job updated: 1759936
	1719  -  MemoryUsage of job (MB)
	1759928  -  ResidentSetSize of job (KB)
...
006 (78851234.028.000) 2026-10-01 02:22:31 Image size of job updated: 1759936
	1719  -  MemoryUsage of job (MB)
	1759936  -  ResidentSetSize of job (KB)
...
006 (78851234.028.000) 2026-10-01 02:27:31 Image size of job updated: 1759940
	1719  -  MemoryUsage of job (MB)
	1759940  -  ResidentSetSize of job (KB)
...
006 (78851234.028.000) 2026-10-01 02:47:33 Image size of job updated: 1759944
	1719  -  MemoryUsage of job (MB)
	1759944  -  ResidentSetSize of job (KB)
...
006 (78851234.028.000) 2026-10-01 03:07:35 Image size of job updated: 1759948
	1719  -  MemoryUsage of job (MB)
	1759948  -  ResidentSetSize of job (KB)
...
006 (78851234.028.000) 2026-10-01 03:12:35 Image size of job updated: 1760956
	1720  -  MemoryUsage of job (MB)
	1760956  -  ResidentSetSize of job (KB)
...
006 (78851234.028.000) 2026-10-01 03:22:36 Image size of job updated: 1760960
	1720  -  MemoryUsage of job (MB)
	1760956  -  ResidentSetSize of job (KB)
...
006 (78851234.028.000) 2026-10-01 03:27:36 Image size of job updated: 1760960
	1720  -  MemoryUsage of job (MB)
	1760960  -  ResidentSetSize of job (KB)
...
006 (78851234.028.000) 2026-10-01 03:37:37 Image size of job updated: 1760964
	1720  -  MemoryUsage of job (MB)
	1760964  -  ResidentSetSize of job (KB)
...
006 (78851234.028.000) 2026-10-01 03:42:38 Image size of job updated: 1760968
	1720  -  MemoryUsage of job (MB)
	1760968  -  ResidentSetSize of job (KB)
...
006 (78851234.028.000) 2026-10-01 03:47:38 Image size of job updated: 1761996
	1721  -  MemoryUsage of job (MB)
	1761996  -  ResidentSetSize of job (KB)
...
006 (78851234.028.000) 2026-10-01 03:57:40 Image size of job updated: 1762000
	1721  -  MemoryUsage of job (MB)
	1762000  -  ResidentSetSize of job (KB)
...
006 (78851234.028.000) 2026-10-01 04:02:40 Image size of job updated: 1762008
	1721  -  MemoryUsage of job (MB)
	1762008  -  ResidentSetSize of job (KB)
...
006 (78851234.028.000) 2026-10-01 04:12:41 Image size of job updated: 1762012
	1721  -  MemoryUsage of job (MB)
	1762008  -  ResidentSetSize of job (KB)
...
006 (78851234.028.000) 2026-10-01 04:17:42 Image size of job updated: 1762012
	1721  -  MemoryUsage of job (MB)
	1762012  -  ResidentSetSize of job (KB)
...
006 (78851234.028.000) 2026-10-01 04:37:43 Image size of job updated: 1762016
	1721  -  MemoryUsage of job (MB)
	1762016  -  ResidentSetSize of job (KB)
...
006 (78851234.028.000) 2026-10-01 04:42:44 Image size of job updated: 1762020
	1721  -  MemoryUsage of job (MB)
	1762020  -  ResidentSetSize of job (KB)
...
006 (78851234.028.000) 2026-10-01 04:47:44 Image size of job updated: 1764036
	1723  -  MemoryUsage of job (MB)
	1764036  -  ResidentSetSize of job (KB)
...
006 (78851234.028.000) 2026-10-01 04:52:44 Image size of job updated: 1764040
	1723  -  MemoryUsage of job (MB)
	1764040  -  ResidentSetSize of job (KB)
...
006 (78851234.028.000) 2026-10-01 04:57:45 Image size of job updated: 1765004
	1724  -  MemoryUsage of job (MB)
	1765004  -  ResidentSetSize of job (KB)
...
006 (78851234.028.000) 2026-10-01 05:12:46 Image size of job updated: 1765052
	1724  -  MemoryUsage of job (MB)
	1765004  -  ResidentSetSize of job (KB)
...
006 (78851234.028.000) 2026-10-01 06:52:58 Image size of job updated: 1765088
	1724  -  MemoryUsage of job (MB)
	1765088  -  ResidentSetSize of job (KB)
...
006 (78851234.028.000) 2026-10-01 07:02:59 Image size of job updated: 1767104
	1724  -  MemoryUsage of job (MB)
	1765088  -  ResidentSetSize of job (KB)
...
006 (78851234.028.000) 2026-10-01 07:23:01 Image size of job updated: 1767104
	1724  -  MemoryUsage of job (MB)
	1765092  -  ResidentSetSize of job (KB)
...
006 (78851234.028.000) 2026-10-01 07:43:03 Image size of job updated: 1768116
	1727  -  MemoryUsage of job (MB)
	1768116  -  ResidentSetSize of job (KB)
...
006 (78851234.028.000) 2026-10-01 07:53:04 Image size of job updated: 1768120
	1727  -  MemoryUsage of job (MB)
	1768116  -  ResidentSetSize of job (KB)
...
006 (78851234.028.000) 2026-10-01 08:03:05 Image size of job updated: 1768124
	1727  -  MemoryUsage of job (MB)
	1768124  -  ResidentSetSize of job (KB)
...
006 (78851234.028.000) 2026-10-01 08:33:08 Image size of job updated: 1768128
	1727  -  MemoryUsage of job (MB)
	1768128  -  ResidentSetSize of job (KB)
...
006 (78851234.028.000) 2026-10-01 08:38:09 Image size of job updated: 1768244
	1727  -  MemoryUsage of job (MB)
	1768244  -  ResidentSetSize of job (KB)
...
006 (78851234.028.000) 2026-10-01 08:43:09 Image size of job updated: 1769152
	1727  -  MemoryUsage of job (MB)
	1768244  -  ResidentSetSize of job (KB)
...
006 (78851234.028.000) 2026-10-01 08:53:10 Image size of job updated: 1769152
	1728  -  MemoryUsage of job (MB)
	1769152  -  ResidentSetSize of job (KB)
...
006 (78851234.028.000) 2026-10-01 09:03:11 Image size of job updated: 1769156
	1728  -  MemoryUsage of job (MB)
	1769152  -  ResidentSetSize of job (KB)
...
006 (78851234.028.000) 2026-10-01 09:23:12 Image size of job updated: 1770164
	1729  -  MemoryUsage of job (MB)
	1770164  -  ResidentSetSize of job (KB)
...
006 (78851234.028.000) 2026-10-01 09:28:13 Image size of job updated: 1770168
	1729  -  MemoryUsage of job (MB)
	1770168  -  ResidentSetSize of job (KB)
...
006 (78851234.028.000) 2026-10-01 09:33:13 Image size of job updated: 1770172
	1729  -  MemoryUsage of job (MB)
	1770168  -  ResidentSetSize of job (KB)
...
006 (78851234.028.000) 2026-10-01 09:58:16 Image size of job updated: 1771184
	1730  -  MemoryUsage of job (MB)
	1771184  -  ResidentSetSize of job (KB)
...
006 (78851234.028.000) 2026-10-01 10:13:18 Image size of job updated: 1771192
	1730  -  MemoryUsage of job (MB)
	1771192  -  ResidentSetSize of job (KB)
...
006 (78851234.028.000) 2026-10-01 10:33:19 Image size of job updated: 1771196
	1730  -  MemoryUsage of job (MB)
	1771196  -  ResidentSetSize of job (KB)
...
006 (78851234.028.000) 2026-10-01 10:38:20 Image size of job updated: 1772204
	1731  -  MemoryUsage of job (MB)
	1772204  -  ResidentSetSize of job (KB)
...
006 (78851234.028.000) 2026-10-01 11:53:29 Image size of job updated: 1773300
	1732  -  MemoryUsage of job (MB)
	1773300  -  ResidentSetSize of job (KB)
...
006 (78851234.028.000) 2026-10-01 12:08:30 Image size of job updated: 1779432
	1738  -  MemoryUsage of job (MB)
	1779432  -  ResidentSetSize of job (KB)
...
006 (78851234.028.000) 2026-10-01 12:18:32 Image size of job updated: 1781448
	1739  -  MemoryUsage of job (MB)
	1780440  -  ResidentSetSize of job (KB)
...
004 (78851234.028.000) 2026-10-01 12:39:29 Job was evicted. Code 1019 Subcode 0
	(0) CPU times
		Usr 6 22:43:54, Sys 0 00:06:18  -  Run Remote Usage
		Usr 0 00:00:00, Sys 0 00:00:00  -  Run Local Usage
	0  -  Run Bytes Sent By Job
	0  -  Run Bytes Received By Job
	Reason: Preempted for a Priority user
	Partitionable Resources :    Usage  Request Allocated 
	   Cpus                 :     3.71        4         4 
	   Disk (KB)            : 25000       25000     28672 
	   GPUs                 :                           0 
	   Memory (MB)          :  1739        6000      6016 
	   TimeExecute (s)      : 86610                       
	   TimeSlotBusy (s)     : 86610                       
...
001 (78851234.028.000) 2026-10-01 12:39:35 Job executing on host: <10.14.9.93:9618?addrs=10.14.9.93-9618&alias=node2093.cluster.ldas.cit&noUDP&sock=startd_1394305_d5cd>
	SlotName: slot1_26@node2093.cluster.ldas.cit
	CondorScratchDir = "/var/lib/condor/execute/dir_1758223/scratch"
	Cpus = 4
	Disk = 28672
	GPUs = 0
	Memory = 6016
...
005 (78851234.028.000) 2026-10-02 08:05:38 Job terminated.
	(1) Normal termination (return value 0)
		Usr 7 20:20:45, Sys 0 00:11:22  -  Run Remote Usage
		Usr 0 00:00:00, Sys 0 00:00:00  -  Run Local Usage
		Usr 14 19:04:39, Sys 0 00:17:40  -  Total Remote Usage
		Usr 0 00:00:00, Sys 0 00:00:00  -  Total Local Usage
	0  -  Run Bytes Sent By Job
	0  -  Run Bytes Received By Job
	0  -  Total Bytes Sent By Job
	0  -  Total Bytes Received By Job
	Partitionable Resources :    Usage  Request Allocated 
	   Cpus                 :    15.92        4         4 
	   Disk (KB)            : 25000       25000     28672 
	   GPUs                 :                           0 
	   Memory (MB)          :  1954        6000      6016 
	   TimeExecute (s)      : 69963                       
	   TimeSlotBusy (s)     : 69964                       
...
000 (78854872.028.000) 2026-10-03 17:21:23 Job submitted from host: <10.14.0.121:9618?addrs=10.14.0.121-9618&alias=ldas-pcdev12.ligo.caltech.edu&noUDP&sock=schedd_623140_c9b4>
...
001 (78854872.028.000) 2026-10-03 17:22:13 Job executing on host: <10.14.3.240:9618?addrs=10.14.3.240-9618&alias=node740.cluster.ldas.cit&noUDP&sock=startd_1349651_e7c3>
	SlotName: slot1_1@node740.cluster.ldas.cit
	CondorScratchDir = "/var/lib/condor/execute/dir_1696249/scratch"
	Cpus = 4
	Disk = 28672
	GPUs = 0
	Memory = 6016
...
006 (78854872.028.000) 2026-10-03 17:22:22 Image size of job updated: 25000
	12  -  MemoryUsage of job (MB)
	11280  -  ResidentSetSize of job (KB)
...
006 (78854872.028.000) 2026-10-03 17:26:26 Image size of job updated: 497816
	12  -  MemoryUsage of job (MB)
	11280  -  ResidentSetSize of job (KB)
...
005 (78854872.028.000) 2026-10-03 17:26:26 Job terminated.
	(1) Normal termination (return value 0)
		Usr 0 00:00:28, Sys 0 00:00:00  -  Run Remote Usage
		Usr 0 00:00:00, Sys 0 00:00:00  -  Run Local Usage
		Usr 0 00:00:28, Sys 0 00:00:00  -  Total Remote Usage
		Usr 0 00:00:00, Sys 0 00:00:00  -  Total Local Usage
	0  -  Run Bytes Sent By Job
	0  -  Run Bytes Received By Job
	0  -  Total Bytes Sent By Job
	0  -  Total Bytes Received By Job
	Partitionable Resources :    Usage  Request Allocated 
	   Cpus                 :     0.04        4         4 
	   Disk (KB)            : 25000       25000     28672 
	   GPUs                 :                           0 
	   Memory (MB)          :    12        6000      6016 
	   TimeExecute (s)      :   253                       
	   TimeSlotBusy (s)     :   256                       
...
000 (78854906.028.000) 2026-10-03 21:36:50 Job submitted from host: <10.14.0.121:9618?addrs=10.14.0.121-9618&alias=ldas-pcdev12.ligo.caltech.edu&noUDP&sock=schedd_623140_c9b4>
...
001 (78854906.028.000) 2026-10-03 21:38:42 Job executing on host: <10.14.10.33:9618?addrs=10.14.10.33-9618&alias=node2283.cluster.ldas.cit&noUDP&sock=startd_2484011_8367>
	SlotName: slot1_16@node2283.cluster.ldas.cit
	CondorScratchDir = "/var/lib/condor/execute/dir_3698900/scratch"
	Cpus = 4
	Disk = 28672
	GPUs = 0
	Memory = 6016
...
006 (78854906.028.000) 2026-10-03 21:38:51 Image size of job updated: 156548
	153  -  MemoryUsage of job (MB)
	156548  -  ResidentSetSize of job (KB)
...
006 (78854906.028.000) 2026-10-03 21:39:02 Image size of job updated: 486976
	153  -  MemoryUsage of job (MB)
	156548  -  ResidentSetSize of job (KB)
...
005 (78854906.028.000) 2026-10-03 21:39:03 Job terminated.
	(1) Normal termination (return value 0)
		Usr 0 00:00:15, Sys 0 00:00:01  -  Run Remote Usage
		Usr 0 00:00:00, Sys 0 00:00:00  -  Run Local Usage
		Usr 0 00:00:15, Sys 0 00:00:01  -  Total Remote Usage
		Usr 0 00:00:00, Sys 0 00:00:00  -  Total Local Usage
	0  -  Run Bytes Sent By Job
	0  -  Run Bytes Received By Job
	0  -  Total Bytes Sent By Job
	0  -  Total Bytes Received By Job
	Partitionable Resources :    Usage  Request Allocated 
	   Cpus                 :                 4         4 
	   Disk (KB)            :    25000    25000     28672 
	   GPUs                 :                           0 
	   Memory (MB)          :      153     6000      6016 
	   TimeExecute (s)      :       20                    
	   TimeSlotBusy (s)     :       20                    
...
000 (78855135.028.000) 2026-10-04 13:44:55 Job submitted from host: <10.14.0.121:9618?addrs=10.14.0.121-9618&alias=ldas-pcdev12.ligo.caltech.edu&noUDP&sock=schedd_623140_c9b4>
...
001 (78855135.028.000) 2026-10-04 13:49:18 Job executing on host: <10.14.8.201:9618?addrs=10.14.8.201-9618&alias=node1951.cluster.ldas.cit&noUDP&sock=startd_33418_8c00>
	SlotName: slot1_1@node1951.cluster.ldas.cit
	CondorScratchDir = "/var/lib/condor/execute/dir_431589/scratch"
	Cpus = 4
	Disk = 28672
	GPUs = 0
	Memory = 6016
...
006 (78855135.028.000) 2026-10-04 13:49:26 Image size of job updated: 109260
	107  -  MemoryUsage of job (MB)
	109260  -  ResidentSetSize of job (KB)
...
006 (78855135.028.000) 2026-10-04 13:49:50 Image size of job updated: 497868
	107  -  MemoryUsage of job (MB)
	109264  -  ResidentSetSize of job (KB)
...
005 (78855135.028.000) 2026-10-04 13:49:50 Job terminated.
	(1) Normal termination (return value 0)
		Usr 0 00:00:19, Sys 0 00:00:01  -  Run Remote Usage
		Usr 0 00:00:00, Sys 0 00:00:00  -  Run Local Usage
		Usr 0 00:00:19, Sys 0 00:00:01  -  Total Remote Usage
		Usr 0 00:00:00, Sys 0 00:00:00  -  Total Local Usage
	0  -  Run Bytes Sent By Job
	0  -  Run Bytes Received By Job
	0  -  Total Bytes Sent By Job
	0  -  Total Bytes Received By Job
	Partitionable Resources :    Usage  Request Allocated 
	   Cpus                 :                 4         4 
	   Disk (KB)            :    25000    25000     28672 
	   GPUs                 :                           0 
	   Memory (MB)          :      107     6000      6016 
	   TimeExecute (s)      :       32                    
	   TimeSlotBusy (s)     :       33                    
...
