000 (78851234.030.000) 2026-09-30 12:35:31 Job submitted from host: <10.14.0.121:9618?addrs=10.14.0.121-9618&alias=ldas-pcdev12.ligo.caltech.edu&noUDP&sock=schedd_623140_c9b4>
...
001 (78851234.030.000) 2026-09-30 12:35:59 Job executing on host: <10.14.4.37:9618?addrs=10.14.4.37-9618&alias=node787.cluster.ldas.cit&noUDP&sock=startd_1579816_f375>
	SlotName: slot1_3@node787.cluster.ldas.cit
	CondorScratchDir = "/var/lib/condor/execute/dir_1685502/scratch"
	Cpus = 4
	Disk = 28672
	GPUs = 0
	Memory = 6016
...
006 (78851234.030.000) 2026-09-30 12:36:07 Image size of job updated: 148128
	145  -  MemoryUsage of job (MB)
	148128  -  ResidentSetSize of job (KB)
...
006 (78851234.030.000) 2026-09-30 12:41:07 Image size of job updated: 327084
	320  -  MemoryUsage of job (MB)
	327084  -  ResidentSetSize of job (KB)
...
006 (78851234.030.000) 2026-09-30 12:46:08 Image size of job updated: 328116
	321  -  MemoryUsage of job (MB)
	328116  -  ResidentSetSize of job (KB)
...
006 (78851234.030.000) 2026-09-30 12:51:08 Image size of job updated: 408692
	400  -  MemoryUsage of job (MB)
	408692  -  ResidentSetSize of job (KB)
...
006 (78851234.030.000) 2026-09-30 12:56:08 Image size of job updated: 409200
	400  -  MemoryUsage of job (MB)
	409200  -  ResidentSetSize of job (KB)
...
006 (78851234.030.000) 2026-09-30 13:01:09 Image size of job updated: 421804
	412  -  MemoryUsage of job (MB)
	421804  -  ResidentSetSize of job (KB)
...
006 (78851234.030.000) 2026-09-30 13:06:09 Image size of job updated: 422148
	413  -  MemoryUsage of job (MB)
	422148  -  ResidentSetSize of job (KB)
...
006 (78851234.030.000) 2026-09-30 13:11:10 Image size of job updated: 449804
	440  -  MemoryUsage of job (MB)
	449804  -  ResidentSetSize of job (KB)
...
006 (78851234.030.000) 2026-09-30 13:16:11 Image size of job updated: 450120
	440  -  MemoryUsage of job (MB)
	450120  -  ResidentSetSize of job (KB)
...
006 (78851234.030.000) 2026-09-30 13:21:11 Image size of job updated: 462072
	447  -  MemoryUsage of job (MB)
	457512  -  ResidentSetSize of job (KB)
...
006 (78851234.030.000) 2026-09-30 13:26:12 Image size of job updated: 462072
	448  -  MemoryUsage of job (MB)
	457752  -  ResidentSetSize of job (KB)
...
006 (78851234.030.000) 2026-09-30 13:31:12 Image size of job updated: 465444
	455  -  MemoryUsage of job (MB)
	465444  -  ResidentSetSize of job (KB)
...
006 (78851234.030.000) 2026-09-30 13:36:13 Image size of job updated: 465552
	455  -  MemoryUsage of job (MB)
	465552  -  ResidentSetSize of job (KB)
...
006 (78851234.030.000) 2026-09-30 13:41:14 Image size of job updated: 467904
	457  -  MemoryUsage of job (MB)
	467904  -  ResidentSetSize of job (KB)
...
006 (78851234.030.000) 2026-09-30 13:46:14 Image size of job updated: 468032
	458  -  MemoryUsage of job (MB)
	468032  -  ResidentSetSize of job (KB)
...
006 (78851234.030.000) 2026-09-30 13:51:15 Image size of job updated: 468568
	458  -  MemoryUsage of job (MB)
	468032  -  ResidentSetSize of job (KB)
...
006 (78851234.030.000) 2026-09-30 14:01:15 Image size of job updated: 473716
	463  -  MemoryUsage of job (MB)
	473140  -  ResidentSetSize of job (KB)
...
006 (78851234.030.000) 2026-09-30 14:06:16 Image size of job updated: 473716
	463  -  MemoryUsage of job (MB)
	473268  -  ResidentSetSize of job (KB)
...
006 (78851234.030.000) 2026-09-30 14:11:16 Image size of job updated: 488144
	477  -  MemoryUsage of job (MB)
	488144  -  ResidentSetSize of job (KB)
...
006 (78851234.030.000) 2026-09-30 14:16:17 Image size of job updated: 488200
	477  -  MemoryUsage of job (MB)
	488200  -  ResidentSetSize of job (KB)
...
006 (78851234.030.000) 2026-09-30 14:21:17 Image size of job updated: 506408
	489  -  MemoryUsage of job (MB)
	500416  -  ResidentSetSize of job (KB)
...
006 (78851234.030.000) 2026-09-30 14:26:18 Image size of job updated: 506408
	489  -  MemoryUsage of job (MB)
	500580  -  ResidentSetSize of job (KB)
...
006 (78851234.030.000) 2026-09-30 14:31:19 Image size of job updated: 506408
	489  -  MemoryUsage of job (MB)
	500684  -  ResidentSetSize of job (KB)
...
006 (78851234.030.000) 2026-09-30 14:36:19 Image size of job updated: 506408
	491  -  MemoryUsage of job (MB)
	502624  -  ResidentSetSize of job (KB)
...
006 (78851234.030.000) 2026-09-30 14:41:20 Image size of job updated: 547780
	535  -  MemoryUsage of job (MB)
	547780  -  ResidentSetSize of job (KB)
...
006 (78851234.030.000) 2026-09-30 14:46:20 Image size of job updated: 547848
	536  -  MemoryUsage of job (MB)
	547848  -  ResidentSetSize of job (KB)
...
006 (78851234.030.000) 2026-09-30 14:51:21 Image size of job updated: 611644
	598  -  MemoryUsage of job (MB)
	611644  -  ResidentSetSize of job (KB)
...
006 (78851234.030.000) 2026-09-30 14:56:22 Image size of job updated: 831408
	812  -  MemoryUsage of job (MB)
	831408  -  ResidentSetSize of job (KB)
...
006 (78851234.030.000) 2026-09-30 15:01:22 Image size of job updated: 1092912
	1068  -  MemoryUsage of job (MB)
	1092912  -  ResidentSetSize of job (KB)
...
006 (78851234.030.000) 2026-09-30 15:06:23 Image size of job updated: 1316448
	1286  -  MemoryUsage of job (MB)
	1316448  -  ResidentSetSize of job (KB)
...
006 (78851234.030.000) 2026-09-30 15:11:23 Image size of job updated: 1573976
	1538  -  MemoryUsage of job (MB)
	1573976  -  ResidentSetSize of job (KB)
...
006 (78851234.030.000) 2026-09-30 15:16:23 Image size of job updated: 1601180
	1564  -  MemoryUsage of job (MB)
	1601180  -  ResidentSetSize of job (KB)
...
006 (78851234.030.000) 2026-09-30 15:21:24 Image size of job updated: 1601228
	1564  -  MemoryUsage of job (MB)
	1601228  -  ResidentSetSize of job (KB)
...
006 (78851234.030.000) 2026-09-30 15:26:24 Image size of job updated: 1601352
	1564  -  MemoryUsage of job (MB)
	1601352  -  ResidentSetSize of job (KB)
...
006 (78851234.030.000) 2026-09-30 15:31:25 Image size of job updated: 1601416
	1564  -  MemoryUsage of job (MB)
	1601416  -  ResidentSetSize of job (KB)
...
006 (78851234.030.000) 2026-09-30 15:36:25 Image size of job updated: 1609328
	1569  -  MemoryUsage of job (MB)
	1605868  -  ResidentSetSize of job (KB)
...
006 (78851234.030.000) 2026-09-30 15:41:25 Image size of job updated: 1609328
	1569  -  MemoryUsage of job (MB)
	1605900  -  ResidentSetSize of job (KB)
...
006 (78851234.030.000) 2026-09-30 15:46:26 Image size of job updated: 1613104
	1576  -  MemoryUsage of job (MB)
	1613104  -  ResidentSetSize of job (KB)
...
006 (78851234.030.000) 2026-09-30 15:51:26 Image size of job updated: 1613192
	1576  -  MemoryUsage of job (MB)
	1613192  -  ResidentSetSize of job (KB)
...
006 (78851234.030.000) 2026-09-30 15:56:27 Image size of job updated: 1614072
	1577  -  MemoryUsage of job (MB)
	1614072  -  ResidentSetSize of job (KB)
...
006 (78851234.030.000) 2026-09-30 16:01:28 Image size of job updated: 1614100
	1577  -  MemoryUsage of job (MB)
	1614100  -  ResidentSetSize of job (KB)
...
006 (78851234.030.000) 2026-09-30 16:06:28 Image size of job updated: 1614256
	1577  -  MemoryUsage of job (MB)
	1614256  -  ResidentSetSize of job (KB)
...
006 (78851234.030.000) 2026-09-30 16:11:29 Image size of job updated: 1614296
	1577  -  MemoryUsage of job (MB)
	1614296  -  ResidentSetSize of job (KB)
...
006 (78851234.030.000) 2026-09-30 16:16:29 Image size of job updated: 1614332
	1577  -  MemoryUsage of job (MB)
	1614332  -  ResidentSetSize of job (KB)
...
006 (78851234.030.000) 2026-09-30 16:21:30 Image size of job updated: 1614344
	1577  -  MemoryUsage of job (MB)
	1614344  -  ResidentSetSize of job (KB)
...
006 (78851234.030.000) 2026-09-30 16:26:31 Image size of job updated: 1614368
	1577  -  MemoryUsage of job (MB)
	1614368  -  ResidentSetSize of job (KB)
...
006 (78851234.030.000) 2026-09-30 16:31:31 Image size of job updated: 1616188
	1578  -  MemoryUsage of job (MB)
	1615384  -  ResidentSetSize of job (KB)
...
006 (78851234.030.000) 2026-09-30 16:36:32 Image size of job updated: 1616188
	1578  -  MemoryUsage of job (MB)
	1615388  -  ResidentSetSize of job (KB)
...
006 (78851234.030.000) 2026-09-30 16:41:32 Image size of job updated: 1617452
	1580  -  MemoryUsage of job (MB)
	1617452  -  ResidentSetSize of job (KB)
...
006 (78851234.030.000) 2026-09-30 16:46:32 Image size of job updated: 1617480
	1580  -  MemoryUsage of job (MB)
	1617480  -  ResidentSetSize of job (KB)
...
006 (78851234.030.000) 2026-09-30 16:51:33 Image size of job updated: 1617508
	1580  -  MemoryUsage of job (MB)
	1617508  -  ResidentSetSize of job (KB)
...
006 (78851234.030.000) 2026-09-30 16:56:33 Image size of job updated: 1617512
	1580  -  MemoryUsage of job (MB)
	1617512  -  ResidentSetSize of job (KB)
...
006 (78851234.030.000) 2026-09-30 17:01:34 Image size of job updated: 1617536
	1580  -  MemoryUsage of job (MB)
	1617536  -  ResidentSetSize of job (KB)
...
006 (78851234.030.000) 2026-09-30 17:06:35 Image size of job updated: 1617564
	1580  -  MemoryUsage of job (MB)
	1617564  -  ResidentSetSize of job (KB)
...
006 (78851234.030.000) 2026-09-30 17:11:35 Image size of job updated: 1617648
	1580  -  MemoryUsage of job (MB)
	1617648  -  ResidentSetSize of job (KB)
...
006 (78851234.030.000) 2026-09-30 17:16:36 Image size of job updated: 1617708
	1580  -  MemoryUsage of job (MB)
	1617708  -  ResidentSetSize of job (KB)
...
006 (78851234.030.000) 2026-09-30 17:21:36 Image size of job updated: 1619908
	1582  -  MemoryUsage of job (MB)
	1619448  -  ResidentSetSize of job (KB)
...
006 (78851234.030.000) 2026-09-30 17:26:37 Image size of job updated: 1619908
	1582  -  MemoryUsage of job (MB)
	1619460  -  ResidentSetSize of job (KB)
...
006 (78851234.030.000) 2026-09-30 17:31:38 Image size of job updated: 1619908
	1582  -  MemoryUsage of job (MB)
	1619772  -  ResidentSetSize of job (KB)
...
006 (78851234.030.000) 2026-09-30 17:36:38 Image size of job updated: 1619908
	1582  -  MemoryUsage of job (MB)
	1619800  -  ResidentSetSize of job (KB)
...
006 (78851234.030.000) 2026-09-30 17:41:39 Image size of job updated: 1620824
	1583  -  MemoryUsage of job (MB)
	1620824  -  ResidentSetSize of job (KB)
...
006 (78851234.030.000) 2026-09-30 17:46:39 Image size of job updated: 1620860
	1583  -  MemoryUsage of job (MB)
	1620860  -  ResidentSetSize of job (KB)
...
006 (78851234.030.000) 2026-09-30 17:51:41 Image size of job updated: 1620892
	1583  -  MemoryUsage of job (MB)
	1620892  -  ResidentSetSize of job (KB)
...
006 (78851234.030.000) 2026-09-30 17:56:41 Image size of job updated: 1620920
	1583  -  MemoryUsage of job (MB)
	1620920  -  ResidentSetSize of job (KB)
...
006 (78851234.030.000) 2026-09-30 18:01:41 Image size of job updated: 1620928
	1583  -  MemoryUsage of job (MB)
	1620928  -  ResidentSetSize of job (KB)
...
006 (78851234.030.000) 2026-09-30 18:06:42 Image size of job updated: 1620948
	1583  -  MemoryUsage of job (MB)
	1620948  -  ResidentSetSize of job (KB)
...
006 (78851234.030.000) 2026-09-30 18:11:42 Image size of job updated: 1620952
	1583  -  MemoryUsage of job (MB)
	1620952  -  ResidentSetSize of job (KB)
...
006 (78851234.030.000) 2026-09-30 18:36:44 Image size of job updated: 1623020
	1585  -  MemoryUsage of job (MB)
	1623020  -  ResidentSetSize of job (KB)
...
006 (78851234.030.000) 2026-09-30 18:41:45 Image size of job updated: 1623024
	1585  -  MemoryUsage of job (MB)
	1623024  -  ResidentSetSize of job (KB)
...
006 (78851234.030.000) 2026-09-30 18:46:45 Image size of job updated: 1624048
	1586  -  MemoryUsage of job (MB)
	1624048  -  ResidentSetSize of job (KB)
...
006 (78851234.030.000) 2026-09-30 18:51:46 Image size of job updated: 1624052
	1586  -  MemoryUsage of job (MB)
	1624052  -  ResidentSetSize of job (KB)
...
006 (78851234.030.000) 2026-09-30 18:56:47 Image size of job updated: 1624088
	1587  -  MemoryUsage of job (MB)
	1624088  -  ResidentSetSize of job (KB)
...
006 (78851234.030.000) 2026-09-30 19:01:47 Image size of job updated: 1624096
	1587  -  MemoryUsage of job (MB)
	1624096  -  ResidentSetSize of job (KB)
...
006 (78851234.030.000) 2026-09-30 19:06:48 Image size of job updated: 1624100
	1587  -  MemoryUsage of job (MB)
	1624100  -  ResidentSetSize of job (KB)
...
006 (78851234.030.000) 2026-09-30 19:11:48 Image size of job updated: 1624112
	1587  -  MemoryUsage of job (MB)
	1624112  -  ResidentSetSize of job (KB)
...
006 (78851234.030.000) 2026-09-30 19:16:49 Image size of job updated: 1624144
	1587  -  MemoryUsage of job (MB)
	1624144  -  ResidentSetSize of job (KB)
...
006 (78851234.030.000) 2026-09-30 19:21:50 Image size of job updated: 1626804
	1588  -  MemoryUsage of job (MB)
	1625152  -  ResidentSetSize of job (KB)
...
006 (78851234.030.000) 2026-09-30 19:26:50 Image size of job updated: 1626804
	1588  -  MemoryUsage of job (MB)
	1625176  -  ResidentSetSize of job (KB)
...
006 (78851234.030.000) 2026-09-30 19:31:51 Image size of job updated: 1627252
	1590  -  MemoryUsage of job (MB)
	1627252  -  ResidentSetSize of job (KB)
...
006 (78851234.030.000) 2026-09-30 19:36:51 Image size of job updated: 1627272
	1590  -  MemoryUsage of job (MB)
	1627272  -  ResidentSetSize of job (KB)
...
006 (78851234.030.000) 2026-09-30 19:41:52 Image size of job updated: 1629820
	1592  -  MemoryUsage of job (MB)
	1629820  -  ResidentSetSize of job (KB)
...
006 (78851234.030.000) 2026-09-30 19:51:53 Image size of job updated: 1629824
	1592  -  MemoryUsage of job (MB)
	1629824  -  ResidentSetSize of job (KB)
...
006 (78851234.030.000) 2026-09-30 20:06:55 Image size of job updated: 1631156
	1593  -  MemoryUsage of job (MB)
	1630840  -  ResidentSetSize of job (KB)
...
006 (78851234.030.000) 2026-09-30 20:16:55 Image size of job updated: 1631156
	1593  -  MemoryUsage of job (MB)
	1630844  -  ResidentSetSize of job (KB)
...
006 (78851234.030.000) 2026-09-30 20:21:56 Image size of job updated: 1631156
	1593  -  MemoryUsage of job (MB)
	1630848  -  ResidentSetSize of job (KB)
...
006 (78851234.030.000) 2026-09-30 20:26:56 Image size of job updated: 1631156
	1593  -  MemoryUsage of job (MB)
	1630852  -  ResidentSetSize of job (KB)
...
006 (78851234.030.000) 2026-09-30 20:36:57 Image size of job updated: 1631508
	1594  -  MemoryUsage of job (MB)
	1631508  -  ResidentSetSize of job (KB)
...
006 (78851234.030.000) 2026-09-30 20:41:59 Image size of job updated: 1631528
	1594  -  MemoryUsage of job (MB)
	1631528  -  ResidentSetSize of job (KB)
...
006 (78851234.030.000) 2026-09-30 20:46:59 Image size of job updated: 1631532
	1594  -  MemoryUsage of job (MB)
	1631532  -  ResidentSetSize of job (KB)
...
006 (78851234.030.000) 2026-09-30 20:51:59 Image size of job updated: 1631536
	1594  -  MemoryUsage of job (MB)
	1631536  -  ResidentSetSize of job (KB)
...
006 (78851234.030.000) 2026-09-30 21:07:01 Image size of job updated: 1631548
	1594  -  MemoryUsage of job (MB)
	1631548  -  ResidentSetSize of job (KB)
...
006 (78851234.030.000) 2026-09-30 21:12:01 Image size of job updated: 1631580
	1594  -  MemoryUsage of job (MB)
	1631580  -  ResidentSetSize of job (KB)
...
006 (78851234.030.000) 2026-09-30 21:27:02 Image size of job updated: 1632256
	1594  -  MemoryUsage of job (MB)
	1632256  -  ResidentSetSize of job (KB)
...
006 (78851234.030.000) 2026-09-30 21:32:03 Image size of job updated: 1632260
	1595  -  MemoryUsage of job (MB)
	1632260  -  ResidentSetSize of job (KB)
...
006 (78851234.030.000) 2026-09-30 21:37:03 Image size of job updated: 1632592
	1595  -  MemoryUsage of job (MB)
	1632592  -  ResidentSetSize of job (KB)
...
006 (78851234.030.000) 2026-09-30 21:42:03 Image size of job updated: 1632600
	1595  -  MemoryUsage of job (MB)
	1632600  -  ResidentSetSize of job (KB)
...
006 (78851234.030.000) 2026-09-30 21:47:04 Image size of job updated: 1632604
	1595  -  MemoryUsage of job (MB)
	1632604  -  ResidentSetSize of job (KB)
...
006 (78851234.030.000) 2026-09-30 21:52:04 Image size of job updated: 1632608
	1595  -  MemoryUsage of job (MB)
	1632608  -  ResidentSetSize of job (KB)
...
006 (78851234.030.000) 2026-09-30 22:02:05 Image size of job updated: 1632612
	1595  -  MemoryUsage of job (MB)
	1632612  -  ResidentSetSize of job (KB)
...
006 (78851234.030.000) 2026-09-30 22:12:06 Image size of job updated: 1632624
	1595  -  MemoryUsage of job (MB)
	1632624  -  ResidentSetSize of job (KB)
...
006 (78851234.030.000) 2026-09-30 22:17:06 Image size of job updated: 1632652
	1595  -  MemoryUsage of job (MB)
	1632652  -  ResidentSetSize of job (KB)
...
006 (78851234.030.000) 2026-09-30 22:22:07 Image size of job updated: 1632668
	1595  -  MemoryUsage of job (MB)
	1632668  -  ResidentSetSize of job (KB)
...
006 (78851234.030.000) 2026-09-30 22:27:07 Image size of job updated: 1632692
	1595  -  MemoryUsage of job (MB)
	1632692  -  ResidentSetSize of job (KB)
...
006 (78851234.030.000) 2026-09-30 22:32:08 Image size of job updated: 1633184
	1595  -  MemoryUsage of job (MB)
	1633184  -  ResidentSetSize of job (KB)
...
006 (78851234.030.000) 2026-09-30 22:42:09 Image size of job updated: 1636372
	1599  -  MemoryUsage of job (MB)
	1636372  -  ResidentSetSize of job (KB)
...
006 (78851234.030.000) 2026-09-30 23:02:11 Image size of job updated: 1636376
	1599  -  MemoryUsage of job (MB)
	1636376  -  ResidentSetSize of job (KB)
...
006 (78851234.030.000) 2026-09-30 23:07:11 Image size of job updated: 1636400
	1599  -  MemoryUsage of job (MB)
	1636400  -  ResidentSetSize of job (KB)
...
006 (78851234.030.000) 2026-09-30 23:12:12 Image size of job updated: 1636404
	1599  -  MemoryUsage of job (MB)
	1636404  -  ResidentSetSize of job (KB)
...
006 (78851234.030.000) 2026-09-30 23:17:12 Image size of job updated: 1637784
	1600  -  MemoryUsage of job (MB)
	1637784  -  ResidentSetSize of job (KB)
...
006 (78851234.030.000) 2026-09-30 23:27:13 Image size of job updated: 1638396
	1600  -  MemoryUsage of job (MB)
	1638396  -  ResidentSetSize of job (KB)
...
006 (78851234.030.000) 2026-09-30 23:32:13 Image size of job updated: 1638400
	1600  -  MemoryUsage of job (MB)
	1638400  -  ResidentSetSize of job (KB)
...
006 (78851234.030.000) 2026-09-30 23:37:14 Image size of job updated: 1638448
	1601  -  MemoryUsage of job (MB)
	1638448  -  ResidentSetSize of job (KB)
...
006 (78851234.030.000) 2026-09-30 23:47:15 Image size of job updated: 1638464
	1601  -  MemoryUsage of job (MB)
	1638452  -  ResidentSetSize of job (KB)
...
006 (78851234.030.000) 2026-10-01 00:02:17 Image size of job updated: 1638520
	1601  -  MemoryUsage of job (MB)
	1638520  -  ResidentSetSize of job (KB)
...
006 (78851234.030.000) 2026-10-01 00:07:17 Image size of job updated: 1638528
	1601  -  MemoryUsage of job (MB)
	1638528  -  ResidentSetSize of job (KB)
...
006 (78851234.030.000) 2026-10-01 00:12:18 Image size of job updated: 1639504
	1602  -  MemoryUsage of job (MB)
	1639504  -  ResidentSetSize of job (KB)
...
006 (78851234.030.000) 2026-10-01 00:17:18 Image size of job updated: 1639508
	1602  -  MemoryUsage of job (MB)
	1639508  -  ResidentSetSize of job (KB)
...
006 (78851234.030.000) 2026-10-01 00:22:19 Image size of job updated: 1639512
	1602  -  MemoryUsage of job (MB)
	1639512  -  ResidentSetSize of job (KB)
...
006 (78851234.030.000) 2026-10-01 00:32:19 Image size of job updated: 1640524
	1603  -  MemoryUsage of job (MB)
	1640524  -  ResidentSetSize of job (KB)
...
006 (78851234.030.000) 2026-10-01 00:42:20 Image size of job updated: 1640588
	1603  -  MemoryUsage of job (MB)
	1640588  -  ResidentSetSize of job (KB)
...
006 (78851234.030.000) 2026-10-01 00:47:21 Image size of job updated: 1640592
	1603  -  MemoryUsage of job (MB)
	1640592  -  ResidentSetSize of job (KB)
...
006 (78851234.030.000) 2026-10-01 00:52:21 Image size of job updated: 1640600
	1603  -  MemoryUsage of job (MB)
	1640600  -  ResidentSetSize of job (KB)
...
006 (78851234.030.000) 2026-10-01 01:12:24 Image size of job updated: 1640616
	1603  -  MemoryUsage of job (MB)
	1640616  -  ResidentSetSize of job (KB)
...
006 (78851234.030.000) 2026-10-01 01:17:24 Image size of job updated: 1641636
	1604  -  MemoryUsage of job (MB)
	1641636  -  ResidentSetSize of job (KB)
...
006 (78851234.030.000) 2026-10-01 01:22:25 Image size of job updated: 1641648
	1604  -  MemoryUsage of job (MB)
	1641648  -  ResidentSetSize of job (KB)
...
006 (78851234.030.000) 2026-10-01 01:27:25 Image size of job updated: 1641652
	1604  -  MemoryUsage of job (MB)
	1641652  -  ResidentSetSize of job (KB)
...
006 (78851234.030.000) 2026-10-01 01:37:26 Image size of job updated: 1642680
	1605  -  MemoryUsage of job (MB)
	1642680  -  ResidentSetSize of job (KB)
...
006 (78851234.030.000) 2026-10-01 01:52:27 Image size of job updated: 1642684
	1605  -  MemoryUsage of job (MB)
	1642684  -  ResidentSetSize of job (KB)
...
006 (78851234.030.000) 2026-10-01 01:57:27 Image size of job updated: 1642700
	1605  -  MemoryUsage of job (MB)
	1642700  -  ResidentSetSize of job (KB)
...
006 (78851234.030.000) 2026-10-01 02:02:28 Image size of job updated: 1642712
	1605  -  MemoryUsage of job (MB)
	1642712  -  ResidentSetSize of job (KB)
...
006 (78851234.030.000) 2026-10-01 02:07:28 Image size of job updated: 1642724
	1605  -  MemoryUsage of job (MB)
	1642724  -  ResidentSetSize of job (KB)
...
006 (78851234.030.000) 2026-10-01 02:12:29 Image size of job updated: 1642732
	1605  -  MemoryUsage of job (MB)
	1642732  -  ResidentSetSize of job (KB)
...
006 (78851234.030.000) 2026-10-01 02:22:30 Image size of job updated: 1648416
	1610  -  MemoryUsage of job (MB)
	1648416  -  ResidentSetSize of job (KB)
...
006 (78851234.030.000) 2026-10-01 02:32:31 Image size of job updated: 1648436
	1610  -  MemoryUsage of job (MB)
	1648436  -  ResidentSetSize of job (KB)
...
006 (78851234.030.000) 2026-10-01 02:42:33 Image size of job updated: 1649880
	1612  -  MemoryUsage of job (MB)
	1649880  -  ResidentSetSize of job (KB)
...
006 (78851234.030.000) 2026-10-01 02:47:33 Image size of job updated: 1649884
	1612  -  MemoryUsage of job (MB)
	1649884  -  ResidentSetSize of job (KB)
...
006 (78851234.030.000) 2026-10-01 02:52:34 Image size of job updated: 1649888
	1612  -  MemoryUsage of job (MB)
	1649888  -  ResidentSetSize of job (KB)
...
006 (78851234.030.000) 2026-10-01 02:57:34 Image size of job updated: 1652000
	1614  -  MemoryUsage of job (MB)
	1652000  -  ResidentSetSize of job (KB)
...
006 (78851234.030.000) 2026-10-01 03:12:36 Image size of job updated: 1652012
	1614  -  MemoryUsage of job (MB)
	1652012  -  ResidentSetSize of job (KB)
...
006 (78851234.030.000) 2026-10-01 03:17:37 Image size of job updated: 1654648
	1616  -  MemoryUsage of job (MB)
	1654648  -  ResidentSetSize of job (KB)
...
006 (78851234.030.000) 2026-10-01 03:52:40 Image size of job updated: 1655672
	1616  -  MemoryUsage of job (MB)
	1654664  -  ResidentSetSize of job (KB)
...
006 (78851234.030.000) 2026-10-01 04:02:41 Image size of job updated: 1655672
	1616  -  MemoryUsage of job (MB)
	1654668  -  ResidentSetSize of job (KB)
...
006 (78851234.030.000) 2026-10-01 04:07:41 Image size of job updated: 1655672
	1616  -  MemoryUsage of job (MB)
	1654676  -  ResidentSetSize of job (KB)
...
006 (78851234.030.000) 2026-10-01 04:12:42 Image size of job updated: 1656708
	1618  -  MemoryUsage of job (MB)
	1656708  -  ResidentSetSize of job (KB)
...
006 (78851234.030.000) 2026-10-01 04:22:42 Image size of job updated: 1656720
	1618  -  MemoryUsage of job (MB)
	1656720  -  ResidentSetSize of job (KB)
...
006 (78851234.030.000) 2026-10-01 04:47:45 Image size of job updated: 1657744
	1619  -  MemoryUsage of job (MB)
	1657744  -  ResidentSetSize of job (KB)
...
006 (78851234.030.000) 2026-10-01 05:02:47 Image size of job updated: 1657748
	1619  -  MemoryUsage of job (MB)
	1657744  -  ResidentSetSize of job (KB)
...
006 (78851234.030.000) 2026-10-01 05:47:51 Image size of job updated: 1659192
	1620  -  MemoryUsage of job (MB)
	1658836  -  ResidentSetSize of job (KB)
...
006 (78851234.030.000) 2026-10-01 05:57:52 Image size of job updated: 1659860
	1620  -  MemoryUsage of job (MB)
	1658852  -  ResidentSetSize of job (KB)
...
006 (78851234.030.000) 2026-10-01 06:02:53 Image size of job updated: 1659860
	1620  -  MemoryUsage of job (MB)
	1658868  -  ResidentSetSize of job (KB)
...
006 (78851234.030.000) 2026-10-01 06:12:53 Image size of job updated: 1660900
	1622  -  MemoryUsage of job (MB)
	1660900  -  ResidentSetSize of job (KB)
...
006 (78851234.030.000) 2026-10-01 06:42:56 Image size of job updated: 1661944
	1623  -  MemoryUsage of job (MB)
	1661944  -  ResidentSetSize of job (KB)
...
006 (78851234.030.000) 2026-10-01 06:57:57 Image size of job updated: 1666772
	1628  -  MemoryUsage of job (MB)
	1666772  -  ResidentSetSize of job (KB)
...
006 (78851234.030.000) 2026-10-01 07:07:58 Image size of job updated: 1667752
	1629  -  MemoryUsage of job (MB)
	1667752  -  ResidentSetSize of job (KB)
...
006 (78851234.030.000) 2026-10-01 07:17:59 Image size of job updated: 1667764
	1629  -  MemoryUsage of job (MB)
	1667764  -  ResidentSetSize of job (KB)
...
006 (78851234.030.000) 2026-10-01 07:43:01 Image size of job updated: 1668788
	1630  -  MemoryUsage of job (MB)
	1668788  -  ResidentSetSize of job (KB)
...
006 (78851234.030.000) 2026-10-01 07:53:02 Image size of job updated: 1671032
	1632  -  MemoryUsage of job (MB)
	1671032  -  ResidentSetSize of job (KB)
...
006 (78851234.030.000) 2026-10-01 08:03:02 Image size of job updated: 1671244
	1632  -  MemoryUsage of job (MB)
	1671032  -  ResidentSetSize of job (KB)
...
006 (78851234.030.000) 2026-10-01 08:38:06 Image size of job updated: 1671552
	1633  -  MemoryUsage of job (MB)
	1671248  -  ResidentSetSize of job (KB)
...
006 (78851234.030.000) 2026-10-01 08:48:07 Image size of job updated: 1672272
	1634  -  MemoryUsage of job (MB)
	1672272  -  ResidentSetSize of job (KB)
...
006 (78851234.030.000) 2026-10-01 09:23:11 Image size of job updated: 1675168
	1635  -  MemoryUsage of job (MB)
	1674144  -  ResidentSetSize of job (KB)
...
006 (78851234.030.000) 2026-10-01 09:33:13 Image size of job updated: 1681660
	1643  -  MemoryUsage of job (MB)
	1681660  -  ResidentSetSize of job (KB)
...
006 (78851234.030.000) 2026-10-01 09:53:15 Image size of job updated: 1681664
	1643  -  MemoryUsage of job (MB)
	1681664  -  ResidentSetSize of job (KB)
...
006 (78851234.030.000) 2026-10-01 10:08:17 Image size of job updated: 1682688
	1644  -  MemoryUsage of job (MB)
	1682688  -  ResidentSetSize of job (KB)
...
006 (78851234.030.000) 2026-10-01 10:23:18 Image size of job updated: 1682696
	1644  -  MemoryUsage of job (MB)
	1682696  -  ResidentSetSize of job (KB)
...
006 (78851234.030.000) 2026-10-01 10:33:19 Image size of job updated: 1682724
	1644  -  MemoryUsage of job (MB)
	1682724  -  ResidentSetSize of job (KB)
...
006 (78851234.030.000) 2026-10-01 10:43:20 Image size of job updated: 1683796
	1645  -  MemoryUsage of job (MB)
	1683748  -  ResidentSetSize of job (KB)
...
006 (78851234.030.000) 2026-10-01 10:53:21 Image size of job updated: 1690164
	1651  -  MemoryUsage of job (MB)
	1690164  -  ResidentSetSize of job (KB)
...
006 (78851234.030.000) 2026-10-01 10:58:22 Image size of job updated: 1690168
	1651  -  MemoryUsage of job (MB)
	1690168  -  ResidentSetSize of job (KB)
...
006 (78851234.030.000) 2026-10-01 11:38:25 Image size of job updated: 1691208
	1651  -  MemoryUsage of job (MB)
	1690184  -  ResidentSetSize of job (KB)
...
006 (78851234.030.000) 2026-10-01 12:03:27 Image size of job updated: 1692232
	1652  -  MemoryUsage of job (MB)
	1691208  -  ResidentSetSize of job (KB)
...
006 (78851234.030.000) 2026-10-01 12:23:30 Image size of job updated: 1692272
	1653  -  MemoryUsage of job (MB)
	1692272  -  ResidentSetSize of job (KB)
...
006 (78851234.030.000) 2026-10-01 12:33:31 Image size of job updated: 1693256
	1653  -  MemoryUsage of job (MB)
	1692272  -  ResidentSetSize of job (KB)
...
004 (78851234.030.000) 2026-10-01 12:37:58 Job was evicted. Code 1019 Subcode 0
	(0) CPU times
		Usr 6 10:59:37, Sys 0 00:05:41  -  Run Remote Usage
		Usr 0 00:00:00, Sys 0 00:00:00  -  Run Local Usage
	0  -  Run Bytes Sent By Job
	0  -  Run Bytes Received By Job
	Reason: Preempted for a Priority user
	Partitionable Resources :    Usage  Request Allocated 
	   Cpus                 :     8.23        4         4 
	   Disk (KB)            : 25000       25000     28672 
	   GPUs                 :                           0 
	   Memory (MB)          :  1653        6000      6016 
	   TimeExecute (s)      : 86519                       
	   TimeSlotBusy (s)     : 86520                       
...
001 (78851234.030.000) 2026-10-01 12:39:35 Job executing on host: <10.14.10.36:9618?addrs=10.14.10.36-9618&alias=node2286.cluster.ldas.cit&noUDP&sock=startd_1952314_9891>
	SlotName: slot1_40@node2286.cluster.ldas.cit
	CondorScratchDir = "/var/lib/condor/execute/dir_2109917/scratch"
	Cpus = 4
	Disk = 28672
	GPUs = 0
	Memory = 6016
...
006 (78851234.030.000) 2026-10-01 15:50:04 Image size of job updated: 1750076
	1710  -  MemoryUsage of job (MB)
	1750076  -  ResidentSetSize of job (KB)
...
006 (78851234.030.000) 2026-10-01 15:55:05 Image size of job updated: 1750136
	1710  -  MemoryUsage of job (MB)
	1750136  -  ResidentSetSize of job (KB)
...
006 (78851234.030.000) 2026-10-01 16:00:05 Image size of job updated: 1750228
	1710  -  MemoryUsage of job (MB)
	1750228  -  ResidentSetSize of job (KB)
...
006 (78851234.030.000) 2026-10-01 16:05:06 Image size of job updated: 1751044
	1710  -  MemoryUsage of job (MB)
	1750228  -  ResidentSetSize of job (KB)
...
006 (78851234.030.000) 2026-10-01 16:15:07 Image size of job updated: 1751180
	1711  -  MemoryUsage of job (MB)
	1751180  -  ResidentSetSize of job (KB)
...
006 (78851234.030.000) 2026-10-01 16:20:08 Image size of job updated: 1751276
	1711  -  MemoryUsage of job (MB)
	1751276  -  ResidentSetSize of job (KB)
...
006 (78851234.030.000) 2026-10-01 16:25:08 Image size of job updated: 1762028
	1721  -  MemoryUsage of job (MB)
	1761812  -  ResidentSetSize of job (KB)
...
006 (78851234.030.000) 2026-10-01 16:30:09 Image size of job updated: 1762028
	1721  -  MemoryUsage of job (MB)
	1761836  -  ResidentSetSize of job (KB)
...
006 (78851234.030.000) 2026-10-01 16:35:09 Image size of job updated: 1764088
	1722  -  MemoryUsage of job (MB)
	1762480  -  ResidentSetSize of job (KB)
...
006 (78851234.030.000) 2026-10-01 16:40:09 Image size of job updated: 1764088
	1722  -  MemoryUsage of job (MB)
	1762508  -  ResidentSetSize of job (KB)
...
006 (78851234.030.000) 2026-10-01 16:45:10 Image size of job updated: 1769124
	1728  -  MemoryUsage of job (MB)
	1769124  -  ResidentSetSize of job (KB)
...
006 (78851234.030.000) 2026-10-01 16:50:10 Image size of job updated: 1769200
	1728  -  MemoryUsage of job (MB)
	1769200  -  ResidentSetSize of job (KB)
...
006 (78851234.030.000) 2026-10-01 16:55:11 Image size of job updated: 1770216
	1729  -  MemoryUsage of job (MB)
	1770216  -  ResidentSetSize of job (KB)
...
006 (78851234.030.000) 2026-10-01 17:10:12 Image size of job updated: 1771260
	1729  -  MemoryUsage of job (MB)
	1770216  -  ResidentSetSize of job (KB)
...
006 (78851234.030.000) 2026-10-01 17:30:14 Image size of job updated: 1772376
	1730  -  MemoryUsage of job (MB)
	1771368  -  ResidentSetSize of job (KB)
...
006 (78851234.030.000) 2026-10-01 17:35:14 Image size of job updated: 1772376
	1730  -  MemoryUsage of job (MB)
	1771384  -  ResidentSetSize of job (KB)
...
006 (78851234.030.000) 2026-10-01 17:40:15 Image size of job updated: 1773424
	1731  -  MemoryUsage of job (MB)
	1772424  -  ResidentSetSize of job (KB)
...
006 (78851234.030.000) 2026-10-01 17:45:15 Image size of job updated: 1773424
	1731  -  MemoryUsage of job (MB)
	1772444  -  ResidentSetSize of job (KB)
...
006 (78851234.030.000) 2026-10-01 18:10:17 Image size of job updated: 1775200
	1734  -  MemoryUsage of job (MB)
	1775200  -  ResidentSetSize of job (KB)
...
006 (78851234.030.000) 2026-10-01 18:25:19 Image size of job updated: 1776180
	1734  -  MemoryUsage of job (MB)
	1775200  -  ResidentSetSize of job (KB)
...
006 (78851234.030.000) 2026-10-01 18:35:20 Image size of job updated: 1780896
	1739  -  MemoryUsage of job (MB)
	1779912  -  ResidentSetSize of job (KB)
...
006 (78851234.030.000) 2026-10-01 18:40:21 Image size of job updated: 1780896
	1739  -  MemoryUsage of job (MB)
	1779916  -  ResidentSetSize of job (KB)
...
006 (78851234.030.000) 2026-10-01 18:45:22 Image size of job updated: 1781996
	1740  -  MemoryUsage of job (MB)
	1781004  -  ResidentSetSize of job (KB)
...
006 (78851234.030.000) 2026-10-01 18:50:22 Image size of job updated: 1781996
	1740  -  MemoryUsage of job (MB)
	1781020  -  ResidentSetSize of job (KB)
...
006 (78851234.030.000) 2026-10-01 18:55:23 Image size of job updated: 1782628
	1741  -  MemoryUsage of job (MB)
	1782628  -  ResidentSetSize of job (KB)
...
006 (78851234.030.000) 2026-10-01 19:00:23 Image size of job updated: 1782652
	1741  -  MemoryUsage of job (MB)
	1782652  -  ResidentSetSize of job (KB)
...
006 (78851234.030.000) 2026-10-01 19:05:24 Image size of job updated: 1785136
	1741  -  MemoryUsage of job (MB)
	1782652  -  ResidentSetSize of job (KB)
...
006 (78851234.030.000) 2026-10-01 19:15:26 Image size of job updated: 1785136
	1741  -  MemoryUsage of job (MB)
	1782716  -  ResidentSetSize of job (KB)
...
006 (78851234.030.000) 2026-10-01 19:25:26 Image size of job updated: 1785136
	1741  -  MemoryUsage of job (MB)
	1782744  -  ResidentSetSize of job (KB)
...
006 (78851234.030.000) 2026-10-01 19:30:27 Image size of job updated: 1787352
	1745  -  MemoryUsage of job (MB)
	1786336  -  ResidentSetSize of job (KB)
...
006 (78851234.030.000) 2026-10-01 19:35:27 Image size of job updated: 1787352
	1745  -  MemoryUsage of job (MB)
	1786348  -  ResidentSetSize of job (KB)
...
006 (78851234.030.000) 2026-10-01 19:40:28 Image size of job updated: 1788352
	1746  -  MemoryUsage of job (MB)
	1787024  -  ResidentSetSize of job (KB)
...
006 (78851234.030.000) 2026-10-01 19:45:28 Image size of job updated: 1788352
	1746  -  MemoryUsage of job (MB)
	1787032  -  ResidentSetSize of job (KB)
...
006 (78851234.030.000) 2026-10-01 19:50:28 Image size of job updated: 1788988
	1747  -  MemoryUsage of job (MB)
	1787984  -  ResidentSetSize of job (KB)
...
006 (78851234.030.000) 2026-10-01 19:55:29 Image size of job updated: 1788988
	1747  -  MemoryUsage of job (MB)
	1788012  -  ResidentSetSize of job (KB)
...
006 (78851234.030.000) 2026-10-01 20:00:29 Image size of job updated: 1790068
	1749  -  MemoryUsage of job (MB)
	1790068  -  ResidentSetSize of job (KB)
...
006 (78851234.030.000) 2026-10-01 20:05:31 Image size of job updated: 1790100
	1749  -  MemoryUsage of job (MB)
	1790100  -  ResidentSetSize of job (KB)
...
006 (78851234.030.000) 2026-10-01 20:10:31 Image size of job updated: 1792152
	1749  -  MemoryUsage of job (MB)
	1790112  -  ResidentSetSize of job (KB)
...
006 (78851234.030.000) 2026-10-01 20:15:31 Image size of job updated: 1792152
	1749  -  MemoryUsage of job (MB)
	1790132  -  ResidentSetSize of job (KB)
...
006 (78851234.030.000) 2026-10-01 20:20:32 Image size of job updated: 1792152
	1750  -  MemoryUsage of job (MB)
	1791164  -  ResidentSetSize of job (KB)
...
006 (78851234.030.000) 2026-10-01 20:25:32 Image size of job updated: 1792152
	1750  -  MemoryUsage of job (MB)
	1791168  -  ResidentSetSize of job (KB)
...
006 (78851234.030.000) 2026-10-01 20:40:33 Image size of job updated: 1792640
	1750  -  MemoryUsage of job (MB)
	1791620  -  ResidentSetSize of job (KB)
...
006 (78851234.030.000) 2026-10-01 20:45:34 Image size of job updated: 1792640
	1750  -  MemoryUsage of job (MB)
	1791624  -  ResidentSetSize of job (KB)
...
006 (78851234.030.000) 2026-10-01 20:50:34 Image size of job updated: 1792640
	1750  -  MemoryUsage of job (MB)
	1791640  -  ResidentSetSize of job (KB)
...
006 (78851234.030.000) 2026-10-01 20:55:35 Image size of job updated: 1793276
	1751  -  MemoryUsage of job (MB)
	1792288  -  ResidentSetSize of job (KB)
...
006 (78851234.030.000) 2026-10-01 21:05:36 Image size of job updated: 1793328
	1751  -  MemoryUsage of job (MB)
	1792288  -  ResidentSetSize of job (KB)
...
006 (78851234.030.000) 2026-10-01 21:15:37 Image size of job updated: 1794600
	1752  -  MemoryUsage of job (MB)
	1793596  -  ResidentSetSize of job (KB)
...
006 (78851234.030.000) 2026-10-01 21:25:38 Image size of job updated: 1795164
	1753  -  MemoryUsage of job (MB)
	1794136  -  ResidentSetSize of job (KB)
...
006 (78851234.030.000) 2026-10-01 21:30:38 Image size of job updated: 1795164
	1753  -  MemoryUsage of job (MB)
	1794140  -  ResidentSetSize of job (KB)
...
006 (78851234.030.000) 2026-10-01 21:35:39 Image size of job updated: 1796472
	1753  -  MemoryUsage of job (MB)
	1794140  -  ResidentSetSize of job (KB)
...
006 (78851234.030.000) 2026-10-01 21:45:40 Image size of job updated: 1796472
	1753  -  MemoryUsage of job (MB)
	1794428  -  ResidentSetSize of job (KB)
...
006 (78851234.030.000) 2026-10-01 22:00:41 Image size of job updated: 1796492
	1753  -  MemoryUsage of job (MB)
	1795060  -  ResidentSetSize of job (KB)
...
006 (78851234.030.000) 2026-10-01 22:05:42 Image size of job updated: 1796492
	1753  -  MemoryUsage of job (MB)
	1795072  -  ResidentSetSize of job (KB)
...
006 (78851234.030.000) 2026-10-01 22:10:42 Image size of job updated: 1797528
	1755  -  MemoryUsage of job (MB)
	1796728  -  ResidentSetSize of job (KB)
...
006 (78851234.030.000) 2026-10-01 23:05:48 Image size of job updated: 1798976
	1755  -  MemoryUsage of job (MB)
	1796728  -  ResidentSetSize of job (KB)
...
006 (78851234.030.000) 2026-10-01 23:15:49 Image size of job updated: 1799660
	1756  -  MemoryUsage of job (MB)
	1797644  -  ResidentSetSize of job (KB)
...
006 (78851234.030.000) 2026-10-01 23:20:49 Image size of job updated: 1799660
	1756  -  MemoryUsage of job (MB)
	1797652  -  ResidentSetSize of job (KB)
...
006 (78851234.030.000) 2026-10-01 23:25:50 Image size of job updated: 1802176
	1759  -  MemoryUsage of job (MB)
	1801144  -  ResidentSetSize of job (KB)
...
006 (78851234.030.000) 2026-10-01 23:30:50 Image size of job updated: 1802176
	1759  -  MemoryUsage of job (MB)
	1801148  -  ResidentSetSize of job (KB)
...
006 (78851234.030.000) 2026-10-01 23:40:51 Image size of job updated: 1803800
	1759  -  MemoryUsage of job (MB)
	1801148  -  ResidentSetSize of job (KB)
...
006 (78851234.030.000) 2026-10-01 23:50:52 Image size of job updated: 1803860
	1761  -  MemoryUsage of job (MB)
	1802856  -  ResidentSetSize of job (KB)
...
006 (78851234.030.000) 2026-10-02 00:00:53 Image size of job updated: 1803984
	1761  -  MemoryUsage of job (MB)
	1802960  -  ResidentSetSize of job (KB)
...
006 (78851234.030.000) 2026-10-02 00:10:54 Image size of job updated: 1804912
	1762  -  MemoryUsage of job (MB)
	1803908  -  ResidentSetSize of job (KB)
...
006 (78851234.030.000) 2026-10-02 00:20:55 Image size of job updated: 1805940
	1762  -  MemoryUsage of job (MB)
	1803908  -  ResidentSetSize of job (KB)
...
006 (78851234.030.000) 2026-10-02 00:45:58 Image size of job updated: 1805940
	1764  -  MemoryUsage of job (MB)
	1805600  -  ResidentSetSize of job (KB)
...
006 (78851234.030.000) 2026-10-02 00:56:00 Image size of job updated: 1811416
	1764  -  MemoryUsage of job (MB)
	1805600  -  ResidentSetSize of job (KB)
...
006 (78851234.030.000) 2026-10-02 01:16:01 Image size of job updated: 1819736
	1778  -  MemoryUsage of job (MB)
	1819724  -  ResidentSetSize of job (KB)
...
006 (78851234.030.000) 2026-10-02 01:21:02 Image size of job updated: 1819736
	1778  -  MemoryUsage of job (MB)
	1819736  -  ResidentSetSize of job (KB)
...
006 (78851234.030.000) 2026-10-02 01:36:03 Image size of job updated: 1821880
	1780  -  MemoryUsage of job (MB)
	1821880  -  ResidentSetSize of job (KB)
...
005 (78851234.030.000) 2026-10-02 01:42:34 Job terminated.
	(1) Normal termination (return value 0)
		Usr 5 10:38:27, Sys 0 00:09:12  -  Run Remote Usage
		Usr 0 00:00:00, Sys 0 00:00:00  -  Run Local Usage
		Usr 11 21:38:04, Sys 0 00:14:53  -  Total Remote Usage
		Usr 0 00:00:00, Sys 0 00:00:00  -  Total Local Usage
	0  -  Run Bytes Sent By Job
	0  -  Run Bytes Received By Job
	0  -  Total Bytes Sent By Job
	0  -  Total Bytes Received By Job
	Partitionable Resources :    Usage  Request Allocated 
	   Cpus                 :     6.62        4         4 
	   Disk (KB)            : 25000       25000     28672 
	   GPUs                 :                           0 
	   Memory (MB)          :  1780        6000      6016 
	   TimeExecute (s)      : 46979                       
	   TimeSlotBusy (s)     : 46979                       
...
000 (78854872.030.000) 2026-10-03 17:21:23 Job submitted from host: <10.14.0.121:9618?addrs=10.14.0.121-9618&alias=ldas-pcdev12.ligo.caltech.edu&noUDP&sock=schedd_623140_c9b4>
...
001 (78854872.030.000) 2026-10-03 17:22:11 Job executing on host: <10.14.9.72:9618?addrs=10.14.9.72-9618&alias=node2072.cluster.ldas.cit&noUDP&sock=startd_1271029_c0b8>
	SlotName: slot1_5@node2072.cluster.ldas.cit
	CondorScratchDir = "/var/lib/condor/execute/dir_2911162/scratch"
	Cpus = 4
	Disk = 28672
	GPUs = 0
	Memory = 6016
...
006 (78854872.030.000) 2026-10-03 17:22:19 Image size of job updated: 181056
	177  -  MemoryUsage of job (MB)
	181056  -  ResidentSetSize of job (KB)
...
006 (78854872.030.000) 2026-10-03 17:22:40 Image size of job updated: 488560
	177  -  MemoryUsage of job (MB)
	181064  -  ResidentSetSize of job (KB)
...
005 (78854872.030.000) 2026-10-03 17:22:40 Job terminated.
	(1) Normal termination (return value 0)
		Usr 0 00:00:24, Sys 0 00:00:01  -  Run Remote Usage
		Usr 0 00:00:00, Sys 0 00:00:00  -  Run Local Usage
		Usr 0 00:00:24, Sys 0 00:00:01  -  Total Remote Usage
		Usr 0 00:00:00, Sys 0 00:00:00  -  Total Local Usage
	0  -  Run Bytes Sent By Job
	0  -  Run Bytes Received By Job
	0  -  Total Bytes Sent By Job
	0  -  Total Bytes Received By Job
	Partitionable Resources :    Usage  Request Allocated 
	   Cpus                 :        0        4         4 
	   Disk (KB)            :    25000    25000     28672 
	   GPUs                 :                           0 
	   Memory (MB)          :      177     6000      6016 
	   TimeExecute (s)      :       29                    
	   TimeSlotBusy (s)     :       30                    
...
000 (78854906.030.000) 2026-10-03 21:36:50 Job submitted from host: <10.14.0.121:9618?addrs=10.14.0.121-9618&alias=ldas-pcdev12.ligo.caltech.edu&noUDP&sock=schedd_623140_c9b4>
...
001 (78854906.030.000) 2026-10-03 21:38:42 Job executing on host: <10.14.6.218:9618?addrs=10.14.6.218-9618&alias=node1468.cluster.ldas.cit&noUDP&sock=startd_34643_cb84>
	SlotName: slot1_1@node1468.cluster.ldas.cit
	CondorScratchDir = "/var/lib/condor/execute/dir_795320/scratch"
	Cpus = 4
	Disk = 28672
	GPUs = 0
	Memory = 6016
...
006 (78854906.030.000) 2026-10-03 21:38:50 Image size of job updated: 160160
	157  -  MemoryUsage of job (MB)
	160160  -  ResidentSetSize of job (KB)
...
006 (78854906.030.000) 2026-10-03 21:39:02 Image size of job updated: 490656
	157  -  MemoryUsage of job (MB)
	160272  -  ResidentSetSize of job (KB)
...
005 (78854906.030.000) 2026-10-03 21:39:02 Job terminated.
	(1) Normal termination (return value 0)
		Usr 0 00:00:11, Sys 0 00:00:00  -  Run Remote Usage
		Usr 0 00:00:00, Sys 0 00:00:00  -  Run Local Usage
		Usr 0 00:00:11, Sys 0 00:00:00  -  Total Remote Usage
		Usr 0 00:00:00, Sys 0 00:00:00  -  Total Local Usage
	0  -  Run Bytes Sent By Job
	0  -  Run Bytes Received By Job
	0  -  Total Bytes Sent By Job
	0  -  Total Bytes Received By Job
	Partitionable Resources :    Usage  Request Allocated 
	   Cpus                 :        0        4         4 
	   Disk (KB)            :    25000    25000     28672 
	   GPUs                 :                           0 
	   Memory (MB)          :      157     6000      6016 
	   TimeExecute (s)      :       20                    
	   TimeSlotBusy (s)     :       21                    
...
000 (78855135.030.000) 2026-10-04 13:44:55 Job submitted from host: <10.14.0.121:9618?addrs=10.14.0.121-9618&alias=ldas-pcdev12.ligo.caltech.edu&noUDP&sock=schedd_623140_c9b4>
...
001 (78855135.030.000) 2026-10-04 13:49:19 Job executing on host: <10.14.3.241:9618?addrs=10.14.3.241-9618&alias=node741.cluster.ldas.cit&noUDP&sock=startd_2837007_688a>
	SlotName: slot1_3@node741.cluster.ldas.cit
	CondorScratchDir = "/var/lib/condor/execute/dir_1776637/scratch"
	Cpus = 4
	Disk = 28672
	GPUs = 0
	Memory = 6016
...
006 (78855135.030.000) 2026-10-04 13:49:27 Image size of job updated: 152464
	149  -  MemoryUsage of job (MB)
	152464  -  ResidentSetSize of job (KB)
...
006 (78855135.030.000) 2026-10-04 13:49:41 Image size of job updated: 490644
	149  -  MemoryUsage of job (MB)
	152464  -  ResidentSetSize of job (KB)
...
005 (78855135.030.000) 2026-10-04 13:49:41 Job terminated.
	(1) Normal termination (return value 0)
		Usr 0 00:00:19, Sys 0 00:00:01  -  Run Remote Usage
		Usr 0 00:00:00, Sys 0 00:00:00  -  Run Local Usage
		Usr 0 00:00:19, Sys 0 00:00:01  -  Total Remote Usage
		Usr 0 00:00:00, Sys 0 00:00:00  -  Total Local Usage
	0  -  Run Bytes Sent By Job
	0  -  Run Bytes Received By Job
	0  -  Total Bytes Sent By Job
	0  -  Total Bytes Received By Job
	Partitionable Resources :    Usage  Request Allocated 
	   Cpus                 :                 4         4 
	   Disk (KB)            :    25000    25000     28672 
	   GPUs                 :                           0 
	   Memory (MB)          :      149     6000      6016 
	   TimeExecute (s)      :       22                    
	   TimeSlotBusy (s)     :       24                    
...
