000 (78851234.032.000) 2026-09-30 12:35:31 Job submitted from host: <10.14.0.121:9618?addrs=10.14.0.121-9618&alias=ldas-pcdev12.ligo.caltech.edu&noUDP&sock=schedd_623140_c9b4>
...
001 (78851234.032.000) 2026-09-30 12:35:59 Job executing on host: <10.14.9.96:9618?addrs=10.14.9.96-9618&alias=node2096.cluster.ldas.cit&noUDP&sock=startd_3686048_ea06>
	SlotName: slot1_14@node2096.cluster.ldas.cit
	CondorScratchDir = "/var/lib/condor/execute/dir_3809378/scratch"
	Cpus = 4
	Disk = 28672
	GPUs = 0
	Memory = 6016
...
006 (78851234.032.000) 2026-09-30 12:36:07 Image size of job updated: 176508
	173  -  MemoryUsage of job (MB)
	176508  -  ResidentSetSize of job (KB)
...
006 (78851234.032.000) 2026-09-30 12:41:07 Image size of job updated: 374380
	366  -  MemoryUsage of job (MB)
	374380  -  ResidentSetSize of job (KB)
...
006 (78851234.032.000) 2026-09-30 12:46:08 Image size of job updated: 375460
	367  -  MemoryUsage of job (MB)
	375460  -  ResidentSetSize of job (KB)
...
006 (78851234.032.000) 2026-09-30 12:51:09 Image size of job updated: 511280
	500  -  MemoryUsage of job (MB)
	511280  -  ResidentSetSize of job (KB)
...
006 (78851234.032.000) 2026-09-30 12:56:09 Image size of job updated: 512100
	501  -  MemoryUsage of job (MB)
	512100  -  ResidentSetSize of job (KB)
...
006 (78851234.032.000) 2026-09-30 13:01:10 Image size of job updated: 512340
	501  -  MemoryUsage of job (MB)
	512100  -  ResidentSetSize of job (KB)
...
006 (78851234.032.000) 2026-09-30 13:41:13 Image size of job updated: 527280
	515  -  MemoryUsage of job (MB)
	527280  -  ResidentSetSize of job (KB)
...
006 (78851234.032.000) 2026-09-30 13:46:14 Image size of job updated: 527864
	516  -  MemoryUsage of job (MB)
	527864  -  ResidentSetSize of job (KB)
...
006 (78851234.032.000) 2026-09-30 13:51:14 Image size of job updated: 541328
	529  -  MemoryUsage of job (MB)
	541328  -  ResidentSetSize of job (KB)
...
006 (78851234.032.000) 2026-09-30 13:56:14 Image size of job updated: 541424
	529  -  MemoryUsage of job (MB)
	541424  -  ResidentSetSize of job (KB)
...
006 (78851234.032.000) 2026-09-30 14:01:15 Image size of job updated: 548092
	536  -  MemoryUsage of job (MB)
	548092  -  ResidentSetSize of job (KB)
...
006 (78851234.032.000) 2026-09-30 14:06:15 Image size of job updated: 649384
	635  -  MemoryUsage of job (MB)
	649384  -  ResidentSetSize of job (KB)
...
006 (78851234.032.000) 2026-09-30 14:11:15 Image size of job updated: 857816
	838  -  MemoryUsage of job (MB)
	857816  -  ResidentSetSize of job (KB)
...
006 (78851234.032.000) 2026-09-30 14:16:16 Image size of job updated: 1084716
	1060  -  MemoryUsage of job (MB)
	1084716  -  ResidentSetSize of job (KB)
...
006 (78851234.032.000) 2026-09-30 14:21:16 Image size of job updated: 1324432
	1294  -  MemoryUsage of job (MB)
	1324432  -  ResidentSetSize of job (KB)
...
006 (78851234.032.000) 2026-09-30 14:26:17 Image size of job updated: 1549916
	1514  -  MemoryUsage of job (MB)
	1549916  -  ResidentSetSize of job (KB)
...
006 (78851234.032.000) 2026-09-30 14:31:18 Image size of job updated: 1777892
	1737  -  MemoryUsage of job (MB)
	1777892  -  ResidentSetSize of job (KB)
...
006 (78851234.032.000) 2026-09-30 14:36:18 Image size of job updated: 1809604
	1768  -  MemoryUsage of job (MB)
	1809604  -  ResidentSetSize of job (KB)
...
006 (78851234.032.000) 2026-09-30 14:41:19 Image size of job updated: 1809620
	1768  -  MemoryUsage of job (MB)
	1809620  -  ResidentSetSize of job (KB)
...
006 (78851234.032.000) 2026-09-30 14:46:20 Image size of job updated: 1809652
	1768  -  MemoryUsage of job (MB)
	1809652  -  ResidentSetSize of job (KB)
...
006 (78851234.032.000) 2026-09-30 14:51:20 Image size of job updated: 1809660
	1768  -  MemoryUsage of job (MB)
	1809660  -  ResidentSetSize of job (KB)
...
006 (78851234.032.000) 2026-09-30 14:56:21 Image size of job updated: 1809684
	1768  -  MemoryUsage of job (MB)
	1809684  -  ResidentSetSize of job (KB)
...
006 (78851234.032.000) 2026-09-30 15:01:22 Image size of job updated: 1809716
	1768  -  MemoryUsage of job (MB)
	1809716  -  ResidentSetSize of job (KB)
...
006 (78851234.032.000) 2026-09-30 15:06:22 Image size of job updated: 1809828
	1768  -  MemoryUsage of job (MB)
	1809828  -  ResidentSetSize of job (KB)
...
006 (78851234.032.000) 2026-09-30 15:11:23 Image size of job updated: 1809840
	1768  -  MemoryUsage of job (MB)
	1809840  -  ResidentSetSize of job (KB)
...
006 (78851234.032.000) 2026-09-30 15:16:23 Image size of job updated: 1812864
	1771  -  MemoryUsage of job (MB)
	1812864  -  ResidentSetSize of job (KB)
...
006 (78851234.032.000) 2026-09-30 15:21:23 Image size of job updated: 1812896
	1771  -  MemoryUsage of job (MB)
	1812896  -  ResidentSetSize of job (KB)
...
006 (78851234.032.000) 2026-09-30 15:26:24 Image size of job updated: 1812940
	1771  -  MemoryUsage of job (MB)
	1812940  -  ResidentSetSize of job (KB)
...
006 (78851234.032.000) 2026-09-30 15:31:24 Image size of job updated: 1812944
	1771  -  MemoryUsage of job (MB)
	1812944  -  ResidentSetSize of job (KB)
...
006 (78851234.032.000) 2026-09-30 15:36:24 Image size of job updated: 1817072
	1775  -  MemoryUsage of job (MB)
	1817072  -  ResidentSetSize of job (KB)
...
006 (78851234.032.000) 2026-09-30 15:41:25 Image size of job updated: 1817084
	1775  -  MemoryUsage of job (MB)
	1817084  -  ResidentSetSize of job (KB)
...
006 (78851234.032.000) 2026-09-30 15:46:25 Image size of job updated: 1819140
	1777  -  MemoryUsage of job (MB)
	1819140  -  ResidentSetSize of job (KB)
...
006 (78851234.032.000) 2026-09-30 15:51:25 Image size of job updated: 1819152
	1777  -  MemoryUsage of job (MB)
	1819152  -  ResidentSetSize of job (KB)
...
006 (78851234.032.000) 2026-09-30 15:56:26 Image size of job updated: 1819156
	1777  -  MemoryUsage of job (MB)
	1819152  -  ResidentSetSize of job (KB)
...
006 (78851234.032.000) 2026-09-30 16:26:30 Image size of job updated: 1819664
	1778  -  MemoryUsage of job (MB)
	1819664  -  ResidentSetSize of job (KB)
...
006 (78851234.032.000) 2026-09-30 16:36:30 Image size of job updated: 1822036
	1780  -  MemoryUsage of job (MB)
	1822036  -  ResidentSetSize of job (KB)
...
006 (78851234.032.000) 2026-09-30 16:41:31 Image size of job updated: 1822040
	1780  -  MemoryUsage of job (MB)
	1822040  -  ResidentSetSize of job (KB)
...
006 (78851234.032.000) 2026-09-30 16:46:31 Image size of job updated: 1827236
	1785  -  MemoryUsage of job (MB)
	1827236  -  ResidentSetSize of job (KB)
...
006 (78851234.032.000) 2026-09-30 16:56:33 Image size of job updated: 1827252
	1785  -  MemoryUsage of job (MB)
	1827252  -  ResidentSetSize of job (KB)
...
006 (78851234.032.000) 2026-09-30 17:01:33 Image size of job updated: 1831792
	1789  -  MemoryUsage of job (MB)
	1831792  -  ResidentSetSize of job (KB)
...
006 (78851234.032.000) 2026-09-30 17:06:34 Image size of job updated: 1831800
	1789  -  MemoryUsage of job (MB)
	1831800  -  ResidentSetSize of job (KB)
...
006 (78851234.032.000) 2026-09-30 17:11:34 Image size of job updated: 1831808
	1789  -  MemoryUsage of job (MB)
	1831808  -  ResidentSetSize of job (KB)
...
006 (78851234.032.000) 2026-09-30 17:16:34 Image size of job updated: 1831816
	1789  -  MemoryUsage of job (MB)
	1831816  -  ResidentSetSize of job (KB)
...
006 (78851234.032.000) 2026-09-30 17:31:36 Image size of job updated: 1831828
	1789  -  MemoryUsage of job (MB)
	1831816  -  ResidentSetSize of job (KB)
...
006 (78851234.032.000) 2026-09-30 18:01:39 Image size of job updated: 1832904
	1790  -  MemoryUsage of job (MB)
	1832904  -  ResidentSetSize of job (KB)
...
006 (78851234.032.000) 2026-09-30 18:16:40 Image size of job updated: 1833932
	1791  -  MemoryUsage of job (MB)
	1833932  -  ResidentSetSize of job (KB)
...
006 (78851234.032.000) 2026-09-30 18:21:40 Image size of job updated: 1833936
	1791  -  MemoryUsage of job (MB)
	1833936  -  ResidentSetSize of job (KB)
...
006 (78851234.032.000) 2026-09-30 18:26:41 Image size of job updated: 1835984
	1793  -  MemoryUsage of job (MB)
	1835984  -  ResidentSetSize of job (KB)
...
006 (78851234.032.000) 2026-09-30 18:31:42 Image size of job updated: 1835988
	1793  -  MemoryUsage of job (MB)
	1835988  -  ResidentSetSize of job (KB)
...
006 (78851234.032.000) 2026-09-30 18:41:43 Image size of job updated: 1836008
	1793  -  MemoryUsage of job (MB)
	1836008  -  ResidentSetSize of job (KB)
...
006 (78851234.032.000) 2026-09-30 18:51:43 Image size of job updated: 1836012
	1793  -  MemoryUsage of job (MB)
	1836012  -  ResidentSetSize of job (KB)
...
006 (78851234.032.000) 2026-09-30 18:56:44 Image size of job updated: 1838060
	1795  -  MemoryUsage of job (MB)
	1838060  -  ResidentSetSize of job (KB)
...
006 (78851234.032.000) 2026-09-30 19:06:45 Image size of job updated: 1840152
	1798  -  MemoryUsage of job (MB)
	1840152  -  ResidentSetSize of job (KB)
...
006 (78851234.032.000) 2026-09-30 19:16:46 Image size of job updated: 1840156
	1798  -  MemoryUsage of job (MB)
	1840156  -  ResidentSetSize of job (KB)
...
006 (78851234.032.000) 2026-09-30 19:26:47 Image size of job updated: 1840168
	1798  -  MemoryUsage of job (MB)
	1840168  -  ResidentSetSize of job (KB)
...
006 (78851234.032.000) 2026-09-30 19:31:47 Image size of job updated: 1842184
	1798  -  MemoryUsage of job (MB)
	1840168  -  ResidentSetSize of job (KB)
...
006 (78851234.032.000) 2026-09-30 19:41:48 Image size of job updated: 1842184
	1799  -  MemoryUsage of job (MB)
	1841176  -  ResidentSetSize of job (KB)
...
006 (78851234.032.000) 2026-09-30 19:46:49 Image size of job updated: 1842184
	1799  -  MemoryUsage of job (MB)
	1841180  -  ResidentSetSize of job (KB)
...
006 (78851234.032.000) 2026-09-30 19:51:49 Image size of job updated: 1844104
	1801  -  MemoryUsage of job (MB)
	1844104  -  ResidentSetSize of job (KB)
...
006 (78851234.032.000) 2026-09-30 19:56:49 Image size of job updated: 1844108
	1801  -  MemoryUsage of job (MB)
	1844108  -  ResidentSetSize of job (KB)
...
006 (78851234.032.000) 2026-09-30 20:01:50 Image size of job updated: 1848624
	1805  -  MemoryUsage of job (MB)
	1847604  -  ResidentSetSize of job (KB)
...
006 (78851234.032.000) 2026-09-30 20:06:50 Image size of job updated: 1848624
	1805  -  MemoryUsage of job (MB)
	1847620  -  ResidentSetSize of job (KB)
...
006 (78851234.032.000) 2026-09-30 20:11:51 Image size of job updated: 1848624
	1805  -  MemoryUsage of job (MB)
	1848164  -  ResidentSetSize of job (KB)
...
006 (78851234.032.000) 2026-09-30 20:16:52 Image size of job updated: 1848624
	1805  -  MemoryUsage of job (MB)
	1848176  -  ResidentSetSize of job (KB)
...
006 (78851234.032.000) 2026-09-30 20:31:53 Image size of job updated: 1848624
	1805  -  MemoryUsage of job (MB)
	1848204  -  ResidentSetSize of job (KB)
...
006 (78851234.032.000) 2026-09-30 20:36:53 Image size of job updated: 1848624
	1805  -  MemoryUsage of job (MB)
	1848208  -  ResidentSetSize of job (KB)
...
006 (78851234.032.000) 2026-09-30 20:41:54 Image size of job updated: 1849208
	1806  -  MemoryUsage of job (MB)
	1849208  -  ResidentSetSize of job (KB)
...
006 (78851234.032.000) 2026-09-30 20:46:54 Image size of job updated: 1849220
	1806  -  MemoryUsage of job (MB)
	1849220  -  ResidentSetSize of job (KB)
...
006 (78851234.032.000) 2026-09-30 20:51:55 Image size of job updated: 1849224
	1806  -  MemoryUsage of job (MB)
	1849224  -  ResidentSetSize of job (KB)
...
006 (78851234.032.000) 2026-09-30 20:56:56 Image size of job updated: 1850232
	1807  -  MemoryUsage of job (MB)
	1850232  -  ResidentSetSize of job (KB)
...
006 (78851234.032.000) 2026-09-30 21:01:56 Image size of job updated: 1850240
	1807  -  MemoryUsage of job (MB)
	1850240  -  ResidentSetSize of job (KB)
...
006 (78851234.032.000) 2026-09-30 21:06:57 Image size of job updated: 1850256
	1807  -  MemoryUsage of job (MB)
	1850256  -  ResidentSetSize of job (KB)
...
006 (78851234.032.000) 2026-09-30 21:11:57 Image size of job updated: 1850264
	1807  -  MemoryUsage of job (MB)
	1850264  -  ResidentSetSize of job (KB)
...
006 (78851234.032.000) 2026-09-30 21:16:58 Image size of job updated: 1852280
	1809  -  MemoryUsage of job (MB)
	1852280  -  ResidentSetSize of job (KB)
...
006 (78851234.032.000) 2026-09-30 21:21:59 Image size of job updated: 1852284
	1809  -  MemoryUsage of job (MB)
	1852284  -  ResidentSetSize of job (KB)
...
006 (78851234.032.000) 2026-09-30 21:26:59 Image size of job updated: 1852288
	1809  -  MemoryUsage of job (MB)
	1852284  -  ResidentSetSize of job (KB)
...
006 (78851234.032.000) 2026-09-30 22:02:02 Image size of job updated: 1852304
	1809  -  MemoryUsage of job (MB)
	1852304  -  ResidentSetSize of job (KB)
...
006 (78851234.032.000) 2026-09-30 22:07:02 Image size of job updated: 1852312
	1809  -  MemoryUsage of job (MB)
	1852312  -  ResidentSetSize of job (KB)
...
006 (78851234.032.000) 2026-09-30 22:12:03 Image size of job updated: 1853324
	1810  -  MemoryUsage of job (MB)
	1853324  -  ResidentSetSize of job (KB)
...
006 (78851234.032.000) 2026-09-30 22:17:03 Image size of job updated: 1853328
	1810  -  MemoryUsage of job (MB)
	1853328  -  ResidentSetSize of job (KB)
...
006 (78851234.032.000) 2026-09-30 22:22:04 Image size of job updated: 1853332
	1810  -  MemoryUsage of job (MB)
	1853332  -  ResidentSetSize of job (KB)
...
006 (78851234.032.000) 2026-09-30 22:27:05 Image size of job updated: 1853336
	1810  -  MemoryUsage of job (MB)
	1853336  -  ResidentSetSize of job (KB)
...
006 (78851234.032.000) 2026-09-30 22:32:05 Image size of job updated: 1854344
	1811  -  MemoryUsage of job (MB)
	1854344  -  ResidentSetSize of job (KB)
...
006 (78851234.032.000) 2026-09-30 22:42:07 Image size of job updated: 1854348
	1811  -  MemoryUsage of job (MB)
	1854348  -  ResidentSetSize of job (KB)
...
006 (78851234.032.000) 2026-09-30 22:57:08 Image size of job updated: 1855364
	1811  -  MemoryUsage of job (MB)
	1854348  -  ResidentSetSize of job (KB)
...
006 (78851234.032.000) 2026-09-30 23:07:09 Image size of job updated: 1856388
	1813  -  MemoryUsage of job (MB)
	1856388  -  ResidentSetSize of job (KB)
...
006 (78851234.032.000) 2026-09-30 23:17:10 Image size of job updated: 1861380
	1818  -  MemoryUsage of job (MB)
	1861380  -  ResidentSetSize of job (KB)
...
006 (78851234.032.000) 2026-09-30 23:27:11 Image size of job updated: 1862388
	1819  -  MemoryUsage of job (MB)
	1862388  -  ResidentSetSize of job (KB)
...
006 (78851234.032.000) 2026-09-30 23:37:13 Image size of job updated: 1871084
	1828  -  MemoryUsage of job (MB)
	1871084  -  ResidentSetSize of job (KB)
...
006 (78851234.032.000) 2026-09-30 23:47:14 Image size of job updated: 1873100
	1829  -  MemoryUsage of job (MB)
	1872092  -  ResidentSetSize of job (KB)
...
006 (78851234.032.000) 2026-09-30 23:52:14 Image size of job updated: 1873100
	1829  -  MemoryUsage of job (MB)
	1872096  -  ResidentSetSize of job (KB)
...
006 (78851234.032.000) 2026-09-30 23:57:14 Image size of job updated: 1873100
	1829  -  MemoryUsage of job (MB)
	1872100  -  ResidentSetSize of job (KB)
...
006 (78851234.032.000) 2026-10-01 00:22:16 Image size of job updated: 1873100
	1829  -  MemoryUsage of job (MB)
	1872104  -  ResidentSetSize of job (KB)
...
006 (78851234.032.000) 2026-10-01 00:32:18 Image size of job updated: 1873124
	1830  -  MemoryUsage of job (MB)
	1873124  -  ResidentSetSize of job (KB)
...
006 (78851234.032.000) 2026-10-01 00:52:19 Image size of job updated: 1874112
	1830  -  MemoryUsage of job (MB)
	1873124  -  ResidentSetSize of job (KB)
...
006 (78851234.032.000) 2026-10-01 01:07:20 Image size of job updated: 1874136
	1831  -  MemoryUsage of job (MB)
	1874136  -  ResidentSetSize of job (KB)
...
006 (78851234.032.000) 2026-10-01 01:17:21 Image size of job updated: 1875140
	1831  -  MemoryUsage of job (MB)
	1874136  -  ResidentSetSize of job (KB)
...
006 (78851234.032.000) 2026-10-01 01:27:22 Image size of job updated: 1877376
	1834  -  MemoryUsage of job (MB)
	1877376  -  ResidentSetSize of job (KB)
...
006 (78851234.032.000) 2026-10-01 01:32:22 Image size of job updated: 1877380
	1834  -  MemoryUsage of job (MB)
	1877380  -  ResidentSetSize of job (KB)
...
006 (78851234.032.000) 2026-10-01 01:37:23 Image size of job updated: 1879668
	1835  -  MemoryUsage of job (MB)
	1878644  -  ResidentSetSize of job (KB)
...
006 (78851234.032.000) 2026-10-01 01:47:24 Image size of job updated: 1880676
	1837  -  MemoryUsage of job (MB)
	1880676  -  ResidentSetSize of job (KB)
...
006 (78851234.032.000) 2026-10-01 01:52:25 Image size of job updated: 1880688
	1837  -  MemoryUsage of job (MB)
	1880688  -  ResidentSetSize of job (KB)
...
006 (78851234.032.000) 2026-10-01 02:02:26 Image size of job updated: 1880692
	1837  -  MemoryUsage of job (MB)
	1880688  -  ResidentSetSize of job (KB)
...
006 (78851234.032.000) 2026-10-01 02:12:27 Image size of job updated: 1881700
	1838  -  MemoryUsage of job (MB)
	1881700  -  ResidentSetSize of job (KB)
...
006 (78851234.032.000) 2026-10-01 02:17:28 Image size of job updated: 1881704
	1838  -  MemoryUsage of job (MB)
	1881704  -  ResidentSetSize of job (KB)
...
006 (78851234.032.000) 2026-10-01 02:42:29 Image size of job updated: 1887388
	1842  -  MemoryUsage of job (MB)
	1885372  -  ResidentSetSize of job (KB)
...
006 (78851234.032.000) 2026-10-01 03:02:31 Image size of job updated: 1887388
	1842  -  MemoryUsage of job (MB)
	1885380  -  ResidentSetSize of job (KB)
...
006 (78851234.032.000) 2026-10-01 03:07:31 Image size of job updated: 1887388
	1842  -  MemoryUsage of job (MB)
	1885432  -  ResidentSetSize of job (KB)
...
006 (78851234.032.000) 2026-10-01 03:17:32 Image size of job updated: 1904132
	1860  -  MemoryUsage of job (MB)
	1904132  -  ResidentSetSize of job (KB)
...
006 (78851234.032.000) 2026-10-01 04:22:39 Image size of job updated: 1905624
	1861  -  MemoryUsage of job (MB)
	1905624  -  ResidentSetSize of job (KB)
...
006 (78851234.032.000) 2026-10-01 04:32:40 Image size of job updated: 1906152
	1861  -  MemoryUsage of job (MB)
	1905624  -  ResidentSetSize of job (KB)
...
006 (78851234.032.000) 2026-10-01 04:57:41 Image size of job updated: 1906868
	1861  -  MemoryUsage of job (MB)
	1905624  -  ResidentSetSize of job (KB)
...
006 (78851234.032.000) 2026-10-01 05:07:42 Image size of job updated: 1906916
	1861  -  MemoryUsage of job (MB)
	1905624  -  ResidentSetSize of job (KB)
...
006 (78851234.032.000) 2026-10-01 05:17:44 Image size of job updated: 1909772
	1861  -  MemoryUsage of job (MB)
	1905624  -  ResidentSetSize of job (KB)
...
006 (78851234.032.000) 2026-10-01 05:37:46 Image size of job updated: 1916144
	1870  -  MemoryUsage of job (MB)
	1914848  -  ResidentSetSize of job (KB)
...
006 (78851234.032.000) 2026-10-01 05:42:47 Image size of job updated: 1916144
	1870  -  MemoryUsage of job (MB)
	1914852  -  ResidentSetSize of job (KB)
...
006 (78851234.032.000) 2026-10-01 05:52:48 Image size of job updated: 1918352
	1874  -  MemoryUsage of job (MB)
	1918352  -  ResidentSetSize of job (KB)
...
006 (78851234.032.000) 2026-10-01 06:02:48 Image size of job updated: 1919852
	1875  -  MemoryUsage of job (MB)
	1919852  -  ResidentSetSize of job (KB)
...
006 (78851234.032.000) 2026-10-01 06:07:49 Image size of job updated: 1919856
	1875  -  MemoryUsage of job (MB)
	1919856  -  ResidentSetSize of job (KB)
...
006 (78851234.032.000) 2026-10-01 06:12:49 Image size of job updated: 1920264
	1876  -  MemoryUsage of job (MB)
	1920184  -  ResidentSetSize of job (KB)
...
006 (78851234.032.000) 2026-10-01 06:47:54 Image size of job updated: 1921180
	1876  -  MemoryUsage of job (MB)
	1920184  -  ResidentSetSize of job (KB)
...
006 (78851234.032.000) 2026-10-01 07:27:58 Image size of job updated: 1921348
	1876  -  MemoryUsage of job (MB)
	1920184  -  ResidentSetSize of job (KB)
...
006 (78851234.032.000) 2026-10-01 07:37:59 Image size of job updated: 1921348
	1876  -  MemoryUsage of job (MB)
	1920732  -  ResidentSetSize of job (KB)
...
006 (78851234.032.000) 2026-10-01 07:53:00 Image size of job updated: 1924260
	1878  -  MemoryUsage of job (MB)
	1922248  -  ResidentSetSize of job (KB)
...
006 (78851234.032.000) 2026-10-01 08:03:01 Image size of job updated: 1925260
	1880  -  MemoryUsage of job (MB)
	1924252  -  ResidentSetSize of job (KB)
...
006 (78851234.032.000) 2026-10-01 08:13:01 Image size of job updated: 1925276
	1881  -  MemoryUsage of job (MB)
	1925276  -  ResidentSetSize of job (KB)
...
006 (78851234.032.000) 2026-10-01 08:28:03 Image size of job updated: 1926188
	1881  -  MemoryUsage of job (MB)
	1925276  -  ResidentSetSize of job (KB)
...
006 (78851234.032.000) 2026-10-01 08:38:04 Image size of job updated: 1926448
	1881  -  MemoryUsage of job (MB)
	1925276  -  ResidentSetSize of job (KB)
...
006 (78851234.032.000) 2026-10-01 08:48:05 Image size of job updated: 1927804
	1883  -  MemoryUsage of job (MB)
	1927804  -  ResidentSetSize of job (KB)
...
006 (78851234.032.000) 2026-10-01 08:53:06 Image size of job updated: 1927812
	1883  -  MemoryUsage of job (MB)
	1927812  -  ResidentSetSize of job (KB)
...
006 (78851234.032.000) 2026-10-01 08:58:06 Image size of job updated: 1928284
	1883  -  MemoryUsage of job (MB)
	1927812  -  ResidentSetSize of job (KB)
...
006 (78851234.032.000) 2026-10-01 10:08:13 Image size of job updated: 1930660
	1883  -  MemoryUsage of job (MB)
	1927812  -  ResidentSetSize of job (KB)
...
006 (78851234.032.000) 2026-10-01 10:43:16 Image size of job updated: 1936264
	1888  -  MemoryUsage of job (MB)
	1932976  -  ResidentSetSize of job (KB)
...
006 (78851234.032.000) 2026-10-01 10:58:18 Image size of job updated: 1936576
	1891  -  MemoryUsage of job (MB)
	1935384  -  ResidentSetSize of job (KB)
...
006 (78851234.032.000) 2026-10-01 11:08:18 Image size of job updated: 1940912
	1891  -  MemoryUsage of job (MB)
	1935384  -  ResidentSetSize of job (KB)
...
006 (78851234.032.000) 2026-10-01 11:28:20 Image size of job updated: 1940912
	1892  -  MemoryUsage of job (MB)
	1936712  -  ResidentSetSize of job (KB)
...
006 (78851234.032.000) 2026-10-01 11:38:22 Image size of job updated: 1940912
	1894  -  MemoryUsage of job (MB)
	1939136  -  ResidentSetSize of job (KB)
...
006 (78851234.032.000) 2026-10-01 11:53:23 Image size of job updated: 1941452
	1896  -  MemoryUsage of job (MB)
	1941452  -  ResidentSetSize of job (KB)
...
006 (78851234.032.000) 2026-10-01 12:03:25 Image size of job updated: 1942832
	1898  -  MemoryUsage of job (MB)
	1942832  -  ResidentSetSize of job (KB)
...
006 (78851234.032.000) 2026-10-01 12:13:26 Image size of job updated: 1945732
	1901  -  MemoryUsage of job (MB)
	1945732  -  ResidentSetSize of job (KB)
...
006 (78851234.032.000) 2026-10-01 13:58:36 Image size of job updated: 1946048
	1901  -  MemoryUsage of job (MB)
	1945732  -  ResidentSetSize of job (KB)
...
006 (78851234.032.000) 2026-10-01 15:03:42 Image size of job updated: 1948944
	1901  -  MemoryUsage of job (MB)
	1945732  -  ResidentSetSize of job (KB)
...
006 (78851234.032.000) 2026-10-01 15:18:43 Image size of job updated: 1948944
	1902  -  MemoryUsage of job (MB)
	1947312  -  ResidentSetSize of job (KB)
...
006 (78851234.032.000) 2026-10-01 15:28:44 Image size of job updated: 1948944
	1903  -  MemoryUsage of job (MB)
	1947704  -  ResidentSetSize of job (KB)
...
006 (78851234.032.000) 2026-10-01 15:38:46 Image size of job updated: 1950224
	1903  -  MemoryUsage of job (MB)
	1948192  -  ResidentSetSize of job (KB)
...
004 (78851234.032.000) 2026-10-01 15:46:46 Job was evicted. Code 1019 Subcode 0
	(0) CPU times
		Usr 11 08:54:00, Sys 0 00:13:05  -  Run Remote Usage
		Usr 0 00:00:00, Sys 0 00:00:00  -  Run Local Usage
	0  -  Run Bytes Sent By Job
	0  -  Run Bytes Received By Job
	Reason: Preempted for a Priority user
	Partitionable Resources :    Usage  Request Allocated 
	   Cpus                 :     6.87        4         4 
	   Disk (KB)            : 25000       25000     28672 
	   GPUs                 :                           0 
	   Memory (MB)          :  1903        6000      6016 
	   TimeExecute (s)      : 97847                       
	   TimeSlotBusy (s)     : 97848                       
...
001 (78851234.032.000) 2026-10-01 15:50:57 Job executing on host: <10.14.9.70:9618?addrs=10.14.9.70-9618&alias=node2070.cluster.ldas.cit&noUDP&sock=startd_2688455_17a6>
	SlotName: slot1_7@node2070.cluster.ldas.cit
	CondorScratchDir = "/var/lib/condor/execute/dir_3074055/scratch"
	Cpus = 4
	Disk = 28672
	GPUs = 0
	Memory = 6016
...
006 (78851234.032.000) 2026-10-02 02:57:15 Image size of job updated: 2009288
	1954  -  MemoryUsage of job (MB)
	2000000  -  ResidentSetSize of job (KB)
...
006 (78851234.032.000) 2026-10-02 04:27:24 Image size of job updated: 2009288
	1958  -  MemoryUsage of job (MB)
	2004896  -  ResidentSetSize of job (KB)
...
006 (78851234.032.000) 2026-10-02 04:37:25 Image size of job updated: 2009876
	1958  -  MemoryUsage of job (MB)
	2004896  -  ResidentSetSize of job (KB)
...
006 (78851234.032.000) 2026-10-02 04:57:28 Image size of job updated: 2015776
	1958  -  MemoryUsage of job (MB)
	2004896  -  ResidentSetSize of job (KB)
...
006 (78851234.032.000) 2026-10-02 05:27:31 Image size of job updated: 2038372
	1964  -  MemoryUsage of job (MB)
	2010844  -  ResidentSetSize of job (KB)
...
006 (78851234.032.000) 2026-10-02 05:42:32 Image size of job updated: 2038372
	1978  -  MemoryUsage of job (MB)
	2024864  -  ResidentSetSize of job (KB)
...
006 (78851234.032.000) 2026-10-02 05:47:33 Image size of job updated: 2038372
	1978  -  MemoryUsage of job (MB)
	2024876  -  ResidentSetSize of job (KB)
...
006 (78851234.032.000) 2026-10-02 05:52:33 Image size of job updated: 2038372
	1979  -  MemoryUsage of job (MB)
	2026416  -  ResidentSetSize of job (KB)
...
006 (78851234.032.000) 2026-10-02 05:57:33 Image size of job updated: 2038372
	1979  -  MemoryUsage of job (MB)
	2026472  -  ResidentSetSize of job (KB)
...
006 (78851234.032.000) 2026-10-02 06:02:34 Image size of job updated: 2038372
	1982  -  MemoryUsage of job (MB)
	2029088  -  ResidentSetSize of job (KB)
...
006 (78851234.032.000) 2026-10-02 06:07:35 Image size of job updated: 2038372
	1982  -  MemoryUsage of job (MB)
	2029092  -  ResidentSetSize of job (KB)
...
006 (78851234.032.000) 2026-10-02 06:12:35 Image size of job updated: 2038372
	1983  -  MemoryUsage of job (MB)
	2030528  -  ResidentSetSize of job (KB)
...
006 (78851234.032.000) 2026-10-02 06:17:36 Image size of job updated: 2038372
	1983  -  MemoryUsage of job (MB)
	2030532  -  ResidentSetSize of job (KB)
...
006 (78851234.032.000) 2026-10-02 06:32:37 Image size of job updated: 2038372
	1985  -  MemoryUsage of job (MB)
	2032616  -  ResidentSetSize of job (KB)
...
006 (78851234.032.000) 2026-10-02 06:37:38 Image size of job updated: 2038372
	1985  -  MemoryUsage of job (MB)
	2032624  -  ResidentSetSize of job (KB)
...
006 (78851234.032.000) 2026-10-02 06:42:38 Image size of job updated: 2038372
	1986  -  MemoryUsage of job (MB)
	2032692  -  ResidentSetSize of job (KB)
...
006 (78851234.032.000) 2026-10-02 06:47:38 Image size of job updated: 2038372
	1986  -  MemoryUsage of job (MB)
	2032792  -  ResidentSetSize of job (KB)
...
006 (78851234.032.000) 2026-10-02 06:52:39 Image size of job updated: 2038372
	1986  -  MemoryUsage of job (MB)
	2032800  -  ResidentSetSize of job (KB)
...
006 (78851234.032.000) 2026-10-02 06:57:40 Image size of job updated: 2048032
	2000  -  MemoryUsage of job (MB)
	2047020  -  ResidentSetSize of job (KB)
...
006 (78851234.032.000) 2026-10-02 07:07:40 Image size of job updated: 2048864
	2001  -  MemoryUsage of job (MB)
	2048864  -  ResidentSetSize of job (KB)
...
006 (78851234.032.000) 2026-10-02 07:12:41 Image size of job updated: 2048884
	2001  -  MemoryUsage of job (MB)
	2048884  -  ResidentSetSize of job (KB)
...
006 (78851234.032.000) 2026-10-02 07:17:41 Image size of job updated: 2051428
	2001  -  MemoryUsage of job (MB)
	2048884  -  ResidentSetSize of job (KB)
...
006 (78851234.032.000) 2026-10-02 08:37:50 Image size of job updated: 2059932
	2012  -  MemoryUsage of job (MB)
	2059932  -  ResidentSetSize of job (KB)
...
006 (78851234.032.000) 2026-10-02 08:42:50 Image size of job updated: 2059952
	2012  -  MemoryUsage of job (MB)
	2059952  -  ResidentSetSize of job (KB)
...
006 (78851234.032.000) 2026-10-02 09:02:51 Image size of job updated: 2082948
	2012  -  MemoryUsage of job (MB)
	2059952  -  ResidentSetSize of job (KB)
...
005 (78851234.032.000) 2026-10-02 09:17:23 Job terminated.
	(1) Normal termination (return value 0)
		Usr 6 15:54:43, Sys 0 00:14:06  -  Run Remote Usage
		Usr 0 00:00:00, Sys 0 00:00:00  -  Run Local Usage
		Usr 18 00:48:43, Sys 0 00:27:11  -  Total Remote Usage
		Usr 0 00:00:00, Sys 0 00:00:00  -  Total Local Usage
	0  -  Run Bytes Sent By Job
	0  -  Run Bytes Received By Job
	0  -  Total Bytes Sent By Job
	0  -  Total Bytes Received By Job
	Partitionable Resources :    Usage  Request Allocated 
	   Cpus                 :     1.00        4         4 
	   Disk (KB)            : 25000       25000     28672 
	   GPUs                 :                           0 
	   Memory (MB)          :  2012        6000      6016 
	   TimeExecute (s)      : 62786                       
	   TimeSlotBusy (s)     : 62787                       
...
000 (78854872.032.000) 2026-10-03 17:21:23 Job submitted from host: <10.14.0.121:9618?addrs=10.14.0.121-9618&alias=ldas-pcdev12.ligo.caltech.edu&noUDP&sock=schedd_623140_c9b4>
...
001 (78854872.032.000) 2026-10-03 17:22:11 Job executing on host: <10.14.10.165:9618?addrs=10.14.10.165-9618&alias=node2415.cluster.ldas.cit&noUDP&sock=startd_1553035_699d>
	SlotName: slot1_5@node2415.cluster.ldas.cit
	CondorScratchDir = "/var/lib/condor/execute/dir_3010507/scratch"
	Cpus = 4
	Disk = 28672
	GPUs = 0
	Memory = 6016
...
006 (78854872.032.000) 2026-10-03 17:22:19 Image size of job updated: 141124
	138  -  MemoryUsage of job (MB)
	141124  -  ResidentSetSize of job (KB)
...
006 (78854872.032.000) 2026-10-03 17:22:41 Image size of job updated: 508216
	138  -  MemoryUsage of job (MB)
	141264  -  ResidentSetSize of job (KB)
...
005 (78854872.032.000) 2026-10-03 17:22:41 Job terminated.
	(1) Normal termination (return value 0)
		Usr 0 00:00:23, Sys 0 00:00:00  -  Run Remote Usage
		Usr 0 00:00:00, Sys 0 00:00:00  -  Run Local Usage
		Usr 0 00:00:23, Sys 0 00:00:00  -  Total Remote Usage
		Usr 0 00:00:00, Sys 0 00:00:00  -  Total Local Usage
	0  -  Run Bytes Sent By Job
	0  -  Run Bytes Received By Job
	0  -  Total Bytes Sent By Job
	0  -  Total Bytes Received By Job
	Partitionable Resources :    Usage  Request Allocated 
	   Cpus                 :        0        4         4 
	   Disk (KB)            :    25000    25000     28672 
	   GPUs                 :                           0 
	   Memory (MB)          :      138     6000      6016 
	   TimeExecute (s)      :       30                    
	   TimeSlotBusy (s)     :       31                    
...
000 (78854906.032.000) 2026-10-03 21:36:50 Job submitted from host: <10.14.0.121:9618?addrs=10.14.0.121-9618&alias=ldas-pcdev12.ligo.caltech.edu&noUDP&sock=schedd_623140_c9b4>
...
001 (78854906.032.000) 2026-10-03 21:38:42 Job executing on host: <10.14.10.84:9618?addrs=10.14.10.84-9618&alias=node2334.cluster.ldas.cit&noUDP&sock=startd_1346919_fb05>
	SlotName: slot1_2@node2334.cluster.ldas.cit
	CondorScratchDir = "/var/lib/condor/execute/dir_73138/scratch"
	Cpus = 4
	Disk = 28672
	GPUs = 0
	Memory = 6016
...
006 (78854906.032.000) 2026-10-03 21:38:42 Image size of job updated: 25000
	0  -  MemoryUsage of job (MB)
	0  -  ResidentSetSize of job (KB)
...
005 (78854906.032.000) 2026-10-03 21:38:42 Job terminated.
	(1) Normal termination (return value 1)
		Usr 0 00:00:00, Sys 0 00:00:00  -  Run Remote Usage
		Usr 0 00:00:00, Sys 0 00:00:00  -  Run Local Usage
		Usr 0 00:00:00, Sys 0 00:00:00  -  Total Remote Usage
		Usr 0 00:00:00, Sys 0 00:00:00  -  Total Local Usage
	0  -  Run Bytes Sent By Job
	0  -  Run Bytes Received By Job
	0  -  Total Bytes Sent By Job
	0  -  Total Bytes Received By Job
	Partitionable Resources :    Usage  Request Allocated 
	   Cpus                 :                 4         4 
	   Disk (KB)            :    25000    25000     28672 
	   GPUs                 :                           0 
	   Memory (MB)          :        0     6000      6016 
	   TimeExecute (s)      :        0                    
	   TimeSlotBusy (s)     :        1                    
...
000 (78855135.032.000) 2026-10-04 13:44:55 Job submitted from host: <10.14.0.121:9618?addrs=10.14.0.121-9618&alias=ldas-pcdev12.ligo.caltech.edu&noUDP&sock=schedd_623140_c9b4>
...
001 (78855135.032.000) 2026-10-04 13:49:18 Job executing on host: <10.14.8.189:9618?addrs=10.14.8.189-9618&alias=node1939.cluster.ldas.cit&noUDP&sock=startd_35118_9b01>
	SlotName: slot1_1@node1939.cluster.ldas.cit
	CondorScratchDir = "/var/lib/condor/execute/dir_551107/scratch"
	Cpus = 4
	Disk = 28672
	GPUs = 0
	Memory = 6016
...
006 (78855135.032.000) 2026-10-04 13:49:26 Image size of job updated: 113376
	111  -  MemoryUsage of job (MB)
	113376  -  ResidentSetSize of job (KB)
...
006 (78855135.032.000) 2026-10-04 13:49:46 Image size of job updated: 508272
	111  -  MemoryUsage of job (MB)
	113380  -  ResidentSetSize of job (KB)
...
005 (78855135.032.000) 2026-10-04 13:49:46 Job terminated.
	(1) Normal termination (return value 0)
		Usr 0 00:00:13, Sys 0 00:00:00  -  Run Remote Usage
		Usr 0 00:00:00, Sys 0 00:00:00  -  Run Local Usage
		Usr 0 00:00:13, Sys 0 00:00:00  -  Total Remote Usage
		Usr 0 00:00:00, Sys 0 00:00:00  -  Total Local Usage
	0  -  Run Bytes Sent By Job
	0  -  Run Bytes Received By Job
	0  -  Total Bytes Sent By Job
	0  -  Total Bytes Received By Job
	Partitionable Resources :    Usage  Request Allocated 
	   Cpus                 :                 4         4 
	   Disk (KB)            :    25000    25000     28672 
	   GPUs                 :                           0 
	   Memory (MB)          :      111     6000      6016 
	   TimeExecute (s)      :       28                    
	   TimeSlotBusy (s)     :       29                    
...
