000 (78851234.034.000) 2026-09-30 12:35:31 Job submitted from host: <10.14.0.121:9618?addrs=10.14.0.121-9618&alias=ldas-pcdev12.ligo.caltech.edu&noUDP&sock=schedd_623140_c9b4>
...
001 (78851234.034.000) 2026-09-30 12:36:00 Job executing on host: <10.14.4.73:9618?addrs=10.14.4.73-9618&alias=node823.cluster.ldas.cit&noUDP&sock=startd_2400286_2093>
	SlotName: slot1_22@node823.cluster.ldas.cit
	CondorScratchDir = "/var/lib/condor/execute/dir_2539396/scratch"
	Cpus = 4
	Disk = 28672
	GPUs = 0
	Memory = 6016
...
006 (78851234.034.000) 2026-09-30 12:36:08 Image size of job updated: 176536
	173  -  MemoryUsage of job (MB)
	176536  -  ResidentSetSize of job (KB)
...
006 (78851234.034.000) 2026-09-30 12:41:08 Image size of job updated: 369368
	361  -  MemoryUsage of job (MB)
	369368  -  ResidentSetSize of job (KB)
...
006 (78851234.034.000) 2026-09-30 12:46:09 Image size of job updated: 370952
	363  -  MemoryUsage of job (MB)
	370952  -  ResidentSetSize of job (KB)
...
006 (78851234.034.000) 2026-09-30 12:51:09 Image size of job updated: 476436
	466  -  MemoryUsage of job (MB)
	476436  -  ResidentSetSize of job (KB)
...
006 (78851234.034.000) 2026-09-30 12:56:10 Image size of job updated: 477064
	466  -  MemoryUsage of job (MB)
	477064  -  ResidentSetSize of job (KB)
...
006 (78851234.034.000) 2026-09-30 13:01:11 Image size of job updated: 490444
	479  -  MemoryUsage of job (MB)
	490444  -  ResidentSetSize of job (KB)
...
006 (78851234.034.000) 2026-09-30 13:06:11 Image size of job updated: 490604
	480  -  MemoryUsage of job (MB)
	490604  -  ResidentSetSize of job (KB)
...
006 (78851234.034.000) 2026-09-30 13:11:12 Image size of job updated: 497928
	487  -  MemoryUsage of job (MB)
	497928  -  ResidentSetSize of job (KB)
...
006 (78851234.034.000) 2026-09-30 13:16:12 Image size of job updated: 498156
	487  -  MemoryUsage of job (MB)
	498156  -  ResidentSetSize of job (KB)
...
006 (78851234.034.000) 2026-09-30 13:21:13 Image size of job updated: 499244
	487  -  MemoryUsage of job (MB)
	498320  -  ResidentSetSize of job (KB)
...
006 (78851234.034.000) 2026-09-30 13:26:13 Image size of job updated: 499244
	487  -  MemoryUsage of job (MB)
	498460  -  ResidentSetSize of job (KB)
...
006 (78851234.034.000) 2026-09-30 13:31:13 Image size of job updated: 499244
	487  -  MemoryUsage of job (MB)
	498568  -  ResidentSetSize of job (KB)
...
006 (78851234.034.000) 2026-09-30 13:36:14 Image size of job updated: 499244
	487  -  MemoryUsage of job (MB)
	498644  -  ResidentSetSize of job (KB)
...
006 (78851234.034.000) 2026-09-30 13:41:14 Image size of job updated: 504828
	493  -  MemoryUsage of job (MB)
	504828  -  ResidentSetSize of job (KB)
...
006 (78851234.034.000) 2026-09-30 13:46:15 Image size of job updated: 504896
	494  -  MemoryUsage of job (MB)
	504896  -  ResidentSetSize of job (KB)
...
006 (78851234.034.000) 2026-09-30 13:51:15 Image size of job updated: 505728
	494  -  MemoryUsage of job (MB)
	505720  -  ResidentSetSize of job (KB)
...
006 (78851234.034.000) 2026-09-30 13:56:16 Image size of job updated: 505780
	494  -  MemoryUsage of job (MB)
	505780  -  ResidentSetSize of job (KB)
...
006 (78851234.034.000) 2026-09-30 14:01:17 Image size of job updated: 506700
	495  -  MemoryUsage of job (MB)
	506700  -  ResidentSetSize of job (KB)
...
006 (78851234.034.000) 2026-09-30 14:06:17 Image size of job updated: 506760
	495  -  MemoryUsage of job (MB)
	506760  -  ResidentSetSize of job (KB)
...
006 (78851234.034.000) 2026-09-30 14:11:18 Image size of job updated: 506976
	496  -  MemoryUsage of job (MB)
	506976  -  ResidentSetSize of job (KB)
...
006 (78851234.034.000) 2026-09-30 14:16:18 Image size of job updated: 512364
	501  -  MemoryUsage of job (MB)
	512364  -  ResidentSetSize of job (KB)
...
006 (78851234.034.000) 2026-09-30 14:21:19 Image size of job updated: 512412
	501  -  MemoryUsage of job (MB)
	512412  -  ResidentSetSize of job (KB)
...
006 (78851234.034.000) 2026-09-30 14:26:20 Image size of job updated: 513528
	502  -  MemoryUsage of job (MB)
	513528  -  ResidentSetSize of job (KB)
...
006 (78851234.034.000) 2026-09-30 14:31:20 Image size of job updated: 517696
	506  -  MemoryUsage of job (MB)
	517696  -  ResidentSetSize of job (KB)
...
006 (78851234.034.000) 2026-09-30 14:36:21 Image size of job updated: 572236
	559  -  MemoryUsage of job (MB)
	572236  -  ResidentSetSize of job (KB)
...
006 (78851234.034.000) 2026-09-30 14:41:21 Image size of job updated: 572452
	560  -  MemoryUsage of job (MB)
	572452  -  ResidentSetSize of job (KB)
...
006 (78851234.034.000) 2026-09-30 14:46:22 Image size of job updated: 572500
	560  -  MemoryUsage of job (MB)
	572500  -  ResidentSetSize of job (KB)
...
006 (78851234.034.000) 2026-09-30 14:51:23 Image size of job updated: 572524
	560  -  MemoryUsage of job (MB)
	572524  -  ResidentSetSize of job (KB)
...
006 (78851234.034.000) 2026-09-30 14:56:23 Image size of job updated: 572736
	560  -  MemoryUsage of job (MB)
	572736  -  ResidentSetSize of job (KB)
...
006 (78851234.034.000) 2026-09-30 15:01:24 Image size of job updated: 572764
	560  -  MemoryUsage of job (MB)
	572764  -  ResidentSetSize of job (KB)
...
006 (78851234.034.000) 2026-09-30 15:06:24 Image size of job updated: 572772
	560  -  MemoryUsage of job (MB)
	572772  -  ResidentSetSize of job (KB)
...
006 (78851234.034.000) 2026-09-30 15:11:25 Image size of job updated: 572804
	560  -  MemoryUsage of job (MB)
	572804  -  ResidentSetSize of job (KB)
...
006 (78851234.034.000) 2026-09-30 15:16:25 Image size of job updated: 572824
	560  -  MemoryUsage of job (MB)
	572824  -  ResidentSetSize of job (KB)
...
006 (78851234.034.000) 2026-09-30 15:21:26 Image size of job updated: 572860
	560  -  MemoryUsage of job (MB)
	572860  -  ResidentSetSize of job (KB)
...
006 (78851234.034.000) 2026-09-30 15:26:27 Image size of job updated: 572904
	560  -  MemoryUsage of job (MB)
	572904  -  ResidentSetSize of job (KB)
...
006 (78851234.034.000) 2026-09-30 15:31:27 Image size of job updated: 652100
	637  -  MemoryUsage of job (MB)
	652100  -  ResidentSetSize of job (KB)
...
006 (78851234.034.000) 2026-09-30 15:36:28 Image size of job updated: 776816
	759  -  MemoryUsage of job (MB)
	776816  -  ResidentSetSize of job (KB)
...
006 (78851234.034.000) 2026-09-30 15:41:28 Image size of job updated: 888944
	869  -  MemoryUsage of job (MB)
	888944  -  ResidentSetSize of job (KB)
...
006 (78851234.034.000) 2026-09-30 15:46:29 Image size of job updated: 1076616
	1052  -  MemoryUsage of job (MB)
	1076616  -  ResidentSetSize of job (KB)
...
006 (78851234.034.000) 2026-09-30 15:51:30 Image size of job updated: 1297296
	1267  -  MemoryUsage of job (MB)
	1297296  -  ResidentSetSize of job (KB)
...
006 (78851234.034.000) 2026-09-30 15:56:30 Image size of job updated: 1521996
	1487  -  MemoryUsage of job (MB)
	1521996  -  ResidentSetSize of job (KB)
...
006 (78851234.034.000) 2026-09-30 16:01:31 Image size of job updated: 1757040
	1716  -  MemoryUsage of job (MB)
	1757040  -  ResidentSetSize of job (KB)
...
006 (78851234.034.000) 2026-09-30 16:06:31 Image size of job updated: 1758336
	1718  -  MemoryUsage of job (MB)
	1758336  -  ResidentSetSize of job (KB)
...
006 (78851234.034.000) 2026-09-30 16:11:32 Image size of job updated: 1758356
	1718  -  MemoryUsage of job (MB)
	1758356  -  ResidentSetSize of job (KB)
...
006 (78851234.034.000) 2026-09-30 16:16:33 Image size of job updated: 1758368
	1718  -  MemoryUsage of job (MB)
	1758368  -  ResidentSetSize of job (KB)
...
006 (78851234.034.000) 2026-09-30 16:21:33 Image size of job updated: 1768712
	1728  -  MemoryUsage of job (MB)
	1768712  -  ResidentSetSize of job (KB)
...
006 (78851234.034.000) 2026-09-30 16:26:34 Image size of job updated: 1768740
	1728  -  MemoryUsage of job (MB)
	1768740  -  ResidentSetSize of job (KB)
...
006 (78851234.034.000) 2026-09-30 16:31:34 Image size of job updated: 1769812
	1729  -  MemoryUsage of job (MB)
	1769812  -  ResidentSetSize of job (KB)
...
006 (78851234.034.000) 2026-09-30 16:36:34 Image size of job updated: 1769832
	1729  -  MemoryUsage of job (MB)
	1769832  -  ResidentSetSize of job (KB)
...
006 (78851234.034.000) 2026-09-30 16:41:35 Image size of job updated: 1769860
	1729  -  MemoryUsage of job (MB)
	1769860  -  ResidentSetSize of job (KB)
...
006 (78851234.034.000) 2026-09-30 16:46:35 Image size of job updated: 1769888
	1729  -  MemoryUsage of job (MB)
	1769888  -  ResidentSetSize of job (KB)
...
006 (78851234.034.000) 2026-09-30 16:51:36 Image size of job updated: 1769908
	1729  -  MemoryUsage of job (MB)
	1769908  -  ResidentSetSize of job (KB)
...
006 (78851234.034.000) 2026-09-30 16:56:36 Image size of job updated: 1769916
	1729  -  MemoryUsage of job (MB)
	1769916  -  ResidentSetSize of job (KB)
...
006 (78851234.034.000) 2026-09-30 17:01:36 Image size of job updated: 1769936
	1729  -  MemoryUsage of job (MB)
	1769936  -  ResidentSetSize of job (KB)
...
006 (78851234.034.000) 2026-09-30 17:06:37 Image size of job updated: 1771832
	1731  -  MemoryUsage of job (MB)
	1771832  -  ResidentSetSize of job (KB)
...
006 (78851234.034.000) 2026-09-30 17:11:37 Image size of job updated: 1771848
	1731  -  MemoryUsage of job (MB)
	1771848  -  ResidentSetSize of job (KB)
...
006 (78851234.034.000) 2026-09-30 17:16:38 Image size of job updated: 1774056
	1733  -  MemoryUsage of job (MB)
	1774056  -  ResidentSetSize of job (KB)
...
006 (78851234.034.000) 2026-09-30 17:26:39 Image size of job updated: 1777028
	1736  -  MemoryUsage of job (MB)
	1777028  -  ResidentSetSize of job (KB)
...
006 (78851234.034.000) 2026-09-30 17:31:40 Image size of job updated: 1777040
	1736  -  MemoryUsage of job (MB)
	1777040  -  ResidentSetSize of job (KB)
...
006 (78851234.034.000) 2026-09-30 17:36:40 Image size of job updated: 1777048
	1736  -  MemoryUsage of job (MB)
	1777048  -  ResidentSetSize of job (KB)
...
006 (78851234.034.000) 2026-09-30 17:41:40 Image size of job updated: 1777064
	1736  -  MemoryUsage of job (MB)
	1777064  -  ResidentSetSize of job (KB)
...
006 (78851234.034.000) 2026-09-30 17:51:41 Image size of job updated: 1779244
	1737  -  MemoryUsage of job (MB)
	1778572  -  ResidentSetSize of job (KB)
...
006 (78851234.034.000) 2026-09-30 17:56:42 Image size of job updated: 1779244
	1737  -  MemoryUsage of job (MB)
	1778588  -  ResidentSetSize of job (KB)
...
006 (78851234.034.000) 2026-09-30 18:01:42 Image size of job updated: 1786684
	1745  -  MemoryUsage of job (MB)
	1786684  -  ResidentSetSize of job (KB)
...
006 (78851234.034.000) 2026-09-30 18:06:42 Image size of job updated: 1786808
	1745  -  MemoryUsage of job (MB)
	1786808  -  ResidentSetSize of job (KB)
...
006 (78851234.034.000) 2026-09-30 18:11:43 Image size of job updated: 1799376
	1757  -  MemoryUsage of job (MB)
	1799000  -  ResidentSetSize of job (KB)
...
006 (78851234.034.000) 2026-09-30 18:16:43 Image size of job updated: 1799376
	1757  -  MemoryUsage of job (MB)
	1799004  -  ResidentSetSize of job (KB)
...
006 (78851234.034.000) 2026-09-30 18:21:44 Image size of job updated: 1800028
	1758  -  MemoryUsage of job (MB)
	1800028  -  ResidentSetSize of job (KB)
...
006 (78851234.034.000) 2026-09-30 18:26:44 Image size of job updated: 1800044
	1758  -  MemoryUsage of job (MB)
	1800044  -  ResidentSetSize of job (KB)
...
006 (78851234.034.000) 2026-09-30 18:31:44 Image size of job updated: 1800048
	1758  -  MemoryUsage of job (MB)
	1800048  -  ResidentSetSize of job (KB)
...
006 (78851234.034.000) 2026-09-30 18:36:45 Image size of job updated: 1800052
	1758  -  MemoryUsage of job (MB)
	1800052  -  ResidentSetSize of job (KB)
...
006 (78851234.034.000) 2026-09-30 18:41:45 Image size of job updated: 1800056
	1758  -  MemoryUsage of job (MB)
	1800056  -  ResidentSetSize of job (KB)
...
006 (78851234.034.000) 2026-09-30 18:46:46 Image size of job updated: 1800068
	1758  -  MemoryUsage of job (MB)
	1800068  -  ResidentSetSize of job (KB)
...
006 (78851234.034.000) 2026-09-30 18:51:46 Image size of job updated: 1801132
	1759  -  MemoryUsage of job (MB)
	1801132  -  ResidentSetSize of job (KB)
...
006 (78851234.034.000) 2026-09-30 18:56:46 Image size of job updated: 1801160
	1759  -  MemoryUsage of job (MB)
	1801160  -  ResidentSetSize of job (KB)
...
006 (78851234.034.000) 2026-09-30 19:01:47 Image size of job updated: 1801164
	1759  -  MemoryUsage of job (MB)
	1801164  -  ResidentSetSize of job (KB)
...
006 (78851234.034.000) 2026-09-30 19:06:47 Image size of job updated: 1801168
	1759  -  MemoryUsage of job (MB)
	1801168  -  ResidentSetSize of job (KB)
...
006 (78851234.034.000) 2026-09-30 19:16:48 Image size of job updated: 1802556
	1761  -  MemoryUsage of job (MB)
	1802556  -  ResidentSetSize of job (KB)
...
006 (78851234.034.000) 2026-09-30 19:21:49 Image size of job updated: 1802568
	1761  -  MemoryUsage of job (MB)
	1802568  -  ResidentSetSize of job (KB)
...
006 (78851234.034.000) 2026-09-30 19:26:50 Image size of job updated: 1803476
	1762  -  MemoryUsage of job (MB)
	1803476  -  ResidentSetSize of job (KB)
...
006 (78851234.034.000) 2026-09-30 19:31:50 Image size of job updated: 1803480
	1762  -  MemoryUsage of job (MB)
	1803480  -  ResidentSetSize of job (KB)
...
006 (78851234.034.000) 2026-09-30 19:36:51 Image size of job updated: 1803484
	1762  -  MemoryUsage of job (MB)
	1803484  -  ResidentSetSize of job (KB)
...
006 (78851234.034.000) 2026-09-30 19:41:51 Image size of job updated: 1803496
	1762  -  MemoryUsage of job (MB)
	1803496  -  ResidentSetSize of job (KB)
...
006 (78851234.034.000) 2026-09-30 19:46:52 Image size of job updated: 1803504
	1762  -  MemoryUsage of job (MB)
	1803504  -  ResidentSetSize of job (KB)
...
006 (78851234.034.000) 2026-09-30 19:51:52 Image size of job updated: 1803508
	1762  -  MemoryUsage of job (MB)
	1803508  -  ResidentSetSize of job (KB)
...
006 (78851234.034.000) 2026-09-30 19:56:52 Image size of job updated: 1803516
	1762  -  MemoryUsage of job (MB)
	1803516  -  ResidentSetSize of job (KB)
...
006 (78851234.034.000) 2026-09-30 20:01:53 Image size of job updated: 1803524
	1762  -  MemoryUsage of job (MB)
	1803524  -  ResidentSetSize of job (KB)
...
006 (78851234.034.000) 2026-09-30 20:06:53 Image size of job updated: 1803532
	1762  -  MemoryUsage of job (MB)
	1803532  -  ResidentSetSize of job (KB)
...
006 (78851234.034.000) 2026-09-30 20:11:54 Image size of job updated: 1803540
	1762  -  MemoryUsage of job (MB)
	1803540  -  ResidentSetSize of job (KB)
...
006 (78851234.034.000) 2026-09-30 20:26:55 Image size of job updated: 1803548
	1762  -  MemoryUsage of job (MB)
	1803548  -  ResidentSetSize of job (KB)
...
006 (78851234.034.000) 2026-09-30 20:31:55 Image size of job updated: 1804600
	1763  -  MemoryUsage of job (MB)
	1804580  -  ResidentSetSize of job (KB)
...
006 (78851234.034.000) 2026-09-30 20:36:57 Image size of job updated: 1804600
	1763  -  MemoryUsage of job (MB)
	1804588  -  ResidentSetSize of job (KB)
...
006 (78851234.034.000) 2026-09-30 20:41:57 Image size of job updated: 1807028
	1765  -  MemoryUsage of job (MB)
	1807028  -  ResidentSetSize of job (KB)
...
006 (78851234.034.000) 2026-09-30 20:46:57 Image size of job updated: 1807032
	1765  -  MemoryUsage of job (MB)
	1807032  -  ResidentSetSize of job (KB)
...
006 (78851234.034.000) 2026-09-30 20:51:58 Image size of job updated: 1807044
	1765  -  MemoryUsage of job (MB)
	1807044  -  ResidentSetSize of job (KB)
...
006 (78851234.034.000) 2026-09-30 20:56:58 Image size of job updated: 1807632
	1766  -  MemoryUsage of job (MB)
	1807632  -  ResidentSetSize of job (KB)
...
006 (78851234.034.000) 2026-09-30 21:01:59 Image size of job updated: 1807648
	1766  -  MemoryUsage of job (MB)
	1807648  -  ResidentSetSize of job (KB)
...
006 (78851234.034.000) 2026-09-30 21:17:01 Image size of job updated: 1807652
	1766  -  MemoryUsage of job (MB)
	1807652  -  ResidentSetSize of job (KB)
...
006 (78851234.034.000) 2026-09-30 21:22:01 Image size of job updated: 1807656
	1766  -  MemoryUsage of job (MB)
	1807656  -  ResidentSetSize of job (KB)
...
006 (78851234.034.000) 2026-09-30 21:27:02 Image size of job updated: 1807660
	1766  -  MemoryUsage of job (MB)
	1807660  -  ResidentSetSize of job (KB)
...
006 (78851234.034.000) 2026-09-30 21:32:02 Image size of job updated: 1807664
	1766  -  MemoryUsage of job (MB)
	1807664  -  ResidentSetSize of job (KB)
...
006 (78851234.034.000) 2026-09-30 21:37:03 Image size of job updated: 1807668
	1766  -  MemoryUsage of job (MB)
	1807668  -  ResidentSetSize of job (KB)
...
006 (78851234.034.000) 2026-09-30 21:47:03 Image size of job updated: 1807688
	1766  -  MemoryUsage of job (MB)
	1807688  -  ResidentSetSize of job (KB)
...
006 (78851234.034.000) 2026-09-30 21:57:04 Image size of job updated: 1807696
	1766  -  MemoryUsage of job (MB)
	1807696  -  ResidentSetSize of job (KB)
...
006 (78851234.034.000) 2026-09-30 22:02:05 Image size of job updated: 1809712
	1768  -  MemoryUsage of job (MB)
	1809712  -  ResidentSetSize of job (KB)
...
006 (78851234.034.000) 2026-09-30 22:12:06 Image size of job updated: 1810472
	1769  -  MemoryUsage of job (MB)
	1810472  -  ResidentSetSize of job (KB)
...
006 (78851234.034.000) 2026-09-30 22:17:07 Image size of job updated: 1810476
	1769  -  MemoryUsage of job (MB)
	1810476  -  ResidentSetSize of job (KB)
...
006 (78851234.034.000) 2026-09-30 22:22:07 Image size of job updated: 1814772
	1772  -  MemoryUsage of job (MB)
	1814088  -  ResidentSetSize of job (KB)
...
006 (78851234.034.000) 2026-09-30 22:27:08 Image size of job updated: 1814772
	1772  -  MemoryUsage of job (MB)
	1814092  -  ResidentSetSize of job (KB)
...
006 (78851234.034.000) 2026-09-30 22:37:08 Image size of job updated: 1814772
	1772  -  MemoryUsage of job (MB)
	1814096  -  ResidentSetSize of job (KB)
...
006 (78851234.034.000) 2026-09-30 22:42:09 Image size of job updated: 1814772
	1772  -  MemoryUsage of job (MB)
	1814104  -  ResidentSetSize of job (KB)
...
006 (78851234.034.000) 2026-09-30 22:47:09 Image size of job updated: 1814772
	1772  -  MemoryUsage of job (MB)
	1814108  -  ResidentSetSize of job (KB)
...
006 (78851234.034.000) 2026-09-30 22:52:10 Image size of job updated: 1814772
	1772  -  MemoryUsage of job (MB)
	1814112  -  ResidentSetSize of job (KB)
...
006 (78851234.034.000) 2026-09-30 22:57:11 Image size of job updated: 1814772
	1772  -  MemoryUsage of job (MB)
	1814120  -  ResidentSetSize of job (KB)
...
006 (78851234.034.000) 2026-09-30 23:12:12 Image size of job updated: 1814772
	1772  -  MemoryUsage of job (MB)
	1814124  -  ResidentSetSize of job (KB)
...
006 (78851234.034.000) 2026-09-30 23:17:13 Image size of job updated: 1816120
	1774  -  MemoryUsage of job (MB)
	1816120  -  ResidentSetSize of job (KB)
...
006 (78851234.034.000) 2026-09-30 23:27:14 Image size of job updated: 1819128
	1777  -  MemoryUsage of job (MB)
	1819128  -  ResidentSetSize of job (KB)
...
006 (78851234.034.000) 2026-09-30 23:42:15 Image size of job updated: 1819136
	1777  -  MemoryUsage of job (MB)
	1819136  -  ResidentSetSize of job (KB)
...
006 (78851234.034.000) 2026-09-30 23:52:16 Image size of job updated: 1819140
	1777  -  MemoryUsage of job (MB)
	1819140  -  ResidentSetSize of job (KB)
...
006 (78851234.034.000) 2026-10-01 00:02:16 Image size of job updated: 1820148
	1778  -  MemoryUsage of job (MB)
	1820148  -  ResidentSetSize of job (KB)
...
006 (78851234.034.000) 2026-10-01 00:07:17 Image size of job updated: 1820152
	1778  -  MemoryUsage of job (MB)
	1820152  -  ResidentSetSize of job (KB)
...
006 (78851234.034.000) 2026-10-01 00:12:17 Image size of job updated: 1821204
	1779  -  MemoryUsage of job (MB)
	1821204  -  ResidentSetSize of job (KB)
...
006 (78851234.034.000) 2026-10-01 00:22:18 Image size of job updated: 1821208
	1779  -  MemoryUsage of job (MB)
	1821208  -  ResidentSetSize of job (KB)
...
006 (78851234.034.000) 2026-10-01 00:37:20 Image size of job updated: 1822080
	1780  -  MemoryUsage of job (MB)
	1822080  -  ResidentSetSize of job (KB)
...
006 (78851234.034.000) 2026-10-01 00:42:21 Image size of job updated: 1822084
	1780  -  MemoryUsage of job (MB)
	1822084  -  ResidentSetSize of job (KB)
...
006 (78851234.034.000) 2026-10-01 00:52:22 Image size of job updated: 1822224
	1780  -  MemoryUsage of job (MB)
	1822224  -  ResidentSetSize of job (KB)
...
006 (78851234.034.000) 2026-10-01 01:17:25 Image size of job updated: 1822228
	1780  -  MemoryUsage of job (MB)
	1822228  -  ResidentSetSize of job (KB)
...
006 (78851234.034.000) 2026-10-01 01:22:26 Image size of job updated: 1822232
	1780  -  MemoryUsage of job (MB)
	1822232  -  ResidentSetSize of job (KB)
...
006 (78851234.034.000) 2026-10-01 01:27:26 Image size of job updated: 1822236
	1780  -  MemoryUsage of job (MB)
	1822236  -  ResidentSetSize of job (KB)
...
006 (78851234.034.000) 2026-10-01 01:37:27 Image size of job updated: 1822240
	1780  -  MemoryUsage of job (MB)
	1822240  -  ResidentSetSize of job (KB)
...
006 (78851234.034.000) 2026-10-01 01:52:29 Image size of job updated: 1822256
	1780  -  MemoryUsage of job (MB)
	1822256  -  ResidentSetSize of job (KB)
...
006 (78851234.034.000) 2026-10-01 01:57:30 Image size of job updated: 1822264
	1780  -  MemoryUsage of job (MB)
	1822264  -  ResidentSetSize of job (KB)
...
006 (78851234.034.000) 2026-10-01 02:02:30 Image size of job updated: 1822268
	1780  -  MemoryUsage of job (MB)
	1822268  -  ResidentSetSize of job (KB)
...
006 (78851234.034.000) 2026-10-01 02:07:31 Image size of job updated: 1822272
	1780  -  MemoryUsage of job (MB)
	1822272  -  ResidentSetSize of job (KB)
...
006 (78851234.034.000) 2026-10-01 02:17:32 Image size of job updated: 1823276
	1781  -  MemoryUsage of job (MB)
	1823276  -  ResidentSetSize of job (KB)
...
006 (78851234.034.000) 2026-10-01 02:37:34 Image size of job updated: 1824284
	1782  -  MemoryUsage of job (MB)
	1824284  -  ResidentSetSize of job (KB)
...
006 (78851234.034.000) 2026-10-01 03:02:37 Image size of job updated: 1824296
	1782  -  MemoryUsage of job (MB)
	1824296  -  ResidentSetSize of job (KB)
...
006 (78851234.034.000) 2026-10-01 03:12:38 Image size of job updated: 1825304
	1783  -  MemoryUsage of job (MB)
	1825304  -  ResidentSetSize of job (KB)
...
006 (78851234.034.000) 2026-10-01 03:52:42 Image size of job updated: 1825312
	1783  -  MemoryUsage of job (MB)
	1825312  -  ResidentSetSize of job (KB)
...
006 (78851234.034.000) 2026-10-01 03:57:43 Image size of job updated: 1826320
	1784  -  MemoryUsage of job (MB)
	1826320  -  ResidentSetSize of job (KB)
...
006 (78851234.034.000) 2026-10-01 04:02:43 Image size of job updated: 1826328
	1784  -  MemoryUsage of job (MB)
	1826328  -  ResidentSetSize of job (KB)
...
006 (78851234.034.000) 2026-10-01 04:27:45 Image size of job updated: 1830424
	1788  -  MemoryUsage of job (MB)
	1830424  -  ResidentSetSize of job (KB)
...
006 (78851234.034.000) 2026-10-01 04:42:47 Image size of job updated: 1831432
	1789  -  MemoryUsage of job (MB)
	1831432  -  ResidentSetSize of job (KB)
...
006 (78851234.034.000) 2026-10-01 05:02:49 Image size of job updated: 1832444
	1789  -  MemoryUsage of job (MB)
	1831436  -  ResidentSetSize of job (KB)
...
006 (78851234.034.000) 2026-10-01 05:12:50 Image size of job updated: 1832444
	1790  -  MemoryUsage of job (MB)
	1832444  -  ResidentSetSize of job (KB)
...
006 (78851234.034.000) 2026-10-01 05:17:51 Image size of job updated: 1832448
	1790  -  MemoryUsage of job (MB)
	1832448  -  ResidentSetSize of job (KB)
...
006 (78851234.034.000) 2026-10-01 05:32:52 Image size of job updated: 1832452
	1790  -  MemoryUsage of job (MB)
	1832452  -  ResidentSetSize of job (KB)
...
006 (78851234.034.000) 2026-10-01 05:42:53 Image size of job updated: 1832456
	1790  -  MemoryUsage of job (MB)
	1832456  -  ResidentSetSize of job (KB)
...
006 (78851234.034.000) 2026-10-01 06:02:55 Image size of job updated: 1833480
	1791  -  MemoryUsage of job (MB)
	1833480  -  ResidentSetSize of job (KB)
...
006 (78851234.034.000) 2026-10-01 06:12:56 Image size of job updated: 1833632
	1791  -  MemoryUsage of job (MB)
	1833632  -  ResidentSetSize of job (KB)
...
006 (78851234.034.000) 2026-10-01 06:22:58 Image size of job updated: 1834504
	1792  -  MemoryUsage of job (MB)
	1834504  -  ResidentSetSize of job (KB)
...
006 (78851234.034.000) 2026-10-01 07:18:04 Image size of job updated: 1834512
	1792  -  MemoryUsage of job (MB)
	1834512  -  ResidentSetSize of job (KB)
...
006 (78851234.034.000) 2026-10-01 07:43:06 Image size of job updated: 1834516
	1792  -  MemoryUsage of job (MB)
	1834516  -  ResidentSetSize of job (KB)
...
006 (78851234.034.000) 2026-10-01 07:48:06 Image size of job updated: 1840388
	1798  -  MemoryUsage of job (MB)
	1840388  -  ResidentSetSize of job (KB)
...
006 (78851234.034.000) 2026-10-01 07:58:07 Image size of job updated: 1841908
	1799  -  MemoryUsage of job (MB)
	1841908  -  ResidentSetSize of job (KB)
...
006 (78851234.034.000) 2026-10-01 08:13:09 Image size of job updated: 1842824
	1800  -  MemoryUsage of job (MB)
	1842824  -  ResidentSetSize of job (KB)
...
006 (78851234.034.000) 2026-10-01 08:38:12 Image size of job updated: 1842828
	1800  -  MemoryUsage of job (MB)
	1842828  -  ResidentSetSize of job (KB)
...
006 (78851234.034.000) 2026-10-01 08:48:12 Image size of job updated: 1842832
	1800  -  MemoryUsage of job (MB)
	1842832  -  ResidentSetSize of job (KB)
...
006 (78851234.034.000) 2026-10-01 08:58:13 Image size of job updated: 1842836
	1800  -  MemoryUsage of job (MB)
	1842836  -  ResidentSetSize of job (KB)
...
006 (78851234.034.000) 2026-10-01 09:13:14 Image size of job updated: 1842872
	1800  -  MemoryUsage of job (MB)
	1842872  -  ResidentSetSize of job (KB)
...
006 (78851234.034.000) 2026-10-01 09:33:16 Image size of job updated: 1843856
	1801  -  MemoryUsage of job (MB)
	1843856  -  ResidentSetSize of job (KB)
...
006 (78851234.034.000) 2026-10-01 09:58:19 Image size of job updated: 1843860
	1801  -  MemoryUsage of job (MB)
	1843860  -  ResidentSetSize of job (KB)
...
006 (78851234.034.000) 2026-10-01 10:13:21 Image size of job updated: 1844884
	1802  -  MemoryUsage of job (MB)
	1844884  -  ResidentSetSize of job (KB)
...
006 (78851234.034.000) 2026-10-01 10:33:22 Image size of job updated: 1844888
	1802  -  MemoryUsage of job (MB)
	1844888  -  ResidentSetSize of job (KB)
...
006 (78851234.034.000) 2026-10-01 11:08:25 Image size of job updated: 1844908
	1802  -  MemoryUsage of job (MB)
	1844908  -  ResidentSetSize of job (KB)
...
006 (78851234.034.000) 2026-10-01 11:23:26 Image size of job updated: 1844912
	1802  -  MemoryUsage of job (MB)
	1844912  -  ResidentSetSize of job (KB)
...
006 (78851234.034.000) 2026-10-01 11:53:30 Image size of job updated: 1844920
	1802  -  MemoryUsage of job (MB)
	1844920  -  ResidentSetSize of job (KB)
...
006 (78851234.034.000) 2026-10-01 12:08:32 Image size of job updated: 1848624
	1806  -  MemoryUsage of job (MB)
	1848624  -  ResidentSetSize of job (KB)
...
006 (78851234.034.000) 2026-10-01 12:33:35 Image size of job updated: 1848628
	1806  -  MemoryUsage of job (MB)
	1848628  -  ResidentSetSize of job (KB)
...
006 (78851234.034.000) 2026-10-01 12:38:35 Image size of job updated: 1848632
	1806  -  MemoryUsage of job (MB)
	1848632  -  ResidentSetSize of job (KB)
...
004 (78851234.034.000) 2026-10-01 12:41:02 Job was evicted. Code 1019 Subcode 0
	(0) CPU times
		Usr 7 15:55:58, Sys 0 00:07:04  -  Run Remote Usage
		Usr 0 00:00:00, Sys 0 00:00:00  -  Run Local Usage
	0  -  Run Bytes Sent By Job
	0  -  Run Bytes Received By Job
	Reason: Preempted for a Priority user
	Partitionable Resources :    Usage  Request Allocated 
	   Cpus                 :     7.45        4         4 
	   Disk (KB)            : 25000       25000     28672 
	   GPUs                 :                           0 
	   Memory (MB)          :  1806        6000      6016 
	   TimeExecute (s)      : 86702                       
	   TimeSlotBusy (s)     : 86703                       
...
001 (78851234.034.000) 2026-10-01 12:45:07 Job executing on host: <10.14.9.142:9618?addrs=10.14.9.142-9618&alias=node2142.cluster.ldas.cit&noUDP&sock=startd_3173197_c907>
	SlotName: slot1_20@node2142.cluster.ldas.cit
	CondorScratchDir = "/var/lib/condor/execute/dir_3573848/scratch"
	Cpus = 4
	Disk = 28672
	GPUs = 0
	Memory = 6016
...
004 (78851234.034.000) 2026-10-02 19:38:38 Job was evicted. Code 1019 Subcode 0
	(0) CPU times
		Usr 12 01:30:55, Sys 0 00:23:22  -  Run Remote Usage
		Usr 0 00:00:00, Sys 0 00:00:00  -  Run Local Usage
	0  -  Run Bytes Sent By Job
	0  -  Run Bytes Received By Job
	Reason: Preempted for a Priority user
	Partitionable Resources :     Usage  Request Allocated 
	   Cpus                 :     14.91        4         4 
	   Disk (KB)            :  25000       25000     28672 
	   GPUs                 :                            0 
	   Memory (MB)          :   1954        6000      6016 
	   TimeExecute (s)      : 111211                       
	   TimeSlotBusy (s)     : 111212                       
...
001 (78851234.034.000) 2026-10-02 19:39:16 Job executing on host: <10.14.9.124:9618?addrs=10.14.9.124-9618&alias=node2124.cluster.ldas.cit&noUDP&sock=startd_1512621_c522>
	SlotName: slot1_7@node2124.cluster.ldas.cit
	CondorScratchDir = "/var/lib/condor/execute/dir_2340170/scratch"
	Cpus = 4
	Disk = 28672
	GPUs = 0
	Memory = 6016
...
006 (78851234.034.000) 2026-10-03 10:40:55 Image size of job updated: 2000132
	1954  -  MemoryUsage of job (MB)
	2000000  -  ResidentSetSize of job (KB)
...
006 (78851234.034.000) 2026-10-03 12:26:06 Image size of job updated: 2017780
	1954  -  MemoryUsage of job (MB)
	2000000  -  ResidentSetSize of job (KB)
...
005 (78851234.034.000) 2026-10-03 12:50:22 Job terminated.
	(1) Normal termination (return value 0)
		Usr 8 04:43:58, Sys 0 00:09:53  -  Run Remote Usage
		Usr 0 00:00:00, Sys 0 00:00:00  -  Run Local Usage
		Usr 27 22:10:51, Sys 0 00:40:19  -  Total Remote Usage
		Usr 0 00:00:00, Sys 0 00:00:00  -  Total Local Usage
	0  -  Run Bytes Sent By Job
	0  -  Run Bytes Received By Job
	0  -  Total Bytes Sent By Job
	0  -  Total Bytes Received By Job
	Partitionable Resources :    Usage  Request Allocated 
	   Cpus                 :     6.87        4         4 
	   Disk (KB)            : 25000       25000     28672 
	   GPUs                 :                           0 
	   Memory (MB)          :  1954        6000      6016 
	   TimeExecute (s)      : 61865                       
	   TimeSlotBusy (s)     : 61865                       
...
000 (78854872.034.000) 2026-10-03 17:21:23 Job submitted from host: <10.14.0.121:9618?addrs=10.14.0.121-9618&alias=ldas-pcdev12.ligo.caltech.edu&noUDP&sock=schedd_623140_c9b4>
...
001 (78854872.034.000) 2026-10-03 17:22:10 Job executing on host: <10.14.6.167:9618?addrs=10.14.6.167-9618&alias=node1417.cluster.ldas.cit&noUDP&sock=startd_34583_a3d6>
	SlotName: slot1_3@node1417.cluster.ldas.cit
	CondorScratchDir = "/var/lib/condor/execute/dir_763305/scratch"
	Cpus = 4
	Disk = 28672
	GPUs = 0
	Memory = 6016
...
006 (78854872.034.000) 2026-10-03 17:22:19 Image size of job updated: 134824
	132  -  MemoryUsage of job (MB)
	134824  -  ResidentSetSize of job (KB)
...
006 (78854872.034.000) 2026-10-03 17:22:38 Image size of job updated: 509444
	132  -  MemoryUsage of job (MB)
	134852  -  ResidentSetSize of job (KB)
...
005 (78854872.034.000) 2026-10-03 17:22:38 Job terminated.
	(1) Normal termination (return value 0)
		Usr 0 00:00:18, Sys 0 00:00:01  -  Run Remote Usage
		Usr 0 00:00:00, Sys 0 00:00:00  -  Run Local Usage
		Usr 0 00:00:18, Sys 0 00:00:01  -  Total Remote Usage
		Usr 0 00:00:00, Sys 0 00:00:00  -  Total Local Usage
	0  -  Run Bytes Sent By Job
	0  -  Run Bytes Received By Job
	0  -  Total Bytes Sent By Job
	0  -  Total Bytes Received By Job
	Partitionable Resources :    Usage  Request Allocated 
	   Cpus                 :        0        4         4 
	   Disk (KB)            :    25000    25000     28672 
	   GPUs                 :                           0 
	   Memory (MB)          :      132     6000      6016 
	   TimeExecute (s)      :       28                    
	   TimeSlotBusy (s)     :       28                    
...
000 (78854906.034.000) 2026-10-03 21:36:50 Job submitted from host: <10.14.0.121:9618?addrs=10.14.0.121-9618&alias=ldas-pcdev12.ligo.caltech.edu&noUDP&sock=schedd_623140_c9b4>
...
001 (78854906.034.000) 2026-10-03 21:38:42 Job executing on host: <10.14.6.141:9618?addrs=10.14.6.141-9618&alias=node1391.cluster.ldas.cit&noUDP&sock=startd_33586_c7e9>
	SlotName: slot1_2@node1391.cluster.ldas.cit
	CondorScratchDir = "/var/lib/condor/execute/dir_672956/scratch"
	Cpus = 4
	Disk = 28672
	GPUs = 0
	Memory = 6016
...
006 (78854906.034.000) 2026-10-03 21:38:50 Image size of job updated: 178420
	175  -  MemoryUsage of job (MB)
	178420  -  ResidentSetSize of job (KB)
...
006 (78854906.034.000) 2026-10-03 21:39:03 Image size of job updated: 509552
	175  -  MemoryUsage of job (MB)
	178420  -  ResidentSetSize of job (KB)
...
005 (78854906.034.000) 2026-10-03 21:39:04 Job terminated.
	(1) Normal termination (return value 0)
		Usr 0 00:00:13, Sys 0 00:00:00  -  Run Remote Usage
		Usr 0 00:00:00, Sys 0 00:00:00  -  Run Local Usage
		Usr 0 00:00:13, Sys 0 00:00:00  -  Total Remote Usage
		Usr 0 00:00:00, Sys 0 00:00:00  -  Total Local Usage
	0  -  Run Bytes Sent By Job
	0  -  Run Bytes Received By Job
	0  -  Total Bytes Sent By Job
	0  -  Total Bytes Received By Job
	Partitionable Resources :    Usage  Request Allocated 
	   Cpus                 :        0        4         4 
	   Disk (KB)            :    25000    25000     28672 
	   GPUs                 :                           0 
	   Memory (MB)          :      175     6000      6016 
	   TimeExecute (s)      :       21                    
	   TimeSlotBusy (s)     :       22                    
...
000 (78855135.034.000) 2026-10-04 13:44:55 Job submitted from host: <10.14.0.121:9618?addrs=10.14.0.121-9618&alias=ldas-pcdev12.ligo.caltech.edu&noUDP&sock=schedd_623140_c9b4>
...
001 (78855135.034.000) 2026-10-04 13:49:18 Job executing on host: <10.14.5.87:9618?addrs=10.14.5.87-9618&alias=node1087.cluster.ldas.cit&noUDP&sock=startd_87929_8f11>
	SlotName: slot1_3@node1087.cluster.ldas.cit
	CondorScratchDir = "/var/lib/condor/execute/dir_748391/scratch"
	Cpus = 4
	Disk = 28672
	GPUs = 0
	Memory = 6016
...
006 (78855135.034.000) 2026-10-04 13:49:26 Image size of job updated: 113324
	111  -  MemoryUsage of job (MB)
	113324  -  ResidentSetSize of job (KB)
...
006 (78855135.034.000) 2026-10-04 13:49:44 Image size of job updated: 509424
	111  -  MemoryUsage of job (MB)
	113328  -  ResidentSetSize of job (KB)
...
005 (78855135.034.000) 2026-10-04 13:49:44 Job terminated.
	(1) Normal termination (return value 0)
		Usr 0 00:00:12, Sys 0 00:00:00  -  Run Remote Usage
		Usr 0 00:00:00, Sys 0 00:00:00  -  Run Local Usage
		Usr 0 00:00:12, Sys 0 00:00:00  -  Total Remote Usage
		Usr 0 00:00:00, Sys 0 00:00:00  -  Total Local Usage
	0  -  Run Bytes Sent By Job
	0  -  Run Bytes Received By Job
	0  -  Total Bytes Sent By Job
	0  -  Total Bytes Received By Job
	Partitionable Resources :    Usage  Request Allocated 
	   Cpus                 :                 4         4 
	   Disk (KB)            :    25000    25000     28672 
	   GPUs                 :                           0 
	   Memory (MB)          :      111     6000      6016 
	   TimeExecute (s)      :       26                    
	   TimeSlotBusy (s)     :       27                    
...
