000 (78851234.036.000) 2026-09-30 12:35:31 Job submitted from host: <10.14.0.121:9618?addrs=10.14.0.121-9618&alias=ldas-pcdev12.ligo.caltech.edu&noUDP&sock=schedd_623140_c9b4>
...
001 (78851234.036.000) 2026-09-30 12:35:59 Job executing on host: <10.14.9.64:9618?addrs=10.14.9.64-9618&alias=node2064.cluster.ldas.cit&noUDP&sock=startd_1973624_7bc4>
	SlotName: slot1_3@node2064.cluster.ldas.cit
	CondorScratchDir = "/var/lib/condor/execute/dir_2175192/scratch"
	Cpus = 4
	Disk = 28672
	GPUs = 0
	Memory = 6016
...
006 (78851234.036.000) 2026-09-30 12:36:07 Image size of job updated: 176636
	173  -  MemoryUsage of job (MB)
	176636  -  ResidentSetSize of job (KB)
...
006 (78851234.036.000) 2026-09-30 12:41:07 Image size of job updated: 376692
	368  -  MemoryUsage of job (MB)
	376692  -  ResidentSetSize of job (KB)
...
006 (78851234.036.000) 2026-09-30 12:46:08 Image size of job updated: 377948
	370  -  MemoryUsage of job (MB)
	377948  -  ResidentSetSize of job (KB)
...
006 (78851234.036.000) 2026-09-30 12:51:09 Image size of job updated: 483908
	473  -  MemoryUsage of job (MB)
	483908  -  ResidentSetSize of job (KB)
...
006 (78851234.036.000) 2026-09-30 12:56:09 Image size of job updated: 484344
	473  -  MemoryUsage of job (MB)
	484344  -  ResidentSetSize of job (KB)
...
006 (78851234.036.000) 2026-09-30 13:01:10 Image size of job updated: 518812
	507  -  MemoryUsage of job (MB)
	518812  -  ResidentSetSize of job (KB)
...
006 (78851234.036.000) 2026-09-30 13:06:10 Image size of job updated: 519284
	508  -  MemoryUsage of job (MB)
	519284  -  ResidentSetSize of job (KB)
...
006 (78851234.036.000) 2026-09-30 13:11:10 Image size of job updated: 529460
	518  -  MemoryUsage of job (MB)
	529460  -  ResidentSetSize of job (KB)
...
006 (78851234.036.000) 2026-09-30 13:16:11 Image size of job updated: 529804
	518  -  MemoryUsage of job (MB)
	529804  -  ResidentSetSize of job (KB)
...
006 (78851234.036.000) 2026-09-30 13:21:11 Image size of job updated: 530840
	519  -  MemoryUsage of job (MB)
	530840  -  ResidentSetSize of job (KB)
...
006 (78851234.036.000) 2026-09-30 13:26:11 Image size of job updated: 531208
	519  -  MemoryUsage of job (MB)
	531208  -  ResidentSetSize of job (KB)
...
006 (78851234.036.000) 2026-09-30 13:31:12 Image size of job updated: 535472
	523  -  MemoryUsage of job (MB)
	535196  -  ResidentSetSize of job (KB)
...
006 (78851234.036.000) 2026-09-30 13:36:12 Image size of job updated: 535472
	523  -  MemoryUsage of job (MB)
	535316  -  ResidentSetSize of job (KB)
...
006 (78851234.036.000) 2026-09-30 13:41:13 Image size of job updated: 535472
	523  -  MemoryUsage of job (MB)
	535384  -  ResidentSetSize of job (KB)
...
006 (78851234.036.000) 2026-09-30 13:46:14 Image size of job updated: 535760
	524  -  MemoryUsage of job (MB)
	535760  -  ResidentSetSize of job (KB)
...
006 (78851234.036.000) 2026-09-30 13:51:14 Image size of job updated: 536864
	525  -  MemoryUsage of job (MB)
	536864  -  ResidentSetSize of job (KB)
...
006 (78851234.036.000) 2026-09-30 13:56:15 Image size of job updated: 536924
	525  -  MemoryUsage of job (MB)
	536924  -  ResidentSetSize of job (KB)
...
006 (78851234.036.000) 2026-09-30 14:01:15 Image size of job updated: 544116
	532  -  MemoryUsage of job (MB)
	544116  -  ResidentSetSize of job (KB)
...
006 (78851234.036.000) 2026-09-30 14:06:15 Image size of job updated: 544172
	532  -  MemoryUsage of job (MB)
	544172  -  ResidentSetSize of job (KB)
...
006 (78851234.036.000) 2026-09-30 14:11:16 Image size of job updated: 552456
	540  -  MemoryUsage of job (MB)
	552456  -  ResidentSetSize of job (KB)
...
006 (78851234.036.000) 2026-09-30 14:16:16 Image size of job updated: 568360
	556  -  MemoryUsage of job (MB)
	568360  -  ResidentSetSize of job (KB)
...
006 (78851234.036.000) 2026-09-30 14:21:16 Image size of job updated: 577096
	564  -  MemoryUsage of job (MB)
	577096  -  ResidentSetSize of job (KB)
...
006 (78851234.036.000) 2026-09-30 14:26:17 Image size of job updated: 584900
	572  -  MemoryUsage of job (MB)
	584900  -  ResidentSetSize of job (KB)
...
006 (78851234.036.000) 2026-09-30 14:31:17 Image size of job updated: 595040
	582  -  MemoryUsage of job (MB)
	595040  -  ResidentSetSize of job (KB)
...
006 (78851234.036.000) 2026-09-30 14:36:18 Image size of job updated: 596584
	583  -  MemoryUsage of job (MB)
	596584  -  ResidentSetSize of job (KB)
...
006 (78851234.036.000) 2026-09-30 14:41:19 Image size of job updated: 602428
	587  -  MemoryUsage of job (MB)
	600988  -  ResidentSetSize of job (KB)
...
006 (78851234.036.000) 2026-09-30 14:46:19 Image size of job updated: 602428
	588  -  MemoryUsage of job (MB)
	601288  -  ResidentSetSize of job (KB)
...
006 (78851234.036.000) 2026-09-30 14:51:20 Image size of job updated: 602428
	588  -  MemoryUsage of job (MB)
	601552  -  ResidentSetSize of job (KB)
...
006 (78851234.036.000) 2026-09-30 14:56:21 Image size of job updated: 602428
	588  -  MemoryUsage of job (MB)
	601560  -  ResidentSetSize of job (KB)
...
006 (78851234.036.000) 2026-09-30 15:01:21 Image size of job updated: 602428
	588  -  MemoryUsage of job (MB)
	601604  -  ResidentSetSize of job (KB)
...
006 (78851234.036.000) 2026-09-30 15:06:22 Image size of job updated: 602428
	588  -  MemoryUsage of job (MB)
	601616  -  ResidentSetSize of job (KB)
...
006 (78851234.036.000) 2026-09-30 15:11:22 Image size of job updated: 602428
	588  -  MemoryUsage of job (MB)
	601632  -  ResidentSetSize of job (KB)
...
006 (78851234.036.000) 2026-09-30 15:16:22 Image size of job updated: 602428
	588  -  MemoryUsage of job (MB)
	601636  -  ResidentSetSize of job (KB)
...
006 (78851234.036.000) 2026-09-30 15:21:23 Image size of job updated: 602428
	588  -  MemoryUsage of job (MB)
	601672  -  ResidentSetSize of job (KB)
...
006 (78851234.036.000) 2026-09-30 15:26:23 Image size of job updated: 602428
	588  -  MemoryUsage of job (MB)
	601964  -  ResidentSetSize of job (KB)
...
006 (78851234.036.000) 2026-09-30 15:31:24 Image size of job updated: 602428
	588  -  MemoryUsage of job (MB)
	602028  -  ResidentSetSize of job (KB)
...
006 (78851234.036.000) 2026-09-30 15:36:25 Image size of job updated: 604104
	590  -  MemoryUsage of job (MB)
	604104  -  ResidentSetSize of job (KB)
...
006 (78851234.036.000) 2026-09-30 15:41:25 Image size of job updated: 604180
	591  -  MemoryUsage of job (MB)
	604180  -  ResidentSetSize of job (KB)
...
006 (78851234.036.000) 2026-09-30 15:46:26 Image size of job updated: 607240
	592  -  MemoryUsage of job (MB)
	605192  -  ResidentSetSize of job (KB)
...
006 (78851234.036.000) 2026-09-30 15:51:27 Image size of job updated: 607240
	592  -  MemoryUsage of job (MB)
	605196  -  ResidentSetSize of job (KB)
...
006 (78851234.036.000) 2026-09-30 15:56:27 Image size of job updated: 607240
	592  -  MemoryUsage of job (MB)
	605748  -  ResidentSetSize of job (KB)
...
006 (78851234.036.000) 2026-09-30 16:06:28 Image size of job updated: 608744
	595  -  MemoryUsage of job (MB)
	608744  -  ResidentSetSize of job (KB)
...
006 (78851234.036.000) 2026-09-30 16:11:28 Image size of job updated: 608752
	595  -  MemoryUsage of job (MB)
	608752  -  ResidentSetSize of job (KB)
...
006 (78851234.036.000) 2026-09-30 16:16:29 Image size of job updated: 608764
	595  -  MemoryUsage of job (MB)
	608764  -  ResidentSetSize of job (KB)
...
006 (78851234.036.000) 2026-09-30 16:21:29 Image size of job updated: 610284
	596  -  MemoryUsage of job (MB)
	610284  -  ResidentSetSize of job (KB)
...
006 (78851234.036.000) 2026-09-30 16:26:29 Image size of job updated: 610292
	596  -  MemoryUsage of job (MB)
	610292  -  ResidentSetSize of job (KB)
...
006 (78851234.036.000) 2026-09-30 16:31:30 Image size of job updated: 611208
	597  -  MemoryUsage of job (MB)
	611208  -  ResidentSetSize of job (KB)
...
006 (78851234.036.000) 2026-09-30 16:36:30 Image size of job updated: 611260
	597  -  MemoryUsage of job (MB)
	611260  -  ResidentSetSize of job (KB)
...
006 (78851234.036.000) 2026-09-30 16:41:31 Image size of job updated: 613656
	600  -  MemoryUsage of job (MB)
	613656  -  ResidentSetSize of job (KB)
...
006 (78851234.036.000) 2026-09-30 16:46:32 Image size of job updated: 613824
	600  -  MemoryUsage of job (MB)
	613824  -  ResidentSetSize of job (KB)
...
006 (78851234.036.000) 2026-09-30 16:51:32 Image size of job updated: 615840
	601  -  MemoryUsage of job (MB)
	614832  -  ResidentSetSize of job (KB)
...
006 (78851234.036.000) 2026-09-30 16:56:33 Image size of job updated: 615840
	601  -  MemoryUsage of job (MB)
	614872  -  ResidentSetSize of job (KB)
...
006 (78851234.036.000) 2026-09-30 17:01:34 Image size of job updated: 615840
	601  -  MemoryUsage of job (MB)
	615252  -  ResidentSetSize of job (KB)
...
006 (78851234.036.000) 2026-09-30 17:06:34 Image size of job updated: 615840
	601  -  MemoryUsage of job (MB)
	615284  -  ResidentSetSize of job (KB)
...
006 (78851234.036.000) 2026-09-30 17:11:35 Image size of job updated: 616464
	603  -  MemoryUsage of job (MB)
	616464  -  ResidentSetSize of job (KB)
...
006 (78851234.036.000) 2026-09-30 17:16:35 Image size of job updated: 616492
	603  -  MemoryUsage of job (MB)
	616492  -  ResidentSetSize of job (KB)
...
006 (78851234.036.000) 2026-09-30 17:21:35 Image size of job updated: 616540
	603  -  MemoryUsage of job (MB)
	616540  -  ResidentSetSize of job (KB)
...
006 (78851234.036.000) 2026-09-30 17:26:36 Image size of job updated: 616956
	603  -  MemoryUsage of job (MB)
	616956  -  ResidentSetSize of job (KB)
...
006 (78851234.036.000) 2026-09-30 17:31:36 Image size of job updated: 616960
	603  -  MemoryUsage of job (MB)
	616960  -  ResidentSetSize of job (KB)
...
006 (78851234.036.000) 2026-09-30 17:36:36 Image size of job updated: 616972
	603  -  MemoryUsage of job (MB)
	616972  -  ResidentSetSize of job (KB)
...
006 (78851234.036.000) 2026-09-30 17:41:37 Image size of job updated: 620652
	607  -  MemoryUsage of job (MB)
	620652  -  ResidentSetSize of job (KB)
...
006 (78851234.036.000) 2026-09-30 17:46:37 Image size of job updated: 621028
	607  -  MemoryUsage of job (MB)
	621028  -  ResidentSetSize of job (KB)
...
006 (78851234.036.000) 2026-09-30 17:51:38 Image size of job updated: 621032
	607  -  MemoryUsage of job (MB)
	621032  -  ResidentSetSize of job (KB)
...
006 (78851234.036.000) 2026-09-30 18:06:40 Image size of job updated: 623052
	609  -  MemoryUsage of job (MB)
	623052  -  ResidentSetSize of job (KB)
...
006 (78851234.036.000) 2026-09-30 18:11:41 Image size of job updated: 623060
	609  -  MemoryUsage of job (MB)
	623060  -  ResidentSetSize of job (KB)
...
006 (78851234.036.000) 2026-09-30 18:16:41 Image size of job updated: 623068
	609  -  MemoryUsage of job (MB)
	623068  -  ResidentSetSize of job (KB)
...
006 (78851234.036.000) 2026-09-30 18:26:42 Image size of job updated: 624076
	610  -  MemoryUsage of job (MB)
	624076  -  ResidentSetSize of job (KB)
...
006 (78851234.036.000) 2026-09-30 18:31:42 Image size of job updated: 624080
	610  -  MemoryUsage of job (MB)
	624080  -  ResidentSetSize of job (KB)
...
006 (78851234.036.000) 2026-09-30 18:36:43 Image size of job updated: 625784
	612  -  MemoryUsage of job (MB)
	625784  -  ResidentSetSize of job (KB)
...
006 (78851234.036.000) 2026-09-30 18:41:43 Image size of job updated: 625792
	612  -  MemoryUsage of job (MB)
	625792  -  ResidentSetSize of job (KB)
...
006 (78851234.036.000) 2026-09-30 18:46:43 Image size of job updated: 628868
	615  -  MemoryUsage of job (MB)
	628868  -  ResidentSetSize of job (KB)
...
006 (78851234.036.000) 2026-09-30 18:56:44 Image size of job updated: 628872
	615  -  MemoryUsage of job (MB)
	628872  -  ResidentSetSize of job (KB)
...
006 (78851234.036.000) 2026-09-30 19:01:45 Image size of job updated: 629116
	615  -  MemoryUsage of job (MB)
	629116  -  ResidentSetSize of job (KB)
...
006 (78851234.036.000) 2026-09-30 19:06:46 Image size of job updated: 629120
	615  -  MemoryUsage of job (MB)
	629120  -  ResidentSetSize of job (KB)
...
006 (78851234.036.000) 2026-09-30 19:21:48 Image size of job updated: 629124
	615  -  MemoryUsage of job (MB)
	629124  -  ResidentSetSize of job (KB)
...
006 (78851234.036.000) 2026-09-30 19:31:49 Image size of job updated: 631140
	617  -  MemoryUsage of job (MB)
	631140  -  ResidentSetSize of job (KB)
...
006 (78851234.036.000) 2026-09-30 19:36:49 Image size of job updated: 631148
	617  -  MemoryUsage of job (MB)
	631148  -  ResidentSetSize of job (KB)
...
006 (78851234.036.000) 2026-09-30 19:41:49 Image size of job updated: 632156
	618  -  MemoryUsage of job (MB)
	632156  -  ResidentSetSize of job (KB)
...
006 (78851234.036.000) 2026-09-30 19:46:50 Image size of job updated: 632160
	618  -  MemoryUsage of job (MB)
	632160  -  ResidentSetSize of job (KB)
...
006 (78851234.036.000) 2026-09-30 19:51:50 Image size of job updated: 633176
	619  -  MemoryUsage of job (MB)
	633176  -  ResidentSetSize of job (KB)
...
006 (78851234.036.000) 2026-09-30 19:56:51 Image size of job updated: 633184
	619  -  MemoryUsage of job (MB)
	633184  -  ResidentSetSize of job (KB)
...
006 (78851234.036.000) 2026-09-30 20:01:52 Image size of job updated: 633204
	619  -  MemoryUsage of job (MB)
	633204  -  ResidentSetSize of job (KB)
...
006 (78851234.036.000) 2026-09-30 20:06:52 Image size of job updated: 633208
	619  -  MemoryUsage of job (MB)
	633208  -  ResidentSetSize of job (KB)
...
006 (78851234.036.000) 2026-09-30 20:11:53 Image size of job updated: 633224
	619  -  MemoryUsage of job (MB)
	633208  -  ResidentSetSize of job (KB)
...
006 (78851234.036.000) 2026-09-30 20:21:54 Image size of job updated: 635224
	621  -  MemoryUsage of job (MB)
	635224  -  ResidentSetSize of job (KB)
...
006 (78851234.036.000) 2026-09-30 20:36:55 Image size of job updated: 635244
	621  -  MemoryUsage of job (MB)
	635244  -  ResidentSetSize of job (KB)
...
006 (78851234.036.000) 2026-09-30 20:46:56 Image size of job updated: 635248
	621  -  MemoryUsage of job (MB)
	635248  -  ResidentSetSize of job (KB)
...
006 (78851234.036.000) 2026-09-30 20:51:56 Image size of job updated: 635260
	621  -  MemoryUsage of job (MB)
	635260  -  ResidentSetSize of job (KB)
...
006 (78851234.036.000) 2026-09-30 20:56:57 Image size of job updated: 640008
	626  -  MemoryUsage of job (MB)
	640008  -  ResidentSetSize of job (KB)
...
006 (78851234.036.000) 2026-09-30 21:01:57 Image size of job updated: 640400
	626  -  MemoryUsage of job (MB)
	640400  -  ResidentSetSize of job (KB)
...
006 (78851234.036.000) 2026-09-30 21:06:57 Image size of job updated: 642420
	628  -  MemoryUsage of job (MB)
	642420  -  ResidentSetSize of job (KB)
...
006 (78851234.036.000) 2026-09-30 21:16:58 Image size of job updated: 644192
	630  -  MemoryUsage of job (MB)
	644192  -  ResidentSetSize of job (KB)
...
006 (78851234.036.000) 2026-09-30 21:27:00 Image size of job updated: 645200
	631  -  MemoryUsage of job (MB)
	645200  -  ResidentSetSize of job (KB)
...
006 (78851234.036.000) 2026-09-30 21:37:01 Image size of job updated: 645204
	631  -  MemoryUsage of job (MB)
	645204  -  ResidentSetSize of job (KB)
...
006 (78851234.036.000) 2026-09-30 21:42:02 Image size of job updated: 645216
	631  -  MemoryUsage of job (MB)
	645216  -  ResidentSetSize of job (KB)
...
006 (78851234.036.000) 2026-09-30 21:47:02 Image size of job updated: 645228
	631  -  MemoryUsage of job (MB)
	645228  -  ResidentSetSize of job (KB)
...
006 (78851234.036.000) 2026-09-30 21:52:03 Image size of job updated: 647656
	633  -  MemoryUsage of job (MB)
	647656  -  ResidentSetSize of job (KB)
...
006 (78851234.036.000) 2026-09-30 22:02:03 Image size of job updated: 647664
	633  -  MemoryUsage of job (MB)
	647664  -  ResidentSetSize of job (KB)
...
006 (78851234.036.000) 2026-09-30 22:07:04 Image size of job updated: 647672
	633  -  MemoryUsage of job (MB)
	647672  -  ResidentSetSize of job (KB)
...
006 (78851234.036.000) 2026-09-30 22:12:04 Image size of job updated: 648684
	634  -  MemoryUsage of job (MB)
	648684  -  ResidentSetSize of job (KB)
...
006 (78851234.036.000) 2026-09-30 22:17:05 Image size of job updated: 648700
	634  -  MemoryUsage of job (MB)
	648700  -  ResidentSetSize of job (KB)
...
006 (78851234.036.000) 2026-09-30 22:22:06 Image size of job updated: 648712
	634  -  MemoryUsage of job (MB)
	648712  -  ResidentSetSize of job (KB)
...
006 (78851234.036.000) 2026-09-30 22:32:07 Image size of job updated: 659344
	644  -  MemoryUsage of job (MB)
	659344  -  ResidentSetSize of job (KB)
...
006 (78851234.036.000) 2026-09-30 22:37:08 Image size of job updated: 659348
	644  -  MemoryUsage of job (MB)
	659348  -  ResidentSetSize of job (KB)
...
006 (78851234.036.000) 2026-09-30 22:42:08 Image size of job updated: 659364
	644  -  MemoryUsage of job (MB)
	659364  -  ResidentSetSize of job (KB)
...
006 (78851234.036.000) 2026-09-30 22:47:09 Image size of job updated: 659368
	644  -  MemoryUsage of job (MB)
	659368  -  ResidentSetSize of job (KB)
...
006 (78851234.036.000) 2026-09-30 22:52:09 Image size of job updated: 660376
	645  -  MemoryUsage of job (MB)
	660376  -  ResidentSetSize of job (KB)
...
006 (78851234.036.000) 2026-09-30 23:07:10 Image size of job updated: 662428
	647  -  MemoryUsage of job (MB)
	662428  -  ResidentSetSize of job (KB)
...
006 (78851234.036.000) 2026-09-30 23:17:11 Image size of job updated: 663456
	648  -  MemoryUsage of job (MB)
	663456  -  ResidentSetSize of job (KB)
...
006 (78851234.036.000) 2026-09-30 23:22:11 Image size of job updated: 663460
	648  -  MemoryUsage of job (MB)
	663460  -  ResidentSetSize of job (KB)
...
006 (78851234.036.000) 2026-09-30 23:32:12 Image size of job updated: 663484
	648  -  MemoryUsage of job (MB)
	663484  -  ResidentSetSize of job (KB)
...
006 (78851234.036.000) 2026-09-30 23:37:12 Image size of job updated: 676620
	661  -  MemoryUsage of job (MB)
	676620  -  ResidentSetSize of job (KB)
...
006 (78851234.036.000) 2026-09-30 23:42:13 Image size of job updated: 676624
	661  -  MemoryUsage of job (MB)
	676624  -  ResidentSetSize of job (KB)
...
006 (78851234.036.000) 2026-09-30 23:47:14 Image size of job updated: 678672
	662  -  MemoryUsage of job (MB)
	677664  -  ResidentSetSize of job (KB)
...
006 (78851234.036.000) 2026-09-30 23:52:14 Image size of job updated: 678672
	662  -  MemoryUsage of job (MB)
	677684  -  ResidentSetSize of job (KB)
...
006 (78851234.036.000) 2026-09-30 23:57:15 Image size of job updated: 678672
	662  -  MemoryUsage of job (MB)
	677688  -  ResidentSetSize of job (KB)
...
006 (78851234.036.000) 2026-10-01 00:07:16 Image size of job updated: 680744
	665  -  MemoryUsage of job (MB)
	680744  -  ResidentSetSize of job (KB)
...
006 (78851234.036.000) 2026-10-01 00:12:17 Image size of job updated: 680748
	665  -  MemoryUsage of job (MB)
	680748  -  ResidentSetSize of job (KB)
...
006 (78851234.036.000) 2026-10-01 00:17:17 Image size of job updated: 680752
	665  -  MemoryUsage of job (MB)
	680752  -  ResidentSetSize of job (KB)
...
006 (78851234.036.000) 2026-10-01 00:22:17 Image size of job updated: 680992
	666  -  MemoryUsage of job (MB)
	680992  -  ResidentSetSize of job (KB)
...
006 (78851234.036.000) 2026-10-01 00:27:18 Image size of job updated: 680996
	666  -  MemoryUsage of job (MB)
	680996  -  ResidentSetSize of job (KB)
...
006 (78851234.036.000) 2026-10-01 00:32:18 Image size of job updated: 681000
	666  -  MemoryUsage of job (MB)
	681000  -  ResidentSetSize of job (KB)
...
006 (78851234.036.000) 2026-10-01 00:42:19 Image size of job updated: 681256
	666  -  MemoryUsage of job (MB)
	681256  -  ResidentSetSize of job (KB)
...
006 (78851234.036.000) 2026-10-01 00:52:20 Image size of job updated: 682284
	667  -  MemoryUsage of job (MB)
	682284  -  ResidentSetSize of job (KB)
...
006 (78851234.036.000) 2026-10-01 01:02:21 Image size of job updated: 683308
	668  -  MemoryUsage of job (MB)
	683308  -  ResidentSetSize of job (KB)
...
006 (78851234.036.000) 2026-10-01 01:07:22 Image size of job updated: 683316
	668  -  MemoryUsage of job (MB)
	683316  -  ResidentSetSize of job (KB)
...
006 (78851234.036.000) 2026-10-01 01:12:23 Image size of job updated: 683364
	668  -  MemoryUsage of job (MB)
	683364  -  ResidentSetSize of job (KB)
...
006 (78851234.036.000) 2026-10-01 01:17:23 Image size of job updated: 683368
	668  -  MemoryUsage of job (MB)
	683368  -  ResidentSetSize of job (KB)
...
006 (78851234.036.000) 2026-10-01 01:22:24 Image size of job updated: 684348
	669  -  MemoryUsage of job (MB)
	684348  -  ResidentSetSize of job (KB)
...
006 (78851234.036.000) 2026-10-01 01:32:24 Image size of job updated: 685372
	670  -  MemoryUsage of job (MB)
	685372  -  ResidentSetSize of job (KB)
...
006 (78851234.036.000) 2026-10-01 01:37:25 Image size of job updated: 685380
	670  -  MemoryUsage of job (MB)
	685380  -  ResidentSetSize of job (KB)
...
006 (78851234.036.000) 2026-10-01 01:42:25 Image size of job updated: 686412
	671  -  MemoryUsage of job (MB)
	686412  -  ResidentSetSize of job (KB)
...
006 (78851234.036.000) 2026-10-01 01:52:26 Image size of job updated: 693436
	678  -  MemoryUsage of job (MB)
	693436  -  ResidentSetSize of job (KB)
...
006 (78851234.036.000) 2026-10-01 01:57:26 Image size of job updated: 693440
	678  -  MemoryUsage of job (MB)
	693440  -  ResidentSetSize of job (KB)
...
006 (78851234.036.000) 2026-10-01 02:07:28 Image size of job updated: 694472
	679  -  MemoryUsage of job (MB)
	694472  -  ResidentSetSize of job (KB)
...
006 (78851234.036.000) 2026-10-01 02:17:29 Image size of job updated: 695496
	680  -  MemoryUsage of job (MB)
	695496  -  ResidentSetSize of job (KB)
...
006 (78851234.036.000) 2026-10-01 02:37:31 Image size of job updated: 696520
	681  -  MemoryUsage of job (MB)
	696520  -  ResidentSetSize of job (KB)
...
006 (78851234.036.000) 2026-10-01 02:42:31 Image size of job updated: 696524
	681  -  MemoryUsage of job (MB)
	696524  -  ResidentSetSize of job (KB)
...
006 (78851234.036.000) 2026-10-01 02:47:32 Image size of job updated: 697548
	682  -  MemoryUsage of job (MB)
	697548  -  ResidentSetSize of job (KB)
...
006 (78851234.036.000) 2026-10-01 02:52:32 Image size of job updated: 697556
	682  -  MemoryUsage of job (MB)
	697556  -  ResidentSetSize of job (KB)
...
006 (78851234.036.000) 2026-10-01 02:57:33 Image size of job updated: 698584
	683  -  MemoryUsage of job (MB)
	698584  -  ResidentSetSize of job (KB)
...
006 (78851234.036.000) 2026-10-01 03:12:35 Image size of job updated: 699608
	684  -  MemoryUsage of job (MB)
	699608  -  ResidentSetSize of job (KB)
...
006 (78851234.036.000) 2026-10-01 03:22:36 Image size of job updated: 700636
	685  -  MemoryUsage of job (MB)
	700636  -  ResidentSetSize of job (KB)
...
006 (78851234.036.000) 2026-10-01 03:27:37 Image size of job updated: 700644
	685  -  MemoryUsage of job (MB)
	700644  -  ResidentSetSize of job (KB)
...
006 (78851234.036.000) 2026-10-01 03:32:37 Image size of job updated: 709760
	694  -  MemoryUsage of job (MB)
	709760  -  ResidentSetSize of job (KB)
...
006 (78851234.036.000) 2026-10-01 04:07:40 Image size of job updated: 709940
	694  -  MemoryUsage of job (MB)
	709940  -  ResidentSetSize of job (KB)
...
006 (78851234.036.000) 2026-10-01 04:12:41 Image size of job updated: 718036
	702  -  MemoryUsage of job (MB)
	718036  -  ResidentSetSize of job (KB)
...
006 (78851234.036.000) 2026-10-01 04:47:44 Image size of job updated: 719144
	703  -  MemoryUsage of job (MB)
	719144  -  ResidentSetSize of job (KB)
...
006 (78851234.036.000) 2026-10-01 04:57:45 Image size of job updated: 720080
	704  -  MemoryUsage of job (MB)
	720080  -  ResidentSetSize of job (KB)
...
006 (78851234.036.000) 2026-10-01 05:07:46 Image size of job updated: 720084
	704  -  MemoryUsage of job (MB)
	720084  -  ResidentSetSize of job (KB)
...
006 (78851234.036.000) 2026-10-01 05:17:47 Image size of job updated: 720092
	704  -  MemoryUsage of job (MB)
	720092  -  ResidentSetSize of job (KB)
...
006 (78851234.036.000) 2026-10-01 05:22:48 Image size of job updated: 721116
	705  -  MemoryUsage of job (MB)
	721116  -  ResidentSetSize of job (KB)
...
006 (78851234.036.000) 2026-10-01 05:27:48 Image size of job updated: 721356
	705  -  MemoryUsage of job (MB)
	721356  -  ResidentSetSize of job (KB)
...
006 (78851234.036.000) 2026-10-01 05:32:49 Image size of job updated: 721452
	705  -  MemoryUsage of job (MB)
	721452  -  ResidentSetSize of job (KB)
...
006 (78851234.036.000) 2026-10-01 05:42:49 Image size of job updated: 722480
	706  -  MemoryUsage of job (MB)
	722480  -  ResidentSetSize of job (KB)
...
006 (78851234.036.000) 2026-10-01 05:52:50 Image size of job updated: 723508
	707  -  MemoryUsage of job (MB)
	723508  -  ResidentSetSize of job (KB)
...
006 (78851234.036.000) 2026-10-01 06:02:51 Image size of job updated: 724524
	708  -  MemoryUsage of job (MB)
	724524  -  ResidentSetSize of job (KB)
...
006 (78851234.036.000) 2026-10-01 06:17:53 Image size of job updated: 724536
	708  -  MemoryUsage of job (MB)
	724536  -  ResidentSetSize of job (KB)
...
006 (78851234.036.000) 2026-10-01 06:27:54 Image size of job updated: 727608
	710  -  MemoryUsage of job (MB)
	726588  -  ResidentSetSize of job (KB)
...
006 (78851234.036.000) 2026-10-01 06:37:55 Image size of job updated: 727616
	711  -  MemoryUsage of job (MB)
	727616  -  ResidentSetSize of job (KB)
...
006 (78851234.036.000) 2026-10-01 06:57:57 Image size of job updated: 729664
	713  -  MemoryUsage of job (MB)
	729664  -  ResidentSetSize of job (KB)
...
006 (78851234.036.000) 2026-10-01 07:23:00 Image size of job updated: 733332
	717  -  MemoryUsage of job (MB)
	733332  -  ResidentSetSize of job (KB)
...
006 (78851234.036.000) 2026-10-01 07:48:02 Image size of job updated: 733336
	717  -  MemoryUsage of job (MB)
	733336  -  ResidentSetSize of job (KB)
...
006 (78851234.036.000) 2026-10-01 07:53:03 Image size of job updated: 733340
	717  -  MemoryUsage of job (MB)
	733340  -  ResidentSetSize of job (KB)
...
006 (78851234.036.000) 2026-10-01 07:58:03 Image size of job updated: 733344
	717  -  MemoryUsage of job (MB)
	733344  -  ResidentSetSize of job (KB)
...
006 (78851234.036.000) 2026-10-01 08:03:03 Image size of job updated: 734368
	718  -  MemoryUsage of job (MB)
	734368  -  ResidentSetSize of job (KB)
...
006 (78851234.036.000) 2026-10-01 08:08:04 Image size of job updated: 734372
	718  -  MemoryUsage of job (MB)
	734372  -  ResidentSetSize of job (KB)
...
006 (78851234.036.000) 2026-10-01 08:13:04 Image size of job updated: 734396
	718  -  MemoryUsage of job (MB)
	734396  -  ResidentSetSize of job (KB)
...
006 (78851234.036.000) 2026-10-01 08:28:06 Image size of job updated: 735396
	719  -  MemoryUsage of job (MB)
	735396  -  ResidentSetSize of job (KB)
...
006 (78851234.036.000) 2026-10-01 08:33:07 Image size of job updated: 735404
	719  -  MemoryUsage of job (MB)
	735404  -  ResidentSetSize of job (KB)
...
006 (78851234.036.000) 2026-10-01 08:38:08 Image size of job updated: 737452
	721  -  MemoryUsage of job (MB)
	737452  -  ResidentSetSize of job (KB)
...
006 (78851234.036.000) 2026-10-01 09:08:10 Image size of job updated: 738476
	722  -  MemoryUsage of job (MB)
	738476  -  ResidentSetSize of job (KB)
...
006 (78851234.036.000) 2026-10-01 09:13:10 Image size of job updated: 738480
	722  -  MemoryUsage of job (MB)
	738480  -  ResidentSetSize of job (KB)
...
006 (78851234.036.000) 2026-10-01 09:23:11 Image size of job updated: 738484
	722  -  MemoryUsage of job (MB)
	738484  -  ResidentSetSize of job (KB)
...
006 (78851234.036.000) 2026-10-01 09:28:12 Image size of job updated: 739528
	723  -  MemoryUsage of job (MB)
	739528  -  ResidentSetSize of job (KB)
...
006 (78851234.036.000) 2026-10-01 09:38:13 Image size of job updated: 739536
	723  -  MemoryUsage of job (MB)
	739536  -  ResidentSetSize of job (KB)
...
006 (78851234.036.000) 2026-10-01 09:43:14 Image size of job updated: 740560
	724  -  MemoryUsage of job (MB)
	740560  -  ResidentSetSize of job (KB)
...
006 (78851234.036.000) 2026-10-01 10:03:15 Image size of job updated: 743244
	726  -  MemoryUsage of job (MB)
	743244  -  ResidentSetSize of job (KB)
...
006 (78851234.036.000) 2026-10-01 10:13:16 Image size of job updated: 744896
	728  -  MemoryUsage of job (MB)
	744896  -  ResidentSetSize of job (KB)
...
006 (78851234.036.000) 2026-10-01 10:33:18 Image size of job updated: 745920
	729  -  MemoryUsage of job (MB)
	745920  -  ResidentSetSize of job (KB)
...
006 (78851234.036.000) 2026-10-01 10:43:20 Image size of job updated: 745924
	729  -  MemoryUsage of job (MB)
	745924  -  ResidentSetSize of job (KB)
...
006 (78851234.036.000) 2026-10-01 10:58:21 Image size of job updated: 746948
	730  -  MemoryUsage of job (MB)
	746948  -  ResidentSetSize of job (KB)
...
006 (78851234.036.000) 2026-10-01 11:08:22 Image size of job updated: 747972
	731  -  MemoryUsage of job (MB)
	747972  -  ResidentSetSize of job (KB)
...
006 (78851234.036.000) 2026-10-01 11:18:22 Image size of job updated: 748996
	732  -  MemoryUsage of job (MB)
	748996  -  ResidentSetSize of job (KB)
...
006 (78851234.036.000) 2026-10-01 11:38:25 Image size of job updated: 750020
	733  -  MemoryUsage of job (MB)
	750020  -  ResidentSetSize of job (KB)
...
006 (78851234.036.000) 2026-10-01 11:43:25 Image size of job updated: 750028
	733  -  MemoryUsage of job (MB)
	750028  -  ResidentSetSize of job (KB)
...
006 (78851234.036.000) 2026-10-01 11:58:27 Image size of job updated: 750092
	733  -  MemoryUsage of job (MB)
	750092  -  ResidentSetSize of job (KB)
...
006 (78851234.036.000) 2026-10-01 12:03:28 Image size of job updated: 750432
	733  -  MemoryUsage of job (MB)
	750432  -  ResidentSetSize of job (KB)
...
006 (78851234.036.000) 2026-10-01 12:08:28 Image size of job updated: 750436
	733  -  MemoryUsage of job (MB)
	750436  -  ResidentSetSize of job (KB)
...
006 (78851234.036.000) 2026-10-01 12:13:28 Image size of job updated: 751056
	733  -  MemoryUsage of job (MB)
	750436  -  ResidentSetSize of job (KB)
...
006 (78851234.036.000) 2026-10-01 12:23:29 Image size of job updated: 752080
	735  -  MemoryUsage of job (MB)
	752080  -  ResidentSetSize of job (KB)
...
006 (78851234.036.000) 2026-10-01 12:33:30 Image size of job updated: 753104
	736  -  MemoryUsage of job (MB)
	753104  -  ResidentSetSize of job (KB)
...
006 (78851234.036.000) 2026-10-01 12:53:32 Image size of job updated: 754128
	737  -  MemoryUsage of job (MB)
	754128  -  ResidentSetSize of job (KB)
...
006 (78851234.036.000) 2026-10-01 12:58:33 Image size of job updated: 754132
	737  -  MemoryUsage of job (MB)
	754132  -  ResidentSetSize of job (KB)
...
006 (78851234.036.000) 2026-10-01 13:03:33 Image size of job updated: 755356
	738  -  MemoryUsage of job (MB)
	755356  -  ResidentSetSize of job (KB)
...
006 (78851234.036.000) 2026-10-01 13:08:33 Image size of job updated: 755360
	738  -  MemoryUsage of job (MB)
	755360  -  ResidentSetSize of job (KB)
...
006 (78851234.036.000) 2026-10-01 13:18:34 Image size of job updated: 756096
	739  -  MemoryUsage of job (MB)
	756096  -  ResidentSetSize of job (KB)
...
006 (78851234.036.000) 2026-10-01 13:28:35 Image size of job updated: 756388
	739  -  MemoryUsage of job (MB)
	756388  -  ResidentSetSize of job (KB)
...
006 (78851234.036.000) 2026-10-01 13:38:35 Image size of job updated: 757412
	740  -  MemoryUsage of job (MB)
	757412  -  ResidentSetSize of job (KB)
...
006 (78851234.036.000) 2026-10-01 13:48:36 Image size of job updated: 758612
	741  -  MemoryUsage of job (MB)
	758612  -  ResidentSetSize of job (KB)
...
006 (78851234.036.000) 2026-10-01 14:13:40 Image size of job updated: 759636
	742  -  MemoryUsage of job (MB)
	759636  -  ResidentSetSize of job (KB)
...
006 (78851234.036.000) 2026-10-01 14:33:41 Image size of job updated: 760660
	743  -  MemoryUsage of job (MB)
	760660  -  ResidentSetSize of job (KB)
...
006 (78851234.036.000) 2026-10-01 14:38:42 Image size of job updated: 760664
	743  -  MemoryUsage of job (MB)
	760664  -  ResidentSetSize of job (KB)
...
006 (78851234.036.000) 2026-10-01 14:43:42 Image size of job updated: 761688
	744  -  MemoryUsage of job (MB)
	761688  -  ResidentSetSize of job (KB)
...
006 (78851234.036.000) 2026-10-01 14:53:43 Image size of job updated: 761700
	744  -  MemoryUsage of job (MB)
	761700  -  ResidentSetSize of job (KB)
...
006 (78851234.036.000) 2026-10-01 15:08:45 Image size of job updated: 762748
	744  -  MemoryUsage of job (MB)
	761724  -  ResidentSetSize of job (KB)
...
006 (78851234.036.000) 2026-10-01 15:18:46 Image size of job updated: 762748
	745  -  MemoryUsage of job (MB)
	762748  -  ResidentSetSize of job (KB)
...
006 (78851234.036.000) 2026-10-01 15:28:47 Image size of job updated: 764016
	747  -  MemoryUsage of job (MB)
	764016  -  ResidentSetSize of job (KB)
...
006 (78851234.036.000) 2026-10-01 15:33:48 Image size of job updated: 764020
	747  -  MemoryUsage of job (MB)
	764020  -  ResidentSetSize of job (KB)
...
006 (78851234.036.000) 2026-10-01 15:38:49 Image size of job updated: 765044
	748  -  MemoryUsage of job (MB)
	765044  -  ResidentSetSize of job (KB)
...
006 (78851234.036.000) 2026-10-01 15:43:49 Image size of job updated: 765204
	748  -  MemoryUsage of job (MB)
	765204  -  ResidentSetSize of job (KB)
...
006 (78851234.036.000) 2026-10-01 15:53:50 Image size of job updated: 765208
	748  -  MemoryUsage of job (MB)
	765208  -  ResidentSetSize of job (KB)
...
006 (78851234.036.000) 2026-10-01 15:58:50 Image size of job updated: 765212
	748  -  MemoryUsage of job (MB)
	765212  -  ResidentSetSize of job (KB)
...
006 (78851234.036.000) 2026-10-01 16:03:51 Image size of job updated: 766236
	748  -  MemoryUsage of job (MB)
	765212  -  ResidentSetSize of job (KB)
...
006 (78851234.036.000) 2026-10-01 16:13:52 Image size of job updated: 767252
	750  -  MemoryUsage of job (MB)
	767252  -  ResidentSetSize of job (KB)
...
006 (78851234.036.000) 2026-10-01 16:33:55 Image size of job updated: 768228
	750  -  MemoryUsage of job (MB)
	767252  -  ResidentSetSize of job (KB)
...
006 (78851234.036.000) 2026-10-01 16:42:45 Image size of job updated: 769788
	750  -  MemoryUsage of job (MB)
	767252  -  ResidentSetSize of job (KB)
...
004 (78851234.036.000) 2026-10-01 16:42:45 Job was evicted. Code 1019 Subcode 0
	(0) CPU times
		Usr 14 04:08:51, Sys 0 00:08:58  -  Run Remote Usage
		Usr 0 00:00:00, Sys 0 00:00:00  -  Run Local Usage
	0  -  Run Bytes Sent By Job
	0  -  Run Bytes Received By Job
	Reason: Preempted for a Priority user
	Partitionable Resources :     Usage  Request Allocated 
	   Cpus                 :     15.89        4         4 
	   Disk (KB)            :  25000       25000     28672 
	   GPUs                 :                            0 
	   Memory (MB)          :    750        6000      6016 
	   TimeExecute (s)      : 101206                       
	   TimeSlotBusy (s)     : 101207                       
...
022 (78851234.036.000) 2026-10-01 17:48:02 Job disconnected, attempting to reconnect
    Socket between submit and execute hosts closed unexpectedly
    Trying to reconnect to slot1_2@node752.cluster.ldas.cit <10.14.4.2:9618?addrs=10.14.4.2-9618&alias=node752.cluster.ldas.cit&noUDP&sock=startd_830143_a0cd>
...
024 (78851234.036.000) 2026-10-01 17:48:02 Job reconnection failed
    Job disconnected too long: JobLeaseDuration (2400 seconds) expired
    Can not reconnect to slot1_2@node752.cluster.ldas.cit, rescheduling job
...
004 (78851234.036.000) 2026-10-01 17:48:03 Job was evicted. Code 1008 Subcode 0
	(0) CPU times
		Usr 0 00:00:00, Sys 0 00:00:00  -  Run Remote Usage
		Usr 0 00:00:00, Sys 0 00:00:00  -  Run Local Usage
	0  -  Run Bytes Sent By Job
	0  -  Run Bytes Received By Job
	Reason: Job disconnected too long: JobLeaseDuration (2400 seconds) expired
	Partitionable Resources :     Usage  Request Allocated 
	   Cpus                 :     15.89        4         4 
	   Disk (KB)            :  25000       25000     28672 
	   GPUs                 :                            0 
	   Memory (MB)          :    977        6000      6016 
	   TimeExecute (s)      : 101206                       
	   TimeSlotBusy (s)     : 101207                       
...
001 (78851234.036.000) 2026-10-01 17:50:08 Job executing on host: <10.14.4.85:9618?addrs=10.14.4.85-9618&alias=node835.cluster.ldas.cit&noUDP&sock=startd_1837226_ccf2>
	SlotName: slot1_24@node835.cluster.ldas.cit
	CondorScratchDir = "/var/lib/condor/execute/dir_2372104/scratch"
	Cpus = 4
	Disk = 28672
	GPUs = 0
	Memory = 6016
...
006 (78851234.036.000) 2026-10-01 18:25:19 Image size of job updated: 1094436
	1069  -  MemoryUsage of job (MB)
	1094436  -  ResidentSetSize of job (KB)
...
006 (78851234.036.000) 2026-10-01 18:30:20 Image size of job updated: 1324172
	1294  -  MemoryUsage of job (MB)
	1324172  -  ResidentSetSize of job (KB)
...
006 (78851234.036.000) 2026-10-01 18:35:21 Image size of job updated: 1561004
	1515  -  MemoryUsage of job (MB)
	1551124  -  ResidentSetSize of job (KB)
...
006 (78851234.036.000) 2026-10-01 18:40:21 Image size of job updated: 1780980
	1740  -  MemoryUsage of job (MB)
	1780980  -  ResidentSetSize of job (KB)
...
006 (78851234.036.000) 2026-10-01 18:45:22 Image size of job updated: 1858520
	1815  -  MemoryUsage of job (MB)
	1858520  -  ResidentSetSize of job (KB)
...
006 (78851234.036.000) 2026-10-01 18:50:23 Image size of job updated: 1867024
	1819  -  MemoryUsage of job (MB)
	1862076  -  ResidentSetSize of job (KB)
...
006 (78851234.036.000) 2026-10-01 18:55:23 Image size of job updated: 1867024
	1819  -  MemoryUsage of job (MB)
	1862184  -  ResidentSetSize of job (KB)
...
006 (78851234.036.000) 2026-10-01 19:00:23 Image size of job updated: 1904032
	1820  -  MemoryUsage of job (MB)
	1863392  -  ResidentSetSize of job (KB)
...
006 (78851234.036.000) 2026-10-01 19:05:24 Image size of job updated: 1904032
	1820  -  MemoryUsage of job (MB)
	1863584  -  ResidentSetSize of job (KB)
...
006 (78851234.036.000) 2026-10-01 19:10:24 Image size of job updated: 1904032
	1822  -  MemoryUsage of job (MB)
	1865344  -  ResidentSetSize of job (KB)
...
006 (78851234.036.000) 2026-10-01 19:20:25 Image size of job updated: 1904032
	1834  -  MemoryUsage of job (MB)
	1877708  -  ResidentSetSize of job (KB)
...
006 (78851234.036.000) 2026-10-01 19:25:26 Image size of job updated: 1904032
	1834  -  MemoryUsage of job (MB)
	1877928  -  ResidentSetSize of job (KB)
...
006 (78851234.036.000) 2026-10-01 19:30:26 Image size of job updated: 1904032
	1838  -  MemoryUsage of job (MB)
	1881760  -  ResidentSetSize of job (KB)
...
006 (78851234.036.000) 2026-10-01 19:35:27 Image size of job updated: 1904032
	1838  -  MemoryUsage of job (MB)
	1881920  -  ResidentSetSize of job (KB)
...
006 (78851234.036.000) 2026-10-01 19:40:28 Image size of job updated: 1904032
	1838  -  MemoryUsage of job (MB)
	1882020  -  ResidentSetSize of job (KB)
...
006 (78851234.036.000) 2026-10-01 20:20:31 Image size of job updated: 1929180
	1840  -  MemoryUsage of job (MB)
	1883892  -  ResidentSetSize of job (KB)
...
006 (78851234.036.000) 2026-10-01 20:25:32 Image size of job updated: 1929180
	1840  -  MemoryUsage of job (MB)
	1883956  -  ResidentSetSize of job (KB)
...
006 (78851234.036.000) 2026-10-01 20:30:33 Image size of job updated: 1952736
	1864  -  MemoryUsage of job (MB)
	1907740  -  ResidentSetSize of job (KB)
...
006 (78851234.036.000) 2026-10-01 20:35:33 Image size of job updated: 1952736
	1864  -  MemoryUsage of job (MB)
	1907780  -  ResidentSetSize of job (KB)
...
006 (78851234.036.000) 2026-10-01 20:55:35 Image size of job updated: 1952736
	1864  -  MemoryUsage of job (MB)
	1908344  -  ResidentSetSize of job (KB)
...
006 (78851234.036.000) 2026-10-01 21:00:36 Image size of job updated: 1952736
	1864  -  MemoryUsage of job (MB)
	1908428  -  ResidentSetSize of job (KB)
...
005 (78851234.036.000) 2026-10-02 00:45:18 Job terminated.
	(1) Normal termination (return value 0)
		Usr 2 15:33:42, Sys 0 00:03:16  -  Run Remote Usage
		Usr 0 00:00:00, Sys 0 00:00:00  -  Run Local Usage
		Usr 16 19:42:33, Sys 0 00:12:14  -  Total Remote Usage
		Usr 0 00:00:00, Sys 0 00:00:00  -  Total Local Usage
	0  -  Run Bytes Sent By Job
	0  -  Run Bytes Received By Job
	0  -  Total Bytes Sent By Job
	0  -  Total Bytes Received By Job
	Partitionable Resources :    Usage  Request Allocated 
	   Cpus                 :     0.99        4         4 
	   Disk (KB)            : 25000       25000     28672 
	   GPUs                 :                           0 
	   Memory (MB)          :  1864        6000      6016 
	   TimeExecute (s)      : 24909                       
	   TimeSlotBusy (s)     : 24910                       
...
000 (78854872.036.000) 2026-10-03 17:21:23 Job submitted from host: <10.14.0.121:9618?addrs=10.14.0.121-9618&alias=ldas-pcdev12.ligo.caltech.edu&noUDP&sock=schedd_623140_c9b4>
...
001 (78854872.036.000) 2026-10-03 17:22:11 Job executing on host: <10.14.8.190:9618?addrs=10.14.8.190-9618&alias=node1940.cluster.ldas.cit&noUDP&sock=startd_34611_d87c>
	SlotName: slot1_3@node1940.cluster.ldas.cit
	CondorScratchDir = "/var/lib/condor/execute/dir_268433/scratch"
	Cpus = 4
	Disk = 28672
	GPUs = 0
	Memory = 6016
...
006 (78854872.036.000) 2026-10-03 17:22:19 Image size of job updated: 205796
	201  -  MemoryUsage of job (MB)
	205796  -  ResidentSetSize of job (KB)
...
006 (78854872.036.000) 2026-10-03 17:22:33 Image size of job updated: 510120
	201  -  MemoryUsage of job (MB)
	205796  -  ResidentSetSize of job (KB)
...
005 (78854872.036.000) 2026-10-03 17:22:33 Job terminated.
	(1) Normal termination (return value 0)
		Usr 0 00:00:17, Sys 0 00:00:01  -  Run Remote Usage
		Usr 0 00:00:00, Sys 0 00:00:00  -  Run Local Usage
		Usr 0 00:00:17, Sys 0 00:00:01  -  Total Remote Usage
		Usr 0 00:00:00, Sys 0 00:00:00  -  Total Local Usage
	0  -  Run Bytes Sent By Job
	0  -  Run Bytes Received By Job
	0  -  Total Bytes Sent By Job
	0  -  Total Bytes Received By Job
	Partitionable Resources :    Usage  Request Allocated 
	   Cpus                 :        0        4         4 
	   Disk (KB)            :    25000    25000     28672 
	   GPUs                 :                           0 
	   Memory (MB)          :      201     6000      6016 
	   TimeExecute (s)      :       22                    
	   TimeSlotBusy (s)     :       23                    
...
000 (78854906.036.000) 2026-10-03 21:36:50 Job submitted from host: <10.14.0.121:9618?addrs=10.14.0.121-9618&alias=ldas-pcdev12.ligo.caltech.edu&noUDP&sock=schedd_623140_c9b4>
...
001 (78854906.036.000) 2026-10-03 21:38:42 Job executing on host: <10.14.10.55:9618?addrs=10.14.10.55-9618&alias=node2305.cluster.ldas.cit&noUDP&sock=startd_2740026_8246>
	SlotName: slot1_15@node2305.cluster.ldas.cit
	CondorScratchDir = "/var/lib/condor/execute/dir_3615865/scratch"
	Cpus = 4
	Disk = 28672
	GPUs = 0
	Memory = 6016
...
006 (78854906.036.000) 2026-10-03 21:38:50 Image size of job updated: 206160
	185  -  MemoryUsage of job (MB)
	188672  -  ResidentSetSize of job (KB)
...
006 (78854906.036.000) 2026-10-03 21:38:59 Image size of job updated: 509756
	185  -  MemoryUsage of job (MB)
	188744  -  ResidentSetSize of job (KB)
...
005 (78854906.036.000) 2026-10-03 21:39:00 Job terminated.
	(1) Normal termination (return value 0)
		Usr 0 00:00:14, Sys 0 00:00:01  -  Run Remote Usage
		Usr 0 00:00:00, Sys 0 00:00:00  -  Run Local Usage
		Usr 0 00:00:14, Sys 0 00:00:01  -  Total Remote Usage
		Usr 0 00:00:00, Sys 0 00:00:00  -  Total Local Usage
	0  -  Run Bytes Sent By Job
	0  -  Run Bytes Received By Job
	0  -  Total Bytes Sent By Job
	0  -  Total Bytes Received By Job
	Partitionable Resources :    Usage  Request Allocated 
	   Cpus                 :                 4         4 
	   Disk (KB)            :    25000    25000     28672 
	   GPUs                 :                           0 
	   Memory (MB)          :      185     6000      6016 
	   TimeExecute (s)      :       17                    
	   TimeSlotBusy (s)     :       17                    
...
000 (78855135.036.000) 2026-10-04 13:44:55 Job submitted from host: <10.14.0.121:9618?addrs=10.14.0.121-9618&alias=ldas-pcdev12.ligo.caltech.edu&noUDP&sock=schedd_623140_c9b4>
...
001 (78855135.036.000) 2026-10-04 13:49:17 Job executing on host: <10.14.5.108:9618?addrs=10.14.5.108-9618&alias=node1108.cluster.ldas.cit&noUDP&sock=startd_388506_6143>
	SlotName: slot1_1@node1108.cluster.ldas.cit
	CondorScratchDir = "/var/lib/condor/execute/dir_1331898/scratch"
	Cpus = 4
	Disk = 28672
	GPUs = 0
	Memory = 6016
...
006 (78855135.036.000) 2026-10-04 13:49:26 Image size of job updated: 113336
	111  -  MemoryUsage of job (MB)
	113336  -  ResidentSetSize of job (KB)
...
006 (78855135.036.000) 2026-10-04 13:49:44 Image size of job updated: 510120
	111  -  MemoryUsage of job (MB)
	113336  -  ResidentSetSize of job (KB)
...
005 (78855135.036.000) 2026-10-04 13:49:44 Job terminated.
	(1) Normal termination (return value 0)
		Usr 0 00:00:12, Sys 0 00:00:00  -  Run Remote Usage
		Usr 0 00:00:00, Sys 0 00:00:00  -  Run Local Usage
		Usr 0 00:00:12, Sys 0 00:00:00  -  Total Remote Usage
		Usr 0 00:00:00, Sys 0 00:00:00  -  Total Local Usage
	0  -  Run Bytes Sent By Job
	0  -  Run Bytes Received By Job
	0  -  Total Bytes Sent By Job
	0  -  Total Bytes Received By Job
	Partitionable Resources :    Usage  Request Allocated 
	   Cpus                 :                 4         4 
	   Disk (KB)            :    25000    25000     28672 
	   GPUs                 :                           0 
	   Memory (MB)          :      111     6000      6016 
	   TimeExecute (s)      :       27                    
	   TimeSlotBusy (s)     :       27                    
...
