000 (78851234.038.000) 2026-09-30 12:35:31 Job submitted from host: <10.14.0.121:9618?addrs=10.14.0.121-9618&alias=ldas-pcdev12.ligo.caltech.edu&noUDP&sock=schedd_623140_c9b4>
...
001 (78851234.038.000) 2026-09-30 12:35:59 Job executing on host: <10.14.4.82:9618?addrs=10.14.4.82-9618&alias=node832.cluster.ldas.cit&noUDP&sock=startd_2338582_50c9>
	SlotName: slot1_9@node832.cluster.ldas.cit
	CondorScratchDir = "/var/lib/condor/execute/dir_2488184/scratch"
	Cpus = 4
	Disk = 28672
	GPUs = 0
	Memory = 6016
...
006 (78851234.038.000) 2026-09-30 12:36:07 Image size of job updated: 158456
	155  -  MemoryUsage of job (MB)
	158456  -  ResidentSetSize of job (KB)
...
006 (78851234.038.000) 2026-09-30 12:41:07 Image size of job updated: 346508
	339  -  MemoryUsage of job (MB)
	346508  -  ResidentSetSize of job (KB)
...
006 (78851234.038.000) 2026-09-30 12:46:08 Image size of job updated: 347400
	340  -  MemoryUsage of job (MB)
	347400  -  ResidentSetSize of job (KB)
...
006 (78851234.038.000) 2026-09-30 12:51:08 Image size of job updated: 454928
	445  -  MemoryUsage of job (MB)
	454928  -  ResidentSetSize of job (KB)
...
006 (78851234.038.000) 2026-09-30 12:56:09 Image size of job updated: 455296
	445  -  MemoryUsage of job (MB)
	455296  -  ResidentSetSize of job (KB)
...
006 (78851234.038.000) 2026-09-30 13:01:09 Image size of job updated: 468580
	458  -  MemoryUsage of job (MB)
	468580  -  ResidentSetSize of job (KB)
...
006 (78851234.038.000) 2026-09-30 13:06:09 Image size of job updated: 468840
	458  -  MemoryUsage of job (MB)
	468840  -  ResidentSetSize of job (KB)
...
006 (78851234.038.000) 2026-09-30 13:11:10 Image size of job updated: 475016
	464  -  MemoryUsage of job (MB)
	474184  -  ResidentSetSize of job (KB)
...
006 (78851234.038.000) 2026-09-30 13:16:10 Image size of job updated: 475016
	464  -  MemoryUsage of job (MB)
	474460  -  ResidentSetSize of job (KB)
...
006 (78851234.038.000) 2026-09-30 13:21:11 Image size of job updated: 475196
	464  -  MemoryUsage of job (MB)
	474460  -  ResidentSetSize of job (KB)
...
006 (78851234.038.000) 2026-09-30 13:26:11 Image size of job updated: 475196
	464  -  MemoryUsage of job (MB)
	474616  -  ResidentSetSize of job (KB)
...
006 (78851234.038.000) 2026-09-30 13:31:12 Image size of job updated: 480720
	470  -  MemoryUsage of job (MB)
	480720  -  ResidentSetSize of job (KB)
...
006 (78851234.038.000) 2026-09-30 13:36:13 Image size of job updated: 481008
	470  -  MemoryUsage of job (MB)
	481008  -  ResidentSetSize of job (KB)
...
006 (78851234.038.000) 2026-09-30 13:41:13 Image size of job updated: 482504
	472  -  MemoryUsage of job (MB)
	482504  -  ResidentSetSize of job (KB)
...
006 (78851234.038.000) 2026-09-30 13:46:14 Image size of job updated: 482728
	472  -  MemoryUsage of job (MB)
	482728  -  ResidentSetSize of job (KB)
...
006 (78851234.038.000) 2026-09-30 13:51:14 Image size of job updated: 484480
	474  -  MemoryUsage of job (MB)
	484480  -  ResidentSetSize of job (KB)
...
006 (78851234.038.000) 2026-09-30 13:56:15 Image size of job updated: 484584
	474  -  MemoryUsage of job (MB)
	484584  -  ResidentSetSize of job (KB)
...
006 (78851234.038.000) 2026-09-30 14:01:15 Image size of job updated: 486052
	475  -  MemoryUsage of job (MB)
	486052  -  ResidentSetSize of job (KB)
...
006 (78851234.038.000) 2026-09-30 14:06:15 Image size of job updated: 486144
	475  -  MemoryUsage of job (MB)
	486144  -  ResidentSetSize of job (KB)
...
006 (78851234.038.000) 2026-09-30 14:11:16 Image size of job updated: 498240
	487  -  MemoryUsage of job (MB)
	498240  -  ResidentSetSize of job (KB)
...
006 (78851234.038.000) 2026-09-30 14:16:16 Image size of job updated: 498420
	487  -  MemoryUsage of job (MB)
	498420  -  ResidentSetSize of job (KB)
...
006 (78851234.038.000) 2026-09-30 14:21:17 Image size of job updated: 498520
	487  -  MemoryUsage of job (MB)
	498520  -  ResidentSetSize of job (KB)
...
006 (78851234.038.000) 2026-09-30 14:26:17 Image size of job updated: 498648
	487  -  MemoryUsage of job (MB)
	498648  -  ResidentSetSize of job (KB)
...
006 (78851234.038.000) 2026-09-30 14:31:17 Image size of job updated: 498704
	488  -  MemoryUsage of job (MB)
	498704  -  ResidentSetSize of job (KB)
...
006 (78851234.038.000) 2026-09-30 14:36:18 Image size of job updated: 499824
	489  -  MemoryUsage of job (MB)
	499824  -  ResidentSetSize of job (KB)
...
006 (78851234.038.000) 2026-09-30 14:41:18 Image size of job updated: 499880
	489  -  MemoryUsage of job (MB)
	499880  -  ResidentSetSize of job (KB)
...
006 (78851234.038.000) 2026-09-30 14:46:19 Image size of job updated: 500956
	490  -  MemoryUsage of job (MB)
	500956  -  ResidentSetSize of job (KB)
...
006 (78851234.038.000) 2026-09-30 14:51:19 Image size of job updated: 501036
	490  -  MemoryUsage of job (MB)
	501036  -  ResidentSetSize of job (KB)
...
006 (78851234.038.000) 2026-09-30 14:56:20 Image size of job updated: 558028
	545  -  MemoryUsage of job (MB)
	558028  -  ResidentSetSize of job (KB)
...
006 (78851234.038.000) 2026-09-30 15:01:20 Image size of job updated: 558096
	546  -  MemoryUsage of job (MB)
	558096  -  ResidentSetSize of job (KB)
...
006 (78851234.038.000) 2026-09-30 15:06:20 Image size of job updated: 558132
	546  -  MemoryUsage of job (MB)
	558132  -  ResidentSetSize of job (KB)
...
006 (78851234.038.000) 2026-09-30 15:11:21 Image size of job updated: 558136
	546  -  MemoryUsage of job (MB)
	558136  -  ResidentSetSize of job (KB)
...
006 (78851234.038.000) 2026-09-30 15:16:21 Image size of job updated: 790292
	772  -  MemoryUsage of job (MB)
	790292  -  ResidentSetSize of job (KB)
...
006 (78851234.038.000) 2026-09-30 15:21:22 Image size of job updated: 1008376
	985  -  MemoryUsage of job (MB)
	1008376  -  ResidentSetSize of job (KB)
...
006 (78851234.038.000) 2026-09-30 15:26:23 Image size of job updated: 1244244
	1216  -  MemoryUsage of job (MB)
	1244244  -  ResidentSetSize of job (KB)
...
006 (78851234.038.000) 2026-09-30 15:31:23 Image size of job updated: 1476336
	1442  -  MemoryUsage of job (MB)
	1476336  -  ResidentSetSize of job (KB)
...
006 (78851234.038.000) 2026-09-30 15:36:24 Image size of job updated: 1666064
	1628  -  MemoryUsage of job (MB)
	1666064  -  ResidentSetSize of job (KB)
...
006 (78851234.038.000) 2026-09-30 15:41:24 Image size of job updated: 1666092
	1628  -  MemoryUsage of job (MB)
	1666092  -  ResidentSetSize of job (KB)
...
006 (78851234.038.000) 2026-09-30 15:51:26 Image size of job updated: 1666100
	1628  -  MemoryUsage of job (MB)
	1666100  -  ResidentSetSize of job (KB)
...
006 (78851234.038.000) 2026-09-30 15:56:26 Image size of job updated: 1666108
	1628  -  MemoryUsage of job (MB)
	1666108  -  ResidentSetSize of job (KB)
...
006 (78851234.038.000) 2026-09-30 16:01:27 Image size of job updated: 1667128
	1629  -  MemoryUsage of job (MB)
	1667128  -  ResidentSetSize of job (KB)
...
006 (78851234.038.000) 2026-09-30 16:06:27 Image size of job updated: 1667148
	1629  -  MemoryUsage of job (MB)
	1667148  -  ResidentSetSize of job (KB)
...
006 (78851234.038.000) 2026-09-30 16:11:28 Image size of job updated: 1667160
	1629  -  MemoryUsage of job (MB)
	1667160  -  ResidentSetSize of job (KB)
...
006 (78851234.038.000) 2026-09-30 16:16:29 Image size of job updated: 1667176
	1629  -  MemoryUsage of job (MB)
	1667176  -  ResidentSetSize of job (KB)
...
006 (78851234.038.000) 2026-09-30 16:21:29 Image size of job updated: 1667188
	1629  -  MemoryUsage of job (MB)
	1667188  -  ResidentSetSize of job (KB)
...
006 (78851234.038.000) 2026-09-30 16:26:30 Image size of job updated: 1667204
	1629  -  MemoryUsage of job (MB)
	1667204  -  ResidentSetSize of job (KB)
...
006 (78851234.038.000) 2026-09-30 16:31:30 Image size of job updated: 1668212
	1630  -  MemoryUsage of job (MB)
	1668212  -  ResidentSetSize of job (KB)
...
006 (78851234.038.000) 2026-09-30 16:36:31 Image size of job updated: 1668228
	1630  -  MemoryUsage of job (MB)
	1668228  -  ResidentSetSize of job (KB)
...
006 (78851234.038.000) 2026-09-30 16:41:32 Image size of job updated: 1668252
	1630  -  MemoryUsage of job (MB)
	1668252  -  ResidentSetSize of job (KB)
...
006 (78851234.038.000) 2026-09-30 16:46:32 Image size of job updated: 1668268
	1630  -  MemoryUsage of job (MB)
	1668268  -  ResidentSetSize of job (KB)
...
006 (78851234.038.000) 2026-09-30 16:51:33 Image size of job updated: 1668276
	1630  -  MemoryUsage of job (MB)
	1668276  -  ResidentSetSize of job (KB)
...
006 (78851234.038.000) 2026-09-30 16:56:33 Image size of job updated: 1668308
	1630  -  MemoryUsage of job (MB)
	1668308  -  ResidentSetSize of job (KB)
...
006 (78851234.038.000) 2026-09-30 17:01:34 Image size of job updated: 1668320
	1630  -  MemoryUsage of job (MB)
	1668320  -  ResidentSetSize of job (KB)
...
006 (78851234.038.000) 2026-09-30 17:06:35 Image size of job updated: 1668332
	1630  -  MemoryUsage of job (MB)
	1668332  -  ResidentSetSize of job (KB)
...
006 (78851234.038.000) 2026-09-30 17:11:35 Image size of job updated: 1668340
	1630  -  MemoryUsage of job (MB)
	1668340  -  ResidentSetSize of job (KB)
...
006 (78851234.038.000) 2026-09-30 17:16:36 Image size of job updated: 1668348
	1630  -  MemoryUsage of job (MB)
	1668348  -  ResidentSetSize of job (KB)
...
006 (78851234.038.000) 2026-09-30 17:21:36 Image size of job updated: 1668360
	1630  -  MemoryUsage of job (MB)
	1668360  -  ResidentSetSize of job (KB)
...
006 (78851234.038.000) 2026-09-30 17:31:37 Image size of job updated: 1668372
	1630  -  MemoryUsage of job (MB)
	1668372  -  ResidentSetSize of job (KB)
...
006 (78851234.038.000) 2026-09-30 17:46:39 Image size of job updated: 1671452
	1633  -  MemoryUsage of job (MB)
	1671452  -  ResidentSetSize of job (KB)
...
006 (78851234.038.000) 2026-09-30 17:51:39 Image size of job updated: 1671456
	1633  -  MemoryUsage of job (MB)
	1671456  -  ResidentSetSize of job (KB)
...
006 (78851234.038.000) 2026-09-30 17:56:40 Image size of job updated: 1671460
	1633  -  MemoryUsage of job (MB)
	1671460  -  ResidentSetSize of job (KB)
...
006 (78851234.038.000) 2026-09-30 20:06:53 Image size of job updated: 1672796
	1634  -  MemoryUsage of job (MB)
	1672796  -  ResidentSetSize of job (KB)
...
006 (78851234.038.000) 2026-09-30 20:16:54 Image size of job updated: 1672804
	1634  -  MemoryUsage of job (MB)
	1672804  -  ResidentSetSize of job (KB)
...
006 (78851234.038.000) 2026-09-30 20:21:55 Image size of job updated: 1672808
	1634  -  MemoryUsage of job (MB)
	1672808  -  ResidentSetSize of job (KB)
...
006 (78851234.038.000) 2026-09-30 20:26:55 Image size of job updated: 1672812
	1634  -  MemoryUsage of job (MB)
	1672812  -  ResidentSetSize of job (KB)
...
006 (78851234.038.000) 2026-09-30 20:41:57 Image size of job updated: 1672816
	1634  -  MemoryUsage of job (MB)
	1672816  -  ResidentSetSize of job (KB)
...
006 (78851234.038.000) 2026-09-30 20:51:58 Image size of job updated: 1673628
	1635  -  MemoryUsage of job (MB)
	1673628  -  ResidentSetSize of job (KB)
...
006 (78851234.038.000) 2026-09-30 20:56:59 Image size of job updated: 1673632
	1635  -  MemoryUsage of job (MB)
	1673632  -  ResidentSetSize of job (KB)
...
006 (78851234.038.000) 2026-09-30 21:12:01 Image size of job updated: 1680532
	1642  -  MemoryUsage of job (MB)
	1680532  -  ResidentSetSize of job (KB)
...
006 (78851234.038.000) 2026-09-30 21:17:01 Image size of job updated: 1680536
	1642  -  MemoryUsage of job (MB)
	1680536  -  ResidentSetSize of job (KB)
...
006 (78851234.038.000) 2026-09-30 21:22:02 Image size of job updated: 1680544
	1642  -  MemoryUsage of job (MB)
	1680544  -  ResidentSetSize of job (KB)
...
006 (78851234.038.000) 2026-09-30 21:32:04 Image size of job updated: 1680548
	1642  -  MemoryUsage of job (MB)
	1680548  -  ResidentSetSize of job (KB)
...
006 (78851234.038.000) 2026-09-30 21:42:04 Image size of job updated: 1680556
	1642  -  MemoryUsage of job (MB)
	1680556  -  ResidentSetSize of job (KB)
...
006 (78851234.038.000) 2026-09-30 21:47:05 Image size of job updated: 1687848
	1649  -  MemoryUsage of job (MB)
	1687848  -  ResidentSetSize of job (KB)
...
006 (78851234.038.000) 2026-09-30 21:57:06 Image size of job updated: 1689384
	1650  -  MemoryUsage of job (MB)
	1689384  -  ResidentSetSize of job (KB)
...
006 (78851234.038.000) 2026-09-30 22:32:10 Image size of job updated: 1693912
	1653  -  MemoryUsage of job (MB)
	1692456  -  ResidentSetSize of job (KB)
...
006 (78851234.038.000) 2026-09-30 23:37:15 Image size of job updated: 1694520
	1655  -  MemoryUsage of job (MB)
	1694520  -  ResidentSetSize of job (KB)
...
006 (78851234.038.000) 2026-09-30 23:42:15 Image size of job updated: 1694524
	1655  -  MemoryUsage of job (MB)
	1694524  -  ResidentSetSize of job (KB)
...
006 (78851234.038.000) 2026-09-30 23:47:16 Image size of job updated: 1694528
	1655  -  MemoryUsage of job (MB)
	1694528  -  ResidentSetSize of job (KB)
...
006 (78851234.038.000) 2026-09-30 23:57:17 Image size of job updated: 1695980
	1657  -  MemoryUsage of job (MB)
	1695980  -  ResidentSetSize of job (KB)
...
006 (78851234.038.000) 2026-10-01 00:22:19 Image size of job updated: 1698976
	1660  -  MemoryUsage of job (MB)
	1698976  -  ResidentSetSize of job (KB)
...
006 (78851234.038.000) 2026-10-01 00:32:20 Image size of job updated: 1699060
	1660  -  MemoryUsage of job (MB)
	1698976  -  ResidentSetSize of job (KB)
...
006 (78851234.038.000) 2026-10-01 01:17:24 Image size of job updated: 1700376
	1661  -  MemoryUsage of job (MB)
	1700376  -  ResidentSetSize of job (KB)
...
006 (78851234.038.000) 2026-10-01 01:32:25 Image size of job updated: 1700384
	1661  -  MemoryUsage of job (MB)
	1700384  -  ResidentSetSize of job (KB)
...
006 (78851234.038.000) 2026-10-01 01:52:27 Image size of job updated: 1700388
	1661  -  MemoryUsage of job (MB)
	1700388  -  ResidentSetSize of job (KB)
...
006 (78851234.038.000) 2026-10-01 02:07:28 Image size of job updated: 1700392
	1661  -  MemoryUsage of job (MB)
	1700392  -  ResidentSetSize of job (KB)
...
006 (78851234.038.000) 2026-10-01 02:17:29 Image size of job updated: 1702988
	1664  -  MemoryUsage of job (MB)
	1702988  -  ResidentSetSize of job (KB)
...
006 (78851234.038.000) 2026-10-01 02:32:31 Image size of job updated: 1702992
	1664  -  MemoryUsage of job (MB)
	1702992  -  ResidentSetSize of job (KB)
...
006 (78851234.038.000) 2026-10-01 02:47:33 Image size of job updated: 1703676
	1664  -  MemoryUsage of job (MB)
	1703676  -  ResidentSetSize of job (KB)
...
006 (78851234.038.000) 2026-10-01 02:57:34 Image size of job updated: 1703684
	1664  -  MemoryUsage of job (MB)
	1703684  -  ResidentSetSize of job (KB)
...
006 (78851234.038.000) 2026-10-01 03:02:35 Image size of job updated: 1703688
	1664  -  MemoryUsage of job (MB)
	1703688  -  ResidentSetSize of job (KB)
...
006 (78851234.038.000) 2026-10-01 03:12:36 Image size of job updated: 1705064
	1666  -  MemoryUsage of job (MB)
	1705064  -  ResidentSetSize of job (KB)
...
006 (78851234.038.000) 2026-10-01 03:27:37 Image size of job updated: 1708136
	1669  -  MemoryUsage of job (MB)
	1708136  -  ResidentSetSize of job (KB)
...
006 (78851234.038.000) 2026-10-01 03:32:37 Image size of job updated: 1708140
	1669  -  MemoryUsage of job (MB)
	1708140  -  ResidentSetSize of job (KB)
...
006 (78851234.038.000) 2026-10-01 03:37:38 Image size of job updated: 1708144
	1669  -  MemoryUsage of job (MB)
	1708140  -  ResidentSetSize of job (KB)
...
006 (78851234.038.000) 2026-10-01 05:47:52 Image size of job updated: 1708908
	1669  -  MemoryUsage of job (MB)
	1708908  -  ResidentSetSize of job (KB)
...
006 (78851234.038.000) 2026-10-01 05:57:52 Image size of job updated: 1708912
	1669  -  MemoryUsage of job (MB)
	1708912  -  ResidentSetSize of job (KB)
...
006 (78851234.038.000) 2026-10-01 06:07:53 Image size of job updated: 1709424
	1670  -  MemoryUsage of job (MB)
	1709424  -  ResidentSetSize of job (KB)
...
006 (78851234.038.000) 2026-10-01 06:22:54 Image size of job updated: 1709920
	1670  -  MemoryUsage of job (MB)
	1709920  -  ResidentSetSize of job (KB)
...
006 (78851234.038.000) 2026-10-01 06:27:55 Image size of job updated: 1709924
	1670  -  MemoryUsage of job (MB)
	1709924  -  ResidentSetSize of job (KB)
...
006 (78851234.038.000) 2026-10-01 06:42:56 Image size of job updated: 1711088
	1671  -  MemoryUsage of job (MB)
	1711088  -  ResidentSetSize of job (KB)
...
006 (78851234.038.000) 2026-10-01 06:57:57 Image size of job updated: 1711940
	1672  -  MemoryUsage of job (MB)
	1711940  -  ResidentSetSize of job (KB)
...
006 (78851234.038.000) 2026-10-01 07:17:59 Image size of job updated: 1711948
	1672  -  MemoryUsage of job (MB)
	1711948  -  ResidentSetSize of job (KB)
...
006 (78851234.038.000) 2026-10-01 07:33:00 Image size of job updated: 1711952
	1672  -  MemoryUsage of job (MB)
	1711952  -  ResidentSetSize of job (KB)
...
006 (78851234.038.000) 2026-10-01 07:43:01 Image size of job updated: 1711956
	1672  -  MemoryUsage of job (MB)
	1711956  -  ResidentSetSize of job (KB)
...
006 (78851234.038.000) 2026-10-01 07:53:02 Image size of job updated: 1711968
	1672  -  MemoryUsage of job (MB)
	1711956  -  ResidentSetSize of job (KB)
...
006 (78851234.038.000) 2026-10-01 08:03:02 Image size of job updated: 1711968
	1672  -  MemoryUsage of job (MB)
	1711960  -  ResidentSetSize of job (KB)
...
006 (78851234.038.000) 2026-10-01 08:28:05 Image size of job updated: 1713984
	1674  -  MemoryUsage of job (MB)
	1713984  -  ResidentSetSize of job (KB)
...
006 (78851234.038.000) 2026-10-01 08:53:08 Image size of job updated: 1716692
	1677  -  MemoryUsage of job (MB)
	1716692  -  ResidentSetSize of job (KB)
...
006 (78851234.038.000) 2026-10-01 09:18:10 Image size of job updated: 1716700
	1677  -  MemoryUsage of job (MB)
	1716700  -  ResidentSetSize of job (KB)
...
006 (78851234.038.000) 2026-10-01 09:33:11 Image size of job updated: 1716704
	1677  -  MemoryUsage of job (MB)
	1716704  -  ResidentSetSize of job (KB)
...
006 (78851234.038.000) 2026-10-01 09:38:12 Image size of job updated: 1718724
	1679  -  MemoryUsage of job (MB)
	1718724  -  ResidentSetSize of job (KB)
...
006 (78851234.038.000) 2026-10-01 09:58:14 Image size of job updated: 1718728
	1679  -  MemoryUsage of job (MB)
	1718728  -  ResidentSetSize of job (KB)
...
006 (78851234.038.000) 2026-10-01 10:18:15 Image size of job updated: 1719392
	1680  -  MemoryUsage of job (MB)
	1719392  -  ResidentSetSize of job (KB)
...
006 (78851234.038.000) 2026-10-01 10:23:16 Image size of job updated: 1719396
	1680  -  MemoryUsage of job (MB)
	1719396  -  ResidentSetSize of job (KB)
...
006 (78851234.038.000) 2026-10-01 10:28:16 Image size of job updated: 1719500
	1680  -  MemoryUsage of job (MB)
	1719488  -  ResidentSetSize of job (KB)
...
006 (78851234.038.000) 2026-10-01 10:53:19 Image size of job updated: 1719500
	1680  -  MemoryUsage of job (MB)
	1719496  -  ResidentSetSize of job (KB)
...
006 (78851234.038.000) 2026-10-01 11:03:21 Image size of job updated: 1725480
	1686  -  MemoryUsage of job (MB)
	1725480  -  ResidentSetSize of job (KB)
...
006 (78851234.038.000) 2026-10-01 11:08:21 Image size of job updated: 1725484
	1686  -  MemoryUsage of job (MB)
	1725484  -  ResidentSetSize of job (KB)
...
006 (78851234.038.000) 2026-10-01 11:23:23 Image size of job updated: 1725488
	1686  -  MemoryUsage of job (MB)
	1725488  -  ResidentSetSize of job (KB)
...
006 (78851234.038.000) 2026-10-01 12:03:28 Image size of job updated: 1725496
	1686  -  MemoryUsage of job (MB)
	1725496  -  ResidentSetSize of job (KB)
...
006 (78851234.038.000) 2026-10-01 12:23:29 Image size of job updated: 1725500
	1686  -  MemoryUsage of job (MB)
	1725500  -  ResidentSetSize of job (KB)
...
006 (78851234.038.000) 2026-10-01 12:28:30 Image size of job updated: 1727548
	1688  -  MemoryUsage of job (MB)
	1727548  -  ResidentSetSize of job (KB)
...
006 (78851234.038.000) 2026-10-01 12:33:30 Image size of job updated: 1727552
	1688  -  MemoryUsage of job (MB)
	1727552  -  ResidentSetSize of job (KB)
...
004 (78851234.038.000) 2026-10-01 12:44:12 Job was evicted. Code 1019 Subcode 0
	(0) CPU times
		Usr 6 19:26:29, Sys 0 00:04:54  -  Run Remote Usage
		Usr 0 00:00:00, Sys 0 00:00:00  -  Run Local Usage
	0  -  Run Bytes Sent By Job
	0  -  Run Bytes Received By Job
	Reason: Preempted for a Priority user
	Partitionable Resources :    Usage  Request Allocated 
	   Cpus                 :     7.60        4         4 
	   Disk (KB)            : 25000       25000     28672 
	   GPUs                 :                           0 
	   Memory (MB)          :  1688        6000      6016 
	   TimeExecute (s)      : 86893                       
	   TimeSlotBusy (s)     : 86893                       
...
001 (78851234.038.000) 2026-10-01 12:45:07 Job executing on host: <10.14.10.89:9618?addrs=10.14.10.89-9618&alias=node2339.cluster.ldas.cit&noUDP&sock=startd_35557_b914>
	SlotName: slot1_7@node2339.cluster.ldas.cit
	CondorScratchDir = "/var/lib/condor/execute/dir_354383/scratch"
	Cpus = 4
	Disk = 28672
	GPUs = 0
	Memory = 6016
...
005 (78851234.038.000) 2026-10-02 11:35:47 Job terminated.
	(1) Normal termination (return value 0)
		Usr 9 08:06:52, Sys 0 00:30:18  -  Run Remote Usage
		Usr 0 00:00:00, Sys 0 00:00:00  -  Run Local Usage
		Usr 16 03:33:21, Sys 0 00:35:12  -  Total Remote Usage
		Usr 0 00:00:00, Sys 0 00:00:00  -  Total Local Usage
	0  -  Run Bytes Sent By Job
	0  -  Run Bytes Received By Job
	0  -  Total Bytes Sent By Job
	0  -  Total Bytes Received By Job
	Partitionable Resources :    Usage  Request Allocated 
	   Cpus                 :    15.87        4         4 
	   Disk (KB)            : 25000       25000     28672 
	   GPUs                 :                           0 
	   Memory (MB)          :  1709        6000      6016 
	   TimeExecute (s)      : 82240                       
	   TimeSlotBusy (s)     : 82240                       
...
000 (78854872.038.000) 2026-10-03 17:21:23 Job submitted from host: <10.14.0.121:9618?addrs=10.14.0.121-9618&alias=ldas-pcdev12.ligo.caltech.edu&noUDP&sock=schedd_623140_c9b4>
...
001 (78854872.038.000) 2026-10-03 17:22:11 Job executing on host: <10.14.9.63:9618?addrs=10.14.9.63-9618&alias=node2063.cluster.ldas.cit&noUDP&sock=startd_511725_5d71>
	SlotName: slot1_4@node2063.cluster.ldas.cit
	CondorScratchDir = "/var/lib/condor/execute/dir_2508322/scratch"
	Cpus = 4
	Disk = 28672
	GPUs = 0
	Memory = 6016
...
006 (78854872.038.000) 2026-10-03 17:22:19 Image size of job updated: 183792
	166  -  MemoryUsage of job (MB)
	169536  -  ResidentSetSize of job (KB)
...
006 (78854872.038.000) 2026-10-03 17:22:28 Image size of job updated: 496452
	166  -  MemoryUsage of job (MB)
	169536  -  ResidentSetSize of job (KB)
...
005 (78854872.038.000) 2026-10-03 17:22:28 Job terminated.
	(1) Normal termination (return value 0)
		Usr 0 00:00:15, Sys 0 00:00:00  -  Run Remote Usage
		Usr 0 00:00:00, Sys 0 00:00:00  -  Run Local Usage
		Usr 0 00:00:15, Sys 0 00:00:00  -  Total Remote Usage
		Usr 0 00:00:00, Sys 0 00:00:00  -  Total Local Usage
	0  -  Run Bytes Sent By Job
	0  -  Run Bytes Received By Job
	0  -  Total Bytes Sent By Job
	0  -  Total Bytes Received By Job
	Partitionable Resources :    Usage  Request Allocated 
	   Cpus                 :        0        4         4 
	   Disk (KB)            :    25000    25000     28672 
	   GPUs                 :                           0 
	   Memory (MB)          :      166     6000      6016 
	   TimeExecute (s)      :       17                    
	   TimeSlotBusy (s)     :       18                    
...
000 (78854906.038.000) 2026-10-03 21:36:50 Job submitted from host: <10.14.0.121:9618?addrs=10.14.0.121-9618&alias=ldas-pcdev12.ligo.caltech.edu&noUDP&sock=schedd_623140_c9b4>
...
001 (78854906.038.000) 2026-10-03 21:38:42 Job executing on host: <10.14.6.142:9618?addrs=10.14.6.142-9618&alias=node1392.cluster.ldas.cit&noUDP&sock=startd_35176_637f>
	SlotName: slot1_1@node1392.cluster.ldas.cit
	CondorScratchDir = "/var/lib/condor/execute/dir_599551/scratch"
	Cpus = 4
	Disk = 28672
	GPUs = 0
	Memory = 6016
...
006 (78854906.038.000) 2026-10-03 21:38:50 Image size of job updated: 158724
	156  -  MemoryUsage of job (MB)
	158724  -  ResidentSetSize of job (KB)
...
006 (78854906.038.000) 2026-10-03 21:39:04 Image size of job updated: 496524
	156  -  MemoryUsage of job (MB)
	158724  -  ResidentSetSize of job (KB)
...
005 (78854906.038.000) 2026-10-03 21:39:04 Job terminated.
	(1) Normal termination (return value 0)
		Usr 0 00:00:19, Sys 0 00:00:00  -  Run Remote Usage
		Usr 0 00:00:00, Sys 0 00:00:00  -  Run Local Usage
		Usr 0 00:00:19, Sys 0 00:00:00  -  Total Remote Usage
		Usr 0 00:00:00, Sys 0 00:00:00  -  Total Local Usage
	0  -  Run Bytes Sent By Job
	0  -  Run Bytes Received By Job
	0  -  Total Bytes Sent By Job
	0  -  Total Bytes Received By Job
	Partitionable Resources :    Usage  Request Allocated 
	   Cpus                 :     0.29        4         4 
	   Disk (KB)            : 25000       25000     28672 
	   GPUs                 :                           0 
	   Memory (MB)          :   156        6000      6016 
	   TimeExecute (s)      :    23                       
	   TimeSlotBusy (s)     :    23                       
...
000 (78855135.038.000) 2026-10-04 13:44:55 Job submitted from host: <10.14.0.121:9618?addrs=10.14.0.121-9618&alias=ldas-pcdev12.ligo.caltech.edu&noUDP&sock=schedd_623140_c9b4>
...
001 (78855135.038.000) 2026-10-04 13:49:17 Job executing on host: <10.14.7.8:9618?addrs=10.14.7.8-9618&alias=node1508.cluster.ldas.cit&noUDP&sock=startd_30255_fdf1>
	SlotName: slot1_1@node1508.cluster.ldas.cit
	CondorScratchDir = "/var/lib/condor/execute/dir_560385/scratch"
	Cpus = 4
	Disk = 28672
	GPUs = 0
	Memory = 6016
...
006 (78855135.038.000) 2026-10-04 13:49:26 Image size of job updated: 109584
	108  -  MemoryUsage of job (MB)
	109584  -  ResidentSetSize of job (KB)
...
006 (78855135.038.000) 2026-10-04 13:49:44 Image size of job updated: 496528
	108  -  MemoryUsage of job (MB)
	109584  -  ResidentSetSize of job (KB)
...
005 (78855135.038.000) 2026-10-04 13:49:44 Job terminated.
	(1) Normal termination (return value 0)
		Usr 0 00:00:12, Sys 0 00:00:00  -  Run Remote Usage
		Usr 0 00:00:00, Sys 0 00:00:00  -  Run Local Usage
		Usr 0 00:00:12, Sys 0 00:00:00  -  Total Remote Usage
		Usr 0 00:00:00, Sys 0 00:00:00  -  Total Local Usage
	0  -  Run Bytes Sent By Job
	0  -  Run Bytes Received By Job
	0  -  Total Bytes Sent By Job
	0  -  Total Bytes Received By Job
	Partitionable Resources :    Usage  Request Allocated 
	   Cpus                 :                 4         4 
	   Disk (KB)            :    25000    25000     28672 
	   GPUs                 :                           0 
	   Memory (MB)          :      108     6000      6016 
	   TimeExecute (s)      :       27                    
	   TimeSlotBusy (s)     :       27                    
...
