000 (78851234.039.000) 2026-09-30 12:35:31 Job submitted from host: <10.14.0.121:9618?addrs=10.14.0.121-9618&alias=ldas-pcdev12.ligo.caltech.edu&noUDP&sock=schedd_623140_c9b4>
...
001 (78851234.039.000) 2026-09-30 12:36:00 Job executing on host: <10.14.4.48:9618?addrs=10.14.4.48-9618&alias=node798.cluster.ldas.cit&noUDP&sock=startd_4116264_4e6b>
	SlotName: slot1_1@node798.cluster.ldas.cit
	CondorScratchDir = "/var/lib/condor/execute/dir_24682/scratch"
	Cpus = 4
	Disk = 28672
	GPUs = 0
	Memory = 6016
...
006 (78851234.039.000) 2026-09-30 12:36:08 Image size of job updated: 141780
	139  -  MemoryUsage of job (MB)
	141780  -  ResidentSetSize of job (KB)
...
006 (78851234.039.000) 2026-09-30 12:41:08 Image size of job updated: 345308
	338  -  MemoryUsage of job (MB)
	345308  -  ResidentSetSize of job (KB)
...
006 (78851234.039.000) 2026-09-30 12:46:09 Image size of job updated: 347968
	340  -  MemoryUsage of job (MB)
	347968  -  ResidentSetSize of job (KB)
...
006 (78851234.039.000) 2026-09-30 12:51:10 Image size of job updated: 484572
	474  -  MemoryUsage of job (MB)
	484572  -  ResidentSetSize of job (KB)
...
006 (78851234.039.000) 2026-09-30 12:56:10 Image size of job updated: 484772
	474  -  MemoryUsage of job (MB)
	484772  -  ResidentSetSize of job (KB)
...
006 (78851234.039.000) 2026-09-30 13:01:11 Image size of job updated: 484876
	474  -  MemoryUsage of job (MB)
	484772  -  ResidentSetSize of job (KB)
...
006 (78851234.039.000) 2026-09-30 13:21:12 Image size of job updated: 495404
	484  -  MemoryUsage of job (MB)
	495404  -  ResidentSetSize of job (KB)
...
006 (78851234.039.000) 2026-09-30 13:26:13 Image size of job updated: 547472
	535  -  MemoryUsage of job (MB)
	547472  -  ResidentSetSize of job (KB)
...
006 (78851234.039.000) 2026-09-30 13:31:13 Image size of job updated: 547544
	535  -  MemoryUsage of job (MB)
	547544  -  ResidentSetSize of job (KB)
...
006 (78851234.039.000) 2026-09-30 13:36:14 Image size of job updated: 547824
	535  -  MemoryUsage of job (MB)
	547824  -  ResidentSetSize of job (KB)
...
006 (78851234.039.000) 2026-09-30 13:41:14 Image size of job updated: 548076
	536  -  MemoryUsage of job (MB)
	548076  -  ResidentSetSize of job (KB)
...
006 (78851234.039.000) 2026-09-30 13:46:14 Image size of job updated: 548144
	536  -  MemoryUsage of job (MB)
	548144  -  ResidentSetSize of job (KB)
...
006 (78851234.039.000) 2026-09-30 13:51:15 Image size of job updated: 548232
	536  -  MemoryUsage of job (MB)
	548232  -  ResidentSetSize of job (KB)
...
006 (78851234.039.000) 2026-09-30 14:56:22 Image size of job updated: 656764
	642  -  MemoryUsage of job (MB)
	656764  -  ResidentSetSize of job (KB)
...
006 (78851234.039.000) 2026-09-30 15:01:23 Image size of job updated: 908880
	888  -  MemoryUsage of job (MB)
	908880  -  ResidentSetSize of job (KB)
...
006 (78851234.039.000) 2026-09-30 15:06:23 Image size of job updated: 1125744
	1100  -  MemoryUsage of job (MB)
	1125744  -  ResidentSetSize of job (KB)
...
006 (78851234.039.000) 2026-09-30 15:11:24 Image size of job updated: 1345440
	1314  -  MemoryUsage of job (MB)
	1345440  -  ResidentSetSize of job (KB)
...
006 (78851234.039.000) 2026-09-30 15:16:25 Image size of job updated: 1599940
	1563  -  MemoryUsage of job (MB)
	1599940  -  ResidentSetSize of job (KB)
...
006 (78851234.039.000) 2026-09-30 15:21:25 Image size of job updated: 1628700
	1591  -  MemoryUsage of job (MB)
	1628700  -  ResidentSetSize of job (KB)
...
006 (78851234.039.000) 2026-09-30 15:26:26 Image size of job updated: 1628736
	1591  -  MemoryUsage of job (MB)
	1628736  -  ResidentSetSize of job (KB)
...
006 (78851234.039.000) 2026-09-30 15:31:26 Image size of job updated: 1628776
	1591  -  MemoryUsage of job (MB)
	1628776  -  ResidentSetSize of job (KB)
...
006 (78851234.039.000) 2026-09-30 15:36:27 Image size of job updated: 1628792
	1591  -  MemoryUsage of job (MB)
	1628792  -  ResidentSetSize of job (KB)
...
006 (78851234.039.000) 2026-09-30 15:41:28 Image size of job updated: 1628896
	1591  -  MemoryUsage of job (MB)
	1628896  -  ResidentSetSize of job (KB)
...
006 (78851234.039.000) 2026-09-30 15:46:28 Image size of job updated: 1628940
	1591  -  MemoryUsage of job (MB)
	1628940  -  ResidentSetSize of job (KB)
...
006 (78851234.039.000) 2026-09-30 15:51:29 Image size of job updated: 1628944
	1591  -  MemoryUsage of job (MB)
	1628940  -  ResidentSetSize of job (KB)
...
006 (78851234.039.000) 2026-09-30 16:11:30 Image size of job updated: 1633552
	1596  -  MemoryUsage of job (MB)
	1633552  -  ResidentSetSize of job (KB)
...
006 (78851234.039.000) 2026-09-30 16:16:31 Image size of job updated: 1633564
	1596  -  MemoryUsage of job (MB)
	1633564  -  ResidentSetSize of job (KB)
...
006 (78851234.039.000) 2026-09-30 16:21:31 Image size of job updated: 1635628
	1598  -  MemoryUsage of job (MB)
	1635628  -  ResidentSetSize of job (KB)
...
006 (78851234.039.000) 2026-09-30 16:26:32 Image size of job updated: 1635648
	1598  -  MemoryUsage of job (MB)
	1635648  -  ResidentSetSize of job (KB)
...
006 (78851234.039.000) 2026-09-30 16:31:32 Image size of job updated: 1635668
	1598  -  MemoryUsage of job (MB)
	1635648  -  ResidentSetSize of job (KB)
...
006 (78851234.039.000) 2026-09-30 16:46:34 Image size of job updated: 1638320
	1600  -  MemoryUsage of job (MB)
	1638320  -  ResidentSetSize of job (KB)
...
006 (78851234.039.000) 2026-09-30 16:56:35 Image size of job updated: 1652724
	1614  -  MemoryUsage of job (MB)
	1652724  -  ResidentSetSize of job (KB)
...
006 (78851234.039.000) 2026-09-30 17:01:35 Image size of job updated: 1652740
	1615  -  MemoryUsage of job (MB)
	1652740  -  ResidentSetSize of job (KB)
...
006 (78851234.039.000) 2026-09-30 17:06:36 Image size of job updated: 1656072
	1618  -  MemoryUsage of job (MB)
	1655820  -  ResidentSetSize of job (KB)
...
006 (78851234.039.000) 2026-09-30 17:11:36 Image size of job updated: 1656072
	1618  -  MemoryUsage of job (MB)
	1655848  -  ResidentSetSize of job (KB)
...
006 (78851234.039.000) 2026-09-30 17:16:38 Image size of job updated: 1656072
	1618  -  MemoryUsage of job (MB)
	1655860  -  ResidentSetSize of job (KB)
...
006 (78851234.039.000) 2026-09-30 17:21:38 Image size of job updated: 1656072
	1618  -  MemoryUsage of job (MB)
	1655884  -  ResidentSetSize of job (KB)
...
006 (78851234.039.000) 2026-09-30 17:26:38 Image size of job updated: 1656072
	1618  -  MemoryUsage of job (MB)
	1655892  -  ResidentSetSize of job (KB)
...
006 (78851234.039.000) 2026-09-30 17:31:39 Image size of job updated: 1656072
	1618  -  MemoryUsage of job (MB)
	1655920  -  ResidentSetSize of job (KB)
...
006 (78851234.039.000) 2026-09-30 17:36:39 Image size of job updated: 1659000
	1620  -  MemoryUsage of job (MB)
	1657980  -  ResidentSetSize of job (KB)
...
006 (78851234.039.000) 2026-09-30 17:41:40 Image size of job updated: 1659000
	1620  -  MemoryUsage of job (MB)
	1658004  -  ResidentSetSize of job (KB)
...
006 (78851234.039.000) 2026-09-30 17:46:40 Image size of job updated: 1659000
	1620  -  MemoryUsage of job (MB)
	1658012  -  ResidentSetSize of job (KB)
...
006 (78851234.039.000) 2026-09-30 17:51:40 Image size of job updated: 1659000
	1620  -  MemoryUsage of job (MB)
	1658028  -  ResidentSetSize of job (KB)
...
006 (78851234.039.000) 2026-09-30 17:56:41 Image size of job updated: 1659000
	1620  -  MemoryUsage of job (MB)
	1658040  -  ResidentSetSize of job (KB)
...
006 (78851234.039.000) 2026-09-30 18:06:42 Image size of job updated: 1659000
	1620  -  MemoryUsage of job (MB)
	1658060  -  ResidentSetSize of job (KB)
...
006 (78851234.039.000) 2026-09-30 18:11:42 Image size of job updated: 1659000
	1620  -  MemoryUsage of job (MB)
	1658076  -  ResidentSetSize of job (KB)
...
006 (78851234.039.000) 2026-09-30 18:16:43 Image size of job updated: 1659000
	1620  -  MemoryUsage of job (MB)
	1658088  -  ResidentSetSize of job (KB)
...
006 (78851234.039.000) 2026-09-30 18:21:44 Image size of job updated: 1659000
	1620  -  MemoryUsage of job (MB)
	1658100  -  ResidentSetSize of job (KB)
...
006 (78851234.039.000) 2026-09-30 18:26:44 Image size of job updated: 1659000
	1620  -  MemoryUsage of job (MB)
	1658108  -  ResidentSetSize of job (KB)
...
006 (78851234.039.000) 2026-09-30 18:31:45 Image size of job updated: 1659000
	1620  -  MemoryUsage of job (MB)
	1658112  -  ResidentSetSize of job (KB)
...
006 (78851234.039.000) 2026-09-30 18:36:45 Image size of job updated: 1659000
	1620  -  MemoryUsage of job (MB)
	1658120  -  ResidentSetSize of job (KB)
...
006 (78851234.039.000) 2026-09-30 18:41:46 Image size of job updated: 1662224
	1624  -  MemoryUsage of job (MB)
	1662224  -  ResidentSetSize of job (KB)
...
006 (78851234.039.000) 2026-09-30 18:46:47 Image size of job updated: 1662228
	1624  -  MemoryUsage of job (MB)
	1662228  -  ResidentSetSize of job (KB)
...
006 (78851234.039.000) 2026-09-30 18:51:47 Image size of job updated: 1662240
	1624  -  MemoryUsage of job (MB)
	1662240  -  ResidentSetSize of job (KB)
...
006 (78851234.039.000) 2026-09-30 19:16:49 Image size of job updated: 1662272
	1624  -  MemoryUsage of job (MB)
	1662272  -  ResidentSetSize of job (KB)
...
006 (78851234.039.000) 2026-09-30 19:21:50 Image size of job updated: 1662276
	1624  -  MemoryUsage of job (MB)
	1662276  -  ResidentSetSize of job (KB)
...
006 (78851234.039.000) 2026-09-30 19:26:50 Image size of job updated: 1665296
	1625  -  MemoryUsage of job (MB)
	1663312  -  ResidentSetSize of job (KB)
...
006 (78851234.039.000) 2026-09-30 19:31:51 Image size of job updated: 1665296
	1625  -  MemoryUsage of job (MB)
	1663320  -  ResidentSetSize of job (KB)
...
006 (78851234.039.000) 2026-09-30 19:36:51 Image size of job updated: 1665296
	1625  -  MemoryUsage of job (MB)
	1663324  -  ResidentSetSize of job (KB)
...
006 (78851234.039.000) 2026-09-30 19:41:52 Image size of job updated: 1665296
	1625  -  MemoryUsage of job (MB)
	1663336  -  ResidentSetSize of job (KB)
...
006 (78851234.039.000) 2026-09-30 19:51:52 Image size of job updated: 1665296
	1626  -  MemoryUsage of job (MB)
	1664368  -  ResidentSetSize of job (KB)
...
006 (78851234.039.000) 2026-09-30 19:56:53 Image size of job updated: 1665296
	1626  -  MemoryUsage of job (MB)
	1664376  -  ResidentSetSize of job (KB)
...
006 (78851234.039.000) 2026-09-30 20:01:53 Image size of job updated: 1666424
	1626  -  MemoryUsage of job (MB)
	1664376  -  ResidentSetSize of job (KB)
...
006 (78851234.039.000) 2026-09-30 20:06:54 Image size of job updated: 1666424
	1626  -  MemoryUsage of job (MB)
	1664384  -  ResidentSetSize of job (KB)
...
006 (78851234.039.000) 2026-09-30 20:11:54 Image size of job updated: 1666448
	1628  -  MemoryUsage of job (MB)
	1666432  -  ResidentSetSize of job (KB)
...
006 (78851234.039.000) 2026-09-30 20:16:54 Image size of job updated: 1666448
	1628  -  MemoryUsage of job (MB)
	1666440  -  ResidentSetSize of job (KB)
...
006 (78851234.039.000) 2026-09-30 20:26:55 Image size of job updated: 1668488
	1630  -  MemoryUsage of job (MB)
	1668488  -  ResidentSetSize of job (KB)
...
006 (78851234.039.000) 2026-09-30 20:31:56 Image size of job updated: 1668492
	1630  -  MemoryUsage of job (MB)
	1668492  -  ResidentSetSize of job (KB)
...
006 (78851234.039.000) 2026-09-30 20:36:56 Image size of job updated: 1669520
	1630  -  MemoryUsage of job (MB)
	1668492  -  ResidentSetSize of job (KB)
...
006 (78851234.039.000) 2026-09-30 20:46:57 Image size of job updated: 1669536
	1630  -  MemoryUsage of job (MB)
	1668512  -  ResidentSetSize of job (KB)
...
006 (78851234.039.000) 2026-09-30 20:51:57 Image size of job updated: 1669536
	1630  -  MemoryUsage of job (MB)
	1668520  -  ResidentSetSize of job (KB)
...
006 (78851234.039.000) 2026-09-30 21:01:58 Image size of job updated: 1669536
	1630  -  MemoryUsage of job (MB)
	1668536  -  ResidentSetSize of job (KB)
...
006 (78851234.039.000) 2026-09-30 21:06:59 Image size of job updated: 1676216
	1637  -  MemoryUsage of job (MB)
	1676216  -  ResidentSetSize of job (KB)
...
006 (78851234.039.000) 2026-09-30 21:11:59 Image size of job updated: 1676236
	1637  -  MemoryUsage of job (MB)
	1676236  -  ResidentSetSize of job (KB)
...
006 (78851234.039.000) 2026-09-30 21:27:00 Image size of job updated: 1676240
	1637  -  MemoryUsage of job (MB)
	1676240  -  ResidentSetSize of job (KB)
...
006 (78851234.039.000) 2026-09-30 21:52:02 Image size of job updated: 1679324
	1638  -  MemoryUsage of job (MB)
	1677280  -  ResidentSetSize of job (KB)
...
006 (78851234.039.000) 2026-09-30 21:57:03 Image size of job updated: 1679324
	1638  -  MemoryUsage of job (MB)
	1677284  -  ResidentSetSize of job (KB)
...
006 (78851234.039.000) 2026-09-30 22:12:04 Image size of job updated: 1679324
	1638  -  MemoryUsage of job (MB)
	1677288  -  ResidentSetSize of job (KB)
...
006 (78851234.039.000) 2026-09-30 22:17:04 Image size of job updated: 1679324
	1638  -  MemoryUsage of job (MB)
	1677292  -  ResidentSetSize of job (KB)
...
006 (78851234.039.000) 2026-09-30 22:22:05 Image size of job updated: 1679324
	1638  -  MemoryUsage of job (MB)
	1677300  -  ResidentSetSize of job (KB)
...
006 (78851234.039.000) 2026-09-30 22:27:05 Image size of job updated: 1679324
	1638  -  MemoryUsage of job (MB)
	1677312  -  ResidentSetSize of job (KB)
...
006 (78851234.039.000) 2026-09-30 22:37:07 Image size of job updated: 1679324
	1640  -  MemoryUsage of job (MB)
	1678688  -  ResidentSetSize of job (KB)
...
006 (78851234.039.000) 2026-09-30 22:42:07 Image size of job updated: 1679324
	1640  -  MemoryUsage of job (MB)
	1678692  -  ResidentSetSize of job (KB)
...
006 (78851234.039.000) 2026-09-30 22:47:08 Image size of job updated: 1679376
	1641  -  MemoryUsage of job (MB)
	1679376  -  ResidentSetSize of job (KB)
...
006 (78851234.039.000) 2026-09-30 22:52:08 Image size of job updated: 1679380
	1641  -  MemoryUsage of job (MB)
	1679380  -  ResidentSetSize of job (KB)
...
006 (78851234.039.000) 2026-09-30 23:47:14 Image size of job updated: 1679444
	1641  -  MemoryUsage of job (MB)
	1679444  -  ResidentSetSize of job (KB)
...
006 (78851234.039.000) 2026-10-01 00:12:16 Image size of job updated: 1679460
	1641  -  MemoryUsage of job (MB)
	1679460  -  ResidentSetSize of job (KB)
...
006 (78851234.039.000) 2026-10-01 00:22:17 Image size of job updated: 1679736
	1641  -  MemoryUsage of job (MB)
	1679736  -  ResidentSetSize of job (KB)
...
006 (78851234.039.000) 2026-10-01 00:47:20 Image size of job updated: 1680852
	1642  -  MemoryUsage of job (MB)
	1680764  -  ResidentSetSize of job (KB)
...
006 (78851234.039.000) 2026-10-01 00:57:21 Image size of job updated: 1680852
	1642  -  MemoryUsage of job (MB)
	1680768  -  ResidentSetSize of job (KB)
...
006 (78851234.039.000) 2026-10-01 01:07:22 Image size of job updated: 1682928
	1644  -  MemoryUsage of job (MB)
	1682928  -  ResidentSetSize of job (KB)
...
006 (78851234.039.000) 2026-10-01 01:12:22 Image size of job updated: 1682932
	1644  -  MemoryUsage of job (MB)
	1682932  -  ResidentSetSize of job (KB)
...
006 (78851234.039.000) 2026-10-01 01:17:23 Image size of job updated: 1683144
	1644  -  MemoryUsage of job (MB)
	1683144  -  ResidentSetSize of job (KB)
...
006 (78851234.039.000) 2026-10-01 01:22:23 Image size of job updated: 1683148
	1644  -  MemoryUsage of job (MB)
	1683148  -  ResidentSetSize of job (KB)
...
006 (78851234.039.000) 2026-10-01 01:52:27 Image size of job updated: 1684204
	1645  -  MemoryUsage of job (MB)
	1684204  -  ResidentSetSize of job (KB)
...
006 (78851234.039.000) 2026-10-01 02:02:28 Image size of job updated: 1684208
	1645  -  MemoryUsage of job (MB)
	1684208  -  ResidentSetSize of job (KB)
...
006 (78851234.039.000) 2026-10-01 02:12:29 Image size of job updated: 1693576
	1654  -  MemoryUsage of job (MB)
	1693576  -  ResidentSetSize of job (KB)
...
006 (78851234.039.000) 2026-10-01 02:17:30 Image size of job updated: 1693584
	1654  -  MemoryUsage of job (MB)
	1693584  -  ResidentSetSize of job (KB)
...
006 (78851234.039.000) 2026-10-01 03:07:35 Image size of job updated: 1694636
	1655  -  MemoryUsage of job (MB)
	1694636  -  ResidentSetSize of job (KB)
...
006 (78851234.039.000) 2026-10-01 03:12:35 Image size of job updated: 1694640
	1655  -  MemoryUsage of job (MB)
	1694640  -  ResidentSetSize of job (KB)
...
006 (78851234.039.000) 2026-10-01 03:42:39 Image size of job updated: 1695648
	1656  -  MemoryUsage of job (MB)
	1695648  -  ResidentSetSize of job (KB)
...
006 (78851234.039.000) 2026-10-01 03:52:40 Image size of job updated: 1696840
	1658  -  MemoryUsage of job (MB)
	1696840  -  ResidentSetSize of job (KB)
...
006 (78851234.039.000) 2026-10-01 04:02:41 Image size of job updated: 1700752
	1661  -  MemoryUsage of job (MB)
	1700752  -  ResidentSetSize of job (KB)
...
006 (78851234.039.000) 2026-10-01 04:07:41 Image size of job updated: 1700756
	1661  -  MemoryUsage of job (MB)
	1700756  -  ResidentSetSize of job (KB)
...
006 (78851234.039.000) 2026-10-01 07:58:06 Image size of job updated: 1701440
	1662  -  MemoryUsage of job (MB)
	1701440  -  ResidentSetSize of job (KB)
...
006 (78851234.039.000) 2026-10-01 08:08:07 Image size of job updated: 1701444
	1662  -  MemoryUsage of job (MB)
	1701444  -  ResidentSetSize of job (KB)
...
006 (78851234.039.000) 2026-10-01 08:18:08 Image size of job updated: 1701448
	1662  -  MemoryUsage of job (MB)
	1701448  -  ResidentSetSize of job (KB)
...
006 (78851234.039.000) 2026-10-01 08:23:08 Image size of job updated: 1701452
	1662  -  MemoryUsage of job (MB)
	1701452  -  ResidentSetSize of job (KB)
...
006 (78851234.039.000) 2026-10-01 08:33:09 Image size of job updated: 1708700
	1669  -  MemoryUsage of job (MB)
	1708700  -  ResidentSetSize of job (KB)
...
006 (78851234.039.000) 2026-10-01 08:43:10 Image size of job updated: 1709184
	1669  -  MemoryUsage of job (MB)
	1708700  -  ResidentSetSize of job (KB)
...
006 (78851234.039.000) 2026-10-01 08:53:11 Image size of job updated: 1710196
	1671  -  MemoryUsage of job (MB)
	1710196  -  ResidentSetSize of job (KB)
...
006 (78851234.039.000) 2026-10-01 09:03:12 Image size of job updated: 1711212
	1672  -  MemoryUsage of job (MB)
	1711212  -  ResidentSetSize of job (KB)
...
006 (78851234.039.000) 2026-10-01 09:28:15 Image size of job updated: 1711216
	1672  -  MemoryUsage of job (MB)
	1711216  -  ResidentSetSize of job (KB)
...
006 (78851234.039.000) 2026-10-01 10:03:19 Image size of job updated: 1711224
	1672  -  MemoryUsage of job (MB)
	1711224  -  ResidentSetSize of job (KB)
...
006 (78851234.039.000) 2026-10-01 10:18:20 Image size of job updated: 1712232
	1672  -  MemoryUsage of job (MB)
	1711224  -  ResidentSetSize of job (KB)
...
006 (78851234.039.000) 2026-10-01 10:28:21 Image size of job updated: 1712232
	1672  -  MemoryUsage of job (MB)
	1711236  -  ResidentSetSize of job (KB)
...
006 (78851234.039.000) 2026-10-01 10:43:22 Image size of job updated: 1712244
	1672  -  MemoryUsage of job (MB)
	1711236  -  ResidentSetSize of job (KB)
...
006 (78851234.039.000) 2026-10-01 11:03:24 Image size of job updated: 1712244
	1673  -  MemoryUsage of job (MB)
	1712244  -  ResidentSetSize of job (KB)
...
006 (78851234.039.000) 2026-10-01 11:23:25 Image size of job updated: 1712248
	1673  -  MemoryUsage of job (MB)
	1712248  -  ResidentSetSize of job (KB)
...
006 (78851234.039.000) 2026-10-01 11:28:26 Image size of job updated: 1713256
	1673  -  MemoryUsage of job (MB)
	1712248  -  ResidentSetSize of job (KB)
...
006 (78851234.039.000) 2026-10-01 11:43:27 Image size of job updated: 1713256
	1673  -  MemoryUsage of job (MB)
	1712252  -  ResidentSetSize of job (KB)
...
006 (78851234.039.000) 2026-10-01 11:48:27 Image size of job updated: 1715568
	1676  -  MemoryUsage of job (MB)
	1715568  -  ResidentSetSize of job (KB)
...
006 (78851234.039.000) 2026-10-01 11:53:28 Image size of job updated: 1717584
	1677  -  MemoryUsage of job (MB)
	1716576  -  ResidentSetSize of job (KB)
...
006 (78851234.039.000) 2026-10-01 11:58:28 Image size of job updated: 1717584
	1677  -  MemoryUsage of job (MB)
	1716580  -  ResidentSetSize of job (KB)
...
006 (78851234.039.000) 2026-10-01 12:03:28 Image size of job updated: 1717584
	1677  -  MemoryUsage of job (MB)
	1716592  -  ResidentSetSize of job (KB)
...
006 (78851234.039.000) 2026-10-01 12:08:29 Image size of job updated: 1717584
	1677  -  MemoryUsage of job (MB)
	1716596  -  ResidentSetSize of job (KB)
...
006 (78851234.039.000) 2026-10-01 12:18:30 Image size of job updated: 1717604
	1678  -  MemoryUsage of job (MB)
	1717604  -  ResidentSetSize of job (KB)
...
006 (78851234.039.000) 2026-10-01 12:23:30 Image size of job updated: 1717612
	1678  -  MemoryUsage of job (MB)
	1717612  -  ResidentSetSize of job (KB)
...
006 (78851234.039.000) 2026-10-01 12:38:31 Image size of job updated: 1717620
	1678  -  MemoryUsage of job (MB)
	1717620  -  ResidentSetSize of job (KB)
...
006 (78851234.039.000) 2026-10-01 12:43:32 Image size of job updated: 1717624
	1678  -  MemoryUsage of job (MB)
	1717624  -  ResidentSetSize of job (KB)
...
006 (78851234.039.000) 2026-10-01 12:47:28 Image size of job updated: 1717628
	1678  -  MemoryUsage of job (MB)
	1717624  -  ResidentSetSize of job (KB)
...
004 (78851234.039.000) 2026-10-01 12:47:28 Job was evicted. Code 1019 Subcode 0
	(0) CPU times
		Usr 5 23:27:15, Sys 0 00:04:32  -  Run Remote Usage
		Usr 0 00:00:00, Sys 0 00:00:00  -  Run Local Usage
	0  -  Run Bytes Sent By Job
	0  -  Run Bytes Received By Job
	Reason: Preempted for a Priority user
	Partitionable Resources :    Usage  Request Allocated 
	   Cpus                 :     7.38        4         4 
	   Disk (KB)            : 25000       25000     28672 
	   GPUs                 :                           0 
	   Memory (MB)          :  1678        6000      6016 
	   TimeExecute (s)      : 87088                       
	   TimeSlotBusy (s)     : 87089                       
...
001 (78851234.039.000) 2026-10-01 12:50:49 Job executing on host: <10.14.4.75:9618?addrs=10.14.4.75-9618&alias=node825.cluster.ldas.cit&noUDP&sock=startd_3994607_b92b>
	SlotName: slot1_1@node825.cluster.ldas.cit
	CondorScratchDir = "/var/lib/condor/execute/dir_111155/scratch"
	Cpus = 4
	Disk = 28672
	GPUs = 0
	Memory = 6016
...
006 (78851234.039.000) 2026-10-01 18:06:24 Image size of job updated: 1751984
	1711  -  MemoryUsage of job (MB)
	1751984  -  ResidentSetSize of job (KB)
...
006 (78851234.039.000) 2026-10-01 18:11:24 Image size of job updated: 1752020
	1711  -  MemoryUsage of job (MB)
	1752020  -  ResidentSetSize of job (KB)
...
006 (78851234.039.000) 2026-10-01 18:16:24 Image size of job updated: 1752052
	1711  -  MemoryUsage of job (MB)
	1752052  -  ResidentSetSize of job (KB)
...
006 (78851234.039.000) 2026-10-01 18:21:25 Image size of job updated: 1752080
	1712  -  MemoryUsage of job (MB)
	1752080  -  ResidentSetSize of job (KB)
...
006 (78851234.039.000) 2026-10-01 18:26:25 Image size of job updated: 1752104
	1712  -  MemoryUsage of job (MB)
	1752104  -  ResidentSetSize of job (KB)
...
006 (78851234.039.000) 2026-10-01 18:31:26 Image size of job updated: 1752108
	1712  -  MemoryUsage of job (MB)
	1752104  -  ResidentSetSize of job (KB)
...
006 (78851234.039.000) 2026-10-01 18:41:27 Image size of job updated: 1753220
	1713  -  MemoryUsage of job (MB)
	1753220  -  ResidentSetSize of job (KB)
...
006 (78851234.039.000) 2026-10-01 18:46:28 Image size of job updated: 1753252
	1713  -  MemoryUsage of job (MB)
	1753252  -  ResidentSetSize of job (KB)
...
006 (78851234.039.000) 2026-10-01 18:51:28 Image size of job updated: 1753264
	1713  -  MemoryUsage of job (MB)
	1753264  -  ResidentSetSize of job (KB)
...
006 (78851234.039.000) 2026-10-01 18:56:29 Image size of job updated: 1753292
	1713  -  MemoryUsage of job (MB)
	1753292  -  ResidentSetSize of job (KB)
...
006 (78851234.039.000) 2026-10-01 19:01:29 Image size of job updated: 1753312
	1713  -  MemoryUsage of job (MB)
	1753312  -  ResidentSetSize of job (KB)
...
006 (78851234.039.000) 2026-10-01 19:06:29 Image size of job updated: 1753316
	1713  -  MemoryUsage of job (MB)
	1753316  -  ResidentSetSize of job (KB)
...
006 (78851234.039.000) 2026-10-01 19:11:30 Image size of job updated: 1753368
	1713  -  MemoryUsage of job (MB)
	1753368  -  ResidentSetSize of job (KB)
...
006 (78851234.039.000) 2026-10-01 19:16:30 Image size of job updated: 1753392
	1713  -  MemoryUsage of job (MB)
	1753392  -  ResidentSetSize of job (KB)
...
006 (78851234.039.000) 2026-10-01 19:21:31 Image size of job updated: 1753404
	1713  -  MemoryUsage of job (MB)
	1753404  -  ResidentSetSize of job (KB)
...
006 (78851234.039.000) 2026-10-01 19:26:31 Image size of job updated: 1753448
	1713  -  MemoryUsage of job (MB)
	1753448  -  ResidentSetSize of job (KB)
...
006 (78851234.039.000) 2026-10-01 19:31:32 Image size of job updated: 1753472
	1713  -  MemoryUsage of job (MB)
	1753472  -  ResidentSetSize of job (KB)
...
006 (78851234.039.000) 2026-10-01 19:36:33 Image size of job updated: 1753516
	1713  -  MemoryUsage of job (MB)
	1753516  -  ResidentSetSize of job (KB)
...
006 (78851234.039.000) 2026-10-01 19:41:33 Image size of job updated: 1753580
	1713  -  MemoryUsage of job (MB)
	1753580  -  ResidentSetSize of job (KB)
...
006 (78851234.039.000) 2026-10-01 19:46:34 Image size of job updated: 1753596
	1713  -  MemoryUsage of job (MB)
	1753596  -  ResidentSetSize of job (KB)
...
006 (78851234.039.000) 2026-10-01 19:51:34 Image size of job updated: 1753624
	1713  -  MemoryUsage of job (MB)
	1753624  -  ResidentSetSize of job (KB)
...
006 (78851234.039.000) 2026-10-01 19:56:35 Image size of job updated: 1753660
	1713  -  MemoryUsage of job (MB)
	1753660  -  ResidentSetSize of job (KB)
...
006 (78851234.039.000) 2026-10-01 20:01:35 Image size of job updated: 1754724
	1713  -  MemoryUsage of job (MB)
	1753716  -  ResidentSetSize of job (KB)
...
006 (78851234.039.000) 2026-10-01 20:06:35 Image size of job updated: 1754724
	1713  -  MemoryUsage of job (MB)
	1753748  -  ResidentSetSize of job (KB)
...
006 (78851234.039.000) 2026-10-01 20:11:36 Image size of job updated: 1754724
	1713  -  MemoryUsage of job (MB)
	1753756  -  ResidentSetSize of job (KB)
...
006 (78851234.039.000) 2026-10-01 20:16:36 Image size of job updated: 1754812
	1714  -  MemoryUsage of job (MB)
	1754812  -  ResidentSetSize of job (KB)
...
006 (78851234.039.000) 2026-10-01 20:21:37 Image size of job updated: 1754840
	1714  -  MemoryUsage of job (MB)
	1754840  -  ResidentSetSize of job (KB)
...
006 (78851234.039.000) 2026-10-01 20:26:37 Image size of job updated: 1754864
	1714  -  MemoryUsage of job (MB)
	1754840  -  ResidentSetSize of job (KB)
...
006 (78851234.039.000) 2026-10-01 21:06:40 Image size of job updated: 1756024
	1715  -  MemoryUsage of job (MB)
	1756024  -  ResidentSetSize of job (KB)
...
006 (78851234.039.000) 2026-10-01 21:11:41 Image size of job updated: 1756032
	1715  -  MemoryUsage of job (MB)
	1756032  -  ResidentSetSize of job (KB)
...
006 (78851234.039.000) 2026-10-01 22:06:46 Image size of job updated: 1757328
	1717  -  MemoryUsage of job (MB)
	1757328  -  ResidentSetSize of job (KB)
...
006 (78851234.039.000) 2026-10-01 22:11:46 Image size of job updated: 1757340
	1717  -  MemoryUsage of job (MB)
	1757340  -  ResidentSetSize of job (KB)
...
006 (78851234.039.000) 2026-10-01 22:16:46 Image size of job updated: 1757344
	1717  -  MemoryUsage of job (MB)
	1757344  -  ResidentSetSize of job (KB)
...
006 (78851234.039.000) 2026-10-01 22:21:47 Image size of job updated: 1757396
	1717  -  MemoryUsage of job (MB)
	1757396  -  ResidentSetSize of job (KB)
...
006 (78851234.039.000) 2026-10-01 22:26:47 Image size of job updated: 1757404
	1717  -  MemoryUsage of job (MB)
	1757404  -  ResidentSetSize of job (KB)
...
006 (78851234.039.000) 2026-10-01 22:31:48 Image size of job updated: 1757436
	1717  -  MemoryUsage of job (MB)
	1757436  -  ResidentSetSize of job (KB)
...
006 (78851234.039.000) 2026-10-01 22:36:48 Image size of job updated: 1758452
	1718  -  MemoryUsage of job (MB)
	1758452  -  ResidentSetSize of job (KB)
...
006 (78851234.039.000) 2026-10-01 22:46:50 Image size of job updated: 1762472
	1722  -  MemoryUsage of job (MB)
	1762472  -  ResidentSetSize of job (KB)
...
006 (78851234.039.000) 2026-10-01 23:01:51 Image size of job updated: 1762476
	1722  -  MemoryUsage of job (MB)
	1762476  -  ResidentSetSize of job (KB)
...
006 (78851234.039.000) 2026-10-01 23:06:52 Image size of job updated: 1762492
	1722  -  MemoryUsage of job (MB)
	1762492  -  ResidentSetSize of job (KB)
...
006 (78851234.039.000) 2026-10-01 23:11:52 Image size of job updated: 1762500
	1722  -  MemoryUsage of job (MB)
	1762500  -  ResidentSetSize of job (KB)
...
006 (78851234.039.000) 2026-10-01 23:16:52 Image size of job updated: 1763516
	1723  -  MemoryUsage of job (MB)
	1763516  -  ResidentSetSize of job (KB)
...
006 (78851234.039.000) 2026-10-01 23:21:53 Image size of job updated: 1763520
	1723  -  MemoryUsage of job (MB)
	1763520  -  ResidentSetSize of job (KB)
...
006 (78851234.039.000) 2026-10-01 23:36:54 Image size of job updated: 1763528
	1723  -  MemoryUsage of job (MB)
	1763528  -  ResidentSetSize of job (KB)
...
006 (78851234.039.000) 2026-10-01 23:41:54 Image size of job updated: 1763556
	1723  -  MemoryUsage of job (MB)
	1763556  -  ResidentSetSize of job (KB)
...
006 (78851234.039.000) 2026-10-01 23:46:55 Image size of job updated: 1763572
	1723  -  MemoryUsage of job (MB)
	1763572  -  ResidentSetSize of job (KB)
...
006 (78851234.039.000) 2026-10-01 23:51:55 Image size of job updated: 1763584
	1723  -  MemoryUsage of job (MB)
	1763584  -  ResidentSetSize of job (KB)
...
006 (78851234.039.000) 2026-10-01 23:56:56 Image size of job updated: 1763600
	1723  -  MemoryUsage of job (MB)
	1763600  -  ResidentSetSize of job (KB)
...
006 (78851234.039.000) 2026-10-02 00:01:56 Image size of job updated: 1764616
	1724  -  MemoryUsage of job (MB)
	1764616  -  ResidentSetSize of job (KB)
...
006 (78851234.039.000) 2026-10-02 00:06:56 Image size of job updated: 1764620
	1724  -  MemoryUsage of job (MB)
	1764620  -  ResidentSetSize of job (KB)
...
006 (78851234.039.000) 2026-10-02 00:11:57 Image size of job updated: 1764624
	1724  -  MemoryUsage of job (MB)
	1764624  -  ResidentSetSize of job (KB)
...
006 (78851234.039.000) 2026-10-02 00:16:57 Image size of job updated: 1764636
	1724  -  MemoryUsage of job (MB)
	1764636  -  ResidentSetSize of job (KB)
...
006 (78851234.039.000) 2026-10-02 00:21:58 Image size of job updated: 1764656
	1724  -  MemoryUsage of job (MB)
	1764656  -  ResidentSetSize of job (KB)
...
006 (78851234.039.000) 2026-10-02 00:26:58 Image size of job updated: 1764660
	1724  -  MemoryUsage of job (MB)
	1764660  -  ResidentSetSize of job (KB)
...
006 (78851234.039.000) 2026-10-02 00:31:59 Image size of job updated: 1764712
	1724  -  MemoryUsage of job (MB)
	1764712  -  ResidentSetSize of job (KB)
...
006 (78851234.039.000) 2026-10-02 00:36:59 Image size of job updated: 1764716
	1724  -  MemoryUsage of job (MB)
	1764716  -  ResidentSetSize of job (KB)
...
006 (78851234.039.000) 2026-10-02 00:42:00 Image size of job updated: 1764736
	1724  -  MemoryUsage of job (MB)
	1764736  -  ResidentSetSize of job (KB)
...
006 (78851234.039.000) 2026-10-02 00:47:00 Image size of job updated: 1764740
	1724  -  MemoryUsage of job (MB)
	1764740  -  ResidentSetSize of job (KB)
...
006 (78851234.039.000) 2026-10-02 00:52:00 Image size of job updated: 1764748
	1724  -  MemoryUsage of job (MB)
	1764748  -  ResidentSetSize of job (KB)
...
006 (78851234.039.000) 2026-10-02 00:57:01 Image size of job updated: 1764772
	1724  -  MemoryUsage of job (MB)
	1764772  -  ResidentSetSize of job (KB)
...
006 (78851234.039.000) 2026-10-02 01:02:01 Image size of job updated: 1765784
	1725  -  MemoryUsage of job (MB)
	1765784  -  ResidentSetSize of job (KB)
...
006 (78851234.039.000) 2026-10-02 01:07:02 Image size of job updated: 1765792
	1725  -  MemoryUsage of job (MB)
	1765792  -  ResidentSetSize of job (KB)
...
006 (78851234.039.000) 2026-10-02 01:17:03 Image size of job updated: 1765796
	1725  -  MemoryUsage of job (MB)
	1765796  -  ResidentSetSize of job (KB)
...
006 (78851234.039.000) 2026-10-02 01:22:03 Image size of job updated: 1765800
	1725  -  MemoryUsage of job (MB)
	1765800  -  ResidentSetSize of job (KB)
...
006 (78851234.039.000) 2026-10-02 01:27:04 Image size of job updated: 1765812
	1725  -  MemoryUsage of job (MB)
	1765812  -  ResidentSetSize of job (KB)
...
006 (78851234.039.000) 2026-10-02 01:32:04 Image size of job updated: 1765840
	1725  -  MemoryUsage of job (MB)
	1765840  -  ResidentSetSize of job (KB)
...
006 (78851234.039.000) 2026-10-02 01:37:05 Image size of job updated: 1765852
	1725  -  MemoryUsage of job (MB)
	1765852  -  ResidentSetSize of job (KB)
...
006 (78851234.039.000) 2026-10-02 01:42:05 Image size of job updated: 1765876
	1725  -  MemoryUsage of job (MB)
	1765876  -  ResidentSetSize of job (KB)
...
006 (78851234.039.000) 2026-10-02 01:47:06 Image size of job updated: 1765888
	1725  -  MemoryUsage of job (MB)
	1765888  -  ResidentSetSize of job (KB)
...
006 (78851234.039.000) 2026-10-02 01:52:07 Image size of job updated: 1765912
	1725  -  MemoryUsage of job (MB)
	1765912  -  ResidentSetSize of job (KB)
...
006 (78851234.039.000) 2026-10-02 01:57:07 Image size of job updated: 1765928
	1725  -  MemoryUsage of job (MB)
	1765928  -  ResidentSetSize of job (KB)
...
006 (78851234.039.000) 2026-10-02 02:02:08 Image size of job updated: 1766964
	1726  -  MemoryUsage of job (MB)
	1766964  -  ResidentSetSize of job (KB)
...
006 (78851234.039.000) 2026-10-02 02:07:08 Image size of job updated: 1766984
	1726  -  MemoryUsage of job (MB)
	1766984  -  ResidentSetSize of job (KB)
...
006 (78851234.039.000) 2026-10-02 02:12:09 Image size of job updated: 1767084
	1726  -  MemoryUsage of job (MB)
	1767084  -  ResidentSetSize of job (KB)
...
006 (78851234.039.000) 2026-10-02 02:17:10 Image size of job updated: 1767088
	1726  -  MemoryUsage of job (MB)
	1767088  -  ResidentSetSize of job (KB)
...
006 (78851234.039.000) 2026-10-02 02:22:10 Image size of job updated: 1767096
	1726  -  MemoryUsage of job (MB)
	1767096  -  ResidentSetSize of job (KB)
...
006 (78851234.039.000) 2026-10-02 02:27:11 Image size of job updated: 1768104
	1726  -  MemoryUsage of job (MB)
	1767108  -  ResidentSetSize of job (KB)
...
006 (78851234.039.000) 2026-10-02 02:32:11 Image size of job updated: 1768104
	1726  -  MemoryUsage of job (MB)
	1767116  -  ResidentSetSize of job (KB)
...
006 (78851234.039.000) 2026-10-02 02:52:13 Image size of job updated: 1768208
	1726  -  MemoryUsage of job (MB)
	1767204  -  ResidentSetSize of job (KB)
...
006 (78851234.039.000) 2026-10-02 02:57:13 Image size of job updated: 1768208
	1726  -  MemoryUsage of job (MB)
	1767224  -  ResidentSetSize of job (KB)
...
006 (78851234.039.000) 2026-10-02 03:02:13 Image size of job updated: 1768208
	1726  -  MemoryUsage of job (MB)
	1767236  -  ResidentSetSize of job (KB)
...
006 (78851234.039.000) 2026-10-02 03:07:14 Image size of job updated: 1768208
	1726  -  MemoryUsage of job (MB)
	1767248  -  ResidentSetSize of job (KB)
...
006 (78851234.039.000) 2026-10-02 03:12:14 Image size of job updated: 1768208
	1726  -  MemoryUsage of job (MB)
	1767256  -  ResidentSetSize of job (KB)
...
006 (78851234.039.000) 2026-10-02 03:17:15 Image size of job updated: 1769288
	1728  -  MemoryUsage of job (MB)
	1769288  -  ResidentSetSize of job (KB)
...
006 (78851234.039.000) 2026-10-02 03:32:17 Image size of job updated: 1769292
	1728  -  MemoryUsage of job (MB)
	1769292  -  ResidentSetSize of job (KB)
...
006 (78851234.039.000) 2026-10-02 03:37:17 Image size of job updated: 1769296
	1728  -  MemoryUsage of job (MB)
	1769296  -  ResidentSetSize of job (KB)
...
006 (78851234.039.000) 2026-10-02 03:42:18 Image size of job updated: 1769304
	1728  -  MemoryUsage of job (MB)
	1769304  -  ResidentSetSize of job (KB)
...
006 (78851234.039.000) 2026-10-02 03:47:18 Image size of job updated: 1769320
	1728  -  MemoryUsage of job (MB)
	1769320  -  ResidentSetSize of job (KB)
...
006 (78851234.039.000) 2026-10-02 03:52:19 Image size of job updated: 1769336
	1728  -  MemoryUsage of job (MB)
	1769336  -  ResidentSetSize of job (KB)
...
006 (78851234.039.000) 2026-10-02 03:57:19 Image size of job updated: 1769348
	1728  -  MemoryUsage of job (MB)
	1769348  -  ResidentSetSize of job (KB)
...
006 (78851234.039.000) 2026-10-02 04:02:20 Image size of job updated: 1770356
	1729  -  MemoryUsage of job (MB)
	1770356  -  ResidentSetSize of job (KB)
...
006 (78851234.039.000) 2026-10-02 04:07:20 Image size of job updated: 1770364
	1729  -  MemoryUsage of job (MB)
	1770364  -  ResidentSetSize of job (KB)
...
006 (78851234.039.000) 2026-10-02 04:12:20 Image size of job updated: 1770368
	1729  -  MemoryUsage of job (MB)
	1770368  -  ResidentSetSize of job (KB)
...
006 (78851234.039.000) 2026-10-02 04:17:21 Image size of job updated: 1770384
	1729  -  MemoryUsage of job (MB)
	1770384  -  ResidentSetSize of job (KB)
...
006 (78851234.039.000) 2026-10-02 04:22:21 Image size of job updated: 1770412
	1729  -  MemoryUsage of job (MB)
	1770412  -  ResidentSetSize of job (KB)
...
006 (78851234.039.000) 2026-10-02 04:27:22 Image size of job updated: 1770496
	1729  -  MemoryUsage of job (MB)
	1770496  -  ResidentSetSize of job (KB)
...
006 (78851234.039.000) 2026-10-02 04:37:23 Image size of job updated: 1770500
	1730  -  MemoryUsage of job (MB)
	1770500  -  ResidentSetSize of job (KB)
...
006 (78851234.039.000) 2026-10-02 04:47:23 Image size of job updated: 1770508
	1730  -  MemoryUsage of job (MB)
	1770508  -  ResidentSetSize of job (KB)
...
006 (78851234.039.000) 2026-10-02 04:52:24 Image size of job updated: 1770744
	1730  -  MemoryUsage of job (MB)
	1770528  -  ResidentSetSize of job (KB)
...
006 (78851234.039.000) 2026-10-02 04:57:24 Image size of job updated: 1770744
	1730  -  MemoryUsage of job (MB)
	1770544  -  ResidentSetSize of job (KB)
...
006 (78851234.039.000) 2026-10-02 05:27:28 Image size of job updated: 1774588
	1733  -  MemoryUsage of job (MB)
	1774588  -  ResidentSetSize of job (KB)
...
006 (78851234.039.000) 2026-10-02 05:32:28 Image size of job updated: 1774592
	1733  -  MemoryUsage of job (MB)
	1774592  -  ResidentSetSize of job (KB)
...
006 (78851234.039.000) 2026-10-02 05:37:29 Image size of job updated: 1774608
	1734  -  MemoryUsage of job (MB)
	1774608  -  ResidentSetSize of job (KB)
...
006 (78851234.039.000) 2026-10-02 05:42:29 Image size of job updated: 1774616
	1734  -  MemoryUsage of job (MB)
	1774616  -  ResidentSetSize of job (KB)
...
006 (78851234.039.000) 2026-10-02 05:47:30 Image size of job updated: 1774620
	1734  -  MemoryUsage of job (MB)
	1774620  -  ResidentSetSize of job (KB)
...
006 (78851234.039.000) 2026-10-02 05:57:31 Image size of job updated: 1774636
	1734  -  MemoryUsage of job (MB)
	1774636  -  ResidentSetSize of job (KB)
...
006 (78851234.039.000) 2026-10-02 06:02:32 Image size of job updated: 1775652
	1735  -  MemoryUsage of job (MB)
	1775652  -  ResidentSetSize of job (KB)
...
006 (78851234.039.000) 2026-10-02 06:07:32 Image size of job updated: 1775676
	1735  -  MemoryUsage of job (MB)
	1775676  -  ResidentSetSize of job (KB)
...
006 (78851234.039.000) 2026-10-02 06:12:33 Image size of job updated: 1775680
	1735  -  MemoryUsage of job (MB)
	1775680  -  ResidentSetSize of job (KB)
...
006 (78851234.039.000) 2026-10-02 06:17:33 Image size of job updated: 1775692
	1735  -  MemoryUsage of job (MB)
	1775692  -  ResidentSetSize of job (KB)
...
006 (78851234.039.000) 2026-10-02 06:22:34 Image size of job updated: 1775696
	1735  -  MemoryUsage of job (MB)
	1775696  -  ResidentSetSize of job (KB)
...
006 (78851234.039.000) 2026-10-02 06:27:34 Image size of job updated: 1775700
	1735  -  MemoryUsage of job (MB)
	1775700  -  ResidentSetSize of job (KB)
...
006 (78851234.039.000) 2026-10-02 06:32:34 Image size of job updated: 1775704
	1735  -  MemoryUsage of job (MB)
	1775704  -  ResidentSetSize of job (KB)
...
006 (78851234.039.000) 2026-10-02 06:37:35 Image size of job updated: 1775716
	1735  -  MemoryUsage of job (MB)
	1775716  -  ResidentSetSize of job (KB)
...
006 (78851234.039.000) 2026-10-02 06:52:36 Image size of job updated: 1776728
	1736  -  MemoryUsage of job (MB)
	1776728  -  ResidentSetSize of job (KB)
...
006 (78851234.039.000) 2026-10-02 07:02:37 Image size of job updated: 1778752
	1738  -  MemoryUsage of job (MB)
	1778752  -  ResidentSetSize of job (KB)
...
006 (78851234.039.000) 2026-10-02 07:12:38 Image size of job updated: 1778760
	1738  -  MemoryUsage of job (MB)
	1778760  -  ResidentSetSize of job (KB)
...
006 (78851234.039.000) 2026-10-02 07:17:38 Image size of job updated: 1778776
	1738  -  MemoryUsage of job (MB)
	1778776  -  ResidentSetSize of job (KB)
...
006 (78851234.039.000) 2026-10-02 07:57:43 Image size of job updated: 1779820
	1739  -  MemoryUsage of job (MB)
	1779820  -  ResidentSetSize of job (KB)
...
006 (78851234.039.000) 2026-10-02 08:02:43 Image size of job updated: 1779856
	1739  -  MemoryUsage of job (MB)
	1779856  -  ResidentSetSize of job (KB)
...
006 (78851234.039.000) 2026-10-02 08:07:44 Image size of job updated: 1779864
	1739  -  MemoryUsage of job (MB)
	1779864  -  ResidentSetSize of job (KB)
...
006 (78851234.039.000) 2026-10-02 08:12:45 Image size of job updated: 1779876
	1739  -  MemoryUsage of job (MB)
	1779876  -  ResidentSetSize of job (KB)
...
006 (78851234.039.000) 2026-10-02 08:22:46 Image size of job updated: 1779892
	1739  -  MemoryUsage of job (MB)
	1779880  -  ResidentSetSize of job (KB)
...
006 (78851234.039.000) 2026-10-02 08:27:46 Image size of job updated: 1779892
	1739  -  MemoryUsage of job (MB)
	1779888  -  ResidentSetSize of job (KB)
...
006 (78851234.039.000) 2026-10-02 08:32:46 Image size of job updated: 1780904
	1740  -  MemoryUsage of job (MB)
	1780904  -  ResidentSetSize of job (KB)
...
006 (78851234.039.000) 2026-10-02 08:37:47 Image size of job updated: 1780924
	1740  -  MemoryUsage of job (MB)
	1780924  -  ResidentSetSize of job (KB)
...
006 (78851234.039.000) 2026-10-02 08:42:47 Image size of job updated: 1780932
	1740  -  MemoryUsage of job (MB)
	1780932  -  ResidentSetSize of job (KB)
...
006 (78851234.039.000) 2026-10-02 08:47:48 Image size of job updated: 1780948
	1740  -  MemoryUsage of job (MB)
	1780948  -  ResidentSetSize of job (KB)
...
006 (78851234.039.000) 2026-10-02 08:57:49 Image size of job updated: 1781000
	1740  -  MemoryUsage of job (MB)
	1781000  -  ResidentSetSize of job (KB)
...
006 (78851234.039.000) 2026-10-02 09:02:49 Image size of job updated: 1781008
	1740  -  MemoryUsage of job (MB)
	1781008  -  ResidentSetSize of job (KB)
...
006 (78851234.039.000) 2026-10-02 09:27:52 Image size of job updated: 1781016
	1740  -  MemoryUsage of job (MB)
	1781016  -  ResidentSetSize of job (KB)
...
006 (78851234.039.000) 2026-10-02 09:37:53 Image size of job updated: 1781020
	1740  -  MemoryUsage of job (MB)
	1781020  -  ResidentSetSize of job (KB)
...
006 (78851234.039.000) 2026-10-02 09:42:54 Image size of job updated: 1782028
	1740  -  MemoryUsage of job (MB)
	1781024  -  ResidentSetSize of job (KB)
...
006 (78851234.039.000) 2026-10-02 09:57:55 Image size of job updated: 1782028
	1740  -  MemoryUsage of job (MB)
	1781032  -  ResidentSetSize of job (KB)
...
006 (78851234.039.000) 2026-10-02 10:02:55 Image size of job updated: 1782028
	1740  -  MemoryUsage of job (MB)
	1781052  -  ResidentSetSize of job (KB)
...
006 (78851234.039.000) 2026-10-02 10:07:56 Image size of job updated: 1793708
	1740  -  MemoryUsage of job (MB)
	1781052  -  ResidentSetSize of job (KB)
...
006 (78851234.039.000) 2026-10-02 10:43:00 Image size of job updated: 1793708
	1742  -  MemoryUsage of job (MB)
	1783100  -  ResidentSetSize of job (KB)
...
006 (78851234.039.000) 2026-10-02 10:48:00 Image size of job updated: 1793708
	1742  -  MemoryUsage of job (MB)
	1783104  -  ResidentSetSize of job (KB)
...
006 (78851234.039.000) 2026-10-02 11:03:01 Image size of job updated: 1793708
	1742  -  MemoryUsage of job (MB)
	1783112  -  ResidentSetSize of job (KB)
...
006 (78851234.039.000) 2026-10-02 11:13:02 Image size of job updated: 1793708
	1743  -  MemoryUsage of job (MB)
	1784124  -  ResidentSetSize of job (KB)
...
006 (78851234.039.000) 2026-10-02 11:28:04 Image size of job updated: 1793708
	1743  -  MemoryUsage of job (MB)
	1784136  -  ResidentSetSize of job (KB)
...
006 (78851234.039.000) 2026-10-02 11:38:05 Image size of job updated: 1793708
	1748  -  MemoryUsage of job (MB)
	1789272  -  ResidentSetSize of job (KB)
...
006 (78851234.039.000) 2026-10-02 11:43:06 Image size of job updated: 1793708
	1748  -  MemoryUsage of job (MB)
	1789276  -  ResidentSetSize of job (KB)
...
006 (78851234.039.000) 2026-10-02 11:48:06 Image size of job updated: 1793708
	1748  -  MemoryUsage of job (MB)
	1789280  -  ResidentSetSize of job (KB)
...
006 (78851234.039.000) 2026-10-02 11:53:06 Image size of job updated: 1801036
	1748  -  MemoryUsage of job (MB)
	1789280  -  ResidentSetSize of job (KB)
...
006 (78851234.039.000) 2026-10-02 12:03:07 Image size of job updated: 1801036
	1749  -  MemoryUsage of job (MB)
	1790304  -  ResidentSetSize of job (KB)
...
006 (78851234.039.000) 2026-10-02 12:08:07 Image size of job updated: 1801036
	1749  -  MemoryUsage of job (MB)
	1790308  -  ResidentSetSize of job (KB)
...
006 (78851234.039.000) 2026-10-02 12:13:08 Image size of job updated: 1801036
	1749  -  MemoryUsage of job (MB)
	1790316  -  ResidentSetSize of job (KB)
...
006 (78851234.039.000) 2026-10-02 12:18:08 Image size of job updated: 1801036
	1749  -  MemoryUsage of job (MB)
	1790332  -  ResidentSetSize of job (KB)
...
006 (78851234.039.000) 2026-10-02 12:28:10 Image size of job updated: 1801036
	1749  -  MemoryUsage of job (MB)
	1790336  -  ResidentSetSize of job (KB)
...
006 (78851234.039.000) 2026-10-02 12:33:10 Image size of job updated: 1801036
	1749  -  MemoryUsage of job (MB)
	1790340  -  ResidentSetSize of job (KB)
...
006 (78851234.039.000) 2026-10-02 12:38:11 Image size of job updated: 1802096
	1749  -  MemoryUsage of job (MB)
	1790340  -  ResidentSetSize of job (KB)
...
006 (78851234.039.000) 2026-10-02 13:23:15 Image size of job updated: 1804152
	1749  -  MemoryUsage of job (MB)
	1790340  -  ResidentSetSize of job (KB)
...
006 (78851234.039.000) 2026-10-02 13:53:18 Image size of job updated: 1804152
	1752  -  MemoryUsage of job (MB)
	1793940  -  ResidentSetSize of job (KB)
...
006 (78851234.039.000) 2026-10-02 13:58:18 Image size of job updated: 1804152
	1755  -  MemoryUsage of job (MB)
	1796992  -  ResidentSetSize of job (KB)
...
006 (78851234.039.000) 2026-10-02 14:08:19 Image size of job updated: 1804152
	1757  -  MemoryUsage of job (MB)
	1799024  -  ResidentSetSize of job (KB)
...
006 (78851234.039.000) 2026-10-02 14:13:19 Image size of job updated: 1804152
	1759  -  MemoryUsage of job (MB)
	1801068  -  ResidentSetSize of job (KB)
...
006 (78851234.039.000) 2026-10-02 14:18:20 Image size of job updated: 1804152
	1759  -  MemoryUsage of job (MB)
	1801080  -  ResidentSetSize of job (KB)
...
006 (78851234.039.000) 2026-10-02 14:43:23 Image size of job updated: 1818984
	1759  -  MemoryUsage of job (MB)
	1801080  -  ResidentSetSize of job (KB)
...
006 (78851234.039.000) 2026-10-02 14:53:23 Image size of job updated: 1822596
	1759  -  MemoryUsage of job (MB)
	1801080  -  ResidentSetSize of job (KB)
...
006 (78851234.039.000) 2026-10-02 15:03:24 Image size of job updated: 1822596
	1761  -  MemoryUsage of job (MB)
	1803200  -  ResidentSetSize of job (KB)
...
006 (78851234.039.000) 2026-10-02 15:13:25 Image size of job updated: 1822808
	1761  -  MemoryUsage of job (MB)
	1803200  -  ResidentSetSize of job (KB)
...
006 (78851234.039.000) 2026-10-02 15:23:25 Image size of job updated: 1822808
	1776  -  MemoryUsage of job (MB)
	1818488  -  ResidentSetSize of job (KB)
...
006 (78851234.039.000) 2026-10-02 15:33:25 Image size of job updated: 1822808
	1776  -  MemoryUsage of job (MB)
	1818492  -  ResidentSetSize of job (KB)
...
006 (78851234.039.000) 2026-10-02 15:38:26 Image size of job updated: 1822808
	1777  -  MemoryUsage of job (MB)
	1819500  -  ResidentSetSize of job (KB)
...
006 (78851234.039.000) 2026-10-02 15:48:27 Image size of job updated: 1823148
	1777  -  MemoryUsage of job (MB)
	1819500  -  ResidentSetSize of job (KB)
...
006 (78851234.039.000) 2026-10-02 16:03:28 Image size of job updated: 1823148
	1779  -  MemoryUsage of job (MB)
	1821384  -  ResidentSetSize of job (KB)
...
006 (78851234.039.000) 2026-10-02 16:33:31 Image size of job updated: 1825972
	1779  -  MemoryUsage of job (MB)
	1821384  -  ResidentSetSize of job (KB)
...
006 (78851234.039.000) 2026-10-02 17:43:38 Image size of job updated: 1827260
	1779  -  MemoryUsage of job (MB)
	1821384  -  ResidentSetSize of job (KB)
...
006 (78851234.039.000) 2026-10-02 18:28:42 Image size of job updated: 1828296
	1779  -  MemoryUsage of job (MB)
	1821384  -  ResidentSetSize of job (KB)
...
006 (78851234.039.000) 2026-10-02 19:13:46 Image size of job updated: 1830384
	1779  -  MemoryUsage of job (MB)
	1821384  -  ResidentSetSize of job (KB)
...
006 (78851234.039.000) 2026-10-02 20:33:53 Image size of job updated: 1830748
	1779  -  MemoryUsage of job (MB)
	1821384  -  ResidentSetSize of job (KB)
...
006 (78851234.039.000) 2026-10-02 21:23:58 Image size of job updated: 1830748
	1779  -  MemoryUsage of job (MB)
	1821472  -  ResidentSetSize of job (KB)
...
006 (78851234.039.000) 2026-10-02 21:28:58 Image size of job updated: 1830748
	1779  -  MemoryUsage of job (MB)
	1821476  -  ResidentSetSize of job (KB)
...
006 (78851234.039.000) 2026-10-02 21:33:58 Image size of job updated: 1841588
	1798  -  MemoryUsage of job (MB)
	1840580  -  ResidentSetSize of job (KB)
...
006 (78851234.039.000) 2026-10-02 21:38:59 Image size of job updated: 1841588
	1798  -  MemoryUsage of job (MB)
	1840584  -  ResidentSetSize of job (KB)
...
006 (78851234.039.000) 2026-10-02 22:39:04 Image size of job updated: 1867148
	1798  -  MemoryUsage of job (MB)
	1840584  -  ResidentSetSize of job (KB)
...
006 (78851234.039.000) 2026-10-02 23:04:07 Image size of job updated: 1867148
	1807  -  MemoryUsage of job (MB)
	1849932  -  ResidentSetSize of job (KB)
...
006 (78851234.039.000) 2026-10-02 23:09:08 Image size of job updated: 1867148
	1807  -  MemoryUsage of job (MB)
	1849936  -  ResidentSetSize of job (KB)
...
006 (78851234.039.000) 2026-10-02 23:14:09 Image size of job updated: 1867148
	1808  -  MemoryUsage of job (MB)
	1850444  -  ResidentSetSize of job (KB)
...
006 (78851234.039.000) 2026-10-02 23:24:10 Image size of job updated: 1867148
	1809  -  MemoryUsage of job (MB)
	1851520  -  ResidentSetSize of job (KB)
...
006 (78851234.039.000) 2026-10-02 23:29:11 Image size of job updated: 1867148
	1809  -  MemoryUsage of job (MB)
	1851524  -  ResidentSetSize of job (KB)
...
006 (78851234.039.000) 2026-10-02 23:34:11 Image size of job updated: 1867148
	1815  -  MemoryUsage of job (MB)
	1858304  -  ResidentSetSize of job (KB)
...
006 (78851234.039.000) 2026-10-02 23:39:12 Image size of job updated: 1867148
	1815  -  MemoryUsage of job (MB)
	1858308  -  ResidentSetSize of job (KB)
...
006 (78851234.039.000) 2026-10-02 23:44:13 Image size of job updated: 1867148
	1818  -  MemoryUsage of job (MB)
	1861624  -  ResidentSetSize of job (KB)
...
006 (78851234.039.000) 2026-10-02 23:49:13 Image size of job updated: 1867148
	1818  -  MemoryUsage of job (MB)
	1861632  -  ResidentSetSize of job (KB)
...
004 (78851234.039.000) 2026-10-02 23:54:07 Job was evicted. Code 1019 Subcode 0
	(0) CPU times
		Usr 12 06:26:55, Sys 0 00:11:22  -  Run Remote Usage
		Usr 0 00:00:00, Sys 0 00:00:00  -  Run Local Usage
	0  -  Run Bytes Sent By Job
	0  -  Run Bytes Received By Job
	Reason: Preempted for a Priority user
	Partitionable Resources :     Usage  Request Allocated 
	   Cpus                 :      7.40        4         4 
	   Disk (KB)            :  25000       25000     28672 
	   GPUs                 :                            0 
	   Memory (MB)          :   1818        6000      6016 
	   TimeExecute (s)      : 126198                       
	   TimeSlotBusy (s)     : 126199                       
...
001 (78851234.039.000) 2026-10-02 23:54:36 Job executing on host: <10.14.7.22:9618?addrs=10.14.7.22-9618&alias=node1522.cluster.ldas.cit&noUDP&sock=startd_29381_802b>
	SlotName: slot1_4@node1522.cluster.ldas.cit
	CondorScratchDir = "/var/lib/condor/execute/dir_1512511/scratch"
	Cpus = 4
	Disk = 28672
	GPUs = 0
	Memory = 6016
...
005 (78851234.039.000) 2026-10-03 02:58:21 Job terminated.
	(1) Normal termination (return value 0)
		Usr 0 12:40:51, Sys 0 00:02:05  -  Run Remote Usage
		Usr 0 00:00:00, Sys 0 00:00:00  -  Run Local Usage
		Usr 18 18:35:01, Sys 0 00:17:59  -  Total Remote Usage
		Usr 0 00:00:00, Sys 0 00:00:00  -  Total Local Usage
	0  -  Run Bytes Sent By Job
	0  -  Run Bytes Received By Job
	0  -  Total Bytes Sent By Job
	0  -  Total Bytes Received By Job
	Partitionable Resources :    Usage  Request Allocated 
	   Cpus                 :     4.00        4         4 
	   Disk (KB)            : 25000       25000     28672 
	   GPUs                 :                           0 
	   Memory (MB)          :  1954        6000      6016 
	   TimeExecute (s)      : 11025                       
	   TimeSlotBusy (s)     : 11025                       
...
000 (78854872.039.000) 2026-10-03 17:21:23 Job submitted from host: <10.14.0.121:9618?addrs=10.14.0.121-9618&alias=ldas-pcdev12.ligo.caltech.edu&noUDP&sock=schedd_623140_c9b4>
...
001 (78854872.039.000) 2026-10-03 17:22:10 Job executing on host: <10.14.5.80:9618?addrs=10.14.5.80-9618&alias=node1080.cluster.ldas.cit&noUDP&sock=startd_167339_36bc>
	SlotName: slot1_1@node1080.cluster.ldas.cit
	CondorScratchDir = "/var/lib/condor/execute/dir_1345515/scratch"
	Cpus = 4
	Disk = 28672
	GPUs = 0
	Memory = 6016
...
006 (78854872.039.000) 2026-10-03 17:22:19 Image size of job updated: 181548
	178  -  MemoryUsage of job (MB)
	181548  -  ResidentSetSize of job (KB)
...
006 (78854872.039.000) 2026-10-03 17:22:31 Image size of job updated: 495808
	178  -  MemoryUsage of job (MB)
	181548  -  ResidentSetSize of job (KB)
...
005 (78854872.039.000) 2026-10-03 17:22:31 Job terminated.
	(1) Normal termination (return value 0)
		Usr 0 00:00:17, Sys 0 00:00:00  -  Run Remote Usage
		Usr 0 00:00:00, Sys 0 00:00:00  -  Run Local Usage
		Usr 0 00:00:17, Sys 0 00:00:00  -  Total Remote Usage
		Usr 0 00:00:00, Sys 0 00:00:00  -  Total Local Usage
	0  -  Run Bytes Sent By Job
	0  -  Run Bytes Received By Job
	0  -  Total Bytes Sent By Job
	0  -  Total Bytes Received By Job
	Partitionable Resources :    Usage  Request Allocated 
	   Cpus                 :        0        4         4 
	   Disk (KB)            :    25000    25000     28672 
	   GPUs                 :                           0 
	   Memory (MB)          :      178     6000      6016 
	   TimeExecute (s)      :       21                    
	   TimeSlotBusy (s)     :       21                    
...
000 (78854906.039.000) 2026-10-03 21:36:50 Job submitted from host: <10.14.0.121:9618?addrs=10.14.0.121-9618&alias=ldas-pcdev12.ligo.caltech.edu&noUDP&sock=schedd_623140_c9b4>
...
001 (78854906.039.000) 2026-10-03 21:38:42 Job executing on host: <10.14.4.3:9618?addrs=10.14.4.3-9618&alias=node753.cluster.ldas.cit&noUDP&sock=startd_3781172_10ea>
	SlotName: slot1_15@node753.cluster.ldas.cit
	CondorScratchDir = "/var/lib/condor/execute/dir_816900/scratch"
	Cpus = 4
	Disk = 28672
	GPUs = 0
	Memory = 6016
...
006 (78854906.039.000) 2026-10-03 21:38:50 Image size of job updated: 181016
	177  -  MemoryUsage of job (MB)
	181016  -  ResidentSetSize of job (KB)
...
006 (78854906.039.000) 2026-10-03 21:39:06 Image size of job updated: 494340
	177  -  MemoryUsage of job (MB)
	181020  -  ResidentSetSize of job (KB)
...
005 (78854906.039.000) 2026-10-03 21:39:06 Job terminated.
	(1) Normal termination (return value 0)
		Usr 0 00:00:20, Sys 0 00:00:01  -  Run Remote Usage
		Usr 0 00:00:00, Sys 0 00:00:00  -  Run Local Usage
		Usr 0 00:00:20, Sys 0 00:00:01  -  Total Remote Usage
		Usr 0 00:00:00, Sys 0 00:00:00  -  Total Local Usage
	0  -  Run Bytes Sent By Job
	0  -  Run Bytes Received By Job
	0  -  Total Bytes Sent By Job
	0  -  Total Bytes Received By Job
	Partitionable Resources :    Usage  Request Allocated 
	   Cpus                 :                 4         4 
	   Disk (KB)            :    25000    25000     28672 
	   GPUs                 :                           0 
	   Memory (MB)          :      177     6000      6016 
	   TimeExecute (s)      :       24                    
	   TimeSlotBusy (s)     :       24                    
...
000 (78855135.039.000) 2026-10-04 13:44:55 Job submitted from host: <10.14.0.121:9618?addrs=10.14.0.121-9618&alias=ldas-pcdev12.ligo.caltech.edu&noUDP&sock=schedd_623140_c9b4>
...
001 (78855135.039.000) 2026-10-04 13:49:18 Job executing on host: <10.14.5.169:9618?addrs=10.14.5.169-9618&alias=node1169.cluster.ldas.cit&noUDP&sock=startd_196800_0265>
	SlotName: slot1_1@node1169.cluster.ldas.cit
	CondorScratchDir = "/var/lib/condor/execute/dir_1042235/scratch"
	Cpus = 4
	Disk = 28672
	GPUs = 0
	Memory = 6016
...
006 (78855135.039.000) 2026-10-04 13:49:26 Image size of job updated: 109368
	107  -  MemoryUsage of job (MB)
	109368  -  ResidentSetSize of job (KB)
...
006 (78855135.039.000) 2026-10-04 13:49:44 Image size of job updated: 496852
	107  -  MemoryUsage of job (MB)
	109368  -  ResidentSetSize of job (KB)
...
005 (78855135.039.000) 2026-10-04 13:49:44 Job terminated.
	(1) Normal termination (return value 0)
		Usr 0 00:00:11, Sys 0 00:00:00  -  Run Remote Usage
		Usr 0 00:00:00, Sys 0 00:00:00  -  Run Local Usage
		Usr 0 00:00:11, Sys 0 00:00:00  -  Total Remote Usage
		Usr 0 00:00:00, Sys 0 00:00:00  -  Total Local Usage
	0  -  Run Bytes Sent By Job
	0  -  Run Bytes Received By Job
	0  -  Total Bytes Sent By Job
	0  -  Total Bytes Received By Job
	Partitionable Resources :    Usage  Request Allocated 
	   Cpus                 :                 4         4 
	   Disk (KB)            :    25000    25000     28672 
	   GPUs                 :                           0 
	   Memory (MB)          :      107     6000      6016 
	   TimeExecute (s)      :       26                    
	   TimeSlotBusy (s)     :       27                    
...
