000 (78851234.004.000) 2026-09-30 12:35:31 Job submitted from host: <10.14.0.121:9618?addrs=10.14.0.121-9618&alias=ldas-pcdev12.ligo.caltech.edu&noUDP&sock=schedd_623140_c9b4>
...
001 (78851234.004.000) 2026-09-30 12:35:59 Job executing on host: <10.14.4.8:9618?addrs=10.14.4.8-9618&alias=node758.cluster.ldas.cit&noUDP&sock=startd_1429405_8402>
	SlotName: slot1_14@node758.cluster.ldas.cit
	CondorScratchDir = "/var/lib/condor/execute/dir_1513936/scratch"
	Cpus = 4
	Disk = 28672
	GPUs = 0
	Memory = 6016
...
006 (78851234.004.000) 2026-09-30 12:36:07 Image size of job updated: 152020
	149  -  MemoryUsage of job (MB)
	152020  -  ResidentSetSize of job (KB)
...
006 (78851234.004.000) 2026-09-30 12:41:07 Image size of job updated: 352024
	344  -  MemoryUsage of job (MB)
	352024  -  ResidentSetSize of job (KB)
...
006 (78851234.004.000) 2026-09-30 12:46:08 Image size of job updated: 352772
	345  -  MemoryUsage of job (MB)
	352772  -  ResidentSetSize of job (KB)
...
006 (78851234.004.000) 2026-09-30 12:51:09 Image size of job updated: 465340
	455  -  MemoryUsage of job (MB)
	465340  -  ResidentSetSize of job (KB)
...
006 (78851234.004.000) 2026-09-30 12:56:09 Image size of job updated: 466240
	456  -  MemoryUsage of job (MB)
	466240  -  ResidentSetSize of job (KB)
...
006 (78851234.004.000) 2026-09-30 13:01:10 Image size of job updated: 466372
	456  -  MemoryUsage of job (MB)
	466240  -  ResidentSetSize of job (KB)
...
006 (78851234.004.000) 2026-09-30 13:11:10 Image size of job updated: 472260
	462  -  MemoryUsage of job (MB)
	472260  -  ResidentSetSize of job (KB)
...
006 (78851234.004.000) 2026-09-30 13:16:11 Image size of job updated: 472596
	462  -  MemoryUsage of job (MB)
	472596  -  ResidentSetSize of job (KB)
...
006 (78851234.004.000) 2026-09-30 13:21:11 Image size of job updated: 488536
	478  -  MemoryUsage of job (MB)
	488536  -  ResidentSetSize of job (KB)
...
006 (78851234.004.000) 2026-09-30 13:26:12 Image size of job updated: 488756
	478  -  MemoryUsage of job (MB)
	488756  -  ResidentSetSize of job (KB)
...
006 (78851234.004.000) 2026-09-30 13:31:12 Image size of job updated: 488904
	478  -  MemoryUsage of job (MB)
	488904  -  ResidentSetSize of job (KB)
...
006 (78851234.004.000) 2026-09-30 13:36:12 Image size of job updated: 489220
	478  -  MemoryUsage of job (MB)
	489220  -  ResidentSetSize of job (KB)
...
006 (78851234.004.000) 2026-09-30 13:41:13 Image size of job updated: 493168
	482  -  MemoryUsage of job (MB)
	493168  -  ResidentSetSize of job (KB)
...
006 (78851234.004.000) 2026-09-30 13:46:13 Image size of job updated: 499588
	488  -  MemoryUsage of job (MB)
	499588  -  ResidentSetSize of job (KB)
...
006 (78851234.004.000) 2026-09-30 13:51:14 Image size of job updated: 717044
	701  -  MemoryUsage of job (MB)
	717044  -  ResidentSetSize of job (KB)
...
006 (78851234.004.000) 2026-09-30 13:56:15 Image size of job updated: 947796
	926  -  MemoryUsage of job (MB)
	947796  -  ResidentSetSize of job (KB)
...
006 (78851234.004.000) 2026-09-30 14:01:15 Image size of job updated: 1203676
	1176  -  MemoryUsage of job (MB)
	1203676  -  ResidentSetSize of job (KB)
...
006 (78851234.004.000) 2026-09-30 14:06:17 Image size of job updated: 1459856
	1426  -  MemoryUsage of job (MB)
	1459856  -  ResidentSetSize of job (KB)
...
006 (78851234.004.000) 2026-09-30 14:11:17 Image size of job updated: 1582368
	1546  -  MemoryUsage of job (MB)
	1582368  -  ResidentSetSize of job (KB)
...
006 (78851234.004.000) 2026-09-30 14:16:17 Image size of job updated: 1722012
	1682  -  MemoryUsage of job (MB)
	1722012  -  ResidentSetSize of job (KB)
...
006 (78851234.004.000) 2026-09-30 14:21:18 Image size of job updated: 1722076
	1682  -  MemoryUsage of job (MB)
	1722076  -  ResidentSetSize of job (KB)
...
006 (78851234.004.000) 2026-09-30 14:46:20 Image size of job updated: 1722440
	1683  -  MemoryUsage of job (MB)
	1722440  -  ResidentSetSize of job (KB)
...
006 (78851234.004.000) 2026-09-30 14:51:21 Image size of job updated: 1722460
	1683  -  MemoryUsage of job (MB)
	1722460  -  ResidentSetSize of job (KB)
...
006 (78851234.004.000) 2026-09-30 14:56:21 Image size of job updated: 1722480
	1683  -  MemoryUsage of job (MB)
	1722460  -  ResidentSetSize of job (KB)
...
006 (78851234.004.000) 2026-09-30 15:06:23 Image size of job updated: 1725540
	1686  -  MemoryUsage of job (MB)
	1725540  -  ResidentSetSize of job (KB)
...
006 (78851234.004.000) 2026-09-30 15:11:23 Image size of job updated: 1725548
	1686  -  MemoryUsage of job (MB)
	1725548  -  ResidentSetSize of job (KB)
...
006 (78851234.004.000) 2026-09-30 15:26:25 Image size of job updated: 1726648
	1686  -  MemoryUsage of job (MB)
	1725636  -  ResidentSetSize of job (KB)
...
006 (78851234.004.000) 2026-09-30 15:31:26 Image size of job updated: 1726648
	1686  -  MemoryUsage of job (MB)
	1725668  -  ResidentSetSize of job (KB)
...
006 (78851234.004.000) 2026-09-30 15:36:26 Image size of job updated: 1726648
	1686  -  MemoryUsage of job (MB)
	1725696  -  ResidentSetSize of job (KB)
...
006 (78851234.004.000) 2026-09-30 15:41:26 Image size of job updated: 1726648
	1686  -  MemoryUsage of job (MB)
	1725744  -  ResidentSetSize of job (KB)
...
006 (78851234.004.000) 2026-09-30 15:46:27 Image size of job updated: 1726648
	1686  -  MemoryUsage of job (MB)
	1725768  -  ResidentSetSize of job (KB)
...
006 (78851234.004.000) 2026-09-30 15:51:27 Image size of job updated: 1726648
	1686  -  MemoryUsage of job (MB)
	1725812  -  ResidentSetSize of job (KB)
...
006 (78851234.004.000) 2026-09-30 15:56:27 Image size of job updated: 1726648
	1686  -  MemoryUsage of job (MB)
	1725868  -  ResidentSetSize of job (KB)
...
006 (78851234.004.000) 2026-09-30 16:01:28 Image size of job updated: 1726648
	1686  -  MemoryUsage of job (MB)
	1725880  -  ResidentSetSize of job (KB)
...
006 (78851234.004.000) 2026-09-30 16:06:28 Image size of job updated: 1726648
	1686  -  MemoryUsage of job (MB)
	1725908  -  ResidentSetSize of job (KB)
...
006 (78851234.004.000) 2026-09-30 16:11:28 Image size of job updated: 1726648
	1686  -  MemoryUsage of job (MB)
	1725916  -  ResidentSetSize of job (KB)
...
006 (78851234.004.000) 2026-09-30 16:16:29 Image size of job updated: 1726648
	1686  -  MemoryUsage of job (MB)
	1725960  -  ResidentSetSize of job (KB)
...
006 (78851234.004.000) 2026-09-30 16:21:29 Image size of job updated: 1726648
	1686  -  MemoryUsage of job (MB)
	1725972  -  ResidentSetSize of job (KB)
...
006 (78851234.004.000) 2026-09-30 16:31:30 Image size of job updated: 1726648
	1686  -  MemoryUsage of job (MB)
	1725984  -  ResidentSetSize of job (KB)
...
006 (78851234.004.000) 2026-09-30 16:36:30 Image size of job updated: 1726648
	1686  -  MemoryUsage of job (MB)
	1726004  -  ResidentSetSize of job (KB)
...
006 (78851234.004.000) 2026-09-30 16:41:30 Image size of job updated: 1726648
	1686  -  MemoryUsage of job (MB)
	1726036  -  ResidentSetSize of job (KB)
...
006 (78851234.004.000) 2026-09-30 16:46:31 Image size of job updated: 1726648
	1686  -  MemoryUsage of job (MB)
	1726044  -  ResidentSetSize of job (KB)
...
006 (78851234.004.000) 2026-09-30 16:51:31 Image size of job updated: 1729144
	1689  -  MemoryUsage of job (MB)
	1729144  -  ResidentSetSize of job (KB)
...
006 (78851234.004.000) 2026-09-30 16:56:32 Image size of job updated: 1729156
	1689  -  MemoryUsage of job (MB)
	1729156  -  ResidentSetSize of job (KB)
...
006 (78851234.004.000) 2026-09-30 17:01:33 Image size of job updated: 1732216
	1692  -  MemoryUsage of job (MB)
	1732216  -  ResidentSetSize of job (KB)
...
006 (78851234.004.000) 2026-09-30 17:06:33 Image size of job updated: 1732232
	1692  -  MemoryUsage of job (MB)
	1732232  -  ResidentSetSize of job (KB)
...
006 (78851234.004.000) 2026-09-30 17:11:34 Image size of job updated: 1735712
	1694  -  MemoryUsage of job (MB)
	1734448  -  ResidentSetSize of job (KB)
...
006 (78851234.004.000) 2026-09-30 17:16:35 Image size of job updated: 1735712
	1694  -  MemoryUsage of job (MB)
	1734464  -  ResidentSetSize of job (KB)
...
006 (78851234.004.000) 2026-09-30 17:21:35 Image size of job updated: 1741108
	1701  -  MemoryUsage of job (MB)
	1741108  -  ResidentSetSize of job (KB)
...
006 (78851234.004.000) 2026-09-30 17:26:36 Image size of job updated: 1741116
	1701  -  MemoryUsage of job (MB)
	1741116  -  ResidentSetSize of job (KB)
...
006 (78851234.004.000) 2026-09-30 17:31:36 Image size of job updated: 1741128
	1701  -  MemoryUsage of job (MB)
	1741128  -  ResidentSetSize of job (KB)
...
006 (78851234.004.000) 2026-09-30 17:36:36 Image size of job updated: 1741136
	1701  -  MemoryUsage of job (MB)
	1741136  -  ResidentSetSize of job (KB)
...
006 (78851234.004.000) 2026-09-30 17:41:37 Image size of job updated: 1741148
	1701  -  MemoryUsage of job (MB)
	1741148  -  ResidentSetSize of job (KB)
...
006 (78851234.004.000) 2026-09-30 17:51:37 Image size of job updated: 1745248
	1704  -  MemoryUsage of job (MB)
	1744224  -  ResidentSetSize of job (KB)
...
006 (78851234.004.000) 2026-09-30 17:56:38 Image size of job updated: 1745248
	1704  -  MemoryUsage of job (MB)
	1744228  -  ResidentSetSize of job (KB)
...
006 (78851234.004.000) 2026-09-30 18:01:38 Image size of job updated: 1747308
	1706  -  MemoryUsage of job (MB)
	1746288  -  ResidentSetSize of job (KB)
...
006 (78851234.004.000) 2026-09-30 18:06:39 Image size of job updated: 1747308
	1706  -  MemoryUsage of job (MB)
	1746296  -  ResidentSetSize of job (KB)
...
006 (78851234.004.000) 2026-09-30 18:11:40 Image size of job updated: 1747308
	1706  -  MemoryUsage of job (MB)
	1746304  -  ResidentSetSize of job (KB)
...
006 (78851234.004.000) 2026-09-30 18:16:40 Image size of job updated: 1747572
	1706  -  MemoryUsage of job (MB)
	1746308  -  ResidentSetSize of job (KB)
...
006 (78851234.004.000) 2026-09-30 18:21:41 Image size of job updated: 1747572
	1706  -  MemoryUsage of job (MB)
	1746312  -  ResidentSetSize of job (KB)
...
006 (78851234.004.000) 2026-09-30 18:26:41 Image size of job updated: 1754080
	1713  -  MemoryUsage of job (MB)
	1754080  -  ResidentSetSize of job (KB)
...
006 (78851234.004.000) 2026-09-30 18:31:41 Image size of job updated: 1754084
	1713  -  MemoryUsage of job (MB)
	1754084  -  ResidentSetSize of job (KB)
...
006 (78851234.004.000) 2026-09-30 18:41:42 Image size of job updated: 1754092
	1713  -  MemoryUsage of job (MB)
	1754092  -  ResidentSetSize of job (KB)
...
006 (78851234.004.000) 2026-09-30 18:46:43 Image size of job updated: 1754096
	1713  -  MemoryUsage of job (MB)
	1754096  -  ResidentSetSize of job (KB)
...
006 (78851234.004.000) 2026-09-30 18:51:44 Image size of job updated: 1754100
	1713  -  MemoryUsage of job (MB)
	1754100  -  ResidentSetSize of job (KB)
...
006 (78851234.004.000) 2026-09-30 18:56:44 Image size of job updated: 1754112
	1713  -  MemoryUsage of job (MB)
	1754112  -  ResidentSetSize of job (KB)
...
006 (78851234.004.000) 2026-09-30 19:01:45 Image size of job updated: 1754120
	1714  -  MemoryUsage of job (MB)
	1754120  -  ResidentSetSize of job (KB)
...
006 (78851234.004.000) 2026-09-30 19:06:45 Image size of job updated: 1755156
	1715  -  MemoryUsage of job (MB)
	1755156  -  ResidentSetSize of job (KB)
...
006 (78851234.004.000) 2026-09-30 19:16:46 Image size of job updated: 1755164
	1715  -  MemoryUsage of job (MB)
	1755164  -  ResidentSetSize of job (KB)
...
006 (78851234.004.000) 2026-09-30 19:21:46 Image size of job updated: 1755168
	1715  -  MemoryUsage of job (MB)
	1755168  -  ResidentSetSize of job (KB)
...
006 (78851234.004.000) 2026-09-30 19:26:46 Image size of job updated: 1755176
	1715  -  MemoryUsage of job (MB)
	1755176  -  ResidentSetSize of job (KB)
...
006 (78851234.004.000) 2026-09-30 19:31:47 Image size of job updated: 1755188
	1715  -  MemoryUsage of job (MB)
	1755188  -  ResidentSetSize of job (KB)
...
006 (78851234.004.000) 2026-09-30 19:41:48 Image size of job updated: 1756216
	1716  -  MemoryUsage of job (MB)
	1756216  -  ResidentSetSize of job (KB)
...
006 (78851234.004.000) 2026-09-30 19:51:48 Image size of job updated: 1757240
	1717  -  MemoryUsage of job (MB)
	1757240  -  ResidentSetSize of job (KB)
...
006 (78851234.004.000) 2026-09-30 20:11:51 Image size of job updated: 1757244
	1717  -  MemoryUsage of job (MB)
	1757244  -  ResidentSetSize of job (KB)
...
006 (78851234.004.000) 2026-09-30 20:16:51 Image size of job updated: 1757252
	1717  -  MemoryUsage of job (MB)
	1757252  -  ResidentSetSize of job (KB)
...
006 (78851234.004.000) 2026-09-30 20:21:52 Image size of job updated: 1757256
	1717  -  MemoryUsage of job (MB)
	1757256  -  ResidentSetSize of job (KB)
...
006 (78851234.004.000) 2026-09-30 20:26:52 Image size of job updated: 1758284
	1718  -  MemoryUsage of job (MB)
	1758284  -  ResidentSetSize of job (KB)
...
006 (78851234.004.000) 2026-09-30 20:31:53 Image size of job updated: 1758300
	1718  -  MemoryUsage of job (MB)
	1758300  -  ResidentSetSize of job (KB)
...
006 (78851234.004.000) 2026-09-30 20:36:54 Image size of job updated: 1762112
	1721  -  MemoryUsage of job (MB)
	1762112  -  ResidentSetSize of job (KB)
...
006 (78851234.004.000) 2026-09-30 20:41:54 Image size of job updated: 1762120
	1721  -  MemoryUsage of job (MB)
	1762120  -  ResidentSetSize of job (KB)
...
006 (78851234.004.000) 2026-09-30 20:46:55 Image size of job updated: 1763172
	1722  -  MemoryUsage of job (MB)
	1763172  -  ResidentSetSize of job (KB)
...
006 (78851234.004.000) 2026-09-30 20:51:55 Image size of job updated: 1763176
	1722  -  MemoryUsage of job (MB)
	1763176  -  ResidentSetSize of job (KB)
...
006 (78851234.004.000) 2026-09-30 20:56:55 Image size of job updated: 1764184
	1723  -  MemoryUsage of job (MB)
	1764184  -  ResidentSetSize of job (KB)
...
006 (78851234.004.000) 2026-09-30 21:01:56 Image size of job updated: 1764188
	1723  -  MemoryUsage of job (MB)
	1764188  -  ResidentSetSize of job (KB)
...
006 (78851234.004.000) 2026-09-30 21:06:56 Image size of job updated: 1765196
	1724  -  MemoryUsage of job (MB)
	1765196  -  ResidentSetSize of job (KB)
...
006 (78851234.004.000) 2026-09-30 21:11:56 Image size of job updated: 1765204
	1724  -  MemoryUsage of job (MB)
	1765204  -  ResidentSetSize of job (KB)
...
006 (78851234.004.000) 2026-09-30 21:16:57 Image size of job updated: 1765208
	1724  -  MemoryUsage of job (MB)
	1765208  -  ResidentSetSize of job (KB)
...
006 (78851234.004.000) 2026-09-30 21:21:57 Image size of job updated: 1765212
	1724  -  MemoryUsage of job (MB)
	1765212  -  ResidentSetSize of job (KB)
...
006 (78851234.004.000) 2026-09-30 21:31:59 Image size of job updated: 1765216
	1724  -  MemoryUsage of job (MB)
	1765216  -  ResidentSetSize of job (KB)
...
006 (78851234.004.000) 2026-09-30 21:42:00 Image size of job updated: 1765220
	1724  -  MemoryUsage of job (MB)
	1765220  -  ResidentSetSize of job (KB)
...
006 (78851234.004.000) 2026-09-30 21:52:01 Image size of job updated: 1765224
	1724  -  MemoryUsage of job (MB)
	1765224  -  ResidentSetSize of job (KB)
...
006 (78851234.004.000) 2026-09-30 22:02:02 Image size of job updated: 1766232
	1725  -  MemoryUsage of job (MB)
	1766232  -  ResidentSetSize of job (KB)
...
006 (78851234.004.000) 2026-09-30 22:07:03 Image size of job updated: 1766236
	1725  -  MemoryUsage of job (MB)
	1766236  -  ResidentSetSize of job (KB)
...
006 (78851234.004.000) 2026-09-30 22:17:04 Image size of job updated: 1766240
	1725  -  MemoryUsage of job (MB)
	1766240  -  ResidentSetSize of job (KB)
...
006 (78851234.004.000) 2026-09-30 22:22:05 Image size of job updated: 1767248
	1726  -  MemoryUsage of job (MB)
	1767248  -  ResidentSetSize of job (KB)
...
006 (78851234.004.000) 2026-09-30 22:32:05 Image size of job updated: 1767252
	1726  -  MemoryUsage of job (MB)
	1767252  -  ResidentSetSize of job (KB)
...
006 (78851234.004.000) 2026-09-30 22:37:06 Image size of job updated: 1768260
	1727  -  MemoryUsage of job (MB)
	1768260  -  ResidentSetSize of job (KB)
...
006 (78851234.004.000) 2026-09-30 22:42:07 Image size of job updated: 1768268
	1727  -  MemoryUsage of job (MB)
	1768268  -  ResidentSetSize of job (KB)
...
006 (78851234.004.000) 2026-09-30 22:47:07 Image size of job updated: 1771292
	1730  -  MemoryUsage of job (MB)
	1771292  -  ResidentSetSize of job (KB)
...
006 (78851234.004.000) 2026-09-30 22:52:08 Image size of job updated: 1771296
	1730  -  MemoryUsage of job (MB)
	1771296  -  ResidentSetSize of job (KB)
...
006 (78851234.004.000) 2026-09-30 22:57:09 Image size of job updated: 1772308
	1731  -  MemoryUsage of job (MB)
	1772308  -  ResidentSetSize of job (KB)
...
006 (78851234.004.000) 2026-09-30 23:02:09 Image size of job updated: 1772316
	1731  -  MemoryUsage of job (MB)
	1772316  -  ResidentSetSize of job (KB)
...
006 (78851234.004.000) 2026-09-30 23:07:10 Image size of job updated: 1772320
	1731  -  MemoryUsage of job (MB)
	1772320  -  ResidentSetSize of job (KB)
...
006 (78851234.004.000) 2026-09-30 23:17:11 Image size of job updated: 1773332
	1732  -  MemoryUsage of job (MB)
	1773332  -  ResidentSetSize of job (KB)
...
006 (78851234.004.000) 2026-09-30 23:27:12 Image size of job updated: 1773336
	1732  -  MemoryUsage of job (MB)
	1773336  -  ResidentSetSize of job (KB)
...
006 (78851234.004.000) 2026-09-30 23:52:15 Image size of job updated: 1774344
	1733  -  MemoryUsage of job (MB)
	1774344  -  ResidentSetSize of job (KB)
...
006 (78851234.004.000) 2026-09-30 23:57:15 Image size of job updated: 1774348
	1733  -  MemoryUsage of job (MB)
	1774348  -  ResidentSetSize of job (KB)
...
006 (78851234.004.000) 2026-10-01 00:02:16 Image size of job updated: 1775360
	1734  -  MemoryUsage of job (MB)
	1775360  -  ResidentSetSize of job (KB)
...
006 (78851234.004.000) 2026-10-01 00:27:19 Image size of job updated: 1779056
	1738  -  MemoryUsage of job (MB)
	1779056  -  ResidentSetSize of job (KB)
...
006 (78851234.004.000) 2026-10-01 00:47:22 Image size of job updated: 1780040
	1739  -  MemoryUsage of job (MB)
	1780040  -  ResidentSetSize of job (KB)
...
006 (78851234.004.000) 2026-10-01 00:57:23 Image size of job updated: 1780048
	1739  -  MemoryUsage of job (MB)
	1780048  -  ResidentSetSize of job (KB)
...
006 (78851234.004.000) 2026-10-01 01:07:25 Image size of job updated: 1781056
	1739  -  MemoryUsage of job (MB)
	1780048  -  ResidentSetSize of job (KB)
...
006 (78851234.004.000) 2026-10-01 01:17:26 Image size of job updated: 1782064
	1740  -  MemoryUsage of job (MB)
	1781056  -  ResidentSetSize of job (KB)
...
006 (78851234.004.000) 2026-10-01 01:27:27 Image size of job updated: 1782104
	1741  -  MemoryUsage of job (MB)
	1782104  -  ResidentSetSize of job (KB)
...
006 (78851234.004.000) 2026-10-01 01:32:28 Image size of job updated: 1782108
	1741  -  MemoryUsage of job (MB)
	1782108  -  ResidentSetSize of job (KB)
...
006 (78851234.004.000) 2026-10-01 01:37:29 Image size of job updated: 1783084
	1742  -  MemoryUsage of job (MB)
	1783084  -  ResidentSetSize of job (KB)
...
006 (78851234.004.000) 2026-10-01 01:42:29 Image size of job updated: 1783088
	1742  -  MemoryUsage of job (MB)
	1783088  -  ResidentSetSize of job (KB)
...
006 (78851234.004.000) 2026-10-01 01:47:30 Image size of job updated: 1784096
	1743  -  MemoryUsage of job (MB)
	1784096  -  ResidentSetSize of job (KB)
...
006 (78851234.004.000) 2026-10-01 01:57:31 Image size of job updated: 1784104
	1743  -  MemoryUsage of job (MB)
	1784104  -  ResidentSetSize of job (KB)
...
006 (78851234.004.000) 2026-10-01 02:02:32 Image size of job updated: 1785120
	1744  -  MemoryUsage of job (MB)
	1785120  -  ResidentSetSize of job (KB)
...
006 (78851234.004.000) 2026-10-01 02:07:33 Image size of job updated: 1785132
	1744  -  MemoryUsage of job (MB)
	1785132  -  ResidentSetSize of job (KB)
...
006 (78851234.004.000) 2026-10-01 02:12:33 Image size of job updated: 1787096
	1746  -  MemoryUsage of job (MB)
	1787096  -  ResidentSetSize of job (KB)
...
006 (78851234.004.000) 2026-10-01 02:22:34 Image size of job updated: 1788104
	1747  -  MemoryUsage of job (MB)
	1788104  -  ResidentSetSize of job (KB)
...
006 (78851234.004.000) 2026-10-01 02:32:34 Image size of job updated: 1808588
	1747  -  MemoryUsage of job (MB)
	1788104  -  ResidentSetSize of job (KB)
...
006 (78851234.004.000) 2026-10-01 02:37:35 Image size of job updated: 1808588
	1747  -  MemoryUsage of job (MB)
	1788108  -  ResidentSetSize of job (KB)
...
006 (78851234.004.000) 2026-10-01 02:42:35 Image size of job updated: 1808588
	1747  -  MemoryUsage of job (MB)
	1788112  -  ResidentSetSize of job (KB)
...
006 (78851234.004.000) 2026-10-01 02:52:36 Image size of job updated: 1808588
	1757  -  MemoryUsage of job (MB)
	1798572  -  ResidentSetSize of job (KB)
...
006 (78851234.004.000) 2026-10-01 03:02:36 Image size of job updated: 1808588
	1762  -  MemoryUsage of job (MB)
	1803680  -  ResidentSetSize of job (KB)
...
006 (78851234.004.000) 2026-10-01 03:37:39 Image size of job updated: 1808588
	1762  -  MemoryUsage of job (MB)
	1803684  -  ResidentSetSize of job (KB)
...
006 (78851234.004.000) 2026-10-01 03:47:40 Image size of job updated: 1815708
	1774  -  MemoryUsage of job (MB)
	1815708  -  ResidentSetSize of job (KB)
...
006 (78851234.004.000) 2026-10-01 03:57:41 Image size of job updated: 1816704
	1775  -  MemoryUsage of job (MB)
	1816704  -  ResidentSetSize of job (KB)
...
006 (78851234.004.000) 2026-10-01 04:02:41 Image size of job updated: 1816724
	1775  -  MemoryUsage of job (MB)
	1816724  -  ResidentSetSize of job (KB)
...
006 (78851234.004.000) 2026-10-01 04:12:42 Image size of job updated: 1816728
	1775  -  MemoryUsage of job (MB)
	1816728  -  ResidentSetSize of job (KB)
...
006 (78851234.004.000) 2026-10-01 04:32:45 Image size of job updated: 1817712
	1776  -  MemoryUsage of job (MB)
	1817712  -  ResidentSetSize of job (KB)
...
006 (78851234.004.000) 2026-10-01 04:37:45 Image size of job updated: 1817736
	1776  -  MemoryUsage of job (MB)
	1817712  -  ResidentSetSize of job (KB)
...
006 (78851234.004.000) 2026-10-01 04:47:46 Image size of job updated: 1818748
	1776  -  MemoryUsage of job (MB)
	1817744  -  ResidentSetSize of job (KB)
...
006 (78851234.004.000) 2026-10-01 04:57:47 Image size of job updated: 1818776
	1777  -  MemoryUsage of job (MB)
	1818776  -  ResidentSetSize of job (KB)
...
006 (78851234.004.000) 2026-10-01 05:57:52 Image size of job updated: 1821792
	1779  -  MemoryUsage of job (MB)
	1820784  -  ResidentSetSize of job (KB)
...
006 (78851234.004.000) 2026-10-01 06:07:54 Image size of job updated: 1821792
	1779  -  MemoryUsage of job (MB)
	1820788  -  ResidentSetSize of job (KB)
...
006 (78851234.004.000) 2026-10-01 06:17:55 Image size of job updated: 1821796
	1780  -  MemoryUsage of job (MB)
	1821796  -  ResidentSetSize of job (KB)
...
006 (78851234.004.000) 2026-10-01 06:27:55 Image size of job updated: 1821800
	1780  -  MemoryUsage of job (MB)
	1821800  -  ResidentSetSize of job (KB)
...
006 (78851234.004.000) 2026-10-01 06:52:57 Image size of job updated: 1821804
	1780  -  MemoryUsage of job (MB)
	1821804  -  ResidentSetSize of job (KB)
...
006 (78851234.004.000) 2026-10-01 07:02:58 Image size of job updated: 1822812
	1781  -  MemoryUsage of job (MB)
	1822812  -  ResidentSetSize of job (KB)
...
006 (78851234.004.000) 2026-10-01 07:38:02 Image size of job updated: 1823824
	1782  -  MemoryUsage of job (MB)
	1823820  -  ResidentSetSize of job (KB)
...
006 (78851234.004.000) 2026-10-01 07:48:02 Image size of job updated: 1829908
	1788  -  MemoryUsage of job (MB)
	1829908  -  ResidentSetSize of job (KB)
...
006 (78851234.004.000) 2026-10-01 08:53:08 Image size of job updated: 1831596
	1789  -  MemoryUsage of job (MB)
	1831596  -  ResidentSetSize of job (KB)
...
006 (78851234.004.000) 2026-10-01 09:03:09 Image size of job updated: 1835296
	1793  -  MemoryUsage of job (MB)
	1835296  -  ResidentSetSize of job (KB)
...
006 (78851234.004.000) 2026-10-01 09:53:15 Image size of job updated: 1835300
	1793  -  MemoryUsage of job (MB)
	1835300  -  ResidentSetSize of job (KB)
...
006 (78851234.004.000) 2026-10-01 10:03:16 Image size of job updated: 1837884
	1794  -  MemoryUsage of job (MB)
	1836876  -  ResidentSetSize of job (KB)
...
006 (78851234.004.000) 2026-10-01 10:13:17 Image size of job updated: 1838908
	1796  -  MemoryUsage of job (MB)
	1838908  -  ResidentSetSize of job (KB)
...
006 (78851234.004.000) 2026-10-01 10:23:18 Image size of job updated: 1838912
	1796  -  MemoryUsage of job (MB)
	1838912  -  ResidentSetSize of job (KB)
...
006 (78851234.004.000) 2026-10-01 10:48:20 Image size of job updated: 1839940
	1797  -  MemoryUsage of job (MB)
	1839940  -  ResidentSetSize of job (KB)
...
006 (78851234.004.000) 2026-10-01 10:53:21 Image size of job updated: 1839944
	1797  -  MemoryUsage of job (MB)
	1839944  -  ResidentSetSize of job (KB)
...
006 (78851234.004.000) 2026-10-01 11:23:24 Image size of job updated: 1840968
	1798  -  MemoryUsage of job (MB)
	1840968  -  ResidentSetSize of job (KB)
...
006 (78851234.004.000) 2026-10-01 11:58:29 Image size of job updated: 1842068
	1799  -  MemoryUsage of job (MB)
	1842008  -  ResidentSetSize of job (KB)
...
006 (78851234.004.000) 2026-10-01 12:18:31 Image size of job updated: 1842068
	1799  -  MemoryUsage of job (MB)
	1842012  -  ResidentSetSize of job (KB)
...
006 (78851234.004.000) 2026-10-01 12:33:33 Image size of job updated: 1842068
	1799  -  MemoryUsage of job (MB)
	1842016  -  ResidentSetSize of job (KB)
...
006 (78851234.004.000) 2026-10-01 12:43:34 Image size of job updated: 1844036
	1800  -  MemoryUsage of job (MB)
	1843040  -  ResidentSetSize of job (KB)
...
006 (78851234.004.000) 2026-10-01 13:08:37 Image size of job updated: 1845072
	1801  -  MemoryUsage of job (MB)
	1844064  -  ResidentSetSize of job (KB)
...
006 (78851234.004.000) 2026-10-01 14:08:43 Image size of job updated: 1847120
	1804  -  MemoryUsage of job (MB)
	1847120  -  ResidentSetSize of job (KB)
...
006 (78851234.004.000) 2026-10-01 14:58:48 Image size of job updated: 1847132
	1804  -  MemoryUsage of job (MB)
	1847132  -  ResidentSetSize of job (KB)
...
006 (78851234.004.000) 2026-10-01 15:08:49 Image size of job updated: 1849168
	1806  -  MemoryUsage of job (MB)
	1849168  -  ResidentSetSize of job (KB)
...
006 (78851234.004.000) 2026-10-01 15:23:50 Image size of job updated: 1849172
	1806  -  MemoryUsage of job (MB)
	1849172  -  ResidentSetSize of job (KB)
...
006 (78851234.004.000) 2026-10-01 15:53:54 Image size of job updated: 1850196
	1807  -  MemoryUsage of job (MB)
	1850196  -  ResidentSetSize of job (KB)
...
006 (78851234.004.000) 2026-10-01 16:08:55 Image size of job updated: 1850204
	1807  -  MemoryUsage of job (MB)
	1850204  -  ResidentSetSize of job (KB)
...
006 (78851234.004.000) 2026-10-01 16:48:58 Image size of job updated: 1850212
	1807  -  MemoryUsage of job (MB)
	1850212  -  ResidentSetSize of job (KB)
...
006 (78851234.004.000) 2026-10-01 17:19:00 Image size of job updated: 1853284
	1810  -  MemoryUsage of job (MB)
	1853284  -  ResidentSetSize of job (KB)
...
006 (78851234.004.000) 2026-10-01 17:44:02 Image size of job updated: 1853288
	1810  -  MemoryUsage of job (MB)
	1853288  -  ResidentSetSize of job (KB)
...
006 (78851234.004.000) 2026-10-01 18:14:05 Image size of job updated: 1855336
	1812  -  MemoryUsage of job (MB)
	1855336  -  ResidentSetSize of job (KB)
...
006 (78851234.004.000) 2026-10-01 18:34:07 Image size of job updated: 1859248
	1812  -  MemoryUsage of job (MB)
	1855336  -  ResidentSetSize of job (KB)
...
006 (78851234.004.000) 2026-10-01 19:24:12 Image size of job updated: 1860748
	1818  -  MemoryUsage of job (MB)
	1860748  -  ResidentSetSize of job (KB)
...
006 (78851234.004.000) 2026-10-01 19:34:13 Image size of job updated: 1861772
	1819  -  MemoryUsage of job (MB)
	1861772  -  ResidentSetSize of job (KB)
...
006 (78851234.004.000) 2026-10-01 19:39:14 Image size of job updated: 1861776
	1819  -  MemoryUsage of job (MB)
	1861776  -  ResidentSetSize of job (KB)
...
006 (78851234.004.000) 2026-10-01 19:49:15 Image size of job updated: 1861780
	1819  -  MemoryUsage of job (MB)
	1861780  -  ResidentSetSize of job (KB)
...
006 (78851234.004.000) 2026-10-01 19:59:16 Image size of job updated: 1861784
	1819  -  MemoryUsage of job (MB)
	1861784  -  ResidentSetSize of job (KB)
...
006 (78851234.004.000) 2026-10-01 20:19:18 Image size of job updated: 1861868
	1819  -  MemoryUsage of job (MB)
	1861868  -  ResidentSetSize of job (KB)
...
006 (78851234.004.000) 2026-10-01 20:44:20 Image size of job updated: 1863916
	1820  -  MemoryUsage of job (MB)
	1862892  -  ResidentSetSize of job (KB)
...
006 (78851234.004.000) 2026-10-01 20:54:21 Image size of job updated: 1863916
	1820  -  MemoryUsage of job (MB)
	1862896  -  ResidentSetSize of job (KB)
...
006 (78851234.004.000) 2026-10-01 21:19:23 Image size of job updated: 1863916
	1820  -  MemoryUsage of job (MB)
	1862900  -  ResidentSetSize of job (KB)
...
006 (78851234.004.000) 2026-10-01 21:29:23 Image size of job updated: 1863916
	1821  -  MemoryUsage of job (MB)
	1863916  -  ResidentSetSize of job (KB)
...
006 (78851234.004.000) 2026-10-01 21:39:24 Image size of job updated: 1863924
	1821  -  MemoryUsage of job (MB)
	1863924  -  ResidentSetSize of job (KB)
...
006 (78851234.004.000) 2026-10-01 21:44:25 Image size of job updated: 1863928
	1821  -  MemoryUsage of job (MB)
	1863928  -  ResidentSetSize of job (KB)
...
006 (78851234.004.000) 2026-10-01 21:49:25 Image size of job updated: 1863956
	1821  -  MemoryUsage of job (MB)
	1863956  -  ResidentSetSize of job (KB)
...
006 (78851234.004.000) 2026-10-01 21:59:27 Image size of job updated: 1864952
	1822  -  MemoryUsage of job (MB)
	1864952  -  ResidentSetSize of job (KB)
...
006 (78851234.004.000) 2026-10-01 22:14:28 Image size of job updated: 1865080
	1822  -  MemoryUsage of job (MB)
	1864952  -  ResidentSetSize of job (KB)
...
004 (78851234.004.000) 2026-10-01 23:05:09 Job was evicted. Code 1019 Subcode 0
	(0) CPU times
		Usr 15 03:24:15, Sys 0 00:11:56  -  Run Remote Usage
		Usr 0 00:00:00, Sys 0 00:00:00  -  Run Local Usage
	0  -  Run Bytes Sent By Job
	0  -  Run Bytes Received By Job
	Reason: Preempted for a Priority user
	Partitionable Resources :     Usage  Request Allocated 
	   Cpus                 :      0.99        4         4 
	   Disk (KB)            :  25000       25000     28672 
	   GPUs                 :                            0 
	   Memory (MB)          :   1822        6000      6016 
	   TimeExecute (s)      : 124150                       
	   TimeSlotBusy (s)     : 124151                       
...
001 (78851234.004.000) 2026-10-01 23:06:39 Job executing on host: <10.14.4.3:9618?addrs=10.14.4.3-9618&alias=node753.cluster.ldas.cit&noUDP&sock=startd_3781172_10ea>
	SlotName: slot1_2@node753.cluster.ldas.cit
	CondorScratchDir = "/var/lib/condor/execute/dir_410124/scratch"
	Cpus = 4
	Disk = 28672
	GPUs = 0
	Memory = 6016
...
005 (78851234.004.000) 2026-10-02 21:08:45 Job terminated.
	(1) Normal termination (return value 0)
		Usr 7 21:28:07, Sys 0 00:09:02  -  Run Remote Usage
		Usr 0 00:00:00, Sys 0 00:00:00  -  Run Local Usage
		Usr 23 00:52:22, Sys 0 00:20:58  -  Total Remote Usage
		Usr 0 00:00:00, Sys 0 00:00:00  -  Total Local Usage
	0  -  Run Bytes Sent By Job
	0  -  Run Bytes Received By Job
	0  -  Total Bytes Sent By Job
	0  -  Total Bytes Received By Job
	Partitionable Resources :    Usage  Request Allocated 
	   Cpus                 :     9.06        4         4 
	   Disk (KB)            : 25000       25000     28672 
	   GPUs                 :                           0 
	   Memory (MB)          :  1954        6000      6016 
	   TimeExecute (s)      : 79325                       
	   TimeSlotBusy (s)     : 79328                       
...
000 (78854872.004.000) 2026-10-03 17:21:23 Job submitted from host: <10.14.0.121:9618?addrs=10.14.0.121-9618&alias=ldas-pcdev12.ligo.caltech.edu&noUDP&sock=schedd_623140_c9b4>
...
001 (78854872.004.000) 2026-10-03 17:22:10 Job executing on host: <10.14.8.226:9618?addrs=10.14.8.226-9618&alias=node1976.cluster.ldas.cit&noUDP&sock=startd_35617_e0c3>
	SlotName: slot1_2@node1976.cluster.ldas.cit
	CondorScratchDir = "/var/lib/condor/execute/dir_194716/scratch"
	Cpus = 4
	Disk = 28672
	GPUs = 0
	Memory = 6016
...
006 (78854872.004.000) 2026-10-03 17:22:19 Image size of job updated: 158692
	155  -  MemoryUsage of job (MB)
	158692  -  ResidentSetSize of job (KB)
...
006 (78854872.004.000) 2026-10-03 17:22:29 Image size of job updated: 497208
	155  -  MemoryUsage of job (MB)
	158692  -  ResidentSetSize of job (KB)
...
005 (78854872.004.000) 2026-10-03 17:22:29 Job terminated.
	(1) Normal termination (return value 0)
		Usr 0 00:00:12, Sys 0 00:00:00  -  Run Remote Usage
		Usr 0 00:00:00, Sys 0 00:00:00  -  Run Local Usage
		Usr 0 00:00:12, Sys 0 00:00:00  -  Total Remote Usage
		Usr 0 00:00:00, Sys 0 00:00:00  -  Total Local Usage
	0  -  Run Bytes Sent By Job
	0  -  Run Bytes Received By Job
	0  -  Total Bytes Sent By Job
	0  -  Total Bytes Received By Job
	Partitionable Resources :    Usage  Request Allocated 
	   Cpus                 :        0        4         4 
	   Disk (KB)            :    25000    25000     28672 
	   GPUs                 :                           0 
	   Memory (MB)          :      155     6000      6016 
	   TimeExecute (s)      :       19                    
	   TimeSlotBusy (s)     :       19                    
...
000 (78854906.004.000) 2026-10-03 21:36:50 Job submitted from host: <10.14.0.121:9618?addrs=10.14.0.121-9618&alias=ldas-pcdev12.ligo.caltech.edu&noUDP&sock=schedd_623140_c9b4>
...
001 (78854906.004.000) 2026-10-03 21:38:42 Job executing on host: <10.14.10.17:9618?addrs=10.14.10.17-9618&alias=node2267.cluster.ldas.cit&noUDP&sock=startd_1149457_7905>
	SlotName: slot1_7@node2267.cluster.ldas.cit
	CondorScratchDir = "/var/lib/condor/execute/dir_2175316/scratch"
	Cpus = 4
	Disk = 28672
	GPUs = 0
	Memory = 6016
...
006 (78854906.004.000) 2026-10-03 21:38:50 Image size of job updated: 167344
	164  -  MemoryUsage of job (MB)
	167344  -  ResidentSetSize of job (KB)
...
006 (78854906.004.000) 2026-10-03 21:39:08 Image size of job updated: 496132
	164  -  MemoryUsage of job (MB)
	167344  -  ResidentSetSize of job (KB)
...
005 (78854906.004.000) 2026-10-03 21:39:08 Job terminated.
	(1) Normal termination (return value 0)
		Usr 0 00:00:20, Sys 0 00:00:01  -  Run Remote Usage
		Usr 0 00:00:00, Sys 0 00:00:00  -  Run Local Usage
		Usr 0 00:00:20, Sys 0 00:00:01  -  Total Remote Usage
		Usr 0 00:00:00, Sys 0 00:00:00  -  Total Local Usage
	0  -  Run Bytes Sent By Job
	0  -  Run Bytes Received By Job
	0  -  Total Bytes Sent By Job
	0  -  Total Bytes Received By Job
	Partitionable Resources :    Usage  Request Allocated 
	   Cpus                 :        0        4         4 
	   Disk (KB)            :    25000    25000     28672 
	   GPUs                 :                           0 
	   Memory (MB)          :      164     6000      6016 
	   TimeExecute (s)      :       26                    
	   TimeSlotBusy (s)     :       27                    
...
000 (78855135.004.000) 2026-10-04 13:44:55 Job submitted from host: <10.14.0.121:9618?addrs=10.14.0.121-9618&alias=ldas-pcdev12.ligo.caltech.edu&noUDP&sock=schedd_623140_c9b4>
...
001 (78855135.004.000) 2026-10-04 13:49:17 Job executing on host: <10.14.4.118:9618?addrs=10.14.4.118-9618&alias=node868.cluster.ldas.cit&noUDP&sock=startd_37064_664d>
	SlotName: slot1_2@node868.cluster.ldas.cit
	CondorScratchDir = "/var/lib/condor/execute/dir_480118/scratch"
	Cpus = 4
	Disk = 28672
	GPUs = 0
	Memory = 6016
...
006 (78855135.004.000) 2026-10-04 13:49:26 Image size of job updated: 94600
	93  -  MemoryUsage of job (MB)
	94600  -  ResidentSetSize of job (KB)
...
006 (78855135.004.000) 2026-10-04 13:49:49 Image size of job updated: 498260
	93  -  MemoryUsage of job (MB)
	94600  -  ResidentSetSize of job (KB)
...
005 (78855135.004.000) 2026-10-04 13:49:49 Job terminated.
	(1) Normal termination (return value 0)
		Usr 0 00:00:16, Sys 0 00:00:00  -  Run Remote Usage
		Usr 0 00:00:00, Sys 0 00:00:00  -  Run Local Usage
		Usr 0 00:00:16, Sys 0 00:00:00  -  Total Remote Usage
		Usr 0 00:00:00, Sys 0 00:00:00  -  Total Local Usage
	0  -  Run Bytes Sent By Job
	0  -  Run Bytes Received By Job
	0  -  Total Bytes Sent By Job
	0  -  Total Bytes Received By Job
	Partitionable Resources :    Usage  Request Allocated 
	   Cpus                 :                 4         4 
	   Disk (KB)            :    25000    25000     28672 
	   GPUs                 :                           0 
	   Memory (MB)          :       93     6000      6016 
	   TimeExecute (s)      :       32                    
	   TimeSlotBusy (s)     :       32                    
...
