000 (78851234.041.000) 2026-09-30 12:35:31 Job submitted from host: <10.14.0.121:9618?addrs=10.14.0.121-9618&alias=ldas-pcdev12.ligo.caltech.edu&noUDP&sock=schedd_623140_c9b4>
...
001 (78851234.041.000) 2026-09-30 12:35:59 Job executing on host: <10.14.10.24:9618?addrs=10.14.10.24-9618&alias=node2274.cluster.ldas.cit&noUDP&sock=startd_2735335_df81>
	SlotName: slot1_20@node2274.cluster.ldas.cit
	CondorScratchDir = "/var/lib/condor/execute/dir_3233795/scratch"
	Cpus = 4
	Disk = 28672
	GPUs = 0
	Memory = 6016
...
006 (78851234.041.000) 2026-09-30 12:36:08 Image size of job updated: 178592
	175  -  MemoryUsage of job (MB)
	178592  -  ResidentSetSize of job (KB)
...
006 (78851234.041.000) 2026-09-30 12:41:08 Image size of job updated: 379892
	371  -  MemoryUsage of job (MB)
	379892  -  ResidentSetSize of job (KB)
...
006 (78851234.041.000) 2026-09-30 12:46:08 Image size of job updated: 381140
	373  -  MemoryUsage of job (MB)
	381140  -  ResidentSetSize of job (KB)
...
006 (78851234.041.000) 2026-09-30 12:51:09 Image size of job updated: 481044
	470  -  MemoryUsage of job (MB)
	481044  -  ResidentSetSize of job (KB)
...
006 (78851234.041.000) 2026-09-30 12:56:09 Image size of job updated: 482716
	472  -  MemoryUsage of job (MB)
	482716  -  ResidentSetSize of job (KB)
...
006 (78851234.041.000) 2026-09-30 13:01:10 Image size of job updated: 494448
	483  -  MemoryUsage of job (MB)
	494448  -  ResidentSetSize of job (KB)
...
006 (78851234.041.000) 2026-09-30 13:06:10 Image size of job updated: 495660
	485  -  MemoryUsage of job (MB)
	495660  -  ResidentSetSize of job (KB)
...
006 (78851234.041.000) 2026-09-30 13:11:10 Image size of job updated: 501360
	490  -  MemoryUsage of job (MB)
	501360  -  ResidentSetSize of job (KB)
...
006 (78851234.041.000) 2026-09-30 13:16:11 Image size of job updated: 501956
	491  -  MemoryUsage of job (MB)
	501956  -  ResidentSetSize of job (KB)
...
006 (78851234.041.000) 2026-09-30 13:21:11 Image size of job updated: 514596
	503  -  MemoryUsage of job (MB)
	514596  -  ResidentSetSize of job (KB)
...
006 (78851234.041.000) 2026-09-30 13:26:12 Image size of job updated: 515008
	503  -  MemoryUsage of job (MB)
	515008  -  ResidentSetSize of job (KB)
...
006 (78851234.041.000) 2026-09-30 13:31:12 Image size of job updated: 521252
	507  -  MemoryUsage of job (MB)
	518236  -  ResidentSetSize of job (KB)
...
006 (78851234.041.000) 2026-09-30 13:36:12 Image size of job updated: 521252
	507  -  MemoryUsage of job (MB)
	519048  -  ResidentSetSize of job (KB)
...
006 (78851234.041.000) 2026-09-30 13:41:13 Image size of job updated: 521252
	508  -  MemoryUsage of job (MB)
	519672  -  ResidentSetSize of job (KB)
...
006 (78851234.041.000) 2026-09-30 13:46:13 Image size of job updated: 521252
	508  -  MemoryUsage of job (MB)
	519964  -  ResidentSetSize of job (KB)
...
006 (78851234.041.000) 2026-09-30 13:51:14 Image size of job updated: 525840
	512  -  MemoryUsage of job (MB)
	524056  -  ResidentSetSize of job (KB)
...
006 (78851234.041.000) 2026-09-30 13:56:14 Image size of job updated: 525840
	513  -  MemoryUsage of job (MB)
	524348  -  ResidentSetSize of job (KB)
...
006 (78851234.041.000) 2026-09-30 14:01:14 Image size of job updated: 540304
	528  -  MemoryUsage of job (MB)
	540304  -  ResidentSetSize of job (KB)
...
006 (78851234.041.000) 2026-09-30 14:06:15 Image size of job updated: 540424
	528  -  MemoryUsage of job (MB)
	540424  -  ResidentSetSize of job (KB)
...
006 (78851234.041.000) 2026-09-30 14:11:15 Image size of job updated: 540872
	528  -  MemoryUsage of job (MB)
	540424  -  ResidentSetSize of job (KB)
...
006 (78851234.041.000) 2026-09-30 14:31:18 Image size of job updated: 542820
	531  -  MemoryUsage of job (MB)
	542820  -  ResidentSetSize of job (KB)
...
006 (78851234.041.000) 2026-09-30 14:36:18 Image size of job updated: 542848
	531  -  MemoryUsage of job (MB)
	542848  -  ResidentSetSize of job (KB)
...
006 (78851234.041.000) 2026-09-30 14:41:20 Image size of job updated: 542872
	531  -  MemoryUsage of job (MB)
	542848  -  ResidentSetSize of job (KB)
...
006 (78851234.041.000) 2026-09-30 14:51:20 Image size of job updated: 546028
	531  -  MemoryUsage of job (MB)
	542848  -  ResidentSetSize of job (KB)
...
006 (78851234.041.000) 2026-09-30 15:01:21 Image size of job updated: 548644
	536  -  MemoryUsage of job (MB)
	548644  -  ResidentSetSize of job (KB)
...
006 (78851234.041.000) 2026-09-30 15:06:22 Image size of job updated: 548716
	536  -  MemoryUsage of job (MB)
	548716  -  ResidentSetSize of job (KB)
...
006 (78851234.041.000) 2026-09-30 15:11:23 Image size of job updated: 554580
	542  -  MemoryUsage of job (MB)
	554580  -  ResidentSetSize of job (KB)
...
006 (78851234.041.000) 2026-09-30 16:06:27 Image size of job updated: 557112
	545  -  MemoryUsage of job (MB)
	557112  -  ResidentSetSize of job (KB)
...
006 (78851234.041.000) 2026-09-30 16:11:28 Image size of job updated: 557264
	545  -  MemoryUsage of job (MB)
	557264  -  ResidentSetSize of job (KB)
...
006 (78851234.041.000) 2026-09-30 16:16:28 Image size of job updated: 557796
	545  -  MemoryUsage of job (MB)
	557796  -  ResidentSetSize of job (KB)
...
006 (78851234.041.000) 2026-09-30 16:21:29 Image size of job updated: 557820
	545  -  MemoryUsage of job (MB)
	557820  -  ResidentSetSize of job (KB)
...
006 (78851234.041.000) 2026-09-30 16:26:30 Image size of job updated: 557824
	545  -  MemoryUsage of job (MB)
	557820  -  ResidentSetSize of job (KB)
...
006 (78851234.041.000) 2026-09-30 16:51:32 Image size of job updated: 563024
	550  -  MemoryUsage of job (MB)
	563024  -  ResidentSetSize of job (KB)
...
006 (78851234.041.000) 2026-09-30 16:56:32 Image size of job updated: 563052
	550  -  MemoryUsage of job (MB)
	563052  -  ResidentSetSize of job (KB)
...
006 (78851234.041.000) 2026-09-30 17:01:33 Image size of job updated: 566692
	554  -  MemoryUsage of job (MB)
	566692  -  ResidentSetSize of job (KB)
...
006 (78851234.041.000) 2026-09-30 17:06:34 Image size of job updated: 566700
	554  -  MemoryUsage of job (MB)
	566700  -  ResidentSetSize of job (KB)
...
006 (78851234.041.000) 2026-09-30 17:11:34 Image size of job updated: 574636
	561  -  MemoryUsage of job (MB)
	574132  -  ResidentSetSize of job (KB)
...
006 (78851234.041.000) 2026-09-30 17:16:35 Image size of job updated: 574636
	561  -  MemoryUsage of job (MB)
	574152  -  ResidentSetSize of job (KB)
...
006 (78851234.041.000) 2026-09-30 17:21:35 Image size of job updated: 577208
	563  -  MemoryUsage of job (MB)
	576208  -  ResidentSetSize of job (KB)
...
006 (78851234.041.000) 2026-09-30 17:26:35 Image size of job updated: 577208
	563  -  MemoryUsage of job (MB)
	576228  -  ResidentSetSize of job (KB)
...
006 (78851234.041.000) 2026-09-30 17:31:36 Image size of job updated: 578732
	566  -  MemoryUsage of job (MB)
	578732  -  ResidentSetSize of job (KB)
...
006 (78851234.041.000) 2026-09-30 17:36:36 Image size of job updated: 578748
	566  -  MemoryUsage of job (MB)
	578748  -  ResidentSetSize of job (KB)
...
006 (78851234.041.000) 2026-09-30 17:41:37 Image size of job updated: 579952
	567  -  MemoryUsage of job (MB)
	579948  -  ResidentSetSize of job (KB)
...
006 (78851234.041.000) 2026-09-30 17:46:38 Image size of job updated: 579956
	567  -  MemoryUsage of job (MB)
	579956  -  ResidentSetSize of job (KB)
...
006 (78851234.041.000) 2026-09-30 17:51:38 Image size of job updated: 579972
	567  -  MemoryUsage of job (MB)
	579972  -  ResidentSetSize of job (KB)
...
006 (78851234.041.000) 2026-09-30 17:56:39 Image size of job updated: 579992
	567  -  MemoryUsage of job (MB)
	579992  -  ResidentSetSize of job (KB)
...
006 (78851234.041.000) 2026-09-30 18:01:39 Image size of job updated: 581000
	568  -  MemoryUsage of job (MB)
	581000  -  ResidentSetSize of job (KB)
...
006 (78851234.041.000) 2026-09-30 18:06:39 Image size of job updated: 581004
	568  -  MemoryUsage of job (MB)
	581004  -  ResidentSetSize of job (KB)
...
006 (78851234.041.000) 2026-09-30 18:11:40 Image size of job updated: 581036
	568  -  MemoryUsage of job (MB)
	581036  -  ResidentSetSize of job (KB)
...
006 (78851234.041.000) 2026-09-30 18:16:40 Image size of job updated: 581056
	568  -  MemoryUsage of job (MB)
	581056  -  ResidentSetSize of job (KB)
...
006 (78851234.041.000) 2026-09-30 18:21:41 Image size of job updated: 581060
	568  -  MemoryUsage of job (MB)
	581060  -  ResidentSetSize of job (KB)
...
006 (78851234.041.000) 2026-09-30 18:26:41 Image size of job updated: 583080
	570  -  MemoryUsage of job (MB)
	583080  -  ResidentSetSize of job (KB)
...
006 (78851234.041.000) 2026-09-30 18:31:41 Image size of job updated: 583100
	570  -  MemoryUsage of job (MB)
	583100  -  ResidentSetSize of job (KB)
...
006 (78851234.041.000) 2026-09-30 18:36:42 Image size of job updated: 584116
	570  -  MemoryUsage of job (MB)
	583120  -  ResidentSetSize of job (KB)
...
006 (78851234.041.000) 2026-09-30 18:41:42 Image size of job updated: 584116
	570  -  MemoryUsage of job (MB)
	583132  -  ResidentSetSize of job (KB)
...
006 (78851234.041.000) 2026-09-30 18:46:43 Image size of job updated: 584332
	571  -  MemoryUsage of job (MB)
	584332  -  ResidentSetSize of job (KB)
...
006 (78851234.041.000) 2026-09-30 18:56:43 Image size of job updated: 584352
	571  -  MemoryUsage of job (MB)
	584352  -  ResidentSetSize of job (KB)
...
006 (78851234.041.000) 2026-09-30 19:01:44 Image size of job updated: 584368
	571  -  MemoryUsage of job (MB)
	584368  -  ResidentSetSize of job (KB)
...
006 (78851234.041.000) 2026-09-30 19:06:44 Image size of job updated: 584432
	571  -  MemoryUsage of job (MB)
	584432  -  ResidentSetSize of job (KB)
...
006 (78851234.041.000) 2026-09-30 19:11:45 Image size of job updated: 584448
	571  -  MemoryUsage of job (MB)
	584448  -  ResidentSetSize of job (KB)
...
006 (78851234.041.000) 2026-09-30 19:16:45 Image size of job updated: 586432
	573  -  MemoryUsage of job (MB)
	586432  -  ResidentSetSize of job (KB)
...
006 (78851234.041.000) 2026-09-30 19:21:45 Image size of job updated: 586448
	573  -  MemoryUsage of job (MB)
	586448  -  ResidentSetSize of job (KB)
...
006 (78851234.041.000) 2026-09-30 19:26:46 Image size of job updated: 587456
	574  -  MemoryUsage of job (MB)
	587456  -  ResidentSetSize of job (KB)
...
006 (78851234.041.000) 2026-09-30 19:31:46 Image size of job updated: 587464
	574  -  MemoryUsage of job (MB)
	587464  -  ResidentSetSize of job (KB)
...
006 (78851234.041.000) 2026-09-30 19:36:47 Image size of job updated: 588492
	575  -  MemoryUsage of job (MB)
	588492  -  ResidentSetSize of job (KB)
...
006 (78851234.041.000) 2026-09-30 19:41:47 Image size of job updated: 588540
	575  -  MemoryUsage of job (MB)
	588540  -  ResidentSetSize of job (KB)
...
006 (78851234.041.000) 2026-09-30 19:46:48 Image size of job updated: 588552
	575  -  MemoryUsage of job (MB)
	588552  -  ResidentSetSize of job (KB)
...
006 (78851234.041.000) 2026-09-30 19:51:49 Image size of job updated: 588568
	575  -  MemoryUsage of job (MB)
	588568  -  ResidentSetSize of job (KB)
...
006 (78851234.041.000) 2026-09-30 19:56:49 Image size of job updated: 588580
	575  -  MemoryUsage of job (MB)
	588580  -  ResidentSetSize of job (KB)
...
006 (78851234.041.000) 2026-09-30 20:01:50 Image size of job updated: 590472
	577  -  MemoryUsage of job (MB)
	590472  -  ResidentSetSize of job (KB)
...
006 (78851234.041.000) 2026-09-30 20:06:50 Image size of job updated: 590476
	577  -  MemoryUsage of job (MB)
	590476  -  ResidentSetSize of job (KB)
...
006 (78851234.041.000) 2026-09-30 20:11:51 Image size of job updated: 590608
	577  -  MemoryUsage of job (MB)
	590608  -  ResidentSetSize of job (KB)
...
006 (78851234.041.000) 2026-09-30 20:16:51 Image size of job updated: 590612
	577  -  MemoryUsage of job (MB)
	590612  -  ResidentSetSize of job (KB)
...
006 (78851234.041.000) 2026-09-30 20:21:51 Image size of job updated: 596952
	583  -  MemoryUsage of job (MB)
	596952  -  ResidentSetSize of job (KB)
...
006 (78851234.041.000) 2026-09-30 20:26:52 Image size of job updated: 596956
	583  -  MemoryUsage of job (MB)
	596956  -  ResidentSetSize of job (KB)
...
006 (78851234.041.000) 2026-09-30 20:31:52 Image size of job updated: 596984
	583  -  MemoryUsage of job (MB)
	596984  -  ResidentSetSize of job (KB)
...
006 (78851234.041.000) 2026-09-30 20:41:54 Image size of job updated: 599016
	585  -  MemoryUsage of job (MB)
	599016  -  ResidentSetSize of job (KB)
...
006 (78851234.041.000) 2026-09-30 20:46:54 Image size of job updated: 599040
	585  -  MemoryUsage of job (MB)
	599040  -  ResidentSetSize of job (KB)
...
006 (78851234.041.000) 2026-09-30 20:51:55 Image size of job updated: 599064
	586  -  MemoryUsage of job (MB)
	599064  -  ResidentSetSize of job (KB)
...
006 (78851234.041.000) 2026-09-30 20:56:55 Image size of job updated: 599076
	586  -  MemoryUsage of job (MB)
	599076  -  ResidentSetSize of job (KB)
...
006 (78851234.041.000) 2026-09-30 21:01:56 Image size of job updated: 599084
	586  -  MemoryUsage of job (MB)
	599084  -  ResidentSetSize of job (KB)
...
006 (78851234.041.000) 2026-09-30 21:06:57 Image size of job updated: 599088
	586  -  MemoryUsage of job (MB)
	599088  -  ResidentSetSize of job (KB)
...
006 (78851234.041.000) 2026-09-30 21:16:58 Image size of job updated: 602168
	589  -  MemoryUsage of job (MB)
	602160  -  ResidentSetSize of job (KB)
...
006 (78851234.041.000) 2026-09-30 21:21:58 Image size of job updated: 602168
	589  -  MemoryUsage of job (MB)
	602164  -  ResidentSetSize of job (KB)
...
006 (78851234.041.000) 2026-09-30 21:26:59 Image size of job updated: 602172
	589  -  MemoryUsage of job (MB)
	602172  -  ResidentSetSize of job (KB)
...
006 (78851234.041.000) 2026-09-30 21:32:00 Image size of job updated: 602192
	589  -  MemoryUsage of job (MB)
	602192  -  ResidentSetSize of job (KB)
...
006 (78851234.041.000) 2026-09-30 21:37:00 Image size of job updated: 606676
	593  -  MemoryUsage of job (MB)
	606676  -  ResidentSetSize of job (KB)
...
006 (78851234.041.000) 2026-09-30 21:42:01 Image size of job updated: 606680
	593  -  MemoryUsage of job (MB)
	606680  -  ResidentSetSize of job (KB)
...
006 (78851234.041.000) 2026-09-30 21:47:01 Image size of job updated: 606692
	593  -  MemoryUsage of job (MB)
	606692  -  ResidentSetSize of job (KB)
...
006 (78851234.041.000) 2026-09-30 21:57:02 Image size of job updated: 609764
	596  -  MemoryUsage of job (MB)
	609764  -  ResidentSetSize of job (KB)
...
006 (78851234.041.000) 2026-09-30 22:02:02 Image size of job updated: 609784
	596  -  MemoryUsage of job (MB)
	609784  -  ResidentSetSize of job (KB)
...
006 (78851234.041.000) 2026-09-30 22:17:04 Image size of job updated: 609792
	596  -  MemoryUsage of job (MB)
	609792  -  ResidentSetSize of job (KB)
...
006 (78851234.041.000) 2026-09-30 22:22:05 Image size of job updated: 614688
	601  -  MemoryUsage of job (MB)
	614688  -  ResidentSetSize of job (KB)
...
006 (78851234.041.000) 2026-09-30 22:32:06 Image size of job updated: 614692
	601  -  MemoryUsage of job (MB)
	614692  -  ResidentSetSize of job (KB)
...
006 (78851234.041.000) 2026-09-30 22:42:07 Image size of job updated: 616724
	603  -  MemoryUsage of job (MB)
	616724  -  ResidentSetSize of job (KB)
...
006 (78851234.041.000) 2026-09-30 22:47:08 Image size of job updated: 616728
	603  -  MemoryUsage of job (MB)
	616728  -  ResidentSetSize of job (KB)
...
006 (78851234.041.000) 2026-09-30 22:52:08 Image size of job updated: 616732
	603  -  MemoryUsage of job (MB)
	616732  -  ResidentSetSize of job (KB)
...
006 (78851234.041.000) 2026-09-30 23:02:09 Image size of job updated: 617760
	604  -  MemoryUsage of job (MB)
	617760  -  ResidentSetSize of job (KB)
...
006 (78851234.041.000) 2026-09-30 23:07:10 Image size of job updated: 617772
	604  -  MemoryUsage of job (MB)
	617772  -  ResidentSetSize of job (KB)
...
006 (78851234.041.000) 2026-09-30 23:22:11 Image size of job updated: 617780
	604  -  MemoryUsage of job (MB)
	617780  -  ResidentSetSize of job (KB)
...
006 (78851234.041.000) 2026-09-30 23:37:12 Image size of job updated: 617788
	604  -  MemoryUsage of job (MB)
	617788  -  ResidentSetSize of job (KB)
...
006 (78851234.041.000) 2026-09-30 23:42:13 Image size of job updated: 620860
	606  -  MemoryUsage of job (MB)
	619840  -  ResidentSetSize of job (KB)
...
006 (78851234.041.000) 2026-09-30 23:57:14 Image size of job updated: 620860
	606  -  MemoryUsage of job (MB)
	619852  -  ResidentSetSize of job (KB)
...
006 (78851234.041.000) 2026-10-01 00:07:15 Image size of job updated: 620940
	607  -  MemoryUsage of job (MB)
	620940  -  ResidentSetSize of job (KB)
...
006 (78851234.041.000) 2026-10-01 00:12:15 Image size of job updated: 620944
	607  -  MemoryUsage of job (MB)
	620944  -  ResidentSetSize of job (KB)
...
006 (78851234.041.000) 2026-10-01 00:17:16 Image size of job updated: 622568
	608  -  MemoryUsage of job (MB)
	622568  -  ResidentSetSize of job (KB)
...
006 (78851234.041.000) 2026-10-01 00:22:17 Image size of job updated: 622576
	608  -  MemoryUsage of job (MB)
	622576  -  ResidentSetSize of job (KB)
...
006 (78851234.041.000) 2026-10-01 00:32:18 Image size of job updated: 622580
	608  -  MemoryUsage of job (MB)
	622580  -  ResidentSetSize of job (KB)
...
006 (78851234.041.000) 2026-10-01 00:37:18 Image size of job updated: 623604
	609  -  MemoryUsage of job (MB)
	623604  -  ResidentSetSize of job (KB)
...
006 (78851234.041.000) 2026-10-01 01:02:21 Image size of job updated: 626416
	612  -  MemoryUsage of job (MB)
	626416  -  ResidentSetSize of job (KB)
...
006 (78851234.041.000) 2026-10-01 01:07:22 Image size of job updated: 626428
	612  -  MemoryUsage of job (MB)
	626428  -  ResidentSetSize of job (KB)
...
006 (78851234.041.000) 2026-10-01 01:12:23 Image size of job updated: 627844
	614  -  MemoryUsage of job (MB)
	627844  -  ResidentSetSize of job (KB)
...
006 (78851234.041.000) 2026-10-01 01:22:24 Image size of job updated: 630920
	617  -  MemoryUsage of job (MB)
	630920  -  ResidentSetSize of job (KB)
...
006 (78851234.041.000) 2026-10-01 01:27:24 Image size of job updated: 630932
	617  -  MemoryUsage of job (MB)
	630932  -  ResidentSetSize of job (KB)
...
006 (78851234.041.000) 2026-10-01 01:32:25 Image size of job updated: 631960
	618  -  MemoryUsage of job (MB)
	631960  -  ResidentSetSize of job (KB)
...
006 (78851234.041.000) 2026-10-01 01:47:27 Image size of job updated: 645336
	631  -  MemoryUsage of job (MB)
	645336  -  ResidentSetSize of job (KB)
...
006 (78851234.041.000) 2026-10-01 01:57:28 Image size of job updated: 649876
	635  -  MemoryUsage of job (MB)
	649876  -  ResidentSetSize of job (KB)
...
006 (78851234.041.000) 2026-10-01 02:02:29 Image size of job updated: 649880
	635  -  MemoryUsage of job (MB)
	649880  -  ResidentSetSize of job (KB)
...
006 (78851234.041.000) 2026-10-01 02:22:30 Image size of job updated: 649884
	635  -  MemoryUsage of job (MB)
	649884  -  ResidentSetSize of job (KB)
...
006 (78851234.041.000) 2026-10-01 02:27:31 Image size of job updated: 651940
	637  -  MemoryUsage of job (MB)
	651940  -  ResidentSetSize of job (KB)
...
006 (78851234.041.000) 2026-10-01 02:32:31 Image size of job updated: 651944
	637  -  MemoryUsage of job (MB)
	651944  -  ResidentSetSize of job (KB)
...
006 (78851234.041.000) 2026-10-01 02:42:33 Image size of job updated: 659464
	645  -  MemoryUsage of job (MB)
	659464  -  ResidentSetSize of job (KB)
...
006 (78851234.041.000) 2026-10-01 02:47:33 Image size of job updated: 659468
	645  -  MemoryUsage of job (MB)
	659468  -  ResidentSetSize of job (KB)
...
006 (78851234.041.000) 2026-10-01 02:52:34 Image size of job updated: 659472
	645  -  MemoryUsage of job (MB)
	659472  -  ResidentSetSize of job (KB)
...
006 (78851234.041.000) 2026-10-01 02:57:34 Image size of job updated: 659480
	645  -  MemoryUsage of job (MB)
	659480  -  ResidentSetSize of job (KB)
...
006 (78851234.041.000) 2026-10-01 03:07:35 Image size of job updated: 659484
	645  -  MemoryUsage of job (MB)
	659484  -  ResidentSetSize of job (KB)
...
006 (78851234.041.000) 2026-10-01 03:32:38 Image size of job updated: 662556
	647  -  MemoryUsage of job (MB)
	661536  -  ResidentSetSize of job (KB)
...
006 (78851234.041.000) 2026-10-01 03:37:38 Image size of job updated: 662556
	647  -  MemoryUsage of job (MB)
	661544  -  ResidentSetSize of job (KB)
...
006 (78851234.041.000) 2026-10-01 03:42:38 Image size of job updated: 662556
	647  -  MemoryUsage of job (MB)
	661548  -  ResidentSetSize of job (KB)
...
006 (78851234.041.000) 2026-10-01 03:52:39 Image size of job updated: 662556
	647  -  MemoryUsage of job (MB)
	661560  -  ResidentSetSize of job (KB)
...
006 (78851234.041.000) 2026-10-01 03:57:40 Image size of job updated: 662556
	647  -  MemoryUsage of job (MB)
	661568  -  ResidentSetSize of job (KB)
...
006 (78851234.041.000) 2026-10-01 04:02:40 Image size of job updated: 662556
	647  -  MemoryUsage of job (MB)
	661572  -  ResidentSetSize of job (KB)
...
006 (78851234.041.000) 2026-10-01 04:07:40 Image size of job updated: 662596
	648  -  MemoryUsage of job (MB)
	662596  -  ResidentSetSize of job (KB)
...
006 (78851234.041.000) 2026-10-01 04:12:41 Image size of job updated: 662604
	648  -  MemoryUsage of job (MB)
	662604  -  ResidentSetSize of job (KB)
...
006 (78851234.041.000) 2026-10-01 04:17:41 Image size of job updated: 664652
	650  -  MemoryUsage of job (MB)
	664652  -  ResidentSetSize of job (KB)
...
006 (78851234.041.000) 2026-10-01 04:27:42 Image size of job updated: 665676
	650  -  MemoryUsage of job (MB)
	664652  -  ResidentSetSize of job (KB)
...
006 (78851234.041.000) 2026-10-01 04:37:43 Image size of job updated: 665696
	651  -  MemoryUsage of job (MB)
	665696  -  ResidentSetSize of job (KB)
...
006 (78851234.041.000) 2026-10-01 04:42:43 Image size of job updated: 665700
	651  -  MemoryUsage of job (MB)
	665700  -  ResidentSetSize of job (KB)
...
006 (78851234.041.000) 2026-10-01 04:47:44 Image size of job updated: 665708
	651  -  MemoryUsage of job (MB)
	665708  -  ResidentSetSize of job (KB)
...
006 (78851234.041.000) 2026-10-01 05:02:45 Image size of job updated: 667740
	652  -  MemoryUsage of job (MB)
	666732  -  ResidentSetSize of job (KB)
...
006 (78851234.041.000) 2026-10-01 05:17:47 Image size of job updated: 667740
	652  -  MemoryUsage of job (MB)
	666736  -  ResidentSetSize of job (KB)
...
006 (78851234.041.000) 2026-10-01 05:22:47 Image size of job updated: 668768
	653  -  MemoryUsage of job (MB)
	667760  -  ResidentSetSize of job (KB)
...
006 (78851234.041.000) 2026-10-01 06:07:51 Image size of job updated: 670828
	656  -  MemoryUsage of job (MB)
	670828  -  ResidentSetSize of job (KB)
...
006 (78851234.041.000) 2026-10-01 06:17:52 Image size of job updated: 670844
	656  -  MemoryUsage of job (MB)
	670828  -  ResidentSetSize of job (KB)
...
006 (78851234.041.000) 2026-10-01 06:27:52 Image size of job updated: 670844
	656  -  MemoryUsage of job (MB)
	670832  -  ResidentSetSize of job (KB)
...
006 (78851234.041.000) 2026-10-01 06:32:53 Image size of job updated: 670844
	656  -  MemoryUsage of job (MB)
	670836  -  ResidentSetSize of job (KB)
...
006 (78851234.041.000) 2026-10-01 06:42:54 Image size of job updated: 670848
	656  -  MemoryUsage of job (MB)
	670848  -  ResidentSetSize of job (KB)
...
006 (78851234.041.000) 2026-10-01 06:52:54 Image size of job updated: 672896
	657  -  MemoryUsage of job (MB)
	671876  -  ResidentSetSize of job (KB)
...
006 (78851234.041.000) 2026-10-01 07:02:55 Image size of job updated: 672900
	658  -  MemoryUsage of job (MB)
	672900  -  ResidentSetSize of job (KB)
...
006 (78851234.041.000) 2026-10-01 07:52:59 Image size of job updated: 673924
	659  -  MemoryUsage of job (MB)
	673924  -  ResidentSetSize of job (KB)
...
006 (78851234.041.000) 2026-10-01 08:18:02 Image size of job updated: 674948
	660  -  MemoryUsage of job (MB)
	674948  -  ResidentSetSize of job (KB)
...
006 (78851234.041.000) 2026-10-01 08:23:03 Image size of job updated: 674952
	660  -  MemoryUsage of job (MB)
	674952  -  ResidentSetSize of job (KB)
...
006 (78851234.041.000) 2026-10-01 08:28:04 Image size of job updated: 674956
	660  -  MemoryUsage of job (MB)
	674956  -  ResidentSetSize of job (KB)
...
006 (78851234.041.000) 2026-10-01 08:33:04 Image size of job updated: 674960
	660  -  MemoryUsage of job (MB)
	674960  -  ResidentSetSize of job (KB)
...
006 (78851234.041.000) 2026-10-01 08:38:05 Image size of job updated: 675984
	661  -  MemoryUsage of job (MB)
	675984  -  ResidentSetSize of job (KB)
...
006 (78851234.041.000) 2026-10-01 08:43:05 Image size of job updated: 675988
	661  -  MemoryUsage of job (MB)
	675988  -  ResidentSetSize of job (KB)
...
006 (78851234.041.000) 2026-10-01 08:48:06 Image size of job updated: 676008
	661  -  MemoryUsage of job (MB)
	676008  -  ResidentSetSize of job (KB)
...
006 (78851234.041.000) 2026-10-01 08:58:07 Image size of job updated: 676012
	661  -  MemoryUsage of job (MB)
	676012  -  ResidentSetSize of job (KB)
...
006 (78851234.041.000) 2026-10-01 09:03:08 Image size of job updated: 678040
	663  -  MemoryUsage of job (MB)
	678040  -  ResidentSetSize of job (KB)
...
006 (78851234.041.000) 2026-10-01 09:08:08 Image size of job updated: 678044
	663  -  MemoryUsage of job (MB)
	678044  -  ResidentSetSize of job (KB)
...
006 (78851234.041.000) 2026-10-01 09:13:09 Image size of job updated: 678048
	663  -  MemoryUsage of job (MB)
	678048  -  ResidentSetSize of job (KB)
...
006 (78851234.041.000) 2026-10-01 09:23:10 Image size of job updated: 678056
	663  -  MemoryUsage of job (MB)
	678056  -  ResidentSetSize of job (KB)
...
006 (78851234.041.000) 2026-10-01 09:28:11 Image size of job updated: 678060
	663  -  MemoryUsage of job (MB)
	678060  -  ResidentSetSize of job (KB)
...
006 (78851234.041.000) 2026-10-01 09:33:11 Image size of job updated: 679088
	664  -  MemoryUsage of job (MB)
	679088  -  ResidentSetSize of job (KB)
...
006 (78851234.041.000) 2026-10-01 09:38:11 Image size of job updated: 679092
	664  -  MemoryUsage of job (MB)
	679092  -  ResidentSetSize of job (KB)
...
006 (78851234.041.000) 2026-10-01 09:48:12 Image size of job updated: 681868
	666  -  MemoryUsage of job (MB)
	681868  -  ResidentSetSize of job (KB)
...
006 (78851234.041.000) 2026-10-01 09:58:14 Image size of job updated: 682892
	667  -  MemoryUsage of job (MB)
	682892  -  ResidentSetSize of job (KB)
...
006 (78851234.041.000) 2026-10-01 10:18:16 Image size of job updated: 683916
	668  -  MemoryUsage of job (MB)
	683916  -  ResidentSetSize of job (KB)
...
006 (78851234.041.000) 2026-10-01 10:38:18 Image size of job updated: 683920
	668  -  MemoryUsage of job (MB)
	683920  -  ResidentSetSize of job (KB)
...
006 (78851234.041.000) 2026-10-01 10:43:19 Image size of job updated: 684948
	669  -  MemoryUsage of job (MB)
	684948  -  ResidentSetSize of job (KB)
...
006 (78851234.041.000) 2026-10-01 10:53:20 Image size of job updated: 684952
	669  -  MemoryUsage of job (MB)
	684952  -  ResidentSetSize of job (KB)
...
006 (78851234.041.000) 2026-10-01 11:03:21 Image size of job updated: 685976
	670  -  MemoryUsage of job (MB)
	685976  -  ResidentSetSize of job (KB)
...
006 (78851234.041.000) 2026-10-01 11:18:22 Image size of job updated: 685980
	670  -  MemoryUsage of job (MB)
	685980  -  ResidentSetSize of job (KB)
...
006 (78851234.041.000) 2026-10-01 11:28:23 Image size of job updated: 687004
	671  -  MemoryUsage of job (MB)
	687004  -  ResidentSetSize of job (KB)
...
006 (78851234.041.000) 2026-10-01 11:48:25 Image size of job updated: 688028
	672  -  MemoryUsage of job (MB)
	688028  -  ResidentSetSize of job (KB)
...
006 (78851234.041.000) 2026-10-01 12:03:27 Image size of job updated: 690076
	674  -  MemoryUsage of job (MB)
	690076  -  ResidentSetSize of job (KB)
...
006 (78851234.041.000) 2026-10-01 12:33:30 Image size of job updated: 690092
	674  -  MemoryUsage of job (MB)
	690092  -  ResidentSetSize of job (KB)
...
006 (78851234.041.000) 2026-10-01 13:08:34 Image size of job updated: 691104
	675  -  MemoryUsage of job (MB)
	691104  -  ResidentSetSize of job (KB)
...
006 (78851234.041.000) 2026-10-01 13:13:34 Image size of job updated: 691108
	675  -  MemoryUsage of job (MB)
	691108  -  ResidentSetSize of job (KB)
...
006 (78851234.041.000) 2026-10-01 13:18:35 Image size of job updated: 691116
	675  -  MemoryUsage of job (MB)
	691116  -  ResidentSetSize of job (KB)
...
006 (78851234.041.000) 2026-10-01 13:28:36 Image size of job updated: 693164
	676  -  MemoryUsage of job (MB)
	692140  -  ResidentSetSize of job (KB)
...
006 (78851234.041.000) 2026-10-01 13:48:39 Image size of job updated: 693164
	676  -  MemoryUsage of job (MB)
	692148  -  ResidentSetSize of job (KB)
...
006 (78851234.041.000) 2026-10-01 13:53:39 Image size of job updated: 693164
	676  -  MemoryUsage of job (MB)
	692164  -  ResidentSetSize of job (KB)
...
006 (78851234.041.000) 2026-10-01 14:03:40 Image size of job updated: 695220
	678  -  MemoryUsage of job (MB)
	694196  -  ResidentSetSize of job (KB)
...
006 (78851234.041.000) 2026-10-01 14:18:41 Image size of job updated: 695220
	678  -  MemoryUsage of job (MB)
	694200  -  ResidentSetSize of job (KB)
...
006 (78851234.041.000) 2026-10-01 14:28:42 Image size of job updated: 695220
	678  -  MemoryUsage of job (MB)
	694204  -  ResidentSetSize of job (KB)
...
006 (78851234.041.000) 2026-10-01 14:48:45 Image size of job updated: 695232
	679  -  MemoryUsage of job (MB)
	695232  -  ResidentSetSize of job (KB)
...
006 (78851234.041.000) 2026-10-01 15:03:46 Image size of job updated: 695236
	679  -  MemoryUsage of job (MB)
	695236  -  ResidentSetSize of job (KB)
...
006 (78851234.041.000) 2026-10-01 15:08:47 Image size of job updated: 696260
	680  -  MemoryUsage of job (MB)
	696260  -  ResidentSetSize of job (KB)
...
006 (78851234.041.000) 2026-10-01 15:33:50 Image size of job updated: 697284
	681  -  MemoryUsage of job (MB)
	697284  -  ResidentSetSize of job (KB)
...
006 (78851234.041.000) 2026-10-01 15:38:50 Image size of job updated: 697288
	681  -  MemoryUsage of job (MB)
	697288  -  ResidentSetSize of job (KB)
...
006 (78851234.041.000) 2026-10-01 15:43:50 Image size of job updated: 699632
	684  -  MemoryUsage of job (MB)
	699632  -  ResidentSetSize of job (KB)
...
006 (78851234.041.000) 2026-10-01 15:53:51 Image size of job updated: 699636
	684  -  MemoryUsage of job (MB)
	699636  -  ResidentSetSize of job (KB)
...
006 (78851234.041.000) 2026-10-01 16:08:52 Image size of job updated: 700660
	685  -  MemoryUsage of job (MB)
	700660  -  ResidentSetSize of job (KB)
...
006 (78851234.041.000) 2026-10-01 16:23:54 Image size of job updated: 700664
	685  -  MemoryUsage of job (MB)
	700664  -  ResidentSetSize of job (KB)
...
006 (78851234.041.000) 2026-10-01 16:28:54 Image size of job updated: 701688
	686  -  MemoryUsage of job (MB)
	701688  -  ResidentSetSize of job (KB)
...
006 (78851234.041.000) 2026-10-01 16:43:56 Image size of job updated: 702712
	687  -  MemoryUsage of job (MB)
	702712  -  ResidentSetSize of job (KB)
...
006 (78851234.041.000) 2026-10-01 17:03:58 Image size of job updated: 702716
	687  -  MemoryUsage of job (MB)
	702716  -  ResidentSetSize of job (KB)
...
006 (78851234.041.000) 2026-10-01 17:08:58 Image size of job updated: 703740
	687  -  MemoryUsage of job (MB)
	702732  -  ResidentSetSize of job (KB)
...
006 (78851234.041.000) 2026-10-01 17:18:59 Image size of job updated: 703740
	688  -  MemoryUsage of job (MB)
	703740  -  ResidentSetSize of job (KB)
...
006 (78851234.041.000) 2026-10-01 17:29:00 Image size of job updated: 703760
	688  -  MemoryUsage of job (MB)
	703760  -  ResidentSetSize of job (KB)
...
006 (78851234.041.000) 2026-10-01 17:34:00 Image size of job updated: 703764
	688  -  MemoryUsage of job (MB)
	703764  -  ResidentSetSize of job (KB)
...
006 (78851234.041.000) 2026-10-01 17:39:01 Image size of job updated: 704780
	689  -  MemoryUsage of job (MB)
	704780  -  ResidentSetSize of job (KB)
...
006 (78851234.041.000) 2026-10-01 18:09:03 Image size of job updated: 704784
	689  -  MemoryUsage of job (MB)
	704784  -  ResidentSetSize of job (KB)
...
006 (78851234.041.000) 2026-10-01 18:14:04 Image size of job updated: 705808
	690  -  MemoryUsage of job (MB)
	705808  -  ResidentSetSize of job (KB)
...
006 (78851234.041.000) 2026-10-01 18:34:05 Image size of job updated: 708404
	692  -  MemoryUsage of job (MB)
	708404  -  ResidentSetSize of job (KB)
...
006 (78851234.041.000) 2026-10-01 18:39:06 Image size of job updated: 708412
	692  -  MemoryUsage of job (MB)
	708412  -  ResidentSetSize of job (KB)
...
006 (78851234.041.000) 2026-10-01 18:44:06 Image size of job updated: 708416
	692  -  MemoryUsage of job (MB)
	708416  -  ResidentSetSize of job (KB)
...
006 (78851234.041.000) 2026-10-01 18:49:07 Image size of job updated: 709404
	693  -  MemoryUsage of job (MB)
	709404  -  ResidentSetSize of job (KB)
...
006 (78851234.041.000) 2026-10-01 19:09:09 Image size of job updated: 710428
	694  -  MemoryUsage of job (MB)
	710428  -  ResidentSetSize of job (KB)
...
006 (78851234.041.000) 2026-10-01 19:24:10 Image size of job updated: 710432
	694  -  MemoryUsage of job (MB)
	710432  -  ResidentSetSize of job (KB)
...
006 (78851234.041.000) 2026-10-01 19:29:11 Image size of job updated: 710444
	694  -  MemoryUsage of job (MB)
	710444  -  ResidentSetSize of job (KB)
...
006 (78851234.041.000) 2026-10-01 19:44:12 Image size of job updated: 711460
	694  -  MemoryUsage of job (MB)
	710452  -  ResidentSetSize of job (KB)
...
006 (78851234.041.000) 2026-10-01 19:54:12 Image size of job updated: 711460
	695  -  MemoryUsage of job (MB)
	711460  -  ResidentSetSize of job (KB)
...
006 (78851234.041.000) 2026-10-01 20:04:14 Image size of job updated: 712484
	696  -  MemoryUsage of job (MB)
	712484  -  ResidentSetSize of job (KB)
...
006 (78851234.041.000) 2026-10-01 20:19:15 Image size of job updated: 712488
	696  -  MemoryUsage of job (MB)
	712488  -  ResidentSetSize of job (KB)
...
006 (78851234.041.000) 2026-10-01 20:24:16 Image size of job updated: 715580
	696  -  MemoryUsage of job (MB)
	712488  -  ResidentSetSize of job (KB)
...
006 (78851234.041.000) 2026-10-01 20:34:17 Image size of job updated: 715580
	697  -  MemoryUsage of job (MB)
	713512  -  ResidentSetSize of job (KB)
...
006 (78851234.041.000) 2026-10-01 20:59:20 Image size of job updated: 715580
	698  -  MemoryUsage of job (MB)
	714536  -  ResidentSetSize of job (KB)
...
006 (78851234.041.000) 2026-10-01 21:09:21 Image size of job updated: 717712
	698  -  MemoryUsage of job (MB)
	714536  -  ResidentSetSize of job (KB)
...
004 (78851234.041.000) 2026-10-01 21:44:56 Job was evicted. Code 1019 Subcode 0
	(0) CPU times
		Usr 14 10:24:58, Sys 0 00:25:30  -  Run Remote Usage
		Usr 0 00:00:00, Sys 0 00:00:00  -  Run Local Usage
	0  -  Run Bytes Sent By Job
	0  -  Run Bytes Received By Job
	Reason: Preempted for a Priority user
	Partitionable Resources :     Usage  Request Allocated 
	   Cpus                 :     15.83        4         4 
	   Disk (KB)            :  25000       25000     28672 
	   GPUs                 :                            0 
	   Memory (MB)          :    698        6000      6016 
	   TimeExecute (s)      : 119337                       
	   TimeSlotBusy (s)     : 119337                       
...
022 (78851234.041.000) 2026-10-01 22:50:16 Job disconnected, attempting to reconnect
    Socket between submit and execute hosts closed unexpectedly
    Trying to reconnect to slot1_1@node776.cluster.ldas.cit <10.14.4.26:9618?addrs=10.14.4.26-9618&alias=node776.cluster.ldas.cit&noUDP&sock=startd_528697_bece>
...
024 (78851234.041.000) 2026-10-01 22:50:16 Job reconnection failed
    Job disconnected too long: JobLeaseDuration (2400 seconds) expired
    Can not reconnect to slot1_1@node776.cluster.ldas.cit, rescheduling job
...
004 (78851234.041.000) 2026-10-01 22:50:16 Job was evicted. Code 1008 Subcode 0
	(0) CPU times
		Usr 0 00:00:00, Sys 0 00:00:00  -  Run Remote Usage
		Usr 0 00:00:00, Sys 0 00:00:00  -  Run Local Usage
	0  -  Run Bytes Sent By Job
	0  -  Run Bytes Received By Job
	Reason: Job disconnected too long: JobLeaseDuration (2400 seconds) expired
	Partitionable Resources :     Usage  Request Allocated 
	   Cpus                 :     15.83        4         4 
	   Disk (KB)            :  25000       25000     28672 
	   GPUs                 :                            0 
	   Memory (MB)          :    733        6000      6016 
	   TimeExecute (s)      : 119337                       
	   TimeSlotBusy (s)     : 119337                       
...
001 (78851234.041.000) 2026-10-01 22:55:34 Job executing on host: <10.14.4.8:9618?addrs=10.14.4.8-9618&alias=node758.cluster.ldas.cit&noUDP&sock=startd_1429405_8402>
	SlotName: slot1_8@node758.cluster.ldas.cit
	CondorScratchDir = "/var/lib/condor/execute/dir_2026714/scratch"
	Cpus = 4
	Disk = 28672
	GPUs = 0
	Memory = 6016
...
006 (78851234.041.000) 2026-10-02 00:00:49 Image size of job updated: 803408
	785  -  MemoryUsage of job (MB)
	803408  -  ResidentSetSize of job (KB)
...
006 (78851234.041.000) 2026-10-02 00:05:49 Image size of job updated: 1040568
	1017  -  MemoryUsage of job (MB)
	1040568  -  ResidentSetSize of job (KB)
...
006 (78851234.041.000) 2026-10-02 00:10:50 Image size of job updated: 1277728
	1248  -  MemoryUsage of job (MB)
	1277728  -  ResidentSetSize of job (KB)
...
006 (78851234.041.000) 2026-10-02 00:15:50 Image size of job updated: 1528048
	1493  -  MemoryUsage of job (MB)
	1528048  -  ResidentSetSize of job (KB)
...
006 (78851234.041.000) 2026-10-02 00:20:51 Image size of job updated: 1765328
	1724  -  MemoryUsage of job (MB)
	1765328  -  ResidentSetSize of job (KB)
...
006 (78851234.041.000) 2026-10-02 00:25:51 Image size of job updated: 1923372
	1860  -  MemoryUsage of job (MB)
	1904556  -  ResidentSetSize of job (KB)
...
006 (78851234.041.000) 2026-10-02 00:30:51 Image size of job updated: 1923372
	1861  -  MemoryUsage of job (MB)
	1904796  -  ResidentSetSize of job (KB)
...
006 (78851234.041.000) 2026-10-02 00:35:52 Image size of job updated: 1934376
	1861  -  MemoryUsage of job (MB)
	1904796  -  ResidentSetSize of job (KB)
...
006 (78851234.041.000) 2026-10-02 00:50:53 Image size of job updated: 1934376
	1867  -  MemoryUsage of job (MB)
	1911656  -  ResidentSetSize of job (KB)
...
006 (78851234.041.000) 2026-10-02 00:55:53 Image size of job updated: 1934376
	1867  -  MemoryUsage of job (MB)
	1911776  -  ResidentSetSize of job (KB)
...
006 (78851234.041.000) 2026-10-02 01:10:55 Image size of job updated: 1934376
	1870  -  MemoryUsage of job (MB)
	1914192  -  ResidentSetSize of job (KB)
...
006 (78851234.041.000) 2026-10-02 01:15:55 Image size of job updated: 1934376
	1870  -  MemoryUsage of job (MB)
	1914260  -  ResidentSetSize of job (KB)
...
006 (78851234.041.000) 2026-10-02 01:20:56 Image size of job updated: 1934376
	1870  -  MemoryUsage of job (MB)
	1914416  -  ResidentSetSize of job (KB)
...
006 (78851234.041.000) 2026-10-02 01:35:58 Image size of job updated: 1934376
	1870  -  MemoryUsage of job (MB)
	1914848  -  ResidentSetSize of job (KB)
...
006 (78851234.041.000) 2026-10-02 01:40:58 Image size of job updated: 1934376
	1870  -  MemoryUsage of job (MB)
	1914876  -  ResidentSetSize of job (KB)
...
006 (78851234.041.000) 2026-10-02 01:45:59 Image size of job updated: 1934784
	1873  -  MemoryUsage of job (MB)
	1917328  -  ResidentSetSize of job (KB)
...
006 (78851234.041.000) 2026-10-02 01:50:59 Image size of job updated: 1934784
	1873  -  MemoryUsage of job (MB)
	1917428  -  ResidentSetSize of job (KB)
...
006 (78851234.041.000) 2026-10-02 01:56:00 Image size of job updated: 1934784
	1873  -  MemoryUsage of job (MB)
	1917596  -  ResidentSetSize of job (KB)
...
006 (78851234.041.000) 2026-10-02 02:01:01 Image size of job updated: 1934784
	1873  -  MemoryUsage of job (MB)
	1917888  -  ResidentSetSize of job (KB)
...
006 (78851234.041.000) 2026-10-02 02:06:01 Image size of job updated: 1934784
	1873  -  MemoryUsage of job (MB)
	1917932  -  ResidentSetSize of job (KB)
...
006 (78851234.041.000) 2026-10-02 02:26:04 Image size of job updated: 1934784
	1876  -  MemoryUsage of job (MB)
	1920356  -  ResidentSetSize of job (KB)
...
006 (78851234.041.000) 2026-10-02 02:31:04 Image size of job updated: 1934784
	1876  -  MemoryUsage of job (MB)
	1920384  -  ResidentSetSize of job (KB)
...
006 (78851234.041.000) 2026-10-02 02:36:05 Image size of job updated: 1934784
	1879  -  MemoryUsage of job (MB)
	1923688  -  ResidentSetSize of job (KB)
...
006 (78851234.041.000) 2026-10-02 02:41:05 Image size of job updated: 1934784
	1879  -  MemoryUsage of job (MB)
	1923704  -  ResidentSetSize of job (KB)
...
006 (78851234.041.000) 2026-10-02 02:46:06 Image size of job updated: 1934784
	1884  -  MemoryUsage of job (MB)
	1928696  -  ResidentSetSize of job (KB)
...
006 (78851234.041.000) 2026-10-02 02:51:06 Image size of job updated: 1934784
	1884  -  MemoryUsage of job (MB)
	1928740  -  ResidentSetSize of job (KB)
...
006 (78851234.041.000) 2026-10-02 02:56:07 Image size of job updated: 1948276
	1884  -  MemoryUsage of job (MB)
	1928740  -  ResidentSetSize of job (KB)
...
006 (78851234.041.000) 2026-10-02 03:21:10 Image size of job updated: 1949956
	1884  -  MemoryUsage of job (MB)
	1928740  -  ResidentSetSize of job (KB)
...
006 (78851234.041.000) 2026-10-02 03:31:10 Image size of job updated: 1960792
	1884  -  MemoryUsage of job (MB)
	1928740  -  ResidentSetSize of job (KB)
...
006 (78851234.041.000) 2026-10-02 03:46:12 Image size of job updated: 1960792
	1886  -  MemoryUsage of job (MB)
	1930496  -  ResidentSetSize of job (KB)
...
006 (78851234.041.000) 2026-10-02 03:51:12 Image size of job updated: 1960792
	1886  -  MemoryUsage of job (MB)
	1930540  -  ResidentSetSize of job (KB)
...
006 (78851234.041.000) 2026-10-02 03:56:13 Image size of job updated: 1960792
	1886  -  MemoryUsage of job (MB)
	1930888  -  ResidentSetSize of job (KB)
...
006 (78851234.041.000) 2026-10-02 04:01:14 Image size of job updated: 1960792
	1886  -  MemoryUsage of job (MB)
	1930896  -  ResidentSetSize of job (KB)
...
006 (78851234.041.000) 2026-10-02 04:06:14 Image size of job updated: 1960792
	1887  -  MemoryUsage of job (MB)
	1931788  -  ResidentSetSize of job (KB)
...
006 (78851234.041.000) 2026-10-02 04:11:15 Image size of job updated: 1960792
	1887  -  MemoryUsage of job (MB)
	1931804  -  ResidentSetSize of job (KB)
...
006 (78851234.041.000) 2026-10-02 04:16:15 Image size of job updated: 1960792
	1887  -  MemoryUsage of job (MB)
	1931816  -  ResidentSetSize of job (KB)
...
006 (78851234.041.000) 2026-10-02 04:21:16 Image size of job updated: 1971636
	1887  -  MemoryUsage of job (MB)
	1931816  -  ResidentSetSize of job (KB)
...
006 (78851234.041.000) 2026-10-02 04:56:20 Image size of job updated: 1975268
	1888  -  MemoryUsage of job (MB)
	1933304  -  ResidentSetSize of job (KB)
...
006 (78851234.041.000) 2026-10-02 05:01:21 Image size of job updated: 1975268
	1889  -  MemoryUsage of job (MB)
	1933336  -  ResidentSetSize of job (KB)
...
006 (78851234.041.000) 2026-10-02 05:06:21 Image size of job updated: 1975268
	1891  -  MemoryUsage of job (MB)
	1936304  -  ResidentSetSize of job (KB)
...
006 (78851234.041.000) 2026-10-02 05:11:22 Image size of job updated: 1975268
	1891  -  MemoryUsage of job (MB)
	1936380  -  ResidentSetSize of job (KB)
...
006 (78851234.041.000) 2026-10-02 05:16:23 Image size of job updated: 1975268
	1894  -  MemoryUsage of job (MB)
	1938900  -  ResidentSetSize of job (KB)
...
006 (78851234.041.000) 2026-10-02 05:31:24 Image size of job updated: 1975268
	1895  -  MemoryUsage of job (MB)
	1940008  -  ResidentSetSize of job (KB)
...
006 (78851234.041.000) 2026-10-02 05:36:25 Image size of job updated: 1975268
	1895  -  MemoryUsage of job (MB)
	1940016  -  ResidentSetSize of job (KB)
...
006 (78851234.041.000) 2026-10-02 05:41:26 Image size of job updated: 1976872
	1895  -  MemoryUsage of job (MB)
	1940016  -  ResidentSetSize of job (KB)
...
006 (78851234.041.000) 2026-10-02 05:51:27 Image size of job updated: 1976872
	1895  -  MemoryUsage of job (MB)
	1940316  -  ResidentSetSize of job (KB)
...
006 (78851234.041.000) 2026-10-02 05:56:28 Image size of job updated: 1976872
	1895  -  MemoryUsage of job (MB)
	1940352  -  ResidentSetSize of job (KB)
...
006 (78851234.041.000) 2026-10-02 06:01:28 Image size of job updated: 1982464
	1897  -  MemoryUsage of job (MB)
	1942088  -  ResidentSetSize of job (KB)
...
006 (78851234.041.000) 2026-10-02 06:06:29 Image size of job updated: 1982464
	1897  -  MemoryUsage of job (MB)
	1942112  -  ResidentSetSize of job (KB)
...
006 (78851234.041.000) 2026-10-02 06:11:30 Image size of job updated: 1982464
	1897  -  MemoryUsage of job (MB)
	1942136  -  ResidentSetSize of job (KB)
...
006 (78851234.041.000) 2026-10-02 06:26:32 Image size of job updated: 1985868
	1900  -  MemoryUsage of job (MB)
	1945560  -  ResidentSetSize of job (KB)
...
006 (78851234.041.000) 2026-10-02 06:31:32 Image size of job updated: 1985868
	1900  -  MemoryUsage of job (MB)
	1945572  -  ResidentSetSize of job (KB)
...
006 (78851234.041.000) 2026-10-02 06:46:34 Image size of job updated: 1991628
	1906  -  MemoryUsage of job (MB)
	1951676  -  ResidentSetSize of job (KB)
...
006 (78851234.041.000) 2026-10-02 06:51:35 Image size of job updated: 1991628
	1906  -  MemoryUsage of job (MB)
	1951692  -  ResidentSetSize of job (KB)
...
006 (78851234.041.000) 2026-10-02 06:55:30 Image size of job updated: 1992676
	1906  -  MemoryUsage of job (MB)
	1951692  -  ResidentSetSize of job (KB)
...
005 (78851234.041.000) 2026-10-02 06:55:31 Job terminated.
	(1) Normal termination (return value 0)
		Usr 3 13:50:01, Sys 0 00:05:17  -  Run Remote Usage
		Usr 0 00:00:00, Sys 0 00:00:00  -  Run Local Usage
		Usr 18 00:14:59, Sys 0 00:30:47  -  Total Remote Usage
		Usr 0 00:00:00, Sys 0 00:00:00  -  Total Local Usage
	0  -  Run Bytes Sent By Job
	0  -  Run Bytes Received By Job
	0  -  Total Bytes Sent By Job
	0  -  Total Bytes Received By Job
	Partitionable Resources :    Usage  Request Allocated 
	   Cpus                 :     0.99        4         4 
	   Disk (KB)            : 25000       25000     28672 
	   GPUs                 :                           0 
	   Memory (MB)          :  1906        6000      6016 
	   TimeExecute (s)      : 28796                       
	   TimeSlotBusy (s)     : 28796                       
...
000 (78854872.041.000) 2026-10-03 17:21:23 Job submitted from host: <10.14.0.121:9618?addrs=10.14.0.121-9618&alias=ldas-pcdev12.ligo.caltech.edu&noUDP&sock=schedd_623140_c9b4>
...
001 (78854872.041.000) 2026-10-03 17:22:12 Job executing on host: <10.14.4.7:9618?addrs=10.14.4.7-9618&alias=node757.cluster.ldas.cit&noUDP&sock=startd_773861_db83>
	SlotName: slot1_3@node757.cluster.ldas.cit
	CondorScratchDir = "/var/lib/condor/execute/dir_1468525/scratch"
	Cpus = 4
	Disk = 28672
	GPUs = 0
	Memory = 6016
...
006 (78854872.041.000) 2026-10-03 17:22:21 Image size of job updated: 25000
	10  -  MemoryUsage of job (MB)
	9308  -  ResidentSetSize of job (KB)
...
006 (78854872.041.000) 2026-10-03 17:24:03 Image size of job updated: 507660
	10  -  MemoryUsage of job (MB)
	9308  -  ResidentSetSize of job (KB)
...
005 (78854872.041.000) 2026-10-03 17:24:03 Job terminated.
	(1) Normal termination (return value 0)
		Usr 0 00:00:31, Sys 0 00:00:01  -  Run Remote Usage
		Usr 0 00:00:00, Sys 0 00:00:00  -  Run Local Usage
		Usr 0 00:00:31, Sys 0 00:00:01  -  Total Remote Usage
		Usr 0 00:00:00, Sys 0 00:00:00  -  Total Local Usage
	0  -  Run Bytes Sent By Job
	0  -  Run Bytes Received By Job
	0  -  Total Bytes Sent By Job
	0  -  Total Bytes Received By Job
	Partitionable Resources :    Usage  Request Allocated 
	   Cpus                 :                 4         4 
	   Disk (KB)            :    25000    25000     28672 
	   GPUs                 :                           0 
	   Memory (MB)          :       10     6000      6016 
	   TimeExecute (s)      :      111                    
	   TimeSlotBusy (s)     :      113                    
...
000 (78854906.041.000) 2026-10-03 21:36:50 Job submitted from host: <10.14.0.121:9618?addrs=10.14.0.121-9618&alias=ldas-pcdev12.ligo.caltech.edu&noUDP&sock=schedd_623140_c9b4>
...
001 (78854906.041.000) 2026-10-03 21:38:42 Job executing on host: <10.14.10.123:9618?addrs=10.14.10.123-9618&alias=node2373.cluster.ldas.cit&noUDP&sock=startd_3388686_50cf>
	SlotName: slot1_1@node2373.cluster.ldas.cit
	CondorScratchDir = "/var/lib/condor/execute/dir_2522838/scratch"
	Cpus = 4
	Disk = 28672
	GPUs = 0
	Memory = 6016
...
006 (78854906.041.000) 2026-10-03 21:38:42 Image size of job updated: 25000
	0  -  MemoryUsage of job (MB)
	0  -  ResidentSetSize of job (KB)
...
005 (78854906.041.000) 2026-10-03 21:38:42 Job terminated.
	(1) Normal termination (return value 1)
		Usr 0 00:00:00, Sys 0 00:00:00  -  Run Remote Usage
		Usr 0 00:00:00, Sys 0 00:00:00  -  Run Local Usage
		Usr 0 00:00:00, Sys 0 00:00:00  -  Total Remote Usage
		Usr 0 00:00:00, Sys 0 00:00:00  -  Total Local Usage
	0  -  Run Bytes Sent By Job
	0  -  Run Bytes Received By Job
	0  -  Total Bytes Sent By Job
	0  -  Total Bytes Received By Job
	Partitionable Resources :    Usage  Request Allocated 
	   Cpus                 :                 4         4 
	   Disk (KB)            :    25000    25000     28672 
	   GPUs                 :                           0 
	   Memory (MB)          :        0     6000      6016 
	   TimeExecute (s)      :        0                    
	   TimeSlotBusy (s)     :        1                    
...
000 (78855135.041.000) 2026-10-04 13:44:55 Job submitted from host: <10.14.0.121:9618?addrs=10.14.0.121-9618&alias=ldas-pcdev12.ligo.caltech.edu&noUDP&sock=schedd_623140_c9b4>
...
001 (78855135.041.000) 2026-10-04 13:49:18 Job executing on host: <10.14.8.188:9618?addrs=10.14.8.188-9618&alias=node1938.cluster.ldas.cit&noUDP&sock=startd_34686_4a17>
	SlotName: slot1_2@node1938.cluster.ldas.cit
	CondorScratchDir = "/var/lib/condor/execute/dir_721857/scratch"
	Cpus = 4
	Disk = 28672
	GPUs = 0
	Memory = 6016
...
006 (78855135.041.000) 2026-10-04 13:49:26 Image size of job updated: 113336
	111  -  MemoryUsage of job (MB)
	113336  -  ResidentSetSize of job (KB)
...
006 (78855135.041.000) 2026-10-04 13:49:50 Image size of job updated: 509756
	111  -  MemoryUsage of job (MB)
	113340  -  ResidentSetSize of job (KB)
...
005 (78855135.041.000) 2026-10-04 13:49:50 Job terminated.
	(1) Normal termination (return value 0)
		Usr 0 00:00:18, Sys 0 00:00:01  -  Run Remote Usage
		Usr 0 00:00:00, Sys 0 00:00:00  -  Run Local Usage
		Usr 0 00:00:18, Sys 0 00:00:01  -  Total Remote Usage
		Usr 0 00:00:00, Sys 0 00:00:00  -  Total Local Usage
	0  -  Run Bytes Sent By Job
	0  -  Run Bytes Received By Job
	0  -  Total Bytes Sent By Job
	0  -  Total Bytes Received By Job
	Partitionable Resources :    Usage  Request Allocated 
	   Cpus                 :                 4         4 
	   Disk (KB)            :    25000    25000     28672 
	   GPUs                 :                           0 
	   Memory (MB)          :      111     6000      6016 
	   TimeExecute (s)      :       32                    
	   TimeSlotBusy (s)     :       33                    
...
