000 (78851234.005.000) 2026-09-30 12:35:31 Job submitted from host: <10.14.0.121:9618?addrs=10.14.0.121-9618&alias=ldas-pcdev12.ligo.caltech.edu&noUDP&sock=schedd_623140_c9b4>
...
001 (78851234.005.000) 2026-09-30 12:35:58 Job executing on host: <10.14.8.190:9618?addrs=10.14.8.190-9618&alias=node1940.cluster.ldas.cit&noUDP&sock=startd_990492_b473>
	SlotName: slot1_1@node1940.cluster.ldas.cit
	CondorScratchDir = "/var/lib/condor/execute/dir_1053799/scratch"
	Cpus = 4
	Disk = 28672
	GPUs = 0
	Memory = 6016
...
006 (78851234.005.000) 2026-09-30 12:36:07 Image size of job updated: 153208
	150  -  MemoryUsage of job (MB)
	153208  -  ResidentSetSize of job (KB)
...
006 (78851234.005.000) 2026-09-30 12:41:08 Image size of job updated: 427432
	418  -  MemoryUsage of job (MB)
	427432  -  ResidentSetSize of job (KB)
...
006 (78851234.005.000) 2026-09-30 12:46:08 Image size of job updated: 660104
	645  -  MemoryUsage of job (MB)
	660104  -  ResidentSetSize of job (KB)
...
006 (78851234.005.000) 2026-09-30 12:51:09 Image size of job updated: 911276
	890  -  MemoryUsage of job (MB)
	911276  -  ResidentSetSize of job (KB)
...
006 (78851234.005.000) 2026-09-30 12:56:09 Image size of job updated: 1133836
	1108  -  MemoryUsage of job (MB)
	1133836  -  ResidentSetSize of job (KB)
...
006 (78851234.005.000) 2026-09-30 13:01:10 Image size of job updated: 1343744
	1313  -  MemoryUsage of job (MB)
	1343744  -  ResidentSetSize of job (KB)
...
006 (78851234.005.000) 2026-09-30 13:06:11 Image size of job updated: 1562172
	1526  -  MemoryUsage of job (MB)
	1562172  -  ResidentSetSize of job (KB)
...
006 (78851234.005.000) 2026-09-30 13:11:11 Image size of job updated: 1755696
	1715  -  MemoryUsage of job (MB)
	1755696  -  ResidentSetSize of job (KB)
...
006 (78851234.005.000) 2026-09-30 13:16:12 Image size of job updated: 1842276
	1800  -  MemoryUsage of job (MB)
	1842276  -  ResidentSetSize of job (KB)
...
006 (78851234.005.000) 2026-09-30 13:21:12 Image size of job updated: 1843400
	1801  -  MemoryUsage of job (MB)
	1843400  -  ResidentSetSize of job (KB)
...
006 (78851234.005.000) 2026-09-30 13:26:13 Image size of job updated: 1843484
	1801  -  MemoryUsage of job (MB)
	1843484  -  ResidentSetSize of job (KB)
...
006 (78851234.005.000) 2026-09-30 13:31:13 Image size of job updated: 1867252
	1824  -  MemoryUsage of job (MB)
	1867252  -  ResidentSetSize of job (KB)
...
006 (78851234.005.000) 2026-09-30 13:36:14 Image size of job updated: 1867292
	1824  -  MemoryUsage of job (MB)
	1867292  -  ResidentSetSize of job (KB)
...
006 (78851234.005.000) 2026-09-30 13:41:14 Image size of job updated: 1867308
	1824  -  MemoryUsage of job (MB)
	1867292  -  ResidentSetSize of job (KB)
...
006 (78851234.005.000) 2026-09-30 13:46:15 Image size of job updated: 1867900
	1825  -  MemoryUsage of job (MB)
	1867900  -  ResidentSetSize of job (KB)
...
006 (78851234.005.000) 2026-09-30 13:51:15 Image size of job updated: 1869860
	1827  -  MemoryUsage of job (MB)
	1869860  -  ResidentSetSize of job (KB)
...
006 (78851234.005.000) 2026-09-30 13:56:16 Image size of job updated: 1869916
	1827  -  MemoryUsage of job (MB)
	1869916  -  ResidentSetSize of job (KB)
...
006 (78851234.005.000) 2026-09-30 14:01:17 Image size of job updated: 1881872
	1838  -  MemoryUsage of job (MB)
	1881872  -  ResidentSetSize of job (KB)
...
006 (78851234.005.000) 2026-09-30 14:06:17 Image size of job updated: 1881932
	1838  -  MemoryUsage of job (MB)
	1881932  -  ResidentSetSize of job (KB)
...
006 (78851234.005.000) 2026-09-30 14:11:17 Image size of job updated: 1881980
	1838  -  MemoryUsage of job (MB)
	1881980  -  ResidentSetSize of job (KB)
...
006 (78851234.005.000) 2026-09-30 14:16:18 Image size of job updated: 1882048
	1838  -  MemoryUsage of job (MB)
	1882048  -  ResidentSetSize of job (KB)
...
006 (78851234.005.000) 2026-09-30 14:21:18 Image size of job updated: 1882080
	1838  -  MemoryUsage of job (MB)
	1882080  -  ResidentSetSize of job (KB)
...
006 (78851234.005.000) 2026-09-30 14:26:19 Image size of job updated: 1882304
	1839  -  MemoryUsage of job (MB)
	1882304  -  ResidentSetSize of job (KB)
...
006 (78851234.005.000) 2026-09-30 14:31:20 Image size of job updated: 1882328
	1839  -  MemoryUsage of job (MB)
	1882328  -  ResidentSetSize of job (KB)
...
006 (78851234.005.000) 2026-09-30 14:36:20 Image size of job updated: 1882384
	1839  -  MemoryUsage of job (MB)
	1882384  -  ResidentSetSize of job (KB)
...
006 (78851234.005.000) 2026-09-30 14:41:21 Image size of job updated: 1882424
	1839  -  MemoryUsage of job (MB)
	1882424  -  ResidentSetSize of job (KB)
...
006 (78851234.005.000) 2026-09-30 14:46:21 Image size of job updated: 1883492
	1840  -  MemoryUsage of job (MB)
	1883492  -  ResidentSetSize of job (KB)
...
006 (78851234.005.000) 2026-09-30 14:51:22 Image size of job updated: 1883616
	1840  -  MemoryUsage of job (MB)
	1883616  -  ResidentSetSize of job (KB)
...
006 (78851234.005.000) 2026-09-30 14:56:22 Image size of job updated: 1888668
	1845  -  MemoryUsage of job (MB)
	1888668  -  ResidentSetSize of job (KB)
...
006 (78851234.005.000) 2026-09-30 15:01:23 Image size of job updated: 1888692
	1845  -  MemoryUsage of job (MB)
	1888692  -  ResidentSetSize of job (KB)
...
006 (78851234.005.000) 2026-09-30 15:06:23 Image size of job updated: 1888704
	1845  -  MemoryUsage of job (MB)
	1888704  -  ResidentSetSize of job (KB)
...
006 (78851234.005.000) 2026-09-30 15:11:24 Image size of job updated: 1888732
	1845  -  MemoryUsage of job (MB)
	1888732  -  ResidentSetSize of job (KB)
...
006 (78851234.005.000) 2026-09-30 15:16:24 Image size of job updated: 1888740
	1845  -  MemoryUsage of job (MB)
	1888732  -  ResidentSetSize of job (KB)
...
006 (78851234.005.000) 2026-09-30 16:01:29 Image size of job updated: 1889980
	1846  -  MemoryUsage of job (MB)
	1889980  -  ResidentSetSize of job (KB)
...
006 (78851234.005.000) 2026-09-30 16:06:30 Image size of job updated: 1889996
	1846  -  MemoryUsage of job (MB)
	1889996  -  ResidentSetSize of job (KB)
...
006 (78851234.005.000) 2026-09-30 16:11:30 Image size of job updated: 1890008
	1846  -  MemoryUsage of job (MB)
	1889996  -  ResidentSetSize of job (KB)
...
006 (78851234.005.000) 2026-09-30 16:56:34 Image size of job updated: 1893152
	1849  -  MemoryUsage of job (MB)
	1893152  -  ResidentSetSize of job (KB)
...
006 (78851234.005.000) 2026-09-30 17:01:34 Image size of job updated: 1893156
	1849  -  MemoryUsage of job (MB)
	1893156  -  ResidentSetSize of job (KB)
...
006 (78851234.005.000) 2026-09-30 17:06:35 Image size of job updated: 1895432
	1851  -  MemoryUsage of job (MB)
	1894444  -  ResidentSetSize of job (KB)
...
006 (78851234.005.000) 2026-09-30 17:11:35 Image size of job updated: 1895432
	1851  -  MemoryUsage of job (MB)
	1894460  -  ResidentSetSize of job (KB)
...
006 (78851234.005.000) 2026-09-30 17:16:36 Image size of job updated: 1896256
	1852  -  MemoryUsage of job (MB)
	1896256  -  ResidentSetSize of job (KB)
...
006 (78851234.005.000) 2026-09-30 17:21:36 Image size of job updated: 1896328
	1852  -  MemoryUsage of job (MB)
	1896328  -  ResidentSetSize of job (KB)
...
006 (78851234.005.000) 2026-09-30 17:26:37 Image size of job updated: 1896332
	1852  -  MemoryUsage of job (MB)
	1896332  -  ResidentSetSize of job (KB)
...
006 (78851234.005.000) 2026-09-30 18:11:42 Image size of job updated: 1897444
	1853  -  MemoryUsage of job (MB)
	1897444  -  ResidentSetSize of job (KB)
...
006 (78851234.005.000) 2026-09-30 18:16:42 Image size of job updated: 1897464
	1853  -  MemoryUsage of job (MB)
	1897464  -  ResidentSetSize of job (KB)
...
006 (78851234.005.000) 2026-09-30 18:21:43 Image size of job updated: 1897472
	1853  -  MemoryUsage of job (MB)
	1897472  -  ResidentSetSize of job (KB)
...
006 (78851234.005.000) 2026-09-30 18:26:43 Image size of job updated: 1897480
	1854  -  MemoryUsage of job (MB)
	1897480  -  ResidentSetSize of job (KB)
...
006 (78851234.005.000) 2026-09-30 19:51:53 Image size of job updated: 1899656
	1856  -  MemoryUsage of job (MB)
	1899656  -  ResidentSetSize of job (KB)
...
006 (78851234.005.000) 2026-09-30 19:56:53 Image size of job updated: 1899664
	1856  -  MemoryUsage of job (MB)
	1899664  -  ResidentSetSize of job (KB)
...
006 (78851234.005.000) 2026-09-30 20:01:54 Image size of job updated: 1899668
	1856  -  MemoryUsage of job (MB)
	1899664  -  ResidentSetSize of job (KB)
...
006 (78851234.005.000) 2026-09-30 20:56:59 Image size of job updated: 1904356
	1860  -  MemoryUsage of job (MB)
	1904356  -  ResidentSetSize of job (KB)
...
006 (78851234.005.000) 2026-09-30 21:01:59 Image size of job updated: 1904368
	1860  -  MemoryUsage of job (MB)
	1904368  -  ResidentSetSize of job (KB)
...
006 (78851234.005.000) 2026-09-30 21:07:00 Image size of job updated: 1907664
	1862  -  MemoryUsage of job (MB)
	1906468  -  ResidentSetSize of job (KB)
...
006 (78851234.005.000) 2026-09-30 21:12:00 Image size of job updated: 1907664
	1862  -  MemoryUsage of job (MB)
	1906480  -  ResidentSetSize of job (KB)
...
006 (78851234.005.000) 2026-09-30 21:17:00 Image size of job updated: 1907664
	1862  -  MemoryUsage of job (MB)
	1906484  -  ResidentSetSize of job (KB)
...
006 (78851234.005.000) 2026-09-30 21:27:01 Image size of job updated: 1908580
	1864  -  MemoryUsage of job (MB)
	1908580  -  ResidentSetSize of job (KB)
...
006 (78851234.005.000) 2026-09-30 21:37:02 Image size of job updated: 1909564
	1865  -  MemoryUsage of job (MB)
	1909564  -  ResidentSetSize of job (KB)
...
006 (78851234.005.000) 2026-09-30 21:47:03 Image size of job updated: 1909572
	1865  -  MemoryUsage of job (MB)
	1909572  -  ResidentSetSize of job (KB)
...
006 (78851234.005.000) 2026-09-30 21:52:04 Image size of job updated: 1909576
	1865  -  MemoryUsage of job (MB)
	1909576  -  ResidentSetSize of job (KB)
...
006 (78851234.005.000) 2026-09-30 21:57:04 Image size of job updated: 1909580
	1865  -  MemoryUsage of job (MB)
	1909580  -  ResidentSetSize of job (KB)
...
006 (78851234.005.000) 2026-09-30 22:22:07 Image size of job updated: 1909588
	1865  -  MemoryUsage of job (MB)
	1909588  -  ResidentSetSize of job (KB)
...
006 (78851234.005.000) 2026-09-30 22:27:08 Image size of job updated: 1909592
	1865  -  MemoryUsage of job (MB)
	1909592  -  ResidentSetSize of job (KB)
...
006 (78851234.005.000) 2026-09-30 22:32:08 Image size of job updated: 1909600
	1865  -  MemoryUsage of job (MB)
	1909600  -  ResidentSetSize of job (KB)
...
006 (78851234.005.000) 2026-09-30 23:07:11 Image size of job updated: 1913784
	1869  -  MemoryUsage of job (MB)
	1913784  -  ResidentSetSize of job (KB)
...
006 (78851234.005.000) 2026-09-30 23:12:12 Image size of job updated: 1913788
	1869  -  MemoryUsage of job (MB)
	1913788  -  ResidentSetSize of job (KB)
...
006 (78851234.005.000) 2026-09-30 23:17:13 Image size of job updated: 1913792
	1869  -  MemoryUsage of job (MB)
	1913792  -  ResidentSetSize of job (KB)
...
006 (78851234.005.000) 2026-09-30 23:22:13 Image size of job updated: 1916352
	1869  -  MemoryUsage of job (MB)
	1913792  -  ResidentSetSize of job (KB)
...
006 (78851234.005.000) 2026-09-30 23:32:14 Image size of job updated: 1916352
	1872  -  MemoryUsage of job (MB)
	1915916  -  ResidentSetSize of job (KB)
...
006 (78851234.005.000) 2026-10-01 01:02:22 Image size of job updated: 1917316
	1873  -  MemoryUsage of job (MB)
	1917316  -  ResidentSetSize of job (KB)
...
006 (78851234.005.000) 2026-10-01 01:07:23 Image size of job updated: 1917320
	1873  -  MemoryUsage of job (MB)
	1917320  -  ResidentSetSize of job (KB)
...
006 (78851234.005.000) 2026-10-01 01:22:24 Image size of job updated: 1917908
	1873  -  MemoryUsage of job (MB)
	1917908  -  ResidentSetSize of job (KB)
...
006 (78851234.005.000) 2026-10-01 01:32:26 Image size of job updated: 1921492
	1877  -  MemoryUsage of job (MB)
	1921492  -  ResidentSetSize of job (KB)
...
006 (78851234.005.000) 2026-10-01 02:07:30 Image size of job updated: 1923144
	1879  -  MemoryUsage of job (MB)
	1923144  -  ResidentSetSize of job (KB)
...
006 (78851234.005.000) 2026-10-01 02:12:30 Image size of job updated: 1923148
	1879  -  MemoryUsage of job (MB)
	1923148  -  ResidentSetSize of job (KB)
...
006 (78851234.005.000) 2026-10-01 02:52:34 Image size of job updated: 1931648
	1887  -  MemoryUsage of job (MB)
	1931648  -  ResidentSetSize of job (KB)
...
006 (78851234.005.000) 2026-10-01 02:57:34 Image size of job updated: 1933768
	1889  -  MemoryUsage of job (MB)
	1933768  -  ResidentSetSize of job (KB)
...
006 (78851234.005.000) 2026-10-01 03:02:35 Image size of job updated: 1933776
	1889  -  MemoryUsage of job (MB)
	1933776  -  ResidentSetSize of job (KB)
...
006 (78851234.005.000) 2026-10-01 03:07:35 Image size of job updated: 1933784
	1889  -  MemoryUsage of job (MB)
	1933784  -  ResidentSetSize of job (KB)
...
006 (78851234.005.000) 2026-10-01 03:22:36 Image size of job updated: 1933788
	1889  -  MemoryUsage of job (MB)
	1933788  -  ResidentSetSize of job (KB)
...
006 (78851234.005.000) 2026-10-01 03:27:37 Image size of job updated: 1933792
	1889  -  MemoryUsage of job (MB)
	1933792  -  ResidentSetSize of job (KB)
...
006 (78851234.005.000) 2026-10-01 03:32:37 Image size of job updated: 1934820
	1890  -  MemoryUsage of job (MB)
	1934820  -  ResidentSetSize of job (KB)
...
006 (78851234.005.000) 2026-10-01 03:37:38 Image size of job updated: 1934828
	1890  -  MemoryUsage of job (MB)
	1934828  -  ResidentSetSize of job (KB)
...
006 (78851234.005.000) 2026-10-01 03:42:38 Image size of job updated: 1934832
	1890  -  MemoryUsage of job (MB)
	1934832  -  ResidentSetSize of job (KB)
...
006 (78851234.005.000) 2026-10-01 03:57:40 Image size of job updated: 1935856
	1891  -  MemoryUsage of job (MB)
	1935856  -  ResidentSetSize of job (KB)
...
006 (78851234.005.000) 2026-10-01 04:22:42 Image size of job updated: 1935860
	1891  -  MemoryUsage of job (MB)
	1935860  -  ResidentSetSize of job (KB)
...
006 (78851234.005.000) 2026-10-01 04:27:42 Image size of job updated: 1936868
	1892  -  MemoryUsage of job (MB)
	1936868  -  ResidentSetSize of job (KB)
...
006 (78851234.005.000) 2026-10-01 04:37:43 Image size of job updated: 1936872
	1892  -  MemoryUsage of job (MB)
	1936872  -  ResidentSetSize of job (KB)
...
006 (78851234.005.000) 2026-10-01 04:47:44 Image size of job updated: 1936888
	1892  -  MemoryUsage of job (MB)
	1936888  -  ResidentSetSize of job (KB)
...
006 (78851234.005.000) 2026-10-01 04:52:45 Image size of job updated: 1937800
	1893  -  MemoryUsage of job (MB)
	1937800  -  ResidentSetSize of job (KB)
...
006 (78851234.005.000) 2026-10-01 05:02:45 Image size of job updated: 1937908
	1893  -  MemoryUsage of job (MB)
	1937908  -  ResidentSetSize of job (KB)
...
006 (78851234.005.000) 2026-10-01 05:12:46 Image size of job updated: 1937932
	1893  -  MemoryUsage of job (MB)
	1937932  -  ResidentSetSize of job (KB)
...
006 (78851234.005.000) 2026-10-01 05:17:47 Image size of job updated: 1937936
	1893  -  MemoryUsage of job (MB)
	1937936  -  ResidentSetSize of job (KB)
...
006 (78851234.005.000) 2026-10-01 05:22:47 Image size of job updated: 1938960
	1894  -  MemoryUsage of job (MB)
	1938960  -  ResidentSetSize of job (KB)
...
006 (78851234.005.000) 2026-10-01 05:32:48 Image size of job updated: 1938964
	1894  -  MemoryUsage of job (MB)
	1938964  -  ResidentSetSize of job (KB)
...
006 (78851234.005.000) 2026-10-01 05:37:49 Image size of job updated: 1938968
	1894  -  MemoryUsage of job (MB)
	1938968  -  ResidentSetSize of job (KB)
...
006 (78851234.005.000) 2026-10-01 06:07:51 Image size of job updated: 1939976
	1895  -  MemoryUsage of job (MB)
	1939976  -  ResidentSetSize of job (KB)
...
006 (78851234.005.000) 2026-10-01 06:27:53 Image size of job updated: 1939980
	1895  -  MemoryUsage of job (MB)
	1939980  -  ResidentSetSize of job (KB)
...
006 (78851234.005.000) 2026-10-01 07:22:58 Image size of job updated: 1939984
	1895  -  MemoryUsage of job (MB)
	1939984  -  ResidentSetSize of job (KB)
...
006 (78851234.005.000) 2026-10-01 07:43:00 Image size of job updated: 1939992
	1895  -  MemoryUsage of job (MB)
	1939992  -  ResidentSetSize of job (KB)
...
006 (78851234.005.000) 2026-10-01 07:53:01 Image size of job updated: 1939996
	1895  -  MemoryUsage of job (MB)
	1939996  -  ResidentSetSize of job (KB)
...
006 (78851234.005.000) 2026-10-01 07:58:01 Image size of job updated: 1940004
	1895  -  MemoryUsage of job (MB)
	1940004  -  ResidentSetSize of job (KB)
...
006 (78851234.005.000) 2026-10-01 08:03:02 Image size of job updated: 1941012
	1896  -  MemoryUsage of job (MB)
	1941012  -  ResidentSetSize of job (KB)
...
006 (78851234.005.000) 2026-10-01 08:13:03 Image size of job updated: 1943100
	1898  -  MemoryUsage of job (MB)
	1943100  -  ResidentSetSize of job (KB)
...
006 (78851234.005.000) 2026-10-01 09:03:08 Image size of job updated: 1944088
	1899  -  MemoryUsage of job (MB)
	1944088  -  ResidentSetSize of job (KB)
...
006 (78851234.005.000) 2026-10-01 09:08:09 Image size of job updated: 1944092
	1899  -  MemoryUsage of job (MB)
	1944092  -  ResidentSetSize of job (KB)
...
006 (78851234.005.000) 2026-10-01 09:18:09 Image size of job updated: 1944224
	1899  -  MemoryUsage of job (MB)
	1944224  -  ResidentSetSize of job (KB)
...
006 (78851234.005.000) 2026-10-01 09:23:10 Image size of job updated: 1944228
	1899  -  MemoryUsage of job (MB)
	1944228  -  ResidentSetSize of job (KB)
...
006 (78851234.005.000) 2026-10-01 09:33:11 Image size of job updated: 1945104
	1900  -  MemoryUsage of job (MB)
	1945104  -  ResidentSetSize of job (KB)
...
006 (78851234.005.000) 2026-10-01 09:38:11 Image size of job updated: 1945108
	1900  -  MemoryUsage of job (MB)
	1945108  -  ResidentSetSize of job (KB)
...
006 (78851234.005.000) 2026-10-01 09:43:12 Image size of job updated: 1945124
	1900  -  MemoryUsage of job (MB)
	1945124  -  ResidentSetSize of job (KB)
...
006 (78851234.005.000) 2026-10-01 10:03:14 Image size of job updated: 1945128
	1900  -  MemoryUsage of job (MB)
	1945128  -  ResidentSetSize of job (KB)
...
006 (78851234.005.000) 2026-10-01 10:08:15 Image size of job updated: 1945192
	1900  -  MemoryUsage of job (MB)
	1945192  -  ResidentSetSize of job (KB)
...
006 (78851234.005.000) 2026-10-01 10:13:15 Image size of job updated: 1946184
	1901  -  MemoryUsage of job (MB)
	1946184  -  ResidentSetSize of job (KB)
...
006 (78851234.005.000) 2026-10-01 10:23:16 Image size of job updated: 1950732
	1906  -  MemoryUsage of job (MB)
	1950732  -  ResidentSetSize of job (KB)
...
006 (78851234.005.000) 2026-10-01 10:28:17 Image size of job updated: 1950984
	1906  -  MemoryUsage of job (MB)
	1950984  -  ResidentSetSize of job (KB)
...
004 (78851234.005.000) 2026-10-01 10:29:03 Job was evicted. Code 1013 Subcode 0
	(0) CPU times
		Usr 4 09:10:17, Sys 0 00:07:05  -  Run Remote Usage
		Usr 0 00:00:00, Sys 0 00:00:00  -  Run Local Usage
	0  -  Run Bytes Sent By Job
	0  -  Run Bytes Received By Job
	Reason: Startd was shutdown
	Partitionable Resources :    Usage  Request Allocated 
	   Cpus                 :     4.71        4         4 
	   Disk (KB)            : 25000       25000     28672 
	   GPUs                 :                           0 
	   Memory (MB)          :  1906        6000      6016 
	   TimeExecute (s)      : 78785                       
	   TimeSlotBusy (s)     : 78785                       
...
001 (78851234.005.000) 2026-10-01 10:31:17 Job executing on host: <10.14.4.12:9618?addrs=10.14.4.12-9618&alias=node762.cluster.ldas.cit&noUDP&sock=startd_3874494_3225>
	SlotName: slot1_11@node762.cluster.ldas.cit
	CondorScratchDir = "/var/lib/condor/execute/dir_4087068/scratch"
	Cpus = 4
	Disk = 28672
	GPUs = 0
	Memory = 6016
...
006 (78851234.005.000) 2026-10-02 11:08:53 Image size of job updated: 2003552
	1957  -  MemoryUsage of job (MB)
	2003412  -  ResidentSetSize of job (KB)
...
006 (78851234.005.000) 2026-10-02 11:18:54 Image size of job updated: 2004512
	1958  -  MemoryUsage of job (MB)
	2004512  -  ResidentSetSize of job (KB)
...
006 (78851234.005.000) 2026-10-02 11:23:55 Image size of job updated: 2004516
	1958  -  MemoryUsage of job (MB)
	2004516  -  ResidentSetSize of job (KB)
...
006 (78851234.005.000) 2026-10-02 12:29:03 Image size of job updated: 2005544
	1959  -  MemoryUsage of job (MB)
	2005544  -  ResidentSetSize of job (KB)
...
006 (78851234.005.000) 2026-10-02 12:59:05 Image size of job updated: 2005688
	1959  -  MemoryUsage of job (MB)
	2005688  -  ResidentSetSize of job (KB)
...
006 (78851234.005.000) 2026-10-02 13:04:06 Image size of job updated: 2006576
	1959  -  MemoryUsage of job (MB)
	2005688  -  ResidentSetSize of job (KB)
...
006 (78851234.005.000) 2026-10-02 13:14:06 Image size of job updated: 2006580
	1959  -  MemoryUsage of job (MB)
	2005688  -  ResidentSetSize of job (KB)
...
006 (78851234.005.000) 2026-10-02 13:29:08 Image size of job updated: 2006592
	1960  -  MemoryUsage of job (MB)
	2006592  -  ResidentSetSize of job (KB)
...
006 (78851234.005.000) 2026-10-02 13:34:08 Image size of job updated: 2006596
	1960  -  MemoryUsage of job (MB)
	2006596  -  ResidentSetSize of job (KB)
...
006 (78851234.005.000) 2026-10-02 13:39:08 Image size of job updated: 2007624
	1961  -  MemoryUsage of job (MB)
	2007624  -  ResidentSetSize of job (KB)
...
006 (78851234.005.000) 2026-10-02 13:59:10 Image size of job updated: 2007648
	1961  -  MemoryUsage of job (MB)
	2007624  -  ResidentSetSize of job (KB)
...
006 (78851234.005.000) 2026-10-02 14:14:11 Image size of job updated: 2007676
	1961  -  MemoryUsage of job (MB)
	2007676  -  ResidentSetSize of job (KB)
...
006 (78851234.005.000) 2026-10-02 14:24:13 Image size of job updated: 2008696
	1961  -  MemoryUsage of job (MB)
	2007676  -  ResidentSetSize of job (KB)
...
006 (78851234.005.000) 2026-10-02 14:29:13 Image size of job updated: 2008696
	1961  -  MemoryUsage of job (MB)
	2007684  -  ResidentSetSize of job (KB)
...
006 (78851234.005.000) 2026-10-02 14:34:14 Image size of job updated: 2008696
	1961  -  MemoryUsage of job (MB)
	2007688  -  ResidentSetSize of job (KB)
...
006 (78851234.005.000) 2026-10-02 14:39:14 Image size of job updated: 2008712
	1962  -  MemoryUsage of job (MB)
	2008712  -  ResidentSetSize of job (KB)
...
006 (78851234.005.000) 2026-10-02 14:59:16 Image size of job updated: 2008720
	1962  -  MemoryUsage of job (MB)
	2008720  -  ResidentSetSize of job (KB)
...
006 (78851234.005.000) 2026-10-02 15:09:17 Image size of job updated: 2008736
	1962  -  MemoryUsage of job (MB)
	2008736  -  ResidentSetSize of job (KB)
...
006 (78851234.005.000) 2026-10-02 15:14:19 Image size of job updated: 2010780
	1964  -  MemoryUsage of job (MB)
	2010780  -  ResidentSetSize of job (KB)
...
006 (78851234.005.000) 2026-10-02 15:24:19 Image size of job updated: 2012824
	1966  -  MemoryUsage of job (MB)
	2012824  -  ResidentSetSize of job (KB)
...
006 (78851234.005.000) 2026-10-02 15:29:20 Image size of job updated: 2014864
	1968  -  MemoryUsage of job (MB)
	2014864  -  ResidentSetSize of job (KB)
...
006 (78851234.005.000) 2026-10-02 15:34:20 Image size of job updated: 2020984
	1974  -  MemoryUsage of job (MB)
	2020984  -  ResidentSetSize of job (KB)
...
006 (78851234.005.000) 2026-10-02 15:39:21 Image size of job updated: 2023032
	1975  -  MemoryUsage of job (MB)
	2022012  -  ResidentSetSize of job (KB)
...
006 (78851234.005.000) 2026-10-02 16:14:24 Image size of job updated: 2023080
	1976  -  MemoryUsage of job (MB)
	2023080  -  ResidentSetSize of job (KB)
...
006 (78851234.005.000) 2026-10-02 16:19:26 Image size of job updated: 2023084
	1976  -  MemoryUsage of job (MB)
	2023084  -  ResidentSetSize of job (KB)
...
006 (78851234.005.000) 2026-10-02 16:29:26 Image size of job updated: 2023088
	1976  -  MemoryUsage of job (MB)
	2023088  -  ResidentSetSize of job (KB)
...
006 (78851234.005.000) 2026-10-02 16:34:27 Image size of job updated: 2023092
	1976  -  MemoryUsage of job (MB)
	2023092  -  ResidentSetSize of job (KB)
...
006 (78851234.005.000) 2026-10-02 16:54:29 Image size of job updated: 2024072
	1976  -  MemoryUsage of job (MB)
	2023092  -  ResidentSetSize of job (KB)
...
006 (78851234.005.000) 2026-10-02 18:04:37 Image size of job updated: 2025116
	1977  -  MemoryUsage of job (MB)
	2024108  -  ResidentSetSize of job (KB)
...
006 (78851234.005.000) 2026-10-02 18:19:38 Image size of job updated: 2025116
	1978  -  MemoryUsage of job (MB)
	2025116  -  ResidentSetSize of job (KB)
...
006 (78851234.005.000) 2026-10-02 18:34:40 Image size of job updated: 2025120
	1978  -  MemoryUsage of job (MB)
	2025120  -  ResidentSetSize of job (KB)
...
006 (78851234.005.000) 2026-10-02 18:44:41 Image size of job updated: 2026144
	1979  -  MemoryUsage of job (MB)
	2026144  -  ResidentSetSize of job (KB)
...
006 (78851234.005.000) 2026-10-02 18:49:42 Image size of job updated: 2026148
	1979  -  MemoryUsage of job (MB)
	2026148  -  ResidentSetSize of job (KB)
...
006 (78851234.005.000) 2026-10-02 19:09:44 Image size of job updated: 2029968
	1983  -  MemoryUsage of job (MB)
	2029968  -  ResidentSetSize of job (KB)
...
006 (78851234.005.000) 2026-10-02 19:39:16 Image size of job updated: 2029972
	1983  -  MemoryUsage of job (MB)
	2029968  -  ResidentSetSize of job (KB)
...
004 (78851234.005.000) 2026-10-02 19:39:16 Job was evicted. Code 1019 Subcode 0
	(0) CPU times
		Usr 11 08:20:28, Sys 0 00:11:32  -  Run Remote Usage
		Usr 0 00:00:00, Sys 0 00:00:00  -  Run Local Usage
	0  -  Run Bytes Sent By Job
	0  -  Run Bytes Received By Job
	Reason: Preempted for a Priority user
	Partitionable Resources :     Usage  Request Allocated 
	   Cpus                 :     15.11        4         4 
	   Disk (KB)            :  25000       25000     28672 
	   GPUs                 :                            0 
	   Memory (MB)          :   1983        6000      6016 
	   TimeExecute (s)      : 119279                       
	   TimeSlotBusy (s)     : 119279                       
...
001 (78851234.005.000) 2026-10-02 19:39:59 Job executing on host: <10.14.10.36:9618?addrs=10.14.10.36-9618&alias=node2286.cluster.ldas.cit&noUDP&sock=startd_1952314_9891>
	SlotName: slot1_3@node2286.cluster.ldas.cit
	CondorScratchDir = "/var/lib/condor/execute/dir_2740232/scratch"
	Cpus = 4
	Disk = 28672
	GPUs = 0
	Memory = 6016
...
005 (78851234.005.000) 2026-10-03 08:13:53 Job terminated.
	(1) Normal termination (return value 0)
		Usr 6 12:00:56, Sys 0 00:04:03  -  Run Remote Usage
		Usr 0 00:00:00, Sys 0 00:00:00  -  Run Local Usage
		Usr 22 05:31:41, Sys 0 00:22:40  -  Total Remote Usage
		Usr 0 00:00:00, Sys 0 00:00:00  -  Total Local Usage
	0  -  Run Bytes Sent By Job
	0  -  Run Bytes Received By Job
	0  -  Total Bytes Sent By Job
	0  -  Total Bytes Received By Job
	Partitionable Resources :    Usage  Request Allocated 
	   Cpus                 :    13.99        4         4 
	   Disk (KB)            : 25000       25000     28672 
	   GPUs                 :                           0 
	   Memory (MB)          :  2198        6000      6016 
	   TimeExecute (s)      : 45234                       
	   TimeSlotBusy (s)     : 45235                       
...
000 (78854872.005.000) 2026-10-03 17:21:23 Job submitted from host: <10.14.0.121:9618?addrs=10.14.0.121-9618&alias=ldas-pcdev12.ligo.caltech.edu&noUDP&sock=schedd_623140_c9b4>
...
001 (78854872.005.000) 2026-10-03 17:22:10 Job executing on host: <10.14.8.220:9618?addrs=10.14.8.220-9618&alias=node1970.cluster.ldas.cit&noUDP&sock=startd_35004_6935>
	SlotName: slot1_2@node1970.cluster.ldas.cit
	CondorScratchDir = "/var/lib/condor/execute/dir_375061/scratch"
	Cpus = 4
	Disk = 28672
	GPUs = 0
	Memory = 6016
...
006 (78854872.005.000) 2026-10-03 17:22:19 Image size of job updated: 237864
	233  -  MemoryUsage of job (MB)
	237864  -  ResidentSetSize of job (KB)
...
006 (78854872.005.000) 2026-10-03 17:22:26 Image size of job updated: 285652
	233  -  MemoryUsage of job (MB)
	237948  -  ResidentSetSize of job (KB)
...
005 (78854872.005.000) 2026-10-03 17:22:26 Job terminated.
	(1) Normal termination (return value 0)
		Usr 0 00:00:12, Sys 0 00:00:00  -  Run Remote Usage
		Usr 0 00:00:00, Sys 0 00:00:00  -  Run Local Usage
		Usr 0 00:00:12, Sys 0 00:00:00  -  Total Remote Usage
		Usr 0 00:00:00, Sys 0 00:00:00  -  Total Local Usage
	0  -  Run Bytes Sent By Job
	0  -  Run Bytes Received By Job
	0  -  Total Bytes Sent By Job
	0  -  Total Bytes Received By Job
	Partitionable Resources :    Usage  Request Allocated 
	   Cpus                 :        0        4         4 
	   Disk (KB)            :    25000    25000     28672 
	   GPUs                 :                           0 
	   Memory (MB)          :      233     6000      6016 
	   TimeExecute (s)      :       16                    
	   TimeSlotBusy (s)     :       16                    
...
000 (78854906.005.000) 2026-10-03 21:36:50 Job submitted from host: <10.14.0.121:9618?addrs=10.14.0.121-9618&alias=ldas-pcdev12.ligo.caltech.edu&noUDP&sock=schedd_623140_c9b4>
...
001 (78854906.005.000) 2026-10-03 21:38:41 Job executing on host: <10.14.5.152:9618?addrs=10.14.5.152-9618&alias=node1152.cluster.ldas.cit&noUDP&sock=startd_354164_9fd7>
	SlotName: slot1_2@node1152.cluster.ldas.cit
	CondorScratchDir = "/var/lib/condor/execute/dir_572375/scratch"
	Cpus = 4
	Disk = 28672
	GPUs = 0
	Memory = 6016
...
006 (78854906.005.000) 2026-10-03 21:38:50 Image size of job updated: 201844
	198  -  MemoryUsage of job (MB)
	201844  -  ResidentSetSize of job (KB)
...
006 (78854906.005.000) 2026-10-03 21:39:04 Image size of job updated: 532536
	200  -  MemoryUsage of job (MB)
	203892  -  ResidentSetSize of job (KB)
...
005 (78854906.005.000) 2026-10-03 21:39:04 Job terminated.
	(1) Normal termination (return value 0)
		Usr 0 00:00:19, Sys 0 00:00:00  -  Run Remote Usage
		Usr 0 00:00:00, Sys 0 00:00:00  -  Run Local Usage
		Usr 0 00:00:19, Sys 0 00:00:00  -  Total Remote Usage
		Usr 0 00:00:00, Sys 0 00:00:00  -  Total Local Usage
	0  -  Run Bytes Sent By Job
	0  -  Run Bytes Received By Job
	0  -  Total Bytes Sent By Job
	0  -  Total Bytes Received By Job
	Partitionable Resources :    Usage  Request Allocated 
	   Cpus                 :        0        4         4 
	   Disk (KB)            :    25000    25000     28672 
	   GPUs                 :                           0 
	   Memory (MB)          :      200     6000      6016 
	   TimeExecute (s)      :       23                    
	   TimeSlotBusy (s)     :       23                    
...
000 (78855135.005.000) 2026-10-04 13:44:56 Job submitted from host: <10.14.0.121:9618?addrs=10.14.0.121-9618&alias=ldas-pcdev12.ligo.caltech.edu&noUDP&sock=schedd_623140_c9b4>
...
001 (78855135.005.000) 2026-10-04 13:49:17 Job executing on host: <10.14.4.115:9618?addrs=10.14.4.115-9618&alias=node865.cluster.ldas.cit&noUDP&sock=startd_37427_632e>
	SlotName: slot1_2@node865.cluster.ldas.cit
	CondorScratchDir = "/var/lib/condor/execute/dir_330703/scratch"
	Cpus = 4
	Disk = 28672
	GPUs = 0
	Memory = 6016
...
006 (78855135.005.000) 2026-10-04 13:49:26 Image size of job updated: 85604
	84  -  MemoryUsage of job (MB)
	85604  -  ResidentSetSize of job (KB)
...
006 (78855135.005.000) 2026-10-04 13:49:48 Image size of job updated: 532552
	84  -  MemoryUsage of job (MB)
	85664  -  ResidentSetSize of job (KB)
...
005 (78855135.005.000) 2026-10-04 13:49:48 Job terminated.
	(1) Normal termination (return value 0)
		Usr 0 00:00:16, Sys 0 00:00:00  -  Run Remote Usage
		Usr 0 00:00:00, Sys 0 00:00:00  -  Run Local Usage
		Usr 0 00:00:16, Sys 0 00:00:00  -  Total Remote Usage
		Usr 0 00:00:00, Sys 0 00:00:00  -  Total Local Usage
	0  -  Run Bytes Sent By Job
	0  -  Run Bytes Received By Job
	0  -  Total Bytes Sent By Job
	0  -  Total Bytes Received By Job
	Partitionable Resources :    Usage  Request Allocated 
	   Cpus                 :                 4         4 
	   Disk (KB)            :    25000    25000     28672 
	   GPUs                 :                           0 
	   Memory (MB)          :       84     6000      6016 
	   TimeExecute (s)      :       31                    
	   TimeSlotBusy (s)     :       31                    
...
