000 (78851234.050.000) 2026-09-30 12:35:31 Job submitted from host: <10.14.0.121:9618?addrs=10.14.0.121-9618&alias=ldas-pcdev12.ligo.caltech.edu&noUDP&sock=schedd_623140_c9b4>
...
001 (78851234.050.000) 2026-09-30 12:35:59 Job executing on host: <10.14.4.63:9618?addrs=10.14.4.63-9618&alias=node813.cluster.ldas.cit&noUDP&sock=startd_473993_59f7>
	SlotName: slot1_19@node813.cluster.ldas.cit
	CondorScratchDir = "/var/lib/condor/execute/dir_564832/scratch"
	Cpus = 4
	Disk = 28672
	GPUs = 0
	Memory = 6016
...
006 (78851234.050.000) 2026-09-30 12:36:09 Image size of job updated: 171084
	168  -  MemoryUsage of job (MB)
	171084  -  ResidentSetSize of job (KB)
...
006 (78851234.050.000) 2026-09-30 12:41:09 Image size of job updated: 328884
	322  -  MemoryUsage of job (MB)
	328884  -  ResidentSetSize of job (KB)
...
006 (78851234.050.000) 2026-09-30 12:46:09 Image size of job updated: 329800
	323  -  MemoryUsage of job (MB)
	329800  -  ResidentSetSize of job (KB)
...
006 (78851234.050.000) 2026-09-30 12:51:10 Image size of job updated: 448940
	439  -  MemoryUsage of job (MB)
	448940  -  ResidentSetSize of job (KB)
...
006 (78851234.050.000) 2026-09-30 12:56:10 Image size of job updated: 449812
	440  -  MemoryUsage of job (MB)
	449812  -  ResidentSetSize of job (KB)
...
006 (78851234.050.000) 2026-09-30 13:01:11 Image size of job updated: 450136
	440  -  MemoryUsage of job (MB)
	449928  -  ResidentSetSize of job (KB)
...
006 (78851234.050.000) 2026-09-30 13:06:12 Image size of job updated: 450532
	440  -  MemoryUsage of job (MB)
	450532  -  ResidentSetSize of job (KB)
...
006 (78851234.050.000) 2026-09-30 13:11:12 Image size of job updated: 483596
	473  -  MemoryUsage of job (MB)
	483596  -  ResidentSetSize of job (KB)
...
006 (78851234.050.000) 2026-09-30 13:16:13 Image size of job updated: 483888
	473  -  MemoryUsage of job (MB)
	483888  -  ResidentSetSize of job (KB)
...
006 (78851234.050.000) 2026-09-30 13:21:13 Image size of job updated: 486968
	473  -  MemoryUsage of job (MB)
	484012  -  ResidentSetSize of job (KB)
...
006 (78851234.050.000) 2026-09-30 13:26:14 Image size of job updated: 486968
	473  -  MemoryUsage of job (MB)
	484176  -  ResidentSetSize of job (KB)
...
006 (78851234.050.000) 2026-09-30 13:31:15 Image size of job updated: 486968
	474  -  MemoryUsage of job (MB)
	484768  -  ResidentSetSize of job (KB)
...
006 (78851234.050.000) 2026-09-30 13:36:15 Image size of job updated: 486968
	474  -  MemoryUsage of job (MB)
	484964  -  ResidentSetSize of job (KB)
...
006 (78851234.050.000) 2026-09-30 13:41:16 Image size of job updated: 493296
	482  -  MemoryUsage of job (MB)
	493296  -  ResidentSetSize of job (KB)
...
006 (78851234.050.000) 2026-09-30 13:46:16 Image size of job updated: 493600
	483  -  MemoryUsage of job (MB)
	493600  -  ResidentSetSize of job (KB)
...
006 (78851234.050.000) 2026-09-30 13:51:17 Image size of job updated: 497396
	486  -  MemoryUsage of job (MB)
	497396  -  ResidentSetSize of job (KB)
...
006 (78851234.050.000) 2026-09-30 13:56:18 Image size of job updated: 497512
	486  -  MemoryUsage of job (MB)
	497512  -  ResidentSetSize of job (KB)
...
006 (78851234.050.000) 2026-09-30 14:01:18 Image size of job updated: 499620
	488  -  MemoryUsage of job (MB)
	498720  -  ResidentSetSize of job (KB)
...
006 (78851234.050.000) 2026-09-30 14:06:19 Image size of job updated: 499620
	488  -  MemoryUsage of job (MB)
	498776  -  ResidentSetSize of job (KB)
...
006 (78851234.050.000) 2026-09-30 14:11:19 Image size of job updated: 500552
	489  -  MemoryUsage of job (MB)
	500552  -  ResidentSetSize of job (KB)
...
006 (78851234.050.000) 2026-09-30 14:16:20 Image size of job updated: 500720
	489  -  MemoryUsage of job (MB)
	500720  -  ResidentSetSize of job (KB)
...
006 (78851234.050.000) 2026-09-30 14:21:20 Image size of job updated: 500800
	490  -  MemoryUsage of job (MB)
	500800  -  ResidentSetSize of job (KB)
...
006 (78851234.050.000) 2026-09-30 14:26:21 Image size of job updated: 500880
	490  -  MemoryUsage of job (MB)
	500880  -  ResidentSetSize of job (KB)
...
006 (78851234.050.000) 2026-09-30 14:31:21 Image size of job updated: 500944
	490  -  MemoryUsage of job (MB)
	500944  -  ResidentSetSize of job (KB)
...
006 (78851234.050.000) 2026-09-30 14:36:22 Image size of job updated: 500980
	490  -  MemoryUsage of job (MB)
	500980  -  ResidentSetSize of job (KB)
...
006 (78851234.050.000) 2026-09-30 14:41:22 Image size of job updated: 504056
	493  -  MemoryUsage of job (MB)
	504056  -  ResidentSetSize of job (KB)
...
006 (78851234.050.000) 2026-09-30 14:46:22 Image size of job updated: 504140
	493  -  MemoryUsage of job (MB)
	504140  -  ResidentSetSize of job (KB)
...
006 (78851234.050.000) 2026-09-30 14:51:23 Image size of job updated: 518836
	507  -  MemoryUsage of job (MB)
	518836  -  ResidentSetSize of job (KB)
...
006 (78851234.050.000) 2026-09-30 14:56:23 Image size of job updated: 518868
	507  -  MemoryUsage of job (MB)
	518868  -  ResidentSetSize of job (KB)
...
006 (78851234.050.000) 2026-09-30 15:01:24 Image size of job updated: 518956
	507  -  MemoryUsage of job (MB)
	518956  -  ResidentSetSize of job (KB)
...
006 (78851234.050.000) 2026-09-30 15:06:25 Image size of job updated: 520032
	508  -  MemoryUsage of job (MB)
	520032  -  ResidentSetSize of job (KB)
...
006 (78851234.050.000) 2026-09-30 15:11:25 Image size of job updated: 520060
	508  -  MemoryUsage of job (MB)
	520060  -  ResidentSetSize of job (KB)
...
006 (78851234.050.000) 2026-09-30 15:16:26 Image size of job updated: 520068
	508  -  MemoryUsage of job (MB)
	520068  -  ResidentSetSize of job (KB)
...
006 (78851234.050.000) 2026-09-30 15:21:26 Image size of job updated: 520124
	508  -  MemoryUsage of job (MB)
	520124  -  ResidentSetSize of job (KB)
...
006 (78851234.050.000) 2026-09-30 15:26:27 Image size of job updated: 522208
	510  -  MemoryUsage of job (MB)
	522208  -  ResidentSetSize of job (KB)
...
006 (78851234.050.000) 2026-09-30 15:31:28 Image size of job updated: 522224
	510  -  MemoryUsage of job (MB)
	522224  -  ResidentSetSize of job (KB)
...
006 (78851234.050.000) 2026-09-30 15:36:28 Image size of job updated: 522256
	511  -  MemoryUsage of job (MB)
	522256  -  ResidentSetSize of job (KB)
...
006 (78851234.050.000) 2026-09-30 15:41:29 Image size of job updated: 522268
	511  -  MemoryUsage of job (MB)
	522268  -  ResidentSetSize of job (KB)
...
006 (78851234.050.000) 2026-09-30 15:46:29 Image size of job updated: 522300
	511  -  MemoryUsage of job (MB)
	522300  -  ResidentSetSize of job (KB)
...
006 (78851234.050.000) 2026-09-30 15:51:30 Image size of job updated: 522360
	511  -  MemoryUsage of job (MB)
	522360  -  ResidentSetSize of job (KB)
...
006 (78851234.050.000) 2026-09-30 15:56:30 Image size of job updated: 529120
	517  -  MemoryUsage of job (MB)
	529120  -  ResidentSetSize of job (KB)
...
006 (78851234.050.000) 2026-09-30 16:01:30 Image size of job updated: 569840
	557  -  MemoryUsage of job (MB)
	569840  -  ResidentSetSize of job (KB)
...
006 (78851234.050.000) 2026-09-30 16:06:31 Image size of job updated: 714404
	698  -  MemoryUsage of job (MB)
	714404  -  ResidentSetSize of job (KB)
...
006 (78851234.050.000) 2026-09-30 16:11:31 Image size of job updated: 980096
	958  -  MemoryUsage of job (MB)
	980096  -  ResidentSetSize of job (KB)
...
006 (78851234.050.000) 2026-09-30 16:16:32 Image size of job updated: 1185144
	1158  -  MemoryUsage of job (MB)
	1185144  -  ResidentSetSize of job (KB)
...
006 (78851234.050.000) 2026-09-30 16:21:32 Image size of job updated: 1437264
	1404  -  MemoryUsage of job (MB)
	1437264  -  ResidentSetSize of job (KB)
...
006 (78851234.050.000) 2026-09-30 16:26:32 Image size of job updated: 1598508
	1562  -  MemoryUsage of job (MB)
	1598508  -  ResidentSetSize of job (KB)
...
006 (78851234.050.000) 2026-09-30 16:31:33 Image size of job updated: 1598532
	1562  -  MemoryUsage of job (MB)
	1598532  -  ResidentSetSize of job (KB)
...
006 (78851234.050.000) 2026-09-30 16:36:33 Image size of job updated: 1598556
	1562  -  MemoryUsage of job (MB)
	1598556  -  ResidentSetSize of job (KB)
...
006 (78851234.050.000) 2026-09-30 16:41:33 Image size of job updated: 1603460
	1563  -  MemoryUsage of job (MB)
	1600196  -  ResidentSetSize of job (KB)
...
006 (78851234.050.000) 2026-09-30 16:46:34 Image size of job updated: 1603460
	1563  -  MemoryUsage of job (MB)
	1600212  -  ResidentSetSize of job (KB)
...
006 (78851234.050.000) 2026-09-30 16:51:35 Image size of job updated: 1603460
	1564  -  MemoryUsage of job (MB)
	1600692  -  ResidentSetSize of job (KB)
...
006 (78851234.050.000) 2026-09-30 16:56:35 Image size of job updated: 1603460
	1564  -  MemoryUsage of job (MB)
	1600720  -  ResidentSetSize of job (KB)
...
006 (78851234.050.000) 2026-09-30 17:01:36 Image size of job updated: 1609860
	1571  -  MemoryUsage of job (MB)
	1608428  -  ResidentSetSize of job (KB)
...
006 (78851234.050.000) 2026-09-30 17:06:36 Image size of job updated: 1609860
	1571  -  MemoryUsage of job (MB)
	1608436  -  ResidentSetSize of job (KB)
...
006 (78851234.050.000) 2026-09-30 17:11:36 Image size of job updated: 1609860
	1571  -  MemoryUsage of job (MB)
	1608480  -  ResidentSetSize of job (KB)
...
006 (78851234.050.000) 2026-09-30 17:16:37 Image size of job updated: 1609860
	1571  -  MemoryUsage of job (MB)
	1608496  -  ResidentSetSize of job (KB)
...
006 (78851234.050.000) 2026-09-30 17:21:37 Image size of job updated: 1609860
	1571  -  MemoryUsage of job (MB)
	1608504  -  ResidentSetSize of job (KB)
...
006 (78851234.050.000) 2026-09-30 17:26:38 Image size of job updated: 1609860
	1571  -  MemoryUsage of job (MB)
	1608524  -  ResidentSetSize of job (KB)
...
006 (78851234.050.000) 2026-09-30 17:31:38 Image size of job updated: 1609860
	1571  -  MemoryUsage of job (MB)
	1608528  -  ResidentSetSize of job (KB)
...
006 (78851234.050.000) 2026-09-30 17:36:38 Image size of job updated: 1609860
	1571  -  MemoryUsage of job (MB)
	1608576  -  ResidentSetSize of job (KB)
...
006 (78851234.050.000) 2026-09-30 17:41:39 Image size of job updated: 1609860
	1571  -  MemoryUsage of job (MB)
	1608584  -  ResidentSetSize of job (KB)
...
006 (78851234.050.000) 2026-09-30 17:46:39 Image size of job updated: 1609860
	1571  -  MemoryUsage of job (MB)
	1608604  -  ResidentSetSize of job (KB)
...
006 (78851234.050.000) 2026-09-30 17:51:40 Image size of job updated: 1611148
	1574  -  MemoryUsage of job (MB)
	1611148  -  ResidentSetSize of job (KB)
...
006 (78851234.050.000) 2026-09-30 17:56:40 Image size of job updated: 1611160
	1574  -  MemoryUsage of job (MB)
	1611160  -  ResidentSetSize of job (KB)
...
006 (78851234.050.000) 2026-09-30 18:01:40 Image size of job updated: 1614748
	1576  -  MemoryUsage of job (MB)
	1613728  -  ResidentSetSize of job (KB)
...
006 (78851234.050.000) 2026-09-30 18:06:41 Image size of job updated: 1614748
	1576  -  MemoryUsage of job (MB)
	1613744  -  ResidentSetSize of job (KB)
...
006 (78851234.050.000) 2026-09-30 18:11:41 Image size of job updated: 1614748
	1576  -  MemoryUsage of job (MB)
	1613768  -  ResidentSetSize of job (KB)
...
006 (78851234.050.000) 2026-09-30 18:16:42 Image size of job updated: 1614864
	1578  -  MemoryUsage of job (MB)
	1614864  -  ResidentSetSize of job (KB)
...
006 (78851234.050.000) 2026-09-30 18:21:43 Image size of job updated: 1614872
	1578  -  MemoryUsage of job (MB)
	1614872  -  ResidentSetSize of job (KB)
...
006 (78851234.050.000) 2026-09-30 18:26:43 Image size of job updated: 1614912
	1578  -  MemoryUsage of job (MB)
	1614912  -  ResidentSetSize of job (KB)
...
006 (78851234.050.000) 2026-09-30 18:31:44 Image size of job updated: 1614920
	1578  -  MemoryUsage of job (MB)
	1614920  -  ResidentSetSize of job (KB)
...
006 (78851234.050.000) 2026-09-30 18:36:44 Image size of job updated: 1614928
	1578  -  MemoryUsage of job (MB)
	1614928  -  ResidentSetSize of job (KB)
...
006 (78851234.050.000) 2026-09-30 18:41:45 Image size of job updated: 1614932
	1578  -  MemoryUsage of job (MB)
	1614932  -  ResidentSetSize of job (KB)
...
006 (78851234.050.000) 2026-09-30 18:46:46 Image size of job updated: 1614936
	1578  -  MemoryUsage of job (MB)
	1614936  -  ResidentSetSize of job (KB)
...
006 (78851234.050.000) 2026-09-30 18:51:46 Image size of job updated: 1614972
	1578  -  MemoryUsage of job (MB)
	1614972  -  ResidentSetSize of job (KB)
...
006 (78851234.050.000) 2026-09-30 18:56:47 Image size of job updated: 1618052
	1580  -  MemoryUsage of job (MB)
	1617040  -  ResidentSetSize of job (KB)
...
006 (78851234.050.000) 2026-09-30 19:01:47 Image size of job updated: 1618052
	1580  -  MemoryUsage of job (MB)
	1617048  -  ResidentSetSize of job (KB)
...
006 (78851234.050.000) 2026-09-30 19:06:47 Image size of job updated: 1618052
	1580  -  MemoryUsage of job (MB)
	1617088  -  ResidentSetSize of job (KB)
...
006 (78851234.050.000) 2026-09-30 19:11:48 Image size of job updated: 1618052
	1580  -  MemoryUsage of job (MB)
	1617104  -  ResidentSetSize of job (KB)
...
006 (78851234.050.000) 2026-09-30 19:16:48 Image size of job updated: 1618052
	1580  -  MemoryUsage of job (MB)
	1617112  -  ResidentSetSize of job (KB)
...
006 (78851234.050.000) 2026-09-30 19:21:49 Image size of job updated: 1618052
	1580  -  MemoryUsage of job (MB)
	1617156  -  ResidentSetSize of job (KB)
...
006 (78851234.050.000) 2026-09-30 19:26:49 Image size of job updated: 1618052
	1580  -  MemoryUsage of job (MB)
	1617208  -  ResidentSetSize of job (KB)
...
006 (78851234.050.000) 2026-09-30 19:36:50 Image size of job updated: 1618052
	1580  -  MemoryUsage of job (MB)
	1617224  -  ResidentSetSize of job (KB)
...
006 (78851234.050.000) 2026-09-30 19:41:50 Image size of job updated: 1618052
	1580  -  MemoryUsage of job (MB)
	1617228  -  ResidentSetSize of job (KB)
...
006 (78851234.050.000) 2026-09-30 19:46:51 Image size of job updated: 1618052
	1580  -  MemoryUsage of job (MB)
	1617236  -  ResidentSetSize of job (KB)
...
006 (78851234.050.000) 2026-09-30 19:51:51 Image size of job updated: 1618052
	1580  -  MemoryUsage of job (MB)
	1617240  -  ResidentSetSize of job (KB)
...
006 (78851234.050.000) 2026-09-30 19:56:52 Image size of job updated: 1618052
	1580  -  MemoryUsage of job (MB)
	1617244  -  ResidentSetSize of job (KB)
...
006 (78851234.050.000) 2026-09-30 20:01:52 Image size of job updated: 1618052
	1580  -  MemoryUsage of job (MB)
	1617248  -  ResidentSetSize of job (KB)
...
006 (78851234.050.000) 2026-09-30 20:06:52 Image size of job updated: 1618052
	1580  -  MemoryUsage of job (MB)
	1617264  -  ResidentSetSize of job (KB)
...
006 (78851234.050.000) 2026-09-30 20:11:53 Image size of job updated: 1618464
	1581  -  MemoryUsage of job (MB)
	1618464  -  ResidentSetSize of job (KB)
...
006 (78851234.050.000) 2026-09-30 20:16:53 Image size of job updated: 1618476
	1581  -  MemoryUsage of job (MB)
	1618476  -  ResidentSetSize of job (KB)
...
006 (78851234.050.000) 2026-09-30 20:21:54 Image size of job updated: 1619348
	1582  -  MemoryUsage of job (MB)
	1619348  -  ResidentSetSize of job (KB)
...
006 (78851234.050.000) 2026-09-30 20:26:54 Image size of job updated: 1619436
	1582  -  MemoryUsage of job (MB)
	1619436  -  ResidentSetSize of job (KB)
...
006 (78851234.050.000) 2026-09-30 20:31:55 Image size of job updated: 1619444
	1582  -  MemoryUsage of job (MB)
	1619444  -  ResidentSetSize of job (KB)
...
006 (78851234.050.000) 2026-09-30 20:36:56 Image size of job updated: 1619456
	1582  -  MemoryUsage of job (MB)
	1619456  -  ResidentSetSize of job (KB)
...
006 (78851234.050.000) 2026-09-30 20:41:56 Image size of job updated: 1626604
	1589  -  MemoryUsage of job (MB)
	1626604  -  ResidentSetSize of job (KB)
...
006 (78851234.050.000) 2026-09-30 20:46:57 Image size of job updated: 1626620
	1589  -  MemoryUsage of job (MB)
	1626620  -  ResidentSetSize of job (KB)
...
006 (78851234.050.000) 2026-09-30 20:51:57 Image size of job updated: 1628704
	1591  -  MemoryUsage of job (MB)
	1628704  -  ResidentSetSize of job (KB)
...
006 (78851234.050.000) 2026-09-30 20:56:58 Image size of job updated: 1628712
	1591  -  MemoryUsage of job (MB)
	1628712  -  ResidentSetSize of job (KB)
...
006 (78851234.050.000) 2026-09-30 21:06:58 Image size of job updated: 1631228
	1593  -  MemoryUsage of job (MB)
	1631228  -  ResidentSetSize of job (KB)
...
006 (78851234.050.000) 2026-09-30 21:11:59 Image size of job updated: 1631236
	1594  -  MemoryUsage of job (MB)
	1631236  -  ResidentSetSize of job (KB)
...
006 (78851234.050.000) 2026-09-30 21:16:59 Image size of job updated: 1631756
	1594  -  MemoryUsage of job (MB)
	1631756  -  ResidentSetSize of job (KB)
...
006 (78851234.050.000) 2026-09-30 21:32:00 Image size of job updated: 1631780
	1594  -  MemoryUsage of job (MB)
	1631780  -  ResidentSetSize of job (KB)
...
006 (78851234.050.000) 2026-09-30 21:42:01 Image size of job updated: 1631804
	1594  -  MemoryUsage of job (MB)
	1631804  -  ResidentSetSize of job (KB)
...
006 (78851234.050.000) 2026-09-30 21:47:02 Image size of job updated: 1632820
	1595  -  MemoryUsage of job (MB)
	1632820  -  ResidentSetSize of job (KB)
...
006 (78851234.050.000) 2026-09-30 21:52:02 Image size of job updated: 1632824
	1595  -  MemoryUsage of job (MB)
	1632824  -  ResidentSetSize of job (KB)
...
006 (78851234.050.000) 2026-09-30 21:57:02 Image size of job updated: 1632848
	1595  -  MemoryUsage of job (MB)
	1632848  -  ResidentSetSize of job (KB)
...
006 (78851234.050.000) 2026-09-30 22:02:03 Image size of job updated: 1632948
	1595  -  MemoryUsage of job (MB)
	1632948  -  ResidentSetSize of job (KB)
...
006 (78851234.050.000) 2026-09-30 22:07:03 Image size of job updated: 1632964
	1595  -  MemoryUsage of job (MB)
	1632964  -  ResidentSetSize of job (KB)
...
006 (78851234.050.000) 2026-09-30 22:12:04 Image size of job updated: 1632968
	1595  -  MemoryUsage of job (MB)
	1632968  -  ResidentSetSize of job (KB)
...
006 (78851234.050.000) 2026-09-30 22:22:05 Image size of job updated: 1633900
	1596  -  MemoryUsage of job (MB)
	1633900  -  ResidentSetSize of job (KB)
...
006 (78851234.050.000) 2026-09-30 22:32:06 Image size of job updated: 1633928
	1596  -  MemoryUsage of job (MB)
	1633928  -  ResidentSetSize of job (KB)
...
006 (78851234.050.000) 2026-09-30 22:37:07 Image size of job updated: 1633936
	1596  -  MemoryUsage of job (MB)
	1633936  -  ResidentSetSize of job (KB)
...
006 (78851234.050.000) 2026-09-30 22:42:07 Image size of job updated: 1633940
	1596  -  MemoryUsage of job (MB)
	1633940  -  ResidentSetSize of job (KB)
...
006 (78851234.050.000) 2026-09-30 22:47:08 Image size of job updated: 1635008
	1597  -  MemoryUsage of job (MB)
	1635008  -  ResidentSetSize of job (KB)
...
006 (78851234.050.000) 2026-09-30 22:52:08 Image size of job updated: 1635064
	1597  -  MemoryUsage of job (MB)
	1635064  -  ResidentSetSize of job (KB)
...
006 (78851234.050.000) 2026-09-30 22:57:08 Image size of job updated: 1639196
	1601  -  MemoryUsage of job (MB)
	1639196  -  ResidentSetSize of job (KB)
...
006 (78851234.050.000) 2026-09-30 23:02:09 Image size of job updated: 1639240
	1601  -  MemoryUsage of job (MB)
	1639240  -  ResidentSetSize of job (KB)
...
006 (78851234.050.000) 2026-09-30 23:07:09 Image size of job updated: 1639244
	1601  -  MemoryUsage of job (MB)
	1639244  -  ResidentSetSize of job (KB)
...
006 (78851234.050.000) 2026-09-30 23:12:10 Image size of job updated: 1639248
	1601  -  MemoryUsage of job (MB)
	1639248  -  ResidentSetSize of job (KB)
...
006 (78851234.050.000) 2026-09-30 23:17:10 Image size of job updated: 1639256
	1601  -  MemoryUsage of job (MB)
	1639256  -  ResidentSetSize of job (KB)
...
006 (78851234.050.000) 2026-09-30 23:22:11 Image size of job updated: 1639300
	1601  -  MemoryUsage of job (MB)
	1639300  -  ResidentSetSize of job (KB)
...
006 (78851234.050.000) 2026-09-30 23:32:12 Image size of job updated: 1639308
	1601  -  MemoryUsage of job (MB)
	1639308  -  ResidentSetSize of job (KB)
...
006 (78851234.050.000) 2026-09-30 23:37:13 Image size of job updated: 1639316
	1601  -  MemoryUsage of job (MB)
	1639316  -  ResidentSetSize of job (KB)
...
006 (78851234.050.000) 2026-09-30 23:42:13 Image size of job updated: 1639320
	1601  -  MemoryUsage of job (MB)
	1639320  -  ResidentSetSize of job (KB)
...
006 (78851234.050.000) 2026-09-30 23:52:14 Image size of job updated: 1639332
	1601  -  MemoryUsage of job (MB)
	1639332  -  ResidentSetSize of job (KB)
...
006 (78851234.050.000) 2026-09-30 23:57:14 Image size of job updated: 1639348
	1601  -  MemoryUsage of job (MB)
	1639348  -  ResidentSetSize of job (KB)
...
006 (78851234.050.000) 2026-10-01 00:02:15 Image size of job updated: 1641372
	1603  -  MemoryUsage of job (MB)
	1641372  -  ResidentSetSize of job (KB)
...
006 (78851234.050.000) 2026-10-01 00:07:15 Image size of job updated: 1641404
	1603  -  MemoryUsage of job (MB)
	1641404  -  ResidentSetSize of job (KB)
...
006 (78851234.050.000) 2026-10-01 00:12:16 Image size of job updated: 1641408
	1603  -  MemoryUsage of job (MB)
	1641408  -  ResidentSetSize of job (KB)
...
006 (78851234.050.000) 2026-10-01 00:17:17 Image size of job updated: 1641412
	1603  -  MemoryUsage of job (MB)
	1641412  -  ResidentSetSize of job (KB)
...
006 (78851234.050.000) 2026-10-01 00:22:17 Image size of job updated: 1641416
	1603  -  MemoryUsage of job (MB)
	1641416  -  ResidentSetSize of job (KB)
...
006 (78851234.050.000) 2026-10-01 00:27:18 Image size of job updated: 1641428
	1603  -  MemoryUsage of job (MB)
	1641428  -  ResidentSetSize of job (KB)
...
006 (78851234.050.000) 2026-10-01 00:32:18 Image size of job updated: 1642440
	1604  -  MemoryUsage of job (MB)
	1642440  -  ResidentSetSize of job (KB)
...
006 (78851234.050.000) 2026-10-01 00:47:19 Image size of job updated: 1642444
	1604  -  MemoryUsage of job (MB)
	1642444  -  ResidentSetSize of job (KB)
...
006 (78851234.050.000) 2026-10-01 00:52:20 Image size of job updated: 1642452
	1604  -  MemoryUsage of job (MB)
	1642452  -  ResidentSetSize of job (KB)
...
006 (78851234.050.000) 2026-10-01 00:57:20 Image size of job updated: 1643556
	1606  -  MemoryUsage of job (MB)
	1643556  -  ResidentSetSize of job (KB)
...
006 (78851234.050.000) 2026-10-01 01:02:21 Image size of job updated: 1643560
	1606  -  MemoryUsage of job (MB)
	1643560  -  ResidentSetSize of job (KB)
...
006 (78851234.050.000) 2026-10-01 01:07:21 Image size of job updated: 1644524
	1606  -  MemoryUsage of job (MB)
	1644512  -  ResidentSetSize of job (KB)
...
006 (78851234.050.000) 2026-10-01 01:12:21 Image size of job updated: 1644528
	1606  -  MemoryUsage of job (MB)
	1644528  -  ResidentSetSize of job (KB)
...
006 (78851234.050.000) 2026-10-01 01:17:22 Image size of job updated: 1644544
	1606  -  MemoryUsage of job (MB)
	1644544  -  ResidentSetSize of job (KB)
...
006 (78851234.050.000) 2026-10-01 01:22:22 Image size of job updated: 1644548
	1607  -  MemoryUsage of job (MB)
	1644548  -  ResidentSetSize of job (KB)
...
006 (78851234.050.000) 2026-10-01 01:27:23 Image size of job updated: 1644552
	1607  -  MemoryUsage of job (MB)
	1644552  -  ResidentSetSize of job (KB)
...
006 (78851234.050.000) 2026-10-01 01:37:24 Image size of job updated: 1645564
	1607  -  MemoryUsage of job (MB)
	1645564  -  ResidentSetSize of job (KB)
...
006 (78851234.050.000) 2026-10-01 01:42:24 Image size of job updated: 1645584
	1608  -  MemoryUsage of job (MB)
	1645584  -  ResidentSetSize of job (KB)
...
006 (78851234.050.000) 2026-10-01 01:47:24 Image size of job updated: 1645588
	1608  -  MemoryUsage of job (MB)
	1645588  -  ResidentSetSize of job (KB)
...
006 (78851234.050.000) 2026-10-01 01:52:25 Image size of job updated: 1652288
	1614  -  MemoryUsage of job (MB)
	1652288  -  ResidentSetSize of job (KB)
...
006 (78851234.050.000) 2026-10-01 01:57:25 Image size of job updated: 1652296
	1614  -  MemoryUsage of job (MB)
	1652296  -  ResidentSetSize of job (KB)
...
006 (78851234.050.000) 2026-10-01 02:02:26 Image size of job updated: 1652300
	1614  -  MemoryUsage of job (MB)
	1652300  -  ResidentSetSize of job (KB)
...
006 (78851234.050.000) 2026-10-01 02:07:26 Image size of job updated: 1652304
	1614  -  MemoryUsage of job (MB)
	1652304  -  ResidentSetSize of job (KB)
...
006 (78851234.050.000) 2026-10-01 02:12:26 Image size of job updated: 1652312
	1614  -  MemoryUsage of job (MB)
	1652312  -  ResidentSetSize of job (KB)
...
006 (78851234.050.000) 2026-10-01 02:22:27 Image size of job updated: 1652332
	1614  -  MemoryUsage of job (MB)
	1652332  -  ResidentSetSize of job (KB)
...
006 (78851234.050.000) 2026-10-01 02:27:28 Image size of job updated: 1652336
	1614  -  MemoryUsage of job (MB)
	1652336  -  ResidentSetSize of job (KB)
...
006 (78851234.050.000) 2026-10-01 02:32:28 Image size of job updated: 1652340
	1614  -  MemoryUsage of job (MB)
	1652340  -  ResidentSetSize of job (KB)
...
006 (78851234.050.000) 2026-10-01 02:37:28 Image size of job updated: 1652344
	1614  -  MemoryUsage of job (MB)
	1652344  -  ResidentSetSize of job (KB)
...
006 (78851234.050.000) 2026-10-01 02:42:29 Image size of job updated: 1652348
	1614  -  MemoryUsage of job (MB)
	1652348  -  ResidentSetSize of job (KB)
...
006 (78851234.050.000) 2026-10-01 02:47:29 Image size of job updated: 1654632
	1616  -  MemoryUsage of job (MB)
	1654632  -  ResidentSetSize of job (KB)
...
006 (78851234.050.000) 2026-10-01 02:52:30 Image size of job updated: 1654668
	1616  -  MemoryUsage of job (MB)
	1654668  -  ResidentSetSize of job (KB)
...
006 (78851234.050.000) 2026-10-01 02:57:31 Image size of job updated: 1654672
	1616  -  MemoryUsage of job (MB)
	1654672  -  ResidentSetSize of job (KB)
...
006 (78851234.050.000) 2026-10-01 03:02:31 Image size of job updated: 1654676
	1616  -  MemoryUsage of job (MB)
	1654676  -  ResidentSetSize of job (KB)
...
006 (78851234.050.000) 2026-10-01 03:07:32 Image size of job updated: 1657704
	1619  -  MemoryUsage of job (MB)
	1657704  -  ResidentSetSize of job (KB)
...
006 (78851234.050.000) 2026-10-01 03:12:32 Image size of job updated: 1657708
	1619  -  MemoryUsage of job (MB)
	1657708  -  ResidentSetSize of job (KB)
...
006 (78851234.050.000) 2026-10-01 03:17:32 Image size of job updated: 1657712
	1619  -  MemoryUsage of job (MB)
	1657712  -  ResidentSetSize of job (KB)
...
006 (78851234.050.000) 2026-10-01 03:22:33 Image size of job updated: 1657716
	1619  -  MemoryUsage of job (MB)
	1657716  -  ResidentSetSize of job (KB)
...
006 (78851234.050.000) 2026-10-01 03:27:33 Image size of job updated: 1657720
	1619  -  MemoryUsage of job (MB)
	1657720  -  ResidentSetSize of job (KB)
...
006 (78851234.050.000) 2026-10-01 03:32:34 Image size of job updated: 1670000
	1631  -  MemoryUsage of job (MB)
	1670000  -  ResidentSetSize of job (KB)
...
006 (78851234.050.000) 2026-10-01 03:42:34 Image size of job updated: 1670004
	1631  -  MemoryUsage of job (MB)
	1670004  -  ResidentSetSize of job (KB)
...
006 (78851234.050.000) 2026-10-01 03:47:35 Image size of job updated: 1670012
	1631  -  MemoryUsage of job (MB)
	1670012  -  ResidentSetSize of job (KB)
...
006 (78851234.050.000) 2026-10-01 03:52:35 Image size of job updated: 1671020
	1632  -  MemoryUsage of job (MB)
	1671020  -  ResidentSetSize of job (KB)
...
006 (78851234.050.000) 2026-10-01 04:02:36 Image size of job updated: 1672036
	1633  -  MemoryUsage of job (MB)
	1672036  -  ResidentSetSize of job (KB)
...
006 (78851234.050.000) 2026-10-01 04:12:37 Image size of job updated: 1673072
	1634  -  MemoryUsage of job (MB)
	1673072  -  ResidentSetSize of job (KB)
...
006 (78851234.050.000) 2026-10-01 04:17:37 Image size of job updated: 1673076
	1634  -  MemoryUsage of job (MB)
	1673076  -  ResidentSetSize of job (KB)
...
006 (78851234.050.000) 2026-10-01 04:22:38 Image size of job updated: 1673080
	1634  -  MemoryUsage of job (MB)
	1673080  -  ResidentSetSize of job (KB)
...
006 (78851234.050.000) 2026-10-01 04:37:40 Image size of job updated: 1676488
	1638  -  MemoryUsage of job (MB)
	1676488  -  ResidentSetSize of job (KB)
...
006 (78851234.050.000) 2026-10-01 04:57:42 Image size of job updated: 1678484
	1640  -  MemoryUsage of job (MB)
	1678484  -  ResidentSetSize of job (KB)
...
006 (78851234.050.000) 2026-10-01 05:02:43 Image size of job updated: 1678492
	1640  -  MemoryUsage of job (MB)
	1678492  -  ResidentSetSize of job (KB)
...
006 (78851234.050.000) 2026-10-01 05:17:44 Image size of job updated: 1678496
	1640  -  MemoryUsage of job (MB)
	1678496  -  ResidentSetSize of job (KB)
...
006 (78851234.050.000) 2026-10-01 05:22:44 Image size of job updated: 1678504
	1640  -  MemoryUsage of job (MB)
	1678504  -  ResidentSetSize of job (KB)
...
006 (78851234.050.000) 2026-10-01 05:32:45 Image size of job updated: 1686348
	1647  -  MemoryUsage of job (MB)
	1686348  -  ResidentSetSize of job (KB)
...
006 (78851234.050.000) 2026-10-01 05:42:46 Image size of job updated: 1687356
	1648  -  MemoryUsage of job (MB)
	1687356  -  ResidentSetSize of job (KB)
...
006 (78851234.050.000) 2026-10-01 05:47:46 Image size of job updated: 1687360
	1648  -  MemoryUsage of job (MB)
	1687360  -  ResidentSetSize of job (KB)
...
006 (78851234.050.000) 2026-10-01 05:52:47 Image size of job updated: 1687376
	1648  -  MemoryUsage of job (MB)
	1687376  -  ResidentSetSize of job (KB)
...
006 (78851234.050.000) 2026-10-01 06:17:49 Image size of job updated: 1688384
	1649  -  MemoryUsage of job (MB)
	1688384  -  ResidentSetSize of job (KB)
...
006 (78851234.050.000) 2026-10-01 06:52:52 Image size of job updated: 1688388
	1649  -  MemoryUsage of job (MB)
	1688388  -  ResidentSetSize of job (KB)
...
006 (78851234.050.000) 2026-10-01 07:32:55 Image size of job updated: 1688396
	1649  -  MemoryUsage of job (MB)
	1688396  -  ResidentSetSize of job (KB)
...
006 (78851234.050.000) 2026-10-01 07:52:57 Image size of job updated: 1688400
	1649  -  MemoryUsage of job (MB)
	1688400  -  ResidentSetSize of job (KB)
...
006 (78851234.050.000) 2026-10-01 07:57:57 Image size of job updated: 1688404
	1649  -  MemoryUsage of job (MB)
	1688404  -  ResidentSetSize of job (KB)
...
006 (78851234.050.000) 2026-10-01 08:02:58 Image size of job updated: 1688408
	1649  -  MemoryUsage of job (MB)
	1688408  -  ResidentSetSize of job (KB)
...
006 (78851234.050.000) 2026-10-01 08:07:59 Image size of job updated: 1689416
	1650  -  MemoryUsage of job (MB)
	1689416  -  ResidentSetSize of job (KB)
...
006 (78851234.050.000) 2026-10-01 08:12:59 Image size of job updated: 1689424
	1650  -  MemoryUsage of job (MB)
	1689424  -  ResidentSetSize of job (KB)
...
006 (78851234.050.000) 2026-10-01 08:18:00 Image size of job updated: 1691440
	1651  -  MemoryUsage of job (MB)
	1690432  -  ResidentSetSize of job (KB)
...
006 (78851234.050.000) 2026-10-01 08:33:01 Image size of job updated: 1691472
	1651  -  MemoryUsage of job (MB)
	1690464  -  ResidentSetSize of job (KB)
...
006 (78851234.050.000) 2026-10-01 08:43:02 Image size of job updated: 1691472
	1651  -  MemoryUsage of job (MB)
	1690468  -  ResidentSetSize of job (KB)
...
006 (78851234.050.000) 2026-10-01 08:53:03 Image size of job updated: 1692452
	1653  -  MemoryUsage of job (MB)
	1692452  -  ResidentSetSize of job (KB)
...
006 (78851234.050.000) 2026-10-01 08:58:03 Image size of job updated: 1692456
	1653  -  MemoryUsage of job (MB)
	1692456  -  ResidentSetSize of job (KB)
...
006 (78851234.050.000) 2026-10-01 09:13:04 Image size of job updated: 1697848
	1659  -  MemoryUsage of job (MB)
	1697848  -  ResidentSetSize of job (KB)
...
006 (78851234.050.000) 2026-10-01 09:28:06 Image size of job updated: 1697852
	1659  -  MemoryUsage of job (MB)
	1697852  -  ResidentSetSize of job (KB)
...
006 (78851234.050.000) 2026-10-01 10:03:10 Image size of job updated: 1697856
	1659  -  MemoryUsage of job (MB)
	1697856  -  ResidentSetSize of job (KB)
...
006 (78851234.050.000) 2026-10-01 10:38:14 Image size of job updated: 1697860
	1659  -  MemoryUsage of job (MB)
	1697860  -  ResidentSetSize of job (KB)
...
006 (78851234.050.000) 2026-10-01 10:58:16 Image size of job updated: 1698868
	1660  -  MemoryUsage of job (MB)
	1698868  -  ResidentSetSize of job (KB)
...
006 (78851234.050.000) 2026-10-01 11:18:17 Image size of job updated: 1698904
	1660  -  MemoryUsage of job (MB)
	1698904  -  ResidentSetSize of job (KB)
...
006 (78851234.050.000) 2026-10-01 11:33:18 Image size of job updated: 1699924
	1661  -  MemoryUsage of job (MB)
	1699920  -  ResidentSetSize of job (KB)
...
006 (78851234.050.000) 2026-10-01 11:38:19 Image size of job updated: 1700580
	1661  -  MemoryUsage of job (MB)
	1700580  -  ResidentSetSize of job (KB)
...
006 (78851234.050.000) 2026-10-01 11:43:19 Image size of job updated: 1702596
	1663  -  MemoryUsage of job (MB)
	1702596  -  ResidentSetSize of job (KB)
...
006 (78851234.050.000) 2026-10-01 12:38:26 Image size of job updated: 1702604
	1663  -  MemoryUsage of job (MB)
	1702604  -  ResidentSetSize of job (KB)
...
004 (78851234.050.000) 2026-10-01 12:50:43 Job was evicted. Code 1019 Subcode 0
	(0) CPU times
		Usr 7 05:35:12, Sys 0 00:05:52  -  Run Remote Usage
		Usr 0 00:00:00, Sys 0 00:00:00  -  Run Local Usage
	0  -  Run Bytes Sent By Job
	0  -  Run Bytes Received By Job
	Reason: Preempted for a Priority user
	Partitionable Resources :    Usage  Request Allocated 
	   Cpus                 :     5.49        4         4 
	   Disk (KB)            : 25000       25000     28672 
	   GPUs                 :                           0 
	   Memory (MB)          :  1663        6000      6016 
	   TimeExecute (s)      : 87283                       
	   TimeSlotBusy (s)     : 87283                       
...
001 (78851234.050.000) 2026-10-01 12:50:48 Job executing on host: <10.14.3.14:9618?addrs=10.14.3.14-9618&alias=node514.cluster.ldas.cit&noUDP&sock=startd_2997013_3733>
	SlotName: slot1_23@node514.cluster.ldas.cit
	AvailableGPUs = {  }
	CondorScratchDir = "/var/lib/condor/execute/dir_3779887/scratch"
	Cpus = 4
	Disk = 28672
	GPUs = 0
	Memory = 6016
...
005 (78851234.050.000) 2026-10-02 16:24:39 Job terminated.
	(1) Normal termination (return value 0)
		Usr 10 15:59:13, Sys 0 00:30:17  -  Run Remote Usage
		Usr 0 00:00:00, Sys 0 00:00:00  -  Run Local Usage
		Usr 17 21:34:25, Sys 0 00:36:09  -  Total Remote Usage
		Usr 0 00:00:00, Sys 0 00:00:00  -  Total Local Usage
	0  -  Run Bytes Sent By Job
	0  -  Run Bytes Received By Job
	0  -  Total Bytes Sent By Job
	0  -  Total Bytes Received By Job
	Partitionable Resources :    Usage  Request Allocated 
	   Cpus                 :     9.78        4         4 
	   Disk (KB)            : 25000       25000     28672 
	   GPUs                 :                           0 
	   Memory (MB)          :  1709        6000      6016 
	   TimeExecute (s)      : 99231                       
	   TimeSlotBusy (s)     : 99231                       
...
000 (78854872.050.000) 2026-10-03 17:21:23 Job submitted from host: <10.14.0.121:9618?addrs=10.14.0.121-9618&alias=ldas-pcdev12.ligo.caltech.edu&noUDP&sock=schedd_623140_c9b4>
...
001 (78854872.050.000) 2026-10-03 17:22:11 Job executing on host: <10.14.4.115:9618?addrs=10.14.4.115-9618&alias=node865.cluster.ldas.cit&noUDP&sock=startd_37427_632e>
	SlotName: slot1_3@node865.cluster.ldas.cit
	CondorScratchDir = "/var/lib/condor/execute/dir_167809/scratch"
	Cpus = 4
	Disk = 28672
	GPUs = 0
	Memory = 6016
...
006 (78854872.050.000) 2026-10-03 17:22:19 Image size of job updated: 152636
	150  -  MemoryUsage of job (MB)
	152636  -  ResidentSetSize of job (KB)
...
006 (78854872.050.000) 2026-10-03 17:22:28 Image size of job updated: 491388
	150  -  MemoryUsage of job (MB)
	152636  -  ResidentSetSize of job (KB)
...
005 (78854872.050.000) 2026-10-03 17:22:28 Job terminated.
	(1) Normal termination (return value 0)
		Usr 0 00:00:12, Sys 0 00:00:00  -  Run Remote Usage
		Usr 0 00:00:00, Sys 0 00:00:00  -  Run Local Usage
		Usr 0 00:00:12, Sys 0 00:00:00  -  Total Remote Usage
		Usr 0 00:00:00, Sys 0 00:00:00  -  Total Local Usage
	0  -  Run Bytes Sent By Job
	0  -  Run Bytes Received By Job
	0  -  Total Bytes Sent By Job
	0  -  Total Bytes Received By Job
	Partitionable Resources :    Usage  Request Allocated 
	   Cpus                 :        0        4         4 
	   Disk (KB)            :    25000    25000     28672 
	   GPUs                 :                           0 
	   Memory (MB)          :      150     6000      6016 
	   TimeExecute (s)      :       17                    
	   TimeSlotBusy (s)     :       18                    
...
000 (78854906.050.000) 2026-10-03 21:36:50 Job submitted from host: <10.14.0.121:9618?addrs=10.14.0.121-9618&alias=ldas-pcdev12.ligo.caltech.edu&noUDP&sock=schedd_623140_c9b4>
...
001 (78854906.050.000) 2026-10-03 21:38:41 Job executing on host: <10.14.6.247:9618?addrs=10.14.6.247-9618&alias=node1497.cluster.ldas.cit&noUDP&sock=startd_30154_b6e1>
	SlotName: slot1_3@node1497.cluster.ldas.cit
	CondorScratchDir = "/var/lib/condor/execute/dir_456956/scratch"
	Cpus = 4
	Disk = 28672
	GPUs = 0
	Memory = 6016
...
006 (78854906.050.000) 2026-10-03 21:38:50 Image size of job updated: 159488
	156  -  MemoryUsage of job (MB)
	159488  -  ResidentSetSize of job (KB)
...
006 (78854906.050.000) 2026-10-03 21:39:02 Image size of job updated: 491404
	156  -  MemoryUsage of job (MB)
	159488  -  ResidentSetSize of job (KB)
...
005 (78854906.050.000) 2026-10-03 21:39:02 Job terminated.
	(1) Normal termination (return value 0)
		Usr 0 00:00:10, Sys 0 00:00:00  -  Run Remote Usage
		Usr 0 00:00:00, Sys 0 00:00:00  -  Run Local Usage
		Usr 0 00:00:10, Sys 0 00:00:00  -  Total Remote Usage
		Usr 0 00:00:00, Sys 0 00:00:00  -  Total Local Usage
	0  -  Run Bytes Sent By Job
	0  -  Run Bytes Received By Job
	0  -  Total Bytes Sent By Job
	0  -  Total Bytes Received By Job
	Partitionable Resources :    Usage  Request Allocated 
	   Cpus                 :        0        4         4 
	   Disk (KB)            :    25000    25000     28672 
	   GPUs                 :                           0 
	   Memory (MB)          :      156     6000      6016 
	   TimeExecute (s)      :       21                    
	   TimeSlotBusy (s)     :       21                    
...
000 (78855135.050.000) 2026-10-04 13:44:56 Job submitted from host: <10.14.0.121:9618?addrs=10.14.0.121-9618&alias=ldas-pcdev12.ligo.caltech.edu&noUDP&sock=schedd_623140_c9b4>
...
001 (78855135.050.000) 2026-10-04 13:49:18 Job executing on host: <10.14.10.164:9618?addrs=10.14.10.164-9618&alias=node2414.cluster.ldas.cit&noUDP&sock=startd_2477260_e38a>
	SlotName: slot1_2@node2414.cluster.ldas.cit
	CondorScratchDir = "/var/lib/condor/execute/dir_3092865/scratch"
	Cpus = 4
	Disk = 28672
	GPUs = 0
	Memory = 6016
...
006 (78855135.050.000) 2026-10-04 13:49:26 Image size of job updated: 185332
	181  -  MemoryUsage of job (MB)
	185332  -  ResidentSetSize of job (KB)
...
006 (78855135.050.000) 2026-10-04 13:49:50 Image size of job updated: 489336
	181  -  MemoryUsage of job (MB)
	185332  -  ResidentSetSize of job (KB)
...
005 (78855135.050.000) 2026-10-04 13:49:50 Job terminated.
	(1) Normal termination (return value 0)
		Usr 0 00:00:28, Sys 0 00:00:01  -  Run Remote Usage
		Usr 0 00:00:00, Sys 0 00:00:00  -  Run Local Usage
		Usr 0 00:00:28, Sys 0 00:00:01  -  Total Remote Usage
		Usr 0 00:00:00, Sys 0 00:00:00  -  Total Local Usage
	0  -  Run Bytes Sent By Job
	0  -  Run Bytes Received By Job
	0  -  Total Bytes Sent By Job
	0  -  Total Bytes Received By Job
	Partitionable Resources :    Usage  Request Allocated 
	   Cpus                 :        0        4         4 
	   Disk (KB)            :    25000    25000     28672 
	   GPUs                 :                           0 
	   Memory (MB)          :      181     6000      6016 
	   TimeExecute (s)      :       32                    
	   TimeSlotBusy (s)     :       33                    
...
