000 (78851234.052.000) 2026-09-30 12:35:31 Job submitted from host: <10.14.0.121:9618?addrs=10.14.0.121-9618&alias=ldas-pcdev12.ligo.caltech.edu&noUDP&sock=schedd_623140_c9b4>
...
001 (78851234.052.000) 2026-09-30 12:35:59 Job executing on host: <10.14.4.56:9618?addrs=10.14.4.56-9618&alias=node806.cluster.ldas.cit&noUDP&sock=startd_2200244_f43b>
	SlotName: slot1_21@node806.cluster.ldas.cit
	CondorScratchDir = "/var/lib/condor/execute/dir_2282744/scratch"
	Cpus = 4
	Disk = 28672
	GPUs = 0
	Memory = 6016
...
006 (78851234.052.000) 2026-09-30 12:36:08 Image size of job updated: 128808
	126  -  MemoryUsage of job (MB)
	128808  -  ResidentSetSize of job (KB)
...
006 (78851234.052.000) 2026-09-30 12:41:08 Image size of job updated: 301548
	295  -  MemoryUsage of job (MB)
	301548  -  ResidentSetSize of job (KB)
...
006 (78851234.052.000) 2026-09-30 12:46:08 Image size of job updated: 302948
	296  -  MemoryUsage of job (MB)
	302948  -  ResidentSetSize of job (KB)
...
006 (78851234.052.000) 2026-09-30 12:51:09 Image size of job updated: 420524
	411  -  MemoryUsage of job (MB)
	420524  -  ResidentSetSize of job (KB)
...
006 (78851234.052.000) 2026-09-30 12:56:09 Image size of job updated: 421204
	412  -  MemoryUsage of job (MB)
	421204  -  ResidentSetSize of job (KB)
...
006 (78851234.052.000) 2026-09-30 13:01:10 Image size of job updated: 428540
	419  -  MemoryUsage of job (MB)
	428540  -  ResidentSetSize of job (KB)
...
006 (78851234.052.000) 2026-09-30 13:06:10 Image size of job updated: 434316
	425  -  MemoryUsage of job (MB)
	434316  -  ResidentSetSize of job (KB)
...
006 (78851234.052.000) 2026-09-30 13:11:10 Image size of job updated: 475972
	465  -  MemoryUsage of job (MB)
	475972  -  ResidentSetSize of job (KB)
...
006 (78851234.052.000) 2026-09-30 13:16:11 Image size of job updated: 591304
	578  -  MemoryUsage of job (MB)
	591304  -  ResidentSetSize of job (KB)
...
006 (78851234.052.000) 2026-09-30 13:21:11 Image size of job updated: 814412
	796  -  MemoryUsage of job (MB)
	814412  -  ResidentSetSize of job (KB)
...
006 (78851234.052.000) 2026-09-30 13:26:12 Image size of job updated: 1060408
	1036  -  MemoryUsage of job (MB)
	1060408  -  ResidentSetSize of job (KB)
...
006 (78851234.052.000) 2026-09-30 13:31:13 Image size of job updated: 1302872
	1273  -  MemoryUsage of job (MB)
	1302872  -  ResidentSetSize of job (KB)
...
006 (78851234.052.000) 2026-09-30 13:36:13 Image size of job updated: 1441368
	1408  -  MemoryUsage of job (MB)
	1441368  -  ResidentSetSize of job (KB)
...
006 (78851234.052.000) 2026-09-30 13:41:14 Image size of job updated: 1442396
	1408  -  MemoryUsage of job (MB)
	1441788  -  ResidentSetSize of job (KB)
...
006 (78851234.052.000) 2026-09-30 13:46:15 Image size of job updated: 1442396
	1409  -  MemoryUsage of job (MB)
	1441816  -  ResidentSetSize of job (KB)
...
006 (78851234.052.000) 2026-09-30 13:51:15 Image size of job updated: 1447200
	1414  -  MemoryUsage of job (MB)
	1447200  -  ResidentSetSize of job (KB)
...
006 (78851234.052.000) 2026-09-30 13:56:16 Image size of job updated: 1447264
	1414  -  MemoryUsage of job (MB)
	1447264  -  ResidentSetSize of job (KB)
...
006 (78851234.052.000) 2026-09-30 14:01:16 Image size of job updated: 1454292
	1421  -  MemoryUsage of job (MB)
	1454292  -  ResidentSetSize of job (KB)
...
006 (78851234.052.000) 2026-09-30 14:06:16 Image size of job updated: 1454380
	1421  -  MemoryUsage of job (MB)
	1454380  -  ResidentSetSize of job (KB)
...
006 (78851234.052.000) 2026-09-30 14:11:17 Image size of job updated: 1475992
	1442  -  MemoryUsage of job (MB)
	1475992  -  ResidentSetSize of job (KB)
...
006 (78851234.052.000) 2026-09-30 14:16:17 Image size of job updated: 1476036
	1442  -  MemoryUsage of job (MB)
	1476036  -  ResidentSetSize of job (KB)
...
006 (78851234.052.000) 2026-09-30 14:21:17 Image size of job updated: 1480588
	1446  -  MemoryUsage of job (MB)
	1480588  -  ResidentSetSize of job (KB)
...
006 (78851234.052.000) 2026-09-30 14:26:18 Image size of job updated: 1480668
	1446  -  MemoryUsage of job (MB)
	1480668  -  ResidentSetSize of job (KB)
...
006 (78851234.052.000) 2026-09-30 14:31:18 Image size of job updated: 1490824
	1448  -  MemoryUsage of job (MB)
	1482356  -  ResidentSetSize of job (KB)
...
006 (78851234.052.000) 2026-09-30 14:36:19 Image size of job updated: 1490824
	1448  -  MemoryUsage of job (MB)
	1482380  -  ResidentSetSize of job (KB)
...
006 (78851234.052.000) 2026-09-30 14:41:20 Image size of job updated: 1490824
	1450  -  MemoryUsage of job (MB)
	1484380  -  ResidentSetSize of job (KB)
...
006 (78851234.052.000) 2026-09-30 14:46:20 Image size of job updated: 1490824
	1450  -  MemoryUsage of job (MB)
	1484432  -  ResidentSetSize of job (KB)
...
006 (78851234.052.000) 2026-09-30 14:51:21 Image size of job updated: 1493196
	1450  -  MemoryUsage of job (MB)
	1484432  -  ResidentSetSize of job (KB)
...
006 (78851234.052.000) 2026-09-30 15:21:23 Image size of job updated: 1499748
	1465  -  MemoryUsage of job (MB)
	1499748  -  ResidentSetSize of job (KB)
...
006 (78851234.052.000) 2026-09-30 15:26:23 Image size of job updated: 1500568
	1466  -  MemoryUsage of job (MB)
	1500568  -  ResidentSetSize of job (KB)
...
006 (78851234.052.000) 2026-09-30 15:31:23 Image size of job updated: 1513360
	1477  -  MemoryUsage of job (MB)
	1512352  -  ResidentSetSize of job (KB)
...
006 (78851234.052.000) 2026-09-30 15:36:24 Image size of job updated: 1513360
	1477  -  MemoryUsage of job (MB)
	1512360  -  ResidentSetSize of job (KB)
...
006 (78851234.052.000) 2026-09-30 15:41:24 Image size of job updated: 1514412
	1479  -  MemoryUsage of job (MB)
	1514412  -  ResidentSetSize of job (KB)
...
006 (78851234.052.000) 2026-09-30 15:46:25 Image size of job updated: 1514416
	1479  -  MemoryUsage of job (MB)
	1514416  -  ResidentSetSize of job (KB)
...
006 (78851234.052.000) 2026-09-30 15:51:26 Image size of job updated: 1515432
	1480  -  MemoryUsage of job (MB)
	1515432  -  ResidentSetSize of job (KB)
...
006 (78851234.052.000) 2026-09-30 15:56:26 Image size of job updated: 1515456
	1480  -  MemoryUsage of job (MB)
	1515456  -  ResidentSetSize of job (KB)
...
006 (78851234.052.000) 2026-09-30 16:01:27 Image size of job updated: 1515476
	1480  -  MemoryUsage of job (MB)
	1515476  -  ResidentSetSize of job (KB)
...
006 (78851234.052.000) 2026-09-30 16:06:28 Image size of job updated: 1516744
	1482  -  MemoryUsage of job (MB)
	1516744  -  ResidentSetSize of job (KB)
...
006 (78851234.052.000) 2026-09-30 16:11:28 Image size of job updated: 1516760
	1482  -  MemoryUsage of job (MB)
	1516760  -  ResidentSetSize of job (KB)
...
006 (78851234.052.000) 2026-09-30 16:16:29 Image size of job updated: 1523552
	1488  -  MemoryUsage of job (MB)
	1523552  -  ResidentSetSize of job (KB)
...
006 (78851234.052.000) 2026-09-30 16:21:30 Image size of job updated: 1523564
	1488  -  MemoryUsage of job (MB)
	1523564  -  ResidentSetSize of job (KB)
...
006 (78851234.052.000) 2026-09-30 16:26:30 Image size of job updated: 1528372
	1493  -  MemoryUsage of job (MB)
	1528372  -  ResidentSetSize of job (KB)
...
006 (78851234.052.000) 2026-09-30 16:31:31 Image size of job updated: 1528384
	1493  -  MemoryUsage of job (MB)
	1528384  -  ResidentSetSize of job (KB)
...
006 (78851234.052.000) 2026-09-30 16:36:31 Image size of job updated: 1529480
	1494  -  MemoryUsage of job (MB)
	1529480  -  ResidentSetSize of job (KB)
...
006 (78851234.052.000) 2026-09-30 16:41:32 Image size of job updated: 1529484
	1494  -  MemoryUsage of job (MB)
	1529484  -  ResidentSetSize of job (KB)
...
006 (78851234.052.000) 2026-09-30 16:46:33 Image size of job updated: 1529500
	1494  -  MemoryUsage of job (MB)
	1529500  -  ResidentSetSize of job (KB)
...
006 (78851234.052.000) 2026-09-30 16:51:33 Image size of job updated: 1529516
	1494  -  MemoryUsage of job (MB)
	1529516  -  ResidentSetSize of job (KB)
...
006 (78851234.052.000) 2026-09-30 16:56:34 Image size of job updated: 1529536
	1494  -  MemoryUsage of job (MB)
	1529536  -  ResidentSetSize of job (KB)
...
006 (78851234.052.000) 2026-09-30 17:01:34 Image size of job updated: 1529560
	1494  -  MemoryUsage of job (MB)
	1529560  -  ResidentSetSize of job (KB)
...
006 (78851234.052.000) 2026-09-30 17:06:34 Image size of job updated: 1530688
	1495  -  MemoryUsage of job (MB)
	1530688  -  ResidentSetSize of job (KB)
...
006 (78851234.052.000) 2026-09-30 17:11:35 Image size of job updated: 1530696
	1495  -  MemoryUsage of job (MB)
	1530696  -  ResidentSetSize of job (KB)
...
006 (78851234.052.000) 2026-09-30 17:16:35 Image size of job updated: 1532608
	1497  -  MemoryUsage of job (MB)
	1532608  -  ResidentSetSize of job (KB)
...
006 (78851234.052.000) 2026-09-30 17:21:36 Image size of job updated: 1532612
	1497  -  MemoryUsage of job (MB)
	1532612  -  ResidentSetSize of job (KB)
...
006 (78851234.052.000) 2026-09-30 17:31:37 Image size of job updated: 1533624
	1498  -  MemoryUsage of job (MB)
	1533624  -  ResidentSetSize of job (KB)
...
006 (78851234.052.000) 2026-09-30 17:41:38 Image size of job updated: 1544432
	1509  -  MemoryUsage of job (MB)
	1544432  -  ResidentSetSize of job (KB)
...
006 (78851234.052.000) 2026-09-30 17:46:38 Image size of job updated: 1544440
	1509  -  MemoryUsage of job (MB)
	1544440  -  ResidentSetSize of job (KB)
...
006 (78851234.052.000) 2026-09-30 17:51:39 Image size of job updated: 1546460
	1511  -  MemoryUsage of job (MB)
	1546460  -  ResidentSetSize of job (KB)
...
006 (78851234.052.000) 2026-09-30 17:56:39 Image size of job updated: 1546468
	1511  -  MemoryUsage of job (MB)
	1546468  -  ResidentSetSize of job (KB)
...
006 (78851234.052.000) 2026-09-30 18:01:40 Image size of job updated: 1561184
	1525  -  MemoryUsage of job (MB)
	1561184  -  ResidentSetSize of job (KB)
...
006 (78851234.052.000) 2026-09-30 18:06:40 Image size of job updated: 1561200
	1525  -  MemoryUsage of job (MB)
	1561200  -  ResidentSetSize of job (KB)
...
006 (78851234.052.000) 2026-09-30 18:11:40 Image size of job updated: 1563216
	1526  -  MemoryUsage of job (MB)
	1562212  -  ResidentSetSize of job (KB)
...
006 (78851234.052.000) 2026-09-30 18:16:41 Image size of job updated: 1563216
	1526  -  MemoryUsage of job (MB)
	1562228  -  ResidentSetSize of job (KB)
...
006 (78851234.052.000) 2026-09-30 18:21:41 Image size of job updated: 1566016
	1530  -  MemoryUsage of job (MB)
	1565992  -  ResidentSetSize of job (KB)
...
006 (78851234.052.000) 2026-09-30 18:26:42 Image size of job updated: 1566016
	1530  -  MemoryUsage of job (MB)
	1566000  -  ResidentSetSize of job (KB)
...
006 (78851234.052.000) 2026-09-30 18:31:43 Image size of job updated: 1568016
	1530  -  MemoryUsage of job (MB)
	1566000  -  ResidentSetSize of job (KB)
...
006 (78851234.052.000) 2026-09-30 18:41:44 Image size of job updated: 1568020
	1531  -  MemoryUsage of job (MB)
	1567012  -  ResidentSetSize of job (KB)
...
006 (78851234.052.000) 2026-09-30 18:51:45 Image size of job updated: 1568020
	1531  -  MemoryUsage of job (MB)
	1567020  -  ResidentSetSize of job (KB)
...
006 (78851234.052.000) 2026-09-30 18:56:46 Image size of job updated: 1568840
	1532  -  MemoryUsage of job (MB)
	1567832  -  ResidentSetSize of job (KB)
...
006 (78851234.052.000) 2026-09-30 19:01:46 Image size of job updated: 1568840
	1532  -  MemoryUsage of job (MB)
	1567836  -  ResidentSetSize of job (KB)
...
006 (78851234.052.000) 2026-09-30 19:06:47 Image size of job updated: 1570144
	1533  -  MemoryUsage of job (MB)
	1569168  -  ResidentSetSize of job (KB)
...
006 (78851234.052.000) 2026-09-30 19:11:47 Image size of job updated: 1570144
	1533  -  MemoryUsage of job (MB)
	1569172  -  ResidentSetSize of job (KB)
...
006 (78851234.052.000) 2026-09-30 19:16:47 Image size of job updated: 1572104
	1535  -  MemoryUsage of job (MB)
	1571096  -  ResidentSetSize of job (KB)
...
006 (78851234.052.000) 2026-09-30 19:21:48 Image size of job updated: 1572104
	1535  -  MemoryUsage of job (MB)
	1571100  -  ResidentSetSize of job (KB)
...
006 (78851234.052.000) 2026-09-30 19:26:48 Image size of job updated: 1576980
	1538  -  MemoryUsage of job (MB)
	1573960  -  ResidentSetSize of job (KB)
...
006 (78851234.052.000) 2026-09-30 19:31:49 Image size of job updated: 1576980
	1538  -  MemoryUsage of job (MB)
	1573968  -  ResidentSetSize of job (KB)
...
006 (78851234.052.000) 2026-09-30 19:36:50 Image size of job updated: 1577348
	1540  -  MemoryUsage of job (MB)
	1576340  -  ResidentSetSize of job (KB)
...
006 (78851234.052.000) 2026-09-30 19:46:51 Image size of job updated: 1578052
	1542  -  MemoryUsage of job (MB)
	1578052  -  ResidentSetSize of job (KB)
...
006 (78851234.052.000) 2026-09-30 19:51:51 Image size of job updated: 1578056
	1542  -  MemoryUsage of job (MB)
	1578056  -  ResidentSetSize of job (KB)
...
006 (78851234.052.000) 2026-09-30 19:56:51 Image size of job updated: 1579016
	1543  -  MemoryUsage of job (MB)
	1579016  -  ResidentSetSize of job (KB)
...
006 (78851234.052.000) 2026-09-30 20:06:52 Image size of job updated: 1579020
	1543  -  MemoryUsage of job (MB)
	1579020  -  ResidentSetSize of job (KB)
...
006 (78851234.052.000) 2026-09-30 20:11:53 Image size of job updated: 1580028
	1543  -  MemoryUsage of job (MB)
	1579020  -  ResidentSetSize of job (KB)
...
006 (78851234.052.000) 2026-09-30 20:16:53 Image size of job updated: 1580028
	1543  -  MemoryUsage of job (MB)
	1579024  -  ResidentSetSize of job (KB)
...
006 (78851234.052.000) 2026-09-30 20:21:53 Image size of job updated: 1582048
	1545  -  MemoryUsage of job (MB)
	1582048  -  ResidentSetSize of job (KB)
...
006 (78851234.052.000) 2026-09-30 20:26:54 Image size of job updated: 1582052
	1545  -  MemoryUsage of job (MB)
	1582052  -  ResidentSetSize of job (KB)
...
006 (78851234.052.000) 2026-09-30 20:31:54 Image size of job updated: 1583060
	1546  -  MemoryUsage of job (MB)
	1583060  -  ResidentSetSize of job (KB)
...
006 (78851234.052.000) 2026-09-30 20:36:54 Image size of job updated: 1583064
	1546  -  MemoryUsage of job (MB)
	1583064  -  ResidentSetSize of job (KB)
...
006 (78851234.052.000) 2026-09-30 20:41:55 Image size of job updated: 1586380
	1550  -  MemoryUsage of job (MB)
	1586380  -  ResidentSetSize of job (KB)
...
006 (78851234.052.000) 2026-09-30 20:46:55 Image size of job updated: 1586384
	1550  -  MemoryUsage of job (MB)
	1586384  -  ResidentSetSize of job (KB)
...
006 (78851234.052.000) 2026-09-30 20:51:55 Image size of job updated: 1587396
	1551  -  MemoryUsage of job (MB)
	1587396  -  ResidentSetSize of job (KB)
...
006 (78851234.052.000) 2026-09-30 21:01:56 Image size of job updated: 1587428
	1551  -  MemoryUsage of job (MB)
	1587396  -  ResidentSetSize of job (KB)
...
006 (78851234.052.000) 2026-09-30 21:11:58 Image size of job updated: 1588420
	1552  -  MemoryUsage of job (MB)
	1588420  -  ResidentSetSize of job (KB)
...
006 (78851234.052.000) 2026-09-30 21:16:58 Image size of job updated: 1588424
	1552  -  MemoryUsage of job (MB)
	1588424  -  ResidentSetSize of job (KB)
...
006 (78851234.052.000) 2026-09-30 21:21:59 Image size of job updated: 1590480
	1553  -  MemoryUsage of job (MB)
	1589472  -  ResidentSetSize of job (KB)
...
006 (78851234.052.000) 2026-09-30 21:26:59 Image size of job updated: 1590480
	1553  -  MemoryUsage of job (MB)
	1589476  -  ResidentSetSize of job (KB)
...
006 (78851234.052.000) 2026-09-30 21:31:59 Image size of job updated: 1590512
	1554  -  MemoryUsage of job (MB)
	1590440  -  ResidentSetSize of job (KB)
...
006 (78851234.052.000) 2026-09-30 21:37:00 Image size of job updated: 1590512
	1554  -  MemoryUsage of job (MB)
	1590448  -  ResidentSetSize of job (KB)
...
006 (78851234.052.000) 2026-09-30 21:42:00 Image size of job updated: 1593580
	1557  -  MemoryUsage of job (MB)
	1593580  -  ResidentSetSize of job (KB)
...
006 (78851234.052.000) 2026-09-30 21:47:01 Image size of job updated: 1593584
	1557  -  MemoryUsage of job (MB)
	1593584  -  ResidentSetSize of job (KB)
...
006 (78851234.052.000) 2026-09-30 21:52:02 Image size of job updated: 1593620
	1557  -  MemoryUsage of job (MB)
	1593620  -  ResidentSetSize of job (KB)
...
006 (78851234.052.000) 2026-09-30 21:57:02 Image size of job updated: 1603612
	1567  -  MemoryUsage of job (MB)
	1603608  -  ResidentSetSize of job (KB)
...
006 (78851234.052.000) 2026-09-30 22:07:03 Image size of job updated: 1606684
	1569  -  MemoryUsage of job (MB)
	1605660  -  ResidentSetSize of job (KB)
...
006 (78851234.052.000) 2026-09-30 22:12:04 Image size of job updated: 1606684
	1569  -  MemoryUsage of job (MB)
	1605664  -  ResidentSetSize of job (KB)
...
006 (78851234.052.000) 2026-09-30 22:17:04 Image size of job updated: 1607716
	1570  -  MemoryUsage of job (MB)
	1606700  -  ResidentSetSize of job (KB)
...
006 (78851234.052.000) 2026-09-30 22:22:04 Image size of job updated: 1607716
	1570  -  MemoryUsage of job (MB)
	1606716  -  ResidentSetSize of job (KB)
...
006 (78851234.052.000) 2026-09-30 22:27:05 Image size of job updated: 1607748
	1571  -  MemoryUsage of job (MB)
	1607748  -  ResidentSetSize of job (KB)
...
006 (78851234.052.000) 2026-09-30 22:32:05 Image size of job updated: 1607764
	1571  -  MemoryUsage of job (MB)
	1607764  -  ResidentSetSize of job (KB)
...
006 (78851234.052.000) 2026-09-30 22:37:05 Image size of job updated: 1614576
	1577  -  MemoryUsage of job (MB)
	1614576  -  ResidentSetSize of job (KB)
...
006 (78851234.052.000) 2026-09-30 22:42:06 Image size of job updated: 1614584
	1577  -  MemoryUsage of job (MB)
	1614584  -  ResidentSetSize of job (KB)
...
006 (78851234.052.000) 2026-09-30 22:47:06 Image size of job updated: 1615596
	1577  -  MemoryUsage of job (MB)
	1614588  -  ResidentSetSize of job (KB)
...
006 (78851234.052.000) 2026-09-30 22:52:07 Image size of job updated: 1615596
	1577  -  MemoryUsage of job (MB)
	1614596  -  ResidentSetSize of job (KB)
...
006 (78851234.052.000) 2026-09-30 22:57:07 Image size of job updated: 1616904
	1580  -  MemoryUsage of job (MB)
	1616904  -  ResidentSetSize of job (KB)
...
006 (78851234.052.000) 2026-09-30 23:02:07 Image size of job updated: 1616908
	1580  -  MemoryUsage of job (MB)
	1616908  -  ResidentSetSize of job (KB)
...
006 (78851234.052.000) 2026-09-30 23:07:08 Image size of job updated: 1618160
	1581  -  MemoryUsage of job (MB)
	1618160  -  ResidentSetSize of job (KB)
...
006 (78851234.052.000) 2026-09-30 23:12:08 Image size of job updated: 1618164
	1581  -  MemoryUsage of job (MB)
	1618164  -  ResidentSetSize of job (KB)
...
006 (78851234.052.000) 2026-09-30 23:17:09 Image size of job updated: 1618168
	1581  -  MemoryUsage of job (MB)
	1618168  -  ResidentSetSize of job (KB)
...
006 (78851234.052.000) 2026-09-30 23:22:09 Image size of job updated: 1619716
	1581  -  MemoryUsage of job (MB)
	1618716  -  ResidentSetSize of job (KB)
...
006 (78851234.052.000) 2026-09-30 23:27:09 Image size of job updated: 1621612
	1584  -  MemoryUsage of job (MB)
	1621612  -  ResidentSetSize of job (KB)
...
006 (78851234.052.000) 2026-09-30 23:32:10 Image size of job updated: 1624020
	1586  -  MemoryUsage of job (MB)
	1624020  -  ResidentSetSize of job (KB)
...
006 (78851234.052.000) 2026-09-30 23:37:10 Image size of job updated: 1624028
	1586  -  MemoryUsage of job (MB)
	1624028  -  ResidentSetSize of job (KB)
...
006 (78851234.052.000) 2026-09-30 23:42:10 Image size of job updated: 1624992
	1586  -  MemoryUsage of job (MB)
	1624028  -  ResidentSetSize of job (KB)
...
006 (78851234.052.000) 2026-09-30 23:52:11 Image size of job updated: 1627684
	1589  -  MemoryUsage of job (MB)
	1626660  -  ResidentSetSize of job (KB)
...
006 (78851234.052.000) 2026-09-30 23:57:12 Image size of job updated: 1627684
	1589  -  MemoryUsage of job (MB)
	1626664  -  ResidentSetSize of job (KB)
...
006 (78851234.052.000) 2026-10-01 00:02:12 Image size of job updated: 1629756
	1592  -  MemoryUsage of job (MB)
	1629756  -  ResidentSetSize of job (KB)
...
006 (78851234.052.000) 2026-10-01 00:07:12 Image size of job updated: 1629760
	1592  -  MemoryUsage of job (MB)
	1629760  -  ResidentSetSize of job (KB)
...
006 (78851234.052.000) 2026-10-01 00:12:13 Image size of job updated: 1631272
	1594  -  MemoryUsage of job (MB)
	1631272  -  ResidentSetSize of job (KB)
...
006 (78851234.052.000) 2026-10-01 00:17:13 Image size of job updated: 1631280
	1594  -  MemoryUsage of job (MB)
	1631280  -  ResidentSetSize of job (KB)
...
006 (78851234.052.000) 2026-10-01 00:22:14 Image size of job updated: 1632904
	1595  -  MemoryUsage of job (MB)
	1632904  -  ResidentSetSize of job (KB)
...
006 (78851234.052.000) 2026-10-01 00:27:14 Image size of job updated: 1632912
	1595  -  MemoryUsage of job (MB)
	1632912  -  ResidentSetSize of job (KB)
...
006 (78851234.052.000) 2026-10-01 00:32:15 Image size of job updated: 1635316
	1597  -  MemoryUsage of job (MB)
	1635316  -  ResidentSetSize of job (KB)
...
006 (78851234.052.000) 2026-10-01 00:37:16 Image size of job updated: 1635340
	1598  -  MemoryUsage of job (MB)
	1635340  -  ResidentSetSize of job (KB)
...
006 (78851234.052.000) 2026-10-01 00:42:16 Image size of job updated: 1638092
	1600  -  MemoryUsage of job (MB)
	1638092  -  ResidentSetSize of job (KB)
...
006 (78851234.052.000) 2026-10-01 00:57:18 Image size of job updated: 1642784
	1602  -  MemoryUsage of job (MB)
	1639756  -  ResidentSetSize of job (KB)
...
006 (78851234.052.000) 2026-10-01 01:02:19 Image size of job updated: 1642784
	1602  -  MemoryUsage of job (MB)
	1639764  -  ResidentSetSize of job (KB)
...
006 (78851234.052.000) 2026-10-01 01:07:19 Image size of job updated: 1642784
	1604  -  MemoryUsage of job (MB)
	1641992  -  ResidentSetSize of job (KB)
...
006 (78851234.052.000) 2026-10-01 01:12:20 Image size of job updated: 1642784
	1604  -  MemoryUsage of job (MB)
	1642000  -  ResidentSetSize of job (KB)
...
006 (78851234.052.000) 2026-10-01 01:17:21 Image size of job updated: 1645012
	1606  -  MemoryUsage of job (MB)
	1643988  -  ResidentSetSize of job (KB)
...
006 (78851234.052.000) 2026-10-01 01:22:21 Image size of job updated: 1645012
	1606  -  MemoryUsage of job (MB)
	1644076  -  ResidentSetSize of job (KB)
...
006 (78851234.052.000) 2026-10-01 01:27:22 Image size of job updated: 1652676
	1614  -  MemoryUsage of job (MB)
	1652676  -  ResidentSetSize of job (KB)
...
006 (78851234.052.000) 2026-10-01 01:32:22 Image size of job updated: 1652688
	1614  -  MemoryUsage of job (MB)
	1652688  -  ResidentSetSize of job (KB)
...
006 (78851234.052.000) 2026-10-01 01:36:45 Image size of job updated: 1655336
	1614  -  MemoryUsage of job (MB)
	1652688  -  ResidentSetSize of job (KB)
...
005 (78851234.052.000) 2026-10-01 01:36:45 Job terminated.
	(1) Normal termination (return value 0)
		Usr 5 00:40:45, Sys 0 00:05:19  -  Run Remote Usage
		Usr 0 00:00:00, Sys 0 00:00:00  -  Run Local Usage
		Usr 5 00:40:45, Sys 0 00:05:19  -  Total Remote Usage
		Usr 0 00:00:00, Sys 0 00:00:00  -  Total Local Usage
	0  -  Run Bytes Sent By Job
	0  -  Run Bytes Received By Job
	0  -  Total Bytes Sent By Job
	0  -  Total Bytes Received By Job
	Partitionable Resources :    Usage  Request Allocated 
	   Cpus                 :    12.16        4         4 
	   Disk (KB)            : 25000       25000     28672 
	   GPUs                 :                           0 
	   Memory (MB)          :  1614        6000      6016 
	   TimeExecute (s)      : 46846                       
	   TimeSlotBusy (s)     : 46846                       
...
000 (78854872.052.000) 2026-10-03 17:21:23 Job submitted from host: <10.14.0.121:9618?addrs=10.14.0.121-9618&alias=ldas-pcdev12.ligo.caltech.edu&noUDP&sock=schedd_623140_c9b4>
...
001 (78854872.052.000) 2026-10-03 17:22:10 Job executing on host: <10.14.7.1:9618?addrs=10.14.7.1-9618&alias=node1501.cluster.ldas.cit&noUDP&sock=startd_30755_f34c>
	SlotName: slot1_3@node1501.cluster.ldas.cit
	CondorScratchDir = "/var/lib/condor/execute/dir_516732/scratch"
	Cpus = 4
	Disk = 28672
	GPUs = 0
	Memory = 6016
...
006 (78854872.052.000) 2026-10-03 17:22:19 Image size of job updated: 131860
	129  -  MemoryUsage of job (MB)
	131860  -  ResidentSetSize of job (KB)
...
006 (78854872.052.000) 2026-10-03 17:22:33 Image size of job updated: 486272
	129  -  MemoryUsage of job (MB)
	131888  -  ResidentSetSize of job (KB)
...
005 (78854872.052.000) 2026-10-03 17:22:33 Job terminated.
	(1) Normal termination (return value 0)
		Usr 0 00:00:12, Sys 0 00:00:00  -  Run Remote Usage
		Usr 0 00:00:00, Sys 0 00:00:00  -  Run Local Usage
		Usr 0 00:00:12, Sys 0 00:00:00  -  Total Remote Usage
		Usr 0 00:00:00, Sys 0 00:00:00  -  Total Local Usage
	0  -  Run Bytes Sent By Job
	0  -  Run Bytes Received By Job
	0  -  Total Bytes Sent By Job
	0  -  Total Bytes Received By Job
	Partitionable Resources :    Usage  Request Allocated 
	   Cpus                 :        0        4         4 
	   Disk (KB)            :    25000    25000     28672 
	   GPUs                 :                           0 
	   Memory (MB)          :      129     6000      6016 
	   TimeExecute (s)      :       23                    
	   TimeSlotBusy (s)     :       23                    
...
000 (78854906.052.000) 2026-10-03 21:36:50 Job submitted from host: <10.14.0.121:9618?addrs=10.14.0.121-9618&alias=ldas-pcdev12.ligo.caltech.edu&noUDP&sock=schedd_623140_c9b4>
...
001 (78854906.052.000) 2026-10-03 21:38:42 Job executing on host: <10.14.8.183:9618?addrs=10.14.8.183-9618&alias=node1933.cluster.ldas.cit&noUDP&sock=startd_34833_1e83>
	SlotName: slot1_3@node1933.cluster.ldas.cit
	CondorScratchDir = "/var/lib/condor/execute/dir_298447/scratch"
	Cpus = 4
	Disk = 28672
	GPUs = 0
	Memory = 6016
...
006 (78854906.052.000) 2026-10-03 21:38:50 Image size of job updated: 157164
	154  -  MemoryUsage of job (MB)
	157164  -  ResidentSetSize of job (KB)
...
006 (78854906.052.000) 2026-10-03 21:39:02 Image size of job updated: 221644
	154  -  MemoryUsage of job (MB)
	157340  -  ResidentSetSize of job (KB)
...
005 (78854906.052.000) 2026-10-03 21:39:02 Job terminated.
	(1) Normal termination (return value 0)
		Usr 0 00:00:10, Sys 0 00:00:00  -  Run Remote Usage
		Usr 0 00:00:00, Sys 0 00:00:00  -  Run Local Usage
		Usr 0 00:00:10, Sys 0 00:00:00  -  Total Remote Usage
		Usr 0 00:00:00, Sys 0 00:00:00  -  Total Local Usage
	0  -  Run Bytes Sent By Job
	0  -  Run Bytes Received By Job
	0  -  Total Bytes Sent By Job
	0  -  Total Bytes Received By Job
	Partitionable Resources :    Usage  Request Allocated 
	   Cpus                 :        0        4         4 
	   Disk (KB)            :    25000    25000     28672 
	   GPUs                 :                           0 
	   Memory (MB)          :      154     6000      6016 
	   TimeExecute (s)      :       20                    
	   TimeSlotBusy (s)     :       21                    
...
000 (78855135.052.000) 2026-10-04 13:44:56 Job submitted from host: <10.14.0.121:9618?addrs=10.14.0.121-9618&alias=ldas-pcdev12.ligo.caltech.edu&noUDP&sock=schedd_623140_c9b4>
...
001 (78855135.052.000) 2026-10-04 13:49:18 Job executing on host: <10.14.4.62:9618?addrs=10.14.4.62-9618&alias=node812.cluster.ldas.cit&noUDP&sock=startd_885917_f3fb>
	SlotName: slot1_9@node812.cluster.ldas.cit
	CondorScratchDir = "/var/lib/condor/execute/dir_1952011/scratch"
	Cpus = 4
	Disk = 28672
	GPUs = 0
	Memory = 6016
...
006 (78855135.052.000) 2026-10-04 13:49:27 Image size of job updated: 168184
	165  -  MemoryUsage of job (MB)
	168184  -  ResidentSetSize of job (KB)
...
006 (78855135.052.000) 2026-10-04 13:49:38 Image size of job updated: 483696
	165  -  MemoryUsage of job (MB)
	168204  -  ResidentSetSize of job (KB)
...
005 (78855135.052.000) 2026-10-04 13:49:38 Job terminated.
	(1) Normal termination (return value 0)
		Usr 0 00:00:17, Sys 0 00:00:01  -  Run Remote Usage
		Usr 0 00:00:00, Sys 0 00:00:00  -  Run Local Usage
		Usr 0 00:00:17, Sys 0 00:00:01  -  Total Remote Usage
		Usr 0 00:00:00, Sys 0 00:00:00  -  Total Local Usage
	0  -  Run Bytes Sent By Job
	0  -  Run Bytes Received By Job
	0  -  Total Bytes Sent By Job
	0  -  Total Bytes Received By Job
	Partitionable Resources :    Usage  Request Allocated 
	   Cpus                 :        0        4         4 
	   Disk (KB)            :    25000    25000     28672 
	   GPUs                 :                           0 
	   Memory (MB)          :      165     6000      6016 
	   TimeExecute (s)      :       20                    
	   TimeSlotBusy (s)     :       21                    
...
