000 (78851234.057.000) 2026-09-30 12:35:31 Job submitted from host: <10.14.0.121:9618?addrs=10.14.0.121-9618&alias=ldas-pcdev12.ligo.caltech.edu&noUDP&sock=schedd_623140_c9b4>
...
001 (78851234.057.000) 2026-09-30 12:36:00 Job executing on host: <10.14.4.19:9618?addrs=10.14.4.19-9618&alias=node769.cluster.ldas.cit&noUDP&sock=startd_1444271_5aec>
	SlotName: slot1_12@node769.cluster.ldas.cit
	CondorScratchDir = "/var/lib/condor/execute/dir_1529079/scratch"
	Cpus = 4
	Disk = 28672
	GPUs = 0
	Memory = 6016
...
006 (78851234.057.000) 2026-09-30 12:36:08 Image size of job updated: 148228
	145  -  MemoryUsage of job (MB)
	148228  -  ResidentSetSize of job (KB)
...
006 (78851234.057.000) 2026-09-30 12:41:08 Image size of job updated: 329748
	323  -  MemoryUsage of job (MB)
	329748  -  ResidentSetSize of job (KB)
...
006 (78851234.057.000) 2026-09-30 12:46:09 Image size of job updated: 330800
	324  -  MemoryUsage of job (MB)
	330800  -  ResidentSetSize of job (KB)
...
006 (78851234.057.000) 2026-09-30 12:51:10 Image size of job updated: 411692
	403  -  MemoryUsage of job (MB)
	411692  -  ResidentSetSize of job (KB)
...
006 (78851234.057.000) 2026-09-30 12:56:10 Image size of job updated: 458892
	449  -  MemoryUsage of job (MB)
	458892  -  ResidentSetSize of job (KB)
...
006 (78851234.057.000) 2026-09-30 13:01:11 Image size of job updated: 496880
	486  -  MemoryUsage of job (MB)
	496880  -  ResidentSetSize of job (KB)
...
006 (78851234.057.000) 2026-09-30 13:06:11 Image size of job updated: 647652
	633  -  MemoryUsage of job (MB)
	647652  -  ResidentSetSize of job (KB)
...
006 (78851234.057.000) 2026-09-30 13:11:11 Image size of job updated: 913396
	892  -  MemoryUsage of job (MB)
	913396  -  ResidentSetSize of job (KB)
...
006 (78851234.057.000) 2026-09-30 13:16:12 Image size of job updated: 1118348
	1093  -  MemoryUsage of job (MB)
	1118348  -  ResidentSetSize of job (KB)
...
006 (78851234.057.000) 2026-09-30 13:21:12 Image size of job updated: 1389748
	1358  -  MemoryUsage of job (MB)
	1389748  -  ResidentSetSize of job (KB)
...
006 (78851234.057.000) 2026-09-30 13:26:13 Image size of job updated: 1534844
	1499  -  MemoryUsage of job (MB)
	1534844  -  ResidentSetSize of job (KB)
...
006 (78851234.057.000) 2026-09-30 13:31:13 Image size of job updated: 1534952
	1499  -  MemoryUsage of job (MB)
	1534844  -  ResidentSetSize of job (KB)
...
006 (78851234.057.000) 2026-09-30 13:41:15 Image size of job updated: 1553636
	1518  -  MemoryUsage of job (MB)
	1553636  -  ResidentSetSize of job (KB)
...
006 (78851234.057.000) 2026-09-30 13:46:15 Image size of job updated: 1553772
	1518  -  MemoryUsage of job (MB)
	1553772  -  ResidentSetSize of job (KB)
...
006 (78851234.057.000) 2026-09-30 13:51:16 Image size of job updated: 1567172
	1531  -  MemoryUsage of job (MB)
	1567172  -  ResidentSetSize of job (KB)
...
006 (78851234.057.000) 2026-09-30 13:56:16 Image size of job updated: 1567328
	1531  -  MemoryUsage of job (MB)
	1567328  -  ResidentSetSize of job (KB)
...
006 (78851234.057.000) 2026-09-30 14:01:17 Image size of job updated: 1567488
	1531  -  MemoryUsage of job (MB)
	1567328  -  ResidentSetSize of job (KB)
...
006 (78851234.057.000) 2026-09-30 14:36:21 Image size of job updated: 1569204
	1531  -  MemoryUsage of job (MB)
	1567328  -  ResidentSetSize of job (KB)
...
006 (78851234.057.000) 2026-09-30 14:56:23 Image size of job updated: 1572744
	1533  -  MemoryUsage of job (MB)
	1569496  -  ResidentSetSize of job (KB)
...
006 (78851234.057.000) 2026-09-30 15:01:24 Image size of job updated: 1572744
	1533  -  MemoryUsage of job (MB)
	1569540  -  ResidentSetSize of job (KB)
...
006 (78851234.057.000) 2026-09-30 15:06:25 Image size of job updated: 1572744
	1533  -  MemoryUsage of job (MB)
	1569572  -  ResidentSetSize of job (KB)
...
006 (78851234.057.000) 2026-09-30 15:11:25 Image size of job updated: 1572744
	1533  -  MemoryUsage of job (MB)
	1569632  -  ResidentSetSize of job (KB)
...
006 (78851234.057.000) 2026-09-30 15:16:26 Image size of job updated: 1572744
	1533  -  MemoryUsage of job (MB)
	1569648  -  ResidentSetSize of job (KB)
...
006 (78851234.057.000) 2026-09-30 15:21:26 Image size of job updated: 1572744
	1533  -  MemoryUsage of job (MB)
	1569672  -  ResidentSetSize of job (KB)
...
006 (78851234.057.000) 2026-09-30 15:26:27 Image size of job updated: 1572744
	1533  -  MemoryUsage of job (MB)
	1569732  -  ResidentSetSize of job (KB)
...
006 (78851234.057.000) 2026-09-30 15:31:28 Image size of job updated: 1572744
	1534  -  MemoryUsage of job (MB)
	1569796  -  ResidentSetSize of job (KB)
...
006 (78851234.057.000) 2026-09-30 15:36:28 Image size of job updated: 1572744
	1535  -  MemoryUsage of job (MB)
	1571112  -  ResidentSetSize of job (KB)
...
006 (78851234.057.000) 2026-09-30 15:41:29 Image size of job updated: 1572744
	1535  -  MemoryUsage of job (MB)
	1571128  -  ResidentSetSize of job (KB)
...
006 (78851234.057.000) 2026-09-30 15:46:29 Image size of job updated: 1572744
	1536  -  MemoryUsage of job (MB)
	1571876  -  ResidentSetSize of job (KB)
...
006 (78851234.057.000) 2026-09-30 15:51:30 Image size of job updated: 1572744
	1536  -  MemoryUsage of job (MB)
	1571948  -  ResidentSetSize of job (KB)
...
006 (78851234.057.000) 2026-09-30 15:56:31 Image size of job updated: 1572744
	1536  -  MemoryUsage of job (MB)
	1571984  -  ResidentSetSize of job (KB)
...
006 (78851234.057.000) 2026-09-30 16:01:31 Image size of job updated: 1572744
	1536  -  MemoryUsage of job (MB)
	1572040  -  ResidentSetSize of job (KB)
...
006 (78851234.057.000) 2026-09-30 16:06:32 Image size of job updated: 1572744
	1536  -  MemoryUsage of job (MB)
	1572140  -  ResidentSetSize of job (KB)
...
006 (78851234.057.000) 2026-09-30 16:11:32 Image size of job updated: 1572744
	1536  -  MemoryUsage of job (MB)
	1572192  -  ResidentSetSize of job (KB)
...
006 (78851234.057.000) 2026-09-30 16:16:33 Image size of job updated: 1572744
	1536  -  MemoryUsage of job (MB)
	1572200  -  ResidentSetSize of job (KB)
...
006 (78851234.057.000) 2026-09-30 16:21:34 Image size of job updated: 1572744
	1536  -  MemoryUsage of job (MB)
	1572256  -  ResidentSetSize of job (KB)
...
006 (78851234.057.000) 2026-09-30 16:26:34 Image size of job updated: 1572744
	1536  -  MemoryUsage of job (MB)
	1572292  -  ResidentSetSize of job (KB)
...
006 (78851234.057.000) 2026-09-30 16:31:35 Image size of job updated: 1574388
	1538  -  MemoryUsage of job (MB)
	1574388  -  ResidentSetSize of job (KB)
...
006 (78851234.057.000) 2026-09-30 16:36:35 Image size of job updated: 1574404
	1538  -  MemoryUsage of job (MB)
	1574404  -  ResidentSetSize of job (KB)
...
006 (78851234.057.000) 2026-09-30 16:41:35 Image size of job updated: 1577684
	1541  -  MemoryUsage of job (MB)
	1577684  -  ResidentSetSize of job (KB)
...
006 (78851234.057.000) 2026-09-30 16:46:36 Image size of job updated: 1577736
	1541  -  MemoryUsage of job (MB)
	1577736  -  ResidentSetSize of job (KB)
...
006 (78851234.057.000) 2026-09-30 16:51:36 Image size of job updated: 1579596
	1543  -  MemoryUsage of job (MB)
	1579596  -  ResidentSetSize of job (KB)
...
006 (78851234.057.000) 2026-09-30 16:56:37 Image size of job updated: 1579608
	1543  -  MemoryUsage of job (MB)
	1579608  -  ResidentSetSize of job (KB)
...
006 (78851234.057.000) 2026-09-30 17:01:37 Image size of job updated: 1583528
	1546  -  MemoryUsage of job (MB)
	1582520  -  ResidentSetSize of job (KB)
...
006 (78851234.057.000) 2026-09-30 17:06:37 Image size of job updated: 1583528
	1546  -  MemoryUsage of job (MB)
	1582548  -  ResidentSetSize of job (KB)
...
006 (78851234.057.000) 2026-09-30 17:11:38 Image size of job updated: 1583528
	1546  -  MemoryUsage of job (MB)
	1582552  -  ResidentSetSize of job (KB)
...
006 (78851234.057.000) 2026-09-30 17:16:38 Image size of job updated: 1583528
	1546  -  MemoryUsage of job (MB)
	1582580  -  ResidentSetSize of job (KB)
...
006 (78851234.057.000) 2026-09-30 17:21:39 Image size of job updated: 1583528
	1546  -  MemoryUsage of job (MB)
	1582588  -  ResidentSetSize of job (KB)
...
006 (78851234.057.000) 2026-09-30 17:26:39 Image size of job updated: 1583528
	1546  -  MemoryUsage of job (MB)
	1582632  -  ResidentSetSize of job (KB)
...
006 (78851234.057.000) 2026-09-30 17:31:40 Image size of job updated: 1583528
	1546  -  MemoryUsage of job (MB)
	1582636  -  ResidentSetSize of job (KB)
...
006 (78851234.057.000) 2026-09-30 17:36:41 Image size of job updated: 1583528
	1546  -  MemoryUsage of job (MB)
	1582648  -  ResidentSetSize of job (KB)
...
006 (78851234.057.000) 2026-09-30 17:41:41 Image size of job updated: 1583528
	1546  -  MemoryUsage of job (MB)
	1583040  -  ResidentSetSize of job (KB)
...
006 (78851234.057.000) 2026-09-30 17:51:42 Image size of job updated: 1583528
	1546  -  MemoryUsage of job (MB)
	1583056  -  ResidentSetSize of job (KB)
...
006 (78851234.057.000) 2026-09-30 17:56:43 Image size of job updated: 1589424
	1553  -  MemoryUsage of job (MB)
	1589412  -  ResidentSetSize of job (KB)
...
006 (78851234.057.000) 2026-09-30 18:01:44 Image size of job updated: 1591672
	1555  -  MemoryUsage of job (MB)
	1591672  -  ResidentSetSize of job (KB)
...
006 (78851234.057.000) 2026-09-30 18:16:45 Image size of job updated: 1599296
	1562  -  MemoryUsage of job (MB)
	1599296  -  ResidentSetSize of job (KB)
...
006 (78851234.057.000) 2026-09-30 18:21:46 Image size of job updated: 1599312
	1562  -  MemoryUsage of job (MB)
	1599312  -  ResidentSetSize of job (KB)
...
006 (78851234.057.000) 2026-09-30 18:26:47 Image size of job updated: 1599320
	1562  -  MemoryUsage of job (MB)
	1599320  -  ResidentSetSize of job (KB)
...
006 (78851234.057.000) 2026-09-30 18:36:48 Image size of job updated: 1604520
	1567  -  MemoryUsage of job (MB)
	1604520  -  ResidentSetSize of job (KB)
...
006 (78851234.057.000) 2026-09-30 18:46:49 Image size of job updated: 1607092
	1570  -  MemoryUsage of job (MB)
	1607092  -  ResidentSetSize of job (KB)
...
006 (78851234.057.000) 2026-09-30 18:51:50 Image size of job updated: 1607100
	1570  -  MemoryUsage of job (MB)
	1607100  -  ResidentSetSize of job (KB)
...
006 (78851234.057.000) 2026-09-30 18:56:50 Image size of job updated: 1607120
	1570  -  MemoryUsage of job (MB)
	1607120  -  ResidentSetSize of job (KB)
...
006 (78851234.057.000) 2026-09-30 19:01:51 Image size of job updated: 1607128
	1570  -  MemoryUsage of job (MB)
	1607128  -  ResidentSetSize of job (KB)
...
006 (78851234.057.000) 2026-09-30 19:06:51 Image size of job updated: 1607132
	1570  -  MemoryUsage of job (MB)
	1607132  -  ResidentSetSize of job (KB)
...
006 (78851234.057.000) 2026-09-30 19:11:51 Image size of job updated: 1611452
	1573  -  MemoryUsage of job (MB)
	1610088  -  ResidentSetSize of job (KB)
...
006 (78851234.057.000) 2026-09-30 19:16:52 Image size of job updated: 1611452
	1573  -  MemoryUsage of job (MB)
	1610104  -  ResidentSetSize of job (KB)
...
006 (78851234.057.000) 2026-09-30 19:21:52 Image size of job updated: 1611452
	1573  -  MemoryUsage of job (MB)
	1610120  -  ResidentSetSize of job (KB)
...
006 (78851234.057.000) 2026-09-30 19:26:53 Image size of job updated: 1611452
	1573  -  MemoryUsage of job (MB)
	1610128  -  ResidentSetSize of job (KB)
...
006 (78851234.057.000) 2026-09-30 19:31:53 Image size of job updated: 1611452
	1573  -  MemoryUsage of job (MB)
	1610144  -  ResidentSetSize of job (KB)
...
006 (78851234.057.000) 2026-09-30 19:41:55 Image size of job updated: 1611452
	1573  -  MemoryUsage of job (MB)
	1610156  -  ResidentSetSize of job (KB)
...
006 (78851234.057.000) 2026-09-30 19:46:55 Image size of job updated: 1611452
	1574  -  MemoryUsage of job (MB)
	1610772  -  ResidentSetSize of job (KB)
...
006 (78851234.057.000) 2026-09-30 19:51:56 Image size of job updated: 1611452
	1574  -  MemoryUsage of job (MB)
	1610784  -  ResidentSetSize of job (KB)
...
006 (78851234.057.000) 2026-09-30 19:56:56 Image size of job updated: 1611452
	1574  -  MemoryUsage of job (MB)
	1610788  -  ResidentSetSize of job (KB)
...
006 (78851234.057.000) 2026-09-30 20:06:58 Image size of job updated: 1611452
	1574  -  MemoryUsage of job (MB)
	1610808  -  ResidentSetSize of job (KB)
...
006 (78851234.057.000) 2026-09-30 20:21:59 Image size of job updated: 1611452
	1574  -  MemoryUsage of job (MB)
	1610816  -  ResidentSetSize of job (KB)
...
006 (78851234.057.000) 2026-09-30 20:27:00 Image size of job updated: 1611452
	1574  -  MemoryUsage of job (MB)
	1610820  -  ResidentSetSize of job (KB)
...
006 (78851234.057.000) 2026-09-30 20:32:01 Image size of job updated: 1611452
	1574  -  MemoryUsage of job (MB)
	1610824  -  ResidentSetSize of job (KB)
...
006 (78851234.057.000) 2026-09-30 20:37:01 Image size of job updated: 1611452
	1574  -  MemoryUsage of job (MB)
	1610992  -  ResidentSetSize of job (KB)
...
006 (78851234.057.000) 2026-09-30 20:42:02 Image size of job updated: 1611452
	1574  -  MemoryUsage of job (MB)
	1610996  -  ResidentSetSize of job (KB)
...
006 (78851234.057.000) 2026-09-30 20:47:02 Image size of job updated: 1611836
	1575  -  MemoryUsage of job (MB)
	1611836  -  ResidentSetSize of job (KB)
...
006 (78851234.057.000) 2026-09-30 20:57:04 Image size of job updated: 1612700
	1575  -  MemoryUsage of job (MB)
	1612700  -  ResidentSetSize of job (KB)
...
006 (78851234.057.000) 2026-09-30 21:02:04 Image size of job updated: 1612708
	1575  -  MemoryUsage of job (MB)
	1612708  -  ResidentSetSize of job (KB)
...
006 (78851234.057.000) 2026-09-30 21:07:05 Image size of job updated: 1612872
	1576  -  MemoryUsage of job (MB)
	1612872  -  ResidentSetSize of job (KB)
...
006 (78851234.057.000) 2026-09-30 21:12:05 Image size of job updated: 1612880
	1576  -  MemoryUsage of job (MB)
	1612880  -  ResidentSetSize of job (KB)
...
006 (78851234.057.000) 2026-09-30 21:17:05 Image size of job updated: 1612888
	1576  -  MemoryUsage of job (MB)
	1612888  -  ResidentSetSize of job (KB)
...
006 (78851234.057.000) 2026-09-30 21:22:06 Image size of job updated: 1612904
	1576  -  MemoryUsage of job (MB)
	1612904  -  ResidentSetSize of job (KB)
...
006 (78851234.057.000) 2026-09-30 21:32:07 Image size of job updated: 1619584
	1578  -  MemoryUsage of job (MB)
	1614924  -  ResidentSetSize of job (KB)
...
006 (78851234.057.000) 2026-09-30 21:37:08 Image size of job updated: 1619584
	1578  -  MemoryUsage of job (MB)
	1614928  -  ResidentSetSize of job (KB)
...
006 (78851234.057.000) 2026-09-30 21:52:09 Image size of job updated: 1619584
	1578  -  MemoryUsage of job (MB)
	1614944  -  ResidentSetSize of job (KB)
...
006 (78851234.057.000) 2026-09-30 22:02:11 Image size of job updated: 1619972
	1583  -  MemoryUsage of job (MB)
	1619972  -  ResidentSetSize of job (KB)
...
006 (78851234.057.000) 2026-09-30 22:12:12 Image size of job updated: 1620008
	1583  -  MemoryUsage of job (MB)
	1620008  -  ResidentSetSize of job (KB)
...
006 (78851234.057.000) 2026-09-30 22:17:12 Image size of job updated: 1620012
	1583  -  MemoryUsage of job (MB)
	1620012  -  ResidentSetSize of job (KB)
...
006 (78851234.057.000) 2026-09-30 22:27:13 Image size of job updated: 1620024
	1583  -  MemoryUsage of job (MB)
	1620024  -  ResidentSetSize of job (KB)
...
006 (78851234.057.000) 2026-09-30 22:32:13 Image size of job updated: 1620060
	1583  -  MemoryUsage of job (MB)
	1620060  -  ResidentSetSize of job (KB)
...
006 (78851234.057.000) 2026-09-30 22:37:14 Image size of job updated: 1620100
	1583  -  MemoryUsage of job (MB)
	1620100  -  ResidentSetSize of job (KB)
...
006 (78851234.057.000) 2026-09-30 22:47:15 Image size of job updated: 1621112
	1584  -  MemoryUsage of job (MB)
	1621112  -  ResidentSetSize of job (KB)
...
006 (78851234.057.000) 2026-09-30 23:02:16 Image size of job updated: 1622708
	1585  -  MemoryUsage of job (MB)
	1622708  -  ResidentSetSize of job (KB)
...
006 (78851234.057.000) 2026-09-30 23:12:17 Image size of job updated: 1623136
	1586  -  MemoryUsage of job (MB)
	1623136  -  ResidentSetSize of job (KB)
...
006 (78851234.057.000) 2026-09-30 23:22:18 Image size of job updated: 1623172
	1586  -  MemoryUsage of job (MB)
	1623172  -  ResidentSetSize of job (KB)
...
006 (78851234.057.000) 2026-09-30 23:32:19 Image size of job updated: 1623204
	1586  -  MemoryUsage of job (MB)
	1623204  -  ResidentSetSize of job (KB)
...
006 (78851234.057.000) 2026-09-30 23:37:20 Image size of job updated: 1623236
	1586  -  MemoryUsage of job (MB)
	1623236  -  ResidentSetSize of job (KB)
...
006 (78851234.057.000) 2026-09-30 23:52:22 Image size of job updated: 1623268
	1586  -  MemoryUsage of job (MB)
	1623268  -  ResidentSetSize of job (KB)
...
006 (78851234.057.000) 2026-09-30 23:57:22 Image size of job updated: 1628212
	1591  -  MemoryUsage of job (MB)
	1628212  -  ResidentSetSize of job (KB)
...
006 (78851234.057.000) 2026-10-01 00:07:23 Image size of job updated: 1629220
	1592  -  MemoryUsage of job (MB)
	1629220  -  ResidentSetSize of job (KB)
...
006 (78851234.057.000) 2026-10-01 00:22:24 Image size of job updated: 1629224
	1592  -  MemoryUsage of job (MB)
	1629224  -  ResidentSetSize of job (KB)
...
006 (78851234.057.000) 2026-10-01 00:27:25 Image size of job updated: 1630248
	1593  -  MemoryUsage of job (MB)
	1630248  -  ResidentSetSize of job (KB)
...
006 (78851234.057.000) 2026-10-01 00:32:25 Image size of job updated: 1630252
	1593  -  MemoryUsage of job (MB)
	1630252  -  ResidentSetSize of job (KB)
...
006 (78851234.057.000) 2026-10-01 00:52:28 Image size of job updated: 1631280
	1594  -  MemoryUsage of job (MB)
	1631280  -  ResidentSetSize of job (KB)
...
006 (78851234.057.000) 2026-10-01 01:02:29 Image size of job updated: 1631284
	1594  -  MemoryUsage of job (MB)
	1631284  -  ResidentSetSize of job (KB)
...
006 (78851234.057.000) 2026-10-01 01:12:30 Image size of job updated: 1632308
	1595  -  MemoryUsage of job (MB)
	1632308  -  ResidentSetSize of job (KB)
...
006 (78851234.057.000) 2026-10-01 01:17:31 Image size of job updated: 1632316
	1595  -  MemoryUsage of job (MB)
	1632316  -  ResidentSetSize of job (KB)
...
006 (78851234.057.000) 2026-10-01 01:22:31 Image size of job updated: 1632332
	1595  -  MemoryUsage of job (MB)
	1632332  -  ResidentSetSize of job (KB)
...
006 (78851234.057.000) 2026-10-01 01:37:33 Image size of job updated: 1632384
	1595  -  MemoryUsage of job (MB)
	1632384  -  ResidentSetSize of job (KB)
...
006 (78851234.057.000) 2026-10-01 01:42:33 Image size of job updated: 1633416
	1596  -  MemoryUsage of job (MB)
	1633416  -  ResidentSetSize of job (KB)
...
006 (78851234.057.000) 2026-10-01 02:02:35 Image size of job updated: 1633452
	1596  -  MemoryUsage of job (MB)
	1633452  -  ResidentSetSize of job (KB)
...
006 (78851234.057.000) 2026-10-01 02:07:36 Image size of job updated: 1633456
	1596  -  MemoryUsage of job (MB)
	1633456  -  ResidentSetSize of job (KB)
...
006 (78851234.057.000) 2026-10-01 02:22:37 Image size of job updated: 1633464
	1596  -  MemoryUsage of job (MB)
	1633464  -  ResidentSetSize of job (KB)
...
006 (78851234.057.000) 2026-10-01 02:32:39 Image size of job updated: 1633468
	1596  -  MemoryUsage of job (MB)
	1633468  -  ResidentSetSize of job (KB)
...
006 (78851234.057.000) 2026-10-01 02:37:39 Image size of job updated: 1633472
	1596  -  MemoryUsage of job (MB)
	1633472  -  ResidentSetSize of job (KB)
...
006 (78851234.057.000) 2026-10-01 02:47:40 Image size of job updated: 1633476
	1596  -  MemoryUsage of job (MB)
	1633476  -  ResidentSetSize of job (KB)
...
006 (78851234.057.000) 2026-10-01 02:52:40 Image size of job updated: 1635524
	1598  -  MemoryUsage of job (MB)
	1635524  -  ResidentSetSize of job (KB)
...
006 (78851234.057.000) 2026-10-01 03:32:45 Image size of job updated: 1635528
	1598  -  MemoryUsage of job (MB)
	1635528  -  ResidentSetSize of job (KB)
...
006 (78851234.057.000) 2026-10-01 03:37:45 Image size of job updated: 1635532
	1598  -  MemoryUsage of job (MB)
	1635532  -  ResidentSetSize of job (KB)
...
006 (78851234.057.000) 2026-10-01 03:47:46 Image size of job updated: 1637580
	1600  -  MemoryUsage of job (MB)
	1637580  -  ResidentSetSize of job (KB)
...
006 (78851234.057.000) 2026-10-01 03:57:47 Image size of job updated: 1637588
	1600  -  MemoryUsage of job (MB)
	1637588  -  ResidentSetSize of job (KB)
...
006 (78851234.057.000) 2026-10-01 04:12:48 Image size of job updated: 1637592
	1600  -  MemoryUsage of job (MB)
	1637592  -  ResidentSetSize of job (KB)
...
006 (78851234.057.000) 2026-10-01 04:32:51 Image size of job updated: 1637604
	1600  -  MemoryUsage of job (MB)
	1637604  -  ResidentSetSize of job (KB)
...
006 (78851234.057.000) 2026-10-01 04:57:54 Image size of job updated: 1639924
	1602  -  MemoryUsage of job (MB)
	1639652  -  ResidentSetSize of job (KB)
...
006 (78851234.057.000) 2026-10-01 05:27:57 Image size of job updated: 1639924
	1602  -  MemoryUsage of job (MB)
	1639664  -  ResidentSetSize of job (KB)
...
006 (78851234.057.000) 2026-10-01 05:32:57 Image size of job updated: 1639924
	1602  -  MemoryUsage of job (MB)
	1639668  -  ResidentSetSize of job (KB)
...
006 (78851234.057.000) 2026-10-01 05:42:58 Image size of job updated: 1641716
	1604  -  MemoryUsage of job (MB)
	1641716  -  ResidentSetSize of job (KB)
...
006 (78851234.057.000) 2026-10-01 05:52:59 Image size of job updated: 1641720
	1604  -  MemoryUsage of job (MB)
	1641716  -  ResidentSetSize of job (KB)
...
006 (78851234.057.000) 2026-10-01 06:33:03 Image size of job updated: 1641720
	1604  -  MemoryUsage of job (MB)
	1641720  -  ResidentSetSize of job (KB)
...
006 (78851234.057.000) 2026-10-01 06:38:04 Image size of job updated: 1641724
	1604  -  MemoryUsage of job (MB)
	1641724  -  ResidentSetSize of job (KB)
...
006 (78851234.057.000) 2026-10-01 06:48:05 Image size of job updated: 1641728
	1604  -  MemoryUsage of job (MB)
	1641728  -  ResidentSetSize of job (KB)
...
006 (78851234.057.000) 2026-10-01 06:58:06 Image size of job updated: 1641732
	1604  -  MemoryUsage of job (MB)
	1641732  -  ResidentSetSize of job (KB)
...
006 (78851234.057.000) 2026-10-01 07:03:07 Image size of job updated: 1641776
	1604  -  MemoryUsage of job (MB)
	1641776  -  ResidentSetSize of job (KB)
...
006 (78851234.057.000) 2026-10-01 07:13:08 Image size of job updated: 1644808
	1607  -  MemoryUsage of job (MB)
	1644808  -  ResidentSetSize of job (KB)
...
006 (78851234.057.000) 2026-10-01 07:18:08 Image size of job updated: 1644812
	1607  -  MemoryUsage of job (MB)
	1644812  -  ResidentSetSize of job (KB)
...
006 (78851234.057.000) 2026-10-01 07:28:10 Image size of job updated: 1644816
	1607  -  MemoryUsage of job (MB)
	1644816  -  ResidentSetSize of job (KB)
...
006 (78851234.057.000) 2026-10-01 07:33:10 Image size of job updated: 1644900
	1607  -  MemoryUsage of job (MB)
	1644900  -  ResidentSetSize of job (KB)
...
006 (78851234.057.000) 2026-10-01 07:38:11 Image size of job updated: 1644904
	1607  -  MemoryUsage of job (MB)
	1644904  -  ResidentSetSize of job (KB)
...
006 (78851234.057.000) 2026-10-01 07:58:13 Image size of job updated: 1645844
	1608  -  MemoryUsage of job (MB)
	1645844  -  ResidentSetSize of job (KB)
...
006 (78851234.057.000) 2026-10-01 08:03:14 Image size of job updated: 1645860
	1608  -  MemoryUsage of job (MB)
	1645860  -  ResidentSetSize of job (KB)
...
006 (78851234.057.000) 2026-10-01 08:08:14 Image size of job updated: 1650168
	1612  -  MemoryUsage of job (MB)
	1650168  -  ResidentSetSize of job (KB)
...
006 (78851234.057.000) 2026-10-01 08:18:16 Image size of job updated: 1655696
	1617  -  MemoryUsage of job (MB)
	1655696  -  ResidentSetSize of job (KB)
...
006 (78851234.057.000) 2026-10-01 10:38:27 Image size of job updated: 1657688
	1619  -  MemoryUsage of job (MB)
	1657688  -  ResidentSetSize of job (KB)
...
006 (78851234.057.000) 2026-10-01 10:43:27 Image size of job updated: 1657704
	1619  -  MemoryUsage of job (MB)
	1657704  -  ResidentSetSize of job (KB)
...
006 (78851234.057.000) 2026-10-01 10:48:28 Image size of job updated: 1658928
	1621  -  MemoryUsage of job (MB)
	1658928  -  ResidentSetSize of job (KB)
...
006 (78851234.057.000) 2026-10-01 10:58:29 Image size of job updated: 1662768
	1621  -  MemoryUsage of job (MB)
	1658928  -  ResidentSetSize of job (KB)
...
006 (78851234.057.000) 2026-10-01 11:38:33 Image size of job updated: 1662768
	1622  -  MemoryUsage of job (MB)
	1660656  -  ResidentSetSize of job (KB)
...
006 (78851234.057.000) 2026-10-01 11:58:35 Image size of job updated: 1662768
	1622  -  MemoryUsage of job (MB)
	1660660  -  ResidentSetSize of job (KB)
...
004 (78851234.057.000) 2026-10-01 12:39:31 Job was evicted. Code 1019 Subcode 0
	(0) CPU times
		Usr 6 21:07:25, Sys 0 00:06:01  -  Run Remote Usage
		Usr 0 00:00:00, Sys 0 00:00:00  -  Run Local Usage
	0  -  Run Bytes Sent By Job
	0  -  Run Bytes Received By Job
	Reason: Preempted for a Priority user
	Partitionable Resources :    Usage  Request Allocated 
	   Cpus                 :     7.57        4         4 
	   Disk (KB)            : 25000       25000     28672 
	   GPUs                 :                           0 
	   Memory (MB)          :  1622        6000      6016 
	   TimeExecute (s)      : 86610                       
	   TimeSlotBusy (s)     : 86611                       
...
001 (78851234.057.000) 2026-10-01 12:39:35 Job executing on host: <10.14.10.54:9618?addrs=10.14.10.54-9618&alias=node2304.cluster.ldas.cit&noUDP&sock=startd_3092958_8159>
	SlotName: slot1_24@node2304.cluster.ldas.cit
	CondorScratchDir = "/var/lib/condor/execute/dir_3754602/scratch"
	Cpus = 4
	Disk = 28672
	GPUs = 0
	Memory = 6016
...
006 (78851234.057.000) 2026-10-01 22:15:39 Image size of job updated: 1750824
	1710  -  MemoryUsage of job (MB)
	1750824  -  ResidentSetSize of job (KB)
...
006 (78851234.057.000) 2026-10-01 22:20:40 Image size of job updated: 1750828
	1710  -  MemoryUsage of job (MB)
	1750828  -  ResidentSetSize of job (KB)
...
006 (78851234.057.000) 2026-10-01 22:35:41 Image size of job updated: 1751868
	1710  -  MemoryUsage of job (MB)
	1750828  -  ResidentSetSize of job (KB)
...
006 (78851234.057.000) 2026-10-01 22:45:42 Image size of job updated: 1752052
	1710  -  MemoryUsage of job (MB)
	1751028  -  ResidentSetSize of job (KB)
...
006 (78851234.057.000) 2026-10-01 22:50:42 Image size of job updated: 1752052
	1711  -  MemoryUsage of job (MB)
	1751060  -  ResidentSetSize of job (KB)
...
006 (78851234.057.000) 2026-10-01 22:55:42 Image size of job updated: 1752972
	1712  -  MemoryUsage of job (MB)
	1752972  -  ResidentSetSize of job (KB)
...
006 (78851234.057.000) 2026-10-01 23:00:43 Image size of job updated: 1752980
	1712  -  MemoryUsage of job (MB)
	1752980  -  ResidentSetSize of job (KB)
...
006 (78851234.057.000) 2026-10-01 23:05:43 Image size of job updated: 1754016
	1713  -  MemoryUsage of job (MB)
	1754016  -  ResidentSetSize of job (KB)
...
006 (78851234.057.000) 2026-10-01 23:10:44 Image size of job updated: 1754024
	1713  -  MemoryUsage of job (MB)
	1754024  -  ResidentSetSize of job (KB)
...
006 (78851234.057.000) 2026-10-01 23:15:45 Image size of job updated: 1754028
	1713  -  MemoryUsage of job (MB)
	1754028  -  ResidentSetSize of job (KB)
...
006 (78851234.057.000) 2026-10-01 23:40:47 Image size of job updated: 1755256
	1713  -  MemoryUsage of job (MB)
	1754028  -  ResidentSetSize of job (KB)
...
006 (78851234.057.000) 2026-10-01 23:50:48 Image size of job updated: 1755900
	1713  -  MemoryUsage of job (MB)
	1754028  -  ResidentSetSize of job (KB)
...
006 (78851234.057.000) 2026-10-02 00:00:49 Image size of job updated: 1756100
	1714  -  MemoryUsage of job (MB)
	1754476  -  ResidentSetSize of job (KB)
...
006 (78851234.057.000) 2026-10-02 00:05:50 Image size of job updated: 1756100
	1714  -  MemoryUsage of job (MB)
	1754484  -  ResidentSetSize of job (KB)
...
006 (78851234.057.000) 2026-10-02 00:10:50 Image size of job updated: 1756100
	1714  -  MemoryUsage of job (MB)
	1754492  -  ResidentSetSize of job (KB)
...
006 (78851234.057.000) 2026-10-02 00:15:51 Image size of job updated: 1757140
	1715  -  MemoryUsage of job (MB)
	1755192  -  ResidentSetSize of job (KB)
...
006 (78851234.057.000) 2026-10-02 00:20:52 Image size of job updated: 1757140
	1715  -  MemoryUsage of job (MB)
	1755208  -  ResidentSetSize of job (KB)
...
006 (78851234.057.000) 2026-10-02 00:25:52 Image size of job updated: 1761408
	1720  -  MemoryUsage of job (MB)
	1760420  -  ResidentSetSize of job (KB)
...
006 (78851234.057.000) 2026-10-02 00:35:53 Image size of job updated: 1761432
	1720  -  MemoryUsage of job (MB)
	1760796  -  ResidentSetSize of job (KB)
...
006 (78851234.057.000) 2026-10-02 00:40:54 Image size of job updated: 1761432
	1720  -  MemoryUsage of job (MB)
	1760824  -  ResidentSetSize of job (KB)
...
006 (78851234.057.000) 2026-10-02 00:45:54 Image size of job updated: 1762560
	1722  -  MemoryUsage of job (MB)
	1762500  -  ResidentSetSize of job (KB)
...
006 (78851234.057.000) 2026-10-02 00:50:54 Image size of job updated: 1762560
	1722  -  MemoryUsage of job (MB)
	1762504  -  ResidentSetSize of job (KB)
...
006 (78851234.057.000) 2026-10-02 00:55:55 Image size of job updated: 1763292
	1722  -  MemoryUsage of job (MB)
	1762504  -  ResidentSetSize of job (KB)
...
006 (78851234.057.000) 2026-10-02 01:05:56 Image size of job updated: 1764592
	1723  -  MemoryUsage of job (MB)
	1763568  -  ResidentSetSize of job (KB)
...
006 (78851234.057.000) 2026-10-02 01:10:57 Image size of job updated: 1764592
	1723  -  MemoryUsage of job (MB)
	1763572  -  ResidentSetSize of job (KB)
...
006 (78851234.057.000) 2026-10-02 01:15:57 Image size of job updated: 1764592
	1723  -  MemoryUsage of job (MB)
	1763580  -  ResidentSetSize of job (KB)
...
006 (78851234.057.000) 2026-10-02 01:20:58 Image size of job updated: 1766652
	1725  -  MemoryUsage of job (MB)
	1765632  -  ResidentSetSize of job (KB)
...
006 (78851234.057.000) 2026-10-02 01:25:58 Image size of job updated: 1766652
	1725  -  MemoryUsage of job (MB)
	1765656  -  ResidentSetSize of job (KB)
...
006 (78851234.057.000) 2026-10-02 01:30:58 Image size of job updated: 1768400
	1726  -  MemoryUsage of job (MB)
	1767416  -  ResidentSetSize of job (KB)
...
006 (78851234.057.000) 2026-10-02 01:35:59 Image size of job updated: 1768400
	1727  -  MemoryUsage of job (MB)
	1767432  -  ResidentSetSize of job (KB)
...
006 (78851234.057.000) 2026-10-02 01:40:59 Image size of job updated: 1769484
	1727  -  MemoryUsage of job (MB)
	1767432  -  ResidentSetSize of job (KB)
...
006 (78851234.057.000) 2026-10-02 01:51:00 Image size of job updated: 1769484
	1727  -  MemoryUsage of job (MB)
	1767552  -  ResidentSetSize of job (KB)
...
006 (78851234.057.000) 2026-10-02 02:01:01 Image size of job updated: 1769496
	1727  -  MemoryUsage of job (MB)
	1767552  -  ResidentSetSize of job (KB)
...
006 (78851234.057.000) 2026-10-02 02:11:02 Image size of job updated: 1769496
	1728  -  MemoryUsage of job (MB)
	1768976  -  ResidentSetSize of job (KB)
...
006 (78851234.057.000) 2026-10-02 02:16:03 Image size of job updated: 1769496
	1728  -  MemoryUsage of job (MB)
	1768984  -  ResidentSetSize of job (KB)
...
006 (78851234.057.000) 2026-10-02 02:21:04 Image size of job updated: 1772352
	1728  -  MemoryUsage of job (MB)
	1768984  -  ResidentSetSize of job (KB)
...
006 (78851234.057.000) 2026-10-02 02:36:05 Image size of job updated: 1772352
	1730  -  MemoryUsage of job (MB)
	1771292  -  ResidentSetSize of job (KB)
...
006 (78851234.057.000) 2026-10-02 02:41:05 Image size of job updated: 1772352
	1730  -  MemoryUsage of job (MB)
	1771312  -  ResidentSetSize of job (KB)
...
006 (78851234.057.000) 2026-10-02 02:46:06 Image size of job updated: 1773460
	1731  -  MemoryUsage of job (MB)
	1772436  -  ResidentSetSize of job (KB)
...
006 (78851234.057.000) 2026-10-02 03:26:08 Image size of job updated: 1774028
	1732  -  MemoryUsage of job (MB)
	1773032  -  ResidentSetSize of job (KB)
...
006 (78851234.057.000) 2026-10-02 03:32:01 Image size of job updated: 1774748
	1732  -  MemoryUsage of job (MB)
	1773032  -  ResidentSetSize of job (KB)
...
005 (78851234.057.000) 2026-10-02 03:32:01 Job terminated.
	(1) Normal termination (return value 0)
		Usr 6 06:51:36, Sys 0 00:08:39  -  Run Remote Usage
		Usr 0 00:00:00, Sys 0 00:00:00  -  Run Local Usage
		Usr 13 03:59:01, Sys 0 00:14:40  -  Total Remote Usage
		Usr 0 00:00:00, Sys 0 00:00:00  -  Total Local Usage
	0  -  Run Bytes Sent By Job
	0  -  Run Bytes Received By Job
	0  -  Total Bytes Sent By Job
	0  -  Total Bytes Received By Job
	Partitionable Resources :    Usage  Request Allocated 
	   Cpus                 :    15.83        4         4 
	   Disk (KB)            : 25000       25000     28672 
	   GPUs                 :                           0 
	   Memory (MB)          :  1732        6000      6016 
	   TimeExecute (s)      : 53546                       
	   TimeSlotBusy (s)     : 53546                       
...
000 (78854872.057.000) 2026-10-03 17:21:23 Job submitted from host: <10.14.0.121:9618?addrs=10.14.0.121-9618&alias=ldas-pcdev12.ligo.caltech.edu&noUDP&sock=schedd_623140_c9b4>
...
001 (78854872.057.000) 2026-10-03 17:22:11 Job executing on host: <10.14.7.29:9618?addrs=10.14.7.29-9618&alias=node1529.cluster.ldas.cit&noUDP&sock=startd_30914_02db>
	SlotName: slot1_2@node1529.cluster.ldas.cit
	CondorScratchDir = "/var/lib/condor/execute/dir_465166/scratch"
	Cpus = 4
	Disk = 28672
	GPUs = 0
	Memory = 6016
...
006 (78854872.057.000) 2026-10-03 17:22:19 Image size of job updated: 114848
	113  -  MemoryUsage of job (MB)
	114848  -  ResidentSetSize of job (KB)
...
006 (78854872.057.000) 2026-10-03 17:22:34 Image size of job updated: 490216
	113  -  MemoryUsage of job (MB)
	114848  -  ResidentSetSize of job (KB)
...
005 (78854872.057.000) 2026-10-03 17:22:34 Job terminated.
	(1) Normal termination (return value 0)
		Usr 0 00:00:13, Sys 0 00:00:00  -  Run Remote Usage
		Usr 0 00:00:00, Sys 0 00:00:00  -  Run Local Usage
		Usr 0 00:00:13, Sys 0 00:00:00  -  Total Remote Usage
		Usr 0 00:00:00, Sys 0 00:00:00  -  Total Local Usage
	0  -  Run Bytes Sent By Job
	0  -  Run Bytes Received By Job
	0  -  Total Bytes Sent By Job
	0  -  Total Bytes Received By Job
	Partitionable Resources :    Usage  Request Allocated 
	   Cpus                 :        0        4         4 
	   Disk (KB)            :    25000    25000     28672 
	   GPUs                 :                           0 
	   Memory (MB)          :      113     6000      6016 
	   TimeExecute (s)      :       23                    
	   TimeSlotBusy (s)     :       24                    
...
000 (78854906.057.000) 2026-10-03 21:36:50 Job submitted from host: <10.14.0.121:9618?addrs=10.14.0.121-9618&alias=ldas-pcdev12.ligo.caltech.edu&noUDP&sock=schedd_623140_c9b4>
...
001 (78854906.057.000) 2026-10-03 21:38:41 Job executing on host: <10.14.5.105:9618?addrs=10.14.5.105-9618&alias=node1105.cluster.ldas.cit&noUDP&sock=startd_152928_776a>
	SlotName: slot1_2@node1105.cluster.ldas.cit
	CondorScratchDir = "/var/lib/condor/execute/dir_772573/scratch"
	Cpus = 4
	Disk = 28672
	GPUs = 0
	Memory = 6016
...
006 (78854906.057.000) 2026-10-03 21:38:50 Image size of job updated: 162492
	159  -  MemoryUsage of job (MB)
	162492  -  ResidentSetSize of job (KB)
...
006 (78854906.057.000) 2026-10-03 21:39:02 Image size of job updated: 490460
	159  -  MemoryUsage of job (MB)
	162492  -  ResidentSetSize of job (KB)
...
005 (78854906.057.000) 2026-10-03 21:39:02 Job terminated.
	(1) Normal termination (return value 0)
		Usr 0 00:00:10, Sys 0 00:00:00  -  Run Remote Usage
		Usr 0 00:00:00, Sys 0 00:00:00  -  Run Local Usage
		Usr 0 00:00:10, Sys 0 00:00:00  -  Total Remote Usage
		Usr 0 00:00:00, Sys 0 00:00:00  -  Total Local Usage
	0  -  Run Bytes Sent By Job
	0  -  Run Bytes Received By Job
	0  -  Total Bytes Sent By Job
	0  -  Total Bytes Received By Job
	Partitionable Resources :    Usage  Request Allocated 
	   Cpus                 :        0        4         4 
	   Disk (KB)            :    25000    25000     28672 
	   GPUs                 :                           0 
	   Memory (MB)          :      159     6000      6016 
	   TimeExecute (s)      :       21                    
	   TimeSlotBusy (s)     :       21                    
...
000 (78855135.057.000) 2026-10-04 13:44:56 Job submitted from host: <10.14.0.121:9618?addrs=10.14.0.121-9618&alias=ldas-pcdev12.ligo.caltech.edu&noUDP&sock=schedd_623140_c9b4>
...
001 (78855135.057.000) 2026-10-04 13:49:17 Job executing on host: <10.14.5.167:9618?addrs=10.14.5.167-9618&alias=node1167.cluster.ldas.cit&noUDP&sock=startd_76171_8c81>
	SlotName: slot1_1@node1167.cluster.ldas.cit
	CondorScratchDir = "/var/lib/condor/execute/dir_883961/scratch"
	Cpus = 4
	Disk = 28672
	GPUs = 0
	Memory = 6016
...
006 (78855135.057.000) 2026-10-04 13:49:27 Image size of job updated: 414816
	406  -  MemoryUsage of job (MB)
	414816  -  ResidentSetSize of job (KB)
...
006 (78855135.057.000) 2026-10-04 13:49:31 Image size of job updated: 435296
	418  -  MemoryUsage of job (MB)
	427104  -  ResidentSetSize of job (KB)
...
005 (78855135.057.000) 2026-10-04 13:49:31 Job terminated.
	(1) Normal termination (return value 0)
		Usr 0 00:00:09, Sys 0 00:00:00  -  Run Remote Usage
		Usr 0 00:00:00, Sys 0 00:00:00  -  Run Local Usage
		Usr 0 00:00:09, Sys 0 00:00:00  -  Total Remote Usage
		Usr 0 00:00:00, Sys 0 00:00:00  -  Total Local Usage
	0  -  Run Bytes Sent By Job
	0  -  Run Bytes Received By Job
	0  -  Total Bytes Sent By Job
	0  -  Total Bytes Received By Job
	Partitionable Resources :    Usage  Request Allocated 
	   Cpus                 :                 4         4 
	   Disk (KB)            :    25000    25000     28672 
	   GPUs                 :                           0 
	   Memory (MB)          :      418     6000      6016 
	   TimeExecute (s)      :       14                    
	   TimeSlotBusy (s)     :       14                    
...
