000 (78851234.058.000) 2026-09-30 12:35:31 Job submitted from host: <10.14.0.121:9618?addrs=10.14.0.121-9618&alias=ldas-pcdev12.ligo.caltech.edu&noUDP&sock=schedd_623140_c9b4>
...
001 (78851234.058.000) 2026-09-30 12:35:59 Job executing on host: <10.14.10.10:9618?addrs=10.14.10.10-9618&alias=node2260.cluster.ldas.cit&noUDP&sock=startd_108070_9c0e>
	SlotName: slot1_16@node2260.cluster.ldas.cit
	CondorScratchDir = "/var/lib/condor/execute/dir_375570/scratch"
	Cpus = 4
	Disk = 28672
	GPUs = 0
	Memory = 6016
...
006 (78851234.058.000) 2026-09-30 12:36:08 Image size of job updated: 158380
	155  -  MemoryUsage of job (MB)
	158380  -  ResidentSetSize of job (KB)
...
006 (78851234.058.000) 2026-09-30 12:41:08 Image size of job updated: 347436
	340  -  MemoryUsage of job (MB)
	347436  -  ResidentSetSize of job (KB)
...
006 (78851234.058.000) 2026-09-30 12:46:08 Image size of job updated: 347924
	340  -  MemoryUsage of job (MB)
	347924  -  ResidentSetSize of job (KB)
...
006 (78851234.058.000) 2026-09-30 12:51:09 Image size of job updated: 461408
	451  -  MemoryUsage of job (MB)
	461408  -  ResidentSetSize of job (KB)
...
006 (78851234.058.000) 2026-09-30 12:56:09 Image size of job updated: 461920
	452  -  MemoryUsage of job (MB)
	461920  -  ResidentSetSize of job (KB)
...
006 (78851234.058.000) 2026-09-30 13:01:10 Image size of job updated: 472804
	462  -  MemoryUsage of job (MB)
	472804  -  ResidentSetSize of job (KB)
...
006 (78851234.058.000) 2026-09-30 13:06:10 Image size of job updated: 472960
	462  -  MemoryUsage of job (MB)
	472960  -  ResidentSetSize of job (KB)
...
006 (78851234.058.000) 2026-09-30 13:11:11 Image size of job updated: 482888
	472  -  MemoryUsage of job (MB)
	482888  -  ResidentSetSize of job (KB)
...
006 (78851234.058.000) 2026-09-30 13:16:12 Image size of job updated: 482960
	472  -  MemoryUsage of job (MB)
	482960  -  ResidentSetSize of job (KB)
...
006 (78851234.058.000) 2026-09-30 13:21:12 Image size of job updated: 484756
	474  -  MemoryUsage of job (MB)
	484756  -  ResidentSetSize of job (KB)
...
006 (78851234.058.000) 2026-09-30 13:26:13 Image size of job updated: 484820
	474  -  MemoryUsage of job (MB)
	484820  -  ResidentSetSize of job (KB)
...
006 (78851234.058.000) 2026-09-30 13:31:13 Image size of job updated: 484860
	474  -  MemoryUsage of job (MB)
	484820  -  ResidentSetSize of job (KB)
...
006 (78851234.058.000) 2026-09-30 13:41:14 Image size of job updated: 488748
	478  -  MemoryUsage of job (MB)
	488748  -  ResidentSetSize of job (KB)
...
006 (78851234.058.000) 2026-09-30 13:46:15 Image size of job updated: 488948
	478  -  MemoryUsage of job (MB)
	488948  -  ResidentSetSize of job (KB)
...
006 (78851234.058.000) 2026-09-30 13:51:16 Image size of job updated: 490924
	480  -  MemoryUsage of job (MB)
	490924  -  ResidentSetSize of job (KB)
...
006 (78851234.058.000) 2026-09-30 13:56:16 Image size of job updated: 491296
	480  -  MemoryUsage of job (MB)
	491296  -  ResidentSetSize of job (KB)
...
006 (78851234.058.000) 2026-09-30 14:01:17 Image size of job updated: 492172
	481  -  MemoryUsage of job (MB)
	492172  -  ResidentSetSize of job (KB)
...
006 (78851234.058.000) 2026-09-30 14:06:17 Image size of job updated: 492360
	481  -  MemoryUsage of job (MB)
	492360  -  ResidentSetSize of job (KB)
...
006 (78851234.058.000) 2026-09-30 14:11:18 Image size of job updated: 492400
	481  -  MemoryUsage of job (MB)
	492400  -  ResidentSetSize of job (KB)
...
006 (78851234.058.000) 2026-09-30 14:16:18 Image size of job updated: 508184
	497  -  MemoryUsage of job (MB)
	508184  -  ResidentSetSize of job (KB)
...
006 (78851234.058.000) 2026-09-30 14:21:18 Image size of job updated: 508416
	497  -  MemoryUsage of job (MB)
	508416  -  ResidentSetSize of job (KB)
...
006 (78851234.058.000) 2026-09-30 14:26:19 Image size of job updated: 522960
	509  -  MemoryUsage of job (MB)
	520972  -  ResidentSetSize of job (KB)
...
006 (78851234.058.000) 2026-09-30 14:31:19 Image size of job updated: 522960
	509  -  MemoryUsage of job (MB)
	521024  -  ResidentSetSize of job (KB)
...
006 (78851234.058.000) 2026-09-30 14:36:20 Image size of job updated: 522960
	510  -  MemoryUsage of job (MB)
	521220  -  ResidentSetSize of job (KB)
...
006 (78851234.058.000) 2026-09-30 14:41:20 Image size of job updated: 522960
	510  -  MemoryUsage of job (MB)
	521256  -  ResidentSetSize of job (KB)
...
006 (78851234.058.000) 2026-09-30 14:46:20 Image size of job updated: 524408
	513  -  MemoryUsage of job (MB)
	524408  -  ResidentSetSize of job (KB)
...
006 (78851234.058.000) 2026-09-30 14:51:21 Image size of job updated: 524440
	513  -  MemoryUsage of job (MB)
	524440  -  ResidentSetSize of job (KB)
...
006 (78851234.058.000) 2026-09-30 14:56:21 Image size of job updated: 524652
	513  -  MemoryUsage of job (MB)
	524652  -  ResidentSetSize of job (KB)
...
006 (78851234.058.000) 2026-09-30 15:01:22 Image size of job updated: 524832
	513  -  MemoryUsage of job (MB)
	524832  -  ResidentSetSize of job (KB)
...
006 (78851234.058.000) 2026-09-30 15:06:22 Image size of job updated: 525032
	513  -  MemoryUsage of job (MB)
	524832  -  ResidentSetSize of job (KB)
...
006 (78851234.058.000) 2026-09-30 15:16:24 Image size of job updated: 530600
	519  -  MemoryUsage of job (MB)
	530600  -  ResidentSetSize of job (KB)
...
006 (78851234.058.000) 2026-09-30 15:21:24 Image size of job updated: 577996
	565  -  MemoryUsage of job (MB)
	577996  -  ResidentSetSize of job (KB)
...
006 (78851234.058.000) 2026-09-30 15:26:25 Image size of job updated: 578016
	565  -  MemoryUsage of job (MB)
	578016  -  ResidentSetSize of job (KB)
...
006 (78851234.058.000) 2026-09-30 15:31:25 Image size of job updated: 578024
	565  -  MemoryUsage of job (MB)
	578024  -  ResidentSetSize of job (KB)
...
006 (78851234.058.000) 2026-09-30 15:36:26 Image size of job updated: 578040
	565  -  MemoryUsage of job (MB)
	578040  -  ResidentSetSize of job (KB)
...
006 (78851234.058.000) 2026-09-30 15:41:26 Image size of job updated: 578936
	566  -  MemoryUsage of job (MB)
	578936  -  ResidentSetSize of job (KB)
...
006 (78851234.058.000) 2026-09-30 15:46:26 Image size of job updated: 840892
	822  -  MemoryUsage of job (MB)
	840892  -  ResidentSetSize of job (KB)
...
006 (78851234.058.000) 2026-09-30 15:51:27 Image size of job updated: 1091788
	1067  -  MemoryUsage of job (MB)
	1091788  -  ResidentSetSize of job (KB)
...
006 (78851234.058.000) 2026-09-30 15:56:27 Image size of job updated: 1355952
	1325  -  MemoryUsage of job (MB)
	1355952  -  ResidentSetSize of job (KB)
...
006 (78851234.058.000) 2026-09-30 16:01:28 Image size of job updated: 1604268
	1567  -  MemoryUsage of job (MB)
	1604268  -  ResidentSetSize of job (KB)
...
006 (78851234.058.000) 2026-09-30 16:06:28 Image size of job updated: 1761548
	1721  -  MemoryUsage of job (MB)
	1761548  -  ResidentSetSize of job (KB)
...
006 (78851234.058.000) 2026-09-30 16:11:29 Image size of job updated: 1761556
	1721  -  MemoryUsage of job (MB)
	1761556  -  ResidentSetSize of job (KB)
...
006 (78851234.058.000) 2026-09-30 16:16:30 Image size of job updated: 1761568
	1721  -  MemoryUsage of job (MB)
	1761568  -  ResidentSetSize of job (KB)
...
006 (78851234.058.000) 2026-09-30 16:21:30 Image size of job updated: 1761584
	1721  -  MemoryUsage of job (MB)
	1761584  -  ResidentSetSize of job (KB)
...
006 (78851234.058.000) 2026-09-30 16:26:31 Image size of job updated: 1761592
	1721  -  MemoryUsage of job (MB)
	1761592  -  ResidentSetSize of job (KB)
...
006 (78851234.058.000) 2026-09-30 16:31:31 Image size of job updated: 1761600
	1721  -  MemoryUsage of job (MB)
	1761600  -  ResidentSetSize of job (KB)
...
006 (78851234.058.000) 2026-09-30 16:36:32 Image size of job updated: 1761608
	1721  -  MemoryUsage of job (MB)
	1761608  -  ResidentSetSize of job (KB)
...
006 (78851234.058.000) 2026-09-30 16:41:33 Image size of job updated: 1761620
	1721  -  MemoryUsage of job (MB)
	1761620  -  ResidentSetSize of job (KB)
...
006 (78851234.058.000) 2026-09-30 16:46:33 Image size of job updated: 1761636
	1721  -  MemoryUsage of job (MB)
	1761636  -  ResidentSetSize of job (KB)
...
006 (78851234.058.000) 2026-09-30 16:51:34 Image size of job updated: 1761644
	1721  -  MemoryUsage of job (MB)
	1761644  -  ResidentSetSize of job (KB)
...
006 (78851234.058.000) 2026-09-30 16:56:34 Image size of job updated: 1761648
	1721  -  MemoryUsage of job (MB)
	1761648  -  ResidentSetSize of job (KB)
...
006 (78851234.058.000) 2026-09-30 17:01:34 Image size of job updated: 1761656
	1721  -  MemoryUsage of job (MB)
	1761656  -  ResidentSetSize of job (KB)
...
006 (78851234.058.000) 2026-09-30 17:06:35 Image size of job updated: 1761668
	1721  -  MemoryUsage of job (MB)
	1761668  -  ResidentSetSize of job (KB)
...
006 (78851234.058.000) 2026-09-30 17:11:35 Image size of job updated: 1761680
	1721  -  MemoryUsage of job (MB)
	1761680  -  ResidentSetSize of job (KB)
...
006 (78851234.058.000) 2026-09-30 17:16:36 Image size of job updated: 1761692
	1721  -  MemoryUsage of job (MB)
	1761692  -  ResidentSetSize of job (KB)
...
006 (78851234.058.000) 2026-09-30 17:21:36 Image size of job updated: 1761704
	1721  -  MemoryUsage of job (MB)
	1761704  -  ResidentSetSize of job (KB)
...
006 (78851234.058.000) 2026-09-30 17:26:37 Image size of job updated: 1761708
	1721  -  MemoryUsage of job (MB)
	1761708  -  ResidentSetSize of job (KB)
...
006 (78851234.058.000) 2026-09-30 17:31:37 Image size of job updated: 1761724
	1721  -  MemoryUsage of job (MB)
	1761724  -  ResidentSetSize of job (KB)
...
006 (78851234.058.000) 2026-09-30 17:41:39 Image size of job updated: 1761732
	1721  -  MemoryUsage of job (MB)
	1761732  -  ResidentSetSize of job (KB)
...
006 (78851234.058.000) 2026-09-30 17:46:39 Image size of job updated: 1767728
	1727  -  MemoryUsage of job (MB)
	1767728  -  ResidentSetSize of job (KB)
...
006 (78851234.058.000) 2026-09-30 17:51:40 Image size of job updated: 1767732
	1727  -  MemoryUsage of job (MB)
	1767732  -  ResidentSetSize of job (KB)
...
006 (78851234.058.000) 2026-09-30 17:56:40 Image size of job updated: 1767748
	1727  -  MemoryUsage of job (MB)
	1767748  -  ResidentSetSize of job (KB)
...
006 (78851234.058.000) 2026-09-30 18:01:41 Image size of job updated: 1767768
	1727  -  MemoryUsage of job (MB)
	1767768  -  ResidentSetSize of job (KB)
...
006 (78851234.058.000) 2026-09-30 18:06:41 Image size of job updated: 1767776
	1727  -  MemoryUsage of job (MB)
	1767776  -  ResidentSetSize of job (KB)
...
006 (78851234.058.000) 2026-09-30 18:11:41 Image size of job updated: 1769792
	1729  -  MemoryUsage of job (MB)
	1769792  -  ResidentSetSize of job (KB)
...
006 (78851234.058.000) 2026-09-30 18:16:42 Image size of job updated: 1769796
	1729  -  MemoryUsage of job (MB)
	1769796  -  ResidentSetSize of job (KB)
...
006 (78851234.058.000) 2026-09-30 18:21:42 Image size of job updated: 1769804
	1729  -  MemoryUsage of job (MB)
	1769796  -  ResidentSetSize of job (KB)
...
006 (78851234.058.000) 2026-09-30 18:46:44 Image size of job updated: 1769844
	1729  -  MemoryUsage of job (MB)
	1769844  -  ResidentSetSize of job (KB)
...
006 (78851234.058.000) 2026-09-30 18:56:45 Image size of job updated: 1769856
	1729  -  MemoryUsage of job (MB)
	1769856  -  ResidentSetSize of job (KB)
...
006 (78851234.058.000) 2026-09-30 19:01:45 Image size of job updated: 1769868
	1729  -  MemoryUsage of job (MB)
	1769868  -  ResidentSetSize of job (KB)
...
006 (78851234.058.000) 2026-09-30 19:06:46 Image size of job updated: 1769872
	1729  -  MemoryUsage of job (MB)
	1769872  -  ResidentSetSize of job (KB)
...
006 (78851234.058.000) 2026-09-30 19:36:49 Image size of job updated: 1769876
	1729  -  MemoryUsage of job (MB)
	1769876  -  ResidentSetSize of job (KB)
...
006 (78851234.058.000) 2026-09-30 19:46:51 Image size of job updated: 1769884
	1729  -  MemoryUsage of job (MB)
	1769884  -  ResidentSetSize of job (KB)
...
006 (78851234.058.000) 2026-09-30 19:51:51 Image size of job updated: 1770892
	1729  -  MemoryUsage of job (MB)
	1769884  -  ResidentSetSize of job (KB)
...
006 (78851234.058.000) 2026-09-30 19:56:52 Image size of job updated: 1770892
	1729  -  MemoryUsage of job (MB)
	1769888  -  ResidentSetSize of job (KB)
...
006 (78851234.058.000) 2026-09-30 20:01:52 Image size of job updated: 1770892
	1730  -  MemoryUsage of job (MB)
	1770888  -  ResidentSetSize of job (KB)
...
006 (78851234.058.000) 2026-09-30 20:06:52 Image size of job updated: 1770896
	1730  -  MemoryUsage of job (MB)
	1770896  -  ResidentSetSize of job (KB)
...
006 (78851234.058.000) 2026-09-30 20:11:53 Image size of job updated: 1771196
	1730  -  MemoryUsage of job (MB)
	1771196  -  ResidentSetSize of job (KB)
...
006 (78851234.058.000) 2026-09-30 20:16:53 Image size of job updated: 1774948
	1732  -  MemoryUsage of job (MB)
	1772932  -  ResidentSetSize of job (KB)
...
006 (78851234.058.000) 2026-09-30 20:21:54 Image size of job updated: 1774948
	1732  -  MemoryUsage of job (MB)
	1772936  -  ResidentSetSize of job (KB)
...
006 (78851234.058.000) 2026-09-30 20:26:54 Image size of job updated: 1775088
	1734  -  MemoryUsage of job (MB)
	1774956  -  ResidentSetSize of job (KB)
...
006 (78851234.058.000) 2026-09-30 20:46:56 Image size of job updated: 1775088
	1734  -  MemoryUsage of job (MB)
	1774964  -  ResidentSetSize of job (KB)
...
006 (78851234.058.000) 2026-09-30 20:56:56 Image size of job updated: 1775972
	1735  -  MemoryUsage of job (MB)
	1775972  -  ResidentSetSize of job (KB)
...
006 (78851234.058.000) 2026-09-30 21:06:57 Image size of job updated: 1775980
	1735  -  MemoryUsage of job (MB)
	1775980  -  ResidentSetSize of job (KB)
...
006 (78851234.058.000) 2026-09-30 21:21:58 Image size of job updated: 1778004
	1736  -  MemoryUsage of job (MB)
	1776996  -  ResidentSetSize of job (KB)
...
006 (78851234.058.000) 2026-09-30 21:37:00 Image size of job updated: 1778004
	1736  -  MemoryUsage of job (MB)
	1777000  -  ResidentSetSize of job (KB)
...
006 (78851234.058.000) 2026-09-30 21:47:01 Image size of job updated: 1782088
	1741  -  MemoryUsage of job (MB)
	1782088  -  ResidentSetSize of job (KB)
...
006 (78851234.058.000) 2026-09-30 21:52:02 Image size of job updated: 1782092
	1741  -  MemoryUsage of job (MB)
	1782092  -  ResidentSetSize of job (KB)
...
006 (78851234.058.000) 2026-09-30 21:57:02 Image size of job updated: 1782096
	1741  -  MemoryUsage of job (MB)
	1782096  -  ResidentSetSize of job (KB)
...
006 (78851234.058.000) 2026-09-30 22:02:03 Image size of job updated: 1782100
	1741  -  MemoryUsage of job (MB)
	1782100  -  ResidentSetSize of job (KB)
...
006 (78851234.058.000) 2026-09-30 22:32:06 Image size of job updated: 1784120
	1742  -  MemoryUsage of job (MB)
	1783112  -  ResidentSetSize of job (KB)
...
006 (78851234.058.000) 2026-09-30 22:47:07 Image size of job updated: 1785676
	1744  -  MemoryUsage of job (MB)
	1785676  -  ResidentSetSize of job (KB)
...
006 (78851234.058.000) 2026-09-30 22:57:08 Image size of job updated: 1785680
	1744  -  MemoryUsage of job (MB)
	1785680  -  ResidentSetSize of job (KB)
...
006 (78851234.058.000) 2026-09-30 23:12:10 Image size of job updated: 1785684
	1744  -  MemoryUsage of job (MB)
	1785684  -  ResidentSetSize of job (KB)
...
006 (78851234.058.000) 2026-09-30 23:17:11 Image size of job updated: 1785692
	1744  -  MemoryUsage of job (MB)
	1785692  -  ResidentSetSize of job (KB)
...
006 (78851234.058.000) 2026-09-30 23:27:11 Image size of job updated: 1785696
	1744  -  MemoryUsage of job (MB)
	1785696  -  ResidentSetSize of job (KB)
...
006 (78851234.058.000) 2026-09-30 23:32:12 Image size of job updated: 1785700
	1744  -  MemoryUsage of job (MB)
	1785700  -  ResidentSetSize of job (KB)
...
006 (78851234.058.000) 2026-10-01 00:27:17 Image size of job updated: 1791148
	1750  -  MemoryUsage of job (MB)
	1791148  -  ResidentSetSize of job (KB)
...
006 (78851234.058.000) 2026-10-01 00:37:18 Image size of job updated: 1791152
	1750  -  MemoryUsage of job (MB)
	1791152  -  ResidentSetSize of job (KB)
...
006 (78851234.058.000) 2026-10-01 00:52:20 Image size of job updated: 1791156
	1750  -  MemoryUsage of job (MB)
	1791156  -  ResidentSetSize of job (KB)
...
006 (78851234.058.000) 2026-10-01 00:57:20 Image size of job updated: 1791160
	1750  -  MemoryUsage of job (MB)
	1791160  -  ResidentSetSize of job (KB)
...
006 (78851234.058.000) 2026-10-01 01:07:21 Image size of job updated: 1791164
	1750  -  MemoryUsage of job (MB)
	1791164  -  ResidentSetSize of job (KB)
...
006 (78851234.058.000) 2026-10-01 01:12:21 Image size of job updated: 1791172
	1750  -  MemoryUsage of job (MB)
	1791172  -  ResidentSetSize of job (KB)
...
006 (78851234.058.000) 2026-10-01 01:22:22 Image size of job updated: 1791180
	1750  -  MemoryUsage of job (MB)
	1791180  -  ResidentSetSize of job (KB)
...
006 (78851234.058.000) 2026-10-01 01:27:23 Image size of job updated: 1791184
	1750  -  MemoryUsage of job (MB)
	1791184  -  ResidentSetSize of job (KB)
...
006 (78851234.058.000) 2026-10-01 01:42:25 Image size of job updated: 1791188
	1750  -  MemoryUsage of job (MB)
	1791188  -  ResidentSetSize of job (KB)
...
006 (78851234.058.000) 2026-10-01 01:47:25 Image size of job updated: 1791192
	1750  -  MemoryUsage of job (MB)
	1791188  -  ResidentSetSize of job (KB)
...
006 (78851234.058.000) 2026-10-01 01:57:27 Image size of job updated: 1793348
	1752  -  MemoryUsage of job (MB)
	1793348  -  ResidentSetSize of job (KB)
...
006 (78851234.058.000) 2026-10-01 02:07:28 Image size of job updated: 1794216
	1752  -  MemoryUsage of job (MB)
	1793348  -  ResidentSetSize of job (KB)
...
006 (78851234.058.000) 2026-10-01 03:17:36 Image size of job updated: 1795308
	1754  -  MemoryUsage of job (MB)
	1795308  -  ResidentSetSize of job (KB)
...
006 (78851234.058.000) 2026-10-01 03:27:37 Image size of job updated: 1796764
	1755  -  MemoryUsage of job (MB)
	1796764  -  ResidentSetSize of job (KB)
...
006 (78851234.058.000) 2026-10-01 03:42:39 Image size of job updated: 1797356
	1756  -  MemoryUsage of job (MB)
	1797356  -  ResidentSetSize of job (KB)
...
006 (78851234.058.000) 2026-10-01 03:52:40 Image size of job updated: 1797524
	1756  -  MemoryUsage of job (MB)
	1797524  -  ResidentSetSize of job (KB)
...
006 (78851234.058.000) 2026-10-01 03:57:41 Image size of job updated: 1797528
	1756  -  MemoryUsage of job (MB)
	1797528  -  ResidentSetSize of job (KB)
...
006 (78851234.058.000) 2026-10-01 04:02:41 Image size of job updated: 1800308
	1759  -  MemoryUsage of job (MB)
	1800308  -  ResidentSetSize of job (KB)
...
006 (78851234.058.000) 2026-10-01 04:27:44 Image size of job updated: 1800416
	1759  -  MemoryUsage of job (MB)
	1800416  -  ResidentSetSize of job (KB)
...
006 (78851234.058.000) 2026-10-01 04:32:45 Image size of job updated: 1800420
	1759  -  MemoryUsage of job (MB)
	1800420  -  ResidentSetSize of job (KB)
...
006 (78851234.058.000) 2026-10-01 04:37:45 Image size of job updated: 1801336
	1760  -  MemoryUsage of job (MB)
	1801336  -  ResidentSetSize of job (KB)
...
006 (78851234.058.000) 2026-10-01 04:47:46 Image size of job updated: 1801340
	1760  -  MemoryUsage of job (MB)
	1801340  -  ResidentSetSize of job (KB)
...
006 (78851234.058.000) 2026-10-01 04:52:46 Image size of job updated: 1801344
	1760  -  MemoryUsage of job (MB)
	1801344  -  ResidentSetSize of job (KB)
...
006 (78851234.058.000) 2026-10-01 05:02:47 Image size of job updated: 1801348
	1760  -  MemoryUsage of job (MB)
	1801348  -  ResidentSetSize of job (KB)
...
006 (78851234.058.000) 2026-10-01 05:52:52 Image size of job updated: 1801352
	1760  -  MemoryUsage of job (MB)
	1801352  -  ResidentSetSize of job (KB)
...
006 (78851234.058.000) 2026-10-01 06:02:53 Image size of job updated: 1801356
	1760  -  MemoryUsage of job (MB)
	1801356  -  ResidentSetSize of job (KB)
...
006 (78851234.058.000) 2026-10-01 06:12:55 Image size of job updated: 1801380
	1760  -  MemoryUsage of job (MB)
	1801380  -  ResidentSetSize of job (KB)
...
006 (78851234.058.000) 2026-10-01 06:27:55 Image size of job updated: 1802384
	1761  -  MemoryUsage of job (MB)
	1802384  -  ResidentSetSize of job (KB)
...
006 (78851234.058.000) 2026-10-01 06:32:56 Image size of job updated: 1802388
	1761  -  MemoryUsage of job (MB)
	1802388  -  ResidentSetSize of job (KB)
...
006 (78851234.058.000) 2026-10-01 06:47:57 Image size of job updated: 1802396
	1761  -  MemoryUsage of job (MB)
	1802396  -  ResidentSetSize of job (KB)
...
006 (78851234.058.000) 2026-10-01 06:57:58 Image size of job updated: 1807240
	1765  -  MemoryUsage of job (MB)
	1807240  -  ResidentSetSize of job (KB)
...
006 (78851234.058.000) 2026-10-01 07:02:58 Image size of job updated: 1807248
	1765  -  MemoryUsage of job (MB)
	1807248  -  ResidentSetSize of job (KB)
...
006 (78851234.058.000) 2026-10-01 07:12:59 Image size of job updated: 1808264
	1765  -  MemoryUsage of job (MB)
	1807248  -  ResidentSetSize of job (KB)
...
006 (78851234.058.000) 2026-10-01 09:28:11 Image size of job updated: 1813872
	1772  -  MemoryUsage of job (MB)
	1813872  -  ResidentSetSize of job (KB)
...
006 (78851234.058.000) 2026-10-01 09:48:13 Image size of job updated: 1813876
	1772  -  MemoryUsage of job (MB)
	1813876  -  ResidentSetSize of job (KB)
...
006 (78851234.058.000) 2026-10-01 10:13:16 Image size of job updated: 1814900
	1773  -  MemoryUsage of job (MB)
	1814900  -  ResidentSetSize of job (KB)
...
006 (78851234.058.000) 2026-10-01 10:28:17 Image size of job updated: 1815924
	1774  -  MemoryUsage of job (MB)
	1815924  -  ResidentSetSize of job (KB)
...
006 (78851234.058.000) 2026-10-01 10:58:19 Image size of job updated: 1815928
	1774  -  MemoryUsage of job (MB)
	1815928  -  ResidentSetSize of job (KB)
...
006 (78851234.058.000) 2026-10-01 11:33:22 Image size of job updated: 1815932
	1774  -  MemoryUsage of job (MB)
	1815932  -  ResidentSetSize of job (KB)
...
006 (78851234.058.000) 2026-10-01 11:48:24 Image size of job updated: 1816956
	1775  -  MemoryUsage of job (MB)
	1816956  -  ResidentSetSize of job (KB)
...
006 (78851234.058.000) 2026-10-01 12:13:27 Image size of job updated: 1817980
	1776  -  MemoryUsage of job (MB)
	1817980  -  ResidentSetSize of job (KB)
...
006 (78851234.058.000) 2026-10-01 12:23:28 Image size of job updated: 1817984
	1776  -  MemoryUsage of job (MB)
	1817984  -  ResidentSetSize of job (KB)
...
006 (78851234.058.000) 2026-10-01 13:03:33 Image size of job updated: 1819008
	1777  -  MemoryUsage of job (MB)
	1819008  -  ResidentSetSize of job (KB)
...
006 (78851234.058.000) 2026-10-01 13:48:38 Image size of job updated: 1820032
	1778  -  MemoryUsage of job (MB)
	1820032  -  ResidentSetSize of job (KB)
...
006 (78851234.058.000) 2026-10-01 14:23:42 Image size of job updated: 1820072
	1778  -  MemoryUsage of job (MB)
	1820072  -  ResidentSetSize of job (KB)
...
006 (78851234.058.000) 2026-10-01 14:28:43 Image size of job updated: 1820080
	1778  -  MemoryUsage of job (MB)
	1820080  -  ResidentSetSize of job (KB)
...
006 (78851234.058.000) 2026-10-01 15:33:49 Image size of job updated: 1826752
	1784  -  MemoryUsage of job (MB)
	1826752  -  ResidentSetSize of job (KB)
...
006 (78851234.058.000) 2026-10-01 15:38:49 Image size of job updated: 1826760
	1784  -  MemoryUsage of job (MB)
	1826760  -  ResidentSetSize of job (KB)
...
006 (78851234.058.000) 2026-10-01 15:48:50 Image size of job updated: 1832632
	1790  -  MemoryUsage of job (MB)
	1832632  -  ResidentSetSize of job (KB)
...
006 (78851234.058.000) 2026-10-01 15:58:52 Image size of job updated: 1834100
	1792  -  MemoryUsage of job (MB)
	1834100  -  ResidentSetSize of job (KB)
...
006 (78851234.058.000) 2026-10-01 16:03:52 Image size of job updated: 1834108
	1792  -  MemoryUsage of job (MB)
	1834108  -  ResidentSetSize of job (KB)
...
006 (78851234.058.000) 2026-10-01 16:08:53 Image size of job updated: 1835132
	1793  -  MemoryUsage of job (MB)
	1835132  -  ResidentSetSize of job (KB)
...
006 (78851234.058.000) 2026-10-01 16:23:54 Image size of job updated: 1835148
	1793  -  MemoryUsage of job (MB)
	1835132  -  ResidentSetSize of job (KB)
...
006 (78851234.058.000) 2026-10-01 16:33:55 Image size of job updated: 1835148
	1793  -  MemoryUsage of job (MB)
	1835136  -  ResidentSetSize of job (KB)
...
006 (78851234.058.000) 2026-10-01 16:42:00 Image size of job updated: 1836160
	1793  -  MemoryUsage of job (MB)
	1835136  -  ResidentSetSize of job (KB)
...
004 (78851234.058.000) 2026-10-01 16:42:00 Job was evicted. Code 1019 Subcode 0
	(0) CPU times
		Usr 7 19:36:15, Sys 0 00:06:20  -  Run Remote Usage
		Usr 0 00:00:00, Sys 0 00:00:00  -  Run Local Usage
	0  -  Run Bytes Sent By Job
	0  -  Run Bytes Received By Job
	Reason: Preempted for a Priority user
	Partitionable Resources :     Usage  Request Allocated 
	   Cpus                 :      9.74        4         4 
	   Disk (KB)            :  25000       25000     28672 
	   GPUs                 :                            0 
	   Memory (MB)          :   1793        6000      6016 
	   TimeExecute (s)      : 101161                       
	   TimeSlotBusy (s)     : 101161                       
...
001 (78851234.058.000) 2026-10-01 16:47:32 Job executing on host: <10.14.4.41:9618?addrs=10.14.4.41-9618&alias=node791.cluster.ldas.cit&noUDP&sock=startd_2090273_feba>
	SlotName: slot1_7@node791.cluster.ldas.cit
	CondorScratchDir = "/var/lib/condor/execute/dir_2369543/scratch"
	Cpus = 4
	Disk = 28672
	GPUs = 0
	Memory = 6016
...
004 (78851234.058.000) 2026-10-02 22:06:49 Job was evicted. Code 1019 Subcode 0
	(0) CPU times
		Usr 8 07:56:50, Sys 0 00:07:21  -  Run Remote Usage
		Usr 0 00:00:00, Sys 0 00:00:00  -  Run Local Usage
	0  -  Run Bytes Sent By Job
	0  -  Run Bytes Received By Job
	Reason: Preempted for a Priority user
	Partitionable Resources :     Usage  Request Allocated 
	   Cpus                 :     10.33        4         4 
	   Disk (KB)            :  25000       25000     28672 
	   GPUs                 :                            0 
	   Memory (MB)          :   1954        6000      6016 
	   TimeExecute (s)      : 105557                       
	   TimeSlotBusy (s)     : 105557                       
...
001 (78851234.058.000) 2026-10-02 22:07:20 Job executing on host: <10.14.7.2:9618?addrs=10.14.7.2-9618&alias=node1502.cluster.ldas.cit&noUDP&sock=startd_30197_3573>
	SlotName: slot1_2@node1502.cluster.ldas.cit
	CondorScratchDir = "/var/lib/condor/execute/dir_467789/scratch"
	Cpus = 4
	Disk = 28672
	GPUs = 0
	Memory = 6016
...
005 (78851234.058.000) 2026-10-03 15:37:15 Job terminated.
	(1) Normal termination (return value 0)
		Usr 4 02:17:44, Sys 0 00:24:49  -  Run Remote Usage
		Usr 0 00:00:00, Sys 0 00:00:00  -  Run Local Usage
		Usr 20 05:50:49, Sys 0 00:38:30  -  Total Remote Usage
		Usr 0 00:00:00, Sys 0 00:00:00  -  Total Local Usage
	0  -  Run Bytes Sent By Job
	0  -  Run Bytes Received By Job
	0  -  Total Bytes Sent By Job
	0  -  Total Bytes Received By Job
	Partitionable Resources :    Usage  Request Allocated 
	   Cpus                 :     4.69        4         4 
	   Disk (KB)            : 25000       25000     28672 
	   GPUs                 :                           0 
	   Memory (MB)          :  1954        6000      6016 
	   TimeExecute (s)      : 62995                       
	   TimeSlotBusy (s)     : 62995                       
...
000 (78854872.058.000) 2026-10-03 17:21:23 Job submitted from host: <10.14.0.121:9618?addrs=10.14.0.121-9618&alias=ldas-pcdev12.ligo.caltech.edu&noUDP&sock=schedd_623140_c9b4>
...
001 (78854872.058.000) 2026-10-03 17:22:11 Job executing on host: <10.14.6.144:9618?addrs=10.14.6.144-9618&alias=node1394.cluster.ldas.cit&noUDP&sock=startd_33814_2b81>
	SlotName: slot1_3@node1394.cluster.ldas.cit
	CondorScratchDir = "/var/lib/condor/execute/dir_731199/scratch"
	Cpus = 4
	Disk = 28672
	GPUs = 0
	Memory = 6016
...
006 (78854872.058.000) 2026-10-03 17:22:19 Image size of job updated: 117916
	116  -  MemoryUsage of job (MB)
	117916  -  ResidentSetSize of job (KB)
...
006 (78854872.058.000) 2026-10-03 17:22:34 Image size of job updated: 496544
	116  -  MemoryUsage of job (MB)
	117916  -  ResidentSetSize of job (KB)
...
005 (78854872.058.000) 2026-10-03 17:22:35 Job terminated.
	(1) Normal termination (return value 0)
		Usr 0 00:00:12, Sys 0 00:00:00  -  Run Remote Usage
		Usr 0 00:00:00, Sys 0 00:00:00  -  Run Local Usage
		Usr 0 00:00:12, Sys 0 00:00:00  -  Total Remote Usage
		Usr 0 00:00:00, Sys 0 00:00:00  -  Total Local Usage
	0  -  Run Bytes Sent By Job
	0  -  Run Bytes Received By Job
	0  -  Total Bytes Sent By Job
	0  -  Total Bytes Received By Job
	Partitionable Resources :    Usage  Request Allocated 
	   Cpus                 :        0        4         4 
	   Disk (KB)            :    25000    25000     28672 
	   GPUs                 :                           0 
	   Memory (MB)          :      116     6000      6016 
	   TimeExecute (s)      :       23                    
	   TimeSlotBusy (s)     :       24                    
...
000 (78854906.058.000) 2026-10-03 21:36:50 Job submitted from host: <10.14.0.121:9618?addrs=10.14.0.121-9618&alias=ldas-pcdev12.ligo.caltech.edu&noUDP&sock=schedd_623140_c9b4>
...
001 (78854906.058.000) 2026-10-03 21:38:42 Job executing on host: <10.14.6.246:9618?addrs=10.14.6.246-9618&alias=node1496.cluster.ldas.cit&noUDP&sock=startd_30137_0dc5>
	SlotName: slot1_2@node1496.cluster.ldas.cit
	CondorScratchDir = "/var/lib/condor/execute/dir_460821/scratch"
	Cpus = 4
	Disk = 28672
	GPUs = 0
	Memory = 6016
...
006 (78854906.058.000) 2026-10-03 21:38:50 Image size of job updated: 166676
	163  -  MemoryUsage of job (MB)
	166676  -  ResidentSetSize of job (KB)
...
006 (78854906.058.000) 2026-10-03 21:39:02 Image size of job updated: 497556
	163  -  MemoryUsage of job (MB)
	166676  -  ResidentSetSize of job (KB)
...
005 (78854906.058.000) 2026-10-03 21:39:02 Job terminated.
	(1) Normal termination (return value 0)
		Usr 0 00:00:11, Sys 0 00:00:00  -  Run Remote Usage
		Usr 0 00:00:00, Sys 0 00:00:00  -  Run Local Usage
		Usr 0 00:00:11, Sys 0 00:00:00  -  Total Remote Usage
		Usr 0 00:00:00, Sys 0 00:00:00  -  Total Local Usage
	0  -  Run Bytes Sent By Job
	0  -  Run Bytes Received By Job
	0  -  Total Bytes Sent By Job
	0  -  Total Bytes Received By Job
	Partitionable Resources :    Usage  Request Allocated 
	   Cpus                 :        0        4         4 
	   Disk (KB)            :    25000    25000     28672 
	   GPUs                 :                           0 
	   Memory (MB)          :      163     6000      6016 
	   TimeExecute (s)      :       20                    
	   TimeSlotBusy (s)     :       21                    
...
000 (78855135.058.000) 2026-10-04 13:44:56 Job submitted from host: <10.14.0.121:9618?addrs=10.14.0.121-9618&alias=ldas-pcdev12.ligo.caltech.edu&noUDP&sock=schedd_623140_c9b4>
...
001 (78855135.058.000) 2026-10-04 13:49:17 Job executing on host: <10.14.5.124:9618?addrs=10.14.5.124-9618&alias=node1124.cluster.ldas.cit&noUDP&sock=startd_75050_a2d6>
	SlotName: slot1_1@node1124.cluster.ldas.cit
	CondorScratchDir = "/var/lib/condor/execute/dir_840553/scratch"
	Cpus = 4
	Disk = 28672
	GPUs = 0
	Memory = 6016
...
006 (78855135.058.000) 2026-10-04 13:49:27 Image size of job updated: 206404
	202  -  MemoryUsage of job (MB)
	206404  -  ResidentSetSize of job (KB)
...
006 (78855135.058.000) 2026-10-04 13:49:32 Image size of job updated: 497572
	202  -  MemoryUsage of job (MB)
	206408  -  ResidentSetSize of job (KB)
...
005 (78855135.058.000) 2026-10-04 13:49:32 Job terminated.
	(1) Normal termination (return value 0)
		Usr 0 00:00:10, Sys 0 00:00:00  -  Run Remote Usage
		Usr 0 00:00:00, Sys 0 00:00:00  -  Run Local Usage
		Usr 0 00:00:10, Sys 0 00:00:00  -  Total Remote Usage
		Usr 0 00:00:00, Sys 0 00:00:00  -  Total Local Usage
	0  -  Run Bytes Sent By Job
	0  -  Run Bytes Received By Job
	0  -  Total Bytes Sent By Job
	0  -  Total Bytes Received By Job
	Partitionable Resources :    Usage  Request Allocated 
	   Cpus                 :                 4         4 
	   Disk (KB)            :    25000    25000     28672 
	   GPUs                 :                           0 
	   Memory (MB)          :      202     6000      6016 
	   TimeExecute (s)      :       15                    
	   TimeSlotBusy (s)     :       15                    
...
