000 (78851234.060.000) 2026-09-30 12:35:31 Job submitted from host: <10.14.0.121:9618?addrs=10.14.0.121-9618&alias=ldas-pcdev12.ligo.caltech.edu&noUDP&sock=schedd_623140_c9b4>
...
001 (78851234.060.000) 2026-09-30 12:35:59 Job executing on host: <10.14.4.82:9618?addrs=10.14.4.82-9618&alias=node832.cluster.ldas.cit&noUDP&sock=startd_2338582_50c9>
	SlotName: slot1_16@node832.cluster.ldas.cit
	CondorScratchDir = "/var/lib/condor/execute/dir_2488220/scratch"
	Cpus = 4
	Disk = 28672
	GPUs = 0
	Memory = 6016
...
006 (78851234.060.000) 2026-09-30 12:36:08 Image size of job updated: 218620
	214  -  MemoryUsage of job (MB)
	218620  -  ResidentSetSize of job (KB)
...
006 (78851234.060.000) 2026-09-30 12:41:08 Image size of job updated: 415204
	406  -  MemoryUsage of job (MB)
	415204  -  ResidentSetSize of job (KB)
...
006 (78851234.060.000) 2026-09-30 12:46:08 Image size of job updated: 416948
	408  -  MemoryUsage of job (MB)
	416948  -  ResidentSetSize of job (KB)
...
006 (78851234.060.000) 2026-09-30 12:51:09 Image size of job updated: 520904
	509  -  MemoryUsage of job (MB)
	520904  -  ResidentSetSize of job (KB)
...
006 (78851234.060.000) 2026-09-30 12:56:09 Image size of job updated: 521128
	509  -  MemoryUsage of job (MB)
	521128  -  ResidentSetSize of job (KB)
...
006 (78851234.060.000) 2026-09-30 13:01:10 Image size of job updated: 537580
	525  -  MemoryUsage of job (MB)
	537580  -  ResidentSetSize of job (KB)
...
006 (78851234.060.000) 2026-09-30 13:06:10 Image size of job updated: 537844
	526  -  MemoryUsage of job (MB)
	537844  -  ResidentSetSize of job (KB)
...
006 (78851234.060.000) 2026-09-30 13:11:10 Image size of job updated: 538512
	526  -  MemoryUsage of job (MB)
	537844  -  ResidentSetSize of job (KB)
...
006 (78851234.060.000) 2026-09-30 13:36:13 Image size of job updated: 538512
	526  -  MemoryUsage of job (MB)
	537948  -  ResidentSetSize of job (KB)
...
006 (78851234.060.000) 2026-09-30 13:41:14 Image size of job updated: 546148
	534  -  MemoryUsage of job (MB)
	546148  -  ResidentSetSize of job (KB)
...
006 (78851234.060.000) 2026-09-30 13:46:14 Image size of job updated: 546220
	534  -  MemoryUsage of job (MB)
	546220  -  ResidentSetSize of job (KB)
...
006 (78851234.060.000) 2026-09-30 13:51:15 Image size of job updated: 548044
	536  -  MemoryUsage of job (MB)
	548044  -  ResidentSetSize of job (KB)
...
006 (78851234.060.000) 2026-09-30 13:56:15 Image size of job updated: 548320
	536  -  MemoryUsage of job (MB)
	548320  -  ResidentSetSize of job (KB)
...
006 (78851234.060.000) 2026-09-30 14:01:15 Image size of job updated: 548452
	536  -  MemoryUsage of job (MB)
	548452  -  ResidentSetSize of job (KB)
...
006 (78851234.060.000) 2026-09-30 14:06:16 Image size of job updated: 549424
	537  -  MemoryUsage of job (MB)
	549424  -  ResidentSetSize of job (KB)
...
006 (78851234.060.000) 2026-09-30 14:11:16 Image size of job updated: 549504
	537  -  MemoryUsage of job (MB)
	549504  -  ResidentSetSize of job (KB)
...
006 (78851234.060.000) 2026-09-30 14:16:17 Image size of job updated: 549572
	537  -  MemoryUsage of job (MB)
	549572  -  ResidentSetSize of job (KB)
...
006 (78851234.060.000) 2026-09-30 14:21:17 Image size of job updated: 549636
	537  -  MemoryUsage of job (MB)
	549636  -  ResidentSetSize of job (KB)
...
006 (78851234.060.000) 2026-09-30 14:26:17 Image size of job updated: 550460
	538  -  MemoryUsage of job (MB)
	550460  -  ResidentSetSize of job (KB)
...
006 (78851234.060.000) 2026-09-30 14:31:18 Image size of job updated: 550520
	538  -  MemoryUsage of job (MB)
	550520  -  ResidentSetSize of job (KB)
...
006 (78851234.060.000) 2026-09-30 14:36:18 Image size of job updated: 550932
	539  -  MemoryUsage of job (MB)
	550932  -  ResidentSetSize of job (KB)
...
006 (78851234.060.000) 2026-09-30 14:41:19 Image size of job updated: 551008
	539  -  MemoryUsage of job (MB)
	551008  -  ResidentSetSize of job (KB)
...
006 (78851234.060.000) 2026-09-30 14:46:19 Image size of job updated: 559672
	547  -  MemoryUsage of job (MB)
	559672  -  ResidentSetSize of job (KB)
...
006 (78851234.060.000) 2026-09-30 14:51:20 Image size of job updated: 559712
	547  -  MemoryUsage of job (MB)
	559712  -  ResidentSetSize of job (KB)
...
006 (78851234.060.000) 2026-09-30 14:56:21 Image size of job updated: 559800
	547  -  MemoryUsage of job (MB)
	559800  -  ResidentSetSize of job (KB)
...
006 (78851234.060.000) 2026-09-30 15:01:21 Image size of job updated: 617744
	604  -  MemoryUsage of job (MB)
	617744  -  ResidentSetSize of job (KB)
...
006 (78851234.060.000) 2026-09-30 15:06:22 Image size of job updated: 617784
	604  -  MemoryUsage of job (MB)
	617784  -  ResidentSetSize of job (KB)
...
006 (78851234.060.000) 2026-09-30 15:11:22 Image size of job updated: 617832
	604  -  MemoryUsage of job (MB)
	617784  -  ResidentSetSize of job (KB)
...
006 (78851234.060.000) 2026-09-30 16:31:30 Image size of job updated: 673856
	659  -  MemoryUsage of job (MB)
	673856  -  ResidentSetSize of job (KB)
...
006 (78851234.060.000) 2026-09-30 16:36:31 Image size of job updated: 826688
	808  -  MemoryUsage of job (MB)
	826688  -  ResidentSetSize of job (KB)
...
006 (78851234.060.000) 2026-09-30 16:41:31 Image size of job updated: 1028264
	1005  -  MemoryUsage of job (MB)
	1028264  -  ResidentSetSize of job (KB)
...
006 (78851234.060.000) 2026-09-30 16:46:31 Image size of job updated: 1181084
	1154  -  MemoryUsage of job (MB)
	1181084  -  ResidentSetSize of job (KB)
...
006 (78851234.060.000) 2026-09-30 16:51:32 Image size of job updated: 1378844
	1347  -  MemoryUsage of job (MB)
	1378844  -  ResidentSetSize of job (KB)
...
006 (78851234.060.000) 2026-09-30 16:56:32 Image size of job updated: 1535672
	1500  -  MemoryUsage of job (MB)
	1535672  -  ResidentSetSize of job (KB)
...
006 (78851234.060.000) 2026-09-30 17:01:33 Image size of job updated: 1679516
	1641  -  MemoryUsage of job (MB)
	1679516  -  ResidentSetSize of job (KB)
...
006 (78851234.060.000) 2026-09-30 17:06:33 Image size of job updated: 1679536
	1641  -  MemoryUsage of job (MB)
	1679536  -  ResidentSetSize of job (KB)
...
006 (78851234.060.000) 2026-09-30 17:11:33 Image size of job updated: 1693368
	1654  -  MemoryUsage of job (MB)
	1693368  -  ResidentSetSize of job (KB)
...
006 (78851234.060.000) 2026-09-30 17:16:34 Image size of job updated: 1693388
	1654  -  MemoryUsage of job (MB)
	1693388  -  ResidentSetSize of job (KB)
...
006 (78851234.060.000) 2026-09-30 19:36:48 Image size of job updated: 1704636
	1665  -  MemoryUsage of job (MB)
	1704636  -  ResidentSetSize of job (KB)
...
006 (78851234.060.000) 2026-09-30 19:46:49 Image size of job updated: 1704644
	1665  -  MemoryUsage of job (MB)
	1704644  -  ResidentSetSize of job (KB)
...
006 (78851234.060.000) 2026-09-30 19:51:50 Image size of job updated: 1708416
	1669  -  MemoryUsage of job (MB)
	1708416  -  ResidentSetSize of job (KB)
...
006 (78851234.060.000) 2026-09-30 19:56:51 Image size of job updated: 1708420
	1669  -  MemoryUsage of job (MB)
	1708420  -  ResidentSetSize of job (KB)
...
006 (78851234.060.000) 2026-09-30 20:11:52 Image size of job updated: 1711592
	1672  -  MemoryUsage of job (MB)
	1711592  -  ResidentSetSize of job (KB)
...
006 (78851234.060.000) 2026-09-30 20:21:54 Image size of job updated: 1711596
	1672  -  MemoryUsage of job (MB)
	1711596  -  ResidentSetSize of job (KB)
...
006 (78851234.060.000) 2026-09-30 20:26:54 Image size of job updated: 1711600
	1672  -  MemoryUsage of job (MB)
	1711600  -  ResidentSetSize of job (KB)
...
006 (78851234.060.000) 2026-09-30 20:31:55 Image size of job updated: 1712528
	1673  -  MemoryUsage of job (MB)
	1712528  -  ResidentSetSize of job (KB)
...
006 (78851234.060.000) 2026-09-30 20:41:55 Image size of job updated: 1712552
	1673  -  MemoryUsage of job (MB)
	1712552  -  ResidentSetSize of job (KB)
...
006 (78851234.060.000) 2026-09-30 20:46:56 Image size of job updated: 1712564
	1673  -  MemoryUsage of job (MB)
	1712564  -  ResidentSetSize of job (KB)
...
006 (78851234.060.000) 2026-09-30 20:51:56 Image size of job updated: 1713736
	1674  -  MemoryUsage of job (MB)
	1713736  -  ResidentSetSize of job (KB)
...
006 (78851234.060.000) 2026-09-30 21:01:57 Image size of job updated: 1713744
	1674  -  MemoryUsage of job (MB)
	1713744  -  ResidentSetSize of job (KB)
...
006 (78851234.060.000) 2026-09-30 21:11:58 Image size of job updated: 1713752
	1674  -  MemoryUsage of job (MB)
	1713752  -  ResidentSetSize of job (KB)
...
006 (78851234.060.000) 2026-09-30 21:16:58 Image size of job updated: 1713756
	1674  -  MemoryUsage of job (MB)
	1713756  -  ResidentSetSize of job (KB)
...
006 (78851234.060.000) 2026-09-30 21:21:59 Image size of job updated: 1713760
	1674  -  MemoryUsage of job (MB)
	1713760  -  ResidentSetSize of job (KB)
...
006 (78851234.060.000) 2026-09-30 21:26:59 Image size of job updated: 1715040
	1675  -  MemoryUsage of job (MB)
	1715040  -  ResidentSetSize of job (KB)
...
006 (78851234.060.000) 2026-09-30 21:37:00 Image size of job updated: 1715880
	1676  -  MemoryUsage of job (MB)
	1715880  -  ResidentSetSize of job (KB)
...
006 (78851234.060.000) 2026-09-30 21:42:00 Image size of job updated: 1715904
	1676  -  MemoryUsage of job (MB)
	1715904  -  ResidentSetSize of job (KB)
...
006 (78851234.060.000) 2026-09-30 21:52:01 Image size of job updated: 1726420
	1686  -  MemoryUsage of job (MB)
	1726420  -  ResidentSetSize of job (KB)
...
006 (78851234.060.000) 2026-09-30 21:57:02 Image size of job updated: 1726436
	1686  -  MemoryUsage of job (MB)
	1726436  -  ResidentSetSize of job (KB)
...
006 (78851234.060.000) 2026-09-30 22:27:04 Image size of job updated: 1728548
	1687  -  MemoryUsage of job (MB)
	1726508  -  ResidentSetSize of job (KB)
...
006 (78851234.060.000) 2026-09-30 22:32:05 Image size of job updated: 1728548
	1687  -  MemoryUsage of job (MB)
	1726516  -  ResidentSetSize of job (KB)
...
006 (78851234.060.000) 2026-09-30 22:37:06 Image size of job updated: 1728548
	1687  -  MemoryUsage of job (MB)
	1726524  -  ResidentSetSize of job (KB)
...
006 (78851234.060.000) 2026-09-30 22:42:06 Image size of job updated: 1728548
	1687  -  MemoryUsage of job (MB)
	1726532  -  ResidentSetSize of job (KB)
...
006 (78851234.060.000) 2026-09-30 22:47:07 Image size of job updated: 1730348
	1690  -  MemoryUsage of job (MB)
	1730348  -  ResidentSetSize of job (KB)
...
006 (78851234.060.000) 2026-09-30 23:02:08 Image size of job updated: 1730528
	1690  -  MemoryUsage of job (MB)
	1730528  -  ResidentSetSize of job (KB)
...
006 (78851234.060.000) 2026-09-30 23:07:09 Image size of job updated: 1730540
	1690  -  MemoryUsage of job (MB)
	1730540  -  ResidentSetSize of job (KB)
...
006 (78851234.060.000) 2026-09-30 23:27:10 Image size of job updated: 1732420
	1692  -  MemoryUsage of job (MB)
	1732420  -  ResidentSetSize of job (KB)
...
006 (78851234.060.000) 2026-09-30 23:42:12 Image size of job updated: 1732428
	1692  -  MemoryUsage of job (MB)
	1732428  -  ResidentSetSize of job (KB)
...
006 (78851234.060.000) 2026-09-30 23:52:13 Image size of job updated: 1732432
	1692  -  MemoryUsage of job (MB)
	1732432  -  ResidentSetSize of job (KB)
...
006 (78851234.060.000) 2026-10-01 00:02:14 Image size of job updated: 1732460
	1692  -  MemoryUsage of job (MB)
	1732460  -  ResidentSetSize of job (KB)
...
006 (78851234.060.000) 2026-10-01 00:07:14 Image size of job updated: 1732464
	1692  -  MemoryUsage of job (MB)
	1732464  -  ResidentSetSize of job (KB)
...
006 (78851234.060.000) 2026-10-01 00:12:15 Image size of job updated: 1737588
	1697  -  MemoryUsage of job (MB)
	1737588  -  ResidentSetSize of job (KB)
...
006 (78851234.060.000) 2026-10-01 00:22:16 Image size of job updated: 1737592
	1697  -  MemoryUsage of job (MB)
	1737592  -  ResidentSetSize of job (KB)
...
006 (78851234.060.000) 2026-10-01 00:27:16 Image size of job updated: 1737596
	1697  -  MemoryUsage of job (MB)
	1737596  -  ResidentSetSize of job (KB)
...
006 (78851234.060.000) 2026-10-01 00:47:18 Image size of job updated: 1737600
	1697  -  MemoryUsage of job (MB)
	1737600  -  ResidentSetSize of job (KB)
...
006 (78851234.060.000) 2026-10-01 00:52:18 Image size of job updated: 1737604
	1697  -  MemoryUsage of job (MB)
	1737604  -  ResidentSetSize of job (KB)
...
006 (78851234.060.000) 2026-10-01 00:57:19 Image size of job updated: 1737612
	1697  -  MemoryUsage of job (MB)
	1737612  -  ResidentSetSize of job (KB)
...
006 (78851234.060.000) 2026-10-01 01:17:20 Image size of job updated: 1737616
	1697  -  MemoryUsage of job (MB)
	1737616  -  ResidentSetSize of job (KB)
...
006 (78851234.060.000) 2026-10-01 01:27:21 Image size of job updated: 1738620
	1698  -  MemoryUsage of job (MB)
	1738620  -  ResidentSetSize of job (KB)
...
006 (78851234.060.000) 2026-10-01 01:32:21 Image size of job updated: 1738632
	1698  -  MemoryUsage of job (MB)
	1738632  -  ResidentSetSize of job (KB)
...
006 (78851234.060.000) 2026-10-01 01:42:22 Image size of job updated: 1738636
	1698  -  MemoryUsage of job (MB)
	1738636  -  ResidentSetSize of job (KB)
...
006 (78851234.060.000) 2026-10-01 01:52:24 Image size of job updated: 1738640
	1698  -  MemoryUsage of job (MB)
	1738640  -  ResidentSetSize of job (KB)
...
006 (78851234.060.000) 2026-10-01 01:57:24 Image size of job updated: 1738644
	1698  -  MemoryUsage of job (MB)
	1738644  -  ResidentSetSize of job (KB)
...
006 (78851234.060.000) 2026-10-01 02:02:25 Image size of job updated: 1738648
	1698  -  MemoryUsage of job (MB)
	1738648  -  ResidentSetSize of job (KB)
...
006 (78851234.060.000) 2026-10-01 02:07:25 Image size of job updated: 1738652
	1698  -  MemoryUsage of job (MB)
	1738652  -  ResidentSetSize of job (KB)
...
006 (78851234.060.000) 2026-10-01 02:17:27 Image size of job updated: 1738660
	1698  -  MemoryUsage of job (MB)
	1738660  -  ResidentSetSize of job (KB)
...
006 (78851234.060.000) 2026-10-01 02:27:28 Image size of job updated: 1738796
	1699  -  MemoryUsage of job (MB)
	1738796  -  ResidentSetSize of job (KB)
...
006 (78851234.060.000) 2026-10-01 02:42:30 Image size of job updated: 1739688
	1699  -  MemoryUsage of job (MB)
	1739688  -  ResidentSetSize of job (KB)
...
006 (78851234.060.000) 2026-10-01 02:52:31 Image size of job updated: 1741092
	1701  -  MemoryUsage of job (MB)
	1741092  -  ResidentSetSize of job (KB)
...
006 (78851234.060.000) 2026-10-01 03:17:34 Image size of job updated: 1741104
	1701  -  MemoryUsage of job (MB)
	1741092  -  ResidentSetSize of job (KB)
...
006 (78851234.060.000) 2026-10-01 03:27:35 Image size of job updated: 1741836
	1702  -  MemoryUsage of job (MB)
	1741836  -  ResidentSetSize of job (KB)
...
006 (78851234.060.000) 2026-10-01 03:37:36 Image size of job updated: 1742124
	1702  -  MemoryUsage of job (MB)
	1742124  -  ResidentSetSize of job (KB)
...
006 (78851234.060.000) 2026-10-01 03:42:37 Image size of job updated: 1742132
	1702  -  MemoryUsage of job (MB)
	1742132  -  ResidentSetSize of job (KB)
...
006 (78851234.060.000) 2026-10-01 03:52:38 Image size of job updated: 1742148
	1702  -  MemoryUsage of job (MB)
	1742140  -  ResidentSetSize of job (KB)
...
006 (78851234.060.000) 2026-10-01 04:02:38 Image size of job updated: 1742832
	1702  -  MemoryUsage of job (MB)
	1742832  -  ResidentSetSize of job (KB)
...
006 (78851234.060.000) 2026-10-01 04:07:39 Image size of job updated: 1742836
	1702  -  MemoryUsage of job (MB)
	1742836  -  ResidentSetSize of job (KB)
...
006 (78851234.060.000) 2026-10-01 04:12:39 Image size of job updated: 1743168
	1703  -  MemoryUsage of job (MB)
	1743168  -  ResidentSetSize of job (KB)
...
006 (78851234.060.000) 2026-10-01 04:37:42 Image size of job updated: 1743172
	1703  -  MemoryUsage of job (MB)
	1743172  -  ResidentSetSize of job (KB)
...
006 (78851234.060.000) 2026-10-01 04:47:43 Image size of job updated: 1746244
	1705  -  MemoryUsage of job (MB)
	1745224  -  ResidentSetSize of job (KB)
...
006 (78851234.060.000) 2026-10-01 05:17:47 Image size of job updated: 1746244
	1705  -  MemoryUsage of job (MB)
	1745232  -  ResidentSetSize of job (KB)
...
006 (78851234.060.000) 2026-10-01 05:42:49 Image size of job updated: 1746244
	1705  -  MemoryUsage of job (MB)
	1745236  -  ResidentSetSize of job (KB)
...
006 (78851234.060.000) 2026-10-01 05:52:50 Image size of job updated: 1746244
	1705  -  MemoryUsage of job (MB)
	1745256  -  ResidentSetSize of job (KB)
...
006 (78851234.060.000) 2026-10-01 06:27:53 Image size of job updated: 1748332
	1707  -  MemoryUsage of job (MB)
	1747308  -  ResidentSetSize of job (KB)
...
006 (78851234.060.000) 2026-10-01 07:38:00 Image size of job updated: 1748332
	1707  -  MemoryUsage of job (MB)
	1747384  -  ResidentSetSize of job (KB)
...
006 (78851234.060.000) 2026-10-01 07:43:01 Image size of job updated: 1748332
	1707  -  MemoryUsage of job (MB)
	1747388  -  ResidentSetSize of job (KB)
...
006 (78851234.060.000) 2026-10-01 07:58:02 Image size of job updated: 1748332
	1707  -  MemoryUsage of job (MB)
	1747392  -  ResidentSetSize of job (KB)
...
006 (78851234.060.000) 2026-10-01 08:03:02 Image size of job updated: 1748332
	1707  -  MemoryUsage of job (MB)
	1747396  -  ResidentSetSize of job (KB)
...
006 (78851234.060.000) 2026-10-01 08:18:04 Image size of job updated: 1748332
	1707  -  MemoryUsage of job (MB)
	1747400  -  ResidentSetSize of job (KB)
...
006 (78851234.060.000) 2026-10-01 08:23:04 Image size of job updated: 1748332
	1707  -  MemoryUsage of job (MB)
	1747404  -  ResidentSetSize of job (KB)
...
006 (78851234.060.000) 2026-10-01 08:33:06 Image size of job updated: 1748332
	1707  -  MemoryUsage of job (MB)
	1747408  -  ResidentSetSize of job (KB)
...
006 (78851234.060.000) 2026-10-01 08:38:06 Image size of job updated: 1749032
	1709  -  MemoryUsage of job (MB)
	1749032  -  ResidentSetSize of job (KB)
...
006 (78851234.060.000) 2026-10-01 08:48:07 Image size of job updated: 1755480
	1715  -  MemoryUsage of job (MB)
	1755480  -  ResidentSetSize of job (KB)
...
006 (78851234.060.000) 2026-10-01 08:58:09 Image size of job updated: 1755484
	1715  -  MemoryUsage of job (MB)
	1755480  -  ResidentSetSize of job (KB)
...
006 (78851234.060.000) 2026-10-01 09:13:10 Image size of job updated: 1755484
	1715  -  MemoryUsage of job (MB)
	1755484  -  ResidentSetSize of job (KB)
...
006 (78851234.060.000) 2026-10-01 09:23:12 Image size of job updated: 1755488
	1715  -  MemoryUsage of job (MB)
	1755488  -  ResidentSetSize of job (KB)
...
006 (78851234.060.000) 2026-10-01 09:48:14 Image size of job updated: 1755612
	1715  -  MemoryUsage of job (MB)
	1755612  -  ResidentSetSize of job (KB)
...
006 (78851234.060.000) 2026-10-01 09:58:15 Image size of job updated: 1755616
	1715  -  MemoryUsage of job (MB)
	1755616  -  ResidentSetSize of job (KB)
...
006 (78851234.060.000) 2026-10-01 10:03:15 Image size of job updated: 1756516
	1716  -  MemoryUsage of job (MB)
	1756516  -  ResidentSetSize of job (KB)
...
006 (78851234.060.000) 2026-10-01 10:13:17 Image size of job updated: 1756544
	1716  -  MemoryUsage of job (MB)
	1756544  -  ResidentSetSize of job (KB)
...
006 (78851234.060.000) 2026-10-01 10:28:18 Image size of job updated: 1756548
	1716  -  MemoryUsage of job (MB)
	1756544  -  ResidentSetSize of job (KB)
...
006 (78851234.060.000) 2026-10-01 10:33:19 Image size of job updated: 1756548
	1716  -  MemoryUsage of job (MB)
	1756548  -  ResidentSetSize of job (KB)
...
006 (78851234.060.000) 2026-10-01 10:38:19 Image size of job updated: 1757556
	1717  -  MemoryUsage of job (MB)
	1757556  -  ResidentSetSize of job (KB)
...
006 (78851234.060.000) 2026-10-01 10:43:19 Image size of job updated: 1757560
	1717  -  MemoryUsage of job (MB)
	1757560  -  ResidentSetSize of job (KB)
...
006 (78851234.060.000) 2026-10-01 11:08:22 Image size of job updated: 1761020
	1720  -  MemoryUsage of job (MB)
	1761020  -  ResidentSetSize of job (KB)
...
006 (78851234.060.000) 2026-10-01 11:13:23 Image size of job updated: 1761024
	1720  -  MemoryUsage of job (MB)
	1761024  -  ResidentSetSize of job (KB)
...
006 (78851234.060.000) 2026-10-01 11:38:25 Image size of job updated: 1761028
	1720  -  MemoryUsage of job (MB)
	1761028  -  ResidentSetSize of job (KB)
...
006 (78851234.060.000) 2026-10-01 11:53:27 Image size of job updated: 1762036
	1721  -  MemoryUsage of job (MB)
	1762036  -  ResidentSetSize of job (KB)
...
006 (78851234.060.000) 2026-10-01 12:03:28 Image size of job updated: 1763044
	1722  -  MemoryUsage of job (MB)
	1763044  -  ResidentSetSize of job (KB)
...
006 (78851234.060.000) 2026-10-01 12:23:31 Image size of job updated: 1763048
	1722  -  MemoryUsage of job (MB)
	1763048  -  ResidentSetSize of job (KB)
...
006 (78851234.060.000) 2026-10-01 12:33:32 Image size of job updated: 1763052
	1722  -  MemoryUsage of job (MB)
	1763052  -  ResidentSetSize of job (KB)
...
004 (78851234.060.000) 2026-10-01 12:45:06 Job was evicted. Code 1019 Subcode 0
	(0) CPU times
		Usr 6 21:37:04, Sys 0 00:04:54  -  Run Remote Usage
		Usr 0 00:00:00, Sys 0 00:00:00  -  Run Local Usage
	0  -  Run Bytes Sent By Job
	0  -  Run Bytes Received By Job
	Reason: Preempted for a Priority user
	Partitionable Resources :    Usage  Request Allocated 
	   Cpus                 :     6.40        4         4 
	   Disk (KB)            : 25000       25000     28672 
	   GPUs                 :                           0 
	   Memory (MB)          :  1722        6000      6016 
	   TimeExecute (s)      : 86947                       
	   TimeSlotBusy (s)     : 86947                       
...
001 (78851234.060.000) 2026-10-01 12:45:07 Job executing on host: <10.14.10.67:9618?addrs=10.14.10.67-9618&alias=node2317.cluster.ldas.cit&noUDP&sock=startd_2548383_59df>
	SlotName: slot1_6@node2317.cluster.ldas.cit
	CondorScratchDir = "/var/lib/condor/execute/dir_272552/scratch"
	Cpus = 4
	Disk = 28672
	GPUs = 0
	Memory = 6016
...
005 (78851234.060.000) 2026-10-01 12:45:08 Job terminated.
	(1) Normal termination (return value 1)
		Usr 0 00:00:00, Sys 0 00:00:00  -  Run Remote Usage
		Usr 0 00:00:00, Sys 0 00:00:00  -  Run Local Usage
		Usr 6 21:37:04, Sys 0 00:04:54  -  Total Remote Usage
		Usr 0 00:00:00, Sys 0 00:00:00  -  Total Local Usage
	0  -  Run Bytes Sent By Job
	0  -  Run Bytes Received By Job
	0  -  Total Bytes Sent By Job
	0  -  Total Bytes Received By Job
	Partitionable Resources :    Usage  Request Allocated 
	   Cpus                 :     6.40        4         4 
	   Disk (KB)            : 25000       25000     28672 
	   GPUs                 :                           0 
	   Memory (MB)          :  1954        6000      6016 
	   TimeExecute (s)      :     0                       
	   TimeSlotBusy (s)     :     1                       
...
000 (78854872.060.000) 2026-10-03 17:21:23 Job submitted from host: <10.14.0.121:9618?addrs=10.14.0.121-9618&alias=ldas-pcdev12.ligo.caltech.edu&noUDP&sock=schedd_623140_c9b4>
...
001 (78854872.060.000) 2026-10-03 17:22:11 Job executing on host: <10.14.6.227:9618?addrs=10.14.6.227-9618&alias=node1477.cluster.ldas.cit&noUDP&sock=startd_35393_3b8c>
	SlotName: slot1_2@node1477.cluster.ldas.cit
	CondorScratchDir = "/var/lib/condor/execute/dir_1034773/scratch"
	Cpus = 4
	Disk = 28672
	GPUs = 0
	Memory = 6016
...
006 (78854872.060.000) 2026-10-03 17:22:19 Image size of job updated: 121516
	119  -  MemoryUsage of job (MB)
	121516  -  ResidentSetSize of job (KB)
...
006 (78854872.060.000) 2026-10-03 17:27:19 Image size of job updated: 547604
	527  -  MemoryUsage of job (MB)
	538856  -  ResidentSetSize of job (KB)
...
006 (78854872.060.000) 2026-10-03 17:32:19 Image size of job updated: 547604
	529  -  MemoryUsage of job (MB)
	540708  -  ResidentSetSize of job (KB)
...
006 (78854872.060.000) 2026-10-03 17:37:20 Image size of job updated: 573312
	560  -  MemoryUsage of job (MB)
	573312  -  ResidentSetSize of job (KB)
...
006 (78854872.060.000) 2026-10-03 17:42:20 Image size of job updated: 584964
	572  -  MemoryUsage of job (MB)
	584964  -  ResidentSetSize of job (KB)
...
006 (78854872.060.000) 2026-10-03 17:47:20 Image size of job updated: 601148
	588  -  MemoryUsage of job (MB)
	601148  -  ResidentSetSize of job (KB)
...
006 (78854872.060.000) 2026-10-03 18:02:21 Image size of job updated: 619768
	606  -  MemoryUsage of job (MB)
	619768  -  ResidentSetSize of job (KB)
...
006 (78854872.060.000) 2026-10-03 18:07:22 Image size of job updated: 627036
	613  -  MemoryUsage of job (MB)
	627036  -  ResidentSetSize of job (KB)
...
006 (78854872.060.000) 2026-10-03 18:12:22 Image size of job updated: 627044
	613  -  MemoryUsage of job (MB)
	627036  -  ResidentSetSize of job (KB)
...
006 (78854872.060.000) 2026-10-03 18:47:26 Image size of job updated: 628868
	614  -  MemoryUsage of job (MB)
	627896  -  ResidentSetSize of job (KB)
...
006 (78854872.060.000) 2026-10-03 18:52:27 Image size of job updated: 628868
	614  -  MemoryUsage of job (MB)
	627952  -  ResidentSetSize of job (KB)
...
006 (78854872.060.000) 2026-10-03 18:57:28 Image size of job updated: 628868
	614  -  MemoryUsage of job (MB)
	628012  -  ResidentSetSize of job (KB)
...
006 (78854872.060.000) 2026-10-03 19:12:29 Image size of job updated: 629160
	614  -  MemoryUsage of job (MB)
	628184  -  ResidentSetSize of job (KB)
...
006 (78854872.060.000) 2026-10-03 19:17:29 Image size of job updated: 629160
	614  -  MemoryUsage of job (MB)
	628252  -  ResidentSetSize of job (KB)
...
006 (78854872.060.000) 2026-10-03 19:22:29 Image size of job updated: 629160
	614  -  MemoryUsage of job (MB)
	628320  -  ResidentSetSize of job (KB)
...
006 (78854872.060.000) 2026-10-03 19:37:30 Image size of job updated: 629160
	614  -  MemoryUsage of job (MB)
	628504  -  ResidentSetSize of job (KB)
...
006 (78854872.060.000) 2026-10-03 19:42:32 Image size of job updated: 629160
	614  -  MemoryUsage of job (MB)
	628544  -  ResidentSetSize of job (KB)
...
006 (78854872.060.000) 2026-10-03 19:47:32 Image size of job updated: 629160
	614  -  MemoryUsage of job (MB)
	628592  -  ResidentSetSize of job (KB)
...
006 (78854872.060.000) 2026-10-03 19:52:32 Image size of job updated: 629620
	615  -  MemoryUsage of job (MB)
	629620  -  ResidentSetSize of job (KB)
...
006 (78854872.060.000) 2026-10-03 19:57:33 Image size of job updated: 629676
	615  -  MemoryUsage of job (MB)
	629676  -  ResidentSetSize of job (KB)
...
006 (78854872.060.000) 2026-10-03 20:02:34 Image size of job updated: 629932
	616  -  MemoryUsage of job (MB)
	629932  -  ResidentSetSize of job (KB)
...
006 (78854872.060.000) 2026-10-03 20:07:34 Image size of job updated: 634064
	620  -  MemoryUsage of job (MB)
	634064  -  ResidentSetSize of job (KB)
...
006 (78854872.060.000) 2026-10-03 20:12:35 Image size of job updated: 634088
	620  -  MemoryUsage of job (MB)
	634088  -  ResidentSetSize of job (KB)
...
006 (78854872.060.000) 2026-10-03 20:17:36 Image size of job updated: 635100
	620  -  MemoryUsage of job (MB)
	634088  -  ResidentSetSize of job (KB)
...
006 (78854872.060.000) 2026-10-03 20:52:40 Image size of job updated: 635100
	620  -  MemoryUsage of job (MB)
	634220  -  ResidentSetSize of job (KB)
...
006 (78854872.060.000) 2026-10-03 20:57:40 Image size of job updated: 635100
	620  -  MemoryUsage of job (MB)
	634292  -  ResidentSetSize of job (KB)
...
006 (78854872.060.000) 2026-10-03 21:02:41 Image size of job updated: 635100
	620  -  MemoryUsage of job (MB)
	634300  -  ResidentSetSize of job (KB)
...
000 (78854906.060.000) 2026-10-03 21:36:50 Job submitted from host: <10.14.0.121:9618?addrs=10.14.0.121-9618&alias=ldas-pcdev12.ligo.caltech.edu&noUDP&sock=schedd_623140_c9b4>
...
006 (78854872.060.000) 2026-10-03 21:37:43 Image size of job updated: 647452
	633  -  MemoryUsage of job (MB)
	647452  -  ResidentSetSize of job (KB)
...
004 (78854872.060.000) 2026-10-03 21:38:41 Job was evicted. Code 1023 Subcode 0
	(0) CPU times
		Usr 0 18:29:22, Sys 0 00:02:32  -  Run Remote Usage
		Usr 0 00:00:00, Sys 0 00:00:00  -  Run Local Usage
	0  -  Run Bytes Sent By Job
	0  -  Run Bytes Received By Job
	Reason: via condor_rm (by user pratyusava.baral)
	Partitionable Resources :    Usage  Request Allocated 
	   Cpus                 :     4.71        4         4 
	   Disk (KB)            : 25000       25000     28672 
	   GPUs                 :                           0 
	   Memory (MB)          :   633        6000      6016 
	   TimeExecute (s)      : 15390                       
	   TimeSlotBusy (s)     : 15391                       
...
009 (78854872.060.000) 2026-10-03 21:38:41 Job was aborted.
	via condor_rm (by user pratyusava.baral)
...
001 (78854906.060.000) 2026-10-03 21:38:41 Job executing on host: <10.14.5.210:9618?addrs=10.14.5.210-9618&alias=node1210.cluster.ldas.cit&noUDP&sock=startd_67575_6867>
	SlotName: slot1_2@node1210.cluster.ldas.cit
	CondorScratchDir = "/var/lib/condor/execute/dir_337917/scratch"
	Cpus = 4
	Disk = 28672
	GPUs = 0
	Memory = 6016
...
006 (78854906.060.000) 2026-10-03 21:38:50 Image size of job updated: 193648
	190  -  MemoryUsage of job (MB)
	193648  -  ResidentSetSize of job (KB)
...
006 (78854906.060.000) 2026-10-03 21:43:50 Image size of job updated: 412872
	404  -  MemoryUsage of job (MB)
	412872  -  ResidentSetSize of job (KB)
...
006 (78854906.060.000) 2026-10-03 21:48:50 Image size of job updated: 571324
	558  -  MemoryUsage of job (MB)
	571324  -  ResidentSetSize of job (KB)
...
006 (78854906.060.000) 2026-10-03 21:53:51 Image size of job updated: 588016
	575  -  MemoryUsage of job (MB)
	588016  -  ResidentSetSize of job (KB)
...
006 (78854906.060.000) 2026-10-03 21:58:51 Image size of job updated: 619716
	606  -  MemoryUsage of job (MB)
	619716  -  ResidentSetSize of job (KB)
...
006 (78854906.060.000) 2026-10-03 22:03:51 Image size of job updated: 636624
	622  -  MemoryUsage of job (MB)
	636624  -  ResidentSetSize of job (KB)
...
006 (78854906.060.000) 2026-10-03 22:08:52 Image size of job updated: 650188
	635  -  MemoryUsage of job (MB)
	650188  -  ResidentSetSize of job (KB)
...
006 (78854906.060.000) 2026-10-03 22:13:52 Image size of job updated: 652792
	635  -  MemoryUsage of job (MB)
	650188  -  ResidentSetSize of job (KB)
...
006 (78854906.060.000) 2026-10-03 22:23:53 Image size of job updated: 656040
	641  -  MemoryUsage of job (MB)
	656040  -  ResidentSetSize of job (KB)
...
006 (78854906.060.000) 2026-10-03 22:28:54 Image size of job updated: 671608
	656  -  MemoryUsage of job (MB)
	671608  -  ResidentSetSize of job (KB)
...
006 (78854906.060.000) 2026-10-03 22:33:54 Image size of job updated: 692240
	675  -  MemoryUsage of job (MB)
	690300  -  ResidentSetSize of job (KB)
...
006 (78854906.060.000) 2026-10-03 22:38:55 Image size of job updated: 692240
	675  -  MemoryUsage of job (MB)
	690376  -  ResidentSetSize of job (KB)
...
006 (78854906.060.000) 2026-10-03 22:43:56 Image size of job updated: 692240
	676  -  MemoryUsage of job (MB)
	691480  -  ResidentSetSize of job (KB)
...
006 (78854906.060.000) 2026-10-03 22:48:56 Image size of job updated: 692240
	676  -  MemoryUsage of job (MB)
	691596  -  ResidentSetSize of job (KB)
...
006 (78854906.060.000) 2026-10-03 22:53:57 Image size of job updated: 692660
	677  -  MemoryUsage of job (MB)
	692660  -  ResidentSetSize of job (KB)
...
006 (78854906.060.000) 2026-10-03 22:58:58 Image size of job updated: 692720
	677  -  MemoryUsage of job (MB)
	692720  -  ResidentSetSize of job (KB)
...
006 (78854906.060.000) 2026-10-03 23:03:58 Image size of job updated: 694912
	679  -  MemoryUsage of job (MB)
	694912  -  ResidentSetSize of job (KB)
...
006 (78854906.060.000) 2026-10-03 23:08:58 Image size of job updated: 694980
	679  -  MemoryUsage of job (MB)
	694980  -  ResidentSetSize of job (KB)
...
006 (78854906.060.000) 2026-10-03 23:13:59 Image size of job updated: 695024
	679  -  MemoryUsage of job (MB)
	694980  -  ResidentSetSize of job (KB)
...
006 (78854906.060.000) 2026-10-03 23:18:59 Image size of job updated: 696084
	680  -  MemoryUsage of job (MB)
	696084  -  ResidentSetSize of job (KB)
...
006 (78854906.060.000) 2026-10-03 23:23:59 Image size of job updated: 696148
	680  -  MemoryUsage of job (MB)
	696148  -  ResidentSetSize of job (KB)
...
006 (78854906.060.000) 2026-10-03 23:29:00 Image size of job updated: 708200
	691  -  MemoryUsage of job (MB)
	707212  -  ResidentSetSize of job (KB)
...
006 (78854906.060.000) 2026-10-03 23:34:00 Image size of job updated: 708200
	691  -  MemoryUsage of job (MB)
	707276  -  ResidentSetSize of job (KB)
...
006 (78854906.060.000) 2026-10-03 23:39:00 Image size of job updated: 712416
	696  -  MemoryUsage of job (MB)
	712416  -  ResidentSetSize of job (KB)
...
006 (78854906.060.000) 2026-10-03 23:44:01 Image size of job updated: 712472
	696  -  MemoryUsage of job (MB)
	712472  -  ResidentSetSize of job (KB)
...
006 (78854906.060.000) 2026-10-03 23:49:02 Image size of job updated: 713496
	697  -  MemoryUsage of job (MB)
	713496  -  ResidentSetSize of job (KB)
...
006 (78854906.060.000) 2026-10-03 23:54:02 Image size of job updated: 713544
	697  -  MemoryUsage of job (MB)
	713544  -  ResidentSetSize of job (KB)
...
006 (78854906.060.000) 2026-10-03 23:59:03 Image size of job updated: 713576
	697  -  MemoryUsage of job (MB)
	713576  -  ResidentSetSize of job (KB)
...
006 (78854906.060.000) 2026-10-04 00:04:04 Image size of job updated: 715632
	699  -  MemoryUsage of job (MB)
	715632  -  ResidentSetSize of job (KB)
...
006 (78854906.060.000) 2026-10-04 00:09:04 Image size of job updated: 715684
	699  -  MemoryUsage of job (MB)
	715684  -  ResidentSetSize of job (KB)
...
006 (78854906.060.000) 2026-10-04 00:14:05 Image size of job updated: 715792
	700  -  MemoryUsage of job (MB)
	715792  -  ResidentSetSize of job (KB)
...
006 (78854906.060.000) 2026-10-04 00:19:06 Image size of job updated: 715820
	700  -  MemoryUsage of job (MB)
	715820  -  ResidentSetSize of job (KB)
...
006 (78854906.060.000) 2026-10-04 00:24:06 Image size of job updated: 716880
	701  -  MemoryUsage of job (MB)
	716880  -  ResidentSetSize of job (KB)
...
006 (78854906.060.000) 2026-10-04 00:29:06 Image size of job updated: 716908
	701  -  MemoryUsage of job (MB)
	716908  -  ResidentSetSize of job (KB)
...
006 (78854906.060.000) 2026-10-04 00:34:07 Image size of job updated: 716972
	701  -  MemoryUsage of job (MB)
	716972  -  ResidentSetSize of job (KB)
...
006 (78854906.060.000) 2026-10-04 00:39:07 Image size of job updated: 717008
	701  -  MemoryUsage of job (MB)
	717008  -  ResidentSetSize of job (KB)
...
006 (78854906.060.000) 2026-10-04 00:44:07 Image size of job updated: 717064
	701  -  MemoryUsage of job (MB)
	717064  -  ResidentSetSize of job (KB)
...
006 (78854906.060.000) 2026-10-04 00:49:08 Image size of job updated: 717088
	701  -  MemoryUsage of job (MB)
	717088  -  ResidentSetSize of job (KB)
...
006 (78854906.060.000) 2026-10-04 00:54:08 Image size of job updated: 717120
	701  -  MemoryUsage of job (MB)
	717120  -  ResidentSetSize of job (KB)
...
006 (78854906.060.000) 2026-10-04 00:59:08 Image size of job updated: 717136
	701  -  MemoryUsage of job (MB)
	717136  -  ResidentSetSize of job (KB)
...
006 (78854906.060.000) 2026-10-04 01:04:09 Image size of job updated: 717152
	701  -  MemoryUsage of job (MB)
	717152  -  ResidentSetSize of job (KB)
...
006 (78854906.060.000) 2026-10-04 01:09:10 Image size of job updated: 717192
	701  -  MemoryUsage of job (MB)
	717192  -  ResidentSetSize of job (KB)
...
006 (78854906.060.000) 2026-10-04 01:14:10 Image size of job updated: 717232
	701  -  MemoryUsage of job (MB)
	717232  -  ResidentSetSize of job (KB)
...
006 (78854906.060.000) 2026-10-04 01:19:11 Image size of job updated: 719252
	702  -  MemoryUsage of job (MB)
	718296  -  ResidentSetSize of job (KB)
...
006 (78854906.060.000) 2026-10-04 01:24:12 Image size of job updated: 719252
	702  -  MemoryUsage of job (MB)
	718320  -  ResidentSetSize of job (KB)
...
006 (78854906.060.000) 2026-10-04 02:24:17 Image size of job updated: 720044
	704  -  MemoryUsage of job (MB)
	720044  -  ResidentSetSize of job (KB)
...
006 (78854906.060.000) 2026-10-04 02:29:17 Image size of job updated: 720076
	704  -  MemoryUsage of job (MB)
	720076  -  ResidentSetSize of job (KB)
...
006 (78854906.060.000) 2026-10-04 02:34:17 Image size of job updated: 733596
	717  -  MemoryUsage of job (MB)
	733596  -  ResidentSetSize of job (KB)
...
006 (78854906.060.000) 2026-10-04 02:39:18 Image size of job updated: 733608
	717  -  MemoryUsage of job (MB)
	733608  -  ResidentSetSize of job (KB)
...
006 (78854906.060.000) 2026-10-04 02:44:18 Image size of job updated: 733632
	717  -  MemoryUsage of job (MB)
	733632  -  ResidentSetSize of job (KB)
...
006 (78854906.060.000) 2026-10-04 02:49:18 Image size of job updated: 733668
	717  -  MemoryUsage of job (MB)
	733668  -  ResidentSetSize of job (KB)
...
006 (78854906.060.000) 2026-10-04 02:54:19 Image size of job updated: 734692
	717  -  MemoryUsage of job (MB)
	733668  -  ResidentSetSize of job (KB)
...
006 (78854906.060.000) 2026-10-04 03:09:20 Image size of job updated: 737000
	720  -  MemoryUsage of job (MB)
	737000  -  ResidentSetSize of job (KB)
...
006 (78854906.060.000) 2026-10-04 03:14:21 Image size of job updated: 737028
	720  -  MemoryUsage of job (MB)
	737028  -  ResidentSetSize of job (KB)
...
006 (78854906.060.000) 2026-10-04 03:19:21 Image size of job updated: 738348
	722  -  MemoryUsage of job (MB)
	738348  -  ResidentSetSize of job (KB)
...
006 (78854906.060.000) 2026-10-04 03:24:22 Image size of job updated: 738364
	722  -  MemoryUsage of job (MB)
	738364  -  ResidentSetSize of job (KB)
...
006 (78854906.060.000) 2026-10-04 03:29:23 Image size of job updated: 738372
	722  -  MemoryUsage of job (MB)
	738364  -  ResidentSetSize of job (KB)
...
006 (78854906.060.000) 2026-10-04 03:39:24 Image size of job updated: 738420
	722  -  MemoryUsage of job (MB)
	738416  -  ResidentSetSize of job (KB)
...
006 (78854906.060.000) 2026-10-04 03:44:25 Image size of job updated: 738492
	722  -  MemoryUsage of job (MB)
	738492  -  ResidentSetSize of job (KB)
...
006 (78854906.060.000) 2026-10-04 03:49:25 Image size of job updated: 738520
	722  -  MemoryUsage of job (MB)
	738520  -  ResidentSetSize of job (KB)
...
006 (78854906.060.000) 2026-10-04 03:54:26 Image size of job updated: 746536
	730  -  MemoryUsage of job (MB)
	746536  -  ResidentSetSize of job (KB)
...
006 (78854906.060.000) 2026-10-04 03:59:27 Image size of job updated: 746604
	730  -  MemoryUsage of job (MB)
	746604  -  ResidentSetSize of job (KB)
...
006 (78854906.060.000) 2026-10-04 04:04:27 Image size of job updated: 747640
	731  -  MemoryUsage of job (MB)
	747640  -  ResidentSetSize of job (KB)
...
006 (78854906.060.000) 2026-10-04 04:09:27 Image size of job updated: 747644
	731  -  MemoryUsage of job (MB)
	747644  -  ResidentSetSize of job (KB)
...
006 (78854906.060.000) 2026-10-04 04:14:28 Image size of job updated: 748660
	731  -  MemoryUsage of job (MB)
	747664  -  ResidentSetSize of job (KB)
...
006 (78854906.060.000) 2026-10-04 04:19:28 Image size of job updated: 748660
	731  -  MemoryUsage of job (MB)
	747684  -  ResidentSetSize of job (KB)
...
006 (78854906.060.000) 2026-10-04 04:24:28 Image size of job updated: 748660
	731  -  MemoryUsage of job (MB)
	748500  -  ResidentSetSize of job (KB)
...
006 (78854906.060.000) 2026-10-04 04:29:29 Image size of job updated: 748660
	731  -  MemoryUsage of job (MB)
	748520  -  ResidentSetSize of job (KB)
...
006 (78854906.060.000) 2026-10-04 04:34:29 Image size of job updated: 749732
	732  -  MemoryUsage of job (MB)
	748724  -  ResidentSetSize of job (KB)
...
006 (78854906.060.000) 2026-10-04 04:39:29 Image size of job updated: 749732
	732  -  MemoryUsage of job (MB)
	748728  -  ResidentSetSize of job (KB)
...
006 (78854906.060.000) 2026-10-04 04:44:30 Image size of job updated: 749732
	732  -  MemoryUsage of job (MB)
	748744  -  ResidentSetSize of job (KB)
...
006 (78854906.060.000) 2026-10-04 04:49:31 Image size of job updated: 749804
	732  -  MemoryUsage of job (MB)
	748780  -  ResidentSetSize of job (KB)
...
006 (78854906.060.000) 2026-10-04 04:54:31 Image size of job updated: 749804
	732  -  MemoryUsage of job (MB)
	748800  -  ResidentSetSize of job (KB)
...
006 (78854906.060.000) 2026-10-04 04:59:32 Image size of job updated: 750828
	733  -  MemoryUsage of job (MB)
	749828  -  ResidentSetSize of job (KB)
...
006 (78854906.060.000) 2026-10-04 05:09:33 Image size of job updated: 750844
	734  -  MemoryUsage of job (MB)
	750844  -  ResidentSetSize of job (KB)
...
006 (78854906.060.000) 2026-10-04 05:14:34 Image size of job updated: 750884
	734  -  MemoryUsage of job (MB)
	750884  -  ResidentSetSize of job (KB)
...
006 (78854906.060.000) 2026-10-04 05:19:35 Image size of job updated: 750900
	734  -  MemoryUsage of job (MB)
	750900  -  ResidentSetSize of job (KB)
...
006 (78854906.060.000) 2026-10-04 05:34:36 Image size of job updated: 752028
	735  -  MemoryUsage of job (MB)
	752028  -  ResidentSetSize of job (KB)
...
006 (78854906.060.000) 2026-10-04 05:39:36 Image size of job updated: 752048
	735  -  MemoryUsage of job (MB)
	752048  -  ResidentSetSize of job (KB)
...
006 (78854906.060.000) 2026-10-04 05:49:37 Image size of job updated: 752080
	735  -  MemoryUsage of job (MB)
	752080  -  ResidentSetSize of job (KB)
...
006 (78854906.060.000) 2026-10-04 05:54:38 Image size of job updated: 753132
	735  -  MemoryUsage of job (MB)
	752124  -  ResidentSetSize of job (KB)
...
006 (78854906.060.000) 2026-10-04 06:04:39 Image size of job updated: 753140
	735  -  MemoryUsage of job (MB)
	752124  -  ResidentSetSize of job (KB)
...
006 (78854906.060.000) 2026-10-04 06:09:40 Image size of job updated: 753140
	735  -  MemoryUsage of job (MB)
	752128  -  ResidentSetSize of job (KB)
...
006 (78854906.060.000) 2026-10-04 06:14:40 Image size of job updated: 753140
	735  -  MemoryUsage of job (MB)
	752132  -  ResidentSetSize of job (KB)
...
006 (78854906.060.000) 2026-10-04 06:19:41 Image size of job updated: 754172
	737  -  MemoryUsage of job (MB)
	754172  -  ResidentSetSize of job (KB)
...
006 (78854906.060.000) 2026-10-04 06:24:42 Image size of job updated: 754248
	737  -  MemoryUsage of job (MB)
	754248  -  ResidentSetSize of job (KB)
...
006 (78854906.060.000) 2026-10-04 06:29:42 Image size of job updated: 754252
	737  -  MemoryUsage of job (MB)
	754252  -  ResidentSetSize of job (KB)
...
006 (78854906.060.000) 2026-10-04 06:39:43 Image size of job updated: 756272
	738  -  MemoryUsage of job (MB)
	755268  -  ResidentSetSize of job (KB)
...
006 (78854906.060.000) 2026-10-04 06:44:43 Image size of job updated: 756272
	738  -  MemoryUsage of job (MB)
	755292  -  ResidentSetSize of job (KB)
...
006 (78854906.060.000) 2026-10-04 06:49:43 Image size of job updated: 756272
	738  -  MemoryUsage of job (MB)
	755300  -  ResidentSetSize of job (KB)
...
006 (78854906.060.000) 2026-10-04 06:54:44 Image size of job updated: 756308
	738  -  MemoryUsage of job (MB)
	755300  -  ResidentSetSize of job (KB)
...
006 (78854906.060.000) 2026-10-04 06:59:44 Image size of job updated: 756308
	738  -  MemoryUsage of job (MB)
	755304  -  ResidentSetSize of job (KB)
...
006 (78854906.060.000) 2026-10-04 07:09:45 Image size of job updated: 756308
	738  -  MemoryUsage of job (MB)
	755348  -  ResidentSetSize of job (KB)
...
006 (78854906.060.000) 2026-10-04 07:14:45 Image size of job updated: 757372
	738  -  MemoryUsage of job (MB)
	755348  -  ResidentSetSize of job (KB)
...
006 (78854906.060.000) 2026-10-04 07:24:46 Image size of job updated: 757372
	739  -  MemoryUsage of job (MB)
	756360  -  ResidentSetSize of job (KB)
...
006 (78854906.060.000) 2026-10-04 07:29:47 Image size of job updated: 757372
	739  -  MemoryUsage of job (MB)
	756372  -  ResidentSetSize of job (KB)
...
006 (78854906.060.000) 2026-10-04 07:34:47 Image size of job updated: 757372
	739  -  MemoryUsage of job (MB)
	756388  -  ResidentSetSize of job (KB)
...
006 (78854906.060.000) 2026-10-04 07:39:48 Image size of job updated: 757400
	740  -  MemoryUsage of job (MB)
	757400  -  ResidentSetSize of job (KB)
...
006 (78854906.060.000) 2026-10-04 07:44:49 Image size of job updated: 757408
	740  -  MemoryUsage of job (MB)
	757408  -  ResidentSetSize of job (KB)
...
006 (78854906.060.000) 2026-10-04 07:49:49 Image size of job updated: 757436
	740  -  MemoryUsage of job (MB)
	757436  -  ResidentSetSize of job (KB)
...
006 (78854906.060.000) 2026-10-04 07:54:50 Image size of job updated: 757540
	740  -  MemoryUsage of job (MB)
	757540  -  ResidentSetSize of job (KB)
...
006 (78854906.060.000) 2026-10-04 07:59:51 Image size of job updated: 757544
	740  -  MemoryUsage of job (MB)
	757540  -  ResidentSetSize of job (KB)
...
006 (78854906.060.000) 2026-10-04 08:14:52 Image size of job updated: 758324
	740  -  MemoryUsage of job (MB)
	757540  -  ResidentSetSize of job (KB)
...
006 (78854906.060.000) 2026-10-04 08:24:52 Image size of job updated: 760556
	742  -  MemoryUsage of job (MB)
	759548  -  ResidentSetSize of job (KB)
...
006 (78854906.060.000) 2026-10-04 08:29:53 Image size of job updated: 760556
	742  -  MemoryUsage of job (MB)
	759568  -  ResidentSetSize of job (KB)
...
006 (78854906.060.000) 2026-10-04 08:44:54 Image size of job updated: 761660
	744  -  MemoryUsage of job (MB)
	761660  -  ResidentSetSize of job (KB)
...
006 (78854906.060.000) 2026-10-04 08:54:55 Image size of job updated: 761676
	744  -  MemoryUsage of job (MB)
	761676  -  ResidentSetSize of job (KB)
...
006 (78854906.060.000) 2026-10-04 09:09:57 Image size of job updated: 764460
	747  -  MemoryUsage of job (MB)
	764460  -  ResidentSetSize of job (KB)
...
006 (78854906.060.000) 2026-10-04 09:14:58 Image size of job updated: 764480
	747  -  MemoryUsage of job (MB)
	764480  -  ResidentSetSize of job (KB)
...
006 (78854906.060.000) 2026-10-04 09:19:59 Image size of job updated: 766504
	749  -  MemoryUsage of job (MB)
	766504  -  ResidentSetSize of job (KB)
...
006 (78854906.060.000) 2026-10-04 09:24:59 Image size of job updated: 766520
	749  -  MemoryUsage of job (MB)
	766520  -  ResidentSetSize of job (KB)
...
006 (78854906.060.000) 2026-10-04 09:29:59 Image size of job updated: 766628
	749  -  MemoryUsage of job (MB)
	766628  -  ResidentSetSize of job (KB)
...
006 (78854906.060.000) 2026-10-04 10:15:03 Image size of job updated: 766728
	749  -  MemoryUsage of job (MB)
	766728  -  ResidentSetSize of job (KB)
...
006 (78854906.060.000) 2026-10-04 10:20:04 Image size of job updated: 766732
	749  -  MemoryUsage of job (MB)
	766732  -  ResidentSetSize of job (KB)
...
006 (78854906.060.000) 2026-10-04 10:45:07 Image size of job updated: 767724
	750  -  MemoryUsage of job (MB)
	767724  -  ResidentSetSize of job (KB)
...
006 (78854906.060.000) 2026-10-04 10:50:07 Image size of job updated: 767728
	750  -  MemoryUsage of job (MB)
	767728  -  ResidentSetSize of job (KB)
...
006 (78854906.060.000) 2026-10-04 10:55:08 Image size of job updated: 767732
	750  -  MemoryUsage of job (MB)
	767732  -  ResidentSetSize of job (KB)
...
006 (78854906.060.000) 2026-10-04 11:00:08 Image size of job updated: 767744
	750  -  MemoryUsage of job (MB)
	767744  -  ResidentSetSize of job (KB)
...
006 (78854906.060.000) 2026-10-04 11:05:08 Image size of job updated: 767764
	750  -  MemoryUsage of job (MB)
	767764  -  ResidentSetSize of job (KB)
...
006 (78854906.060.000) 2026-10-04 11:10:09 Image size of job updated: 769780
	752  -  MemoryUsage of job (MB)
	769780  -  ResidentSetSize of job (KB)
...
006 (78854906.060.000) 2026-10-04 11:20:09 Image size of job updated: 770788
	752  -  MemoryUsage of job (MB)
	769780  -  ResidentSetSize of job (KB)
...
006 (78854906.060.000) 2026-10-04 11:50:13 Image size of job updated: 770908
	753  -  MemoryUsage of job (MB)
	770908  -  ResidentSetSize of job (KB)
...
006 (78854906.060.000) 2026-10-04 11:55:14 Image size of job updated: 770912
	753  -  MemoryUsage of job (MB)
	770912  -  ResidentSetSize of job (KB)
...
006 (78854906.060.000) 2026-10-04 12:15:16 Image size of job updated: 770916
	753  -  MemoryUsage of job (MB)
	770916  -  ResidentSetSize of job (KB)
...
006 (78854906.060.000) 2026-10-04 12:20:16 Image size of job updated: 770920
	753  -  MemoryUsage of job (MB)
	770920  -  ResidentSetSize of job (KB)
...
006 (78854906.060.000) 2026-10-04 12:25:16 Image size of job updated: 771932
	753  -  MemoryUsage of job (MB)
	770924  -  ResidentSetSize of job (KB)
...
006 (78854906.060.000) 2026-10-04 12:30:17 Image size of job updated: 771932
	753  -  MemoryUsage of job (MB)
	770944  -  ResidentSetSize of job (KB)
...
006 (78854906.060.000) 2026-10-04 12:35:17 Image size of job updated: 771932
	753  -  MemoryUsage of job (MB)
	771020  -  ResidentSetSize of job (KB)
...
006 (78854906.060.000) 2026-10-04 12:40:17 Image size of job updated: 771932
	753  -  MemoryUsage of job (MB)
	771032  -  ResidentSetSize of job (KB)
...
006 (78854906.060.000) 2026-10-04 12:45:18 Image size of job updated: 773068
	753  -  MemoryUsage of job (MB)
	771032  -  ResidentSetSize of job (KB)
...
006 (78854906.060.000) 2026-10-04 12:50:18 Image size of job updated: 773068
	753  -  MemoryUsage of job (MB)
	771036  -  ResidentSetSize of job (KB)
...
006 (78854906.060.000) 2026-10-04 12:55:18 Image size of job updated: 773068
	754  -  MemoryUsage of job (MB)
	771532  -  ResidentSetSize of job (KB)
...
006 (78854906.060.000) 2026-10-04 13:00:19 Image size of job updated: 773068
	754  -  MemoryUsage of job (MB)
	771552  -  ResidentSetSize of job (KB)
...
006 (78854906.060.000) 2026-10-04 13:05:20 Image size of job updated: 773068
	754  -  MemoryUsage of job (MB)
	771556  -  ResidentSetSize of job (KB)
...
006 (78854906.060.000) 2026-10-04 13:10:20 Image size of job updated: 774100
	755  -  MemoryUsage of job (MB)
	773080  -  ResidentSetSize of job (KB)
...
006 (78854906.060.000) 2026-10-04 13:20:22 Image size of job updated: 774108
	755  -  MemoryUsage of job (MB)
	773092  -  ResidentSetSize of job (KB)
...
006 (78854906.060.000) 2026-10-04 13:30:22 Image size of job updated: 774108
	756  -  MemoryUsage of job (MB)
	774100  -  ResidentSetSize of job (KB)
...
006 (78854906.060.000) 2026-10-04 13:35:23 Image size of job updated: 774148
	757  -  MemoryUsage of job (MB)
	774148  -  ResidentSetSize of job (KB)
...
006 (78854906.060.000) 2026-10-04 13:40:23 Image size of job updated: 774152
	757  -  MemoryUsage of job (MB)
	774152  -  ResidentSetSize of job (KB)
...
000 (78855135.060.000) 2026-10-04 13:44:56 Job submitted from host: <10.14.0.121:9618?addrs=10.14.0.121-9618&alias=ldas-pcdev12.ligo.caltech.edu&noUDP&sock=schedd_623140_c9b4>
...
006 (78854906.060.000) 2026-10-04 13:45:23 Image size of job updated: 774160
	757  -  MemoryUsage of job (MB)
	774156  -  ResidentSetSize of job (KB)
...
004 (78854906.060.000) 2026-10-04 13:45:33 Job was evicted. Code 1023 Subcode 0
	(0) CPU times
		Usr 4 13:51:47, Sys 0 00:32:17  -  Run Remote Usage
		Usr 0 00:00:00, Sys 0 00:00:00  -  Run Local Usage
	0  -  Run Bytes Sent By Job
	0  -  Run Bytes Received By Job
	Reason: via condor_rm (by user pratyusava.baral)
	Partitionable Resources :    Usage  Request Allocated 
	   Cpus                 :     7.90        4         4 
	   Disk (KB)            : 25000       25000     28672 
	   GPUs                 :                           0 
	   Memory (MB)          :   757        6000      6016 
	   TimeExecute (s)      : 58012                       
	   TimeSlotBusy (s)     : 58012                       
...
009 (78854906.060.000) 2026-10-04 13:45:33 Job was aborted.
	via condor_rm (by user pratyusava.baral)
...
001 (78855135.060.000) 2026-10-04 13:49:17 Job executing on host: <10.14.5.188:9618?addrs=10.14.5.188-9618&alias=node1188.cluster.ldas.cit&noUDP&sock=startd_74266_e096>
	SlotName: slot1_2@node1188.cluster.ldas.cit
	CondorScratchDir = "/var/lib/condor/execute/dir_613505/scratch"
	Cpus = 4
	Disk = 28672
	GPUs = 0
	Memory = 6016
...
006 (78855135.060.000) 2026-10-04 13:49:26 Image size of job updated: 464268
	454  -  MemoryUsage of job (MB)
	464268  -  ResidentSetSize of job (KB)
...
006 (78855135.060.000) 2026-10-04 13:54:26 Image size of job updated: 474292
	464  -  MemoryUsage of job (MB)
	474292  -  ResidentSetSize of job (KB)
...
006 (78855135.060.000) 2026-10-04 13:59:26 Image size of job updated: 590056
	577  -  MemoryUsage of job (MB)
	590056  -  ResidentSetSize of job (KB)
...
006 (78855135.060.000) 2026-10-04 14:04:27 Image size of job updated: 591008
	578  -  MemoryUsage of job (MB)
	591008  -  ResidentSetSize of job (KB)
...
006 (78855135.060.000) 2026-10-04 14:09:28 Image size of job updated: 651580
	610  -  MemoryUsage of job (MB)
	624276  -  ResidentSetSize of job (KB)
...
006 (78855135.060.000) 2026-10-04 14:14:28 Image size of job updated: 651580
	611  -  MemoryUsage of job (MB)
	624796  -  ResidentSetSize of job (KB)
...
006 (78855135.060.000) 2026-10-04 14:19:29 Image size of job updated: 651580
	617  -  MemoryUsage of job (MB)
	631628  -  ResidentSetSize of job (KB)
...
006 (78855135.060.000) 2026-10-04 14:24:30 Image size of job updated: 659064
	644  -  MemoryUsage of job (MB)
	658548  -  ResidentSetSize of job (KB)
...
006 (78855135.060.000) 2026-10-04 14:29:30 Image size of job updated: 675752
	660  -  MemoryUsage of job (MB)
	675752  -  ResidentSetSize of job (KB)
...
006 (78855135.060.000) 2026-10-04 14:34:31 Image size of job updated: 707428
	686  -  MemoryUsage of job (MB)
	701528  -  ResidentSetSize of job (KB)
...
006 (78855135.060.000) 2026-10-04 14:39:32 Image size of job updated: 718624
	702  -  MemoryUsage of job (MB)
	718624  -  ResidentSetSize of job (KB)
...
006 (78855135.060.000) 2026-10-04 14:44:32 Image size of job updated: 741296
	723  -  MemoryUsage of job (MB)
	740060  -  ResidentSetSize of job (KB)
...
006 (78855135.060.000) 2026-10-04 14:49:32 Image size of job updated: 748448
	731  -  MemoryUsage of job (MB)
	748448  -  ResidentSetSize of job (KB)
...
006 (78855135.060.000) 2026-10-04 14:54:33 Image size of job updated: 748628
	732  -  MemoryUsage of job (MB)
	748628  -  ResidentSetSize of job (KB)
...
006 (78855135.060.000) 2026-10-04 14:59:33 Image size of job updated: 751108
	733  -  MemoryUsage of job (MB)
	750224  -  ResidentSetSize of job (KB)
...
006 (78855135.060.000) 2026-10-04 15:04:33 Image size of job updated: 751108
	733  -  MemoryUsage of job (MB)
	750352  -  ResidentSetSize of job (KB)
...
006 (78855135.060.000) 2026-10-04 15:09:34 Image size of job updated: 752876
	734  -  MemoryUsage of job (MB)
	750936  -  ResidentSetSize of job (KB)
...
006 (78855135.060.000) 2026-10-04 15:14:34 Image size of job updated: 752876
	734  -  MemoryUsage of job (MB)
	751116  -  ResidentSetSize of job (KB)
...
006 (78855135.060.000) 2026-10-04 15:19:34 Image size of job updated: 754508
	734  -  MemoryUsage of job (MB)
	751544  -  ResidentSetSize of job (KB)
...
006 (78855135.060.000) 2026-10-04 15:24:35 Image size of job updated: 754508
	735  -  MemoryUsage of job (MB)
	751708  -  ResidentSetSize of job (KB)
...
006 (78855135.060.000) 2026-10-04 15:39:36 Image size of job updated: 763624
	743  -  MemoryUsage of job (MB)
	760604  -  ResidentSetSize of job (KB)
...
006 (78855135.060.000) 2026-10-04 15:44:37 Image size of job updated: 763624
	743  -  MemoryUsage of job (MB)
	760648  -  ResidentSetSize of job (KB)
...
006 (78855135.060.000) 2026-10-04 15:49:37 Image size of job updated: 763624
	743  -  MemoryUsage of job (MB)
	760676  -  ResidentSetSize of job (KB)
...
006 (78855135.060.000) 2026-10-04 15:54:38 Image size of job updated: 764084
	747  -  MemoryUsage of job (MB)
	764084  -  ResidentSetSize of job (KB)
...
006 (78855135.060.000) 2026-10-04 15:59:39 Image size of job updated: 764132
	747  -  MemoryUsage of job (MB)
	764132  -  ResidentSetSize of job (KB)
...
006 (78855135.060.000) 2026-10-04 16:09:18 Image size of job updated: 767592
	750  -  MemoryUsage of job (MB)
	767592  -  ResidentSetSize of job (KB)
...
006 (78855135.060.000) 2026-10-04 16:23:15 Image size of job updated: 770080
	753  -  MemoryUsage of job (MB)
	770080  -  ResidentSetSize of job (KB)
...
006 (78855135.060.000) 2026-10-04 16:34:25 Image size of job updated: 772328
	753  -  MemoryUsage of job (MB)
	770344  -  ResidentSetSize of job (KB)
...
006 (78855135.060.000) 2026-10-04 16:41:07 Image size of job updated: 772644
	755  -  MemoryUsage of job (MB)
	772644  -  ResidentSetSize of job (KB)
...
006 (78855135.060.000) 2026-10-04 16:46:08 Image size of job updated: 772676
	755  -  MemoryUsage of job (MB)
	772676  -  ResidentSetSize of job (KB)
...
006 (78855135.060.000) 2026-10-04 16:51:09 Image size of job updated: 773700
	756  -  MemoryUsage of job (MB)
	773700  -  ResidentSetSize of job (KB)
...
006 (78855135.060.000) 2026-10-04 17:21:13 Image size of job updated: 773760
	756  -  MemoryUsage of job (MB)
	773760  -  ResidentSetSize of job (KB)
...
006 (78855135.060.000) 2026-10-04 17:26:13 Image size of job updated: 773800
	756  -  MemoryUsage of job (MB)
	773800  -  ResidentSetSize of job (KB)
...
006 (78855135.060.000) 2026-10-04 17:31:14 Image size of job updated: 774960
	757  -  MemoryUsage of job (MB)
	774960  -  ResidentSetSize of job (KB)
...
006 (78855135.060.000) 2026-10-04 17:36:14 Image size of job updated: 774972
	757  -  MemoryUsage of job (MB)
	774972  -  ResidentSetSize of job (KB)
...
006 (78855135.060.000) 2026-10-04 17:41:14 Image size of job updated: 775012
	757  -  MemoryUsage of job (MB)
	775012  -  ResidentSetSize of job (KB)
...
006 (78855135.060.000) 2026-10-04 17:46:15 Image size of job updated: 775052
	757  -  MemoryUsage of job (MB)
	775052  -  ResidentSetSize of job (KB)
...
006 (78855135.060.000) 2026-10-04 17:51:15 Image size of job updated: 775080
	757  -  MemoryUsage of job (MB)
	775080  -  ResidentSetSize of job (KB)
...
006 (78855135.060.000) 2026-10-04 17:56:15 Image size of job updated: 775124
	757  -  MemoryUsage of job (MB)
	775124  -  ResidentSetSize of job (KB)
...
006 (78855135.060.000) 2026-10-04 18:01:16 Image size of job updated: 775244
	758  -  MemoryUsage of job (MB)
	775244  -  ResidentSetSize of job (KB)
...
006 (78855135.060.000) 2026-10-04 18:06:16 Image size of job updated: 775292
	758  -  MemoryUsage of job (MB)
	775292  -  ResidentSetSize of job (KB)
...
006 (78855135.060.000) 2026-10-04 18:11:16 Image size of job updated: 775304
	758  -  MemoryUsage of job (MB)
	775304  -  ResidentSetSize of job (KB)
...
006 (78855135.060.000) 2026-10-04 18:16:17 Image size of job updated: 775352
	758  -  MemoryUsage of job (MB)
	775352  -  ResidentSetSize of job (KB)
...
006 (78855135.060.000) 2026-10-04 18:21:17 Image size of job updated: 775360
	758  -  MemoryUsage of job (MB)
	775360  -  ResidentSetSize of job (KB)
...
006 (78855135.060.000) 2026-10-04 18:26:17 Image size of job updated: 777376
	759  -  MemoryUsage of job (MB)
	776384  -  ResidentSetSize of job (KB)
...
006 (78855135.060.000) 2026-10-04 18:31:18 Image size of job updated: 777376
	759  -  MemoryUsage of job (MB)
	776428  -  ResidentSetSize of job (KB)
...
006 (78855135.060.000) 2026-10-04 18:36:18 Image size of job updated: 777376
	759  -  MemoryUsage of job (MB)
	776452  -  ResidentSetSize of job (KB)
...
006 (78855135.060.000) 2026-10-04 18:41:18 Image size of job updated: 778472
	759  -  MemoryUsage of job (MB)
	776452  -  ResidentSetSize of job (KB)
...
006 (78855135.060.000) 2026-10-04 18:46:19 Image size of job updated: 778472
	759  -  MemoryUsage of job (MB)
	776464  -  ResidentSetSize of job (KB)
...
006 (78855135.060.000) 2026-10-04 18:51:19 Image size of job updated: 778472
	759  -  MemoryUsage of job (MB)
	776476  -  ResidentSetSize of job (KB)
...
006 (78855135.060.000) 2026-10-04 19:16:21 Image size of job updated: 778472
	759  -  MemoryUsage of job (MB)
	776600  -  ResidentSetSize of job (KB)
...
006 (78855135.060.000) 2026-10-04 19:21:21 Image size of job updated: 778472
	760  -  MemoryUsage of job (MB)
	777656  -  ResidentSetSize of job (KB)
...
006 (78855135.060.000) 2026-10-04 19:26:22 Image size of job updated: 778472
	760  -  MemoryUsage of job (MB)
	777672  -  ResidentSetSize of job (KB)
...
006 (78855135.060.000) 2026-10-04 19:31:23 Image size of job updated: 778472
	760  -  MemoryUsage of job (MB)
	777676  -  ResidentSetSize of job (KB)
...
006 (78855135.060.000) 2026-10-04 19:51:25 Image size of job updated: 779788
	760  -  MemoryUsage of job (MB)
	777796  -  ResidentSetSize of job (KB)
...
006 (78855135.060.000) 2026-10-04 19:56:26 Image size of job updated: 779788
	760  -  MemoryUsage of job (MB)
	777816  -  ResidentSetSize of job (KB)
...
006 (78855135.060.000) 2026-10-04 20:01:27 Image size of job updated: 779788
	761  -  MemoryUsage of job (MB)
	778840  -  ResidentSetSize of job (KB)
...
006 (78855135.060.000) 2026-10-04 20:06:27 Image size of job updated: 779788
	761  -  MemoryUsage of job (MB)
	778844  -  ResidentSetSize of job (KB)
...
006 (78855135.060.000) 2026-10-04 20:11:28 Image size of job updated: 779788
	761  -  MemoryUsage of job (MB)
	778852  -  ResidentSetSize of job (KB)
...
006 (78855135.060.000) 2026-10-04 20:26:29 Image size of job updated: 779788
	761  -  MemoryUsage of job (MB)
	778988  -  ResidentSetSize of job (KB)
...
006 (78855135.060.000) 2026-10-04 20:31:29 Image size of job updated: 779788
	761  -  MemoryUsage of job (MB)
	779052  -  ResidentSetSize of job (KB)
...
006 (78855135.060.000) 2026-10-04 20:51:30 Image size of job updated: 780020
	762  -  MemoryUsage of job (MB)
	780020  -  ResidentSetSize of job (KB)
...
006 (78855135.060.000) 2026-10-04 20:56:31 Image size of job updated: 780056
	762  -  MemoryUsage of job (MB)
	780056  -  ResidentSetSize of job (KB)
...
006 (78855135.060.000) 2026-10-04 21:01:31 Image size of job updated: 781072
	763  -  MemoryUsage of job (MB)
	781072  -  ResidentSetSize of job (KB)
...
006 (78855135.060.000) 2026-10-04 21:06:31 Image size of job updated: 781092
	763  -  MemoryUsage of job (MB)
	781092  -  ResidentSetSize of job (KB)
...
006 (78855135.060.000) 2026-10-04 21:11:32 Image size of job updated: 782104
	764  -  MemoryUsage of job (MB)
	782104  -  ResidentSetSize of job (KB)
...
006 (78855135.060.000) 2026-10-04 21:16:32 Image size of job updated: 782108
	764  -  MemoryUsage of job (MB)
	782108  -  ResidentSetSize of job (KB)
...
006 (78855135.060.000) 2026-10-04 21:21:32 Image size of job updated: 782128
	764  -  MemoryUsage of job (MB)
	782128  -  ResidentSetSize of job (KB)
...
006 (78855135.060.000) 2026-10-04 21:26:33 Image size of job updated: 790672
	773  -  MemoryUsage of job (MB)
	790672  -  ResidentSetSize of job (KB)
...
006 (78855135.060.000) 2026-10-04 21:31:33 Image size of job updated: 790700
	773  -  MemoryUsage of job (MB)
	790700  -  ResidentSetSize of job (KB)
...
006 (78855135.060.000) 2026-10-04 21:36:33 Image size of job updated: 790712
	773  -  MemoryUsage of job (MB)
	790712  -  ResidentSetSize of job (KB)
...
006 (78855135.060.000) 2026-10-04 21:41:34 Image size of job updated: 791732
	774  -  MemoryUsage of job (MB)
	791732  -  ResidentSetSize of job (KB)
...
006 (78855135.060.000) 2026-10-04 21:46:34 Image size of job updated: 791744
	774  -  MemoryUsage of job (MB)
	791744  -  ResidentSetSize of job (KB)
...
006 (78855135.060.000) 2026-10-04 21:51:34 Image size of job updated: 791768
	774  -  MemoryUsage of job (MB)
	791768  -  ResidentSetSize of job (KB)
...
006 (78855135.060.000) 2026-10-04 21:56:35 Image size of job updated: 791800
	774  -  MemoryUsage of job (MB)
	791800  -  ResidentSetSize of job (KB)
...
006 (78855135.060.000) 2026-10-04 22:01:35 Image size of job updated: 791848
	774  -  MemoryUsage of job (MB)
	791848  -  ResidentSetSize of job (KB)
...
006 (78855135.060.000) 2026-10-04 22:06:35 Image size of job updated: 793916
	775  -  MemoryUsage of job (MB)
	792904  -  ResidentSetSize of job (KB)
...
006 (78855135.060.000) 2026-10-04 22:11:36 Image size of job updated: 793916
	775  -  MemoryUsage of job (MB)
	792920  -  ResidentSetSize of job (KB)
...
006 (78855135.060.000) 2026-10-04 22:16:36 Image size of job updated: 793916
	775  -  MemoryUsage of job (MB)
	792936  -  ResidentSetSize of job (KB)
...
006 (78855135.060.000) 2026-10-04 22:21:36 Image size of job updated: 800900
	775  -  MemoryUsage of job (MB)
	792936  -  ResidentSetSize of job (KB)
...
006 (78855135.060.000) 2026-10-04 23:26:43 Image size of job updated: 805076
	775  -  MemoryUsage of job (MB)
	792936  -  ResidentSetSize of job (KB)
...
006 (78855135.060.000) 2026-10-05 01:47:02 Image size of job updated: 805076
	777  -  MemoryUsage of job (MB)
	795076  -  ResidentSetSize of job (KB)
...
006 (78855135.060.000) 2026-10-05 01:52:02 Image size of job updated: 805076
	777  -  MemoryUsage of job (MB)
	795084  -  ResidentSetSize of job (KB)
...
006 (78855135.060.000) 2026-10-05 03:27:11 Image size of job updated: 809136
	777  -  MemoryUsage of job (MB)
	795084  -  ResidentSetSize of job (KB)
...
006 (78855135.060.000) 2026-10-05 03:52:13 Image size of job updated: 809136
	778  -  MemoryUsage of job (MB)
	796372  -  ResidentSetSize of job (KB)
...
006 (78855135.060.000) 2026-10-05 03:57:14 Image size of job updated: 809136
	778  -  MemoryUsage of job (MB)
	796380  -  ResidentSetSize of job (KB)
...
006 (78855135.060.000) 2026-10-05 04:27:18 Image size of job updated: 809136
	779  -  MemoryUsage of job (MB)
	797372  -  ResidentSetSize of job (KB)
...
006 (78855135.060.000) 2026-10-05 04:32:18 Image size of job updated: 809136
	779  -  MemoryUsage of job (MB)
	797376  -  ResidentSetSize of job (KB)
...
006 (78855135.060.000) 2026-10-05 04:47:20 Image size of job updated: 809136
	779  -  MemoryUsage of job (MB)
	797400  -  ResidentSetSize of job (KB)
...
006 (78855135.060.000) 2026-10-05 04:52:21 Image size of job updated: 809136
	779  -  MemoryUsage of job (MB)
	797408  -  ResidentSetSize of job (KB)
...
006 (78855135.060.000) 2026-10-05 04:57:21 Image size of job updated: 809136
	779  -  MemoryUsage of job (MB)
	797420  -  ResidentSetSize of job (KB)
...
006 (78855135.060.000) 2026-10-05 05:07:22 Image size of job updated: 809136
	779  -  MemoryUsage of job (MB)
	797508  -  ResidentSetSize of job (KB)
...
006 (78855135.060.000) 2026-10-05 05:12:22 Image size of job updated: 809136
	779  -  MemoryUsage of job (MB)
	797536  -  ResidentSetSize of job (KB)
...
006 (78855135.060.000) 2026-10-05 05:17:22 Image size of job updated: 809136
	780  -  MemoryUsage of job (MB)
	798548  -  ResidentSetSize of job (KB)
...
006 (78855135.060.000) 2026-10-05 05:22:23 Image size of job updated: 809136
	780  -  MemoryUsage of job (MB)
	798552  -  ResidentSetSize of job (KB)
...
006 (78855135.060.000) 2026-10-05 05:42:25 Image size of job updated: 809136
	780  -  MemoryUsage of job (MB)
	798604  -  ResidentSetSize of job (KB)
...
006 (78855135.060.000) 2026-10-05 05:47:25 Image size of job updated: 809136
	780  -  MemoryUsage of job (MB)
	798620  -  ResidentSetSize of job (KB)
...
006 (78855135.060.000) 2026-10-05 05:52:26 Image size of job updated: 809136
	780  -  MemoryUsage of job (MB)
	798636  -  ResidentSetSize of job (KB)
...
006 (78855135.060.000) 2026-10-05 05:57:27 Image size of job updated: 809232
	780  -  MemoryUsage of job (MB)
	798636  -  ResidentSetSize of job (KB)
...
006 (78855135.060.000) 2026-10-05 06:12:29 Image size of job updated: 809232
	781  -  MemoryUsage of job (MB)
	799672  -  ResidentSetSize of job (KB)
...
006 (78855135.060.000) 2026-10-05 06:17:29 Image size of job updated: 809232
	781  -  MemoryUsage of job (MB)
	799692  -  ResidentSetSize of job (KB)
...
006 (78855135.060.000) 2026-10-05 06:22:30 Image size of job updated: 809232
	781  -  MemoryUsage of job (MB)
	799720  -  ResidentSetSize of job (KB)
...
006 (78855135.060.000) 2026-10-05 07:17:37 Image size of job updated: 815148
	781  -  MemoryUsage of job (MB)
	799720  -  ResidentSetSize of job (KB)
...
006 (78855135.060.000) 2026-10-05 07:32:39 Image size of job updated: 815148
	785  -  MemoryUsage of job (MB)
	803420  -  ResidentSetSize of job (KB)
...
006 (78855135.060.000) 2026-10-05 07:42:41 Image size of job updated: 815148
	785  -  MemoryUsage of job (MB)
	803424  -  ResidentSetSize of job (KB)
...
006 (78855135.060.000) 2026-10-05 07:47:41 Image size of job updated: 815148
	785  -  MemoryUsage of job (MB)
	803432  -  ResidentSetSize of job (KB)
...
006 (78855135.060.000) 2026-10-05 07:52:42 Image size of job updated: 815148
	785  -  MemoryUsage of job (MB)
	803440  -  ResidentSetSize of job (KB)
...
006 (78855135.060.000) 2026-10-05 07:57:43 Image size of job updated: 815148
	785  -  MemoryUsage of job (MB)
	803444  -  ResidentSetSize of job (KB)
...
006 (78855135.060.000) 2026-10-05 08:02:43 Image size of job updated: 815208
	785  -  MemoryUsage of job (MB)
	803444  -  ResidentSetSize of job (KB)
...
006 (78855135.060.000) 2026-10-05 08:22:45 Image size of job updated: 816248
	785  -  MemoryUsage of job (MB)
	803444  -  ResidentSetSize of job (KB)
...
006 (78855135.060.000) 2026-10-05 09:17:50 Image size of job updated: 817384
	785  -  MemoryUsage of job (MB)
	803444  -  ResidentSetSize of job (KB)
...
006 (78855135.060.000) 2026-10-05 09:42:54 Image size of job updated: 817500
	785  -  MemoryUsage of job (MB)
	803444  -  ResidentSetSize of job (KB)
...
006 (78855135.060.000) 2026-10-05 10:27:57 Image size of job updated: 818580
	785  -  MemoryUsage of job (MB)
	803444  -  ResidentSetSize of job (KB)
...
006 (78855135.060.000) 2026-10-05 10:57:59 Image size of job updated: 818580
	786  -  MemoryUsage of job (MB)
	804264  -  ResidentSetSize of job (KB)
...
006 (78855135.060.000) 2026-10-05 11:07:59 Image size of job updated: 819636
	786  -  MemoryUsage of job (MB)
	804264  -  ResidentSetSize of job (KB)
...
006 (78855135.060.000) 2026-10-05 11:48:02 Image size of job updated: 819636
	790  -  MemoryUsage of job (MB)
	808956  -  ResidentSetSize of job (KB)
...
006 (78855135.060.000) 2026-10-05 12:58:08 Image size of job updated: 819768
	790  -  MemoryUsage of job (MB)
	808956  -  ResidentSetSize of job (KB)
...
006 (78855135.060.000) 2026-10-05 13:23:11 Image size of job updated: 825888
	790  -  MemoryUsage of job (MB)
	808956  -  ResidentSetSize of job (KB)
...
