000 (78851234.065.000) 2026-09-30 12:35:31 Job submitted from host: <10.14.0.121:9618?addrs=10.14.0.121-9618&alias=ldas-pcdev12.ligo.caltech.edu&noUDP&sock=schedd_623140_c9b4>
...
022 (78851234.065.000) 2026-09-30 13:36:54 Job disconnected, attempting to reconnect
    Socket between submit and execute hosts closed unexpectedly
    Trying to reconnect to slot1_24@node771.cluster.ldas.cit <10.14.4.21:9618?addrs=10.14.4.21-9618&alias=node771.cluster.ldas.cit&noUDP&sock=startd_4109349_3105>
...
024 (78851234.065.000) 2026-09-30 13:36:54 Job reconnection failed
    Job disconnected too long: JobLeaseDuration (2400 seconds) expired
    Can not reconnect to slot1_24@node771.cluster.ldas.cit, rescheduling job
...
004 (78851234.065.000) 2026-09-30 13:36:54 Job was evicted. Code 1008 Subcode 0
	(0) CPU times
		Usr 0 00:00:00, Sys 0 00:00:00  -  Run Remote Usage
		Usr 0 00:00:00, Sys 0 00:00:00  -  Run Local Usage
	0  -  Run Bytes Sent By Job
	0  -  Run Bytes Received By Job
	Reason: Job disconnected too long: JobLeaseDuration (2400 seconds) expired
	Partitionable Resources :    Usage  Request Allocated 
	   Cpus                 :                 4         4 
	   Disk (KB)            :    25000    25000     28672 
	   GPUs                 :                           0 
	   Memory (MB)          :              6000      6016 
...
001 (78851234.065.000) 2026-09-30 13:38:15 Job executing on host: <10.14.6.144:9618?addrs=10.14.6.144-9618&alias=node1394.cluster.ldas.cit&noUDP&sock=startd_33814_2b81>
	SlotName: slot1_1@node1394.cluster.ldas.cit
	CondorScratchDir = "/var/lib/condor/execute/dir_257092/scratch"
	Cpus = 4
	Disk = 28672
	GPUs = 0
	Memory = 6016
...
006 (78851234.065.000) 2026-09-30 13:38:23 Image size of job updated: 158468
	155  -  MemoryUsage of job (MB)
	158468  -  ResidentSetSize of job (KB)
...
006 (78851234.065.000) 2026-09-30 13:43:23 Image size of job updated: 357716
	350  -  MemoryUsage of job (MB)
	357716  -  ResidentSetSize of job (KB)
...
006 (78851234.065.000) 2026-09-30 13:48:23 Image size of job updated: 374864
	367  -  MemoryUsage of job (MB)
	374864  -  ResidentSetSize of job (KB)
...
006 (78851234.065.000) 2026-09-30 13:53:24 Image size of job updated: 499112
	488  -  MemoryUsage of job (MB)
	499112  -  ResidentSetSize of job (KB)
...
006 (78851234.065.000) 2026-09-30 13:58:24 Image size of job updated: 512616
	501  -  MemoryUsage of job (MB)
	512616  -  ResidentSetSize of job (KB)
...
006 (78851234.065.000) 2026-09-30 14:03:24 Image size of job updated: 527268
	515  -  MemoryUsage of job (MB)
	527268  -  ResidentSetSize of job (KB)
...
006 (78851234.065.000) 2026-09-30 14:08:25 Image size of job updated: 527388
	516  -  MemoryUsage of job (MB)
	527388  -  ResidentSetSize of job (KB)
...
006 (78851234.065.000) 2026-09-30 14:13:25 Image size of job updated: 531616
	520  -  MemoryUsage of job (MB)
	531616  -  ResidentSetSize of job (KB)
...
006 (78851234.065.000) 2026-09-30 14:18:25 Image size of job updated: 531732
	520  -  MemoryUsage of job (MB)
	531732  -  ResidentSetSize of job (KB)
...
006 (78851234.065.000) 2026-09-30 14:23:26 Image size of job updated: 541132
	529  -  MemoryUsage of job (MB)
	541132  -  ResidentSetSize of job (KB)
...
006 (78851234.065.000) 2026-09-30 14:28:26 Image size of job updated: 546696
	534  -  MemoryUsage of job (MB)
	546696  -  ResidentSetSize of job (KB)
...
006 (78851234.065.000) 2026-09-30 14:33:26 Image size of job updated: 578272
	565  -  MemoryUsage of job (MB)
	578272  -  ResidentSetSize of job (KB)
...
006 (78851234.065.000) 2026-09-30 14:38:27 Image size of job updated: 578676
	566  -  MemoryUsage of job (MB)
	578676  -  ResidentSetSize of job (KB)
...
006 (78851234.065.000) 2026-09-30 14:43:27 Image size of job updated: 595320
	577  -  MemoryUsage of job (MB)
	590316  -  ResidentSetSize of job (KB)
...
006 (78851234.065.000) 2026-09-30 14:48:27 Image size of job updated: 595320
	577  -  MemoryUsage of job (MB)
	590364  -  ResidentSetSize of job (KB)
...
006 (78851234.065.000) 2026-09-30 14:53:28 Image size of job updated: 595320
	578  -  MemoryUsage of job (MB)
	591024  -  ResidentSetSize of job (KB)
...
006 (78851234.065.000) 2026-09-30 14:58:28 Image size of job updated: 595320
	578  -  MemoryUsage of job (MB)
	591092  -  ResidentSetSize of job (KB)
...
006 (78851234.065.000) 2026-09-30 15:03:28 Image size of job updated: 595320
	580  -  MemoryUsage of job (MB)
	593848  -  ResidentSetSize of job (KB)
...
006 (78851234.065.000) 2026-09-30 15:08:29 Image size of job updated: 595320
	580  -  MemoryUsage of job (MB)
	593920  -  ResidentSetSize of job (KB)
...
006 (78851234.065.000) 2026-09-30 15:13:29 Image size of job updated: 595320
	581  -  MemoryUsage of job (MB)
	593944  -  ResidentSetSize of job (KB)
...
006 (78851234.065.000) 2026-09-30 15:18:29 Image size of job updated: 595320
	581  -  MemoryUsage of job (MB)
	593980  -  ResidentSetSize of job (KB)
...
006 (78851234.065.000) 2026-09-30 15:23:30 Image size of job updated: 595320
	581  -  MemoryUsage of job (MB)
	594020  -  ResidentSetSize of job (KB)
...
006 (78851234.065.000) 2026-09-30 15:28:30 Image size of job updated: 595320
	581  -  MemoryUsage of job (MB)
	594068  -  ResidentSetSize of job (KB)
...
006 (78851234.065.000) 2026-09-30 15:33:30 Image size of job updated: 595320
	581  -  MemoryUsage of job (MB)
	594108  -  ResidentSetSize of job (KB)
...
006 (78851234.065.000) 2026-09-30 15:38:31 Image size of job updated: 599148
	583  -  MemoryUsage of job (MB)
	596728  -  ResidentSetSize of job (KB)
...
006 (78851234.065.000) 2026-09-30 15:43:31 Image size of job updated: 599148
	583  -  MemoryUsage of job (MB)
	596776  -  ResidentSetSize of job (KB)
...
006 (78851234.065.000) 2026-09-30 15:48:31 Image size of job updated: 599148
	585  -  MemoryUsage of job (MB)
	598256  -  ResidentSetSize of job (KB)
...
006 (78851234.065.000) 2026-09-30 15:53:32 Image size of job updated: 599148
	585  -  MemoryUsage of job (MB)
	598348  -  ResidentSetSize of job (KB)
...
006 (78851234.065.000) 2026-09-30 15:58:32 Image size of job updated: 599148
	585  -  MemoryUsage of job (MB)
	598368  -  ResidentSetSize of job (KB)
...
006 (78851234.065.000) 2026-09-30 16:03:32 Image size of job updated: 599516
	586  -  MemoryUsage of job (MB)
	599516  -  ResidentSetSize of job (KB)
...
006 (78851234.065.000) 2026-09-30 16:08:33 Image size of job updated: 599552
	586  -  MemoryUsage of job (MB)
	599552  -  ResidentSetSize of job (KB)
...
006 (78851234.065.000) 2026-09-30 16:13:33 Image size of job updated: 599580
	586  -  MemoryUsage of job (MB)
	599580  -  ResidentSetSize of job (KB)
...
006 (78851234.065.000) 2026-09-30 16:18:33 Image size of job updated: 600664
	587  -  MemoryUsage of job (MB)
	600664  -  ResidentSetSize of job (KB)
...
006 (78851234.065.000) 2026-09-30 16:23:34 Image size of job updated: 600692
	587  -  MemoryUsage of job (MB)
	600692  -  ResidentSetSize of job (KB)
...
006 (78851234.065.000) 2026-09-30 16:28:34 Image size of job updated: 600708
	587  -  MemoryUsage of job (MB)
	600708  -  ResidentSetSize of job (KB)
...
006 (78851234.065.000) 2026-09-30 16:33:34 Image size of job updated: 600712
	587  -  MemoryUsage of job (MB)
	600712  -  ResidentSetSize of job (KB)
...
006 (78851234.065.000) 2026-09-30 16:38:35 Image size of job updated: 601720
	588  -  MemoryUsage of job (MB)
	601720  -  ResidentSetSize of job (KB)
...
006 (78851234.065.000) 2026-09-30 16:43:36 Image size of job updated: 601736
	588  -  MemoryUsage of job (MB)
	601736  -  ResidentSetSize of job (KB)
...
006 (78851234.065.000) 2026-09-30 16:48:36 Image size of job updated: 602760
	589  -  MemoryUsage of job (MB)
	602760  -  ResidentSetSize of job (KB)
...
006 (78851234.065.000) 2026-09-30 16:53:37 Image size of job updated: 602768
	589  -  MemoryUsage of job (MB)
	602768  -  ResidentSetSize of job (KB)
...
006 (78851234.065.000) 2026-09-30 16:58:38 Image size of job updated: 602780
	589  -  MemoryUsage of job (MB)
	602780  -  ResidentSetSize of job (KB)
...
006 (78851234.065.000) 2026-09-30 17:03:38 Image size of job updated: 602800
	589  -  MemoryUsage of job (MB)
	602800  -  ResidentSetSize of job (KB)
...
006 (78851234.065.000) 2026-09-30 17:08:39 Image size of job updated: 602884
	589  -  MemoryUsage of job (MB)
	602884  -  ResidentSetSize of job (KB)
...
006 (78851234.065.000) 2026-09-30 17:13:40 Image size of job updated: 602896
	589  -  MemoryUsage of job (MB)
	602896  -  ResidentSetSize of job (KB)
...
006 (78851234.065.000) 2026-09-30 17:18:40 Image size of job updated: 602924
	589  -  MemoryUsage of job (MB)
	602924  -  ResidentSetSize of job (KB)
...
006 (78851234.065.000) 2026-09-30 17:23:40 Image size of job updated: 602976
	589  -  MemoryUsage of job (MB)
	602976  -  ResidentSetSize of job (KB)
...
006 (78851234.065.000) 2026-09-30 17:28:41 Image size of job updated: 602984
	589  -  MemoryUsage of job (MB)
	602984  -  ResidentSetSize of job (KB)
...
006 (78851234.065.000) 2026-09-30 17:33:41 Image size of job updated: 604000
	590  -  MemoryUsage of job (MB)
	604000  -  ResidentSetSize of job (KB)
...
006 (78851234.065.000) 2026-09-30 17:38:41 Image size of job updated: 604012
	590  -  MemoryUsage of job (MB)
	604012  -  ResidentSetSize of job (KB)
...
006 (78851234.065.000) 2026-09-30 17:43:42 Image size of job updated: 604024
	590  -  MemoryUsage of job (MB)
	604024  -  ResidentSetSize of job (KB)
...
006 (78851234.065.000) 2026-09-30 17:48:42 Image size of job updated: 604036
	590  -  MemoryUsage of job (MB)
	604036  -  ResidentSetSize of job (KB)
...
006 (78851234.065.000) 2026-09-30 17:53:42 Image size of job updated: 607240
	594  -  MemoryUsage of job (MB)
	607240  -  ResidentSetSize of job (KB)
...
006 (78851234.065.000) 2026-09-30 17:58:43 Image size of job updated: 607252
	594  -  MemoryUsage of job (MB)
	607252  -  ResidentSetSize of job (KB)
...
006 (78851234.065.000) 2026-09-30 18:03:43 Image size of job updated: 608108
	594  -  MemoryUsage of job (MB)
	608108  -  ResidentSetSize of job (KB)
...
006 (78851234.065.000) 2026-09-30 18:08:43 Image size of job updated: 608136
	594  -  MemoryUsage of job (MB)
	608136  -  ResidentSetSize of job (KB)
...
006 (78851234.065.000) 2026-09-30 18:13:44 Image size of job updated: 608320
	595  -  MemoryUsage of job (MB)
	608320  -  ResidentSetSize of job (KB)
...
006 (78851234.065.000) 2026-09-30 18:18:45 Image size of job updated: 608360
	595  -  MemoryUsage of job (MB)
	608360  -  ResidentSetSize of job (KB)
...
006 (78851234.065.000) 2026-09-30 18:23:45 Image size of job updated: 612448
	599  -  MemoryUsage of job (MB)
	612448  -  ResidentSetSize of job (KB)
...
006 (78851234.065.000) 2026-09-30 18:28:46 Image size of job updated: 612464
	599  -  MemoryUsage of job (MB)
	612464  -  ResidentSetSize of job (KB)
...
006 (78851234.065.000) 2026-09-30 18:33:47 Image size of job updated: 614776
	601  -  MemoryUsage of job (MB)
	614776  -  ResidentSetSize of job (KB)
...
006 (78851234.065.000) 2026-09-30 18:38:47 Image size of job updated: 614780
	601  -  MemoryUsage of job (MB)
	614780  -  ResidentSetSize of job (KB)
...
006 (78851234.065.000) 2026-09-30 18:43:48 Image size of job updated: 623296
	609  -  MemoryUsage of job (MB)
	623296  -  ResidentSetSize of job (KB)
...
006 (78851234.065.000) 2026-09-30 18:48:49 Image size of job updated: 623308
	609  -  MemoryUsage of job (MB)
	623308  -  ResidentSetSize of job (KB)
...
006 (78851234.065.000) 2026-09-30 18:53:49 Image size of job updated: 623316
	609  -  MemoryUsage of job (MB)
	623316  -  ResidentSetSize of job (KB)
...
006 (78851234.065.000) 2026-09-30 18:58:50 Image size of job updated: 624344
	610  -  MemoryUsage of job (MB)
	624344  -  ResidentSetSize of job (KB)
...
006 (78851234.065.000) 2026-09-30 19:03:51 Image size of job updated: 624348
	610  -  MemoryUsage of job (MB)
	624348  -  ResidentSetSize of job (KB)
...
006 (78851234.065.000) 2026-09-30 19:08:51 Image size of job updated: 624360
	610  -  MemoryUsage of job (MB)
	624360  -  ResidentSetSize of job (KB)
...
006 (78851234.065.000) 2026-09-30 19:13:51 Image size of job updated: 624364
	610  -  MemoryUsage of job (MB)
	624364  -  ResidentSetSize of job (KB)
...
006 (78851234.065.000) 2026-09-30 19:18:52 Image size of job updated: 624368
	610  -  MemoryUsage of job (MB)
	624368  -  ResidentSetSize of job (KB)
...
006 (78851234.065.000) 2026-09-30 19:23:52 Image size of job updated: 624376
	610  -  MemoryUsage of job (MB)
	624376  -  ResidentSetSize of job (KB)
...
006 (78851234.065.000) 2026-09-30 19:28:52 Image size of job updated: 624384
	610  -  MemoryUsage of job (MB)
	624384  -  ResidentSetSize of job (KB)
...
006 (78851234.065.000) 2026-09-30 19:33:53 Image size of job updated: 624388
	610  -  MemoryUsage of job (MB)
	624388  -  ResidentSetSize of job (KB)
...
006 (78851234.065.000) 2026-09-30 19:38:53 Image size of job updated: 624396
	610  -  MemoryUsage of job (MB)
	624396  -  ResidentSetSize of job (KB)
...
006 (78851234.065.000) 2026-09-30 19:43:53 Image size of job updated: 624408
	610  -  MemoryUsage of job (MB)
	624408  -  ResidentSetSize of job (KB)
...
006 (78851234.065.000) 2026-09-30 19:48:54 Image size of job updated: 625512
	611  -  MemoryUsage of job (MB)
	625512  -  ResidentSetSize of job (KB)
...
006 (78851234.065.000) 2026-09-30 19:53:55 Image size of job updated: 625520
	611  -  MemoryUsage of job (MB)
	625520  -  ResidentSetSize of job (KB)
...
006 (78851234.065.000) 2026-09-30 19:58:55 Image size of job updated: 625528
	611  -  MemoryUsage of job (MB)
	625528  -  ResidentSetSize of job (KB)
...
006 (78851234.065.000) 2026-09-30 20:03:56 Image size of job updated: 625540
	611  -  MemoryUsage of job (MB)
	625540  -  ResidentSetSize of job (KB)
...
006 (78851234.065.000) 2026-09-30 20:08:57 Image size of job updated: 625548
	611  -  MemoryUsage of job (MB)
	625548  -  ResidentSetSize of job (KB)
...
006 (78851234.065.000) 2026-09-30 20:13:57 Image size of job updated: 626632
	612  -  MemoryUsage of job (MB)
	626632  -  ResidentSetSize of job (KB)
...
006 (78851234.065.000) 2026-09-30 20:18:58 Image size of job updated: 627608
	613  -  MemoryUsage of job (MB)
	627608  -  ResidentSetSize of job (KB)
...
006 (78851234.065.000) 2026-09-30 20:23:59 Image size of job updated: 630692
	616  -  MemoryUsage of job (MB)
	630692  -  ResidentSetSize of job (KB)
...
006 (78851234.065.000) 2026-09-30 20:28:59 Image size of job updated: 630696
	616  -  MemoryUsage of job (MB)
	630696  -  ResidentSetSize of job (KB)
...
006 (78851234.065.000) 2026-09-30 20:33:59 Image size of job updated: 630708
	616  -  MemoryUsage of job (MB)
	630708  -  ResidentSetSize of job (KB)
...
006 (78851234.065.000) 2026-09-30 20:39:00 Image size of job updated: 630716
	616  -  MemoryUsage of job (MB)
	630716  -  ResidentSetSize of job (KB)
...
006 (78851234.065.000) 2026-09-30 20:44:00 Image size of job updated: 630728
	616  -  MemoryUsage of job (MB)
	630728  -  ResidentSetSize of job (KB)
...
006 (78851234.065.000) 2026-09-30 20:54:01 Image size of job updated: 630732
	616  -  MemoryUsage of job (MB)
	630732  -  ResidentSetSize of job (KB)
...
006 (78851234.065.000) 2026-09-30 20:59:01 Image size of job updated: 630748
	616  -  MemoryUsage of job (MB)
	630748  -  ResidentSetSize of job (KB)
...
006 (78851234.065.000) 2026-09-30 21:04:01 Image size of job updated: 630756
	616  -  MemoryUsage of job (MB)
	630756  -  ResidentSetSize of job (KB)
...
006 (78851234.065.000) 2026-09-30 21:09:02 Image size of job updated: 630764
	616  -  MemoryUsage of job (MB)
	630764  -  ResidentSetSize of job (KB)
...
006 (78851234.065.000) 2026-09-30 21:24:03 Image size of job updated: 630776
	616  -  MemoryUsage of job (MB)
	630776  -  ResidentSetSize of job (KB)
...
006 (78851234.065.000) 2026-09-30 21:34:03 Image size of job updated: 630780
	616  -  MemoryUsage of job (MB)
	630780  -  ResidentSetSize of job (KB)
...
006 (78851234.065.000) 2026-09-30 21:44:05 Image size of job updated: 630788
	617  -  MemoryUsage of job (MB)
	630788  -  ResidentSetSize of job (KB)
...
006 (78851234.065.000) 2026-09-30 21:49:05 Image size of job updated: 630792
	617  -  MemoryUsage of job (MB)
	630792  -  ResidentSetSize of job (KB)
...
006 (78851234.065.000) 2026-09-30 21:54:06 Image size of job updated: 630804
	617  -  MemoryUsage of job (MB)
	630804  -  ResidentSetSize of job (KB)
...
006 (78851234.065.000) 2026-09-30 22:09:08 Image size of job updated: 630812
	617  -  MemoryUsage of job (MB)
	630812  -  ResidentSetSize of job (KB)
...
006 (78851234.065.000) 2026-09-30 22:19:09 Image size of job updated: 630820
	617  -  MemoryUsage of job (MB)
	630820  -  ResidentSetSize of job (KB)
...
006 (78851234.065.000) 2026-09-30 22:24:10 Image size of job updated: 630832
	617  -  MemoryUsage of job (MB)
	630832  -  ResidentSetSize of job (KB)
...
006 (78851234.065.000) 2026-09-30 22:29:11 Image size of job updated: 634200
	620  -  MemoryUsage of job (MB)
	634200  -  ResidentSetSize of job (KB)
...
006 (78851234.065.000) 2026-09-30 22:34:11 Image size of job updated: 634204
	620  -  MemoryUsage of job (MB)
	634204  -  ResidentSetSize of job (KB)
...
006 (78851234.065.000) 2026-09-30 22:39:12 Image size of job updated: 634208
	620  -  MemoryUsage of job (MB)
	634208  -  ResidentSetSize of job (KB)
...
006 (78851234.065.000) 2026-09-30 23:29:19 Image size of job updated: 635476
	621  -  MemoryUsage of job (MB)
	635292  -  ResidentSetSize of job (KB)
...
006 (78851234.065.000) 2026-09-30 23:44:21 Image size of job updated: 635476
	621  -  MemoryUsage of job (MB)
	635296  -  ResidentSetSize of job (KB)
...
006 (78851234.065.000) 2026-09-30 23:54:22 Image size of job updated: 638572
	624  -  MemoryUsage of job (MB)
	638572  -  ResidentSetSize of job (KB)
...
006 (78851234.065.000) 2026-09-30 23:59:23 Image size of job updated: 638576
	624  -  MemoryUsage of job (MB)
	638576  -  ResidentSetSize of job (KB)
...
006 (78851234.065.000) 2026-10-01 00:14:25 Image size of job updated: 638580
	624  -  MemoryUsage of job (MB)
	638580  -  ResidentSetSize of job (KB)
...
006 (78851234.065.000) 2026-10-01 00:19:25 Image size of job updated: 638584
	624  -  MemoryUsage of job (MB)
	638584  -  ResidentSetSize of job (KB)
...
006 (78851234.065.000) 2026-10-01 00:29:27 Image size of job updated: 638644
	624  -  MemoryUsage of job (MB)
	638644  -  ResidentSetSize of job (KB)
...
006 (78851234.065.000) 2026-10-01 00:34:27 Image size of job updated: 638652
	624  -  MemoryUsage of job (MB)
	638652  -  ResidentSetSize of job (KB)
...
006 (78851234.065.000) 2026-10-01 00:49:28 Image size of job updated: 640312
	626  -  MemoryUsage of job (MB)
	640312  -  ResidentSetSize of job (KB)
...
006 (78851234.065.000) 2026-10-01 00:54:28 Image size of job updated: 640704
	626  -  MemoryUsage of job (MB)
	640704  -  ResidentSetSize of job (KB)
...
006 (78851234.065.000) 2026-10-01 01:04:29 Image size of job updated: 645884
	631  -  MemoryUsage of job (MB)
	645884  -  ResidentSetSize of job (KB)
...
006 (78851234.065.000) 2026-10-01 01:09:29 Image size of job updated: 645888
	631  -  MemoryUsage of job (MB)
	645888  -  ResidentSetSize of job (KB)
...
006 (78851234.065.000) 2026-10-01 01:14:30 Image size of job updated: 645904
	631  -  MemoryUsage of job (MB)
	645904  -  ResidentSetSize of job (KB)
...
006 (78851234.065.000) 2026-10-01 01:19:30 Image size of job updated: 645908
	631  -  MemoryUsage of job (MB)
	645908  -  ResidentSetSize of job (KB)
...
006 (78851234.065.000) 2026-10-01 01:24:30 Image size of job updated: 645912
	631  -  MemoryUsage of job (MB)
	645912  -  ResidentSetSize of job (KB)
...
006 (78851234.065.000) 2026-10-01 01:34:32 Image size of job updated: 645916
	631  -  MemoryUsage of job (MB)
	645916  -  ResidentSetSize of job (KB)
...
006 (78851234.065.000) 2026-10-01 01:39:32 Image size of job updated: 645920
	631  -  MemoryUsage of job (MB)
	645920  -  ResidentSetSize of job (KB)
...
006 (78851234.065.000) 2026-10-01 01:44:33 Image size of job updated: 645924
	631  -  MemoryUsage of job (MB)
	645924  -  ResidentSetSize of job (KB)
...
006 (78851234.065.000) 2026-10-01 01:49:34 Image size of job updated: 646892
	632  -  MemoryUsage of job (MB)
	646892  -  ResidentSetSize of job (KB)
...
006 (78851234.065.000) 2026-10-01 01:54:34 Image size of job updated: 646900
	632  -  MemoryUsage of job (MB)
	646900  -  ResidentSetSize of job (KB)
...
006 (78851234.065.000) 2026-10-01 02:04:36 Image size of job updated: 646904
	632  -  MemoryUsage of job (MB)
	646904  -  ResidentSetSize of job (KB)
...
006 (78851234.065.000) 2026-10-01 02:09:36 Image size of job updated: 646908
	632  -  MemoryUsage of job (MB)
	646908  -  ResidentSetSize of job (KB)
...
006 (78851234.065.000) 2026-10-01 02:24:38 Image size of job updated: 646920
	632  -  MemoryUsage of job (MB)
	646920  -  ResidentSetSize of job (KB)
...
006 (78851234.065.000) 2026-10-01 02:29:38 Image size of job updated: 646924
	632  -  MemoryUsage of job (MB)
	646924  -  ResidentSetSize of job (KB)
...
006 (78851234.065.000) 2026-10-01 02:39:39 Image size of job updated: 647952
	633  -  MemoryUsage of job (MB)
	647952  -  ResidentSetSize of job (KB)
...
006 (78851234.065.000) 2026-10-01 02:44:39 Image size of job updated: 647956
	633  -  MemoryUsage of job (MB)
	647956  -  ResidentSetSize of job (KB)
...
006 (78851234.065.000) 2026-10-01 02:49:40 Image size of job updated: 647964
	633  -  MemoryUsage of job (MB)
	647964  -  ResidentSetSize of job (KB)
...
006 (78851234.065.000) 2026-10-01 02:59:40 Image size of job updated: 648976
	634  -  MemoryUsage of job (MB)
	648976  -  ResidentSetSize of job (KB)
...
006 (78851234.065.000) 2026-10-01 03:04:41 Image size of job updated: 648980
	634  -  MemoryUsage of job (MB)
	648980  -  ResidentSetSize of job (KB)
...
006 (78851234.065.000) 2026-10-01 03:24:42 Image size of job updated: 648984
	634  -  MemoryUsage of job (MB)
	648984  -  ResidentSetSize of job (KB)
...
006 (78851234.065.000) 2026-10-01 03:29:42 Image size of job updated: 648988
	634  -  MemoryUsage of job (MB)
	648988  -  ResidentSetSize of job (KB)
...
006 (78851234.065.000) 2026-10-01 03:34:43 Image size of job updated: 650000
	635  -  MemoryUsage of job (MB)
	650000  -  ResidentSetSize of job (KB)
...
006 (78851234.065.000) 2026-10-01 03:49:44 Image size of job updated: 650004
	635  -  MemoryUsage of job (MB)
	650004  -  ResidentSetSize of job (KB)
...
006 (78851234.065.000) 2026-10-01 04:09:45 Image size of job updated: 651016
	636  -  MemoryUsage of job (MB)
	651016  -  ResidentSetSize of job (KB)
...
006 (78851234.065.000) 2026-10-01 04:14:45 Image size of job updated: 651048
	636  -  MemoryUsage of job (MB)
	651048  -  ResidentSetSize of job (KB)
...
006 (78851234.065.000) 2026-10-01 04:29:46 Image size of job updated: 651052
	636  -  MemoryUsage of job (MB)
	651052  -  ResidentSetSize of job (KB)
...
006 (78851234.065.000) 2026-10-01 04:34:47 Image size of job updated: 651056
	636  -  MemoryUsage of job (MB)
	651056  -  ResidentSetSize of job (KB)
...
006 (78851234.065.000) 2026-10-01 04:39:48 Image size of job updated: 652068
	637  -  MemoryUsage of job (MB)
	652068  -  ResidentSetSize of job (KB)
...
006 (78851234.065.000) 2026-10-01 04:44:48 Image size of job updated: 652072
	637  -  MemoryUsage of job (MB)
	652072  -  ResidentSetSize of job (KB)
...
006 (78851234.065.000) 2026-10-01 04:54:50 Image size of job updated: 652124
	637  -  MemoryUsage of job (MB)
	652124  -  ResidentSetSize of job (KB)
...
006 (78851234.065.000) 2026-10-01 05:14:52 Image size of job updated: 653120
	638  -  MemoryUsage of job (MB)
	653120  -  ResidentSetSize of job (KB)
...
006 (78851234.065.000) 2026-10-01 05:19:53 Image size of job updated: 653124
	638  -  MemoryUsage of job (MB)
	653124  -  ResidentSetSize of job (KB)
...
006 (78851234.065.000) 2026-10-01 05:34:55 Image size of job updated: 653128
	638  -  MemoryUsage of job (MB)
	653128  -  ResidentSetSize of job (KB)
...
006 (78851234.065.000) 2026-10-01 05:39:56 Image size of job updated: 659268
	644  -  MemoryUsage of job (MB)
	659268  -  ResidentSetSize of job (KB)
...
006 (78851234.065.000) 2026-10-01 05:49:57 Image size of job updated: 659280
	644  -  MemoryUsage of job (MB)
	659280  -  ResidentSetSize of job (KB)
...
006 (78851234.065.000) 2026-10-01 06:04:58 Image size of job updated: 659288
	644  -  MemoryUsage of job (MB)
	659288  -  ResidentSetSize of job (KB)
...
006 (78851234.065.000) 2026-10-01 06:14:59 Image size of job updated: 659296
	644  -  MemoryUsage of job (MB)
	659296  -  ResidentSetSize of job (KB)
...
006 (78851234.065.000) 2026-10-01 06:19:59 Image size of job updated: 659308
	644  -  MemoryUsage of job (MB)
	659308  -  ResidentSetSize of job (KB)
...
006 (78851234.065.000) 2026-10-01 06:25:00 Image size of job updated: 659320
	644  -  MemoryUsage of job (MB)
	659320  -  ResidentSetSize of job (KB)
...
006 (78851234.065.000) 2026-10-01 06:40:01 Image size of job updated: 659328
	644  -  MemoryUsage of job (MB)
	659328  -  ResidentSetSize of job (KB)
...
006 (78851234.065.000) 2026-10-01 06:45:01 Image size of job updated: 659348
	644  -  MemoryUsage of job (MB)
	659332  -  ResidentSetSize of job (KB)
...
006 (78851234.065.000) 2026-10-01 06:50:01 Image size of job updated: 659348
	644  -  MemoryUsage of job (MB)
	659336  -  ResidentSetSize of job (KB)
...
006 (78851234.065.000) 2026-10-01 07:00:02 Image size of job updated: 660352
	645  -  MemoryUsage of job (MB)
	660352  -  ResidentSetSize of job (KB)
...
006 (78851234.065.000) 2026-10-01 07:10:03 Image size of job updated: 660356
	645  -  MemoryUsage of job (MB)
	660356  -  ResidentSetSize of job (KB)
...
006 (78851234.065.000) 2026-10-01 07:15:03 Image size of job updated: 660360
	645  -  MemoryUsage of job (MB)
	660360  -  ResidentSetSize of job (KB)
...
006 (78851234.065.000) 2026-10-01 07:20:03 Image size of job updated: 660372
	645  -  MemoryUsage of job (MB)
	660372  -  ResidentSetSize of job (KB)
...
006 (78851234.065.000) 2026-10-01 07:25:04 Image size of job updated: 660380
	645  -  MemoryUsage of job (MB)
	660380  -  ResidentSetSize of job (KB)
...
006 (78851234.065.000) 2026-10-01 07:30:04 Image size of job updated: 661396
	646  -  MemoryUsage of job (MB)
	661396  -  ResidentSetSize of job (KB)
...
006 (78851234.065.000) 2026-10-01 07:40:05 Image size of job updated: 661580
	647  -  MemoryUsage of job (MB)
	661580  -  ResidentSetSize of job (KB)
...
006 (78851234.065.000) 2026-10-01 07:45:05 Image size of job updated: 661612
	647  -  MemoryUsage of job (MB)
	661612  -  ResidentSetSize of job (KB)
...
006 (78851234.065.000) 2026-10-01 07:50:05 Image size of job updated: 661620
	647  -  MemoryUsage of job (MB)
	661620  -  ResidentSetSize of job (KB)
...
006 (78851234.065.000) 2026-10-01 08:15:09 Image size of job updated: 663644
	649  -  MemoryUsage of job (MB)
	663644  -  ResidentSetSize of job (KB)
...
006 (78851234.065.000) 2026-10-01 08:25:10 Image size of job updated: 666568
	651  -  MemoryUsage of job (MB)
	666568  -  ResidentSetSize of job (KB)
...
006 (78851234.065.000) 2026-10-01 08:30:11 Image size of job updated: 666576
	651  -  MemoryUsage of job (MB)
	666576  -  ResidentSetSize of job (KB)
...
006 (78851234.065.000) 2026-10-01 08:35:11 Image size of job updated: 666580
	651  -  MemoryUsage of job (MB)
	666580  -  ResidentSetSize of job (KB)
...
006 (78851234.065.000) 2026-10-01 08:40:12 Image size of job updated: 666720
	652  -  MemoryUsage of job (MB)
	666720  -  ResidentSetSize of job (KB)
...
006 (78851234.065.000) 2026-10-01 08:45:13 Image size of job updated: 666728
	652  -  MemoryUsage of job (MB)
	666728  -  ResidentSetSize of job (KB)
...
006 (78851234.065.000) 2026-10-01 09:00:15 Image size of job updated: 666792
	652  -  MemoryUsage of job (MB)
	666792  -  ResidentSetSize of job (KB)
...
006 (78851234.065.000) 2026-10-01 09:05:15 Image size of job updated: 666796
	652  -  MemoryUsage of job (MB)
	666796  -  ResidentSetSize of job (KB)
...
006 (78851234.065.000) 2026-10-01 09:15:17 Image size of job updated: 667812
	653  -  MemoryUsage of job (MB)
	667812  -  ResidentSetSize of job (KB)
...
006 (78851234.065.000) 2026-10-01 09:30:18 Image size of job updated: 667816
	653  -  MemoryUsage of job (MB)
	667816  -  ResidentSetSize of job (KB)
...
006 (78851234.065.000) 2026-10-01 09:35:18 Image size of job updated: 667824
	653  -  MemoryUsage of job (MB)
	667824  -  ResidentSetSize of job (KB)
...
006 (78851234.065.000) 2026-10-01 09:50:19 Image size of job updated: 667828
	653  -  MemoryUsage of job (MB)
	667828  -  ResidentSetSize of job (KB)
...
006 (78851234.065.000) 2026-10-01 09:55:19 Image size of job updated: 667832
	653  -  MemoryUsage of job (MB)
	667832  -  ResidentSetSize of job (KB)
...
006 (78851234.065.000) 2026-10-01 10:05:20 Image size of job updated: 671756
	657  -  MemoryUsage of job (MB)
	671756  -  ResidentSetSize of job (KB)
...
006 (78851234.065.000) 2026-10-01 10:10:20 Image size of job updated: 671788
	657  -  MemoryUsage of job (MB)
	671788  -  ResidentSetSize of job (KB)
...
006 (78851234.065.000) 2026-10-01 10:15:21 Image size of job updated: 671792
	657  -  MemoryUsage of job (MB)
	671792  -  ResidentSetSize of job (KB)
...
006 (78851234.065.000) 2026-10-01 10:45:25 Image size of job updated: 671796
	657  -  MemoryUsage of job (MB)
	671796  -  ResidentSetSize of job (KB)
...
006 (78851234.065.000) 2026-10-01 10:55:26 Image size of job updated: 671816
	657  -  MemoryUsage of job (MB)
	671816  -  ResidentSetSize of job (KB)
...
006 (78851234.065.000) 2026-10-01 11:05:28 Image size of job updated: 672828
	658  -  MemoryUsage of job (MB)
	672828  -  ResidentSetSize of job (KB)
...
006 (78851234.065.000) 2026-10-01 11:10:28 Image size of job updated: 672832
	658  -  MemoryUsage of job (MB)
	672832  -  ResidentSetSize of job (KB)
...
006 (78851234.065.000) 2026-10-01 11:20:29 Image size of job updated: 672864
	658  -  MemoryUsage of job (MB)
	672864  -  ResidentSetSize of job (KB)
...
006 (78851234.065.000) 2026-10-01 11:30:29 Image size of job updated: 672872
	658  -  MemoryUsage of job (MB)
	672872  -  ResidentSetSize of job (KB)
...
006 (78851234.065.000) 2026-10-01 11:45:30 Image size of job updated: 672908
	658  -  MemoryUsage of job (MB)
	672908  -  ResidentSetSize of job (KB)
...
006 (78851234.065.000) 2026-10-01 11:55:31 Image size of job updated: 673916
	659  -  MemoryUsage of job (MB)
	673916  -  ResidentSetSize of job (KB)
...
006 (78851234.065.000) 2026-10-01 12:10:33 Image size of job updated: 673920
	659  -  MemoryUsage of job (MB)
	673920  -  ResidentSetSize of job (KB)
...
006 (78851234.065.000) 2026-10-01 12:15:33 Image size of job updated: 673932
	659  -  MemoryUsage of job (MB)
	673932  -  ResidentSetSize of job (KB)
...
006 (78851234.065.000) 2026-10-01 12:35:36 Image size of job updated: 674944
	660  -  MemoryUsage of job (MB)
	674944  -  ResidentSetSize of job (KB)
...
006 (78851234.065.000) 2026-10-01 12:40:37 Image size of job updated: 674956
	660  -  MemoryUsage of job (MB)
	674956  -  ResidentSetSize of job (KB)
...
006 (78851234.065.000) 2026-10-01 12:45:37 Image size of job updated: 674964
	660  -  MemoryUsage of job (MB)
	674964  -  ResidentSetSize of job (KB)
...
006 (78851234.065.000) 2026-10-01 13:00:39 Image size of job updated: 674984
	660  -  MemoryUsage of job (MB)
	674968  -  ResidentSetSize of job (KB)
...
006 (78851234.065.000) 2026-10-01 13:05:39 Image size of job updated: 674984
	660  -  MemoryUsage of job (MB)
	674972  -  ResidentSetSize of job (KB)
...
006 (78851234.065.000) 2026-10-01 13:15:40 Image size of job updated: 674984
	660  -  MemoryUsage of job (MB)
	674980  -  ResidentSetSize of job (KB)
...
006 (78851234.065.000) 2026-10-01 13:20:40 Image size of job updated: 674984
	660  -  MemoryUsage of job (MB)
	674984  -  ResidentSetSize of job (KB)
...
006 (78851234.065.000) 2026-10-01 13:35:41 Image size of job updated: 674996
	660  -  MemoryUsage of job (MB)
	674996  -  ResidentSetSize of job (KB)
...
004 (78851234.065.000) 2026-10-01 13:38:46 Job was evicted. Code 1019 Subcode 0
	(0) CPU times
		Usr 4 05:45:18, Sys 0 00:09:22  -  Run Remote Usage
		Usr 0 00:00:00, Sys 0 00:00:00  -  Run Local Usage
	0  -  Run Bytes Sent By Job
	0  -  Run Bytes Received By Job
	Reason: Preempted for a Priority user
	Partitionable Resources :    Usage  Request Allocated 
	   Cpus                 :     3.59        4         4 
	   Disk (KB)            : 25000       25000     28672 
	   GPUs                 :                           0 
	   Memory (MB)          :   660        6000      6016 
	   TimeExecute (s)      : 86432                       
	   TimeSlotBusy (s)     : 86432                       
...
001 (78851234.065.000) 2026-10-01 13:43:41 Job executing on host: <10.14.10.29:9618?addrs=10.14.10.29-9618&alias=node2279.cluster.ldas.cit&noUDP&sock=startd_2463521_13dc>
	SlotName: slot1_9@node2279.cluster.ldas.cit
	CondorScratchDir = "/var/lib/condor/execute/dir_3460993/scratch"
	Cpus = 4
	Disk = 28672
	GPUs = 0
	Memory = 6016
...
006 (78851234.065.000) 2026-10-01 17:39:15 Image size of job updated: 813116
	795  -  MemoryUsage of job (MB)
	813116  -  ResidentSetSize of job (KB)
...
006 (78851234.065.000) 2026-10-01 17:44:15 Image size of job updated: 1058148
	1034  -  MemoryUsage of job (MB)
	1058148  -  ResidentSetSize of job (KB)
...
006 (78851234.065.000) 2026-10-01 17:49:16 Image size of job updated: 1266240
	1237  -  MemoryUsage of job (MB)
	1266240  -  ResidentSetSize of job (KB)
...
006 (78851234.065.000) 2026-10-01 17:54:16 Image size of job updated: 1520368
	1485  -  MemoryUsage of job (MB)
	1520368  -  ResidentSetSize of job (KB)
...
006 (78851234.065.000) 2026-10-01 17:59:17 Image size of job updated: 1678216
	1639  -  MemoryUsage of job (MB)
	1678216  -  ResidentSetSize of job (KB)
...
006 (78851234.065.000) 2026-10-01 18:04:17 Image size of job updated: 1678244
	1639  -  MemoryUsage of job (MB)
	1678244  -  ResidentSetSize of job (KB)
...
006 (78851234.065.000) 2026-10-01 18:09:18 Image size of job updated: 1679352
	1640  -  MemoryUsage of job (MB)
	1679352  -  ResidentSetSize of job (KB)
...
006 (78851234.065.000) 2026-10-01 18:14:18 Image size of job updated: 1679424
	1641  -  MemoryUsage of job (MB)
	1679424  -  ResidentSetSize of job (KB)
...
006 (78851234.065.000) 2026-10-01 18:19:19 Image size of job updated: 1679432
	1641  -  MemoryUsage of job (MB)
	1679432  -  ResidentSetSize of job (KB)
...
006 (78851234.065.000) 2026-10-01 18:24:19 Image size of job updated: 1683132
	1643  -  MemoryUsage of job (MB)
	1682120  -  ResidentSetSize of job (KB)
...
006 (78851234.065.000) 2026-10-01 18:29:20 Image size of job updated: 1683132
	1643  -  MemoryUsage of job (MB)
	1682176  -  ResidentSetSize of job (KB)
...
006 (78851234.065.000) 2026-10-01 18:34:21 Image size of job updated: 1684712
	1643  -  MemoryUsage of job (MB)
	1682176  -  ResidentSetSize of job (KB)
...
006 (78851234.065.000) 2026-10-01 18:44:22 Image size of job updated: 1684712
	1644  -  MemoryUsage of job (MB)
	1683200  -  ResidentSetSize of job (KB)
...
006 (78851234.065.000) 2026-10-01 18:49:22 Image size of job updated: 1684712
	1644  -  MemoryUsage of job (MB)
	1683216  -  ResidentSetSize of job (KB)
...
006 (78851234.065.000) 2026-10-01 18:54:23 Image size of job updated: 1689068
	1650  -  MemoryUsage of job (MB)
	1689068  -  ResidentSetSize of job (KB)
...
006 (78851234.065.000) 2026-10-01 18:59:23 Image size of job updated: 1689124
	1650  -  MemoryUsage of job (MB)
	1689124  -  ResidentSetSize of job (KB)
...
006 (78851234.065.000) 2026-10-01 19:04:23 Image size of job updated: 1699536
	1660  -  MemoryUsage of job (MB)
	1699536  -  ResidentSetSize of job (KB)
...
006 (78851234.065.000) 2026-10-01 19:09:24 Image size of job updated: 1699572
	1660  -  MemoryUsage of job (MB)
	1699572  -  ResidentSetSize of job (KB)
...
006 (78851234.065.000) 2026-10-01 19:14:24 Image size of job updated: 1699584
	1660  -  MemoryUsage of job (MB)
	1699584  -  ResidentSetSize of job (KB)
...
006 (78851234.065.000) 2026-10-01 19:29:25 Image size of job updated: 1704088
	1665  -  MemoryUsage of job (MB)
	1704088  -  ResidentSetSize of job (KB)
...
006 (78851234.065.000) 2026-10-01 19:34:26 Image size of job updated: 1704144
	1665  -  MemoryUsage of job (MB)
	1704144  -  ResidentSetSize of job (KB)
...
006 (78851234.065.000) 2026-10-01 19:39:26 Image size of job updated: 1705852
	1666  -  MemoryUsage of job (MB)
	1705852  -  ResidentSetSize of job (KB)
...
006 (78851234.065.000) 2026-10-01 19:44:27 Image size of job updated: 1705880
	1666  -  MemoryUsage of job (MB)
	1705880  -  ResidentSetSize of job (KB)
...
006 (78851234.065.000) 2026-10-01 19:49:27 Image size of job updated: 1706236
	1667  -  MemoryUsage of job (MB)
	1706236  -  ResidentSetSize of job (KB)
...
006 (78851234.065.000) 2026-10-01 19:54:27 Image size of job updated: 1706256
	1667  -  MemoryUsage of job (MB)
	1706256  -  ResidentSetSize of job (KB)
...
006 (78851234.065.000) 2026-10-01 19:59:28 Image size of job updated: 1721424
	1682  -  MemoryUsage of job (MB)
	1721424  -  ResidentSetSize of job (KB)
...
006 (78851234.065.000) 2026-10-01 20:04:28 Image size of job updated: 1721436
	1682  -  MemoryUsage of job (MB)
	1721436  -  ResidentSetSize of job (KB)
...
006 (78851234.065.000) 2026-10-01 20:09:29 Image size of job updated: 1722452
	1682  -  MemoryUsage of job (MB)
	1721444  -  ResidentSetSize of job (KB)
...
006 (78851234.065.000) 2026-10-01 20:14:29 Image size of job updated: 1722452
	1682  -  MemoryUsage of job (MB)
	1721448  -  ResidentSetSize of job (KB)
...
006 (78851234.065.000) 2026-10-01 20:19:30 Image size of job updated: 1722452
	1682  -  MemoryUsage of job (MB)
	1721472  -  ResidentSetSize of job (KB)
...
006 (78851234.065.000) 2026-10-01 20:24:31 Image size of job updated: 1723552
	1684  -  MemoryUsage of job (MB)
	1723488  -  ResidentSetSize of job (KB)
...
006 (78851234.065.000) 2026-10-01 20:29:31 Image size of job updated: 1723552
	1684  -  MemoryUsage of job (MB)
	1723512  -  ResidentSetSize of job (KB)
...
006 (78851234.065.000) 2026-10-01 20:44:33 Image size of job updated: 1723552
	1684  -  MemoryUsage of job (MB)
	1723528  -  ResidentSetSize of job (KB)
...
006 (78851234.065.000) 2026-10-01 20:54:34 Image size of job updated: 1724080
	1684  -  MemoryUsage of job (MB)
	1724080  -  ResidentSetSize of job (KB)
...
006 (78851234.065.000) 2026-10-01 20:59:35 Image size of job updated: 1724084
	1684  -  MemoryUsage of job (MB)
	1724084  -  ResidentSetSize of job (KB)
...
006 (78851234.065.000) 2026-10-01 21:04:35 Image size of job updated: 1725588
	1686  -  MemoryUsage of job (MB)
	1725588  -  ResidentSetSize of job (KB)
...
006 (78851234.065.000) 2026-10-01 21:19:37 Image size of job updated: 1725608
	1686  -  MemoryUsage of job (MB)
	1725588  -  ResidentSetSize of job (KB)
...
006 (78851234.065.000) 2026-10-01 21:39:38 Image size of job updated: 1726676
	1687  -  MemoryUsage of job (MB)
	1726676  -  ResidentSetSize of job (KB)
...
006 (78851234.065.000) 2026-10-01 21:44:39 Image size of job updated: 1726688
	1687  -  MemoryUsage of job (MB)
	1726688  -  ResidentSetSize of job (KB)
...
006 (78851234.065.000) 2026-10-01 21:59:40 Image size of job updated: 1727684
	1687  -  MemoryUsage of job (MB)
	1726688  -  ResidentSetSize of job (KB)
...
006 (78851234.065.000) 2026-10-01 22:24:42 Image size of job updated: 1727684
	1687  -  MemoryUsage of job (MB)
	1727144  -  ResidentSetSize of job (KB)
...
006 (78851234.065.000) 2026-10-01 22:29:43 Image size of job updated: 1727684
	1687  -  MemoryUsage of job (MB)
	1727184  -  ResidentSetSize of job (KB)
...
006 (78851234.065.000) 2026-10-01 22:34:43 Image size of job updated: 1728868
	1689  -  MemoryUsage of job (MB)
	1728852  -  ResidentSetSize of job (KB)
...
006 (78851234.065.000) 2026-10-01 22:39:44 Image size of job updated: 1728868
	1689  -  MemoryUsage of job (MB)
	1728860  -  ResidentSetSize of job (KB)
...
006 (78851234.065.000) 2026-10-01 22:44:44 Image size of job updated: 1731852
	1691  -  MemoryUsage of job (MB)
	1730848  -  ResidentSetSize of job (KB)
...
006 (78851234.065.000) 2026-10-01 22:49:44 Image size of job updated: 1731852
	1691  -  MemoryUsage of job (MB)
	1730852  -  ResidentSetSize of job (KB)
...
006 (78851234.065.000) 2026-10-01 22:54:45 Image size of job updated: 1731852
	1691  -  MemoryUsage of job (MB)
	1730856  -  ResidentSetSize of job (KB)
...
006 (78851234.065.000) 2026-10-01 22:59:45 Image size of job updated: 1731852
	1691  -  MemoryUsage of job (MB)
	1730868  -  ResidentSetSize of job (KB)
...
006 (78851234.065.000) 2026-10-01 23:04:46 Image size of job updated: 1731852
	1691  -  MemoryUsage of job (MB)
	1730872  -  ResidentSetSize of job (KB)
...
006 (78851234.065.000) 2026-10-01 23:19:48 Image size of job updated: 1731852
	1691  -  MemoryUsage of job (MB)
	1730896  -  ResidentSetSize of job (KB)
...
006 (78851234.065.000) 2026-10-01 23:29:49 Image size of job updated: 1738356
	1698  -  MemoryUsage of job (MB)
	1738356  -  ResidentSetSize of job (KB)
...
006 (78851234.065.000) 2026-10-01 23:44:50 Image size of job updated: 1739324
	1698  -  MemoryUsage of job (MB)
	1738356  -  ResidentSetSize of job (KB)
...
006 (78851234.065.000) 2026-10-02 00:04:52 Image size of job updated: 1739600
	1698  -  MemoryUsage of job (MB)
	1738576  -  ResidentSetSize of job (KB)
...
006 (78851234.065.000) 2026-10-02 00:09:52 Image size of job updated: 1739600
	1698  -  MemoryUsage of job (MB)
	1738584  -  ResidentSetSize of job (KB)
...
006 (78851234.065.000) 2026-10-02 00:14:53 Image size of job updated: 1740380
	1698  -  MemoryUsage of job (MB)
	1738584  -  ResidentSetSize of job (KB)
...
006 (78851234.065.000) 2026-10-02 00:29:54 Image size of job updated: 1740380
	1700  -  MemoryUsage of job (MB)
	1740244  -  ResidentSetSize of job (KB)
...
006 (78851234.065.000) 2026-10-02 00:34:54 Image size of job updated: 1740380
	1700  -  MemoryUsage of job (MB)
	1740264  -  ResidentSetSize of job (KB)
...
006 (78851234.065.000) 2026-10-02 00:39:55 Image size of job updated: 1740416
	1700  -  MemoryUsage of job (MB)
	1740264  -  ResidentSetSize of job (KB)
...
006 (78851234.065.000) 2026-10-02 00:49:56 Image size of job updated: 1740440
	1700  -  MemoryUsage of job (MB)
	1740440  -  ResidentSetSize of job (KB)
...
006 (78851234.065.000) 2026-10-02 00:54:56 Image size of job updated: 1740448
	1700  -  MemoryUsage of job (MB)
	1740448  -  ResidentSetSize of job (KB)
...
006 (78851234.065.000) 2026-10-02 00:59:57 Image size of job updated: 1741500
	1701  -  MemoryUsage of job (MB)
	1741188  -  ResidentSetSize of job (KB)
...
006 (78851234.065.000) 2026-10-02 01:09:58 Image size of job updated: 1742536
	1701  -  MemoryUsage of job (MB)
	1741188  -  ResidentSetSize of job (KB)
...
006 (78851234.065.000) 2026-10-02 01:19:59 Image size of job updated: 1742536
	1701  -  MemoryUsage of job (MB)
	1741436  -  ResidentSetSize of job (KB)
...
006 (78851234.065.000) 2026-10-02 01:25:00 Image size of job updated: 1742536
	1701  -  MemoryUsage of job (MB)
	1741464  -  ResidentSetSize of job (KB)
...
006 (78851234.065.000) 2026-10-02 01:30:00 Image size of job updated: 1743604
	1702  -  MemoryUsage of job (MB)
	1742036  -  ResidentSetSize of job (KB)
...
006 (78851234.065.000) 2026-10-02 01:35:00 Image size of job updated: 1743604
	1702  -  MemoryUsage of job (MB)
	1742044  -  ResidentSetSize of job (KB)
...
006 (78851234.065.000) 2026-10-02 01:40:01 Image size of job updated: 1743604
	1702  -  MemoryUsage of job (MB)
	1742072  -  ResidentSetSize of job (KB)
...
006 (78851234.065.000) 2026-10-02 01:55:02 Image size of job updated: 1745344
	1703  -  MemoryUsage of job (MB)
	1743312  -  ResidentSetSize of job (KB)
...
006 (78851234.065.000) 2026-10-02 02:00:02 Image size of job updated: 1745344
	1703  -  MemoryUsage of job (MB)
	1743316  -  ResidentSetSize of job (KB)
...
006 (78851234.065.000) 2026-10-02 02:05:03 Image size of job updated: 1745344
	1705  -  MemoryUsage of job (MB)
	1745072  -  ResidentSetSize of job (KB)
...
006 (78851234.065.000) 2026-10-02 02:15:04 Image size of job updated: 1745772
	1705  -  MemoryUsage of job (MB)
	1745772  -  ResidentSetSize of job (KB)
...
006 (78851234.065.000) 2026-10-02 02:25:05 Image size of job updated: 1747400
	1706  -  MemoryUsage of job (MB)
	1746380  -  ResidentSetSize of job (KB)
...
006 (78851234.065.000) 2026-10-02 02:30:06 Image size of job updated: 1747400
	1706  -  MemoryUsage of job (MB)
	1746396  -  ResidentSetSize of job (KB)
...
006 (78851234.065.000) 2026-10-02 02:35:06 Image size of job updated: 1747400
	1706  -  MemoryUsage of job (MB)
	1746412  -  ResidentSetSize of job (KB)
...
006 (78851234.065.000) 2026-10-02 02:40:07 Image size of job updated: 1748068
	1707  -  MemoryUsage of job (MB)
	1747064  -  ResidentSetSize of job (KB)
...
006 (78851234.065.000) 2026-10-02 02:45:07 Image size of job updated: 1748068
	1707  -  MemoryUsage of job (MB)
	1747068  -  ResidentSetSize of job (KB)
...
006 (78851234.065.000) 2026-10-02 02:50:07 Image size of job updated: 1748904
	1708  -  MemoryUsage of job (MB)
	1748904  -  ResidentSetSize of job (KB)
...
006 (78851234.065.000) 2026-10-02 02:55:08 Image size of job updated: 1748908
	1708  -  MemoryUsage of job (MB)
	1748908  -  ResidentSetSize of job (KB)
...
006 (78851234.065.000) 2026-10-02 03:10:09 Image size of job updated: 1750940
	1709  -  MemoryUsage of job (MB)
	1749916  -  ResidentSetSize of job (KB)
...
006 (78851234.065.000) 2026-10-02 03:35:12 Image size of job updated: 1750964
	1709  -  MemoryUsage of job (MB)
	1749916  -  ResidentSetSize of job (KB)
...
006 (78851234.065.000) 2026-10-02 03:45:13 Image size of job updated: 1750964
	1710  -  MemoryUsage of job (MB)
	1750856  -  ResidentSetSize of job (KB)
...
006 (78851234.065.000) 2026-10-02 03:50:14 Image size of job updated: 1750964
	1710  -  MemoryUsage of job (MB)
	1750888  -  ResidentSetSize of job (KB)
...
006 (78851234.065.000) 2026-10-02 03:55:15 Image size of job updated: 1752452
	1710  -  MemoryUsage of job (MB)
	1750888  -  ResidentSetSize of job (KB)
...
006 (78851234.065.000) 2026-10-02 04:30:19 Image size of job updated: 1752452
	1710  -  MemoryUsage of job (MB)
	1750912  -  ResidentSetSize of job (KB)
...
006 (78851234.065.000) 2026-10-02 04:35:19 Image size of job updated: 1752452
	1710  -  MemoryUsage of job (MB)
	1750924  -  ResidentSetSize of job (KB)
...
006 (78851234.065.000) 2026-10-02 04:40:20 Image size of job updated: 1754428
	1714  -  MemoryUsage of job (MB)
	1754428  -  ResidentSetSize of job (KB)
...
006 (78851234.065.000) 2026-10-02 04:50:21 Image size of job updated: 1755184
	1715  -  MemoryUsage of job (MB)
	1755184  -  ResidentSetSize of job (KB)
...
006 (78851234.065.000) 2026-10-02 04:55:22 Image size of job updated: 1755188
	1715  -  MemoryUsage of job (MB)
	1755188  -  ResidentSetSize of job (KB)
...
006 (78851234.065.000) 2026-10-02 05:00:22 Image size of job updated: 1755192
	1715  -  MemoryUsage of job (MB)
	1755192  -  ResidentSetSize of job (KB)
...
006 (78851234.065.000) 2026-10-02 05:05:23 Image size of job updated: 1756216
	1716  -  MemoryUsage of job (MB)
	1756216  -  ResidentSetSize of job (KB)
...
006 (78851234.065.000) 2026-10-02 05:15:24 Image size of job updated: 1756220
	1716  -  MemoryUsage of job (MB)
	1756220  -  ResidentSetSize of job (KB)
...
006 (78851234.065.000) 2026-10-02 05:25:24 Image size of job updated: 1757244
	1716  -  MemoryUsage of job (MB)
	1756236  -  ResidentSetSize of job (KB)
...
006 (78851234.065.000) 2026-10-02 05:35:25 Image size of job updated: 1760348
	1720  -  MemoryUsage of job (MB)
	1760348  -  ResidentSetSize of job (KB)
...
006 (78851234.065.000) 2026-10-02 05:40:26 Image size of job updated: 1760352
	1720  -  MemoryUsage of job (MB)
	1760352  -  ResidentSetSize of job (KB)
...
006 (78851234.065.000) 2026-10-02 05:45:27 Image size of job updated: 1761376
	1721  -  MemoryUsage of job (MB)
	1761376  -  ResidentSetSize of job (KB)
...
006 (78851234.065.000) 2026-10-02 05:50:27 Image size of job updated: 1761380
	1721  -  MemoryUsage of job (MB)
	1761380  -  ResidentSetSize of job (KB)
...
006 (78851234.065.000) 2026-10-02 05:55:28 Image size of job updated: 1765456
	1721  -  MemoryUsage of job (MB)
	1761980  -  ResidentSetSize of job (KB)
...
006 (78851234.065.000) 2026-10-02 06:00:28 Image size of job updated: 1765456
	1721  -  MemoryUsage of job (MB)
	1762008  -  ResidentSetSize of job (KB)
...
006 (78851234.065.000) 2026-10-02 06:05:29 Image size of job updated: 1765456
	1721  -  MemoryUsage of job (MB)
	1762012  -  ResidentSetSize of job (KB)
...
006 (78851234.065.000) 2026-10-02 06:10:30 Image size of job updated: 1765616
	1725  -  MemoryUsage of job (MB)
	1765616  -  ResidentSetSize of job (KB)
...
006 (78851234.065.000) 2026-10-02 06:15:30 Image size of job updated: 1765624
	1725  -  MemoryUsage of job (MB)
	1765624  -  ResidentSetSize of job (KB)
...
006 (78851234.065.000) 2026-10-02 06:20:31 Image size of job updated: 1766556
	1726  -  MemoryUsage of job (MB)
	1766460  -  ResidentSetSize of job (KB)
...
006 (78851234.065.000) 2026-10-02 06:25:31 Image size of job updated: 1766556
	1726  -  MemoryUsage of job (MB)
	1766472  -  ResidentSetSize of job (KB)
...
006 (78851234.065.000) 2026-10-02 06:30:32 Image size of job updated: 1767604
	1726  -  MemoryUsage of job (MB)
	1766596  -  ResidentSetSize of job (KB)
...
006 (78851234.065.000) 2026-10-02 06:35:33 Image size of job updated: 1767604
	1726  -  MemoryUsage of job (MB)
	1766604  -  ResidentSetSize of job (KB)
...
006 (78851234.065.000) 2026-10-02 06:40:33 Image size of job updated: 1768648
	1728  -  MemoryUsage of job (MB)
	1768648  -  ResidentSetSize of job (KB)
...
006 (78851234.065.000) 2026-10-02 06:45:34 Image size of job updated: 1770696
	1728  -  MemoryUsage of job (MB)
	1768648  -  ResidentSetSize of job (KB)
...
006 (78851234.065.000) 2026-10-02 07:00:36 Image size of job updated: 1775832
	1734  -  MemoryUsage of job (MB)
	1774824  -  ResidentSetSize of job (KB)
...
006 (78851234.065.000) 2026-10-02 07:10:36 Image size of job updated: 1786188
	1734  -  MemoryUsage of job (MB)
	1774824  -  ResidentSetSize of job (KB)
...
006 (78851234.065.000) 2026-10-02 07:20:37 Image size of job updated: 1786188
	1740  -  MemoryUsage of job (MB)
	1781200  -  ResidentSetSize of job (KB)
...
005 (78851234.065.000) 2026-10-02 08:34:18 Job terminated.
	(1) Normal termination (return value 0)
		Usr 7 21:27:06, Sys 0 00:12:54  -  Run Remote Usage
		Usr 0 00:00:00, Sys 0 00:00:00  -  Run Local Usage
		Usr 12 03:12:24, Sys 0 00:22:16  -  Total Remote Usage
		Usr 0 00:00:00, Sys 0 00:00:00  -  Total Local Usage
	0  -  Run Bytes Sent By Job
	0  -  Run Bytes Received By Job
	0  -  Total Bytes Sent By Job
	0  -  Total Bytes Received By Job
	Partitionable Resources :    Usage  Request Allocated 
	   Cpus                 :     3.81        4         4 
	   Disk (KB)            : 25000       25000     28672 
	   GPUs                 :                           0 
	   Memory (MB)          :  1740        6000      6016 
	   TimeExecute (s)      : 67836                       
	   TimeSlotBusy (s)     : 67836                       
...
000 (78854872.065.000) 2026-10-03 17:21:23 Job submitted from host: <10.14.0.121:9618?addrs=10.14.0.121-9618&alias=ldas-pcdev12.ligo.caltech.edu&noUDP&sock=schedd_623140_c9b4>
...
001 (78854872.065.000) 2026-10-03 17:22:12 Job executing on host: <10.14.8.211:9618?addrs=10.14.8.211-9618&alias=node1961.cluster.ldas.cit&noUDP&sock=startd_33509_f71f>
	SlotName: slot1_2@node1961.cluster.ldas.cit
	CondorScratchDir = "/var/lib/condor/execute/dir_286960/scratch"
	Cpus = 4
	Disk = 28672
	GPUs = 0
	Memory = 6016
...
006 (78854872.065.000) 2026-10-03 17:22:20 Image size of job updated: 158640
	155  -  MemoryUsage of job (MB)
	158640  -  ResidentSetSize of job (KB)
...
006 (78854872.065.000) 2026-10-03 17:22:30 Image size of job updated: 496052
	155  -  MemoryUsage of job (MB)
	158640  -  ResidentSetSize of job (KB)
...
005 (78854872.065.000) 2026-10-03 17:22:31 Job terminated.
	(1) Normal termination (return value 0)
		Usr 0 00:00:13, Sys 0 00:00:00  -  Run Remote Usage
		Usr 0 00:00:00, Sys 0 00:00:00  -  Run Local Usage
		Usr 0 00:00:13, Sys 0 00:00:00  -  Total Remote Usage
		Usr 0 00:00:00, Sys 0 00:00:00  -  Total Local Usage
	0  -  Run Bytes Sent By Job
	0  -  Run Bytes Received By Job
	0  -  Total Bytes Sent By Job
	0  -  Total Bytes Received By Job
	Partitionable Resources :    Usage  Request Allocated 
	   Cpus                 :                 4         4 
	   Disk (KB)            :    25000    25000     28672 
	   GPUs                 :                           0 
	   Memory (MB)          :      155     6000      6016 
	   TimeExecute (s)      :       18                    
	   TimeSlotBusy (s)     :       20                    
...
000 (78854906.065.000) 2026-10-03 21:36:50 Job submitted from host: <10.14.0.121:9618?addrs=10.14.0.121-9618&alias=ldas-pcdev12.ligo.caltech.edu&noUDP&sock=schedd_623140_c9b4>
...
001 (78854906.065.000) 2026-10-03 21:38:41 Job executing on host: <10.14.5.215:9618?addrs=10.14.5.215-9618&alias=node1215.cluster.ldas.cit&noUDP&sock=startd_122776_b3d0>
	SlotName: slot1_1@node1215.cluster.ldas.cit
	CondorScratchDir = "/var/lib/condor/execute/dir_614405/scratch"
	Cpus = 4
	Disk = 28672
	GPUs = 0
	Memory = 6016
...
006 (78854906.065.000) 2026-10-03 21:38:50 Image size of job updated: 165516
	162  -  MemoryUsage of job (MB)
	165516  -  ResidentSetSize of job (KB)
...
006 (78854906.065.000) 2026-10-03 21:39:02 Image size of job updated: 249876
	162  -  MemoryUsage of job (MB)
	165516  -  ResidentSetSize of job (KB)
...
005 (78854906.065.000) 2026-10-03 21:39:02 Job terminated.
	(1) Normal termination (return value 0)
		Usr 0 00:00:10, Sys 0 00:00:00  -  Run Remote Usage
		Usr 0 00:00:00, Sys 0 00:00:00  -  Run Local Usage
		Usr 0 00:00:10, Sys 0 00:00:00  -  Total Remote Usage
		Usr 0 00:00:00, Sys 0 00:00:00  -  Total Local Usage
	0  -  Run Bytes Sent By Job
	0  -  Run Bytes Received By Job
	0  -  Total Bytes Sent By Job
	0  -  Total Bytes Received By Job
	Partitionable Resources :    Usage  Request Allocated 
	   Cpus                 :        0        4         4 
	   Disk (KB)            :    25000    25000     28672 
	   GPUs                 :                           0 
	   Memory (MB)          :      162     6000      6016 
	   TimeExecute (s)      :       21                    
	   TimeSlotBusy (s)     :       21                    
...
000 (78855135.065.000) 2026-10-04 13:44:56 Job submitted from host: <10.14.0.121:9618?addrs=10.14.0.121-9618&alias=ldas-pcdev12.ligo.caltech.edu&noUDP&sock=schedd_623140_c9b4>
...
001 (78855135.065.000) 2026-10-04 13:49:18 Job executing on host: <10.14.5.113:9618?addrs=10.14.5.113-9618&alias=node1113.cluster.ldas.cit&noUDP&sock=startd_135250_d430>
	SlotName: slot1_2@node1113.cluster.ldas.cit
	CondorScratchDir = "/var/lib/condor/execute/dir_725364/scratch"
	Cpus = 4
	Disk = 28672
	GPUs = 0
	Memory = 6016
...
006 (78855135.065.000) 2026-10-04 13:49:26 Image size of job updated: 216732
	212  -  MemoryUsage of job (MB)
	216732  -  ResidentSetSize of job (KB)
...
006 (78855135.065.000) 2026-10-04 13:49:31 Image size of job updated: 495776
	212  -  MemoryUsage of job (MB)
	216748  -  ResidentSetSize of job (KB)
...
005 (78855135.065.000) 2026-10-04 13:49:31 Job terminated.
	(1) Normal termination (return value 0)
		Usr 0 00:00:10, Sys 0 00:00:00  -  Run Remote Usage
		Usr 0 00:00:00, Sys 0 00:00:00  -  Run Local Usage
		Usr 0 00:00:10, Sys 0 00:00:00  -  Total Remote Usage
		Usr 0 00:00:00, Sys 0 00:00:00  -  Total Local Usage
	0  -  Run Bytes Sent By Job
	0  -  Run Bytes Received By Job
	0  -  Total Bytes Sent By Job
	0  -  Total Bytes Received By Job
	Partitionable Resources :    Usage  Request Allocated 
	   Cpus                 :                 4         4 
	   Disk (KB)            :    25000    25000     28672 
	   GPUs                 :                           0 
	   Memory (MB)          :      212     6000      6016 
	   TimeExecute (s)      :       14                    
	   TimeSlotBusy (s)     :       14                    
...
