000 (78851234.066.000) 2026-09-30 12:35:31 Job submitted from host: <10.14.0.121:9618?addrs=10.14.0.121-9618&alias=ldas-pcdev12.ligo.caltech.edu&noUDP&sock=schedd_623140_c9b4>
...
001 (78851234.066.000) 2026-09-30 12:36:00 Job executing on host: <10.14.4.73:9618?addrs=10.14.4.73-9618&alias=node823.cluster.ldas.cit&noUDP&sock=startd_2400286_2093>
	SlotName: slot1_23@node823.cluster.ldas.cit
	CondorScratchDir = "/var/lib/condor/execute/dir_2539397/scratch"
	Cpus = 4
	Disk = 28672
	GPUs = 0
	Memory = 6016
...
006 (78851234.066.000) 2026-09-30 12:36:08 Image size of job updated: 158400
	155  -  MemoryUsage of job (MB)
	158400  -  ResidentSetSize of job (KB)
...
006 (78851234.066.000) 2026-09-30 12:41:08 Image size of job updated: 346340
	339  -  MemoryUsage of job (MB)
	346340  -  ResidentSetSize of job (KB)
...
006 (78851234.066.000) 2026-09-30 12:46:09 Image size of job updated: 347608
	340  -  MemoryUsage of job (MB)
	347608  -  ResidentSetSize of job (KB)
...
006 (78851234.066.000) 2026-09-30 12:51:09 Image size of job updated: 456540
	446  -  MemoryUsage of job (MB)
	456540  -  ResidentSetSize of job (KB)
...
006 (78851234.066.000) 2026-09-30 12:56:10 Image size of job updated: 458048
	448  -  MemoryUsage of job (MB)
	458048  -  ResidentSetSize of job (KB)
...
006 (78851234.066.000) 2026-09-30 13:01:11 Image size of job updated: 467724
	457  -  MemoryUsage of job (MB)
	467724  -  ResidentSetSize of job (KB)
...
006 (78851234.066.000) 2026-09-30 13:06:11 Image size of job updated: 468256
	458  -  MemoryUsage of job (MB)
	468256  -  ResidentSetSize of job (KB)
...
006 (78851234.066.000) 2026-09-30 13:11:12 Image size of job updated: 488064
	477  -  MemoryUsage of job (MB)
	488064  -  ResidentSetSize of job (KB)
...
006 (78851234.066.000) 2026-09-30 13:16:12 Image size of job updated: 488568
	478  -  MemoryUsage of job (MB)
	488568  -  ResidentSetSize of job (KB)
...
006 (78851234.066.000) 2026-09-30 13:21:13 Image size of job updated: 498252
	487  -  MemoryUsage of job (MB)
	498252  -  ResidentSetSize of job (KB)
...
006 (78851234.066.000) 2026-09-30 13:26:13 Image size of job updated: 498336
	487  -  MemoryUsage of job (MB)
	498336  -  ResidentSetSize of job (KB)
...
006 (78851234.066.000) 2026-09-30 13:31:13 Image size of job updated: 504316
	493  -  MemoryUsage of job (MB)
	504316  -  ResidentSetSize of job (KB)
...
006 (78851234.066.000) 2026-09-30 13:36:14 Image size of job updated: 504628
	493  -  MemoryUsage of job (MB)
	504628  -  ResidentSetSize of job (KB)
...
006 (78851234.066.000) 2026-09-30 13:41:14 Image size of job updated: 509732
	498  -  MemoryUsage of job (MB)
	509732  -  ResidentSetSize of job (KB)
...
006 (78851234.066.000) 2026-09-30 13:46:15 Image size of job updated: 509792
	498  -  MemoryUsage of job (MB)
	509792  -  ResidentSetSize of job (KB)
...
006 (78851234.066.000) 2026-09-30 13:51:15 Image size of job updated: 510072
	499  -  MemoryUsage of job (MB)
	510072  -  ResidentSetSize of job (KB)
...
006 (78851234.066.000) 2026-09-30 13:56:16 Image size of job updated: 510160
	499  -  MemoryUsage of job (MB)
	510160  -  ResidentSetSize of job (KB)
...
006 (78851234.066.000) 2026-09-30 14:01:17 Image size of job updated: 513704
	502  -  MemoryUsage of job (MB)
	513704  -  ResidentSetSize of job (KB)
...
006 (78851234.066.000) 2026-09-30 14:06:17 Image size of job updated: 513744
	502  -  MemoryUsage of job (MB)
	513744  -  ResidentSetSize of job (KB)
...
006 (78851234.066.000) 2026-09-30 14:11:18 Image size of job updated: 517464
	505  -  MemoryUsage of job (MB)
	516444  -  ResidentSetSize of job (KB)
...
006 (78851234.066.000) 2026-09-30 14:16:18 Image size of job updated: 517464
	505  -  MemoryUsage of job (MB)
	516464  -  ResidentSetSize of job (KB)
...
006 (78851234.066.000) 2026-09-30 14:21:18 Image size of job updated: 517464
	505  -  MemoryUsage of job (MB)
	516508  -  ResidentSetSize of job (KB)
...
006 (78851234.066.000) 2026-09-30 14:26:19 Image size of job updated: 517464
	505  -  MemoryUsage of job (MB)
	516536  -  ResidentSetSize of job (KB)
...
006 (78851234.066.000) 2026-09-30 14:31:19 Image size of job updated: 518216
	507  -  MemoryUsage of job (MB)
	518216  -  ResidentSetSize of job (KB)
...
006 (78851234.066.000) 2026-09-30 14:36:20 Image size of job updated: 528780
	517  -  MemoryUsage of job (MB)
	528780  -  ResidentSetSize of job (KB)
...
006 (78851234.066.000) 2026-09-30 14:41:20 Image size of job updated: 572636
	560  -  MemoryUsage of job (MB)
	572636  -  ResidentSetSize of job (KB)
...
006 (78851234.066.000) 2026-09-30 14:46:21 Image size of job updated: 731516
	715  -  MemoryUsage of job (MB)
	731516  -  ResidentSetSize of job (KB)
...
006 (78851234.066.000) 2026-09-30 14:51:21 Image size of job updated: 972032
	950  -  MemoryUsage of job (MB)
	972032  -  ResidentSetSize of job (KB)
...
006 (78851234.066.000) 2026-09-30 14:56:21 Image size of job updated: 1233464
	1205  -  MemoryUsage of job (MB)
	1233464  -  ResidentSetSize of job (KB)
...
006 (78851234.066.000) 2026-09-30 15:01:22 Image size of job updated: 1478672
	1445  -  MemoryUsage of job (MB)
	1478672  -  ResidentSetSize of job (KB)
...
006 (78851234.066.000) 2026-09-30 15:06:22 Image size of job updated: 1720104
	1680  -  MemoryUsage of job (MB)
	1720104  -  ResidentSetSize of job (KB)
...
006 (78851234.066.000) 2026-09-30 15:11:23 Image size of job updated: 1722484
	1683  -  MemoryUsage of job (MB)
	1722484  -  ResidentSetSize of job (KB)
...
006 (78851234.066.000) 2026-09-30 15:16:23 Image size of job updated: 1722536
	1683  -  MemoryUsage of job (MB)
	1722536  -  ResidentSetSize of job (KB)
...
006 (78851234.066.000) 2026-09-30 15:21:23 Image size of job updated: 1722540
	1683  -  MemoryUsage of job (MB)
	1722540  -  ResidentSetSize of job (KB)
...
006 (78851234.066.000) 2026-09-30 15:26:24 Image size of job updated: 1722808
	1683  -  MemoryUsage of job (MB)
	1722808  -  ResidentSetSize of job (KB)
...
006 (78851234.066.000) 2026-09-30 15:31:24 Image size of job updated: 1722832
	1683  -  MemoryUsage of job (MB)
	1722832  -  ResidentSetSize of job (KB)
...
006 (78851234.066.000) 2026-09-30 15:36:25 Image size of job updated: 1723620
	1684  -  MemoryUsage of job (MB)
	1723620  -  ResidentSetSize of job (KB)
...
006 (78851234.066.000) 2026-09-30 15:41:25 Image size of job updated: 1723632
	1684  -  MemoryUsage of job (MB)
	1723632  -  ResidentSetSize of job (KB)
...
006 (78851234.066.000) 2026-09-30 15:46:25 Image size of job updated: 1723644
	1684  -  MemoryUsage of job (MB)
	1723644  -  ResidentSetSize of job (KB)
...
006 (78851234.066.000) 2026-09-30 15:51:26 Image size of job updated: 1723652
	1684  -  MemoryUsage of job (MB)
	1723652  -  ResidentSetSize of job (KB)
...
006 (78851234.066.000) 2026-09-30 15:56:26 Image size of job updated: 1723656
	1684  -  MemoryUsage of job (MB)
	1723656  -  ResidentSetSize of job (KB)
...
006 (78851234.066.000) 2026-09-30 16:01:27 Image size of job updated: 1727444
	1687  -  MemoryUsage of job (MB)
	1727444  -  ResidentSetSize of job (KB)
...
006 (78851234.066.000) 2026-09-30 16:06:27 Image size of job updated: 1727460
	1687  -  MemoryUsage of job (MB)
	1727460  -  ResidentSetSize of job (KB)
...
006 (78851234.066.000) 2026-09-30 16:11:28 Image size of job updated: 1737160
	1696  -  MemoryUsage of job (MB)
	1736200  -  ResidentSetSize of job (KB)
...
006 (78851234.066.000) 2026-09-30 16:16:29 Image size of job updated: 1737160
	1696  -  MemoryUsage of job (MB)
	1736216  -  ResidentSetSize of job (KB)
...
006 (78851234.066.000) 2026-09-30 16:21:29 Image size of job updated: 1738240
	1698  -  MemoryUsage of job (MB)
	1738240  -  ResidentSetSize of job (KB)
...
006 (78851234.066.000) 2026-09-30 16:26:30 Image size of job updated: 1738252
	1698  -  MemoryUsage of job (MB)
	1738252  -  ResidentSetSize of job (KB)
...
006 (78851234.066.000) 2026-09-30 16:31:30 Image size of job updated: 1738272
	1698  -  MemoryUsage of job (MB)
	1738272  -  ResidentSetSize of job (KB)
...
006 (78851234.066.000) 2026-09-30 16:36:30 Image size of job updated: 1738280
	1698  -  MemoryUsage of job (MB)
	1738280  -  ResidentSetSize of job (KB)
...
006 (78851234.066.000) 2026-09-30 16:41:31 Image size of job updated: 1738700
	1698  -  MemoryUsage of job (MB)
	1738700  -  ResidentSetSize of job (KB)
...
006 (78851234.066.000) 2026-09-30 16:46:31 Image size of job updated: 1738720
	1698  -  MemoryUsage of job (MB)
	1738720  -  ResidentSetSize of job (KB)
...
006 (78851234.066.000) 2026-09-30 16:51:31 Image size of job updated: 1739316
	1699  -  MemoryUsage of job (MB)
	1739316  -  ResidentSetSize of job (KB)
...
006 (78851234.066.000) 2026-09-30 16:56:32 Image size of job updated: 1739320
	1699  -  MemoryUsage of job (MB)
	1739320  -  ResidentSetSize of job (KB)
...
006 (78851234.066.000) 2026-09-30 17:01:32 Image size of job updated: 1745972
	1706  -  MemoryUsage of job (MB)
	1745972  -  ResidentSetSize of job (KB)
...
006 (78851234.066.000) 2026-09-30 17:06:33 Image size of job updated: 1745980
	1706  -  MemoryUsage of job (MB)
	1745980  -  ResidentSetSize of job (KB)
...
006 (78851234.066.000) 2026-09-30 17:16:34 Image size of job updated: 1745984
	1706  -  MemoryUsage of job (MB)
	1745984  -  ResidentSetSize of job (KB)
...
006 (78851234.066.000) 2026-09-30 17:21:35 Image size of job updated: 1745988
	1706  -  MemoryUsage of job (MB)
	1745988  -  ResidentSetSize of job (KB)
...
006 (78851234.066.000) 2026-09-30 17:26:35 Image size of job updated: 1746600
	1706  -  MemoryUsage of job (MB)
	1746600  -  ResidentSetSize of job (KB)
...
006 (78851234.066.000) 2026-09-30 17:31:36 Image size of job updated: 1746612
	1706  -  MemoryUsage of job (MB)
	1746612  -  ResidentSetSize of job (KB)
...
006 (78851234.066.000) 2026-09-30 17:36:36 Image size of job updated: 1747016
	1707  -  MemoryUsage of job (MB)
	1747016  -  ResidentSetSize of job (KB)
...
006 (78851234.066.000) 2026-09-30 17:41:36 Image size of job updated: 1747028
	1707  -  MemoryUsage of job (MB)
	1747028  -  ResidentSetSize of job (KB)
...
006 (78851234.066.000) 2026-09-30 17:51:37 Image size of job updated: 1747032
	1707  -  MemoryUsage of job (MB)
	1747032  -  ResidentSetSize of job (KB)
...
006 (78851234.066.000) 2026-09-30 17:56:38 Image size of job updated: 1756648
	1716  -  MemoryUsage of job (MB)
	1756648  -  ResidentSetSize of job (KB)
...
006 (78851234.066.000) 2026-09-30 18:11:39 Image size of job updated: 1756652
	1716  -  MemoryUsage of job (MB)
	1756652  -  ResidentSetSize of job (KB)
...
006 (78851234.066.000) 2026-09-30 18:16:39 Image size of job updated: 1756656
	1716  -  MemoryUsage of job (MB)
	1756656  -  ResidentSetSize of job (KB)
...
006 (78851234.066.000) 2026-09-30 18:21:40 Image size of job updated: 1756660
	1716  -  MemoryUsage of job (MB)
	1756660  -  ResidentSetSize of job (KB)
...
006 (78851234.066.000) 2026-09-30 18:26:40 Image size of job updated: 1758440
	1718  -  MemoryUsage of job (MB)
	1758440  -  ResidentSetSize of job (KB)
...
006 (78851234.066.000) 2026-09-30 18:31:40 Image size of job updated: 1758452
	1718  -  MemoryUsage of job (MB)
	1758452  -  ResidentSetSize of job (KB)
...
006 (78851234.066.000) 2026-09-30 18:36:41 Image size of job updated: 1758456
	1718  -  MemoryUsage of job (MB)
	1758456  -  ResidentSetSize of job (KB)
...
006 (78851234.066.000) 2026-09-30 18:41:41 Image size of job updated: 1758732
	1718  -  MemoryUsage of job (MB)
	1758732  -  ResidentSetSize of job (KB)
...
006 (78851234.066.000) 2026-09-30 18:46:42 Image size of job updated: 1758740
	1718  -  MemoryUsage of job (MB)
	1758740  -  ResidentSetSize of job (KB)
...
006 (78851234.066.000) 2026-09-30 18:51:42 Image size of job updated: 1758748
	1718  -  MemoryUsage of job (MB)
	1758748  -  ResidentSetSize of job (KB)
...
006 (78851234.066.000) 2026-09-30 18:56:42 Image size of job updated: 1758752
	1718  -  MemoryUsage of job (MB)
	1758752  -  ResidentSetSize of job (KB)
...
006 (78851234.066.000) 2026-09-30 19:06:43 Image size of job updated: 1758756
	1718  -  MemoryUsage of job (MB)
	1758756  -  ResidentSetSize of job (KB)
...
006 (78851234.066.000) 2026-09-30 19:11:44 Image size of job updated: 1763340
	1723  -  MemoryUsage of job (MB)
	1763340  -  ResidentSetSize of job (KB)
...
006 (78851234.066.000) 2026-09-30 19:21:44 Image size of job updated: 1763344
	1723  -  MemoryUsage of job (MB)
	1763344  -  ResidentSetSize of job (KB)
...
006 (78851234.066.000) 2026-09-30 19:26:45 Image size of job updated: 1763352
	1723  -  MemoryUsage of job (MB)
	1763352  -  ResidentSetSize of job (KB)
...
006 (78851234.066.000) 2026-09-30 19:31:45 Image size of job updated: 1764364
	1724  -  MemoryUsage of job (MB)
	1764364  -  ResidentSetSize of job (KB)
...
006 (78851234.066.000) 2026-09-30 20:16:49 Image size of job updated: 1766400
	1725  -  MemoryUsage of job (MB)
	1766400  -  ResidentSetSize of job (KB)
...
006 (78851234.066.000) 2026-09-30 20:31:50 Image size of job updated: 1766412
	1726  -  MemoryUsage of job (MB)
	1766412  -  ResidentSetSize of job (KB)
...
006 (78851234.066.000) 2026-09-30 20:36:50 Image size of job updated: 1766416
	1726  -  MemoryUsage of job (MB)
	1766416  -  ResidentSetSize of job (KB)
...
006 (78851234.066.000) 2026-09-30 20:41:51 Image size of job updated: 1767440
	1726  -  MemoryUsage of job (MB)
	1767424  -  ResidentSetSize of job (KB)
...
006 (78851234.066.000) 2026-09-30 20:46:51 Image size of job updated: 1767440
	1727  -  MemoryUsage of job (MB)
	1767428  -  ResidentSetSize of job (KB)
...
006 (78851234.066.000) 2026-09-30 20:51:52 Image size of job updated: 1768436
	1727  -  MemoryUsage of job (MB)
	1768436  -  ResidentSetSize of job (KB)
...
006 (78851234.066.000) 2026-09-30 20:56:52 Image size of job updated: 1768440
	1727  -  MemoryUsage of job (MB)
	1768440  -  ResidentSetSize of job (KB)
...
006 (78851234.066.000) 2026-09-30 21:06:53 Image size of job updated: 1768444
	1727  -  MemoryUsage of job (MB)
	1768444  -  ResidentSetSize of job (KB)
...
006 (78851234.066.000) 2026-09-30 21:21:54 Image size of job updated: 1769452
	1728  -  MemoryUsage of job (MB)
	1769452  -  ResidentSetSize of job (KB)
...
006 (78851234.066.000) 2026-09-30 21:31:56 Image size of job updated: 1769460
	1728  -  MemoryUsage of job (MB)
	1769460  -  ResidentSetSize of job (KB)
...
006 (78851234.066.000) 2026-09-30 21:36:56 Image size of job updated: 1769464
	1728  -  MemoryUsage of job (MB)
	1769464  -  ResidentSetSize of job (KB)
...
006 (78851234.066.000) 2026-09-30 21:41:57 Image size of job updated: 1769468
	1728  -  MemoryUsage of job (MB)
	1769468  -  ResidentSetSize of job (KB)
...
006 (78851234.066.000) 2026-09-30 21:46:57 Image size of job updated: 1771488
	1730  -  MemoryUsage of job (MB)
	1771488  -  ResidentSetSize of job (KB)
...
006 (78851234.066.000) 2026-09-30 22:12:00 Image size of job updated: 1771492
	1730  -  MemoryUsage of job (MB)
	1771492  -  ResidentSetSize of job (KB)
...
006 (78851234.066.000) 2026-09-30 22:52:03 Image size of job updated: 1778964
	1737  -  MemoryUsage of job (MB)
	1777964  -  ResidentSetSize of job (KB)
...
006 (78851234.066.000) 2026-09-30 23:02:04 Image size of job updated: 1779984
	1739  -  MemoryUsage of job (MB)
	1779984  -  ResidentSetSize of job (KB)
...
006 (78851234.066.000) 2026-09-30 23:12:05 Image size of job updated: 1779988
	1739  -  MemoryUsage of job (MB)
	1779988  -  ResidentSetSize of job (KB)
...
006 (78851234.066.000) 2026-09-30 23:42:07 Image size of job updated: 1779992
	1739  -  MemoryUsage of job (MB)
	1779992  -  ResidentSetSize of job (KB)
...
006 (78851234.066.000) 2026-09-30 23:47:08 Image size of job updated: 1781004
	1740  -  MemoryUsage of job (MB)
	1781004  -  ResidentSetSize of job (KB)
...
006 (78851234.066.000) 2026-10-01 00:02:10 Image size of job updated: 1781008
	1740  -  MemoryUsage of job (MB)
	1781008  -  ResidentSetSize of job (KB)
...
006 (78851234.066.000) 2026-10-01 00:07:10 Image size of job updated: 1782020
	1741  -  MemoryUsage of job (MB)
	1782020  -  ResidentSetSize of job (KB)
...
006 (78851234.066.000) 2026-10-01 00:27:12 Image size of job updated: 1787100
	1746  -  MemoryUsage of job (MB)
	1787100  -  ResidentSetSize of job (KB)
...
006 (78851234.066.000) 2026-10-01 00:42:13 Image size of job updated: 1787104
	1746  -  MemoryUsage of job (MB)
	1787104  -  ResidentSetSize of job (KB)
...
006 (78851234.066.000) 2026-10-01 00:52:14 Image size of job updated: 1787164
	1746  -  MemoryUsage of job (MB)
	1787164  -  ResidentSetSize of job (KB)
...
006 (78851234.066.000) 2026-10-01 00:57:14 Image size of job updated: 1787168
	1746  -  MemoryUsage of job (MB)
	1787168  -  ResidentSetSize of job (KB)
...
006 (78851234.066.000) 2026-10-01 01:07:15 Image size of job updated: 1788116
	1747  -  MemoryUsage of job (MB)
	1788116  -  ResidentSetSize of job (KB)
...
006 (78851234.066.000) 2026-10-01 01:32:18 Image size of job updated: 1789124
	1748  -  MemoryUsage of job (MB)
	1789124  -  ResidentSetSize of job (KB)
...
006 (78851234.066.000) 2026-10-01 01:52:19 Image size of job updated: 1789128
	1748  -  MemoryUsage of job (MB)
	1789128  -  ResidentSetSize of job (KB)
...
006 (78851234.066.000) 2026-10-01 01:57:20 Image size of job updated: 1789132
	1748  -  MemoryUsage of job (MB)
	1789132  -  ResidentSetSize of job (KB)
...
006 (78851234.066.000) 2026-10-01 02:02:20 Image size of job updated: 1789136
	1748  -  MemoryUsage of job (MB)
	1789136  -  ResidentSetSize of job (KB)
...
006 (78851234.066.000) 2026-10-01 02:07:21 Image size of job updated: 1789140
	1748  -  MemoryUsage of job (MB)
	1789140  -  ResidentSetSize of job (KB)
...
006 (78851234.066.000) 2026-10-01 02:17:21 Image size of job updated: 1790148
	1749  -  MemoryUsage of job (MB)
	1790148  -  ResidentSetSize of job (KB)
...
006 (78851234.066.000) 2026-10-01 02:27:22 Image size of job updated: 1790156
	1749  -  MemoryUsage of job (MB)
	1790156  -  ResidentSetSize of job (KB)
...
006 (78851234.066.000) 2026-10-01 02:37:23 Image size of job updated: 1791164
	1750  -  MemoryUsage of job (MB)
	1791164  -  ResidentSetSize of job (KB)
...
006 (78851234.066.000) 2026-10-01 02:52:25 Image size of job updated: 1791172
	1750  -  MemoryUsage of job (MB)
	1791172  -  ResidentSetSize of job (KB)
...
006 (78851234.066.000) 2026-10-01 03:02:26 Image size of job updated: 1798724
	1757  -  MemoryUsage of job (MB)
	1798724  -  ResidentSetSize of job (KB)
...
006 (78851234.066.000) 2026-10-01 03:47:30 Image size of job updated: 1809972
	1768  -  MemoryUsage of job (MB)
	1809972  -  ResidentSetSize of job (KB)
...
006 (78851234.066.000) 2026-10-01 03:57:31 Image size of job updated: 1811836
	1770  -  MemoryUsage of job (MB)
	1811836  -  ResidentSetSize of job (KB)
...
006 (78851234.066.000) 2026-10-01 04:02:31 Image size of job updated: 1811840
	1770  -  MemoryUsage of job (MB)
	1811840  -  ResidentSetSize of job (KB)
...
006 (78851234.066.000) 2026-10-01 04:32:34 Image size of job updated: 1813872
	1772  -  MemoryUsage of job (MB)
	1813872  -  ResidentSetSize of job (KB)
...
006 (78851234.066.000) 2026-10-01 04:42:35 Image size of job updated: 1813876
	1772  -  MemoryUsage of job (MB)
	1813876  -  ResidentSetSize of job (KB)
...
006 (78851234.066.000) 2026-10-01 04:47:36 Image size of job updated: 1813880
	1772  -  MemoryUsage of job (MB)
	1813880  -  ResidentSetSize of job (KB)
...
006 (78851234.066.000) 2026-10-01 04:52:36 Image size of job updated: 1817100
	1774  -  MemoryUsage of job (MB)
	1816092  -  ResidentSetSize of job (KB)
...
006 (78851234.066.000) 2026-10-01 04:57:37 Image size of job updated: 1817100
	1774  -  MemoryUsage of job (MB)
	1816096  -  ResidentSetSize of job (KB)
...
006 (78851234.066.000) 2026-10-01 05:02:37 Image size of job updated: 1817100
	1774  -  MemoryUsage of job (MB)
	1816156  -  ResidentSetSize of job (KB)
...
006 (78851234.066.000) 2026-10-01 05:12:38 Image size of job updated: 1817100
	1774  -  MemoryUsage of job (MB)
	1816160  -  ResidentSetSize of job (KB)
...
006 (78851234.066.000) 2026-10-01 05:17:38 Image size of job updated: 1817108
	1775  -  MemoryUsage of job (MB)
	1817108  -  ResidentSetSize of job (KB)
...
006 (78851234.066.000) 2026-10-01 05:42:41 Image size of job updated: 1817112
	1775  -  MemoryUsage of job (MB)
	1817112  -  ResidentSetSize of job (KB)
...
006 (78851234.066.000) 2026-10-01 05:47:41 Image size of job updated: 1818136
	1776  -  MemoryUsage of job (MB)
	1818136  -  ResidentSetSize of job (KB)
...
006 (78851234.066.000) 2026-10-01 06:22:45 Image size of job updated: 1818140
	1776  -  MemoryUsage of job (MB)
	1818140  -  ResidentSetSize of job (KB)
...
006 (78851234.066.000) 2026-10-01 06:27:45 Image size of job updated: 1819172
	1777  -  MemoryUsage of job (MB)
	1819172  -  ResidentSetSize of job (KB)
...
006 (78851234.066.000) 2026-10-01 06:47:47 Image size of job updated: 1820196
	1778  -  MemoryUsage of job (MB)
	1820196  -  ResidentSetSize of job (KB)
...
006 (78851234.066.000) 2026-10-01 07:32:51 Image size of job updated: 1821220
	1779  -  MemoryUsage of job (MB)
	1821220  -  ResidentSetSize of job (KB)
...
006 (78851234.066.000) 2026-10-01 07:47:53 Image size of job updated: 1821224
	1779  -  MemoryUsage of job (MB)
	1821224  -  ResidentSetSize of job (KB)
...
006 (78851234.066.000) 2026-10-01 07:52:53 Image size of job updated: 1821232
	1779  -  MemoryUsage of job (MB)
	1821232  -  ResidentSetSize of job (KB)
...
006 (78851234.066.000) 2026-10-01 07:57:54 Image size of job updated: 1821244
	1779  -  MemoryUsage of job (MB)
	1821232  -  ResidentSetSize of job (KB)
...
006 (78851234.066.000) 2026-10-01 08:02:54 Image size of job updated: 1821244
	1779  -  MemoryUsage of job (MB)
	1821236  -  ResidentSetSize of job (KB)
...
006 (78851234.066.000) 2026-10-01 08:32:58 Image size of job updated: 1825624
	1783  -  MemoryUsage of job (MB)
	1825624  -  ResidentSetSize of job (KB)
...
006 (78851234.066.000) 2026-10-01 08:48:00 Image size of job updated: 1826648
	1784  -  MemoryUsage of job (MB)
	1826648  -  ResidentSetSize of job (KB)
...
006 (78851234.066.000) 2026-10-01 08:58:02 Image size of job updated: 1826656
	1784  -  MemoryUsage of job (MB)
	1826656  -  ResidentSetSize of job (KB)
...
006 (78851234.066.000) 2026-10-01 09:03:02 Image size of job updated: 1826668
	1784  -  MemoryUsage of job (MB)
	1826668  -  ResidentSetSize of job (KB)
...
006 (78851234.066.000) 2026-10-01 09:13:03 Image size of job updated: 1826672
	1784  -  MemoryUsage of job (MB)
	1826672  -  ResidentSetSize of job (KB)
...
006 (78851234.066.000) 2026-10-01 09:43:06 Image size of job updated: 1827792
	1785  -  MemoryUsage of job (MB)
	1827792  -  ResidentSetSize of job (KB)
...
006 (78851234.066.000) 2026-10-01 09:53:07 Image size of job updated: 1828720
	1786  -  MemoryUsage of job (MB)
	1828720  -  ResidentSetSize of job (KB)
...
006 (78851234.066.000) 2026-10-01 10:08:08 Image size of job updated: 1828760
	1786  -  MemoryUsage of job (MB)
	1828760  -  ResidentSetSize of job (KB)
...
006 (78851234.066.000) 2026-10-01 10:18:09 Image size of job updated: 1830136
	1787  -  MemoryUsage of job (MB)
	1829112  -  ResidentSetSize of job (KB)
...
006 (78851234.066.000) 2026-10-01 10:33:11 Image size of job updated: 1830136
	1787  -  MemoryUsage of job (MB)
	1829116  -  ResidentSetSize of job (KB)
...
006 (78851234.066.000) 2026-10-01 10:43:12 Image size of job updated: 1830136
	1787  -  MemoryUsage of job (MB)
	1829400  -  ResidentSetSize of job (KB)
...
006 (78851234.066.000) 2026-10-01 10:58:14 Image size of job updated: 1830388
	1788  -  MemoryUsage of job (MB)
	1830388  -  ResidentSetSize of job (KB)
...
006 (78851234.066.000) 2026-10-01 11:08:15 Image size of job updated: 1832436
	1789  -  MemoryUsage of job (MB)
	1831412  -  ResidentSetSize of job (KB)
...
006 (78851234.066.000) 2026-10-01 11:28:17 Image size of job updated: 1832436
	1789  -  MemoryUsage of job (MB)
	1831416  -  ResidentSetSize of job (KB)
...
006 (78851234.066.000) 2026-10-01 12:03:21 Image size of job updated: 1833464
	1791  -  MemoryUsage of job (MB)
	1833464  -  ResidentSetSize of job (KB)
...
006 (78851234.066.000) 2026-10-01 12:33:24 Image size of job updated: 1834488
	1792  -  MemoryUsage of job (MB)
	1834488  -  ResidentSetSize of job (KB)
...
004 (78851234.066.000) 2026-10-01 12:41:02 Job was evicted. Code 1019 Subcode 0
	(0) CPU times
		Usr 7 16:00:59, Sys 0 00:07:06  -  Run Remote Usage
		Usr 0 00:00:00, Sys 0 00:00:00  -  Run Local Usage
	0  -  Run Bytes Sent By Job
	0  -  Run Bytes Received By Job
	Reason: Preempted for a Priority user
	Partitionable Resources :    Usage  Request Allocated 
	   Cpus                 :     6.96        4         4 
	   Disk (KB)            : 25000       25000     28672 
	   GPUs                 :                           0 
	   Memory (MB)          :  1792        6000      6016 
	   TimeExecute (s)      : 86701                       
	   TimeSlotBusy (s)     : 86703                       
...
001 (78851234.066.000) 2026-10-01 12:45:07 Job executing on host: <10.14.10.55:9618?addrs=10.14.10.55-9618&alias=node2305.cluster.ldas.cit&noUDP&sock=startd_2740026_8246>
	SlotName: slot1_10@node2305.cluster.ldas.cit
	CondorScratchDir = "/var/lib/condor/execute/dir_2913966/scratch"
	Cpus = 4
	Disk = 28672
	GPUs = 0
	Memory = 6016
...
005 (78851234.066.000) 2026-10-02 10:12:31 Job terminated.
	(1) Normal termination (return value 0)
		Usr 8 21:18:08, Sys 0 00:15:00  -  Run Remote Usage
		Usr 0 00:00:00, Sys 0 00:00:00  -  Run Local Usage
		Usr 16 13:19:07, Sys 0 00:22:06  -  Total Remote Usage
		Usr 0 00:00:00, Sys 0 00:00:00  -  Total Local Usage
	0  -  Run Bytes Sent By Job
	0  -  Run Bytes Received By Job
	0  -  Total Bytes Sent By Job
	0  -  Total Bytes Received By Job
	Partitionable Resources :    Usage  Request Allocated 
	   Cpus                 :     3.88        4         4 
	   Disk (KB)            : 25000       25000     28672 
	   GPUs                 :                           0 
	   Memory (MB)          :  1954        6000      6016 
	   TimeExecute (s)      : 77244                       
	   TimeSlotBusy (s)     : 77244                       
...
000 (78854872.066.000) 2026-10-03 17:21:23 Job submitted from host: <10.14.0.121:9618?addrs=10.14.0.121-9618&alias=ldas-pcdev12.ligo.caltech.edu&noUDP&sock=schedd_623140_c9b4>
...
001 (78854872.066.000) 2026-10-03 17:22:11 Job executing on host: <10.14.6.148:9618?addrs=10.14.6.148-9618&alias=node1398.cluster.ldas.cit&noUDP&sock=startd_35514_3a82>
	SlotName: slot1_2@node1398.cluster.ldas.cit
	CondorScratchDir = "/var/lib/condor/execute/dir_604397/scratch"
	Cpus = 4
	Disk = 28672
	GPUs = 0
	Memory = 6016
...
006 (78854872.066.000) 2026-10-03 17:22:19 Image size of job updated: 109520
	107  -  MemoryUsage of job (MB)
	109520  -  ResidentSetSize of job (KB)
...
006 (78854872.066.000) 2026-10-03 17:22:35 Image size of job updated: 494828
	107  -  MemoryUsage of job (MB)
	109520  -  ResidentSetSize of job (KB)
...
005 (78854872.066.000) 2026-10-03 17:22:35 Job terminated.
	(1) Normal termination (return value 0)
		Usr 0 00:00:14, Sys 0 00:00:00  -  Run Remote Usage
		Usr 0 00:00:00, Sys 0 00:00:00  -  Run Local Usage
		Usr 0 00:00:14, Sys 0 00:00:00  -  Total Remote Usage
		Usr 0 00:00:00, Sys 0 00:00:00  -  Total Local Usage
	0  -  Run Bytes Sent By Job
	0  -  Run Bytes Received By Job
	0  -  Total Bytes Sent By Job
	0  -  Total Bytes Received By Job
	Partitionable Resources :    Usage  Request Allocated 
	   Cpus                 :        0        4         4 
	   Disk (KB)            :    25000    25000     28672 
	   GPUs                 :                           0 
	   Memory (MB)          :      107     6000      6016 
	   TimeExecute (s)      :       24                    
	   TimeSlotBusy (s)     :       25                    
...
000 (78854906.066.000) 2026-10-03 21:36:50 Job submitted from host: <10.14.0.121:9618?addrs=10.14.0.121-9618&alias=ldas-pcdev12.ligo.caltech.edu&noUDP&sock=schedd_623140_c9b4>
...
001 (78854906.066.000) 2026-10-03 21:38:42 Job executing on host: <10.14.5.102:9618?addrs=10.14.5.102-9618&alias=node1102.cluster.ldas.cit&noUDP&sock=startd_83239_9be4>
	SlotName: slot1_2@node1102.cluster.ldas.cit
	CondorScratchDir = "/var/lib/condor/execute/dir_648459/scratch"
	Cpus = 4
	Disk = 28672
	GPUs = 0
	Memory = 6016
...
006 (78854906.066.000) 2026-10-03 21:38:50 Image size of job updated: 165500
	162  -  MemoryUsage of job (MB)
	165500  -  ResidentSetSize of job (KB)
...
006 (78854906.066.000) 2026-10-03 21:39:02 Image size of job updated: 497384
	162  -  MemoryUsage of job (MB)
	165500  -  ResidentSetSize of job (KB)
...
005 (78854906.066.000) 2026-10-03 21:39:02 Job terminated.
	(1) Normal termination (return value 0)
		Usr 0 00:00:11, Sys 0 00:00:00  -  Run Remote Usage
		Usr 0 00:00:00, Sys 0 00:00:00  -  Run Local Usage
		Usr 0 00:00:11, Sys 0 00:00:00  -  Total Remote Usage
		Usr 0 00:00:00, Sys 0 00:00:00  -  Total Local Usage
	0  -  Run Bytes Sent By Job
	0  -  Run Bytes Received By Job
	0  -  Total Bytes Sent By Job
	0  -  Total Bytes Received By Job
	Partitionable Resources :    Usage  Request Allocated 
	   Cpus                 :        0        4         4 
	   Disk (KB)            :    25000    25000     28672 
	   GPUs                 :                           0 
	   Memory (MB)          :      162     6000      6016 
	   TimeExecute (s)      :       21                    
	   TimeSlotBusy (s)     :       21                    
...
000 (78855135.066.000) 2026-10-04 13:44:56 Job submitted from host: <10.14.0.121:9618?addrs=10.14.0.121-9618&alias=ldas-pcdev12.ligo.caltech.edu&noUDP&sock=schedd_623140_c9b4>
...
001 (78855135.066.000) 2026-10-04 13:49:17 Job executing on host: <10.14.5.142:9618?addrs=10.14.5.142-9618&alias=node1142.cluster.ldas.cit&noUDP&sock=startd_216892_733e>
	SlotName: slot1_2@node1142.cluster.ldas.cit
	CondorScratchDir = "/var/lib/condor/execute/dir_836032/scratch"
	Cpus = 4
	Disk = 28672
	GPUs = 0
	Memory = 6016
...
006 (78855135.066.000) 2026-10-04 13:49:26 Image size of job updated: 235064
	230  -  MemoryUsage of job (MB)
	235064  -  ResidentSetSize of job (KB)
...
006 (78855135.066.000) 2026-10-04 13:49:31 Image size of job updated: 495064
	230  -  MemoryUsage of job (MB)
	235152  -  ResidentSetSize of job (KB)
...
005 (78855135.066.000) 2026-10-04 13:49:31 Job terminated.
	(1) Normal termination (return value 0)
		Usr 0 00:00:10, Sys 0 00:00:00  -  Run Remote Usage
		Usr 0 00:00:00, Sys 0 00:00:00  -  Run Local Usage
		Usr 0 00:00:10, Sys 0 00:00:00  -  Total Remote Usage
		Usr 0 00:00:00, Sys 0 00:00:00  -  Total Local Usage
	0  -  Run Bytes Sent By Job
	0  -  Run Bytes Received By Job
	0  -  Total Bytes Sent By Job
	0  -  Total Bytes Received By Job
	Partitionable Resources :    Usage  Request Allocated 
	   Cpus                 :                 4         4 
	   Disk (KB)            :    25000    25000     28672 
	   GPUs                 :                           0 
	   Memory (MB)          :      230     6000      6016 
	   TimeExecute (s)      :       14                    
	   TimeSlotBusy (s)     :       14                    
...
