000 (78851234.068.000) 2026-09-30 12:35:31 Job submitted from host: <10.14.0.121:9618?addrs=10.14.0.121-9618&alias=ldas-pcdev12.ligo.caltech.edu&noUDP&sock=schedd_623140_c9b4>
...
001 (78851234.068.000) 2026-09-30 12:35:59 Job executing on host: <10.14.4.37:9618?addrs=10.14.4.37-9618&alias=node787.cluster.ldas.cit&noUDP&sock=startd_1579816_f375>
	SlotName: slot1_6@node787.cluster.ldas.cit
	CondorScratchDir = "/var/lib/condor/execute/dir_1685586/scratch"
	Cpus = 4
	Disk = 28672
	GPUs = 0
	Memory = 6016
...
006 (78851234.068.000) 2026-09-30 12:36:08 Image size of job updated: 181316
	178  -  MemoryUsage of job (MB)
	181316  -  ResidentSetSize of job (KB)
...
006 (78851234.068.000) 2026-09-30 12:41:09 Image size of job updated: 327996
	321  -  MemoryUsage of job (MB)
	327996  -  ResidentSetSize of job (KB)
...
006 (78851234.068.000) 2026-09-30 12:46:09 Image size of job updated: 328776
	322  -  MemoryUsage of job (MB)
	328776  -  ResidentSetSize of job (KB)
...
006 (78851234.068.000) 2026-09-30 12:51:10 Image size of job updated: 439380
	430  -  MemoryUsage of job (MB)
	439380  -  ResidentSetSize of job (KB)
...
006 (78851234.068.000) 2026-09-30 12:56:10 Image size of job updated: 439680
	430  -  MemoryUsage of job (MB)
	439680  -  ResidentSetSize of job (KB)
...
006 (78851234.068.000) 2026-09-30 13:01:11 Image size of job updated: 454252
	430  -  MemoryUsage of job (MB)
	439680  -  ResidentSetSize of job (KB)
...
006 (78851234.068.000) 2026-09-30 13:11:11 Image size of job updated: 454252
	431  -  MemoryUsage of job (MB)
	440536  -  ResidentSetSize of job (KB)
...
006 (78851234.068.000) 2026-09-30 13:16:12 Image size of job updated: 454252
	431  -  MemoryUsage of job (MB)
	440916  -  ResidentSetSize of job (KB)
...
006 (78851234.068.000) 2026-09-30 13:21:12 Image size of job updated: 457224
	447  -  MemoryUsage of job (MB)
	457224  -  ResidentSetSize of job (KB)
...
006 (78851234.068.000) 2026-09-30 13:26:13 Image size of job updated: 457476
	447  -  MemoryUsage of job (MB)
	457476  -  ResidentSetSize of job (KB)
...
006 (78851234.068.000) 2026-09-30 13:31:13 Image size of job updated: 457660
	447  -  MemoryUsage of job (MB)
	457660  -  ResidentSetSize of job (KB)
...
006 (78851234.068.000) 2026-09-30 13:36:13 Image size of job updated: 457844
	448  -  MemoryUsage of job (MB)
	457844  -  ResidentSetSize of job (KB)
...
006 (78851234.068.000) 2026-09-30 13:41:14 Image size of job updated: 466788
	456  -  MemoryUsage of job (MB)
	466788  -  ResidentSetSize of job (KB)
...
006 (78851234.068.000) 2026-09-30 13:46:14 Image size of job updated: 466936
	456  -  MemoryUsage of job (MB)
	466936  -  ResidentSetSize of job (KB)
...
006 (78851234.068.000) 2026-09-30 13:51:15 Image size of job updated: 470296
	460  -  MemoryUsage of job (MB)
	470296  -  ResidentSetSize of job (KB)
...
006 (78851234.068.000) 2026-09-30 13:56:16 Image size of job updated: 470456
	460  -  MemoryUsage of job (MB)
	470456  -  ResidentSetSize of job (KB)
...
006 (78851234.068.000) 2026-09-30 14:01:16 Image size of job updated: 476420
	466  -  MemoryUsage of job (MB)
	476420  -  ResidentSetSize of job (KB)
...
006 (78851234.068.000) 2026-09-30 14:06:17 Image size of job updated: 476552
	466  -  MemoryUsage of job (MB)
	476552  -  ResidentSetSize of job (KB)
...
006 (78851234.068.000) 2026-09-30 14:11:17 Image size of job updated: 483252
	472  -  MemoryUsage of job (MB)
	483252  -  ResidentSetSize of job (KB)
...
006 (78851234.068.000) 2026-09-30 14:16:17 Image size of job updated: 483344
	473  -  MemoryUsage of job (MB)
	483344  -  ResidentSetSize of job (KB)
...
006 (78851234.068.000) 2026-09-30 14:21:18 Image size of job updated: 483504
	473  -  MemoryUsage of job (MB)
	483344  -  ResidentSetSize of job (KB)
...
006 (78851234.068.000) 2026-09-30 14:51:20 Image size of job updated: 520760
	509  -  MemoryUsage of job (MB)
	520760  -  ResidentSetSize of job (KB)
...
006 (78851234.068.000) 2026-09-30 14:56:21 Image size of job updated: 520840
	509  -  MemoryUsage of job (MB)
	520840  -  ResidentSetSize of job (KB)
...
006 (78851234.068.000) 2026-09-30 15:01:21 Image size of job updated: 520888
	509  -  MemoryUsage of job (MB)
	520888  -  ResidentSetSize of job (KB)
...
006 (78851234.068.000) 2026-09-30 15:06:22 Image size of job updated: 520920
	509  -  MemoryUsage of job (MB)
	520920  -  ResidentSetSize of job (KB)
...
006 (78851234.068.000) 2026-09-30 15:11:23 Image size of job updated: 520968
	509  -  MemoryUsage of job (MB)
	520968  -  ResidentSetSize of job (KB)
...
006 (78851234.068.000) 2026-09-30 15:16:23 Image size of job updated: 652684
	638  -  MemoryUsage of job (MB)
	652684  -  ResidentSetSize of job (KB)
...
006 (78851234.068.000) 2026-09-30 15:21:24 Image size of job updated: 871060
	851  -  MemoryUsage of job (MB)
	871060  -  ResidentSetSize of job (KB)
...
006 (78851234.068.000) 2026-09-30 15:26:24 Image size of job updated: 1135604
	1109  -  MemoryUsage of job (MB)
	1135604  -  ResidentSetSize of job (KB)
...
006 (78851234.068.000) 2026-09-30 15:31:25 Image size of job updated: 1348668
	1318  -  MemoryUsage of job (MB)
	1348668  -  ResidentSetSize of job (KB)
...
006 (78851234.068.000) 2026-09-30 15:36:25 Image size of job updated: 1546400
	1511  -  MemoryUsage of job (MB)
	1546400  -  ResidentSetSize of job (KB)
...
006 (78851234.068.000) 2026-09-30 15:41:25 Image size of job updated: 1546448
	1511  -  MemoryUsage of job (MB)
	1546448  -  ResidentSetSize of job (KB)
...
006 (78851234.068.000) 2026-09-30 15:46:26 Image size of job updated: 1546492
	1511  -  MemoryUsage of job (MB)
	1546492  -  ResidentSetSize of job (KB)
...
006 (78851234.068.000) 2026-09-30 15:51:26 Image size of job updated: 1546560
	1511  -  MemoryUsage of job (MB)
	1546560  -  ResidentSetSize of job (KB)
...
006 (78851234.068.000) 2026-09-30 15:56:27 Image size of job updated: 1546644
	1511  -  MemoryUsage of job (MB)
	1546644  -  ResidentSetSize of job (KB)
...
006 (78851234.068.000) 2026-09-30 16:01:27 Image size of job updated: 1546708
	1511  -  MemoryUsage of job (MB)
	1546708  -  ResidentSetSize of job (KB)
...
006 (78851234.068.000) 2026-09-30 16:06:27 Image size of job updated: 1546744
	1511  -  MemoryUsage of job (MB)
	1546744  -  ResidentSetSize of job (KB)
...
006 (78851234.068.000) 2026-09-30 16:11:28 Image size of job updated: 1546768
	1511  -  MemoryUsage of job (MB)
	1546768  -  ResidentSetSize of job (KB)
...
006 (78851234.068.000) 2026-09-30 16:16:28 Image size of job updated: 1546784
	1511  -  MemoryUsage of job (MB)
	1546784  -  ResidentSetSize of job (KB)
...
006 (78851234.068.000) 2026-09-30 16:21:29 Image size of job updated: 1546788
	1511  -  MemoryUsage of job (MB)
	1546788  -  ResidentSetSize of job (KB)
...
006 (78851234.068.000) 2026-09-30 16:26:29 Image size of job updated: 1546868
	1511  -  MemoryUsage of job (MB)
	1546868  -  ResidentSetSize of job (KB)
...
006 (78851234.068.000) 2026-09-30 16:31:30 Image size of job updated: 1546880
	1511  -  MemoryUsage of job (MB)
	1546880  -  ResidentSetSize of job (KB)
...
006 (78851234.068.000) 2026-09-30 16:36:30 Image size of job updated: 1546920
	1511  -  MemoryUsage of job (MB)
	1546920  -  ResidentSetSize of job (KB)
...
006 (78851234.068.000) 2026-09-30 16:41:30 Image size of job updated: 1546944
	1511  -  MemoryUsage of job (MB)
	1546944  -  ResidentSetSize of job (KB)
...
006 (78851234.068.000) 2026-09-30 16:46:31 Image size of job updated: 1547012
	1511  -  MemoryUsage of job (MB)
	1547012  -  ResidentSetSize of job (KB)
...
006 (78851234.068.000) 2026-09-30 16:51:31 Image size of job updated: 1547032
	1511  -  MemoryUsage of job (MB)
	1547032  -  ResidentSetSize of job (KB)
...
006 (78851234.068.000) 2026-09-30 17:01:32 Image size of job updated: 1548060
	1512  -  MemoryUsage of job (MB)
	1548060  -  ResidentSetSize of job (KB)
...
006 (78851234.068.000) 2026-09-30 17:06:32 Image size of job updated: 1548076
	1512  -  MemoryUsage of job (MB)
	1548076  -  ResidentSetSize of job (KB)
...
006 (78851234.068.000) 2026-09-30 17:11:33 Image size of job updated: 1549112
	1513  -  MemoryUsage of job (MB)
	1549112  -  ResidentSetSize of job (KB)
...
006 (78851234.068.000) 2026-09-30 17:16:33 Image size of job updated: 1549132
	1513  -  MemoryUsage of job (MB)
	1549132  -  ResidentSetSize of job (KB)
...
006 (78851234.068.000) 2026-09-30 17:21:35 Image size of job updated: 1549168
	1513  -  MemoryUsage of job (MB)
	1549168  -  ResidentSetSize of job (KB)
...
006 (78851234.068.000) 2026-09-30 17:26:35 Image size of job updated: 1549232
	1513  -  MemoryUsage of job (MB)
	1549232  -  ResidentSetSize of job (KB)
...
006 (78851234.068.000) 2026-09-30 17:31:35 Image size of job updated: 1549248
	1513  -  MemoryUsage of job (MB)
	1549248  -  ResidentSetSize of job (KB)
...
006 (78851234.068.000) 2026-09-30 17:36:36 Image size of job updated: 1551264
	1515  -  MemoryUsage of job (MB)
	1551264  -  ResidentSetSize of job (KB)
...
006 (78851234.068.000) 2026-09-30 17:41:36 Image size of job updated: 1551272
	1515  -  MemoryUsage of job (MB)
	1551272  -  ResidentSetSize of job (KB)
...
006 (78851234.068.000) 2026-09-30 17:46:37 Image size of job updated: 1551288
	1515  -  MemoryUsage of job (MB)
	1551288  -  ResidentSetSize of job (KB)
...
006 (78851234.068.000) 2026-09-30 17:51:38 Image size of job updated: 1551296
	1515  -  MemoryUsage of job (MB)
	1551296  -  ResidentSetSize of job (KB)
...
006 (78851234.068.000) 2026-09-30 17:56:38 Image size of job updated: 1551456
	1516  -  MemoryUsage of job (MB)
	1551456  -  ResidentSetSize of job (KB)
...
006 (78851234.068.000) 2026-09-30 18:01:39 Image size of job updated: 1551476
	1516  -  MemoryUsage of job (MB)
	1551476  -  ResidentSetSize of job (KB)
...
006 (78851234.068.000) 2026-09-30 18:06:39 Image size of job updated: 1554796
	1519  -  MemoryUsage of job (MB)
	1554796  -  ResidentSetSize of job (KB)
...
006 (78851234.068.000) 2026-09-30 18:11:40 Image size of job updated: 1554824
	1519  -  MemoryUsage of job (MB)
	1554824  -  ResidentSetSize of job (KB)
...
006 (78851234.068.000) 2026-09-30 18:16:41 Image size of job updated: 1554832
	1519  -  MemoryUsage of job (MB)
	1554832  -  ResidentSetSize of job (KB)
...
006 (78851234.068.000) 2026-09-30 18:21:41 Image size of job updated: 1555492
	1520  -  MemoryUsage of job (MB)
	1555492  -  ResidentSetSize of job (KB)
...
006 (78851234.068.000) 2026-09-30 18:26:42 Image size of job updated: 1555508
	1520  -  MemoryUsage of job (MB)
	1555508  -  ResidentSetSize of job (KB)
...
006 (78851234.068.000) 2026-09-30 18:31:42 Image size of job updated: 1556240
	1520  -  MemoryUsage of job (MB)
	1556240  -  ResidentSetSize of job (KB)
...
006 (78851234.068.000) 2026-09-30 18:36:43 Image size of job updated: 1556248
	1520  -  MemoryUsage of job (MB)
	1556248  -  ResidentSetSize of job (KB)
...
006 (78851234.068.000) 2026-09-30 18:41:44 Image size of job updated: 1560608
	1524  -  MemoryUsage of job (MB)
	1559592  -  ResidentSetSize of job (KB)
...
006 (78851234.068.000) 2026-09-30 18:51:45 Image size of job updated: 1560608
	1524  -  MemoryUsage of job (MB)
	1559600  -  ResidentSetSize of job (KB)
...
006 (78851234.068.000) 2026-09-30 18:56:45 Image size of job updated: 1560608
	1524  -  MemoryUsage of job (MB)
	1559608  -  ResidentSetSize of job (KB)
...
006 (78851234.068.000) 2026-09-30 19:01:46 Image size of job updated: 1560608
	1524  -  MemoryUsage of job (MB)
	1559640  -  ResidentSetSize of job (KB)
...
006 (78851234.068.000) 2026-09-30 19:06:47 Image size of job updated: 1560608
	1524  -  MemoryUsage of job (MB)
	1559652  -  ResidentSetSize of job (KB)
...
006 (78851234.068.000) 2026-09-30 19:11:47 Image size of job updated: 1560608
	1524  -  MemoryUsage of job (MB)
	1559664  -  ResidentSetSize of job (KB)
...
006 (78851234.068.000) 2026-09-30 19:16:48 Image size of job updated: 1560608
	1524  -  MemoryUsage of job (MB)
	1559668  -  ResidentSetSize of job (KB)
...
006 (78851234.068.000) 2026-09-30 19:21:48 Image size of job updated: 1560608
	1524  -  MemoryUsage of job (MB)
	1559768  -  ResidentSetSize of job (KB)
...
006 (78851234.068.000) 2026-09-30 20:21:54 Image size of job updated: 1560608
	1524  -  MemoryUsage of job (MB)
	1559892  -  ResidentSetSize of job (KB)
...
006 (78851234.068.000) 2026-09-30 20:26:54 Image size of job updated: 1560608
	1524  -  MemoryUsage of job (MB)
	1559900  -  ResidentSetSize of job (KB)
...
006 (78851234.068.000) 2026-09-30 20:36:55 Image size of job updated: 1560608
	1524  -  MemoryUsage of job (MB)
	1559908  -  ResidentSetSize of job (KB)
...
006 (78851234.068.000) 2026-09-30 20:46:56 Image size of job updated: 1560924
	1525  -  MemoryUsage of job (MB)
	1560924  -  ResidentSetSize of job (KB)
...
006 (78851234.068.000) 2026-09-30 20:51:57 Image size of job updated: 1560952
	1525  -  MemoryUsage of job (MB)
	1560952  -  ResidentSetSize of job (KB)
...
006 (78851234.068.000) 2026-09-30 20:56:58 Image size of job updated: 1561268
	1525  -  MemoryUsage of job (MB)
	1561268  -  ResidentSetSize of job (KB)
...
006 (78851234.068.000) 2026-09-30 21:01:58 Image size of job updated: 1561272
	1525  -  MemoryUsage of job (MB)
	1561272  -  ResidentSetSize of job (KB)
...
006 (78851234.068.000) 2026-09-30 21:06:59 Image size of job updated: 1570752
	1534  -  MemoryUsage of job (MB)
	1570752  -  ResidentSetSize of job (KB)
...
006 (78851234.068.000) 2026-09-30 21:17:00 Image size of job updated: 1570756
	1534  -  MemoryUsage of job (MB)
	1570756  -  ResidentSetSize of job (KB)
...
006 (78851234.068.000) 2026-09-30 21:22:00 Image size of job updated: 1570764
	1534  -  MemoryUsage of job (MB)
	1570764  -  ResidentSetSize of job (KB)
...
006 (78851234.068.000) 2026-09-30 21:32:01 Image size of job updated: 1570768
	1534  -  MemoryUsage of job (MB)
	1570768  -  ResidentSetSize of job (KB)
...
006 (78851234.068.000) 2026-09-30 21:37:01 Image size of job updated: 1570776
	1534  -  MemoryUsage of job (MB)
	1570776  -  ResidentSetSize of job (KB)
...
006 (78851234.068.000) 2026-09-30 21:47:02 Image size of job updated: 1570788
	1534  -  MemoryUsage of job (MB)
	1570788  -  ResidentSetSize of job (KB)
...
006 (78851234.068.000) 2026-09-30 21:52:03 Image size of job updated: 1570808
	1534  -  MemoryUsage of job (MB)
	1570808  -  ResidentSetSize of job (KB)
...
006 (78851234.068.000) 2026-09-30 21:57:04 Image size of job updated: 1570816
	1534  -  MemoryUsage of job (MB)
	1570816  -  ResidentSetSize of job (KB)
...
006 (78851234.068.000) 2026-09-30 22:02:04 Image size of job updated: 1570844
	1535  -  MemoryUsage of job (MB)
	1570844  -  ResidentSetSize of job (KB)
...
006 (78851234.068.000) 2026-09-30 22:07:05 Image size of job updated: 1570852
	1535  -  MemoryUsage of job (MB)
	1570852  -  ResidentSetSize of job (KB)
...
006 (78851234.068.000) 2026-09-30 22:12:05 Image size of job updated: 1570856
	1535  -  MemoryUsage of job (MB)
	1570856  -  ResidentSetSize of job (KB)
...
006 (78851234.068.000) 2026-09-30 22:17:06 Image size of job updated: 1570884
	1535  -  MemoryUsage of job (MB)
	1570884  -  ResidentSetSize of job (KB)
...
006 (78851234.068.000) 2026-09-30 22:22:07 Image size of job updated: 1570892
	1535  -  MemoryUsage of job (MB)
	1570892  -  ResidentSetSize of job (KB)
...
006 (78851234.068.000) 2026-09-30 22:27:07 Image size of job updated: 1570896
	1535  -  MemoryUsage of job (MB)
	1570896  -  ResidentSetSize of job (KB)
...
006 (78851234.068.000) 2026-09-30 22:37:08 Image size of job updated: 1571636
	1535  -  MemoryUsage of job (MB)
	1571636  -  ResidentSetSize of job (KB)
...
006 (78851234.068.000) 2026-09-30 22:42:09 Image size of job updated: 1571640
	1535  -  MemoryUsage of job (MB)
	1571640  -  ResidentSetSize of job (KB)
...
006 (78851234.068.000) 2026-09-30 23:07:11 Image size of job updated: 1571644
	1535  -  MemoryUsage of job (MB)
	1571644  -  ResidentSetSize of job (KB)
...
006 (78851234.068.000) 2026-09-30 23:12:11 Image size of job updated: 1572568
	1536  -  MemoryUsage of job (MB)
	1572568  -  ResidentSetSize of job (KB)
...
006 (78851234.068.000) 2026-09-30 23:32:14 Image size of job updated: 1572576
	1536  -  MemoryUsage of job (MB)
	1572576  -  ResidentSetSize of job (KB)
...
006 (78851234.068.000) 2026-09-30 23:37:14 Image size of job updated: 1573608
	1537  -  MemoryUsage of job (MB)
	1573608  -  ResidentSetSize of job (KB)
...
006 (78851234.068.000) 2026-09-30 23:47:16 Image size of job updated: 1574364
	1538  -  MemoryUsage of job (MB)
	1574364  -  ResidentSetSize of job (KB)
...
006 (78851234.068.000) 2026-09-30 23:52:16 Image size of job updated: 1575368
	1539  -  MemoryUsage of job (MB)
	1575368  -  ResidentSetSize of job (KB)
...
006 (78851234.068.000) 2026-09-30 23:57:17 Image size of job updated: 1575380
	1539  -  MemoryUsage of job (MB)
	1575380  -  ResidentSetSize of job (KB)
...
006 (78851234.068.000) 2026-10-01 00:02:17 Image size of job updated: 1575396
	1539  -  MemoryUsage of job (MB)
	1575396  -  ResidentSetSize of job (KB)
...
006 (78851234.068.000) 2026-10-01 00:12:19 Image size of job updated: 1575400
	1539  -  MemoryUsage of job (MB)
	1575400  -  ResidentSetSize of job (KB)
...
006 (78851234.068.000) 2026-10-01 00:22:20 Image size of job updated: 1575440
	1539  -  MemoryUsage of job (MB)
	1575440  -  ResidentSetSize of job (KB)
...
006 (78851234.068.000) 2026-10-01 00:32:21 Image size of job updated: 1575444
	1539  -  MemoryUsage of job (MB)
	1575444  -  ResidentSetSize of job (KB)
...
006 (78851234.068.000) 2026-10-01 00:47:22 Image size of job updated: 1575456
	1539  -  MemoryUsage of job (MB)
	1575456  -  ResidentSetSize of job (KB)
...
006 (78851234.068.000) 2026-10-01 00:57:23 Image size of job updated: 1577664
	1541  -  MemoryUsage of job (MB)
	1577664  -  ResidentSetSize of job (KB)
...
006 (78851234.068.000) 2026-10-01 01:07:24 Image size of job updated: 1577668
	1541  -  MemoryUsage of job (MB)
	1577668  -  ResidentSetSize of job (KB)
...
006 (78851234.068.000) 2026-10-01 01:22:26 Image size of job updated: 1577728
	1541  -  MemoryUsage of job (MB)
	1577728  -  ResidentSetSize of job (KB)
...
006 (78851234.068.000) 2026-10-01 01:32:27 Image size of job updated: 1578780
	1542  -  MemoryUsage of job (MB)
	1578780  -  ResidentSetSize of job (KB)
...
006 (78851234.068.000) 2026-10-01 01:52:29 Image size of job updated: 1578784
	1542  -  MemoryUsage of job (MB)
	1578784  -  ResidentSetSize of job (KB)
...
006 (78851234.068.000) 2026-10-01 01:57:30 Image size of job updated: 1578800
	1542  -  MemoryUsage of job (MB)
	1578800  -  ResidentSetSize of job (KB)
...
006 (78851234.068.000) 2026-10-01 02:12:32 Image size of job updated: 1579708
	1543  -  MemoryUsage of job (MB)
	1579708  -  ResidentSetSize of job (KB)
...
006 (78851234.068.000) 2026-10-01 02:17:32 Image size of job updated: 1579712
	1543  -  MemoryUsage of job (MB)
	1579712  -  ResidentSetSize of job (KB)
...
006 (78851234.068.000) 2026-10-01 02:22:33 Image size of job updated: 1580732
	1544  -  MemoryUsage of job (MB)
	1580732  -  ResidentSetSize of job (KB)
...
006 (78851234.068.000) 2026-10-01 02:27:33 Image size of job updated: 1580736
	1544  -  MemoryUsage of job (MB)
	1580736  -  ResidentSetSize of job (KB)
...
006 (78851234.068.000) 2026-10-01 02:32:34 Image size of job updated: 1580740
	1544  -  MemoryUsage of job (MB)
	1580740  -  ResidentSetSize of job (KB)
...
006 (78851234.068.000) 2026-10-01 02:42:35 Image size of job updated: 1581748
	1545  -  MemoryUsage of job (MB)
	1581748  -  ResidentSetSize of job (KB)
...
006 (78851234.068.000) 2026-10-01 02:57:37 Image size of job updated: 1581752
	1545  -  MemoryUsage of job (MB)
	1581752  -  ResidentSetSize of job (KB)
...
006 (78851234.068.000) 2026-10-01 03:12:39 Image size of job updated: 1581760
	1545  -  MemoryUsage of job (MB)
	1581760  -  ResidentSetSize of job (KB)
...
006 (78851234.068.000) 2026-10-01 03:37:42 Image size of job updated: 1582768
	1546  -  MemoryUsage of job (MB)
	1582768  -  ResidentSetSize of job (KB)
...
006 (78851234.068.000) 2026-10-01 03:52:43 Image size of job updated: 1584180
	1548  -  MemoryUsage of job (MB)
	1584180  -  ResidentSetSize of job (KB)
...
006 (78851234.068.000) 2026-10-01 03:57:44 Image size of job updated: 1584188
	1548  -  MemoryUsage of job (MB)
	1584188  -  ResidentSetSize of job (KB)
...
006 (78851234.068.000) 2026-10-01 04:07:45 Image size of job updated: 1584200
	1548  -  MemoryUsage of job (MB)
	1584200  -  ResidentSetSize of job (KB)
...
006 (78851234.068.000) 2026-10-01 04:12:46 Image size of job updated: 1584204
	1548  -  MemoryUsage of job (MB)
	1584204  -  ResidentSetSize of job (KB)
...
006 (78851234.068.000) 2026-10-01 04:17:46 Image size of job updated: 1584208
	1548  -  MemoryUsage of job (MB)
	1584208  -  ResidentSetSize of job (KB)
...
006 (78851234.068.000) 2026-10-01 04:27:47 Image size of job updated: 1584228
	1548  -  MemoryUsage of job (MB)
	1584228  -  ResidentSetSize of job (KB)
...
006 (78851234.068.000) 2026-10-01 04:42:48 Image size of job updated: 1584252
	1548  -  MemoryUsage of job (MB)
	1584252  -  ResidentSetSize of job (KB)
...
006 (78851234.068.000) 2026-10-01 04:47:49 Image size of job updated: 1588544
	1552  -  MemoryUsage of job (MB)
	1588544  -  ResidentSetSize of job (KB)
...
006 (78851234.068.000) 2026-10-01 04:57:50 Image size of job updated: 1588548
	1552  -  MemoryUsage of job (MB)
	1588548  -  ResidentSetSize of job (KB)
...
006 (78851234.068.000) 2026-10-01 05:02:51 Image size of job updated: 1596056
	1559  -  MemoryUsage of job (MB)
	1596056  -  ResidentSetSize of job (KB)
...
006 (78851234.068.000) 2026-10-01 05:17:52 Image size of job updated: 1596060
	1559  -  MemoryUsage of job (MB)
	1596060  -  ResidentSetSize of job (KB)
...
006 (78851234.068.000) 2026-10-01 05:22:53 Image size of job updated: 1596084
	1559  -  MemoryUsage of job (MB)
	1596084  -  ResidentSetSize of job (KB)
...
006 (78851234.068.000) 2026-10-01 05:37:55 Image size of job updated: 1598100
	1561  -  MemoryUsage of job (MB)
	1598100  -  ResidentSetSize of job (KB)
...
006 (78851234.068.000) 2026-10-01 06:07:58 Image size of job updated: 1598104
	1561  -  MemoryUsage of job (MB)
	1598104  -  ResidentSetSize of job (KB)
...
006 (78851234.068.000) 2026-10-01 06:33:00 Image size of job updated: 1599132
	1562  -  MemoryUsage of job (MB)
	1599132  -  ResidentSetSize of job (KB)
...
006 (78851234.068.000) 2026-10-01 06:43:01 Image size of job updated: 1599232
	1562  -  MemoryUsage of job (MB)
	1599232  -  ResidentSetSize of job (KB)
...
006 (78851234.068.000) 2026-10-01 06:53:02 Image size of job updated: 1599236
	1562  -  MemoryUsage of job (MB)
	1599236  -  ResidentSetSize of job (KB)
...
006 (78851234.068.000) 2026-10-01 06:58:02 Image size of job updated: 1600152
	1563  -  MemoryUsage of job (MB)
	1600152  -  ResidentSetSize of job (KB)
...
006 (78851234.068.000) 2026-10-01 07:18:04 Image size of job updated: 1601160
	1564  -  MemoryUsage of job (MB)
	1601160  -  ResidentSetSize of job (KB)
...
006 (78851234.068.000) 2026-10-01 07:33:05 Image size of job updated: 1601164
	1564  -  MemoryUsage of job (MB)
	1601164  -  ResidentSetSize of job (KB)
...
006 (78851234.068.000) 2026-10-01 07:48:07 Image size of job updated: 1601168
	1564  -  MemoryUsage of job (MB)
	1601168  -  ResidentSetSize of job (KB)
...
006 (78851234.068.000) 2026-10-01 08:03:08 Image size of job updated: 1601172
	1564  -  MemoryUsage of job (MB)
	1601172  -  ResidentSetSize of job (KB)
...
006 (78851234.068.000) 2026-10-01 08:08:08 Image size of job updated: 1601176
	1564  -  MemoryUsage of job (MB)
	1601176  -  ResidentSetSize of job (KB)
...
006 (78851234.068.000) 2026-10-01 08:28:11 Image size of job updated: 1603192
	1565  -  MemoryUsage of job (MB)
	1602184  -  ResidentSetSize of job (KB)
...
006 (78851234.068.000) 2026-10-01 08:33:11 Image size of job updated: 1603192
	1565  -  MemoryUsage of job (MB)
	1602188  -  ResidentSetSize of job (KB)
...
006 (78851234.068.000) 2026-10-01 09:03:14 Image size of job updated: 1603200
	1566  -  MemoryUsage of job (MB)
	1603200  -  ResidentSetSize of job (KB)
...
006 (78851234.068.000) 2026-10-01 09:13:15 Image size of job updated: 1603308
	1566  -  MemoryUsage of job (MB)
	1603308  -  ResidentSetSize of job (KB)
...
006 (78851234.068.000) 2026-10-01 09:18:15 Image size of job updated: 1603324
	1566  -  MemoryUsage of job (MB)
	1603324  -  ResidentSetSize of job (KB)
...
006 (78851234.068.000) 2026-10-01 09:28:16 Image size of job updated: 1604236
	1567  -  MemoryUsage of job (MB)
	1604236  -  ResidentSetSize of job (KB)
...
006 (78851234.068.000) 2026-10-01 09:43:17 Image size of job updated: 1604248
	1567  -  MemoryUsage of job (MB)
	1604248  -  ResidentSetSize of job (KB)
...
006 (78851234.068.000) 2026-10-01 09:48:17 Image size of job updated: 1604256
	1567  -  MemoryUsage of job (MB)
	1604256  -  ResidentSetSize of job (KB)
...
006 (78851234.068.000) 2026-10-01 10:08:19 Image size of job updated: 1605264
	1568  -  MemoryUsage of job (MB)
	1605264  -  ResidentSetSize of job (KB)
...
006 (78851234.068.000) 2026-10-01 10:23:20 Image size of job updated: 1605268
	1568  -  MemoryUsage of job (MB)
	1605268  -  ResidentSetSize of job (KB)
...
006 (78851234.068.000) 2026-10-01 10:38:22 Image size of job updated: 1605272
	1568  -  MemoryUsage of job (MB)
	1605272  -  ResidentSetSize of job (KB)
...
006 (78851234.068.000) 2026-10-01 10:53:24 Image size of job updated: 1606280
	1569  -  MemoryUsage of job (MB)
	1606280  -  ResidentSetSize of job (KB)
...
006 (78851234.068.000) 2026-10-01 11:03:25 Image size of job updated: 1606284
	1569  -  MemoryUsage of job (MB)
	1606284  -  ResidentSetSize of job (KB)
...
006 (78851234.068.000) 2026-10-01 11:18:26 Image size of job updated: 1613372
	1576  -  MemoryUsage of job (MB)
	1613372  -  ResidentSetSize of job (KB)
...
006 (78851234.068.000) 2026-10-01 11:28:27 Image size of job updated: 1613388
	1576  -  MemoryUsage of job (MB)
	1613388  -  ResidentSetSize of job (KB)
...
006 (78851234.068.000) 2026-10-01 11:33:27 Image size of job updated: 1613392
	1576  -  MemoryUsage of job (MB)
	1613392  -  ResidentSetSize of job (KB)
...
006 (78851234.068.000) 2026-10-01 11:38:28 Image size of job updated: 1613412
	1576  -  MemoryUsage of job (MB)
	1613412  -  ResidentSetSize of job (KB)
...
006 (78851234.068.000) 2026-10-01 11:43:29 Image size of job updated: 1614436
	1577  -  MemoryUsage of job (MB)
	1614436  -  ResidentSetSize of job (KB)
...
006 (78851234.068.000) 2026-10-01 12:03:31 Image size of job updated: 1614460
	1577  -  MemoryUsage of job (MB)
	1614460  -  ResidentSetSize of job (KB)
...
006 (78851234.068.000) 2026-10-01 12:08:31 Image size of job updated: 1615480
	1578  -  MemoryUsage of job (MB)
	1615480  -  ResidentSetSize of job (KB)
...
006 (78851234.068.000) 2026-10-01 12:33:34 Image size of job updated: 1615484
	1578  -  MemoryUsage of job (MB)
	1615484  -  ResidentSetSize of job (KB)
...
004 (78851234.068.000) 2026-10-01 12:37:59 Job was evicted. Code 1019 Subcode 0
	(0) CPU times
		Usr 6 13:08:56, Sys 0 00:05:33  -  Run Remote Usage
		Usr 0 00:00:00, Sys 0 00:00:00  -  Run Local Usage
	0  -  Run Bytes Sent By Job
	0  -  Run Bytes Received By Job
	Reason: Preempted for a Priority user
	Partitionable Resources :    Usage  Request Allocated 
	   Cpus                 :     6.26        4         4 
	   Disk (KB)            : 25000       25000     28672 
	   GPUs                 :                           0 
	   Memory (MB)          :  1578        6000      6016 
	   TimeExecute (s)      : 86520                       
	   TimeSlotBusy (s)     : 86520                       
...
001 (78851234.068.000) 2026-10-01 12:39:35 Job executing on host: <10.14.10.44:9618?addrs=10.14.10.44-9618&alias=node2294.cluster.ldas.cit&noUDP&sock=startd_535892_eab9>
	SlotName: slot1_7@node2294.cluster.ldas.cit
	CondorScratchDir = "/var/lib/condor/execute/dir_730948/scratch"
	Cpus = 4
	Disk = 28672
	GPUs = 0
	Memory = 6016
...
006 (78851234.068.000) 2026-10-02 04:11:16 Image size of job updated: 1750528
	1709  -  MemoryUsage of job (MB)
	1750000  -  ResidentSetSize of job (KB)
...
005 (78851234.068.000) 2026-10-02 04:26:10 Job terminated.
	(1) Normal termination (return value 0)
		Usr 6 11:48:40, Sys 0 00:08:28  -  Run Remote Usage
		Usr 0 00:00:00, Sys 0 00:00:00  -  Run Local Usage
		Usr 13 00:57:36, Sys 0 00:14:01  -  Total Remote Usage
		Usr 0 00:00:00, Sys 0 00:00:00  -  Total Local Usage
	0  -  Run Bytes Sent By Job
	0  -  Run Bytes Received By Job
	0  -  Total Bytes Sent By Job
	0  -  Total Bytes Received By Job
	Partitionable Resources :    Usage  Request Allocated 
	   Cpus                 :    15.06        4         4 
	   Disk (KB)            : 25000       25000     28672 
	   GPUs                 :                           0 
	   Memory (MB)          :  1709        6000      6016 
	   TimeExecute (s)      : 56795                       
	   TimeSlotBusy (s)     : 56795                       
...
000 (78854872.068.000) 2026-10-03 17:21:23 Job submitted from host: <10.14.0.121:9618?addrs=10.14.0.121-9618&alias=ldas-pcdev12.ligo.caltech.edu&noUDP&sock=schedd_623140_c9b4>
...
001 (78854872.068.000) 2026-10-03 17:22:11 Job executing on host: <10.14.5.164:9618?addrs=10.14.5.164-9618&alias=node1164.cluster.ldas.cit&noUDP&sock=startd_70946_a229>
	SlotName: slot1_1@node1164.cluster.ldas.cit
	CondorScratchDir = "/var/lib/condor/execute/dir_682949/scratch"
	Cpus = 4
	Disk = 28672
	GPUs = 0
	Memory = 6016
...
006 (78854872.068.000) 2026-10-03 17:22:19 Image size of job updated: 107504
	105  -  MemoryUsage of job (MB)
	107504  -  ResidentSetSize of job (KB)
...
006 (78854872.068.000) 2026-10-03 17:22:34 Image size of job updated: 490076
	105  -  MemoryUsage of job (MB)
	107504  -  ResidentSetSize of job (KB)
...
005 (78854872.068.000) 2026-10-03 17:22:35 Job terminated.
	(1) Normal termination (return value 0)
		Usr 0 00:00:12, Sys 0 00:00:00  -  Run Remote Usage
		Usr 0 00:00:00, Sys 0 00:00:00  -  Run Local Usage
		Usr 0 00:00:12, Sys 0 00:00:00  -  Total Remote Usage
		Usr 0 00:00:00, Sys 0 00:00:00  -  Total Local Usage
	0  -  Run Bytes Sent By Job
	0  -  Run Bytes Received By Job
	0  -  Total Bytes Sent By Job
	0  -  Total Bytes Received By Job
	Partitionable Resources :    Usage  Request Allocated 
	   Cpus                 :        0        4         4 
	   Disk (KB)            :    25000    25000     28672 
	   GPUs                 :                           0 
	   Memory (MB)          :      105     6000      6016 
	   TimeExecute (s)      :       23                    
	   TimeSlotBusy (s)     :       24                    
...
000 (78854906.068.000) 2026-10-03 21:36:50 Job submitted from host: <10.14.0.121:9618?addrs=10.14.0.121-9618&alias=ldas-pcdev12.ligo.caltech.edu&noUDP&sock=schedd_623140_c9b4>
...
001 (78854906.068.000) 2026-10-03 21:38:41 Job executing on host: <10.14.8.185:9618?addrs=10.14.8.185-9618&alias=node1935.cluster.ldas.cit&noUDP&sock=startd_35181_d178>
	SlotName: slot1_2@node1935.cluster.ldas.cit
	CondorScratchDir = "/var/lib/condor/execute/dir_207655/scratch"
	Cpus = 4
	Disk = 28672
	GPUs = 0
	Memory = 6016
...
006 (78854906.068.000) 2026-10-03 21:38:50 Image size of job updated: 163496
	160  -  MemoryUsage of job (MB)
	163496  -  ResidentSetSize of job (KB)
...
006 (78854906.068.000) 2026-10-03 21:39:01 Image size of job updated: 232016
	160  -  MemoryUsage of job (MB)
	163496  -  ResidentSetSize of job (KB)
...
005 (78854906.068.000) 2026-10-03 21:39:01 Job terminated.
	(1) Normal termination (return value 0)
		Usr 0 00:00:10, Sys 0 00:00:00  -  Run Remote Usage
		Usr 0 00:00:00, Sys 0 00:00:00  -  Run Local Usage
		Usr 0 00:00:10, Sys 0 00:00:00  -  Total Remote Usage
		Usr 0 00:00:00, Sys 0 00:00:00  -  Total Local Usage
	0  -  Run Bytes Sent By Job
	0  -  Run Bytes Received By Job
	0  -  Total Bytes Sent By Job
	0  -  Total Bytes Received By Job
	Partitionable Resources :    Usage  Request Allocated 
	   Cpus                 :        0        4         4 
	   Disk (KB)            :    25000    25000     28672 
	   GPUs                 :                           0 
	   Memory (MB)          :      160     6000      6016 
	   TimeExecute (s)      :       20                    
	   TimeSlotBusy (s)     :       20                    
...
000 (78855135.068.000) 2026-10-04 13:44:56 Job submitted from host: <10.14.0.121:9618?addrs=10.14.0.121-9618&alias=ldas-pcdev12.ligo.caltech.edu&noUDP&sock=schedd_623140_c9b4>
...
001 (78855135.068.000) 2026-10-04 13:49:17 Job executing on host: <10.14.5.74:9618?addrs=10.14.5.74-9618&alias=node1074.cluster.ldas.cit&noUDP&sock=startd_80097_7552>
	SlotName: slot1_2@node1074.cluster.ldas.cit
	CondorScratchDir = "/var/lib/condor/execute/dir_601510/scratch"
	Cpus = 4
	Disk = 28672
	GPUs = 0
	Memory = 6016
...
006 (78855135.068.000) 2026-10-04 13:49:26 Image size of job updated: 229160
	224  -  MemoryUsage of job (MB)
	229160  -  ResidentSetSize of job (KB)
...
006 (78855135.068.000) 2026-10-04 13:49:30 Image size of job updated: 490568
	224  -  MemoryUsage of job (MB)
	229184  -  ResidentSetSize of job (KB)
...
005 (78855135.068.000) 2026-10-04 13:49:30 Job terminated.
	(1) Normal termination (return value 0)
		Usr 0 00:00:10, Sys 0 00:00:00  -  Run Remote Usage
		Usr 0 00:00:00, Sys 0 00:00:00  -  Run Local Usage
		Usr 0 00:00:10, Sys 0 00:00:00  -  Total Remote Usage
		Usr 0 00:00:00, Sys 0 00:00:00  -  Total Local Usage
	0  -  Run Bytes Sent By Job
	0  -  Run Bytes Received By Job
	0  -  Total Bytes Sent By Job
	0  -  Total Bytes Received By Job
	Partitionable Resources :    Usage  Request Allocated 
	   Cpus                 :                 4         4 
	   Disk (KB)            :    25000    25000     28672 
	   GPUs                 :                           0 
	   Memory (MB)          :      224     6000      6016 
	   TimeExecute (s)      :       13                    
	   TimeSlotBusy (s)     :       13                    
...
