000 (78851234.069.000) 2026-09-30 12:35:31 Job submitted from host: <10.14.0.121:9618?addrs=10.14.0.121-9618&alias=ldas-pcdev12.ligo.caltech.edu&noUDP&sock=schedd_623140_c9b4>
...
001 (78851234.069.000) 2026-09-30 12:36:00 Job executing on host: <10.14.9.192:9618?addrs=10.14.9.192-9618&alias=node2192.cluster.ldas.cit&noUDP&sock=startd_1837300_8ef4>
	SlotName: slot1_25@node2192.cluster.ldas.cit
	CondorScratchDir = "/var/lib/condor/execute/dir_2006144/scratch"
	Cpus = 4
	Disk = 28672
	GPUs = 0
	Memory = 6016
...
006 (78851234.069.000) 2026-09-30 12:36:08 Image size of job updated: 135388
	133  -  MemoryUsage of job (MB)
	135388  -  ResidentSetSize of job (KB)
...
006 (78851234.069.000) 2026-09-30 12:41:08 Image size of job updated: 307020
	300  -  MemoryUsage of job (MB)
	307020  -  ResidentSetSize of job (KB)
...
006 (78851234.069.000) 2026-09-30 12:46:09 Image size of job updated: 307472
	301  -  MemoryUsage of job (MB)
	307472  -  ResidentSetSize of job (KB)
...
006 (78851234.069.000) 2026-09-30 12:51:09 Image size of job updated: 420172
	411  -  MemoryUsage of job (MB)
	420172  -  ResidentSetSize of job (KB)
...
006 (78851234.069.000) 2026-09-30 12:56:11 Image size of job updated: 420400
	411  -  MemoryUsage of job (MB)
	420400  -  ResidentSetSize of job (KB)
...
006 (78851234.069.000) 2026-09-30 13:01:11 Image size of job updated: 434868
	422  -  MemoryUsage of job (MB)
	431664  -  ResidentSetSize of job (KB)
...
006 (78851234.069.000) 2026-09-30 13:06:11 Image size of job updated: 434868
	422  -  MemoryUsage of job (MB)
	431984  -  ResidentSetSize of job (KB)
...
006 (78851234.069.000) 2026-09-30 13:11:12 Image size of job updated: 443136
	433  -  MemoryUsage of job (MB)
	443136  -  ResidentSetSize of job (KB)
...
006 (78851234.069.000) 2026-09-30 13:16:12 Image size of job updated: 443344
	433  -  MemoryUsage of job (MB)
	443344  -  ResidentSetSize of job (KB)
...
006 (78851234.069.000) 2026-09-30 13:21:13 Image size of job updated: 458656
	448  -  MemoryUsage of job (MB)
	458656  -  ResidentSetSize of job (KB)
...
006 (78851234.069.000) 2026-09-30 13:26:14 Image size of job updated: 458836
	449  -  MemoryUsage of job (MB)
	458836  -  ResidentSetSize of job (KB)
...
006 (78851234.069.000) 2026-09-30 13:31:14 Image size of job updated: 459988
	450  -  MemoryUsage of job (MB)
	459988  -  ResidentSetSize of job (KB)
...
006 (78851234.069.000) 2026-09-30 13:36:15 Image size of job updated: 460084
	450  -  MemoryUsage of job (MB)
	460084  -  ResidentSetSize of job (KB)
...
006 (78851234.069.000) 2026-09-30 13:41:15 Image size of job updated: 460180
	450  -  MemoryUsage of job (MB)
	460180  -  ResidentSetSize of job (KB)
...
006 (78851234.069.000) 2026-09-30 13:46:16 Image size of job updated: 460280
	450  -  MemoryUsage of job (MB)
	460280  -  ResidentSetSize of job (KB)
...
006 (78851234.069.000) 2026-09-30 13:51:16 Image size of job updated: 460340
	450  -  MemoryUsage of job (MB)
	460340  -  ResidentSetSize of job (KB)
...
006 (78851234.069.000) 2026-09-30 13:56:17 Image size of job updated: 460420
	450  -  MemoryUsage of job (MB)
	460420  -  ResidentSetSize of job (KB)
...
006 (78851234.069.000) 2026-09-30 14:01:17 Image size of job updated: 466952
	457  -  MemoryUsage of job (MB)
	466952  -  ResidentSetSize of job (KB)
...
006 (78851234.069.000) 2026-09-30 14:06:17 Image size of job updated: 467528
	457  -  MemoryUsage of job (MB)
	467528  -  ResidentSetSize of job (KB)
...
006 (78851234.069.000) 2026-09-30 14:11:18 Image size of job updated: 469988
	459  -  MemoryUsage of job (MB)
	469068  -  ResidentSetSize of job (KB)
...
006 (78851234.069.000) 2026-09-30 14:16:18 Image size of job updated: 469988
	459  -  MemoryUsage of job (MB)
	469180  -  ResidentSetSize of job (KB)
...
006 (78851234.069.000) 2026-09-30 14:21:19 Image size of job updated: 469988
	459  -  MemoryUsage of job (MB)
	469244  -  ResidentSetSize of job (KB)
...
006 (78851234.069.000) 2026-09-30 14:26:19 Image size of job updated: 474288
	460  -  MemoryUsage of job (MB)
	470296  -  ResidentSetSize of job (KB)
...
006 (78851234.069.000) 2026-09-30 14:31:20 Image size of job updated: 474288
	460  -  MemoryUsage of job (MB)
	470364  -  ResidentSetSize of job (KB)
...
006 (78851234.069.000) 2026-09-30 14:36:21 Image size of job updated: 474288
	460  -  MemoryUsage of job (MB)
	470428  -  ResidentSetSize of job (KB)
...
006 (78851234.069.000) 2026-09-30 14:41:21 Image size of job updated: 474288
	460  -  MemoryUsage of job (MB)
	470452  -  ResidentSetSize of job (KB)
...
006 (78851234.069.000) 2026-09-30 14:46:22 Image size of job updated: 474288
	460  -  MemoryUsage of job (MB)
	470580  -  ResidentSetSize of job (KB)
...
006 (78851234.069.000) 2026-09-30 14:51:22 Image size of job updated: 474288
	460  -  MemoryUsage of job (MB)
	470604  -  ResidentSetSize of job (KB)
...
006 (78851234.069.000) 2026-09-30 14:56:23 Image size of job updated: 474288
	460  -  MemoryUsage of job (MB)
	470800  -  ResidentSetSize of job (KB)
...
006 (78851234.069.000) 2026-09-30 15:01:24 Image size of job updated: 474288
	460  -  MemoryUsage of job (MB)
	470836  -  ResidentSetSize of job (KB)
...
006 (78851234.069.000) 2026-09-30 15:06:24 Image size of job updated: 475724
	463  -  MemoryUsage of job (MB)
	473724  -  ResidentSetSize of job (KB)
...
006 (78851234.069.000) 2026-09-30 15:11:25 Image size of job updated: 475724
	463  -  MemoryUsage of job (MB)
	473748  -  ResidentSetSize of job (KB)
...
006 (78851234.069.000) 2026-09-30 15:16:25 Image size of job updated: 475724
	463  -  MemoryUsage of job (MB)
	473808  -  ResidentSetSize of job (KB)
...
006 (78851234.069.000) 2026-09-30 15:21:26 Image size of job updated: 475724
	463  -  MemoryUsage of job (MB)
	473868  -  ResidentSetSize of job (KB)
...
006 (78851234.069.000) 2026-09-30 15:26:27 Image size of job updated: 475724
	465  -  MemoryUsage of job (MB)
	475308  -  ResidentSetSize of job (KB)
...
006 (78851234.069.000) 2026-09-30 15:31:27 Image size of job updated: 475724
	465  -  MemoryUsage of job (MB)
	475364  -  ResidentSetSize of job (KB)
...
006 (78851234.069.000) 2026-09-30 15:36:28 Image size of job updated: 476048
	465  -  MemoryUsage of job (MB)
	476048  -  ResidentSetSize of job (KB)
...
006 (78851234.069.000) 2026-09-30 15:41:28 Image size of job updated: 476064
	465  -  MemoryUsage of job (MB)
	476064  -  ResidentSetSize of job (KB)
...
006 (78851234.069.000) 2026-09-30 15:46:29 Image size of job updated: 476108
	465  -  MemoryUsage of job (MB)
	476108  -  ResidentSetSize of job (KB)
...
006 (78851234.069.000) 2026-09-30 15:51:29 Image size of job updated: 476124
	465  -  MemoryUsage of job (MB)
	476124  -  ResidentSetSize of job (KB)
...
006 (78851234.069.000) 2026-09-30 15:56:29 Image size of job updated: 479184
	468  -  MemoryUsage of job (MB)
	479184  -  ResidentSetSize of job (KB)
...
006 (78851234.069.000) 2026-09-30 16:01:30 Image size of job updated: 520812
	509  -  MemoryUsage of job (MB)
	520812  -  ResidentSetSize of job (KB)
...
006 (78851234.069.000) 2026-09-30 16:06:30 Image size of job updated: 520816
	509  -  MemoryUsage of job (MB)
	520816  -  ResidentSetSize of job (KB)
...
006 (78851234.069.000) 2026-09-30 16:11:31 Image size of job updated: 584780
	572  -  MemoryUsage of job (MB)
	584780  -  ResidentSetSize of job (KB)
...
006 (78851234.069.000) 2026-09-30 16:16:31 Image size of job updated: 811188
	793  -  MemoryUsage of job (MB)
	811188  -  ResidentSetSize of job (KB)
...
006 (78851234.069.000) 2026-09-30 16:21:33 Image size of job updated: 1044412
	1020  -  MemoryUsage of job (MB)
	1044412  -  ResidentSetSize of job (KB)
...
006 (78851234.069.000) 2026-09-30 16:26:33 Image size of job updated: 1297240
	1267  -  MemoryUsage of job (MB)
	1297240  -  ResidentSetSize of job (KB)
...
006 (78851234.069.000) 2026-09-30 16:31:33 Image size of job updated: 1495368
	1461  -  MemoryUsage of job (MB)
	1495368  -  ResidentSetSize of job (KB)
...
006 (78851234.069.000) 2026-09-30 16:36:34 Image size of job updated: 1495384
	1461  -  MemoryUsage of job (MB)
	1495384  -  ResidentSetSize of job (KB)
...
006 (78851234.069.000) 2026-09-30 16:41:34 Image size of job updated: 1497836
	1463  -  MemoryUsage of job (MB)
	1497836  -  ResidentSetSize of job (KB)
...
006 (78851234.069.000) 2026-09-30 16:46:35 Image size of job updated: 1497844
	1463  -  MemoryUsage of job (MB)
	1497844  -  ResidentSetSize of job (KB)
...
006 (78851234.069.000) 2026-09-30 16:51:35 Image size of job updated: 1498912
	1464  -  MemoryUsage of job (MB)
	1498912  -  ResidentSetSize of job (KB)
...
006 (78851234.069.000) 2026-09-30 16:56:36 Image size of job updated: 1498924
	1464  -  MemoryUsage of job (MB)
	1498924  -  ResidentSetSize of job (KB)
...
006 (78851234.069.000) 2026-09-30 17:01:37 Image size of job updated: 1499972
	1465  -  MemoryUsage of job (MB)
	1499972  -  ResidentSetSize of job (KB)
...
006 (78851234.069.000) 2026-09-30 17:06:37 Image size of job updated: 1499996
	1465  -  MemoryUsage of job (MB)
	1499996  -  ResidentSetSize of job (KB)
...
006 (78851234.069.000) 2026-09-30 17:11:38 Image size of job updated: 1501056
	1466  -  MemoryUsage of job (MB)
	1501056  -  ResidentSetSize of job (KB)
...
006 (78851234.069.000) 2026-09-30 17:16:38 Image size of job updated: 1501060
	1466  -  MemoryUsage of job (MB)
	1501060  -  ResidentSetSize of job (KB)
...
006 (78851234.069.000) 2026-09-30 17:21:39 Image size of job updated: 1512436
	1477  -  MemoryUsage of job (MB)
	1511932  -  ResidentSetSize of job (KB)
...
006 (78851234.069.000) 2026-09-30 17:26:39 Image size of job updated: 1512436
	1477  -  MemoryUsage of job (MB)
	1511944  -  ResidentSetSize of job (KB)
...
006 (78851234.069.000) 2026-09-30 17:31:40 Image size of job updated: 1518604
	1484  -  MemoryUsage of job (MB)
	1518604  -  ResidentSetSize of job (KB)
...
006 (78851234.069.000) 2026-09-30 17:36:41 Image size of job updated: 1518612
	1484  -  MemoryUsage of job (MB)
	1518612  -  ResidentSetSize of job (KB)
...
006 (78851234.069.000) 2026-09-30 17:41:41 Image size of job updated: 1523736
	1489  -  MemoryUsage of job (MB)
	1523736  -  ResidentSetSize of job (KB)
...
006 (78851234.069.000) 2026-09-30 17:46:42 Image size of job updated: 1523748
	1489  -  MemoryUsage of job (MB)
	1523748  -  ResidentSetSize of job (KB)
...
006 (78851234.069.000) 2026-09-30 17:51:42 Image size of job updated: 1523760
	1489  -  MemoryUsage of job (MB)
	1523760  -  ResidentSetSize of job (KB)
...
006 (78851234.069.000) 2026-09-30 17:56:43 Image size of job updated: 1523776
	1489  -  MemoryUsage of job (MB)
	1523776  -  ResidentSetSize of job (KB)
...
006 (78851234.069.000) 2026-09-30 18:01:44 Image size of job updated: 1523796
	1489  -  MemoryUsage of job (MB)
	1523796  -  ResidentSetSize of job (KB)
...
006 (78851234.069.000) 2026-09-30 18:06:44 Image size of job updated: 1523800
	1489  -  MemoryUsage of job (MB)
	1523800  -  ResidentSetSize of job (KB)
...
006 (78851234.069.000) 2026-09-30 18:11:45 Image size of job updated: 1523804
	1489  -  MemoryUsage of job (MB)
	1523804  -  ResidentSetSize of job (KB)
...
006 (78851234.069.000) 2026-09-30 18:16:45 Image size of job updated: 1525968
	1491  -  MemoryUsage of job (MB)
	1525900  -  ResidentSetSize of job (KB)
...
006 (78851234.069.000) 2026-09-30 18:21:46 Image size of job updated: 1525968
	1491  -  MemoryUsage of job (MB)
	1525908  -  ResidentSetSize of job (KB)
...
006 (78851234.069.000) 2026-09-30 18:26:46 Image size of job updated: 1525968
	1491  -  MemoryUsage of job (MB)
	1525912  -  ResidentSetSize of job (KB)
...
006 (78851234.069.000) 2026-09-30 18:31:46 Image size of job updated: 1525968
	1491  -  MemoryUsage of job (MB)
	1525936  -  ResidentSetSize of job (KB)
...
006 (78851234.069.000) 2026-09-30 18:36:47 Image size of job updated: 1527464
	1492  -  MemoryUsage of job (MB)
	1527464  -  ResidentSetSize of job (KB)
...
006 (78851234.069.000) 2026-09-30 18:41:47 Image size of job updated: 1527496
	1492  -  MemoryUsage of job (MB)
	1527496  -  ResidentSetSize of job (KB)
...
006 (78851234.069.000) 2026-09-30 18:46:48 Image size of job updated: 1529356
	1494  -  MemoryUsage of job (MB)
	1529356  -  ResidentSetSize of job (KB)
...
006 (78851234.069.000) 2026-09-30 18:51:48 Image size of job updated: 1529360
	1494  -  MemoryUsage of job (MB)
	1529360  -  ResidentSetSize of job (KB)
...
006 (78851234.069.000) 2026-09-30 18:56:48 Image size of job updated: 1529368
	1494  -  MemoryUsage of job (MB)
	1529368  -  ResidentSetSize of job (KB)
...
006 (78851234.069.000) 2026-09-30 19:06:49 Image size of job updated: 1530172
	1495  -  MemoryUsage of job (MB)
	1530172  -  ResidentSetSize of job (KB)
...
006 (78851234.069.000) 2026-09-30 19:16:50 Image size of job updated: 1531536
	1496  -  MemoryUsage of job (MB)
	1531536  -  ResidentSetSize of job (KB)
...
006 (78851234.069.000) 2026-09-30 19:31:51 Image size of job updated: 1532556
	1497  -  MemoryUsage of job (MB)
	1532556  -  ResidentSetSize of job (KB)
...
006 (78851234.069.000) 2026-09-30 19:36:52 Image size of job updated: 1532596
	1497  -  MemoryUsage of job (MB)
	1532596  -  ResidentSetSize of job (KB)
...
006 (78851234.069.000) 2026-09-30 19:41:52 Image size of job updated: 1533932
	1498  -  MemoryUsage of job (MB)
	1533932  -  ResidentSetSize of job (KB)
...
006 (78851234.069.000) 2026-09-30 19:51:53 Image size of job updated: 1537348
	1502  -  MemoryUsage of job (MB)
	1537348  -  ResidentSetSize of job (KB)
...
006 (78851234.069.000) 2026-09-30 19:56:54 Image size of job updated: 1537352
	1502  -  MemoryUsage of job (MB)
	1537352  -  ResidentSetSize of job (KB)
...
006 (78851234.069.000) 2026-09-30 20:01:54 Image size of job updated: 1537400
	1502  -  MemoryUsage of job (MB)
	1537400  -  ResidentSetSize of job (KB)
...
006 (78851234.069.000) 2026-09-30 20:11:55 Image size of job updated: 1539420
	1504  -  MemoryUsage of job (MB)
	1539420  -  ResidentSetSize of job (KB)
...
006 (78851234.069.000) 2026-09-30 20:16:55 Image size of job updated: 1539428
	1504  -  MemoryUsage of job (MB)
	1539428  -  ResidentSetSize of job (KB)
...
006 (78851234.069.000) 2026-09-30 20:21:56 Image size of job updated: 1539432
	1504  -  MemoryUsage of job (MB)
	1539432  -  ResidentSetSize of job (KB)
...
006 (78851234.069.000) 2026-09-30 20:26:56 Image size of job updated: 1539436
	1504  -  MemoryUsage of job (MB)
	1539436  -  ResidentSetSize of job (KB)
...
006 (78851234.069.000) 2026-09-30 20:31:57 Image size of job updated: 1539440
	1504  -  MemoryUsage of job (MB)
	1539440  -  ResidentSetSize of job (KB)
...
006 (78851234.069.000) 2026-09-30 20:46:59 Image size of job updated: 1539460
	1504  -  MemoryUsage of job (MB)
	1539456  -  ResidentSetSize of job (KB)
...
006 (78851234.069.000) 2026-09-30 20:51:59 Image size of job updated: 1539464
	1504  -  MemoryUsage of job (MB)
	1539464  -  ResidentSetSize of job (KB)
...
006 (78851234.069.000) 2026-09-30 20:57:00 Image size of job updated: 1540504
	1505  -  MemoryUsage of job (MB)
	1540504  -  ResidentSetSize of job (KB)
...
006 (78851234.069.000) 2026-09-30 21:12:01 Image size of job updated: 1540516
	1505  -  MemoryUsage of job (MB)
	1540516  -  ResidentSetSize of job (KB)
...
006 (78851234.069.000) 2026-09-30 21:17:02 Image size of job updated: 1542512
	1507  -  MemoryUsage of job (MB)
	1542512  -  ResidentSetSize of job (KB)
...
006 (78851234.069.000) 2026-09-30 21:22:02 Image size of job updated: 1542520
	1507  -  MemoryUsage of job (MB)
	1542520  -  ResidentSetSize of job (KB)
...
006 (78851234.069.000) 2026-09-30 21:27:04 Image size of job updated: 1544920
	1509  -  MemoryUsage of job (MB)
	1544920  -  ResidentSetSize of job (KB)
...
006 (78851234.069.000) 2026-09-30 21:32:04 Image size of job updated: 1544928
	1509  -  MemoryUsage of job (MB)
	1544928  -  ResidentSetSize of job (KB)
...
006 (78851234.069.000) 2026-09-30 21:37:04 Image size of job updated: 1545940
	1510  -  MemoryUsage of job (MB)
	1545940  -  ResidentSetSize of job (KB)
...
006 (78851234.069.000) 2026-09-30 21:47:05 Image size of job updated: 1545944
	1510  -  MemoryUsage of job (MB)
	1545944  -  ResidentSetSize of job (KB)
...
006 (78851234.069.000) 2026-09-30 21:57:06 Image size of job updated: 1545956
	1510  -  MemoryUsage of job (MB)
	1545956  -  ResidentSetSize of job (KB)
...
006 (78851234.069.000) 2026-09-30 22:02:07 Image size of job updated: 1545960
	1510  -  MemoryUsage of job (MB)
	1545960  -  ResidentSetSize of job (KB)
...
006 (78851234.069.000) 2026-09-30 22:12:08 Image size of job updated: 1546980
	1511  -  MemoryUsage of job (MB)
	1546980  -  ResidentSetSize of job (KB)
...
006 (78851234.069.000) 2026-09-30 22:22:09 Image size of job updated: 1546984
	1511  -  MemoryUsage of job (MB)
	1546984  -  ResidentSetSize of job (KB)
...
006 (78851234.069.000) 2026-09-30 22:27:10 Image size of job updated: 1547008
	1511  -  MemoryUsage of job (MB)
	1547008  -  ResidentSetSize of job (KB)
...
006 (78851234.069.000) 2026-09-30 22:32:10 Image size of job updated: 1549020
	1512  -  MemoryUsage of job (MB)
	1548012  -  ResidentSetSize of job (KB)
...
006 (78851234.069.000) 2026-09-30 22:37:11 Image size of job updated: 1549020
	1512  -  MemoryUsage of job (MB)
	1548016  -  ResidentSetSize of job (KB)
...
006 (78851234.069.000) 2026-09-30 22:42:11 Image size of job updated: 1549020
	1512  -  MemoryUsage of job (MB)
	1548020  -  ResidentSetSize of job (KB)
...
006 (78851234.069.000) 2026-09-30 22:47:11 Image size of job updated: 1549020
	1512  -  MemoryUsage of job (MB)
	1548024  -  ResidentSetSize of job (KB)
...
006 (78851234.069.000) 2026-09-30 23:02:13 Image size of job updated: 1549040
	1513  -  MemoryUsage of job (MB)
	1549040  -  ResidentSetSize of job (KB)
...
006 (78851234.069.000) 2026-09-30 23:07:13 Image size of job updated: 1549056
	1513  -  MemoryUsage of job (MB)
	1549040  -  ResidentSetSize of job (KB)
...
006 (78851234.069.000) 2026-09-30 23:12:14 Image size of job updated: 1549056
	1513  -  MemoryUsage of job (MB)
	1549044  -  ResidentSetSize of job (KB)
...
006 (78851234.069.000) 2026-09-30 23:17:14 Image size of job updated: 1552072
	1515  -  MemoryUsage of job (MB)
	1551064  -  ResidentSetSize of job (KB)
...
006 (78851234.069.000) 2026-09-30 23:37:16 Image size of job updated: 1553080
	1517  -  MemoryUsage of job (MB)
	1553080  -  ResidentSetSize of job (KB)
...
006 (78851234.069.000) 2026-09-30 23:57:17 Image size of job updated: 1554088
	1517  -  MemoryUsage of job (MB)
	1553080  -  ResidentSetSize of job (KB)
...
006 (78851234.069.000) 2026-10-01 00:07:18 Image size of job updated: 1554088
	1517  -  MemoryUsage of job (MB)
	1553084  -  ResidentSetSize of job (KB)
...
006 (78851234.069.000) 2026-10-01 00:12:19 Image size of job updated: 1554088
	1517  -  MemoryUsage of job (MB)
	1553088  -  ResidentSetSize of job (KB)
...
006 (78851234.069.000) 2026-10-01 00:22:20 Image size of job updated: 1554096
	1518  -  MemoryUsage of job (MB)
	1554096  -  ResidentSetSize of job (KB)
...
006 (78851234.069.000) 2026-10-01 00:32:21 Image size of job updated: 1554104
	1518  -  MemoryUsage of job (MB)
	1554104  -  ResidentSetSize of job (KB)
...
006 (78851234.069.000) 2026-10-01 00:52:23 Image size of job updated: 1556124
	1520  -  MemoryUsage of job (MB)
	1556124  -  ResidentSetSize of job (KB)
...
006 (78851234.069.000) 2026-10-01 01:02:24 Image size of job updated: 1556128
	1520  -  MemoryUsage of job (MB)
	1556128  -  ResidentSetSize of job (KB)
...
006 (78851234.069.000) 2026-10-01 01:12:26 Image size of job updated: 1557152
	1521  -  MemoryUsage of job (MB)
	1557152  -  ResidentSetSize of job (KB)
...
006 (78851234.069.000) 2026-10-01 01:22:27 Image size of job updated: 1557160
	1521  -  MemoryUsage of job (MB)
	1557160  -  ResidentSetSize of job (KB)
...
006 (78851234.069.000) 2026-10-01 01:27:27 Image size of job updated: 1558168
	1522  -  MemoryUsage of job (MB)
	1558168  -  ResidentSetSize of job (KB)
...
006 (78851234.069.000) 2026-10-01 01:47:30 Image size of job updated: 1558176
	1522  -  MemoryUsage of job (MB)
	1558176  -  ResidentSetSize of job (KB)
...
006 (78851234.069.000) 2026-10-01 02:07:32 Image size of job updated: 1572112
	1536  -  MemoryUsage of job (MB)
	1572112  -  ResidentSetSize of job (KB)
...
006 (78851234.069.000) 2026-10-01 02:22:33 Image size of job updated: 1584104
	1547  -  MemoryUsage of job (MB)
	1584104  -  ResidentSetSize of job (KB)
...
006 (78851234.069.000) 2026-10-01 02:42:35 Image size of job updated: 1586120
	1549  -  MemoryUsage of job (MB)
	1586120  -  ResidentSetSize of job (KB)
...
006 (78851234.069.000) 2026-10-01 02:52:36 Image size of job updated: 1586128
	1549  -  MemoryUsage of job (MB)
	1586124  -  ResidentSetSize of job (KB)
...
006 (78851234.069.000) 2026-10-01 03:12:38 Image size of job updated: 1590300
	1554  -  MemoryUsage of job (MB)
	1590300  -  ResidentSetSize of job (KB)
...
006 (78851234.069.000) 2026-10-01 03:32:40 Image size of job updated: 1590308
	1554  -  MemoryUsage of job (MB)
	1590308  -  ResidentSetSize of job (KB)
...
006 (78851234.069.000) 2026-10-01 03:42:42 Image size of job updated: 1590324
	1554  -  MemoryUsage of job (MB)
	1590324  -  ResidentSetSize of job (KB)
...
006 (78851234.069.000) 2026-10-01 03:47:42 Image size of job updated: 1592024
	1555  -  MemoryUsage of job (MB)
	1592024  -  ResidentSetSize of job (KB)
...
006 (78851234.069.000) 2026-10-01 04:02:44 Image size of job updated: 1594040
	1556  -  MemoryUsage of job (MB)
	1593036  -  ResidentSetSize of job (KB)
...
006 (78851234.069.000) 2026-10-01 04:22:45 Image size of job updated: 1595052
	1558  -  MemoryUsage of job (MB)
	1595052  -  ResidentSetSize of job (KB)
...
006 (78851234.069.000) 2026-10-01 04:32:46 Image size of job updated: 1595056
	1558  -  MemoryUsage of job (MB)
	1595052  -  ResidentSetSize of job (KB)
...
006 (78851234.069.000) 2026-10-01 04:42:47 Image size of job updated: 1596076
	1558  -  MemoryUsage of job (MB)
	1595068  -  ResidentSetSize of job (KB)
...
006 (78851234.069.000) 2026-10-01 04:57:49 Image size of job updated: 1597272
	1560  -  MemoryUsage of job (MB)
	1597256  -  ResidentSetSize of job (KB)
...
006 (78851234.069.000) 2026-10-01 05:02:50 Image size of job updated: 1597276
	1560  -  MemoryUsage of job (MB)
	1597276  -  ResidentSetSize of job (KB)
...
006 (78851234.069.000) 2026-10-01 05:07:50 Image size of job updated: 1598284
	1561  -  MemoryUsage of job (MB)
	1598284  -  ResidentSetSize of job (KB)
...
006 (78851234.069.000) 2026-10-01 05:12:51 Image size of job updated: 1598300
	1561  -  MemoryUsage of job (MB)
	1598300  -  ResidentSetSize of job (KB)
...
006 (78851234.069.000) 2026-10-01 05:17:51 Image size of job updated: 1600160
	1563  -  MemoryUsage of job (MB)
	1600160  -  ResidentSetSize of job (KB)
...
006 (78851234.069.000) 2026-10-01 06:02:55 Image size of job updated: 1602176
	1565  -  MemoryUsage of job (MB)
	1602176  -  ResidentSetSize of job (KB)
...
006 (78851234.069.000) 2026-10-01 06:27:57 Image size of job updated: 1602184
	1565  -  MemoryUsage of job (MB)
	1602184  -  ResidentSetSize of job (KB)
...
006 (78851234.069.000) 2026-10-01 06:42:58 Image size of job updated: 1602196
	1565  -  MemoryUsage of job (MB)
	1602196  -  ResidentSetSize of job (KB)
...
006 (78851234.069.000) 2026-10-01 06:47:59 Image size of job updated: 1602224
	1565  -  MemoryUsage of job (MB)
	1602208  -  ResidentSetSize of job (KB)
...
006 (78851234.069.000) 2026-10-01 07:03:00 Image size of job updated: 1607280
	1569  -  MemoryUsage of job (MB)
	1606272  -  ResidentSetSize of job (KB)
...
006 (78851234.069.000) 2026-10-01 07:08:01 Image size of job updated: 1607280
	1569  -  MemoryUsage of job (MB)
	1606276  -  ResidentSetSize of job (KB)
...
006 (78851234.069.000) 2026-10-01 07:13:01 Image size of job updated: 1607284
	1570  -  MemoryUsage of job (MB)
	1607284  -  ResidentSetSize of job (KB)
...
006 (78851234.069.000) 2026-10-01 07:38:03 Image size of job updated: 1608292
	1570  -  MemoryUsage of job (MB)
	1607288  -  ResidentSetSize of job (KB)
...
006 (78851234.069.000) 2026-10-01 08:03:06 Image size of job updated: 1608292
	1570  -  MemoryUsage of job (MB)
	1607292  -  ResidentSetSize of job (KB)
...
006 (78851234.069.000) 2026-10-01 08:08:07 Image size of job updated: 1609308
	1572  -  MemoryUsage of job (MB)
	1609308  -  ResidentSetSize of job (KB)
...
006 (78851234.069.000) 2026-10-01 08:33:09 Image size of job updated: 1610316
	1573  -  MemoryUsage of job (MB)
	1610316  -  ResidentSetSize of job (KB)
...
006 (78851234.069.000) 2026-10-01 08:43:11 Image size of job updated: 1611324
	1573  -  MemoryUsage of job (MB)
	1610320  -  ResidentSetSize of job (KB)
...
006 (78851234.069.000) 2026-10-01 08:48:11 Image size of job updated: 1611324
	1573  -  MemoryUsage of job (MB)
	1610328  -  ResidentSetSize of job (KB)
...
006 (78851234.069.000) 2026-10-01 09:13:14 Image size of job updated: 1612344
	1575  -  MemoryUsage of job (MB)
	1612344  -  ResidentSetSize of job (KB)
...
006 (78851234.069.000) 2026-10-01 09:18:15 Image size of job updated: 1612352
	1575  -  MemoryUsage of job (MB)
	1612352  -  ResidentSetSize of job (KB)
...
006 (78851234.069.000) 2026-10-01 09:28:16 Image size of job updated: 1612360
	1575  -  MemoryUsage of job (MB)
	1612360  -  ResidentSetSize of job (KB)
...
006 (78851234.069.000) 2026-10-01 09:33:16 Image size of job updated: 1612364
	1575  -  MemoryUsage of job (MB)
	1612364  -  ResidentSetSize of job (KB)
...
006 (78851234.069.000) 2026-10-01 09:38:17 Image size of job updated: 1618336
	1581  -  MemoryUsage of job (MB)
	1618336  -  ResidentSetSize of job (KB)
...
006 (78851234.069.000) 2026-10-01 09:48:18 Image size of job updated: 1618768
	1581  -  MemoryUsage of job (MB)
	1618768  -  ResidentSetSize of job (KB)
...
006 (78851234.069.000) 2026-10-01 09:58:18 Image size of job updated: 1620288
	1583  -  MemoryUsage of job (MB)
	1620288  -  ResidentSetSize of job (KB)
...
006 (78851234.069.000) 2026-10-01 10:23:21 Image size of job updated: 1620344
	1583  -  MemoryUsage of job (MB)
	1620344  -  ResidentSetSize of job (KB)
...
006 (78851234.069.000) 2026-10-01 10:33:22 Image size of job updated: 1621300
	1584  -  MemoryUsage of job (MB)
	1621300  -  ResidentSetSize of job (KB)
...
006 (78851234.069.000) 2026-10-01 10:58:25 Image size of job updated: 1621304
	1584  -  MemoryUsage of job (MB)
	1621304  -  ResidentSetSize of job (KB)
...
006 (78851234.069.000) 2026-10-01 11:08:26 Image size of job updated: 1622312
	1585  -  MemoryUsage of job (MB)
	1622312  -  ResidentSetSize of job (KB)
...
006 (78851234.069.000) 2026-10-01 11:13:27 Image size of job updated: 1622316
	1585  -  MemoryUsage of job (MB)
	1622316  -  ResidentSetSize of job (KB)
...
006 (78851234.069.000) 2026-10-01 11:18:27 Image size of job updated: 1623324
	1585  -  MemoryUsage of job (MB)
	1622316  -  ResidentSetSize of job (KB)
...
006 (78851234.069.000) 2026-10-01 11:23:28 Image size of job updated: 1623324
	1585  -  MemoryUsage of job (MB)
	1622328  -  ResidentSetSize of job (KB)
...
006 (78851234.069.000) 2026-10-01 11:38:29 Image size of job updated: 1623324
	1585  -  MemoryUsage of job (MB)
	1622336  -  ResidentSetSize of job (KB)
...
006 (78851234.069.000) 2026-10-01 11:48:30 Image size of job updated: 1623344
	1586  -  MemoryUsage of job (MB)
	1623344  -  ResidentSetSize of job (KB)
...
006 (78851234.069.000) 2026-10-01 11:53:30 Image size of job updated: 1623348
	1586  -  MemoryUsage of job (MB)
	1623348  -  ResidentSetSize of job (KB)
...
006 (78851234.069.000) 2026-10-01 12:03:31 Image size of job updated: 1624356
	1587  -  MemoryUsage of job (MB)
	1624356  -  ResidentSetSize of job (KB)
...
006 (78851234.069.000) 2026-10-01 12:13:33 Image size of job updated: 1630220
	1587  -  MemoryUsage of job (MB)
	1624356  -  ResidentSetSize of job (KB)
...
006 (78851234.069.000) 2026-10-01 12:33:35 Image size of job updated: 1630224
	1587  -  MemoryUsage of job (MB)
	1624356  -  ResidentSetSize of job (KB)
...
004 (78851234.069.000) 2026-10-01 12:49:52 Job was evicted. Code 1019 Subcode 0
	(0) CPU times
		Usr 5 16:06:29, Sys 0 00:06:41  -  Run Remote Usage
		Usr 0 00:00:00, Sys 0 00:00:00  -  Run Local Usage
	0  -  Run Bytes Sent By Job
	0  -  Run Bytes Received By Job
	Reason: Preempted for a Priority user
	Partitionable Resources :    Usage  Request Allocated 
	   Cpus                 :     4.00        4         4 
	   Disk (KB)            : 25000       25000     28672 
	   GPUs                 :                           0 
	   Memory (MB)          :  1587        6000      6016 
	   TimeExecute (s)      : 87232                       
	   TimeSlotBusy (s)     : 87233                       
...
001 (78851234.069.000) 2026-10-01 12:50:49 Job executing on host: <10.14.9.192:9618?addrs=10.14.9.192-9618&alias=node2192.cluster.ldas.cit&noUDP&sock=startd_1837300_8ef4>
	SlotName: slot1_6@node2192.cluster.ldas.cit
	CondorScratchDir = "/var/lib/condor/execute/dir_2206353/scratch"
	Cpus = 4
	Disk = 28672
	GPUs = 0
	Memory = 6016
...
006 (78851234.069.000) 2026-10-02 01:17:15 Image size of job updated: 1762636
	1721  -  MemoryUsage of job (MB)
	1761548  -  ResidentSetSize of job (KB)
...
006 (78851234.069.000) 2026-10-02 01:22:15 Image size of job updated: 1762636
	1721  -  MemoryUsage of job (MB)
	1761556  -  ResidentSetSize of job (KB)
...
006 (78851234.069.000) 2026-10-02 01:27:16 Image size of job updated: 1764236
	1722  -  MemoryUsage of job (MB)
	1763220  -  ResidentSetSize of job (KB)
...
006 (78851234.069.000) 2026-10-02 01:37:17 Image size of job updated: 1764672
	1722  -  MemoryUsage of job (MB)
	1763220  -  ResidentSetSize of job (KB)
...
006 (78851234.069.000) 2026-10-02 01:47:18 Image size of job updated: 1765924
	1724  -  MemoryUsage of job (MB)
	1764912  -  ResidentSetSize of job (KB)
...
006 (78851234.069.000) 2026-10-02 02:00:04 Image size of job updated: 1767724
	1724  -  MemoryUsage of job (MB)
	1764912  -  ResidentSetSize of job (KB)
...
005 (78851234.069.000) 2026-10-02 02:00:04 Job terminated.
	(1) Normal termination (return value 0)
		Usr 2 23:31:15, Sys 0 00:03:25  -  Run Remote Usage
		Usr 0 00:00:00, Sys 0 00:00:00  -  Run Local Usage
		Usr 8 15:37:44, Sys 0 00:10:06  -  Total Remote Usage
		Usr 0 00:00:00, Sys 0 00:00:00  -  Total Local Usage
	0  -  Run Bytes Sent By Job
	0  -  Run Bytes Received By Job
	0  -  Total Bytes Sent By Job
	0  -  Total Bytes Received By Job
	Partitionable Resources :    Usage  Request Allocated 
	   Cpus                 :     0.92        4         4 
	   Disk (KB)            : 25000       25000     28672 
	   GPUs                 :                           0 
	   Memory (MB)          :  1724        6000      6016 
	   TimeExecute (s)      : 47355                       
	   TimeSlotBusy (s)     : 47356                       
...
000 (78854872.069.000) 2026-10-03 17:21:23 Job submitted from host: <10.14.0.121:9618?addrs=10.14.0.121-9618&alias=ldas-pcdev12.ligo.caltech.edu&noUDP&sock=schedd_623140_c9b4>
...
001 (78854872.069.000) 2026-10-03 17:22:11 Job executing on host: <10.14.4.71:9618?addrs=10.14.4.71-9618&alias=node821.cluster.ldas.cit&noUDP&sock=startd_911458_f464>
	SlotName: slot1_7@node821.cluster.ldas.cit
	CondorScratchDir = "/var/lib/condor/execute/dir_1630871/scratch"
	Cpus = 4
	Disk = 28672
	GPUs = 0
	Memory = 6016
...
006 (78854872.069.000) 2026-10-03 17:22:19 Image size of job updated: 179372
	176  -  MemoryUsage of job (MB)
	179372  -  ResidentSetSize of job (KB)
...
006 (78854872.069.000) 2026-10-03 17:22:33 Image size of job updated: 487364
	176  -  MemoryUsage of job (MB)
	179396  -  ResidentSetSize of job (KB)
...
005 (78854872.069.000) 2026-10-03 17:22:33 Job terminated.
	(1) Normal termination (return value 0)
		Usr 0 00:00:19, Sys 0 00:00:01  -  Run Remote Usage
		Usr 0 00:00:00, Sys 0 00:00:00  -  Run Local Usage
		Usr 0 00:00:19, Sys 0 00:00:01  -  Total Remote Usage
		Usr 0 00:00:00, Sys 0 00:00:00  -  Total Local Usage
	0  -  Run Bytes Sent By Job
	0  -  Run Bytes Received By Job
	0  -  Total Bytes Sent By Job
	0  -  Total Bytes Received By Job
	Partitionable Resources :    Usage  Request Allocated 
	   Cpus                 :        0        4         4 
	   Disk (KB)            :    25000    25000     28672 
	   GPUs                 :                           0 
	   Memory (MB)          :      176     6000      6016 
	   TimeExecute (s)      :       22                    
	   TimeSlotBusy (s)     :       23                    
...
000 (78854906.069.000) 2026-10-03 21:36:50 Job submitted from host: <10.14.0.121:9618?addrs=10.14.0.121-9618&alias=ldas-pcdev12.ligo.caltech.edu&noUDP&sock=schedd_623140_c9b4>
...
001 (78854906.069.000) 2026-10-03 21:38:42 Job executing on host: <10.14.5.209:9618?addrs=10.14.5.209-9618&alias=node1209.cluster.ldas.cit&noUDP&sock=startd_288981_8210>
	SlotName: slot1_3@node1209.cluster.ldas.cit
	CondorScratchDir = "/var/lib/condor/execute/dir_976144/scratch"
	Cpus = 4
	Disk = 28672
	GPUs = 0
	Memory = 6016
...
006 (78854906.069.000) 2026-10-03 21:38:50 Image size of job updated: 155980
	153  -  MemoryUsage of job (MB)
	155980  -  ResidentSetSize of job (KB)
...
006 (78854906.069.000) 2026-10-03 21:39:02 Image size of job updated: 240532
	153  -  MemoryUsage of job (MB)
	155980  -  ResidentSetSize of job (KB)
...
005 (78854906.069.000) 2026-10-03 21:39:02 Job terminated.
	(1) Normal termination (return value 0)
		Usr 0 00:00:10, Sys 0 00:00:00  -  Run Remote Usage
		Usr 0 00:00:00, Sys 0 00:00:00  -  Run Local Usage
		Usr 0 00:00:10, Sys 0 00:00:00  -  Total Remote Usage
		Usr 0 00:00:00, Sys 0 00:00:00  -  Total Local Usage
	0  -  Run Bytes Sent By Job
	0  -  Run Bytes Received By Job
	0  -  Total Bytes Sent By Job
	0  -  Total Bytes Received By Job
	Partitionable Resources :    Usage  Request Allocated 
	   Cpus                 :        0        4         4 
	   Disk (KB)            :    25000    25000     28672 
	   GPUs                 :                           0 
	   Memory (MB)          :      153     6000      6016 
	   TimeExecute (s)      :       20                    
	   TimeSlotBusy (s)     :       21                    
...
000 (78855135.069.000) 2026-10-04 13:44:56 Job submitted from host: <10.14.0.121:9618?addrs=10.14.0.121-9618&alias=ldas-pcdev12.ligo.caltech.edu&noUDP&sock=schedd_623140_c9b4>
...
001 (78855135.069.000) 2026-10-04 13:49:17 Job executing on host: <10.14.8.184:9618?addrs=10.14.8.184-9618&alias=node1934.cluster.ldas.cit&noUDP&sock=startd_34516_aefd>
	SlotName: slot1_1@node1934.cluster.ldas.cit
	CondorScratchDir = "/var/lib/condor/execute/dir_507965/scratch"
	Cpus = 4
	Disk = 28672
	GPUs = 0
	Memory = 6016
...
006 (78855135.069.000) 2026-10-04 13:49:27 Image size of job updated: 485384
	475  -  MemoryUsage of job (MB)
	485384  -  ResidentSetSize of job (KB)
...
006 (78855135.069.000) 2026-10-04 13:49:31 Image size of job updated: 487192
	475  -  MemoryUsage of job (MB)
	485384  -  ResidentSetSize of job (KB)
...
005 (78855135.069.000) 2026-10-04 13:49:31 Job terminated.
	(1) Normal termination (return value 0)
		Usr 0 00:00:10, Sys 0 00:00:00  -  Run Remote Usage
		Usr 0 00:00:00, Sys 0 00:00:00  -  Run Local Usage
		Usr 0 00:00:10, Sys 0 00:00:00  -  Total Remote Usage
		Usr 0 00:00:00, Sys 0 00:00:00  -  Total Local Usage
	0  -  Run Bytes Sent By Job
	0  -  Run Bytes Received By Job
	0  -  Total Bytes Sent By Job
	0  -  Total Bytes Received By Job
	Partitionable Resources :    Usage  Request Allocated 
	   Cpus                 :                 4         4 
	   Disk (KB)            :    25000    25000     28672 
	   GPUs                 :                           0 
	   Memory (MB)          :      475     6000      6016 
	   TimeExecute (s)      :       14                    
	   TimeSlotBusy (s)     :       14                    
...
