000 (78851234.071.000) 2026-09-30 12:35:31 Job submitted from host: <10.14.0.121:9618?addrs=10.14.0.121-9618&alias=ldas-pcdev12.ligo.caltech.edu&noUDP&sock=schedd_623140_c9b4>
...
001 (78851234.071.000) 2026-09-30 12:36:00 Job executing on host: <10.14.4.19:9618?addrs=10.14.4.19-9618&alias=node769.cluster.ldas.cit&noUDP&sock=startd_1444271_5aec>
	SlotName: slot1_13@node769.cluster.ldas.cit
	CondorScratchDir = "/var/lib/condor/execute/dir_1529096/scratch"
	Cpus = 4
	Disk = 28672
	GPUs = 0
	Memory = 6016
...
006 (78851234.071.000) 2026-09-30 12:36:08 Image size of job updated: 157812
	155  -  MemoryUsage of job (MB)
	157812  -  ResidentSetSize of job (KB)
...
006 (78851234.071.000) 2026-09-30 12:41:08 Image size of job updated: 351300
	344  -  MemoryUsage of job (MB)
	351300  -  ResidentSetSize of job (KB)
...
006 (78851234.071.000) 2026-09-30 12:46:09 Image size of job updated: 351672
	344  -  MemoryUsage of job (MB)
	351672  -  ResidentSetSize of job (KB)
...
006 (78851234.071.000) 2026-09-30 12:51:09 Image size of job updated: 458692
	448  -  MemoryUsage of job (MB)
	458692  -  ResidentSetSize of job (KB)
...
006 (78851234.071.000) 2026-09-30 12:56:09 Image size of job updated: 466744
	456  -  MemoryUsage of job (MB)
	466744  -  ResidentSetSize of job (KB)
...
006 (78851234.071.000) 2026-09-30 13:01:10 Image size of job updated: 509216
	498  -  MemoryUsage of job (MB)
	509216  -  ResidentSetSize of job (KB)
...
006 (78851234.071.000) 2026-09-30 13:06:10 Image size of job updated: 509332
	498  -  MemoryUsage of job (MB)
	509332  -  ResidentSetSize of job (KB)
...
006 (78851234.071.000) 2026-09-30 13:11:11 Image size of job updated: 528188
	516  -  MemoryUsage of job (MB)
	528188  -  ResidentSetSize of job (KB)
...
006 (78851234.071.000) 2026-09-30 13:16:12 Image size of job updated: 528344
	516  -  MemoryUsage of job (MB)
	528344  -  ResidentSetSize of job (KB)
...
006 (78851234.071.000) 2026-09-30 13:21:12 Image size of job updated: 537192
	525  -  MemoryUsage of job (MB)
	537192  -  ResidentSetSize of job (KB)
...
006 (78851234.071.000) 2026-09-30 13:26:13 Image size of job updated: 537440
	525  -  MemoryUsage of job (MB)
	537440  -  ResidentSetSize of job (KB)
...
006 (78851234.071.000) 2026-09-30 13:31:13 Image size of job updated: 792352
	774  -  MemoryUsage of job (MB)
	792352  -  ResidentSetSize of job (KB)
...
006 (78851234.071.000) 2026-09-30 13:36:14 Image size of job updated: 1061976
	1038  -  MemoryUsage of job (MB)
	1061976  -  ResidentSetSize of job (KB)
...
006 (78851234.071.000) 2026-09-30 13:41:15 Image size of job updated: 1298004
	1268  -  MemoryUsage of job (MB)
	1298004  -  ResidentSetSize of job (KB)
...
006 (78851234.071.000) 2026-09-30 13:46:15 Image size of job updated: 1521604
	1486  -  MemoryUsage of job (MB)
	1521604  -  ResidentSetSize of job (KB)
...
006 (78851234.071.000) 2026-09-30 13:51:16 Image size of job updated: 1672792
	1634  -  MemoryUsage of job (MB)
	1672792  -  ResidentSetSize of job (KB)
...
006 (78851234.071.000) 2026-09-30 13:56:16 Image size of job updated: 1673632
	1635  -  MemoryUsage of job (MB)
	1673632  -  ResidentSetSize of job (KB)
...
006 (78851234.071.000) 2026-09-30 14:01:17 Image size of job updated: 1673668
	1635  -  MemoryUsage of job (MB)
	1673668  -  ResidentSetSize of job (KB)
...
006 (78851234.071.000) 2026-09-30 14:06:18 Image size of job updated: 1674204
	1635  -  MemoryUsage of job (MB)
	1674204  -  ResidentSetSize of job (KB)
...
006 (78851234.071.000) 2026-09-30 14:11:18 Image size of job updated: 1674260
	1636  -  MemoryUsage of job (MB)
	1674260  -  ResidentSetSize of job (KB)
...
006 (78851234.071.000) 2026-09-30 14:16:19 Image size of job updated: 1674764
	1636  -  MemoryUsage of job (MB)
	1674764  -  ResidentSetSize of job (KB)
...
006 (78851234.071.000) 2026-09-30 14:21:19 Image size of job updated: 1674784
	1636  -  MemoryUsage of job (MB)
	1674784  -  ResidentSetSize of job (KB)
...
006 (78851234.071.000) 2026-09-30 14:26:20 Image size of job updated: 1674828
	1636  -  MemoryUsage of job (MB)
	1674828  -  ResidentSetSize of job (KB)
...
006 (78851234.071.000) 2026-09-30 14:31:20 Image size of job updated: 1674860
	1636  -  MemoryUsage of job (MB)
	1674860  -  ResidentSetSize of job (KB)
...
006 (78851234.071.000) 2026-09-30 14:36:20 Image size of job updated: 1684132
	1645  -  MemoryUsage of job (MB)
	1684132  -  ResidentSetSize of job (KB)
...
006 (78851234.071.000) 2026-09-30 14:41:21 Image size of job updated: 1684180
	1645  -  MemoryUsage of job (MB)
	1684180  -  ResidentSetSize of job (KB)
...
006 (78851234.071.000) 2026-09-30 14:46:21 Image size of job updated: 1697992
	1658  -  MemoryUsage of job (MB)
	1696984  -  ResidentSetSize of job (KB)
...
006 (78851234.071.000) 2026-09-30 14:51:23 Image size of job updated: 1697992
	1658  -  MemoryUsage of job (MB)
	1697000  -  ResidentSetSize of job (KB)
...
006 (78851234.071.000) 2026-09-30 14:56:23 Image size of job updated: 1697992
	1658  -  MemoryUsage of job (MB)
	1697032  -  ResidentSetSize of job (KB)
...
006 (78851234.071.000) 2026-09-30 15:01:23 Image size of job updated: 1697992
	1658  -  MemoryUsage of job (MB)
	1697072  -  ResidentSetSize of job (KB)
...
006 (78851234.071.000) 2026-09-30 15:06:24 Image size of job updated: 1697992
	1658  -  MemoryUsage of job (MB)
	1697100  -  ResidentSetSize of job (KB)
...
006 (78851234.071.000) 2026-09-30 15:11:24 Image size of job updated: 1697992
	1658  -  MemoryUsage of job (MB)
	1697120  -  ResidentSetSize of job (KB)
...
006 (78851234.071.000) 2026-09-30 15:16:25 Image size of job updated: 1697992
	1658  -  MemoryUsage of job (MB)
	1697144  -  ResidentSetSize of job (KB)
...
006 (78851234.071.000) 2026-09-30 15:21:26 Image size of job updated: 1697992
	1658  -  MemoryUsage of job (MB)
	1697168  -  ResidentSetSize of job (KB)
...
006 (78851234.071.000) 2026-09-30 15:26:26 Image size of job updated: 1697992
	1658  -  MemoryUsage of job (MB)
	1697188  -  ResidentSetSize of job (KB)
...
006 (78851234.071.000) 2026-09-30 15:31:27 Image size of job updated: 1698152
	1659  -  MemoryUsage of job (MB)
	1698152  -  ResidentSetSize of job (KB)
...
006 (78851234.071.000) 2026-09-30 15:36:28 Image size of job updated: 1698180
	1659  -  MemoryUsage of job (MB)
	1698180  -  ResidentSetSize of job (KB)
...
006 (78851234.071.000) 2026-09-30 15:41:28 Image size of job updated: 1698220
	1659  -  MemoryUsage of job (MB)
	1698220  -  ResidentSetSize of job (KB)
...
006 (78851234.071.000) 2026-09-30 15:46:29 Image size of job updated: 1698244
	1659  -  MemoryUsage of job (MB)
	1698244  -  ResidentSetSize of job (KB)
...
006 (78851234.071.000) 2026-09-30 15:51:29 Image size of job updated: 1698260
	1659  -  MemoryUsage of job (MB)
	1698260  -  ResidentSetSize of job (KB)
...
006 (78851234.071.000) 2026-09-30 15:56:30 Image size of job updated: 1698264
	1659  -  MemoryUsage of job (MB)
	1698264  -  ResidentSetSize of job (KB)
...
006 (78851234.071.000) 2026-09-30 16:01:31 Image size of job updated: 1698304
	1659  -  MemoryUsage of job (MB)
	1698304  -  ResidentSetSize of job (KB)
...
006 (78851234.071.000) 2026-09-30 16:06:31 Image size of job updated: 1698308
	1659  -  MemoryUsage of job (MB)
	1698308  -  ResidentSetSize of job (KB)
...
006 (78851234.071.000) 2026-09-30 16:11:32 Image size of job updated: 1698336
	1659  -  MemoryUsage of job (MB)
	1698336  -  ResidentSetSize of job (KB)
...
006 (78851234.071.000) 2026-09-30 16:16:32 Image size of job updated: 1698356
	1659  -  MemoryUsage of job (MB)
	1698356  -  ResidentSetSize of job (KB)
...
006 (78851234.071.000) 2026-09-30 16:21:32 Image size of job updated: 1698376
	1659  -  MemoryUsage of job (MB)
	1698376  -  ResidentSetSize of job (KB)
...
006 (78851234.071.000) 2026-09-30 16:26:33 Image size of job updated: 1698396
	1659  -  MemoryUsage of job (MB)
	1698396  -  ResidentSetSize of job (KB)
...
006 (78851234.071.000) 2026-09-30 16:31:33 Image size of job updated: 1698404
	1659  -  MemoryUsage of job (MB)
	1698404  -  ResidentSetSize of job (KB)
...
006 (78851234.071.000) 2026-09-30 16:36:34 Image size of job updated: 1699424
	1660  -  MemoryUsage of job (MB)
	1699424  -  ResidentSetSize of job (KB)
...
006 (78851234.071.000) 2026-09-30 16:41:35 Image size of job updated: 1699444
	1660  -  MemoryUsage of job (MB)
	1699444  -  ResidentSetSize of job (KB)
...
006 (78851234.071.000) 2026-09-30 16:46:35 Image size of job updated: 1699452
	1660  -  MemoryUsage of job (MB)
	1699452  -  ResidentSetSize of job (KB)
...
006 (78851234.071.000) 2026-09-30 16:51:36 Image size of job updated: 1699464
	1660  -  MemoryUsage of job (MB)
	1699464  -  ResidentSetSize of job (KB)
...
006 (78851234.071.000) 2026-09-30 16:56:36 Image size of job updated: 1700496
	1661  -  MemoryUsage of job (MB)
	1700496  -  ResidentSetSize of job (KB)
...
006 (78851234.071.000) 2026-09-30 17:01:37 Image size of job updated: 1700500
	1661  -  MemoryUsage of job (MB)
	1700500  -  ResidentSetSize of job (KB)
...
006 (78851234.071.000) 2026-09-30 17:06:38 Image size of job updated: 1700512
	1661  -  MemoryUsage of job (MB)
	1700512  -  ResidentSetSize of job (KB)
...
006 (78851234.071.000) 2026-09-30 17:11:38 Image size of job updated: 1700516
	1661  -  MemoryUsage of job (MB)
	1700516  -  ResidentSetSize of job (KB)
...
006 (78851234.071.000) 2026-09-30 17:21:39 Image size of job updated: 1700536
	1661  -  MemoryUsage of job (MB)
	1700536  -  ResidentSetSize of job (KB)
...
006 (78851234.071.000) 2026-09-30 17:26:40 Image size of job updated: 1700544
	1661  -  MemoryUsage of job (MB)
	1700544  -  ResidentSetSize of job (KB)
...
006 (78851234.071.000) 2026-09-30 17:31:41 Image size of job updated: 1700548
	1661  -  MemoryUsage of job (MB)
	1700548  -  ResidentSetSize of job (KB)
...
006 (78851234.071.000) 2026-09-30 17:36:41 Image size of job updated: 1700564
	1661  -  MemoryUsage of job (MB)
	1700564  -  ResidentSetSize of job (KB)
...
006 (78851234.071.000) 2026-09-30 17:41:42 Image size of job updated: 1700568
	1661  -  MemoryUsage of job (MB)
	1700568  -  ResidentSetSize of job (KB)
...
006 (78851234.071.000) 2026-09-30 17:46:42 Image size of job updated: 1700576
	1661  -  MemoryUsage of job (MB)
	1700576  -  ResidentSetSize of job (KB)
...
006 (78851234.071.000) 2026-09-30 17:51:43 Image size of job updated: 1703668
	1664  -  MemoryUsage of job (MB)
	1703264  -  ResidentSetSize of job (KB)
...
006 (78851234.071.000) 2026-09-30 17:56:43 Image size of job updated: 1703668
	1664  -  MemoryUsage of job (MB)
	1703272  -  ResidentSetSize of job (KB)
...
006 (78851234.071.000) 2026-09-30 18:01:43 Image size of job updated: 1705900
	1666  -  MemoryUsage of job (MB)
	1705900  -  ResidentSetSize of job (KB)
...
006 (78851234.071.000) 2026-09-30 18:06:44 Image size of job updated: 1706160
	1667  -  MemoryUsage of job (MB)
	1706160  -  ResidentSetSize of job (KB)
...
006 (78851234.071.000) 2026-09-30 18:11:44 Image size of job updated: 1707152
	1667  -  MemoryUsage of job (MB)
	1706172  -  ResidentSetSize of job (KB)
...
006 (78851234.071.000) 2026-09-30 18:16:45 Image size of job updated: 1707152
	1667  -  MemoryUsage of job (MB)
	1706176  -  ResidentSetSize of job (KB)
...
006 (78851234.071.000) 2026-09-30 18:21:45 Image size of job updated: 1707152
	1667  -  MemoryUsage of job (MB)
	1706184  -  ResidentSetSize of job (KB)
...
006 (78851234.071.000) 2026-09-30 18:26:46 Image size of job updated: 1707152
	1667  -  MemoryUsage of job (MB)
	1706192  -  ResidentSetSize of job (KB)
...
006 (78851234.071.000) 2026-09-30 18:31:47 Image size of job updated: 1709216
	1669  -  MemoryUsage of job (MB)
	1708208  -  ResidentSetSize of job (KB)
...
006 (78851234.071.000) 2026-09-30 18:36:47 Image size of job updated: 1709216
	1669  -  MemoryUsage of job (MB)
	1708216  -  ResidentSetSize of job (KB)
...
006 (78851234.071.000) 2026-09-30 19:16:52 Image size of job updated: 1710280
	1671  -  MemoryUsage of job (MB)
	1710280  -  ResidentSetSize of job (KB)
...
006 (78851234.071.000) 2026-09-30 19:26:53 Image size of job updated: 1712296
	1672  -  MemoryUsage of job (MB)
	1711292  -  ResidentSetSize of job (KB)
...
006 (78851234.071.000) 2026-09-30 19:31:54 Image size of job updated: 1712296
	1672  -  MemoryUsage of job (MB)
	1711300  -  ResidentSetSize of job (KB)
...
006 (78851234.071.000) 2026-09-30 19:36:54 Image size of job updated: 1712296
	1672  -  MemoryUsage of job (MB)
	1711312  -  ResidentSetSize of job (KB)
...
006 (78851234.071.000) 2026-09-30 19:41:55 Image size of job updated: 1712296
	1672  -  MemoryUsage of job (MB)
	1711316  -  ResidentSetSize of job (KB)
...
006 (78851234.071.000) 2026-09-30 19:51:56 Image size of job updated: 1717996
	1677  -  MemoryUsage of job (MB)
	1716436  -  ResidentSetSize of job (KB)
...
006 (78851234.071.000) 2026-09-30 19:56:57 Image size of job updated: 1717996
	1677  -  MemoryUsage of job (MB)
	1716440  -  ResidentSetSize of job (KB)
...
006 (78851234.071.000) 2026-09-30 20:01:57 Image size of job updated: 1717996
	1677  -  MemoryUsage of job (MB)
	1716444  -  ResidentSetSize of job (KB)
...
006 (78851234.071.000) 2026-09-30 20:11:58 Image size of job updated: 1717996
	1677  -  MemoryUsage of job (MB)
	1716448  -  ResidentSetSize of job (KB)
...
006 (78851234.071.000) 2026-09-30 20:16:59 Image size of job updated: 1717996
	1677  -  MemoryUsage of job (MB)
	1716452  -  ResidentSetSize of job (KB)
...
006 (78851234.071.000) 2026-09-30 20:27:00 Image size of job updated: 1717996
	1677  -  MemoryUsage of job (MB)
	1716456  -  ResidentSetSize of job (KB)
...
006 (78851234.071.000) 2026-09-30 20:37:01 Image size of job updated: 1717996
	1677  -  MemoryUsage of job (MB)
	1716460  -  ResidentSetSize of job (KB)
...
006 (78851234.071.000) 2026-09-30 20:47:02 Image size of job updated: 1718388
	1679  -  MemoryUsage of job (MB)
	1718388  -  ResidentSetSize of job (KB)
...
006 (78851234.071.000) 2026-09-30 20:52:03 Image size of job updated: 1718400
	1679  -  MemoryUsage of job (MB)
	1718400  -  ResidentSetSize of job (KB)
...
006 (78851234.071.000) 2026-09-30 20:57:04 Image size of job updated: 1719080
	1679  -  MemoryUsage of job (MB)
	1719080  -  ResidentSetSize of job (KB)
...
006 (78851234.071.000) 2026-09-30 21:02:04 Image size of job updated: 1719084
	1679  -  MemoryUsage of job (MB)
	1719084  -  ResidentSetSize of job (KB)
...
006 (78851234.071.000) 2026-09-30 21:07:05 Image size of job updated: 1721068
	1681  -  MemoryUsage of job (MB)
	1721068  -  ResidentSetSize of job (KB)
...
006 (78851234.071.000) 2026-09-30 21:32:08 Image size of job updated: 1721072
	1681  -  MemoryUsage of job (MB)
	1721072  -  ResidentSetSize of job (KB)
...
006 (78851234.071.000) 2026-09-30 21:37:08 Image size of job updated: 1721076
	1681  -  MemoryUsage of job (MB)
	1721076  -  ResidentSetSize of job (KB)
...
006 (78851234.071.000) 2026-09-30 21:42:09 Image size of job updated: 1721088
	1681  -  MemoryUsage of job (MB)
	1721088  -  ResidentSetSize of job (KB)
...
006 (78851234.071.000) 2026-09-30 21:47:09 Image size of job updated: 1721092
	1681  -  MemoryUsage of job (MB)
	1721092  -  ResidentSetSize of job (KB)
...
006 (78851234.071.000) 2026-09-30 21:52:09 Image size of job updated: 1721100
	1681  -  MemoryUsage of job (MB)
	1721100  -  ResidentSetSize of job (KB)
...
006 (78851234.071.000) 2026-09-30 22:02:10 Image size of job updated: 1721240
	1681  -  MemoryUsage of job (MB)
	1721240  -  ResidentSetSize of job (KB)
...
006 (78851234.071.000) 2026-09-30 22:27:12 Image size of job updated: 1722112
	1682  -  MemoryUsage of job (MB)
	1722112  -  ResidentSetSize of job (KB)
...
006 (78851234.071.000) 2026-09-30 22:37:13 Image size of job updated: 1722116
	1682  -  MemoryUsage of job (MB)
	1722116  -  ResidentSetSize of job (KB)
...
006 (78851234.071.000) 2026-09-30 22:57:16 Image size of job updated: 1723128
	1683  -  MemoryUsage of job (MB)
	1723128  -  ResidentSetSize of job (KB)
...
006 (78851234.071.000) 2026-09-30 23:07:17 Image size of job updated: 1723788
	1684  -  MemoryUsage of job (MB)
	1723788  -  ResidentSetSize of job (KB)
...
006 (78851234.071.000) 2026-09-30 23:17:18 Image size of job updated: 1724144
	1684  -  MemoryUsage of job (MB)
	1724144  -  ResidentSetSize of job (KB)
...
006 (78851234.071.000) 2026-09-30 23:32:20 Image size of job updated: 1730072
	1689  -  MemoryUsage of job (MB)
	1728720  -  ResidentSetSize of job (KB)
...
006 (78851234.071.000) 2026-09-30 23:57:22 Image size of job updated: 1730072
	1689  -  MemoryUsage of job (MB)
	1728724  -  ResidentSetSize of job (KB)
...
006 (78851234.071.000) 2026-10-01 00:02:22 Image size of job updated: 1730072
	1689  -  MemoryUsage of job (MB)
	1728996  -  ResidentSetSize of job (KB)
...
006 (78851234.071.000) 2026-10-01 00:27:24 Image size of job updated: 1730072
	1689  -  MemoryUsage of job (MB)
	1729000  -  ResidentSetSize of job (KB)
...
006 (78851234.071.000) 2026-10-01 00:47:27 Image size of job updated: 1730072
	1690  -  MemoryUsage of job (MB)
	1730008  -  ResidentSetSize of job (KB)
...
006 (78851234.071.000) 2026-10-01 01:12:30 Image size of job updated: 1731024
	1691  -  MemoryUsage of job (MB)
	1731024  -  ResidentSetSize of job (KB)
...
006 (78851234.071.000) 2026-10-01 01:22:31 Image size of job updated: 1736528
	1696  -  MemoryUsage of job (MB)
	1736528  -  ResidentSetSize of job (KB)
...
006 (78851234.071.000) 2026-10-01 01:42:32 Image size of job updated: 1736532
	1696  -  MemoryUsage of job (MB)
	1736532  -  ResidentSetSize of job (KB)
...
006 (78851234.071.000) 2026-10-01 01:57:34 Image size of job updated: 1738548
	1698  -  MemoryUsage of job (MB)
	1738548  -  ResidentSetSize of job (KB)
...
006 (78851234.071.000) 2026-10-01 02:22:36 Image size of job updated: 1738588
	1698  -  MemoryUsage of job (MB)
	1738588  -  ResidentSetSize of job (KB)
...
006 (78851234.071.000) 2026-10-01 02:32:37 Image size of job updated: 1738592
	1698  -  MemoryUsage of job (MB)
	1738592  -  ResidentSetSize of job (KB)
...
006 (78851234.071.000) 2026-10-01 02:37:38 Image size of job updated: 1738596
	1698  -  MemoryUsage of job (MB)
	1738596  -  ResidentSetSize of job (KB)
...
006 (78851234.071.000) 2026-10-01 03:07:41 Image size of job updated: 1738604
	1698  -  MemoryUsage of job (MB)
	1738604  -  ResidentSetSize of job (KB)
...
006 (78851234.071.000) 2026-10-01 03:27:43 Image size of job updated: 1738672
	1698  -  MemoryUsage of job (MB)
	1738672  -  ResidentSetSize of job (KB)
...
006 (78851234.071.000) 2026-10-01 04:12:47 Image size of job updated: 1740632
	1700  -  MemoryUsage of job (MB)
	1740628  -  ResidentSetSize of job (KB)
...
006 (78851234.071.000) 2026-10-01 04:32:49 Image size of job updated: 1740632
	1700  -  MemoryUsage of job (MB)
	1740632  -  ResidentSetSize of job (KB)
...
006 (78851234.071.000) 2026-10-01 05:12:54 Image size of job updated: 1741840
	1701  -  MemoryUsage of job (MB)
	1740832  -  ResidentSetSize of job (KB)
...
006 (78851234.071.000) 2026-10-01 05:17:54 Image size of job updated: 1741840
	1701  -  MemoryUsage of job (MB)
	1740836  -  ResidentSetSize of job (KB)
...
006 (78851234.071.000) 2026-10-01 05:22:55 Image size of job updated: 1741840
	1701  -  MemoryUsage of job (MB)
	1741644  -  ResidentSetSize of job (KB)
...
006 (78851234.071.000) 2026-10-01 05:57:58 Image size of job updated: 1747712
	1707  -  MemoryUsage of job (MB)
	1747712  -  ResidentSetSize of job (KB)
...
006 (78851234.071.000) 2026-10-01 06:02:59 Image size of job updated: 1747716
	1707  -  MemoryUsage of job (MB)
	1747716  -  ResidentSetSize of job (KB)
...
006 (78851234.071.000) 2026-10-01 06:13:00 Image size of job updated: 1748724
	1708  -  MemoryUsage of job (MB)
	1748724  -  ResidentSetSize of job (KB)
...
006 (78851234.071.000) 2026-10-01 06:33:01 Image size of job updated: 1749372
	1709  -  MemoryUsage of job (MB)
	1749372  -  ResidentSetSize of job (KB)
...
006 (78851234.071.000) 2026-10-01 06:48:02 Image size of job updated: 1750400
	1710  -  MemoryUsage of job (MB)
	1750400  -  ResidentSetSize of job (KB)
...
006 (78851234.071.000) 2026-10-01 07:18:06 Image size of job updated: 1750404
	1710  -  MemoryUsage of job (MB)
	1750404  -  ResidentSetSize of job (KB)
...
006 (78851234.071.000) 2026-10-01 07:33:07 Image size of job updated: 1751428
	1711  -  MemoryUsage of job (MB)
	1751428  -  ResidentSetSize of job (KB)
...
006 (78851234.071.000) 2026-10-01 07:48:09 Image size of job updated: 1751432
	1711  -  MemoryUsage of job (MB)
	1751432  -  ResidentSetSize of job (KB)
...
006 (78851234.071.000) 2026-10-01 08:18:12 Image size of job updated: 1752456
	1712  -  MemoryUsage of job (MB)
	1752456  -  ResidentSetSize of job (KB)
...
006 (78851234.071.000) 2026-10-01 08:43:14 Image size of job updated: 1753480
	1713  -  MemoryUsage of job (MB)
	1753480  -  ResidentSetSize of job (KB)
...
006 (78851234.071.000) 2026-10-01 09:08:16 Image size of job updated: 1753484
	1713  -  MemoryUsage of job (MB)
	1753484  -  ResidentSetSize of job (KB)
...
006 (78851234.071.000) 2026-10-01 09:23:17 Image size of job updated: 1753488
	1713  -  MemoryUsage of job (MB)
	1753488  -  ResidentSetSize of job (KB)
...
006 (78851234.071.000) 2026-10-01 09:33:18 Image size of job updated: 1754512
	1714  -  MemoryUsage of job (MB)
	1754512  -  ResidentSetSize of job (KB)
...
006 (78851234.071.000) 2026-10-01 09:43:19 Image size of job updated: 1755536
	1715  -  MemoryUsage of job (MB)
	1755536  -  ResidentSetSize of job (KB)
...
006 (78851234.071.000) 2026-10-01 09:53:20 Image size of job updated: 1755548
	1715  -  MemoryUsage of job (MB)
	1755548  -  ResidentSetSize of job (KB)
...
006 (78851234.071.000) 2026-10-01 09:58:20 Image size of job updated: 1755556
	1715  -  MemoryUsage of job (MB)
	1755556  -  ResidentSetSize of job (KB)
...
006 (78851234.071.000) 2026-10-01 10:08:21 Image size of job updated: 1755560
	1715  -  MemoryUsage of job (MB)
	1755560  -  ResidentSetSize of job (KB)
...
006 (78851234.071.000) 2026-10-01 10:43:24 Image size of job updated: 1756584
	1716  -  MemoryUsage of job (MB)
	1756584  -  ResidentSetSize of job (KB)
...
006 (78851234.071.000) 2026-10-01 10:53:25 Image size of job updated: 1756588
	1716  -  MemoryUsage of job (MB)
	1756588  -  ResidentSetSize of job (KB)
...
006 (78851234.071.000) 2026-10-01 11:33:29 Image size of job updated: 1756600
	1716  -  MemoryUsage of job (MB)
	1756588  -  ResidentSetSize of job (KB)
...
006 (78851234.071.000) 2026-10-01 11:43:31 Image size of job updated: 1757612
	1717  -  MemoryUsage of job (MB)
	1757612  -  ResidentSetSize of job (KB)
...
006 (78851234.071.000) 2026-10-01 12:03:33 Image size of job updated: 1757700
	1717  -  MemoryUsage of job (MB)
	1757700  -  ResidentSetSize of job (KB)
...
006 (78851234.071.000) 2026-10-01 12:38:37 Image size of job updated: 1758636
	1718  -  MemoryUsage of job (MB)
	1758636  -  ResidentSetSize of job (KB)
...
004 (78851234.071.000) 2026-10-01 12:39:29 Job was evicted. Code 1019 Subcode 0
	(0) CPU times
		Usr 6 19:46:13, Sys 0 00:05:57  -  Run Remote Usage
		Usr 0 00:00:00, Sys 0 00:00:00  -  Run Local Usage
	0  -  Run Bytes Sent By Job
	0  -  Run Bytes Received By Job
	Reason: Preempted for a Priority user
	Partitionable Resources :    Usage  Request Allocated 
	   Cpus                 :     4.21        4         4 
	   Disk (KB)            : 25000       25000     28672 
	   GPUs                 :                           0 
	   Memory (MB)          :  1718        6000      6016 
	   TimeExecute (s)      : 86609                       
	   TimeSlotBusy (s)     : 86609                       
...
001 (78851234.071.000) 2026-10-01 12:39:36 Job executing on host: <10.14.4.29:9618?addrs=10.14.4.29-9618&alias=node779.cluster.ldas.cit&noUDP&sock=startd_318241_6f2f>
	SlotName: slot1_27@node779.cluster.ldas.cit
	CondorScratchDir = "/var/lib/condor/execute/dir_639122/scratch"
	Cpus = 4
	Disk = 28672
	GPUs = 0
	Memory = 6016
...
004 (78851234.071.000) 2026-10-02 15:18:32 Job was evicted. Code 1019 Subcode 0
	(0) CPU times
		Usr 10 22:10:42, Sys 0 00:10:53  -  Run Remote Usage
		Usr 0 00:00:00, Sys 0 00:00:00  -  Run Local Usage
	0  -  Run Bytes Sent By Job
	0  -  Run Bytes Received By Job
	Reason: Preempted for a Priority user
	Partitionable Resources :    Usage  Request Allocated 
	   Cpus                 :    14.46        4         4 
	   Disk (KB)            : 25000       25000     28672 
	   GPUs                 :                           0 
	   Memory (MB)          :  1954        6000      6016 
	   TimeExecute (s)      : 95936                       
	   TimeSlotBusy (s)     : 95937                       
...
001 (78851234.071.000) 2026-10-02 15:23:51 Job executing on host: <10.14.9.138:9618?addrs=10.14.9.138-9618&alias=node2138.cluster.ldas.cit&noUDP&sock=startd_1405686_4128>
	SlotName: slot1_13@node2138.cluster.ldas.cit
	CondorScratchDir = "/var/lib/condor/execute/dir_2595970/scratch"
	Cpus = 4
	Disk = 28672
	GPUs = 0
	Memory = 6016
...
005 (78851234.071.000) 2026-10-02 15:23:51 Job terminated.
	(1) Normal termination (return value 1)
		Usr 0 00:00:00, Sys 0 00:00:00  -  Run Remote Usage
		Usr 0 00:00:00, Sys 0 00:00:00  -  Run Local Usage
		Usr 17 17:56:55, Sys 0 00:16:50  -  Total Remote Usage
		Usr 0 00:00:00, Sys 0 00:00:00  -  Total Local Usage
	0  -  Run Bytes Sent By Job
	0  -  Run Bytes Received By Job
	0  -  Total Bytes Sent By Job
	0  -  Total Bytes Received By Job
	Partitionable Resources :    Usage  Request Allocated 
	   Cpus                 :    14.46        4         4 
	   Disk (KB)            : 25000       25000     28672 
	   GPUs                 :                           0 
	   Memory (MB)          :  1954        6000      6016 
	   TimeExecute (s)      :     0                       
	   TimeSlotBusy (s)     :     0                       
...
000 (78854872.071.000) 2026-10-03 17:21:23 Job submitted from host: <10.14.0.121:9618?addrs=10.14.0.121-9618&alias=ldas-pcdev12.ligo.caltech.edu&noUDP&sock=schedd_623140_c9b4>
...
001 (78854872.071.000) 2026-10-03 17:22:25 Job executing on host: <10.14.8.215:9618?addrs=10.14.8.215-9618&alias=node1965.cluster.ldas.cit&noUDP&sock=startd_35111_cdd7>
	SlotName: slot1_1@node1965.cluster.ldas.cit
	CondorScratchDir = "/var/lib/condor/execute/dir_160339/scratch"
	Cpus = 4
	Disk = 28672
	GPUs = 0
	Memory = 6016
...
006 (78854872.071.000) 2026-10-03 17:22:34 Image size of job updated: 428240
	419  -  MemoryUsage of job (MB)
	428240  -  ResidentSetSize of job (KB)
...
006 (78854872.071.000) 2026-10-03 17:27:35 Image size of job updated: 567584
	555  -  MemoryUsage of job (MB)
	567584  -  ResidentSetSize of job (KB)
...
006 (78854872.071.000) 2026-10-03 17:32:35 Image size of job updated: 569132
	556  -  MemoryUsage of job (MB)
	569132  -  ResidentSetSize of job (KB)
...
006 (78854872.071.000) 2026-10-03 17:37:35 Image size of job updated: 602852
	572  -  MemoryUsage of job (MB)
	584948  -  ResidentSetSize of job (KB)
...
006 (78854872.071.000) 2026-10-03 17:42:36 Image size of job updated: 602852
	587  -  MemoryUsage of job (MB)
	600464  -  ResidentSetSize of job (KB)
...
006 (78854872.071.000) 2026-10-03 17:47:36 Image size of job updated: 678712
	611  -  MemoryUsage of job (MB)
	625160  -  ResidentSetSize of job (KB)
...
006 (78854872.071.000) 2026-10-03 17:52:36 Image size of job updated: 678712
	629  -  MemoryUsage of job (MB)
	643852  -  ResidentSetSize of job (KB)
...
006 (78854872.071.000) 2026-10-03 17:57:37 Image size of job updated: 678712
	644  -  MemoryUsage of job (MB)
	658800  -  ResidentSetSize of job (KB)
...
006 (78854872.071.000) 2026-10-03 18:02:38 Image size of job updated: 680352
	664  -  MemoryUsage of job (MB)
	679084  -  ResidentSetSize of job (KB)
...
006 (78854872.071.000) 2026-10-03 18:07:38 Image size of job updated: 687208
	672  -  MemoryUsage of job (MB)
	687208  -  ResidentSetSize of job (KB)
...
006 (78854872.071.000) 2026-10-03 18:12:39 Image size of job updated: 715972
	686  -  MemoryUsage of job (MB)
	701752  -  ResidentSetSize of job (KB)
...
006 (78854872.071.000) 2026-10-03 18:17:40 Image size of job updated: 715972
	686  -  MemoryUsage of job (MB)
	701972  -  ResidentSetSize of job (KB)
...
006 (78854872.071.000) 2026-10-03 18:22:40 Image size of job updated: 720172
	689  -  MemoryUsage of job (MB)
	704744  -  ResidentSetSize of job (KB)
...
006 (78854872.071.000) 2026-10-03 18:27:40 Image size of job updated: 720172
	689  -  MemoryUsage of job (MB)
	704936  -  ResidentSetSize of job (KB)
...
006 (78854872.071.000) 2026-10-03 18:32:41 Image size of job updated: 737160
	693  -  MemoryUsage of job (MB)
	709540  -  ResidentSetSize of job (KB)
...
006 (78854872.071.000) 2026-10-03 18:37:41 Image size of job updated: 737160
	695  -  MemoryUsage of job (MB)
	710844  -  ResidentSetSize of job (KB)
...
006 (78854872.071.000) 2026-10-03 18:42:41 Image size of job updated: 737160
	703  -  MemoryUsage of job (MB)
	719260  -  ResidentSetSize of job (KB)
...
006 (78854872.071.000) 2026-10-03 18:47:42 Image size of job updated: 737160
	703  -  MemoryUsage of job (MB)
	719460  -  ResidentSetSize of job (KB)
...
006 (78854872.071.000) 2026-10-03 18:52:42 Image size of job updated: 737160
	703  -  MemoryUsage of job (MB)
	719680  -  ResidentSetSize of job (KB)
...
006 (78854872.071.000) 2026-10-03 19:17:45 Image size of job updated: 737160
	704  -  MemoryUsage of job (MB)
	720212  -  ResidentSetSize of job (KB)
...
006 (78854872.071.000) 2026-10-03 19:22:46 Image size of job updated: 737160
	704  -  MemoryUsage of job (MB)
	720264  -  ResidentSetSize of job (KB)
...
006 (78854872.071.000) 2026-10-03 19:27:46 Image size of job updated: 747348
	704  -  MemoryUsage of job (MB)
	720264  -  ResidentSetSize of job (KB)
...
006 (78854872.071.000) 2026-10-03 19:37:47 Image size of job updated: 747348
	706  -  MemoryUsage of job (MB)
	722592  -  ResidentSetSize of job (KB)
...
006 (78854872.071.000) 2026-10-03 19:42:47 Image size of job updated: 747348
	706  -  MemoryUsage of job (MB)
	722652  -  ResidentSetSize of job (KB)
...
006 (78854872.071.000) 2026-10-03 19:47:47 Image size of job updated: 747348
	706  -  MemoryUsage of job (MB)
	722756  -  ResidentSetSize of job (KB)
...
006 (78854872.071.000) 2026-10-03 19:52:48 Image size of job updated: 747348
	709  -  MemoryUsage of job (MB)
	725476  -  ResidentSetSize of job (KB)
...
006 (78854872.071.000) 2026-10-03 19:57:48 Image size of job updated: 747348
	709  -  MemoryUsage of job (MB)
	725556  -  ResidentSetSize of job (KB)
...
006 (78854872.071.000) 2026-10-03 20:02:48 Image size of job updated: 747348
	712  -  MemoryUsage of job (MB)
	728132  -  ResidentSetSize of job (KB)
...
006 (78854872.071.000) 2026-10-03 20:07:49 Image size of job updated: 747348
	712  -  MemoryUsage of job (MB)
	728264  -  ResidentSetSize of job (KB)
...
006 (78854872.071.000) 2026-10-03 20:12:50 Image size of job updated: 747348
	714  -  MemoryUsage of job (MB)
	730980  -  ResidentSetSize of job (KB)
...
006 (78854872.071.000) 2026-10-03 20:17:50 Image size of job updated: 747348
	714  -  MemoryUsage of job (MB)
	731056  -  ResidentSetSize of job (KB)
...
006 (78854872.071.000) 2026-10-03 20:22:51 Image size of job updated: 747348
	718  -  MemoryUsage of job (MB)
	734744  -  ResidentSetSize of job (KB)
...
006 (78854872.071.000) 2026-10-03 20:27:52 Image size of job updated: 747348
	718  -  MemoryUsage of job (MB)
	734796  -  ResidentSetSize of job (KB)
...
006 (78854872.071.000) 2026-10-03 20:47:54 Image size of job updated: 747348
	719  -  MemoryUsage of job (MB)
	736092  -  ResidentSetSize of job (KB)
...
006 (78854872.071.000) 2026-10-03 20:52:54 Image size of job updated: 747348
	719  -  MemoryUsage of job (MB)
	736140  -  ResidentSetSize of job (KB)
...
006 (78854872.071.000) 2026-10-03 21:07:55 Image size of job updated: 747348
	720  -  MemoryUsage of job (MB)
	737256  -  ResidentSetSize of job (KB)
...
006 (78854872.071.000) 2026-10-03 21:12:56 Image size of job updated: 747348
	721  -  MemoryUsage of job (MB)
	737296  -  ResidentSetSize of job (KB)
...
006 (78854872.071.000) 2026-10-03 21:27:58 Image size of job updated: 747348
	727  -  MemoryUsage of job (MB)
	744448  -  ResidentSetSize of job (KB)
...
006 (78854872.071.000) 2026-10-03 21:32:59 Image size of job updated: 747348
	728  -  MemoryUsage of job (MB)
	744484  -  ResidentSetSize of job (KB)
...
000 (78854906.071.000) 2026-10-03 21:36:50 Job submitted from host: <10.14.0.121:9618?addrs=10.14.0.121-9618&alias=ldas-pcdev12.ligo.caltech.edu&noUDP&sock=schedd_623140_c9b4>
...
006 (78854872.071.000) 2026-10-03 21:36:51 Image size of job updated: 767400
	728  -  MemoryUsage of job (MB)
	744484  -  ResidentSetSize of job (KB)
...
004 (78854872.071.000) 2026-10-03 21:36:51 Job was evicted. Code 1023 Subcode 0
	(0) CPU times
		Usr 0 19:46:16, Sys 0 00:01:40  -  Run Remote Usage
		Usr 0 00:00:00, Sys 0 00:00:00  -  Run Local Usage
	0  -  Run Bytes Sent By Job
	0  -  Run Bytes Received By Job
	Reason: via condor_rm (by user pratyusava.baral)
	Partitionable Resources :    Usage  Request Allocated 
	   Cpus                 :     4.92        4         4 
	   Disk (KB)            : 25000       25000     28672 
	   GPUs                 :                           0 
	   Memory (MB)          :   728        6000      6016 
	   TimeExecute (s)      : 15266                       
	   TimeSlotBusy (s)     : 15266                       
...
009 (78854872.071.000) 2026-10-03 21:36:51 Job was aborted.
	via condor_rm (by user pratyusava.baral)
...
001 (78854906.071.000) 2026-10-03 21:38:42 Job executing on host: <10.14.5.145:9618?addrs=10.14.5.145-9618&alias=node1145.cluster.ldas.cit&noUDP&sock=startd_70326_5d71>
	SlotName: slot1_3@node1145.cluster.ldas.cit
	CondorScratchDir = "/var/lib/condor/execute/dir_799800/scratch"
	Cpus = 4
	Disk = 28672
	GPUs = 0
	Memory = 6016
...
006 (78854906.071.000) 2026-10-03 21:38:50 Image size of job updated: 168504
	165  -  MemoryUsage of job (MB)
	168504  -  ResidentSetSize of job (KB)
...
006 (78854906.071.000) 2026-10-03 21:43:50 Image size of job updated: 445536
	436  -  MemoryUsage of job (MB)
	445536  -  ResidentSetSize of job (KB)
...
006 (78854906.071.000) 2026-10-03 21:48:50 Image size of job updated: 567852
	555  -  MemoryUsage of job (MB)
	567852  -  ResidentSetSize of job (KB)
...
006 (78854906.071.000) 2026-10-03 21:53:51 Image size of job updated: 582160
	569  -  MemoryUsage of job (MB)
	582160  -  ResidentSetSize of job (KB)
...
006 (78854906.071.000) 2026-10-03 21:58:51 Image size of job updated: 666284
	624  -  MemoryUsage of job (MB)
	638592  -  ResidentSetSize of job (KB)
...
006 (78854906.071.000) 2026-10-03 22:03:51 Image size of job updated: 666284
	639  -  MemoryUsage of job (MB)
	653700  -  ResidentSetSize of job (KB)
...
006 (78854906.071.000) 2026-10-03 22:08:52 Image size of job updated: 668724
	654  -  MemoryUsage of job (MB)
	668724  -  ResidentSetSize of job (KB)
...
006 (78854906.071.000) 2026-10-03 22:13:52 Image size of job updated: 704408
	666  -  MemoryUsage of job (MB)
	681904  -  ResidentSetSize of job (KB)
...
006 (78854906.071.000) 2026-10-03 22:18:52 Image size of job updated: 704408
	667  -  MemoryUsage of job (MB)
	682296  -  ResidentSetSize of job (KB)
...
006 (78854906.071.000) 2026-10-03 22:23:53 Image size of job updated: 721632
	686  -  MemoryUsage of job (MB)
	702272  -  ResidentSetSize of job (KB)
...
006 (78854906.071.000) 2026-10-03 22:28:53 Image size of job updated: 721632
	687  -  MemoryUsage of job (MB)
	702468  -  ResidentSetSize of job (KB)
...
006 (78854906.071.000) 2026-10-03 22:48:54 Image size of job updated: 732608
	687  -  MemoryUsage of job (MB)
	702468  -  ResidentSetSize of job (KB)
...
006 (78854906.071.000) 2026-10-03 22:58:55 Image size of job updated: 732608
	692  -  MemoryUsage of job (MB)
	708144  -  ResidentSetSize of job (KB)
...
006 (78854906.071.000) 2026-10-03 23:03:55 Image size of job updated: 732608
	692  -  MemoryUsage of job (MB)
	708288  -  ResidentSetSize of job (KB)
...
006 (78854906.071.000) 2026-10-03 23:08:56 Image size of job updated: 747704
	695  -  MemoryUsage of job (MB)
	711048  -  ResidentSetSize of job (KB)
...
006 (78854906.071.000) 2026-10-03 23:13:56 Image size of job updated: 747704
	695  -  MemoryUsage of job (MB)
	711100  -  ResidentSetSize of job (KB)
...
006 (78854906.071.000) 2026-10-03 23:18:56 Image size of job updated: 747704
	695  -  MemoryUsage of job (MB)
	711184  -  ResidentSetSize of job (KB)
...
006 (78854906.071.000) 2026-10-03 23:23:57 Image size of job updated: 747704
	709  -  MemoryUsage of job (MB)
	725460  -  ResidentSetSize of job (KB)
...
006 (78854906.071.000) 2026-10-03 23:28:57 Image size of job updated: 747704
	709  -  MemoryUsage of job (MB)
	725552  -  ResidentSetSize of job (KB)
...
006 (78854906.071.000) 2026-10-03 23:33:57 Image size of job updated: 749836
	709  -  MemoryUsage of job (MB)
	725552  -  ResidentSetSize of job (KB)
...
006 (78854906.071.000) 2026-10-03 23:43:58 Image size of job updated: 765724
	709  -  MemoryUsage of job (MB)
	725552  -  ResidentSetSize of job (KB)
...
006 (78854906.071.000) 2026-10-03 23:53:59 Image size of job updated: 765724
	712  -  MemoryUsage of job (MB)
	728224  -  ResidentSetSize of job (KB)
...
006 (78854906.071.000) 2026-10-03 23:58:59 Image size of job updated: 765724
	712  -  MemoryUsage of job (MB)
	728292  -  ResidentSetSize of job (KB)
...
006 (78854906.071.000) 2026-10-04 00:03:59 Image size of job updated: 765724
	726  -  MemoryUsage of job (MB)
	743168  -  ResidentSetSize of job (KB)
...
006 (78854906.071.000) 2026-10-04 00:09:00 Image size of job updated: 765724
	726  -  MemoryUsage of job (MB)
	743252  -  ResidentSetSize of job (KB)
...
006 (78854906.071.000) 2026-10-04 00:39:03 Image size of job updated: 796360
	726  -  MemoryUsage of job (MB)
	743252  -  ResidentSetSize of job (KB)
...
006 (78854906.071.000) 2026-10-04 01:19:08 Image size of job updated: 796360
	727  -  MemoryUsage of job (MB)
	744300  -  ResidentSetSize of job (KB)
...
006 (78854906.071.000) 2026-10-04 01:24:09 Image size of job updated: 796360
	728  -  MemoryUsage of job (MB)
	744476  -  ResidentSetSize of job (KB)
...
006 (78854906.071.000) 2026-10-04 01:29:09 Image size of job updated: 796360
	728  -  MemoryUsage of job (MB)
	744532  -  ResidentSetSize of job (KB)
...
006 (78854906.071.000) 2026-10-04 01:34:10 Image size of job updated: 796360
	742  -  MemoryUsage of job (MB)
	759696  -  ResidentSetSize of job (KB)
...
006 (78854906.071.000) 2026-10-04 01:39:11 Image size of job updated: 796360
	743  -  MemoryUsage of job (MB)
	760224  -  ResidentSetSize of job (KB)
...
006 (78854906.071.000) 2026-10-04 01:44:11 Image size of job updated: 796360
	743  -  MemoryUsage of job (MB)
	760436  -  ResidentSetSize of job (KB)
...
006 (78854906.071.000) 2026-10-04 01:49:12 Image size of job updated: 796360
	743  -  MemoryUsage of job (MB)
	760512  -  ResidentSetSize of job (KB)
...
006 (78854906.071.000) 2026-10-04 03:24:23 Image size of job updated: 819148
	743  -  MemoryUsage of job (MB)
	760512  -  ResidentSetSize of job (KB)
...
005 (78854906.071.000) 2026-10-04 05:18:54 Job terminated.
	(1) Normal termination (return value 0)
		Usr 1 09:54:07, Sys 0 00:14:39  -  Run Remote Usage
		Usr 0 00:00:00, Sys 0 00:00:00  -  Run Local Usage
		Usr 1 09:54:07, Sys 0 00:14:39  -  Total Remote Usage
		Usr 0 00:00:00, Sys 0 00:00:00  -  Total Local Usage
	0  -  Run Bytes Sent By Job
	0  -  Run Bytes Received By Job
	0  -  Total Bytes Sent By Job
	0  -  Total Bytes Received By Job
	Partitionable Resources :    Usage  Request Allocated 
	   Cpus                 :     4.60        4         4 
	   Disk (KB)            : 25000       25000     28672 
	   GPUs                 :                           0 
	   Memory (MB)          :   743        6000      6016 
	   TimeExecute (s)      : 27612                       
	   TimeSlotBusy (s)     : 27613                       
...
000 (78855135.071.000) 2026-10-04 13:44:56 Job submitted from host: <10.14.0.121:9618?addrs=10.14.0.121-9618&alias=ldas-pcdev12.ligo.caltech.edu&noUDP&sock=schedd_623140_c9b4>
...
001 (78855135.071.000) 2026-10-04 13:49:17 Job executing on host: <10.14.7.13:9618?addrs=10.14.7.13-9618&alias=node1513.cluster.ldas.cit&noUDP&sock=startd_30811_5c9a>
	SlotName: slot1_2@node1513.cluster.ldas.cit
	CondorScratchDir = "/var/lib/condor/execute/dir_372342/scratch"
	Cpus = 4
	Disk = 28672
	GPUs = 0
	Memory = 6016
...
006 (78855135.071.000) 2026-10-04 13:49:26 Image size of job updated: 234492
	229  -  MemoryUsage of job (MB)
	234492  -  ResidentSetSize of job (KB)
...
006 (78855135.071.000) 2026-10-04 13:49:30 Image size of job updated: 497056
	230  -  MemoryUsage of job (MB)
	234524  -  ResidentSetSize of job (KB)
...
005 (78855135.071.000) 2026-10-04 13:49:30 Job terminated.
	(1) Normal termination (return value 0)
		Usr 0 00:00:09, Sys 0 00:00:00  -  Run Remote Usage
		Usr 0 00:00:00, Sys 0 00:00:00  -  Run Local Usage
		Usr 0 00:00:09, Sys 0 00:00:00  -  Total Remote Usage
		Usr 0 00:00:00, Sys 0 00:00:00  -  Total Local Usage
	0  -  Run Bytes Sent By Job
	0  -  Run Bytes Received By Job
	0  -  Total Bytes Sent By Job
	0  -  Total Bytes Received By Job
	Partitionable Resources :    Usage  Request Allocated 
	   Cpus                 :                 4         4 
	   Disk (KB)            :    25000    25000     28672 
	   GPUs                 :                           0 
	   Memory (MB)          :      230     6000      6016 
	   TimeExecute (s)      :       13                    
	   TimeSlotBusy (s)     :       13                    
...
