000 (78851234.073.000) 2026-09-30 12:35:31 Job submitted from host: <10.14.0.121:9618?addrs=10.14.0.121-9618&alias=ldas-pcdev12.ligo.caltech.edu&noUDP&sock=schedd_623140_c9b4>
...
001 (78851234.073.000) 2026-09-30 12:36:00 Job executing on host: <10.14.4.82:9618?addrs=10.14.4.82-9618&alias=node832.cluster.ldas.cit&noUDP&sock=startd_2338582_50c9>
	SlotName: slot1_18@node832.cluster.ldas.cit
	CondorScratchDir = "/var/lib/condor/execute/dir_2488234/scratch"
	Cpus = 4
	Disk = 28672
	GPUs = 0
	Memory = 6016
...
006 (78851234.073.000) 2026-09-30 12:36:08 Image size of job updated: 178600
	175  -  MemoryUsage of job (MB)
	178600  -  ResidentSetSize of job (KB)
...
006 (78851234.073.000) 2026-09-30 12:41:08 Image size of job updated: 377052
	369  -  MemoryUsage of job (MB)
	377052  -  ResidentSetSize of job (KB)
...
006 (78851234.073.000) 2026-09-30 12:46:08 Image size of job updated: 377872
	370  -  MemoryUsage of job (MB)
	377872  -  ResidentSetSize of job (KB)
...
006 (78851234.073.000) 2026-09-30 12:51:09 Image size of job updated: 481024
	470  -  MemoryUsage of job (MB)
	481024  -  ResidentSetSize of job (KB)
...
006 (78851234.073.000) 2026-09-30 12:56:09 Image size of job updated: 481708
	471  -  MemoryUsage of job (MB)
	481708  -  ResidentSetSize of job (KB)
...
006 (78851234.073.000) 2026-09-30 13:01:10 Image size of job updated: 494328
	483  -  MemoryUsage of job (MB)
	494328  -  ResidentSetSize of job (KB)
...
006 (78851234.073.000) 2026-09-30 13:06:10 Image size of job updated: 494552
	483  -  MemoryUsage of job (MB)
	494552  -  ResidentSetSize of job (KB)
...
006 (78851234.073.000) 2026-09-30 13:11:11 Image size of job updated: 501468
	490  -  MemoryUsage of job (MB)
	501468  -  ResidentSetSize of job (KB)
...
006 (78851234.073.000) 2026-09-30 13:16:12 Image size of job updated: 501592
	490  -  MemoryUsage of job (MB)
	501592  -  ResidentSetSize of job (KB)
...
006 (78851234.073.000) 2026-09-30 13:21:12 Image size of job updated: 514856
	503  -  MemoryUsage of job (MB)
	514856  -  ResidentSetSize of job (KB)
...
006 (78851234.073.000) 2026-09-30 13:26:13 Image size of job updated: 514996
	503  -  MemoryUsage of job (MB)
	514996  -  ResidentSetSize of job (KB)
...
006 (78851234.073.000) 2026-09-30 13:31:13 Image size of job updated: 516276
	505  -  MemoryUsage of job (MB)
	516276  -  ResidentSetSize of job (KB)
...
006 (78851234.073.000) 2026-09-30 13:36:14 Image size of job updated: 516464
	505  -  MemoryUsage of job (MB)
	516464  -  ResidentSetSize of job (KB)
...
006 (78851234.073.000) 2026-09-30 13:41:14 Image size of job updated: 517504
	506  -  MemoryUsage of job (MB)
	517504  -  ResidentSetSize of job (KB)
...
006 (78851234.073.000) 2026-09-30 13:46:14 Image size of job updated: 517616
	506  -  MemoryUsage of job (MB)
	517616  -  ResidentSetSize of job (KB)
...
006 (78851234.073.000) 2026-09-30 13:51:15 Image size of job updated: 538336
	526  -  MemoryUsage of job (MB)
	538336  -  ResidentSetSize of job (KB)
...
006 (78851234.073.000) 2026-09-30 13:56:15 Image size of job updated: 538464
	526  -  MemoryUsage of job (MB)
	538464  -  ResidentSetSize of job (KB)
...
006 (78851234.073.000) 2026-09-30 14:01:16 Image size of job updated: 538592
	526  -  MemoryUsage of job (MB)
	538464  -  ResidentSetSize of job (KB)
...
006 (78851234.073.000) 2026-09-30 15:06:24 Image size of job updated: 596104
	583  -  MemoryUsage of job (MB)
	596104  -  ResidentSetSize of job (KB)
...
006 (78851234.073.000) 2026-09-30 15:11:24 Image size of job updated: 596180
	583  -  MemoryUsage of job (MB)
	596180  -  ResidentSetSize of job (KB)
...
006 (78851234.073.000) 2026-09-30 15:16:25 Image size of job updated: 596264
	583  -  MemoryUsage of job (MB)
	596264  -  ResidentSetSize of job (KB)
...
006 (78851234.073.000) 2026-09-30 15:21:25 Image size of job updated: 596308
	583  -  MemoryUsage of job (MB)
	596308  -  ResidentSetSize of job (KB)
...
006 (78851234.073.000) 2026-09-30 15:26:26 Image size of job updated: 596388
	583  -  MemoryUsage of job (MB)
	596388  -  ResidentSetSize of job (KB)
...
006 (78851234.073.000) 2026-09-30 15:31:26 Image size of job updated: 596444
	583  -  MemoryUsage of job (MB)
	596444  -  ResidentSetSize of job (KB)
...
006 (78851234.073.000) 2026-09-30 15:36:26 Image size of job updated: 596564
	583  -  MemoryUsage of job (MB)
	596564  -  ResidentSetSize of job (KB)
...
006 (78851234.073.000) 2026-09-30 15:41:27 Image size of job updated: 596656
	583  -  MemoryUsage of job (MB)
	596656  -  ResidentSetSize of job (KB)
...
006 (78851234.073.000) 2026-09-30 15:46:27 Image size of job updated: 596672
	583  -  MemoryUsage of job (MB)
	596672  -  ResidentSetSize of job (KB)
...
006 (78851234.073.000) 2026-09-30 15:51:28 Image size of job updated: 596712
	583  -  MemoryUsage of job (MB)
	596712  -  ResidentSetSize of job (KB)
...
006 (78851234.073.000) 2026-09-30 15:56:28 Image size of job updated: 596732
	583  -  MemoryUsage of job (MB)
	596732  -  ResidentSetSize of job (KB)
...
006 (78851234.073.000) 2026-09-30 16:01:29 Image size of job updated: 596736
	583  -  MemoryUsage of job (MB)
	596736  -  ResidentSetSize of job (KB)
...
006 (78851234.073.000) 2026-09-30 16:06:30 Image size of job updated: 832260
	813  -  MemoryUsage of job (MB)
	832260  -  ResidentSetSize of job (KB)
...
006 (78851234.073.000) 2026-09-30 16:11:30 Image size of job updated: 1049140
	1025  -  MemoryUsage of job (MB)
	1049140  -  ResidentSetSize of job (KB)
...
006 (78851234.073.000) 2026-09-30 16:16:31 Image size of job updated: 1255996
	1227  -  MemoryUsage of job (MB)
	1255996  -  ResidentSetSize of job (KB)
...
006 (78851234.073.000) 2026-09-30 16:21:31 Image size of job updated: 1479528
	1445  -  MemoryUsage of job (MB)
	1479528  -  ResidentSetSize of job (KB)
...
006 (78851234.073.000) 2026-09-30 16:26:31 Image size of job updated: 1720284
	1680  -  MemoryUsage of job (MB)
	1720284  -  ResidentSetSize of job (KB)
...
006 (78851234.073.000) 2026-09-30 16:31:32 Image size of job updated: 1801112
	1759  -  MemoryUsage of job (MB)
	1801112  -  ResidentSetSize of job (KB)
...
006 (78851234.073.000) 2026-09-30 16:36:32 Image size of job updated: 1801124
	1759  -  MemoryUsage of job (MB)
	1801124  -  ResidentSetSize of job (KB)
...
006 (78851234.073.000) 2026-09-30 16:41:33 Image size of job updated: 1801152
	1759  -  MemoryUsage of job (MB)
	1801152  -  ResidentSetSize of job (KB)
...
006 (78851234.073.000) 2026-09-30 16:46:34 Image size of job updated: 1801168
	1759  -  MemoryUsage of job (MB)
	1801168  -  ResidentSetSize of job (KB)
...
006 (78851234.073.000) 2026-09-30 16:51:34 Image size of job updated: 1801180
	1759  -  MemoryUsage of job (MB)
	1801180  -  ResidentSetSize of job (KB)
...
006 (78851234.073.000) 2026-09-30 16:56:35 Image size of job updated: 1801200
	1759  -  MemoryUsage of job (MB)
	1801200  -  ResidentSetSize of job (KB)
...
006 (78851234.073.000) 2026-09-30 17:01:35 Image size of job updated: 1801216
	1759  -  MemoryUsage of job (MB)
	1801216  -  ResidentSetSize of job (KB)
...
006 (78851234.073.000) 2026-09-30 17:06:36 Image size of job updated: 1804324
	1763  -  MemoryUsage of job (MB)
	1804324  -  ResidentSetSize of job (KB)
...
006 (78851234.073.000) 2026-09-30 17:11:37 Image size of job updated: 1804336
	1763  -  MemoryUsage of job (MB)
	1804336  -  ResidentSetSize of job (KB)
...
006 (78851234.073.000) 2026-09-30 17:16:37 Image size of job updated: 1819976
	1775  -  MemoryUsage of job (MB)
	1816944  -  ResidentSetSize of job (KB)
...
006 (78851234.073.000) 2026-09-30 17:26:38 Image size of job updated: 1819976
	1776  -  MemoryUsage of job (MB)
	1817980  -  ResidentSetSize of job (KB)
...
006 (78851234.073.000) 2026-09-30 17:31:39 Image size of job updated: 1819976
	1776  -  MemoryUsage of job (MB)
	1817988  -  ResidentSetSize of job (KB)
...
006 (78851234.073.000) 2026-09-30 17:36:39 Image size of job updated: 1819976
	1776  -  MemoryUsage of job (MB)
	1817992  -  ResidentSetSize of job (KB)
...
006 (78851234.073.000) 2026-09-30 17:41:39 Image size of job updated: 1819976
	1776  -  MemoryUsage of job (MB)
	1818000  -  ResidentSetSize of job (KB)
...
006 (78851234.073.000) 2026-09-30 17:56:41 Image size of job updated: 1819976
	1776  -  MemoryUsage of job (MB)
	1818004  -  ResidentSetSize of job (KB)
...
006 (78851234.073.000) 2026-09-30 18:01:41 Image size of job updated: 1819976
	1776  -  MemoryUsage of job (MB)
	1818008  -  ResidentSetSize of job (KB)
...
006 (78851234.073.000) 2026-09-30 18:06:42 Image size of job updated: 1819976
	1776  -  MemoryUsage of job (MB)
	1818028  -  ResidentSetSize of job (KB)
...
006 (78851234.073.000) 2026-09-30 18:21:44 Image size of job updated: 1819976
	1776  -  MemoryUsage of job (MB)
	1818040  -  ResidentSetSize of job (KB)
...
006 (78851234.073.000) 2026-09-30 18:26:44 Image size of job updated: 1819976
	1776  -  MemoryUsage of job (MB)
	1818044  -  ResidentSetSize of job (KB)
...
006 (78851234.073.000) 2026-09-30 18:31:45 Image size of job updated: 1821100
	1779  -  MemoryUsage of job (MB)
	1821100  -  ResidentSetSize of job (KB)
...
006 (78851234.073.000) 2026-09-30 18:36:45 Image size of job updated: 1821104
	1779  -  MemoryUsage of job (MB)
	1821104  -  ResidentSetSize of job (KB)
...
006 (78851234.073.000) 2026-09-30 18:41:45 Image size of job updated: 1821116
	1779  -  MemoryUsage of job (MB)
	1821116  -  ResidentSetSize of job (KB)
...
006 (78851234.073.000) 2026-09-30 18:46:46 Image size of job updated: 1821124
	1779  -  MemoryUsage of job (MB)
	1821124  -  ResidentSetSize of job (KB)
...
006 (78851234.073.000) 2026-09-30 18:51:46 Image size of job updated: 1821132
	1779  -  MemoryUsage of job (MB)
	1821132  -  ResidentSetSize of job (KB)
...
006 (78851234.073.000) 2026-09-30 18:56:47 Image size of job updated: 1821136
	1779  -  MemoryUsage of job (MB)
	1821136  -  ResidentSetSize of job (KB)
...
006 (78851234.073.000) 2026-09-30 19:06:47 Image size of job updated: 1823888
	1780  -  MemoryUsage of job (MB)
	1822144  -  ResidentSetSize of job (KB)
...
006 (78851234.073.000) 2026-09-30 19:16:48 Image size of job updated: 1823888
	1780  -  MemoryUsage of job (MB)
	1822152  -  ResidentSetSize of job (KB)
...
006 (78851234.073.000) 2026-09-30 19:31:50 Image size of job updated: 1823888
	1780  -  MemoryUsage of job (MB)
	1822164  -  ResidentSetSize of job (KB)
...
006 (78851234.073.000) 2026-09-30 19:36:51 Image size of job updated: 1824196
	1781  -  MemoryUsage of job (MB)
	1823176  -  ResidentSetSize of job (KB)
...
006 (78851234.073.000) 2026-09-30 19:51:53 Image size of job updated: 1824196
	1781  -  MemoryUsage of job (MB)
	1823184  -  ResidentSetSize of job (KB)
...
006 (78851234.073.000) 2026-09-30 19:56:53 Image size of job updated: 1824196
	1781  -  MemoryUsage of job (MB)
	1823188  -  ResidentSetSize of job (KB)
...
006 (78851234.073.000) 2026-09-30 20:21:55 Image size of job updated: 1826300
	1784  -  MemoryUsage of job (MB)
	1826300  -  ResidentSetSize of job (KB)
...
006 (78851234.073.000) 2026-09-30 20:31:56 Image size of job updated: 1826304
	1784  -  MemoryUsage of job (MB)
	1826304  -  ResidentSetSize of job (KB)
...
006 (78851234.073.000) 2026-09-30 21:22:01 Image size of job updated: 1829432
	1786  -  MemoryUsage of job (MB)
	1828048  -  ResidentSetSize of job (KB)
...
006 (78851234.073.000) 2026-09-30 21:32:02 Image size of job updated: 1829432
	1787  -  MemoryUsage of job (MB)
	1829428  -  ResidentSetSize of job (KB)
...
006 (78851234.073.000) 2026-09-30 21:42:03 Image size of job updated: 1829432
	1787  -  MemoryUsage of job (MB)
	1829432  -  ResidentSetSize of job (KB)
...
006 (78851234.073.000) 2026-09-30 21:47:03 Image size of job updated: 1830440
	1787  -  MemoryUsage of job (MB)
	1829432  -  ResidentSetSize of job (KB)
...
006 (78851234.073.000) 2026-09-30 21:57:04 Image size of job updated: 1830440
	1787  -  MemoryUsage of job (MB)
	1829436  -  ResidentSetSize of job (KB)
...
006 (78851234.073.000) 2026-09-30 22:27:08 Image size of job updated: 1830468
	1788  -  MemoryUsage of job (MB)
	1830468  -  ResidentSetSize of job (KB)
...
006 (78851234.073.000) 2026-09-30 22:32:09 Image size of job updated: 1830472
	1788  -  MemoryUsage of job (MB)
	1830472  -  ResidentSetSize of job (KB)
...
006 (78851234.073.000) 2026-09-30 22:37:09 Image size of job updated: 1830476
	1788  -  MemoryUsage of job (MB)
	1830476  -  ResidentSetSize of job (KB)
...
006 (78851234.073.000) 2026-09-30 22:42:10 Image size of job updated: 1835064
	1793  -  MemoryUsage of job (MB)
	1835064  -  ResidentSetSize of job (KB)
...
006 (78851234.073.000) 2026-09-30 22:47:10 Image size of job updated: 1835068
	1793  -  MemoryUsage of job (MB)
	1835068  -  ResidentSetSize of job (KB)
...
006 (78851234.073.000) 2026-09-30 22:52:11 Image size of job updated: 1840188
	1798  -  MemoryUsage of job (MB)
	1840188  -  ResidentSetSize of job (KB)
...
006 (78851234.073.000) 2026-09-30 22:57:11 Image size of job updated: 1840192
	1798  -  MemoryUsage of job (MB)
	1840192  -  ResidentSetSize of job (KB)
...
006 (78851234.073.000) 2026-09-30 23:17:14 Image size of job updated: 1840196
	1798  -  MemoryUsage of job (MB)
	1840196  -  ResidentSetSize of job (KB)
...
006 (78851234.073.000) 2026-09-30 23:57:18 Image size of job updated: 1842652
	1799  -  MemoryUsage of job (MB)
	1841220  -  ResidentSetSize of job (KB)
...
006 (78851234.073.000) 2026-10-01 00:27:21 Image size of job updated: 1842652
	1799  -  MemoryUsage of job (MB)
	1841228  -  ResidentSetSize of job (KB)
...
006 (78851234.073.000) 2026-10-01 00:32:22 Image size of job updated: 1842652
	1800  -  MemoryUsage of job (MB)
	1842632  -  ResidentSetSize of job (KB)
...
006 (78851234.073.000) 2026-10-01 00:52:24 Image size of job updated: 1842652
	1800  -  MemoryUsage of job (MB)
	1842636  -  ResidentSetSize of job (KB)
...
006 (78851234.073.000) 2026-10-01 00:57:24 Image size of job updated: 1842652
	1800  -  MemoryUsage of job (MB)
	1842640  -  ResidentSetSize of job (KB)
...
006 (78851234.073.000) 2026-10-01 01:02:24 Image size of job updated: 1842652
	1800  -  MemoryUsage of job (MB)
	1842648  -  ResidentSetSize of job (KB)
...
006 (78851234.073.000) 2026-10-01 01:07:25 Image size of job updated: 1842652
	1800  -  MemoryUsage of job (MB)
	1842652  -  ResidentSetSize of job (KB)
...
006 (78851234.073.000) 2026-10-01 01:22:26 Image size of job updated: 1842656
	1800  -  MemoryUsage of job (MB)
	1842656  -  ResidentSetSize of job (KB)
...
006 (78851234.073.000) 2026-10-01 01:27:27 Image size of job updated: 1842660
	1800  -  MemoryUsage of job (MB)
	1842660  -  ResidentSetSize of job (KB)
...
006 (78851234.073.000) 2026-10-01 01:42:29 Image size of job updated: 1842664
	1800  -  MemoryUsage of job (MB)
	1842664  -  ResidentSetSize of job (KB)
...
006 (78851234.073.000) 2026-10-01 01:47:29 Image size of job updated: 1842672
	1800  -  MemoryUsage of job (MB)
	1842672  -  ResidentSetSize of job (KB)
...
006 (78851234.073.000) 2026-10-01 02:12:31 Image size of job updated: 1842676
	1800  -  MemoryUsage of job (MB)
	1842676  -  ResidentSetSize of job (KB)
...
006 (78851234.073.000) 2026-10-01 02:17:31 Image size of job updated: 1842680
	1800  -  MemoryUsage of job (MB)
	1842680  -  ResidentSetSize of job (KB)
...
006 (78851234.073.000) 2026-10-01 02:22:32 Image size of job updated: 1842684
	1800  -  MemoryUsage of job (MB)
	1842684  -  ResidentSetSize of job (KB)
...
006 (78851234.073.000) 2026-10-01 02:27:32 Image size of job updated: 1842688
	1800  -  MemoryUsage of job (MB)
	1842688  -  ResidentSetSize of job (KB)
...
006 (78851234.073.000) 2026-10-01 02:42:34 Image size of job updated: 1844720
	1802  -  MemoryUsage of job (MB)
	1844720  -  ResidentSetSize of job (KB)
...
006 (78851234.073.000) 2026-10-01 02:47:35 Image size of job updated: 1844724
	1802  -  MemoryUsage of job (MB)
	1844724  -  ResidentSetSize of job (KB)
...
006 (78851234.073.000) 2026-10-01 02:57:36 Image size of job updated: 1846084
	1803  -  MemoryUsage of job (MB)
	1846084  -  ResidentSetSize of job (KB)
...
006 (78851234.073.000) 2026-10-01 03:07:37 Image size of job updated: 1850640
	1808  -  MemoryUsage of job (MB)
	1850640  -  ResidentSetSize of job (KB)
...
006 (78851234.073.000) 2026-10-01 03:17:38 Image size of job updated: 1852720
	1810  -  MemoryUsage of job (MB)
	1852720  -  ResidentSetSize of job (KB)
...
006 (78851234.073.000) 2026-10-01 03:27:39 Image size of job updated: 1852728
	1810  -  MemoryUsage of job (MB)
	1852728  -  ResidentSetSize of job (KB)
...
006 (78851234.073.000) 2026-10-01 03:32:39 Image size of job updated: 1852732
	1810  -  MemoryUsage of job (MB)
	1852732  -  ResidentSetSize of job (KB)
...
006 (78851234.073.000) 2026-10-01 03:37:40 Image size of job updated: 1852736
	1810  -  MemoryUsage of job (MB)
	1852736  -  ResidentSetSize of job (KB)
...
006 (78851234.073.000) 2026-10-01 04:17:45 Image size of job updated: 1852740
	1810  -  MemoryUsage of job (MB)
	1852740  -  ResidentSetSize of job (KB)
...
006 (78851234.073.000) 2026-10-01 04:27:46 Image size of job updated: 1853760
	1811  -  MemoryUsage of job (MB)
	1853752  -  ResidentSetSize of job (KB)
...
006 (78851234.073.000) 2026-10-01 05:07:50 Image size of job updated: 1853780
	1811  -  MemoryUsage of job (MB)
	1853780  -  ResidentSetSize of job (KB)
...
006 (78851234.073.000) 2026-10-01 05:17:51 Image size of job updated: 1854772
	1812  -  MemoryUsage of job (MB)
	1854772  -  ResidentSetSize of job (KB)
...
006 (78851234.073.000) 2026-10-01 05:47:53 Image size of job updated: 1854776
	1812  -  MemoryUsage of job (MB)
	1854776  -  ResidentSetSize of job (KB)
...
006 (78851234.073.000) 2026-10-01 05:57:54 Image size of job updated: 1855784
	1813  -  MemoryUsage of job (MB)
	1855784  -  ResidentSetSize of job (KB)
...
006 (78851234.073.000) 2026-10-01 06:02:55 Image size of job updated: 1855792
	1813  -  MemoryUsage of job (MB)
	1855792  -  ResidentSetSize of job (KB)
...
006 (78851234.073.000) 2026-10-01 06:22:57 Image size of job updated: 1856800
	1814  -  MemoryUsage of job (MB)
	1856800  -  ResidentSetSize of job (KB)
...
006 (78851234.073.000) 2026-10-01 06:42:59 Image size of job updated: 1856916
	1814  -  MemoryUsage of job (MB)
	1856916  -  ResidentSetSize of job (KB)
...
006 (78851234.073.000) 2026-10-01 06:58:00 Image size of job updated: 1857812
	1815  -  MemoryUsage of job (MB)
	1857812  -  ResidentSetSize of job (KB)
...
006 (78851234.073.000) 2026-10-01 07:48:04 Image size of job updated: 1857816
	1815  -  MemoryUsage of job (MB)
	1857816  -  ResidentSetSize of job (KB)
...
006 (78851234.073.000) 2026-10-01 07:58:05 Image size of job updated: 1858828
	1816  -  MemoryUsage of job (MB)
	1858828  -  ResidentSetSize of job (KB)
...
006 (78851234.073.000) 2026-10-01 08:23:07 Image size of job updated: 1859836
	1817  -  MemoryUsage of job (MB)
	1859836  -  ResidentSetSize of job (KB)
...
006 (78851234.073.000) 2026-10-01 08:43:10 Image size of job updated: 1860844
	1818  -  MemoryUsage of job (MB)
	1860844  -  ResidentSetSize of job (KB)
...
006 (78851234.073.000) 2026-10-01 09:18:14 Image size of job updated: 1861852
	1819  -  MemoryUsage of job (MB)
	1861852  -  ResidentSetSize of job (KB)
...
006 (78851234.073.000) 2026-10-01 09:28:15 Image size of job updated: 1861856
	1819  -  MemoryUsage of job (MB)
	1861856  -  ResidentSetSize of job (KB)
...
006 (78851234.073.000) 2026-10-01 09:58:18 Image size of job updated: 1861860
	1819  -  MemoryUsage of job (MB)
	1861860  -  ResidentSetSize of job (KB)
...
006 (78851234.073.000) 2026-10-01 10:03:19 Image size of job updated: 1861864
	1819  -  MemoryUsage of job (MB)
	1861864  -  ResidentSetSize of job (KB)
...
006 (78851234.073.000) 2026-10-01 10:48:22 Image size of job updated: 1861868
	1819  -  MemoryUsage of job (MB)
	1861868  -  ResidentSetSize of job (KB)
...
006 (78851234.073.000) 2026-10-01 11:03:24 Image size of job updated: 1862876
	1820  -  MemoryUsage of job (MB)
	1862876  -  ResidentSetSize of job (KB)
...
006 (78851234.073.000) 2026-10-01 11:13:25 Image size of job updated: 1865116
	1822  -  MemoryUsage of job (MB)
	1865116  -  ResidentSetSize of job (KB)
...
006 (78851234.073.000) 2026-10-01 11:23:26 Image size of job updated: 1866124
	1823  -  MemoryUsage of job (MB)
	1866124  -  ResidentSetSize of job (KB)
...
006 (78851234.073.000) 2026-10-01 11:53:30 Image size of job updated: 1871860
	1828  -  MemoryUsage of job (MB)
	1871860  -  ResidentSetSize of job (KB)
...
006 (78851234.073.000) 2026-10-01 12:08:31 Image size of job updated: 1871864
	1828  -  MemoryUsage of job (MB)
	1871860  -  ResidentSetSize of job (KB)
...
006 (78851234.073.000) 2026-10-01 12:38:34 Image size of job updated: 1871864
	1828  -  MemoryUsage of job (MB)
	1871864  -  ResidentSetSize of job (KB)
...
004 (78851234.073.000) 2026-10-01 12:44:12 Job was evicted. Code 1019 Subcode 0
	(0) CPU times
		Usr 6 18:53:53, Sys 0 00:05:09  -  Run Remote Usage
		Usr 0 00:00:00, Sys 0 00:00:00  -  Run Local Usage
	0  -  Run Bytes Sent By Job
	0  -  Run Bytes Received By Job
	Reason: Preempted for a Priority user
	Partitionable Resources :    Usage  Request Allocated 
	   Cpus                 :     7.69        4         4 
	   Disk (KB)            : 25000       25000     28672 
	   GPUs                 :                           0 
	   Memory (MB)          :  1828        6000      6016 
	   TimeExecute (s)      : 86893                       
	   TimeSlotBusy (s)     : 86893                       
...
001 (78851234.073.000) 2026-10-01 12:45:07 Job executing on host: <10.14.10.52:9618?addrs=10.14.10.52-9618&alias=node2302.cluster.ldas.cit&noUDP&sock=startd_3883688_83e1>
	SlotName: slot1_8@node2302.cluster.ldas.cit
	CondorScratchDir = "/var/lib/condor/execute/dir_4031068/scratch"
	Cpus = 4
	Disk = 28672
	GPUs = 0
	Memory = 6016
...
004 (78851234.073.000) 2026-10-02 13:36:08 Job was evicted. Code 1019 Subcode 0
	(0) CPU times
		Usr 10 23:52:45, Sys 0 00:13:57  -  Run Remote Usage
		Usr 0 00:00:00, Sys 0 00:00:00  -  Run Local Usage
	0  -  Run Bytes Sent By Job
	0  -  Run Bytes Received By Job
	Reason: Preempted for a Priority user
	Partitionable Resources :    Usage  Request Allocated 
	   Cpus                 :    15.74        4         4 
	   Disk (KB)            : 25000       25000     28672 
	   GPUs                 :                           0 
	   Memory (MB)          :  1954        6000      6016 
	   TimeExecute (s)      : 89461                       
	   TimeSlotBusy (s)     : 89461                       
...
001 (78851234.073.000) 2026-10-02 13:37:47 Job executing on host: <10.14.5.108:9618?addrs=10.14.5.108-9618&alias=node1108.cluster.ldas.cit&noUDP&sock=startd_388506_6143>
	SlotName: slot1_1@node1108.cluster.ldas.cit
	CondorScratchDir = "/var/lib/condor/execute/dir_1081982/scratch"
	Cpus = 4
	Disk = 28672
	GPUs = 0
	Memory = 6016
...
005 (78851234.073.000) 2026-10-03 08:04:22 Job terminated.
	(1) Normal termination (return value 0)
		Usr 3 06:27:05, Sys 0 00:15:43  -  Run Remote Usage
		Usr 0 00:00:00, Sys 0 00:00:00  -  Run Local Usage
		Usr 21 01:13:43, Sys 0 00:34:49  -  Total Remote Usage
		Usr 0 00:00:00, Sys 0 00:00:00  -  Total Local Usage
	0  -  Run Bytes Sent By Job
	0  -  Run Bytes Received By Job
	0  -  Total Bytes Sent By Job
	0  -  Total Bytes Received By Job
	Partitionable Resources :    Usage  Request Allocated 
	   Cpus                 :     4.62        4         4 
	   Disk (KB)            : 25000       25000     28672 
	   GPUs                 :                           0 
	   Memory (MB)          :  1954        6000      6016 
	   TimeExecute (s)      : 66395                       
	   TimeSlotBusy (s)     : 66409                       
...
000 (78854872.073.000) 2026-10-03 17:21:23 Job submitted from host: <10.14.0.121:9618?addrs=10.14.0.121-9618&alias=ldas-pcdev12.ligo.caltech.edu&noUDP&sock=schedd_623140_c9b4>
...
001 (78854872.073.000) 2026-10-03 17:22:11 Job executing on host: <10.14.8.227:9618?addrs=10.14.8.227-9618&alias=node1977.cluster.ldas.cit&noUDP&sock=startd_35385_beca>
	SlotName: slot1_2@node1977.cluster.ldas.cit
	CondorScratchDir = "/var/lib/condor/execute/dir_259811/scratch"
	Cpus = 4
	Disk = 28672
	GPUs = 0
	Memory = 6016
...
006 (78854872.073.000) 2026-10-03 17:22:19 Image size of job updated: 206088
	202  -  MemoryUsage of job (MB)
	206088  -  ResidentSetSize of job (KB)
...
006 (78854872.073.000) 2026-10-03 17:22:29 Image size of job updated: 509328
	202  -  MemoryUsage of job (MB)
	206088  -  ResidentSetSize of job (KB)
...
005 (78854872.073.000) 2026-10-03 17:22:29 Job terminated.
	(1) Normal termination (return value 0)
		Usr 0 00:00:11, Sys 0 00:00:00  -  Run Remote Usage
		Usr 0 00:00:00, Sys 0 00:00:00  -  Run Local Usage
		Usr 0 00:00:11, Sys 0 00:00:00  -  Total Remote Usage
		Usr 0 00:00:00, Sys 0 00:00:00  -  Total Local Usage
	0  -  Run Bytes Sent By Job
	0  -  Run Bytes Received By Job
	0  -  Total Bytes Sent By Job
	0  -  Total Bytes Received By Job
	Partitionable Resources :    Usage  Request Allocated 
	   Cpus                 :        0        4         4 
	   Disk (KB)            :    25000    25000     28672 
	   GPUs                 :                           0 
	   Memory (MB)          :      202     6000      6016 
	   TimeExecute (s)      :       18                    
	   TimeSlotBusy (s)     :       19                    
...
000 (78854906.073.000) 2026-10-03 21:36:50 Job submitted from host: <10.14.0.121:9618?addrs=10.14.0.121-9618&alias=ldas-pcdev12.ligo.caltech.edu&noUDP&sock=schedd_623140_c9b4>
...
001 (78854906.073.000) 2026-10-03 21:38:42 Job executing on host: <10.14.7.7:9618?addrs=10.14.7.7-9618&alias=node1507.cluster.ldas.cit&noUDP&sock=startd_31179_c774>
	SlotName: slot1_2@node1507.cluster.ldas.cit
	CondorScratchDir = "/var/lib/condor/execute/dir_438586/scratch"
	Cpus = 4
	Disk = 28672
	GPUs = 0
	Memory = 6016
...
006 (78854906.073.000) 2026-10-03 21:38:50 Image size of job updated: 180860
	177  -  MemoryUsage of job (MB)
	180860  -  ResidentSetSize of job (KB)
...
006 (78854906.073.000) 2026-10-03 21:39:02 Image size of job updated: 509636
	177  -  MemoryUsage of job (MB)
	180936  -  ResidentSetSize of job (KB)
...
005 (78854906.073.000) 2026-10-03 21:39:02 Job terminated.
	(1) Normal termination (return value 0)
		Usr 0 00:00:11, Sys 0 00:00:00  -  Run Remote Usage
		Usr 0 00:00:00, Sys 0 00:00:00  -  Run Local Usage
		Usr 0 00:00:11, Sys 0 00:00:00  -  Total Remote Usage
		Usr 0 00:00:00, Sys 0 00:00:00  -  Total Local Usage
	0  -  Run Bytes Sent By Job
	0  -  Run Bytes Received By Job
	0  -  Total Bytes Sent By Job
	0  -  Total Bytes Received By Job
	Partitionable Resources :    Usage  Request Allocated 
	   Cpus                 :        0        4         4 
	   Disk (KB)            :    25000    25000     28672 
	   GPUs                 :                           0 
	   Memory (MB)          :      177     6000      6016 
	   TimeExecute (s)      :       20                    
	   TimeSlotBusy (s)     :       21                    
...
000 (78855135.073.000) 2026-10-04 13:44:56 Job submitted from host: <10.14.0.121:9618?addrs=10.14.0.121-9618&alias=ldas-pcdev12.ligo.caltech.edu&noUDP&sock=schedd_623140_c9b4>
...
001 (78855135.073.000) 2026-10-04 13:49:17 Job executing on host: <10.14.5.178:9618?addrs=10.14.5.178-9618&alias=node1178.cluster.ldas.cit&noUDP&sock=startd_80651_74ca>
	SlotName: slot1_2@node1178.cluster.ldas.cit
	CondorScratchDir = "/var/lib/condor/execute/dir_870096/scratch"
	Cpus = 4
	Disk = 28672
	GPUs = 0
	Memory = 6016
...
006 (78855135.073.000) 2026-10-04 13:49:26 Image size of job updated: 227344
	223  -  MemoryUsage of job (MB)
	227344  -  ResidentSetSize of job (KB)
...
006 (78855135.073.000) 2026-10-04 13:49:31 Image size of job updated: 508576
	223  -  MemoryUsage of job (MB)
	227380  -  ResidentSetSize of job (KB)
...
005 (78855135.073.000) 2026-10-04 13:49:31 Job terminated.
	(1) Normal termination (return value 0)
		Usr 0 00:00:11, Sys 0 00:00:00  -  Run Remote Usage
		Usr 0 00:00:00, Sys 0 00:00:00  -  Run Local Usage
		Usr 0 00:00:11, Sys 0 00:00:00  -  Total Remote Usage
		Usr 0 00:00:00, Sys 0 00:00:00  -  Total Local Usage
	0  -  Run Bytes Sent By Job
	0  -  Run Bytes Received By Job
	0  -  Total Bytes Sent By Job
	0  -  Total Bytes Received By Job
	Partitionable Resources :    Usage  Request Allocated 
	   Cpus                 :                 4         4 
	   Disk (KB)            :    25000    25000     28672 
	   GPUs                 :                           0 
	   Memory (MB)          :      223     6000      6016 
	   TimeExecute (s)      :       14                    
	   TimeSlotBusy (s)     :       14                    
...
