000 (78851234.075.000) 2026-09-30 12:35:31 Job submitted from host: <10.14.0.121:9618?addrs=10.14.0.121-9618&alias=ldas-pcdev12.ligo.caltech.edu&noUDP&sock=schedd_623140_c9b4>
...
001 (78851234.075.000) 2026-09-30 12:36:00 Job executing on host: <10.14.4.94:9618?addrs=10.14.4.94-9618&alias=node844.cluster.ldas.cit&noUDP&sock=startd_209972_e7df>
	SlotName: slot1_18@node844.cluster.ldas.cit
	CondorScratchDir = "/var/lib/condor/execute/dir_326995/scratch"
	Cpus = 4
	Disk = 28672
	GPUs = 0
	Memory = 6016
...
006 (78851234.075.000) 2026-09-30 12:36:08 Image size of job updated: 158416
	155  -  MemoryUsage of job (MB)
	158416  -  ResidentSetSize of job (KB)
...
006 (78851234.075.000) 2026-09-30 12:41:08 Image size of job updated: 344268
	337  -  MemoryUsage of job (MB)
	344268  -  ResidentSetSize of job (KB)
...
006 (78851234.075.000) 2026-09-30 12:46:09 Image size of job updated: 345524
	338  -  MemoryUsage of job (MB)
	345524  -  ResidentSetSize of job (KB)
...
006 (78851234.075.000) 2026-09-30 12:51:09 Image size of job updated: 464488
	454  -  MemoryUsage of job (MB)
	464488  -  ResidentSetSize of job (KB)
...
006 (78851234.075.000) 2026-09-30 12:56:10 Image size of job updated: 465520
	455  -  MemoryUsage of job (MB)
	465520  -  ResidentSetSize of job (KB)
...
006 (78851234.075.000) 2026-09-30 13:01:11 Image size of job updated: 473872
	463  -  MemoryUsage of job (MB)
	473476  -  ResidentSetSize of job (KB)
...
006 (78851234.075.000) 2026-09-30 13:06:11 Image size of job updated: 473872
	463  -  MemoryUsage of job (MB)
	473796  -  ResidentSetSize of job (KB)
...
006 (78851234.075.000) 2026-09-30 13:11:12 Image size of job updated: 488284
	477  -  MemoryUsage of job (MB)
	488284  -  ResidentSetSize of job (KB)
...
006 (78851234.075.000) 2026-09-30 13:16:12 Image size of job updated: 488616
	478  -  MemoryUsage of job (MB)
	488616  -  ResidentSetSize of job (KB)
...
006 (78851234.075.000) 2026-09-30 13:21:13 Image size of job updated: 502884
	492  -  MemoryUsage of job (MB)
	502884  -  ResidentSetSize of job (KB)
...
006 (78851234.075.000) 2026-09-30 13:26:14 Image size of job updated: 503560
	492  -  MemoryUsage of job (MB)
	503560  -  ResidentSetSize of job (KB)
...
006 (78851234.075.000) 2026-09-30 13:31:14 Image size of job updated: 505736
	494  -  MemoryUsage of job (MB)
	505300  -  ResidentSetSize of job (KB)
...
006 (78851234.075.000) 2026-09-30 13:36:15 Image size of job updated: 505736
	494  -  MemoryUsage of job (MB)
	505688  -  ResidentSetSize of job (KB)
...
006 (78851234.075.000) 2026-09-30 13:41:15 Image size of job updated: 505776
	494  -  MemoryUsage of job (MB)
	505688  -  ResidentSetSize of job (KB)
...
006 (78851234.075.000) 2026-09-30 14:01:18 Image size of job updated: 507268
	496  -  MemoryUsage of job (MB)
	507268  -  ResidentSetSize of job (KB)
...
006 (78851234.075.000) 2026-09-30 14:06:18 Image size of job updated: 507380
	496  -  MemoryUsage of job (MB)
	507380  -  ResidentSetSize of job (KB)
...
006 (78851234.075.000) 2026-09-30 14:11:19 Image size of job updated: 507476
	496  -  MemoryUsage of job (MB)
	507380  -  ResidentSetSize of job (KB)
...
006 (78851234.075.000) 2026-09-30 14:36:22 Image size of job updated: 510556
	499  -  MemoryUsage of job (MB)
	510556  -  ResidentSetSize of job (KB)
...
006 (78851234.075.000) 2026-09-30 14:41:22 Image size of job updated: 562748
	550  -  MemoryUsage of job (MB)
	562748  -  ResidentSetSize of job (KB)
...
006 (78851234.075.000) 2026-09-30 14:46:22 Image size of job updated: 563000
	550  -  MemoryUsage of job (MB)
	563000  -  ResidentSetSize of job (KB)
...
006 (78851234.075.000) 2026-09-30 14:51:23 Image size of job updated: 563316
	551  -  MemoryUsage of job (MB)
	563316  -  ResidentSetSize of job (KB)
...
006 (78851234.075.000) 2026-09-30 14:56:23 Image size of job updated: 564584
	552  -  MemoryUsage of job (MB)
	564584  -  ResidentSetSize of job (KB)
...
006 (78851234.075.000) 2026-09-30 15:01:24 Image size of job updated: 564724
	552  -  MemoryUsage of job (MB)
	564724  -  ResidentSetSize of job (KB)
...
006 (78851234.075.000) 2026-09-30 15:06:24 Image size of job updated: 565164
	552  -  MemoryUsage of job (MB)
	565164  -  ResidentSetSize of job (KB)
...
006 (78851234.075.000) 2026-09-30 15:11:24 Image size of job updated: 565256
	553  -  MemoryUsage of job (MB)
	565256  -  ResidentSetSize of job (KB)
...
006 (78851234.075.000) 2026-09-30 15:16:25 Image size of job updated: 565332
	553  -  MemoryUsage of job (MB)
	565332  -  ResidentSetSize of job (KB)
...
006 (78851234.075.000) 2026-09-30 15:21:25 Image size of job updated: 565360
	553  -  MemoryUsage of job (MB)
	565360  -  ResidentSetSize of job (KB)
...
006 (78851234.075.000) 2026-09-30 15:26:26 Image size of job updated: 565380
	553  -  MemoryUsage of job (MB)
	565380  -  ResidentSetSize of job (KB)
...
006 (78851234.075.000) 2026-09-30 15:31:27 Image size of job updated: 565460
	553  -  MemoryUsage of job (MB)
	565460  -  ResidentSetSize of job (KB)
...
006 (78851234.075.000) 2026-09-30 15:36:27 Image size of job updated: 787844
	770  -  MemoryUsage of job (MB)
	787844  -  ResidentSetSize of job (KB)
...
006 (78851234.075.000) 2026-09-30 15:41:28 Image size of job updated: 1010888
	988  -  MemoryUsage of job (MB)
	1010888  -  ResidentSetSize of job (KB)
...
006 (78851234.075.000) 2026-09-30 15:46:28 Image size of job updated: 1235252
	1207  -  MemoryUsage of job (MB)
	1235252  -  ResidentSetSize of job (KB)
...
006 (78851234.075.000) 2026-09-30 15:51:29 Image size of job updated: 1471304
	1437  -  MemoryUsage of job (MB)
	1471304  -  ResidentSetSize of job (KB)
...
006 (78851234.075.000) 2026-09-30 15:56:30 Image size of job updated: 1678468
	1640  -  MemoryUsage of job (MB)
	1678468  -  ResidentSetSize of job (KB)
...
006 (78851234.075.000) 2026-09-30 16:01:30 Image size of job updated: 1681868
	1642  -  MemoryUsage of job (MB)
	1681396  -  ResidentSetSize of job (KB)
...
006 (78851234.075.000) 2026-09-30 16:06:31 Image size of job updated: 1681868
	1643  -  MemoryUsage of job (MB)
	1681428  -  ResidentSetSize of job (KB)
...
006 (78851234.075.000) 2026-09-30 16:36:34 Image size of job updated: 1681868
	1643  -  MemoryUsage of job (MB)
	1681672  -  ResidentSetSize of job (KB)
...
006 (78851234.075.000) 2026-09-30 16:41:35 Image size of job updated: 1681868
	1643  -  MemoryUsage of job (MB)
	1681704  -  ResidentSetSize of job (KB)
...
006 (78851234.075.000) 2026-09-30 16:46:36 Image size of job updated: 1684632
	1646  -  MemoryUsage of job (MB)
	1684632  -  ResidentSetSize of job (KB)
...
006 (78851234.075.000) 2026-09-30 16:51:36 Image size of job updated: 1684644
	1646  -  MemoryUsage of job (MB)
	1684644  -  ResidentSetSize of job (KB)
...
006 (78851234.075.000) 2026-09-30 16:56:37 Image size of job updated: 1685656
	1647  -  MemoryUsage of job (MB)
	1685656  -  ResidentSetSize of job (KB)
...
006 (78851234.075.000) 2026-09-30 17:01:37 Image size of job updated: 1685672
	1647  -  MemoryUsage of job (MB)
	1685672  -  ResidentSetSize of job (KB)
...
006 (78851234.075.000) 2026-09-30 17:06:37 Image size of job updated: 1686816
	1648  -  MemoryUsage of job (MB)
	1686712  -  ResidentSetSize of job (KB)
...
006 (78851234.075.000) 2026-09-30 17:11:38 Image size of job updated: 1686816
	1648  -  MemoryUsage of job (MB)
	1686716  -  ResidentSetSize of job (KB)
...
006 (78851234.075.000) 2026-09-30 17:21:39 Image size of job updated: 1686816
	1648  -  MemoryUsage of job (MB)
	1686724  -  ResidentSetSize of job (KB)
...
006 (78851234.075.000) 2026-09-30 17:26:39 Image size of job updated: 1686816
	1648  -  MemoryUsage of job (MB)
	1686728  -  ResidentSetSize of job (KB)
...
006 (78851234.075.000) 2026-09-30 17:36:41 Image size of job updated: 1686816
	1648  -  MemoryUsage of job (MB)
	1686748  -  ResidentSetSize of job (KB)
...
006 (78851234.075.000) 2026-09-30 18:31:46 Image size of job updated: 1689132
	1650  -  MemoryUsage of job (MB)
	1689132  -  ResidentSetSize of job (KB)
...
006 (78851234.075.000) 2026-09-30 18:36:47 Image size of job updated: 1689852
	1651  -  MemoryUsage of job (MB)
	1689852  -  ResidentSetSize of job (KB)
...
006 (78851234.075.000) 2026-09-30 18:41:47 Image size of job updated: 1689864
	1651  -  MemoryUsage of job (MB)
	1689864  -  ResidentSetSize of job (KB)
...
006 (78851234.075.000) 2026-09-30 18:46:48 Image size of job updated: 1689868
	1651  -  MemoryUsage of job (MB)
	1689868  -  ResidentSetSize of job (KB)
...
006 (78851234.075.000) 2026-09-30 18:51:48 Image size of job updated: 1689876
	1651  -  MemoryUsage of job (MB)
	1689876  -  ResidentSetSize of job (KB)
...
006 (78851234.075.000) 2026-09-30 18:56:48 Image size of job updated: 1690928
	1652  -  MemoryUsage of job (MB)
	1690928  -  ResidentSetSize of job (KB)
...
006 (78851234.075.000) 2026-09-30 19:01:49 Image size of job updated: 1690944
	1652  -  MemoryUsage of job (MB)
	1690944  -  ResidentSetSize of job (KB)
...
006 (78851234.075.000) 2026-09-30 19:06:49 Image size of job updated: 1690964
	1652  -  MemoryUsage of job (MB)
	1690964  -  ResidentSetSize of job (KB)
...
006 (78851234.075.000) 2026-09-30 19:11:50 Image size of job updated: 1690988
	1652  -  MemoryUsage of job (MB)
	1690988  -  ResidentSetSize of job (KB)
...
006 (78851234.075.000) 2026-09-30 19:16:50 Image size of job updated: 1693012
	1654  -  MemoryUsage of job (MB)
	1693012  -  ResidentSetSize of job (KB)
...
006 (78851234.075.000) 2026-09-30 19:21:50 Image size of job updated: 1693028
	1654  -  MemoryUsage of job (MB)
	1693028  -  ResidentSetSize of job (KB)
...
006 (78851234.075.000) 2026-09-30 19:26:51 Image size of job updated: 1693036
	1654  -  MemoryUsage of job (MB)
	1693036  -  ResidentSetSize of job (KB)
...
006 (78851234.075.000) 2026-09-30 19:36:52 Image size of job updated: 1695940
	1656  -  MemoryUsage of job (MB)
	1695056  -  ResidentSetSize of job (KB)
...
006 (78851234.075.000) 2026-09-30 19:46:53 Image size of job updated: 1696068
	1657  -  MemoryUsage of job (MB)
	1696068  -  ResidentSetSize of job (KB)
...
006 (78851234.075.000) 2026-09-30 19:51:54 Image size of job updated: 1696080
	1657  -  MemoryUsage of job (MB)
	1696080  -  ResidentSetSize of job (KB)
...
006 (78851234.075.000) 2026-09-30 19:56:54 Image size of job updated: 1696084
	1657  -  MemoryUsage of job (MB)
	1696084  -  ResidentSetSize of job (KB)
...
006 (78851234.075.000) 2026-09-30 20:06:55 Image size of job updated: 1696088
	1657  -  MemoryUsage of job (MB)
	1696088  -  ResidentSetSize of job (KB)
...
006 (78851234.075.000) 2026-09-30 20:11:55 Image size of job updated: 1700716
	1661  -  MemoryUsage of job (MB)
	1700716  -  ResidentSetSize of job (KB)
...
006 (78851234.075.000) 2026-09-30 20:16:56 Image size of job updated: 1700748
	1661  -  MemoryUsage of job (MB)
	1700748  -  ResidentSetSize of job (KB)
...
006 (78851234.075.000) 2026-09-30 20:21:56 Image size of job updated: 1701800
	1662  -  MemoryUsage of job (MB)
	1701796  -  ResidentSetSize of job (KB)
...
006 (78851234.075.000) 2026-09-30 20:26:56 Image size of job updated: 1701800
	1662  -  MemoryUsage of job (MB)
	1701800  -  ResidentSetSize of job (KB)
...
006 (78851234.075.000) 2026-09-30 20:31:57 Image size of job updated: 1703232
	1664  -  MemoryUsage of job (MB)
	1703232  -  ResidentSetSize of job (KB)
...
006 (78851234.075.000) 2026-09-30 20:36:57 Image size of job updated: 1703236
	1664  -  MemoryUsage of job (MB)
	1703236  -  ResidentSetSize of job (KB)
...
006 (78851234.075.000) 2026-09-30 20:41:58 Image size of job updated: 1706704
	1667  -  MemoryUsage of job (MB)
	1706704  -  ResidentSetSize of job (KB)
...
006 (78851234.075.000) 2026-09-30 20:46:58 Image size of job updated: 1706708
	1667  -  MemoryUsage of job (MB)
	1706708  -  ResidentSetSize of job (KB)
...
006 (78851234.075.000) 2026-09-30 20:57:00 Image size of job updated: 1706716
	1667  -  MemoryUsage of job (MB)
	1706716  -  ResidentSetSize of job (KB)
...
006 (78851234.075.000) 2026-09-30 21:02:00 Image size of job updated: 1706724
	1667  -  MemoryUsage of job (MB)
	1706724  -  ResidentSetSize of job (KB)
...
006 (78851234.075.000) 2026-09-30 21:07:01 Image size of job updated: 1707736
	1668  -  MemoryUsage of job (MB)
	1707736  -  ResidentSetSize of job (KB)
...
006 (78851234.075.000) 2026-09-30 21:17:02 Image size of job updated: 1708744
	1669  -  MemoryUsage of job (MB)
	1708744  -  ResidentSetSize of job (KB)
...
006 (78851234.075.000) 2026-09-30 21:22:03 Image size of job updated: 1708748
	1669  -  MemoryUsage of job (MB)
	1708748  -  ResidentSetSize of job (KB)
...
006 (78851234.075.000) 2026-09-30 21:37:04 Image size of job updated: 1712452
	1673  -  MemoryUsage of job (MB)
	1712452  -  ResidentSetSize of job (KB)
...
006 (78851234.075.000) 2026-09-30 21:42:05 Image size of job updated: 1712472
	1673  -  MemoryUsage of job (MB)
	1712472  -  ResidentSetSize of job (KB)
...
006 (78851234.075.000) 2026-09-30 21:47:05 Image size of job updated: 1712476
	1673  -  MemoryUsage of job (MB)
	1712476  -  ResidentSetSize of job (KB)
...
006 (78851234.075.000) 2026-09-30 21:52:05 Image size of job updated: 1712488
	1673  -  MemoryUsage of job (MB)
	1712488  -  ResidentSetSize of job (KB)
...
006 (78851234.075.000) 2026-09-30 21:57:06 Image size of job updated: 1712496
	1673  -  MemoryUsage of job (MB)
	1712496  -  ResidentSetSize of job (KB)
...
006 (78851234.075.000) 2026-09-30 22:02:06 Image size of job updated: 1714004
	1674  -  MemoryUsage of job (MB)
	1714004  -  ResidentSetSize of job (KB)
...
006 (78851234.075.000) 2026-09-30 22:12:07 Image size of job updated: 1714008
	1674  -  MemoryUsage of job (MB)
	1714008  -  ResidentSetSize of job (KB)
...
006 (78851234.075.000) 2026-09-30 22:17:08 Image size of job updated: 1714016
	1674  -  MemoryUsage of job (MB)
	1714016  -  ResidentSetSize of job (KB)
...
006 (78851234.075.000) 2026-09-30 22:22:08 Image size of job updated: 1714020
	1674  -  MemoryUsage of job (MB)
	1714016  -  ResidentSetSize of job (KB)
...
006 (78851234.075.000) 2026-09-30 22:27:08 Image size of job updated: 1714020
	1674  -  MemoryUsage of job (MB)
	1714020  -  ResidentSetSize of job (KB)
...
006 (78851234.075.000) 2026-09-30 22:32:09 Image size of job updated: 1720684
	1681  -  MemoryUsage of job (MB)
	1720684  -  ResidentSetSize of job (KB)
...
006 (78851234.075.000) 2026-09-30 22:42:10 Image size of job updated: 1720688
	1681  -  MemoryUsage of job (MB)
	1720688  -  ResidentSetSize of job (KB)
...
006 (78851234.075.000) 2026-09-30 22:47:10 Image size of job updated: 1720696
	1681  -  MemoryUsage of job (MB)
	1720696  -  ResidentSetSize of job (KB)
...
006 (78851234.075.000) 2026-09-30 22:52:10 Image size of job updated: 1720704
	1681  -  MemoryUsage of job (MB)
	1720704  -  ResidentSetSize of job (KB)
...
006 (78851234.075.000) 2026-09-30 23:02:11 Image size of job updated: 1720712
	1681  -  MemoryUsage of job (MB)
	1720712  -  ResidentSetSize of job (KB)
...
006 (78851234.075.000) 2026-09-30 23:07:12 Image size of job updated: 1720716
	1681  -  MemoryUsage of job (MB)
	1720716  -  ResidentSetSize of job (KB)
...
006 (78851234.075.000) 2026-09-30 23:17:12 Image size of job updated: 1724080
	1684  -  MemoryUsage of job (MB)
	1724080  -  ResidentSetSize of job (KB)
...
006 (78851234.075.000) 2026-09-30 23:22:13 Image size of job updated: 1724084
	1684  -  MemoryUsage of job (MB)
	1724084  -  ResidentSetSize of job (KB)
...
006 (78851234.075.000) 2026-09-30 23:27:13 Image size of job updated: 1726004
	1686  -  MemoryUsage of job (MB)
	1726004  -  ResidentSetSize of job (KB)
...
006 (78851234.075.000) 2026-09-30 23:32:14 Image size of job updated: 1726012
	1686  -  MemoryUsage of job (MB)
	1726012  -  ResidentSetSize of job (KB)
...
006 (78851234.075.000) 2026-09-30 23:42:15 Image size of job updated: 1726020
	1686  -  MemoryUsage of job (MB)
	1726020  -  ResidentSetSize of job (KB)
...
006 (78851234.075.000) 2026-09-30 23:52:16 Image size of job updated: 1726032
	1686  -  MemoryUsage of job (MB)
	1726032  -  ResidentSetSize of job (KB)
...
006 (78851234.075.000) 2026-10-01 00:02:17 Image size of job updated: 1727708
	1688  -  MemoryUsage of job (MB)
	1727708  -  ResidentSetSize of job (KB)
...
006 (78851234.075.000) 2026-10-01 00:12:18 Image size of job updated: 1729824
	1690  -  MemoryUsage of job (MB)
	1729824  -  ResidentSetSize of job (KB)
...
006 (78851234.075.000) 2026-10-01 00:17:18 Image size of job updated: 1729832
	1690  -  MemoryUsage of job (MB)
	1729832  -  ResidentSetSize of job (KB)
...
006 (78851234.075.000) 2026-10-01 00:22:19 Image size of job updated: 1731912
	1692  -  MemoryUsage of job (MB)
	1731912  -  ResidentSetSize of job (KB)
...
006 (78851234.075.000) 2026-10-01 00:27:19 Image size of job updated: 1731916
	1692  -  MemoryUsage of job (MB)
	1731916  -  ResidentSetSize of job (KB)
...
006 (78851234.075.000) 2026-10-01 00:32:20 Image size of job updated: 1732832
	1693  -  MemoryUsage of job (MB)
	1732832  -  ResidentSetSize of job (KB)
...
006 (78851234.075.000) 2026-10-01 00:37:20 Image size of job updated: 1732840
	1693  -  MemoryUsage of job (MB)
	1732840  -  ResidentSetSize of job (KB)
...
006 (78851234.075.000) 2026-10-01 00:42:21 Image size of job updated: 1732844
	1693  -  MemoryUsage of job (MB)
	1732844  -  ResidentSetSize of job (KB)
...
006 (78851234.075.000) 2026-10-01 00:47:21 Image size of job updated: 1732852
	1693  -  MemoryUsage of job (MB)
	1732852  -  ResidentSetSize of job (KB)
...
006 (78851234.075.000) 2026-10-01 00:52:21 Image size of job updated: 1732856
	1693  -  MemoryUsage of job (MB)
	1732856  -  ResidentSetSize of job (KB)
...
006 (78851234.075.000) 2026-10-01 01:02:22 Image size of job updated: 1732868
	1693  -  MemoryUsage of job (MB)
	1732868  -  ResidentSetSize of job (KB)
...
006 (78851234.075.000) 2026-10-01 01:07:23 Image size of job updated: 1732876
	1693  -  MemoryUsage of job (MB)
	1732876  -  ResidentSetSize of job (KB)
...
006 (78851234.075.000) 2026-10-01 01:12:23 Image size of job updated: 1732884
	1693  -  MemoryUsage of job (MB)
	1732884  -  ResidentSetSize of job (KB)
...
006 (78851234.075.000) 2026-10-01 01:17:23 Image size of job updated: 1732888
	1693  -  MemoryUsage of job (MB)
	1732888  -  ResidentSetSize of job (KB)
...
006 (78851234.075.000) 2026-10-01 01:27:24 Image size of job updated: 1732892
	1693  -  MemoryUsage of job (MB)
	1732892  -  ResidentSetSize of job (KB)
...
006 (78851234.075.000) 2026-10-01 01:37:26 Image size of job updated: 1733900
	1694  -  MemoryUsage of job (MB)
	1733900  -  ResidentSetSize of job (KB)
...
006 (78851234.075.000) 2026-10-01 01:42:26 Image size of job updated: 1733904
	1694  -  MemoryUsage of job (MB)
	1733904  -  ResidentSetSize of job (KB)
...
006 (78851234.075.000) 2026-10-01 01:47:27 Image size of job updated: 1733912
	1694  -  MemoryUsage of job (MB)
	1733912  -  ResidentSetSize of job (KB)
...
006 (78851234.075.000) 2026-10-01 01:57:28 Image size of job updated: 1733928
	1694  -  MemoryUsage of job (MB)
	1733928  -  ResidentSetSize of job (KB)
...
006 (78851234.075.000) 2026-10-01 02:02:28 Image size of job updated: 1733932
	1694  -  MemoryUsage of job (MB)
	1733932  -  ResidentSetSize of job (KB)
...
006 (78851234.075.000) 2026-10-01 02:07:28 Image size of job updated: 1733944
	1694  -  MemoryUsage of job (MB)
	1733944  -  ResidentSetSize of job (KB)
...
006 (78851234.075.000) 2026-10-01 02:12:29 Image size of job updated: 1734952
	1695  -  MemoryUsage of job (MB)
	1734952  -  ResidentSetSize of job (KB)
...
006 (78851234.075.000) 2026-10-01 02:27:30 Image size of job updated: 1734960
	1695  -  MemoryUsage of job (MB)
	1734960  -  ResidentSetSize of job (KB)
...
006 (78851234.075.000) 2026-10-01 02:32:31 Image size of job updated: 1735972
	1696  -  MemoryUsage of job (MB)
	1735972  -  ResidentSetSize of job (KB)
...
006 (78851234.075.000) 2026-10-01 02:37:32 Image size of job updated: 1735980
	1696  -  MemoryUsage of job (MB)
	1735980  -  ResidentSetSize of job (KB)
...
006 (78851234.075.000) 2026-10-01 02:47:33 Image size of job updated: 1735988
	1696  -  MemoryUsage of job (MB)
	1735980  -  ResidentSetSize of job (KB)
...
006 (78851234.075.000) 2026-10-01 02:57:33 Image size of job updated: 1736000
	1696  -  MemoryUsage of job (MB)
	1736000  -  ResidentSetSize of job (KB)
...
006 (78851234.075.000) 2026-10-01 03:02:34 Image size of job updated: 1736008
	1696  -  MemoryUsage of job (MB)
	1736008  -  ResidentSetSize of job (KB)
...
006 (78851234.075.000) 2026-10-01 03:07:34 Image size of job updated: 1737120
	1697  -  MemoryUsage of job (MB)
	1737016  -  ResidentSetSize of job (KB)
...
006 (78851234.075.000) 2026-10-01 03:22:36 Image size of job updated: 1737120
	1697  -  MemoryUsage of job (MB)
	1737020  -  ResidentSetSize of job (KB)
...
006 (78851234.075.000) 2026-10-01 03:27:37 Image size of job updated: 1739036
	1699  -  MemoryUsage of job (MB)
	1739036  -  ResidentSetSize of job (KB)
...
006 (78851234.075.000) 2026-10-01 03:37:38 Image size of job updated: 1739040
	1699  -  MemoryUsage of job (MB)
	1739040  -  ResidentSetSize of job (KB)
...
006 (78851234.075.000) 2026-10-01 03:42:38 Image size of job updated: 1740048
	1700  -  MemoryUsage of job (MB)
	1740048  -  ResidentSetSize of job (KB)
...
006 (78851234.075.000) 2026-10-01 04:12:41 Image size of job updated: 1743036
	1703  -  MemoryUsage of job (MB)
	1743036  -  ResidentSetSize of job (KB)
...
006 (78851234.075.000) 2026-10-01 04:22:42 Image size of job updated: 1744456
	1704  -  MemoryUsage of job (MB)
	1744456  -  ResidentSetSize of job (KB)
...
006 (78851234.075.000) 2026-10-01 04:37:44 Image size of job updated: 1748860
	1708  -  MemoryUsage of job (MB)
	1748860  -  ResidentSetSize of job (KB)
...
006 (78851234.075.000) 2026-10-01 04:47:45 Image size of job updated: 1749764
	1708  -  MemoryUsage of job (MB)
	1748860  -  ResidentSetSize of job (KB)
...
006 (78851234.075.000) 2026-10-01 05:12:47 Image size of job updated: 1749892
	1709  -  MemoryUsage of job (MB)
	1749892  -  ResidentSetSize of job (KB)
...
006 (78851234.075.000) 2026-10-01 05:22:48 Image size of job updated: 1750804
	1710  -  MemoryUsage of job (MB)
	1750792  -  ResidentSetSize of job (KB)
...
006 (78851234.075.000) 2026-10-01 05:32:49 Image size of job updated: 1750804
	1710  -  MemoryUsage of job (MB)
	1750796  -  ResidentSetSize of job (KB)
...
006 (78851234.075.000) 2026-10-01 05:52:51 Image size of job updated: 1750804
	1710  -  MemoryUsage of job (MB)
	1750800  -  ResidentSetSize of job (KB)
...
006 (78851234.075.000) 2026-10-01 05:57:51 Image size of job updated: 1751808
	1711  -  MemoryUsage of job (MB)
	1751808  -  ResidentSetSize of job (KB)
...
006 (78851234.075.000) 2026-10-01 06:02:52 Image size of job updated: 1751812
	1711  -  MemoryUsage of job (MB)
	1751812  -  ResidentSetSize of job (KB)
...
006 (78851234.075.000) 2026-10-01 06:12:52 Image size of job updated: 1751816
	1711  -  MemoryUsage of job (MB)
	1751816  -  ResidentSetSize of job (KB)
...
006 (78851234.075.000) 2026-10-01 06:22:53 Image size of job updated: 1753908
	1713  -  MemoryUsage of job (MB)
	1753908  -  ResidentSetSize of job (KB)
...
006 (78851234.075.000) 2026-10-01 06:32:54 Image size of job updated: 1754920
	1714  -  MemoryUsage of job (MB)
	1754920  -  ResidentSetSize of job (KB)
...
006 (78851234.075.000) 2026-10-01 07:07:57 Image size of job updated: 1756512
	1716  -  MemoryUsage of job (MB)
	1756512  -  ResidentSetSize of job (KB)
...
006 (78851234.075.000) 2026-10-01 07:12:57 Image size of job updated: 1756516
	1716  -  MemoryUsage of job (MB)
	1756516  -  ResidentSetSize of job (KB)
...
006 (78851234.075.000) 2026-10-01 07:22:58 Image size of job updated: 1756528
	1716  -  MemoryUsage of job (MB)
	1756524  -  ResidentSetSize of job (KB)
...
006 (78851234.075.000) 2026-10-01 07:43:01 Image size of job updated: 1757532
	1717  -  MemoryUsage of job (MB)
	1757532  -  ResidentSetSize of job (KB)
...
006 (78851234.075.000) 2026-10-01 07:48:01 Image size of job updated: 1757536
	1717  -  MemoryUsage of job (MB)
	1757536  -  ResidentSetSize of job (KB)
...
006 (78851234.075.000) 2026-10-01 07:58:02 Image size of job updated: 1757540
	1717  -  MemoryUsage of job (MB)
	1757540  -  ResidentSetSize of job (KB)
...
006 (78851234.075.000) 2026-10-01 08:08:04 Image size of job updated: 1758548
	1718  -  MemoryUsage of job (MB)
	1758548  -  ResidentSetSize of job (KB)
...
006 (78851234.075.000) 2026-10-01 08:28:06 Image size of job updated: 1765808
	1725  -  MemoryUsage of job (MB)
	1765808  -  ResidentSetSize of job (KB)
...
006 (78851234.075.000) 2026-10-01 08:33:06 Image size of job updated: 1765812
	1725  -  MemoryUsage of job (MB)
	1765812  -  ResidentSetSize of job (KB)
...
006 (78851234.075.000) 2026-10-01 08:58:08 Image size of job updated: 1765816
	1725  -  MemoryUsage of job (MB)
	1765816  -  ResidentSetSize of job (KB)
...
006 (78851234.075.000) 2026-10-01 09:13:09 Image size of job updated: 1769420
	1728  -  MemoryUsage of job (MB)
	1769420  -  ResidentSetSize of job (KB)
...
006 (78851234.075.000) 2026-10-01 09:28:11 Image size of job updated: 1770440
	1728  -  MemoryUsage of job (MB)
	1769432  -  ResidentSetSize of job (KB)
...
006 (78851234.075.000) 2026-10-01 09:38:12 Image size of job updated: 1771436
	1730  -  MemoryUsage of job (MB)
	1771436  -  ResidentSetSize of job (KB)
...
006 (78851234.075.000) 2026-10-01 09:43:12 Image size of job updated: 1771440
	1730  -  MemoryUsage of job (MB)
	1771440  -  ResidentSetSize of job (KB)
...
006 (78851234.075.000) 2026-10-01 09:48:13 Image size of job updated: 1773948
	1733  -  MemoryUsage of job (MB)
	1773948  -  ResidentSetSize of job (KB)
...
006 (78851234.075.000) 2026-10-01 09:58:14 Image size of job updated: 1783496
	1742  -  MemoryUsage of job (MB)
	1783496  -  ResidentSetSize of job (KB)
...
006 (78851234.075.000) 2026-10-01 10:48:19 Image size of job updated: 1784504
	1743  -  MemoryUsage of job (MB)
	1784504  -  ResidentSetSize of job (KB)
...
006 (78851234.075.000) 2026-10-01 10:58:20 Image size of job updated: 1784508
	1743  -  MemoryUsage of job (MB)
	1784508  -  ResidentSetSize of job (KB)
...
006 (78851234.075.000) 2026-10-01 11:13:21 Image size of job updated: 1785516
	1744  -  MemoryUsage of job (MB)
	1785516  -  ResidentSetSize of job (KB)
...
006 (78851234.075.000) 2026-10-01 11:48:25 Image size of job updated: 1785520
	1744  -  MemoryUsage of job (MB)
	1785520  -  ResidentSetSize of job (KB)
...
006 (78851234.075.000) 2026-10-01 11:53:26 Image size of job updated: 1785524
	1744  -  MemoryUsage of job (MB)
	1785524  -  ResidentSetSize of job (KB)
...
006 (78851234.075.000) 2026-10-01 11:58:26 Image size of job updated: 1785528
	1744  -  MemoryUsage of job (MB)
	1785528  -  ResidentSetSize of job (KB)
...
006 (78851234.075.000) 2026-10-01 12:08:28 Image size of job updated: 1787544
	1746  -  MemoryUsage of job (MB)
	1787544  -  ResidentSetSize of job (KB)
...
006 (78851234.075.000) 2026-10-01 12:43:31 Image size of job updated: 1787548
	1746  -  MemoryUsage of job (MB)
	1787548  -  ResidentSetSize of job (KB)
...
004 (78851234.075.000) 2026-10-01 12:52:57 Job was evicted. Code 1019 Subcode 0
	(0) CPU times
		Usr 6 14:40:38, Sys 0 00:06:19  -  Run Remote Usage
		Usr 0 00:00:00, Sys 0 00:00:00  -  Run Local Usage
	0  -  Run Bytes Sent By Job
	0  -  Run Bytes Received By Job
	Reason: Preempted for a Priority user
	Partitionable Resources :    Usage  Request Allocated 
	   Cpus                 :     1.68        4         4 
	   Disk (KB)            : 25000       25000     28672 
	   GPUs                 :                           0 
	   Memory (MB)          :  1746        6000      6016 
	   TimeExecute (s)      : 87417                       
	   TimeSlotBusy (s)     : 87417                       
...
001 (78851234.075.000) 2026-10-01 12:53:04 Job executing on host: <10.14.4.60:9618?addrs=10.14.4.60-9618&alias=node810.cluster.ldas.cit&noUDP&sock=startd_1452740_627e>
	SlotName: slot1_10@node810.cluster.ldas.cit
	CondorScratchDir = "/var/lib/condor/execute/dir_1703606/scratch"
	Cpus = 4
	Disk = 28672
	GPUs = 0
	Memory = 6016
...
005 (78851234.075.000) 2026-10-02 07:37:30 Job terminated.
	(1) Normal termination (return value 0)
		Usr 5 18:37:04, Sys 0 00:04:45  -  Run Remote Usage
		Usr 0 00:00:00, Sys 0 00:00:00  -  Run Local Usage
		Usr 12 09:17:42, Sys 0 00:11:04  -  Total Remote Usage
		Usr 0 00:00:00, Sys 0 00:00:00  -  Total Local Usage
	0  -  Run Bytes Sent By Job
	0  -  Run Bytes Received By Job
	0  -  Total Bytes Sent By Job
	0  -  Total Bytes Received By Job
	Partitionable Resources :    Usage  Request Allocated 
	   Cpus                 :    12.93        4         4 
	   Disk (KB)            : 25000       25000     28672 
	   GPUs                 :                           0 
	   Memory (MB)          :  1954        6000      6016 
	   TimeExecute (s)      : 67466                       
	   TimeSlotBusy (s)     : 67468                       
...
000 (78854872.075.000) 2026-10-03 17:21:23 Job submitted from host: <10.14.0.121:9618?addrs=10.14.0.121-9618&alias=ldas-pcdev12.ligo.caltech.edu&noUDP&sock=schedd_623140_c9b4>
...
001 (78854872.075.000) 2026-10-03 17:22:11 Job executing on host: <10.14.3.70:9618?addrs=10.14.3.70-9618&alias=node570.cluster.ldas.cit&noUDP&sock=startd_1375456_fd2c>
	SlotName: slot1_1@node570.cluster.ldas.cit
	CondorScratchDir = "/var/lib/condor/execute/dir_2806734/scratch"
	Cpus = 4
	Disk = 28672
	GPUs = 0
	Memory = 6016
...
006 (78854872.075.000) 2026-10-03 17:22:19 Image size of job updated: 153236
	150  -  MemoryUsage of job (MB)
	153236  -  ResidentSetSize of job (KB)
...
006 (78854872.075.000) 2026-10-03 17:22:36 Image size of job updated: 496796
	150  -  MemoryUsage of job (MB)
	153236  -  ResidentSetSize of job (KB)
...
005 (78854872.075.000) 2026-10-03 17:22:37 Job terminated.
	(1) Normal termination (return value 0)
		Usr 0 00:00:19, Sys 0 00:00:01  -  Run Remote Usage
		Usr 0 00:00:00, Sys 0 00:00:00  -  Run Local Usage
		Usr 0 00:00:19, Sys 0 00:00:01  -  Total Remote Usage
		Usr 0 00:00:00, Sys 0 00:00:00  -  Total Local Usage
	0  -  Run Bytes Sent By Job
	0  -  Run Bytes Received By Job
	0  -  Total Bytes Sent By Job
	0  -  Total Bytes Received By Job
	Partitionable Resources :    Usage  Request Allocated 
	   Cpus                 :        0        4         4 
	   Disk (KB)            :    25000    25000     28672 
	   GPUs                 :                           0 
	   Memory (MB)          :      150     6000      6016 
	   TimeExecute (s)      :       25                    
	   TimeSlotBusy (s)     :       26                    
...
000 (78854906.075.000) 2026-10-03 21:36:50 Job submitted from host: <10.14.0.121:9618?addrs=10.14.0.121-9618&alias=ldas-pcdev12.ligo.caltech.edu&noUDP&sock=schedd_623140_c9b4>
...
001 (78854906.075.000) 2026-10-03 21:38:41 Job executing on host: <10.14.5.196:9618?addrs=10.14.5.196-9618&alias=node1196.cluster.ldas.cit&noUDP&sock=startd_159722_95da>
	SlotName: slot1_2@node1196.cluster.ldas.cit
	CondorScratchDir = "/var/lib/condor/execute/dir_828746/scratch"
	Cpus = 4
	Disk = 28672
	GPUs = 0
	Memory = 6016
...
006 (78854906.075.000) 2026-10-03 21:38:50 Image size of job updated: 168540
	165  -  MemoryUsage of job (MB)
	168540  -  ResidentSetSize of job (KB)
...
006 (78854906.075.000) 2026-10-03 21:39:01 Image size of job updated: 233940
	165  -  MemoryUsage of job (MB)
	168880  -  ResidentSetSize of job (KB)
...
005 (78854906.075.000) 2026-10-03 21:39:02 Job terminated.
	(1) Normal termination (return value 0)
		Usr 0 00:00:10, Sys 0 00:00:00  -  Run Remote Usage
		Usr 0 00:00:00, Sys 0 00:00:00  -  Run Local Usage
		Usr 0 00:00:10, Sys 0 00:00:00  -  Total Remote Usage
		Usr 0 00:00:00, Sys 0 00:00:00  -  Total Local Usage
	0  -  Run Bytes Sent By Job
	0  -  Run Bytes Received By Job
	0  -  Total Bytes Sent By Job
	0  -  Total Bytes Received By Job
	Partitionable Resources :    Usage  Request Allocated 
	   Cpus                 :        0        4         4 
	   Disk (KB)            :    25000    25000     28672 
	   GPUs                 :                           0 
	   Memory (MB)          :      165     6000      6016 
	   TimeExecute (s)      :       20                    
	   TimeSlotBusy (s)     :       20                    
...
000 (78855135.075.000) 2026-10-04 13:44:56 Job submitted from host: <10.14.0.121:9618?addrs=10.14.0.121-9618&alias=ldas-pcdev12.ligo.caltech.edu&noUDP&sock=schedd_623140_c9b4>
...
001 (78855135.075.000) 2026-10-04 13:49:18 Job executing on host: <10.14.5.191:9618?addrs=10.14.5.191-9618&alias=node1191.cluster.ldas.cit&noUDP&sock=startd_202487_d17e>
	SlotName: slot1_1@node1191.cluster.ldas.cit
	CondorScratchDir = "/var/lib/condor/execute/dir_917638/scratch"
	Cpus = 4
	Disk = 28672
	GPUs = 0
	Memory = 6016
...
006 (78855135.075.000) 2026-10-04 13:49:27 Image size of job updated: 494692
	484  -  MemoryUsage of job (MB)
	494692  -  ResidentSetSize of job (KB)
...
006 (78855135.075.000) 2026-10-04 13:49:31 Image size of job updated: 496412
	484  -  MemoryUsage of job (MB)
	494692  -  ResidentSetSize of job (KB)
...
005 (78855135.075.000) 2026-10-04 13:49:31 Job terminated.
	(1) Normal termination (return value 0)
		Usr 0 00:00:10, Sys 0 00:00:00  -  Run Remote Usage
		Usr 0 00:00:00, Sys 0 00:00:00  -  Run Local Usage
		Usr 0 00:00:10, Sys 0 00:00:00  -  Total Remote Usage
		Usr 0 00:00:00, Sys 0 00:00:00  -  Total Local Usage
	0  -  Run Bytes Sent By Job
	0  -  Run Bytes Received By Job
	0  -  Total Bytes Sent By Job
	0  -  Total Bytes Received By Job
	Partitionable Resources :    Usage  Request Allocated 
	   Cpus                 :                 4         4 
	   Disk (KB)            :    25000    25000     28672 
	   GPUs                 :                           0 
	   Memory (MB)          :      484     6000      6016 
	   TimeExecute (s)      :       13                    
	   TimeSlotBusy (s)     :       14                    
...
