000 (78851234.079.000) 2026-09-30 12:35:31 Job submitted from host: <10.14.0.121:9618?addrs=10.14.0.121-9618&alias=ldas-pcdev12.ligo.caltech.edu&noUDP&sock=schedd_623140_c9b4>
...
022 (78851234.079.000) 2026-09-30 13:36:54 Job disconnected, attempting to reconnect
    Socket between submit and execute hosts closed unexpectedly
    Trying to reconnect to slot1_26@node771.cluster.ldas.cit <10.14.4.21:9618?addrs=10.14.4.21-9618&alias=node771.cluster.ldas.cit&noUDP&sock=startd_4109349_3105>
...
024 (78851234.079.000) 2026-09-30 13:36:54 Job reconnection failed
    Job disconnected too long: JobLeaseDuration (2400 seconds) expired
    Can not reconnect to slot1_26@node771.cluster.ldas.cit, rescheduling job
...
004 (78851234.079.000) 2026-09-30 13:36:54 Job was evicted. Code 1008 Subcode 0
	(0) CPU times
		Usr 0 00:00:00, Sys 0 00:00:00  -  Run Remote Usage
		Usr 0 00:00:00, Sys 0 00:00:00  -  Run Local Usage
	0  -  Run Bytes Sent By Job
	0  -  Run Bytes Received By Job
	Reason: Job disconnected too long: JobLeaseDuration (2400 seconds) expired
	Partitionable Resources :    Usage  Request Allocated 
	   Cpus                 :                 4         4 
	   Disk (KB)            :    25000    25000     28672 
	   GPUs                 :                           0 
	   Memory (MB)          :              6000      6016 
...
001 (78851234.079.000) 2026-09-30 13:38:16 Job executing on host: <10.14.10.86:9618?addrs=10.14.10.86-9618&alias=node2336.cluster.ldas.cit&noUDP&sock=startd_37380_263b>
	SlotName: slot1_2@node2336.cluster.ldas.cit
	CondorScratchDir = "/var/lib/condor/execute/dir_600057/scratch"
	Cpus = 4
	Disk = 28672
	GPUs = 0
	Memory = 6016
...
006 (78851234.079.000) 2026-09-30 13:38:16 Image size of job updated: 25000
	0  -  MemoryUsage of job (MB)
	0  -  ResidentSetSize of job (KB)
...
005 (78851234.079.000) 2026-09-30 13:38:16 Job terminated.
	(1) Normal termination (return value 1)
		Usr 0 00:00:00, Sys 0 00:00:00  -  Run Remote Usage
		Usr 0 00:00:00, Sys 0 00:00:00  -  Run Local Usage
		Usr 0 00:00:00, Sys 0 00:00:00  -  Total Remote Usage
		Usr 0 00:00:00, Sys 0 00:00:00  -  Total Local Usage
	0  -  Run Bytes Sent By Job
	0  -  Run Bytes Received By Job
	0  -  Total Bytes Sent By Job
	0  -  Total Bytes Received By Job
	Partitionable Resources :    Usage  Request Allocated 
	   Cpus                 :        0        4         4 
	   Disk (KB)            :    25000    25000     28672 
	   GPUs                 :                           0 
	   Memory (MB)          :        0     6000      6016 
	   TimeExecute (s)      :        0                    
	   TimeSlotBusy (s)     :        1                    
...
000 (78854872.079.000) 2026-10-03 17:21:23 Job submitted from host: <10.14.0.121:9618?addrs=10.14.0.121-9618&alias=ldas-pcdev12.ligo.caltech.edu&noUDP&sock=schedd_623140_c9b4>
...
001 (78854872.079.000) 2026-10-03 17:22:10 Job executing on host: <10.14.5.81:9618?addrs=10.14.5.81-9618&alias=node1081.cluster.ldas.cit&noUDP&sock=startd_151237_94c4>
	SlotName: slot1_2@node1081.cluster.ldas.cit
	CondorScratchDir = "/var/lib/condor/execute/dir_788969/scratch"
	Cpus = 4
	Disk = 28672
	GPUs = 0
	Memory = 6016
...
006 (78854872.079.000) 2026-10-03 17:22:19 Image size of job updated: 200392
	196  -  MemoryUsage of job (MB)
	200392  -  ResidentSetSize of job (KB)
...
006 (78854872.079.000) 2026-10-03 17:27:20 Image size of job updated: 325784
	319  -  MemoryUsage of job (MB)
	325784  -  ResidentSetSize of job (KB)
...
006 (78854872.079.000) 2026-10-03 17:32:20 Image size of job updated: 341424
	334  -  MemoryUsage of job (MB)
	341424  -  ResidentSetSize of job (KB)
...
006 (78854872.079.000) 2026-10-03 17:37:21 Image size of job updated: 471280
	461  -  MemoryUsage of job (MB)
	471280  -  ResidentSetSize of job (KB)
...
006 (78854872.079.000) 2026-10-03 17:42:22 Image size of job updated: 486644
	476  -  MemoryUsage of job (MB)
	486644  -  ResidentSetSize of job (KB)
...
006 (78854872.079.000) 2026-10-03 17:47:22 Image size of job updated: 495596
	484  -  MemoryUsage of job (MB)
	495596  -  ResidentSetSize of job (KB)
...
006 (78854872.079.000) 2026-10-03 17:52:23 Image size of job updated: 495912
	485  -  MemoryUsage of job (MB)
	495912  -  ResidentSetSize of job (KB)
...
006 (78854872.079.000) 2026-10-03 17:57:24 Image size of job updated: 508852
	497  -  MemoryUsage of job (MB)
	508852  -  ResidentSetSize of job (KB)
...
006 (78854872.079.000) 2026-10-03 18:02:24 Image size of job updated: 514332
	503  -  MemoryUsage of job (MB)
	514332  -  ResidentSetSize of job (KB)
...
006 (78854872.079.000) 2026-10-03 18:07:24 Image size of job updated: 524036
	512  -  MemoryUsage of job (MB)
	524036  -  ResidentSetSize of job (KB)
...
006 (78854872.079.000) 2026-10-03 18:12:25 Image size of job updated: 524208
	512  -  MemoryUsage of job (MB)
	524208  -  ResidentSetSize of job (KB)
...
006 (78854872.079.000) 2026-10-03 18:17:25 Image size of job updated: 526376
	515  -  MemoryUsage of job (MB)
	526376  -  ResidentSetSize of job (KB)
...
006 (78854872.079.000) 2026-10-03 18:22:25 Image size of job updated: 526516
	515  -  MemoryUsage of job (MB)
	526516  -  ResidentSetSize of job (KB)
...
006 (78854872.079.000) 2026-10-03 18:27:26 Image size of job updated: 541816
	530  -  MemoryUsage of job (MB)
	541816  -  ResidentSetSize of job (KB)
...
006 (78854872.079.000) 2026-10-03 18:32:26 Image size of job updated: 541940
	530  -  MemoryUsage of job (MB)
	541940  -  ResidentSetSize of job (KB)
...
006 (78854872.079.000) 2026-10-03 18:37:26 Image size of job updated: 543720
	531  -  MemoryUsage of job (MB)
	543720  -  ResidentSetSize of job (KB)
...
006 (78854872.079.000) 2026-10-03 18:42:27 Image size of job updated: 543772
	532  -  MemoryUsage of job (MB)
	543772  -  ResidentSetSize of job (KB)
...
006 (78854872.079.000) 2026-10-03 18:47:28 Image size of job updated: 546188
	534  -  MemoryUsage of job (MB)
	546188  -  ResidentSetSize of job (KB)
...
006 (78854872.079.000) 2026-10-03 18:52:28 Image size of job updated: 546276
	534  -  MemoryUsage of job (MB)
	546276  -  ResidentSetSize of job (KB)
...
006 (78854872.079.000) 2026-10-03 18:57:29 Image size of job updated: 548368
	536  -  MemoryUsage of job (MB)
	548368  -  ResidentSetSize of job (KB)
...
006 (78854872.079.000) 2026-10-03 19:02:30 Image size of job updated: 548424
	536  -  MemoryUsage of job (MB)
	548424  -  ResidentSetSize of job (KB)
...
006 (78854872.079.000) 2026-10-03 19:07:30 Image size of job updated: 550528
	538  -  MemoryUsage of job (MB)
	550528  -  ResidentSetSize of job (KB)
...
006 (78854872.079.000) 2026-10-03 19:12:31 Image size of job updated: 550568
	538  -  MemoryUsage of job (MB)
	550568  -  ResidentSetSize of job (KB)
...
006 (78854872.079.000) 2026-10-03 19:17:32 Image size of job updated: 552996
	539  -  MemoryUsage of job (MB)
	551032  -  ResidentSetSize of job (KB)
...
006 (78854872.079.000) 2026-10-03 19:22:32 Image size of job updated: 552996
	539  -  MemoryUsage of job (MB)
	551116  -  ResidentSetSize of job (KB)
...
006 (78854872.079.000) 2026-10-03 19:27:32 Image size of job updated: 555924
	543  -  MemoryUsage of job (MB)
	555924  -  ResidentSetSize of job (KB)
...
006 (78854872.079.000) 2026-10-03 19:32:33 Image size of job updated: 555988
	543  -  MemoryUsage of job (MB)
	555988  -  ResidentSetSize of job (KB)
...
006 (78854872.079.000) 2026-10-03 19:37:33 Image size of job updated: 557924
	545  -  MemoryUsage of job (MB)
	557924  -  ResidentSetSize of job (KB)
...
006 (78854872.079.000) 2026-10-03 19:42:33 Image size of job updated: 557980
	545  -  MemoryUsage of job (MB)
	557980  -  ResidentSetSize of job (KB)
...
006 (78854872.079.000) 2026-10-03 19:47:34 Image size of job updated: 571504
	559  -  MemoryUsage of job (MB)
	571504  -  ResidentSetSize of job (KB)
...
006 (78854872.079.000) 2026-10-03 19:52:34 Image size of job updated: 571564
	559  -  MemoryUsage of job (MB)
	571564  -  ResidentSetSize of job (KB)
...
006 (78854872.079.000) 2026-10-03 19:57:34 Image size of job updated: 576560
	564  -  MemoryUsage of job (MB)
	576560  -  ResidentSetSize of job (KB)
...
006 (78854872.079.000) 2026-10-03 20:02:35 Image size of job updated: 576648
	564  -  MemoryUsage of job (MB)
	576648  -  ResidentSetSize of job (KB)
...
006 (78854872.079.000) 2026-10-03 20:07:35 Image size of job updated: 579240
	566  -  MemoryUsage of job (MB)
	579240  -  ResidentSetSize of job (KB)
...
006 (78854872.079.000) 2026-10-03 20:12:35 Image size of job updated: 579292
	566  -  MemoryUsage of job (MB)
	579292  -  ResidentSetSize of job (KB)
...
006 (78854872.079.000) 2026-10-03 20:17:36 Image size of job updated: 582368
	569  -  MemoryUsage of job (MB)
	582368  -  ResidentSetSize of job (KB)
...
006 (78854872.079.000) 2026-10-03 20:22:37 Image size of job updated: 582424
	569  -  MemoryUsage of job (MB)
	582424  -  ResidentSetSize of job (KB)
...
006 (78854872.079.000) 2026-10-03 20:27:37 Image size of job updated: 588224
	575  -  MemoryUsage of job (MB)
	588224  -  ResidentSetSize of job (KB)
...
006 (78854872.079.000) 2026-10-03 20:32:38 Image size of job updated: 588248
	575  -  MemoryUsage of job (MB)
	588248  -  ResidentSetSize of job (KB)
...
006 (78854872.079.000) 2026-10-03 20:37:39 Image size of job updated: 596376
	583  -  MemoryUsage of job (MB)
	596376  -  ResidentSetSize of job (KB)
...
006 (78854872.079.000) 2026-10-03 20:42:39 Image size of job updated: 596416
	583  -  MemoryUsage of job (MB)
	596416  -  ResidentSetSize of job (KB)
...
006 (78854872.079.000) 2026-10-03 20:47:39 Image size of job updated: 599504
	586  -  MemoryUsage of job (MB)
	599504  -  ResidentSetSize of job (KB)
...
006 (78854872.079.000) 2026-10-03 20:52:40 Image size of job updated: 599544
	586  -  MemoryUsage of job (MB)
	599544  -  ResidentSetSize of job (KB)
...
006 (78854872.079.000) 2026-10-03 20:57:40 Image size of job updated: 599596
	586  -  MemoryUsage of job (MB)
	599596  -  ResidentSetSize of job (KB)
...
006 (78854872.079.000) 2026-10-03 21:02:40 Image size of job updated: 599736
	586  -  MemoryUsage of job (MB)
	599736  -  ResidentSetSize of job (KB)
...
006 (78854872.079.000) 2026-10-03 21:07:41 Image size of job updated: 601796
	588  -  MemoryUsage of job (MB)
	601796  -  ResidentSetSize of job (KB)
...
006 (78854872.079.000) 2026-10-03 21:12:41 Image size of job updated: 601820
	588  -  MemoryUsage of job (MB)
	601820  -  ResidentSetSize of job (KB)
...
006 (78854872.079.000) 2026-10-03 21:17:41 Image size of job updated: 601844
	588  -  MemoryUsage of job (MB)
	601844  -  ResidentSetSize of job (KB)
...
006 (78854872.079.000) 2026-10-03 21:22:42 Image size of job updated: 601868
	588  -  MemoryUsage of job (MB)
	601868  -  ResidentSetSize of job (KB)
...
006 (78854872.079.000) 2026-10-03 21:27:42 Image size of job updated: 603944
	590  -  MemoryUsage of job (MB)
	603944  -  ResidentSetSize of job (KB)
...
006 (78854872.079.000) 2026-10-03 21:32:42 Image size of job updated: 603972
	590  -  MemoryUsage of job (MB)
	603972  -  ResidentSetSize of job (KB)
...
000 (78854906.079.000) 2026-10-03 21:36:50 Job submitted from host: <10.14.0.121:9618?addrs=10.14.0.121-9618&alias=ldas-pcdev12.ligo.caltech.edu&noUDP&sock=schedd_623140_c9b4>
...
006 (78854872.079.000) 2026-10-03 21:36:50 Image size of job updated: 603996
	590  -  MemoryUsage of job (MB)
	603972  -  ResidentSetSize of job (KB)
...
004 (78854872.079.000) 2026-10-03 21:36:50 Job was evicted. Code 1023 Subcode 0
	(0) CPU times
		Usr 1 02:41:19, Sys 0 00:06:03  -  Run Remote Usage
		Usr 0 00:00:00, Sys 0 00:00:00  -  Run Local Usage
	0  -  Run Bytes Sent By Job
	0  -  Run Bytes Received By Job
	Reason: via condor_rm (by user pratyusava.baral)
	Partitionable Resources :    Usage  Request Allocated 
	   Cpus                 :     6.24        4         4 
	   Disk (KB)            : 25000       25000     28672 
	   GPUs                 :                           0 
	   Memory (MB)          :   590        6000      6016 
	   TimeExecute (s)      : 15280                       
	   TimeSlotBusy (s)     : 15280                       
...
009 (78854872.079.000) 2026-10-03 21:36:50 Job was aborted.
	via condor_rm (by user pratyusava.baral)
...
001 (78854906.079.000) 2026-10-03 21:38:41 Job executing on host: <10.14.8.231:9618?addrs=10.14.8.231-9618&alias=node1981.cluster.ldas.cit&noUDP&sock=startd_32913_28ad>
	SlotName: slot1_3@node1981.cluster.ldas.cit
	CondorScratchDir = "/var/lib/condor/execute/dir_309878/scratch"
	Cpus = 4
	Disk = 28672
	GPUs = 0
	Memory = 6016
...
006 (78854906.079.000) 2026-10-03 21:38:50 Image size of job updated: 158804
	156  -  MemoryUsage of job (MB)
	158804  -  ResidentSetSize of job (KB)
...
006 (78854906.079.000) 2026-10-03 21:43:50 Image size of job updated: 333468
	326  -  MemoryUsage of job (MB)
	333468  -  ResidentSetSize of job (KB)
...
006 (78854906.079.000) 2026-10-03 21:48:50 Image size of job updated: 453928
	444  -  MemoryUsage of job (MB)
	453928  -  ResidentSetSize of job (KB)
...
006 (78854906.079.000) 2026-10-03 21:53:51 Image size of job updated: 454612
	444  -  MemoryUsage of job (MB)
	454612  -  ResidentSetSize of job (KB)
...
006 (78854906.079.000) 2026-10-03 21:58:51 Image size of job updated: 498628
	487  -  MemoryUsage of job (MB)
	498628  -  ResidentSetSize of job (KB)
...
006 (78854906.079.000) 2026-10-03 22:03:51 Image size of job updated: 499056
	488  -  MemoryUsage of job (MB)
	499056  -  ResidentSetSize of job (KB)
...
006 (78854906.079.000) 2026-10-03 22:08:52 Image size of job updated: 519708
	502  -  MemoryUsage of job (MB)
	513608  -  ResidentSetSize of job (KB)
...
006 (78854906.079.000) 2026-10-03 22:13:52 Image size of job updated: 519708
	502  -  MemoryUsage of job (MB)
	513912  -  ResidentSetSize of job (KB)
...
006 (78854906.079.000) 2026-10-03 22:18:52 Image size of job updated: 537040
	525  -  MemoryUsage of job (MB)
	537040  -  ResidentSetSize of job (KB)
...
006 (78854906.079.000) 2026-10-03 22:23:53 Image size of job updated: 546104
	534  -  MemoryUsage of job (MB)
	546104  -  ResidentSetSize of job (KB)
...
006 (78854906.079.000) 2026-10-03 22:28:54 Image size of job updated: 561108
	548  -  MemoryUsage of job (MB)
	561108  -  ResidentSetSize of job (KB)
...
006 (78854906.079.000) 2026-10-03 22:33:54 Image size of job updated: 561348
	549  -  MemoryUsage of job (MB)
	561348  -  ResidentSetSize of job (KB)
...
006 (78854906.079.000) 2026-10-03 22:38:55 Image size of job updated: 563920
	551  -  MemoryUsage of job (MB)
	563920  -  ResidentSetSize of job (KB)
...
006 (78854906.079.000) 2026-10-03 22:43:56 Image size of job updated: 564096
	551  -  MemoryUsage of job (MB)
	564096  -  ResidentSetSize of job (KB)
...
006 (78854906.079.000) 2026-10-03 22:48:56 Image size of job updated: 566832
	554  -  MemoryUsage of job (MB)
	566832  -  ResidentSetSize of job (KB)
...
006 (78854906.079.000) 2026-10-03 22:53:56 Image size of job updated: 567036
	554  -  MemoryUsage of job (MB)
	567036  -  ResidentSetSize of job (KB)
...
006 (78854906.079.000) 2026-10-03 22:58:57 Image size of job updated: 578304
	565  -  MemoryUsage of job (MB)
	578304  -  ResidentSetSize of job (KB)
...
006 (78854906.079.000) 2026-10-03 23:03:57 Image size of job updated: 578428
	565  -  MemoryUsage of job (MB)
	578428  -  ResidentSetSize of job (KB)
...
006 (78854906.079.000) 2026-10-03 23:08:57 Image size of job updated: 578500
	565  -  MemoryUsage of job (MB)
	578500  -  ResidentSetSize of job (KB)
...
006 (78854906.079.000) 2026-10-03 23:13:58 Image size of job updated: 580896
	566  -  MemoryUsage of job (MB)
	579216  -  ResidentSetSize of job (KB)
...
006 (78854906.079.000) 2026-10-03 23:18:58 Image size of job updated: 580896
	566  -  MemoryUsage of job (MB)
	579300  -  ResidentSetSize of job (KB)
...
006 (78854906.079.000) 2026-10-03 23:23:58 Image size of job updated: 583088
	570  -  MemoryUsage of job (MB)
	583088  -  ResidentSetSize of job (KB)
...
006 (78854906.079.000) 2026-10-03 23:28:59 Image size of job updated: 583300
	570  -  MemoryUsage of job (MB)
	583300  -  ResidentSetSize of job (KB)
...
006 (78854906.079.000) 2026-10-03 23:34:00 Image size of job updated: 590404
	577  -  MemoryUsage of job (MB)
	590404  -  ResidentSetSize of job (KB)
...
006 (78854906.079.000) 2026-10-03 23:39:00 Image size of job updated: 590484
	577  -  MemoryUsage of job (MB)
	590484  -  ResidentSetSize of job (KB)
...
006 (78854906.079.000) 2026-10-03 23:44:01 Image size of job updated: 591860
	578  -  MemoryUsage of job (MB)
	591860  -  ResidentSetSize of job (KB)
...
006 (78854906.079.000) 2026-10-03 23:49:02 Image size of job updated: 591920
	579  -  MemoryUsage of job (MB)
	591920  -  ResidentSetSize of job (KB)
...
006 (78854906.079.000) 2026-10-03 23:54:02 Image size of job updated: 593632
	580  -  MemoryUsage of job (MB)
	593632  -  ResidentSetSize of job (KB)
...
006 (78854906.079.000) 2026-10-03 23:59:02 Image size of job updated: 593684
	580  -  MemoryUsage of job (MB)
	593684  -  ResidentSetSize of job (KB)
...
006 (78854906.079.000) 2026-10-04 00:04:03 Image size of job updated: 595396
	582  -  MemoryUsage of job (MB)
	595396  -  ResidentSetSize of job (KB)
...
006 (78854906.079.000) 2026-10-04 00:09:03 Image size of job updated: 595432
	582  -  MemoryUsage of job (MB)
	595432  -  ResidentSetSize of job (KB)
...
006 (78854906.079.000) 2026-10-04 00:14:03 Image size of job updated: 599508
	584  -  MemoryUsage of job (MB)
	597292  -  ResidentSetSize of job (KB)
...
006 (78854906.079.000) 2026-10-04 00:19:04 Image size of job updated: 599508
	584  -  MemoryUsage of job (MB)
	597376  -  ResidentSetSize of job (KB)
...
006 (78854906.079.000) 2026-10-04 00:24:04 Image size of job updated: 600448
	586  -  MemoryUsage of job (MB)
	599760  -  ResidentSetSize of job (KB)
...
006 (78854906.079.000) 2026-10-04 00:29:04 Image size of job updated: 600448
	586  -  MemoryUsage of job (MB)
	599844  -  ResidentSetSize of job (KB)
...
006 (78854906.079.000) 2026-10-04 00:34:05 Image size of job updated: 602644
	587  -  MemoryUsage of job (MB)
	600596  -  ResidentSetSize of job (KB)
...
006 (78854906.079.000) 2026-10-04 00:39:05 Image size of job updated: 602644
	587  -  MemoryUsage of job (MB)
	600664  -  ResidentSetSize of job (KB)
...
006 (78854906.079.000) 2026-10-04 00:44:05 Image size of job updated: 603352
	590  -  MemoryUsage of job (MB)
	603352  -  ResidentSetSize of job (KB)
...
006 (78854906.079.000) 2026-10-04 00:49:06 Image size of job updated: 603480
	590  -  MemoryUsage of job (MB)
	603480  -  ResidentSetSize of job (KB)
...
006 (78854906.079.000) 2026-10-04 00:54:07 Image size of job updated: 614096
	600  -  MemoryUsage of job (MB)
	614096  -  ResidentSetSize of job (KB)
...
006 (78854906.079.000) 2026-10-04 00:59:07 Image size of job updated: 614148
	600  -  MemoryUsage of job (MB)
	614148  -  ResidentSetSize of job (KB)
...
006 (78854906.079.000) 2026-10-04 01:04:08 Image size of job updated: 616728
	600  -  MemoryUsage of job (MB)
	614148  -  ResidentSetSize of job (KB)
...
006 (78854906.079.000) 2026-10-04 01:14:09 Image size of job updated: 616800
	601  -  MemoryUsage of job (MB)
	614756  -  ResidentSetSize of job (KB)
...
006 (78854906.079.000) 2026-10-04 01:19:10 Image size of job updated: 616800
	601  -  MemoryUsage of job (MB)
	614780  -  ResidentSetSize of job (KB)
...
006 (78854906.079.000) 2026-10-04 01:24:11 Image size of job updated: 619928
	604  -  MemoryUsage of job (MB)
	617904  -  ResidentSetSize of job (KB)
...
006 (78854906.079.000) 2026-10-04 01:29:11 Image size of job updated: 619928
	604  -  MemoryUsage of job (MB)
	617940  -  ResidentSetSize of job (KB)
...
006 (78854906.079.000) 2026-10-04 01:34:11 Image size of job updated: 619928
	605  -  MemoryUsage of job (MB)
	618760  -  ResidentSetSize of job (KB)
...
006 (78854906.079.000) 2026-10-04 01:39:12 Image size of job updated: 619928
	605  -  MemoryUsage of job (MB)
	618796  -  ResidentSetSize of job (KB)
...
006 (78854906.079.000) 2026-10-04 01:44:12 Image size of job updated: 621156
	606  -  MemoryUsage of job (MB)
	619752  -  ResidentSetSize of job (KB)
...
006 (78854906.079.000) 2026-10-04 01:49:12 Image size of job updated: 621156
	606  -  MemoryUsage of job (MB)
	620060  -  ResidentSetSize of job (KB)
...
006 (78854906.079.000) 2026-10-04 01:54:14 Image size of job updated: 621156
	606  -  MemoryUsage of job (MB)
	620168  -  ResidentSetSize of job (KB)
...
006 (78854906.079.000) 2026-10-04 01:59:14 Image size of job updated: 622396
	608  -  MemoryUsage of job (MB)
	622396  -  ResidentSetSize of job (KB)
...
006 (78854906.079.000) 2026-10-04 02:04:14 Image size of job updated: 622428
	608  -  MemoryUsage of job (MB)
	622428  -  ResidentSetSize of job (KB)
...
006 (78854906.079.000) 2026-10-04 02:29:18 Image size of job updated: 627112
	613  -  MemoryUsage of job (MB)
	626860  -  ResidentSetSize of job (KB)
...
006 (78854906.079.000) 2026-10-04 02:34:18 Image size of job updated: 627112
	613  -  MemoryUsage of job (MB)
	626880  -  ResidentSetSize of job (KB)
...
006 (78854906.079.000) 2026-10-04 02:39:18 Image size of job updated: 628612
	613  -  MemoryUsage of job (MB)
	626880  -  ResidentSetSize of job (KB)
...
006 (78854906.079.000) 2026-10-04 02:49:19 Image size of job updated: 651284
	636  -  MemoryUsage of job (MB)
	651144  -  ResidentSetSize of job (KB)
...
006 (78854906.079.000) 2026-10-04 02:54:19 Image size of job updated: 651284
	636  -  MemoryUsage of job (MB)
	651160  -  ResidentSetSize of job (KB)
...
006 (78854906.079.000) 2026-10-04 02:59:20 Image size of job updated: 660508
	639  -  MemoryUsage of job (MB)
	653412  -  ResidentSetSize of job (KB)
...
006 (78854906.079.000) 2026-10-04 03:04:21 Image size of job updated: 660508
	639  -  MemoryUsage of job (MB)
	653432  -  ResidentSetSize of job (KB)
...
006 (78854906.079.000) 2026-10-04 03:09:21 Image size of job updated: 660508
	642  -  MemoryUsage of job (MB)
	656964  -  ResidentSetSize of job (KB)
...
006 (78854906.079.000) 2026-10-04 03:14:22 Image size of job updated: 660508
	642  -  MemoryUsage of job (MB)
	656992  -  ResidentSetSize of job (KB)
...
006 (78854906.079.000) 2026-10-04 03:29:24 Image size of job updated: 660508
	643  -  MemoryUsage of job (MB)
	658392  -  ResidentSetSize of job (KB)
...
006 (78854906.079.000) 2026-10-04 03:34:25 Image size of job updated: 660508
	643  -  MemoryUsage of job (MB)
	658408  -  ResidentSetSize of job (KB)
...
006 (78854906.079.000) 2026-10-04 03:39:25 Image size of job updated: 661592
	647  -  MemoryUsage of job (MB)
	661592  -  ResidentSetSize of job (KB)
...
006 (78854906.079.000) 2026-10-04 03:44:25 Image size of job updated: 661612
	647  -  MemoryUsage of job (MB)
	661612  -  ResidentSetSize of job (KB)
...
006 (78854906.079.000) 2026-10-04 03:49:26 Image size of job updated: 669208
	654  -  MemoryUsage of job (MB)
	669208  -  ResidentSetSize of job (KB)
...
006 (78854906.079.000) 2026-10-04 03:54:26 Image size of job updated: 669232
	654  -  MemoryUsage of job (MB)
	669232  -  ResidentSetSize of job (KB)
...
006 (78854906.079.000) 2026-10-04 03:59:26 Image size of job updated: 670912
	655  -  MemoryUsage of job (MB)
	669892  -  ResidentSetSize of job (KB)
...
006 (78854906.079.000) 2026-10-04 04:04:27 Image size of job updated: 670912
	655  -  MemoryUsage of job (MB)
	669908  -  ResidentSetSize of job (KB)
...
006 (78854906.079.000) 2026-10-04 04:09:27 Image size of job updated: 671748
	657  -  MemoryUsage of job (MB)
	671748  -  ResidentSetSize of job (KB)
...
006 (78854906.079.000) 2026-10-04 04:14:27 Image size of job updated: 671784
	657  -  MemoryUsage of job (MB)
	671784  -  ResidentSetSize of job (KB)
...
006 (78854906.079.000) 2026-10-04 04:19:28 Image size of job updated: 672048
	657  -  MemoryUsage of job (MB)
	672048  -  ResidentSetSize of job (KB)
...
006 (78854906.079.000) 2026-10-04 04:24:29 Image size of job updated: 672072
	657  -  MemoryUsage of job (MB)
	672072  -  ResidentSetSize of job (KB)
...
006 (78854906.079.000) 2026-10-04 04:29:29 Image size of job updated: 674104
	657  -  MemoryUsage of job (MB)
	672072  -  ResidentSetSize of job (KB)
...
006 (78854906.079.000) 2026-10-04 04:39:31 Image size of job updated: 674104
	658  -  MemoryUsage of job (MB)
	673152  -  ResidentSetSize of job (KB)
...
006 (78854906.079.000) 2026-10-04 04:44:31 Image size of job updated: 674104
	659  -  MemoryUsage of job (MB)
	674056  -  ResidentSetSize of job (KB)
...
006 (78854906.079.000) 2026-10-04 04:49:31 Image size of job updated: 674104
	659  -  MemoryUsage of job (MB)
	674080  -  ResidentSetSize of job (KB)
...
006 (78854906.079.000) 2026-10-04 04:54:32 Image size of job updated: 674220
	659  -  MemoryUsage of job (MB)
	674080  -  ResidentSetSize of job (KB)
...
006 (78854906.079.000) 2026-10-04 05:04:32 Image size of job updated: 690672
	659  -  MemoryUsage of job (MB)
	674080  -  ResidentSetSize of job (KB)
...
006 (78854906.079.000) 2026-10-04 05:24:34 Image size of job updated: 691772
	661  -  MemoryUsage of job (MB)
	675972  -  ResidentSetSize of job (KB)
...
006 (78854906.079.000) 2026-10-04 05:29:35 Image size of job updated: 691772
	661  -  MemoryUsage of job (MB)
	675984  -  ResidentSetSize of job (KB)
...
006 (78854906.079.000) 2026-10-04 05:44:37 Image size of job updated: 691772
	663  -  MemoryUsage of job (MB)
	677892  -  ResidentSetSize of job (KB)
...
006 (78854906.079.000) 2026-10-04 05:49:37 Image size of job updated: 691772
	663  -  MemoryUsage of job (MB)
	677908  -  ResidentSetSize of job (KB)
...
006 (78854906.079.000) 2026-10-04 05:54:37 Image size of job updated: 691772
	667  -  MemoryUsage of job (MB)
	682716  -  ResidentSetSize of job (KB)
...
006 (78854906.079.000) 2026-10-04 05:59:38 Image size of job updated: 691772
	667  -  MemoryUsage of job (MB)
	682736  -  ResidentSetSize of job (KB)
...
006 (78854906.079.000) 2026-10-04 06:04:38 Image size of job updated: 691772
	668  -  MemoryUsage of job (MB)
	683312  -  ResidentSetSize of job (KB)
...
005 (78854906.079.000) 2026-10-04 06:09:37 Job terminated.
	(1) Normal termination (return value 0)
		Usr 2 10:05:30, Sys 0 00:08:41  -  Run Remote Usage
		Usr 0 00:00:00, Sys 0 00:00:00  -  Run Local Usage
		Usr 2 10:05:30, Sys 0 00:08:41  -  Total Remote Usage
		Usr 0 00:00:00, Sys 0 00:00:00  -  Total Local Usage
	0  -  Run Bytes Sent By Job
	0  -  Run Bytes Received By Job
	0  -  Total Bytes Sent By Job
	0  -  Total Bytes Received By Job
	Partitionable Resources :    Usage  Request Allocated 
	   Cpus                 :     7.53        4         4 
	   Disk (KB)            : 25000       25000     28672 
	   GPUs                 :                           0 
	   Memory (MB)          :   668        6000      6016 
	   TimeExecute (s)      : 30656                       
	   TimeSlotBusy (s)     : 30656                       
...
000 (78855135.079.000) 2026-10-04 13:44:56 Job submitted from host: <10.14.0.121:9618?addrs=10.14.0.121-9618&alias=ldas-pcdev12.ligo.caltech.edu&noUDP&sock=schedd_623140_c9b4>
...
001 (78855135.079.000) 2026-10-04 13:49:18 Job executing on host: <10.14.6.145:9618?addrs=10.14.6.145-9618&alias=node1395.cluster.ldas.cit&noUDP&sock=startd_34522_cc8f>
	SlotName: slot1_1@node1395.cluster.ldas.cit
	CondorScratchDir = "/var/lib/condor/execute/dir_786022/scratch"
	Cpus = 4
	Disk = 28672
	GPUs = 0
	Memory = 6016
...
006 (78855135.079.000) 2026-10-04 13:49:26 Image size of job updated: 216404
	212  -  MemoryUsage of job (MB)
	216404  -  ResidentSetSize of job (KB)
...
006 (78855135.079.000) 2026-10-04 13:49:31 Image size of job updated: 485996
	212  -  MemoryUsage of job (MB)
	216420  -  ResidentSetSize of job (KB)
...
005 (78855135.079.000) 2026-10-04 13:49:31 Job terminated.
	(1) Normal termination (return value 0)
		Usr 0 00:00:10, Sys 0 00:00:00  -  Run Remote Usage
		Usr 0 00:00:00, Sys 0 00:00:00  -  Run Local Usage
		Usr 0 00:00:10, Sys 0 00:00:00  -  Total Remote Usage
		Usr 0 00:00:00, Sys 0 00:00:00  -  Total Local Usage
	0  -  Run Bytes Sent By Job
	0  -  Run Bytes Received By Job
	0  -  Total Bytes Sent By Job
	0  -  Total Bytes Received By Job
	Partitionable Resources :    Usage  Request Allocated 
	   Cpus                 :                 4         4 
	   Disk (KB)            :    25000    25000     28672 
	   GPUs                 :                           0 
	   Memory (MB)          :      212     6000      6016 
	   TimeExecute (s)      :       13                    
	   TimeSlotBusy (s)     :       14                    
...
