000 (78851234.080.000) 2026-09-30 12:35:31 Job submitted from host: <10.14.0.121:9618?addrs=10.14.0.121-9618&alias=ldas-pcdev12.ligo.caltech.edu&noUDP&sock=schedd_623140_c9b4>
...
001 (78851234.080.000) 2026-09-30 12:36:00 Job executing on host: <10.14.9.77:9618?addrs=10.14.9.77-9618&alias=node2077.cluster.ldas.cit&noUDP&sock=startd_3688917_cf3c>
	SlotName: slot1_20@node2077.cluster.ldas.cit
	CondorScratchDir = "/var/lib/condor/execute/dir_3837895/scratch"
	Cpus = 4
	Disk = 28672
	GPUs = 0
	Memory = 6016
...
006 (78851234.080.000) 2026-09-30 12:36:09 Image size of job updated: 195652
	192  -  MemoryUsage of job (MB)
	195652  -  ResidentSetSize of job (KB)
...
006 (78851234.080.000) 2026-09-30 12:41:10 Image size of job updated: 351732
	344  -  MemoryUsage of job (MB)
	351732  -  ResidentSetSize of job (KB)
...
006 (78851234.080.000) 2026-09-30 12:46:10 Image size of job updated: 352960
	345  -  MemoryUsage of job (MB)
	352960  -  ResidentSetSize of job (KB)
...
006 (78851234.080.000) 2026-09-30 12:51:11 Image size of job updated: 456264
	446  -  MemoryUsage of job (MB)
	456264  -  ResidentSetSize of job (KB)
...
006 (78851234.080.000) 2026-09-30 12:56:12 Image size of job updated: 457476
	447  -  MemoryUsage of job (MB)
	457476  -  ResidentSetSize of job (KB)
...
006 (78851234.080.000) 2026-09-30 13:01:12 Image size of job updated: 464676
	454  -  MemoryUsage of job (MB)
	464676  -  ResidentSetSize of job (KB)
...
006 (78851234.080.000) 2026-09-30 13:06:13 Image size of job updated: 465188
	455  -  MemoryUsage of job (MB)
	465188  -  ResidentSetSize of job (KB)
...
006 (78851234.080.000) 2026-09-30 13:11:13 Image size of job updated: 472448
	461  -  MemoryUsage of job (MB)
	471620  -  ResidentSetSize of job (KB)
...
006 (78851234.080.000) 2026-09-30 13:16:14 Image size of job updated: 472448
	461  -  MemoryUsage of job (MB)
	471812  -  ResidentSetSize of job (KB)
...
006 (78851234.080.000) 2026-09-30 13:21:15 Image size of job updated: 472448
	462  -  MemoryUsage of job (MB)
	472072  -  ResidentSetSize of job (KB)
...
006 (78851234.080.000) 2026-09-30 13:26:15 Image size of job updated: 472448
	462  -  MemoryUsage of job (MB)
	472328  -  ResidentSetSize of job (KB)
...
006 (78851234.080.000) 2026-09-30 13:31:16 Image size of job updated: 491180
	480  -  MemoryUsage of job (MB)
	491180  -  ResidentSetSize of job (KB)
...
006 (78851234.080.000) 2026-09-30 13:36:16 Image size of job updated: 491348
	480  -  MemoryUsage of job (MB)
	491348  -  ResidentSetSize of job (KB)
...
006 (78851234.080.000) 2026-09-30 13:41:17 Image size of job updated: 498508
	484  -  MemoryUsage of job (MB)
	495068  -  ResidentSetSize of job (KB)
...
006 (78851234.080.000) 2026-09-30 13:46:18 Image size of job updated: 498508
	484  -  MemoryUsage of job (MB)
	495264  -  ResidentSetSize of job (KB)
...
006 (78851234.080.000) 2026-09-30 13:51:18 Image size of job updated: 501348
	486  -  MemoryUsage of job (MB)
	497424  -  ResidentSetSize of job (KB)
...
006 (78851234.080.000) 2026-09-30 13:56:19 Image size of job updated: 501348
	486  -  MemoryUsage of job (MB)
	497524  -  ResidentSetSize of job (KB)
...
006 (78851234.080.000) 2026-09-30 14:01:19 Image size of job updated: 550028
	538  -  MemoryUsage of job (MB)
	550028  -  ResidentSetSize of job (KB)
...
006 (78851234.080.000) 2026-09-30 14:06:20 Image size of job updated: 566856
	554  -  MemoryUsage of job (MB)
	566856  -  ResidentSetSize of job (KB)
...
006 (78851234.080.000) 2026-09-30 14:11:21 Image size of job updated: 734580
	718  -  MemoryUsage of job (MB)
	734580  -  ResidentSetSize of job (KB)
...
006 (78851234.080.000) 2026-09-30 14:16:21 Image size of job updated: 912560
	892  -  MemoryUsage of job (MB)
	912560  -  ResidentSetSize of job (KB)
...
006 (78851234.080.000) 2026-09-30 14:21:22 Image size of job updated: 1003832
	981  -  MemoryUsage of job (MB)
	1003832  -  ResidentSetSize of job (KB)
...
006 (78851234.080.000) 2026-09-30 14:26:22 Image size of job updated: 1168220
	1141  -  MemoryUsage of job (MB)
	1168220  -  ResidentSetSize of job (KB)
...
006 (78851234.080.000) 2026-09-30 14:31:22 Image size of job updated: 1381692
	1350  -  MemoryUsage of job (MB)
	1381692  -  ResidentSetSize of job (KB)
...
006 (78851234.080.000) 2026-09-30 14:36:23 Image size of job updated: 1471368
	1437  -  MemoryUsage of job (MB)
	1471368  -  ResidentSetSize of job (KB)
...
006 (78851234.080.000) 2026-09-30 14:41:23 Image size of job updated: 1620904
	1583  -  MemoryUsage of job (MB)
	1620904  -  ResidentSetSize of job (KB)
...
006 (78851234.080.000) 2026-09-30 14:46:24 Image size of job updated: 1696796
	1658  -  MemoryUsage of job (MB)
	1696796  -  ResidentSetSize of job (KB)
...
006 (78851234.080.000) 2026-09-30 14:51:24 Image size of job updated: 1696844
	1658  -  MemoryUsage of job (MB)
	1696796  -  ResidentSetSize of job (KB)
...
006 (78851234.080.000) 2026-09-30 15:16:26 Image size of job updated: 1700120
	1661  -  MemoryUsage of job (MB)
	1700120  -  ResidentSetSize of job (KB)
...
006 (78851234.080.000) 2026-09-30 15:21:26 Image size of job updated: 1700164
	1661  -  MemoryUsage of job (MB)
	1700164  -  ResidentSetSize of job (KB)
...
006 (78851234.080.000) 2026-09-30 15:26:27 Image size of job updated: 1703212
	1664  -  MemoryUsage of job (MB)
	1703212  -  ResidentSetSize of job (KB)
...
006 (78851234.080.000) 2026-09-30 15:31:27 Image size of job updated: 1703228
	1664  -  MemoryUsage of job (MB)
	1703228  -  ResidentSetSize of job (KB)
...
006 (78851234.080.000) 2026-09-30 15:36:27 Image size of job updated: 1703232
	1664  -  MemoryUsage of job (MB)
	1703228  -  ResidentSetSize of job (KB)
...
006 (78851234.080.000) 2026-09-30 16:06:31 Image size of job updated: 1706388
	1667  -  MemoryUsage of job (MB)
	1706388  -  ResidentSetSize of job (KB)
...
006 (78851234.080.000) 2026-09-30 16:11:31 Image size of job updated: 1706392
	1667  -  MemoryUsage of job (MB)
	1706392  -  ResidentSetSize of job (KB)
...
006 (78851234.080.000) 2026-09-30 16:16:31 Image size of job updated: 1706408
	1667  -  MemoryUsage of job (MB)
	1706392  -  ResidentSetSize of job (KB)
...
006 (78851234.080.000) 2026-09-30 16:26:32 Image size of job updated: 1709944
	1670  -  MemoryUsage of job (MB)
	1709944  -  ResidentSetSize of job (KB)
...
006 (78851234.080.000) 2026-09-30 16:36:33 Image size of job updated: 1709952
	1670  -  MemoryUsage of job (MB)
	1709952  -  ResidentSetSize of job (KB)
...
006 (78851234.080.000) 2026-09-30 16:41:33 Image size of job updated: 1712000
	1672  -  MemoryUsage of job (MB)
	1712000  -  ResidentSetSize of job (KB)
...
006 (78851234.080.000) 2026-09-30 16:46:34 Image size of job updated: 1712016
	1672  -  MemoryUsage of job (MB)
	1712016  -  ResidentSetSize of job (KB)
...
006 (78851234.080.000) 2026-09-30 16:51:34 Image size of job updated: 1712024
	1672  -  MemoryUsage of job (MB)
	1712024  -  ResidentSetSize of job (KB)
...
006 (78851234.080.000) 2026-09-30 16:56:35 Image size of job updated: 1712044
	1672  -  MemoryUsage of job (MB)
	1712044  -  ResidentSetSize of job (KB)
...
006 (78851234.080.000) 2026-09-30 17:01:35 Image size of job updated: 1714076
	1674  -  MemoryUsage of job (MB)
	1714076  -  ResidentSetSize of job (KB)
...
006 (78851234.080.000) 2026-09-30 17:06:37 Image size of job updated: 1714104
	1674  -  MemoryUsage of job (MB)
	1714104  -  ResidentSetSize of job (KB)
...
006 (78851234.080.000) 2026-09-30 17:11:37 Image size of job updated: 1714120
	1674  -  MemoryUsage of job (MB)
	1714120  -  ResidentSetSize of job (KB)
...
006 (78851234.080.000) 2026-09-30 17:16:37 Image size of job updated: 1714124
	1674  -  MemoryUsage of job (MB)
	1714124  -  ResidentSetSize of job (KB)
...
006 (78851234.080.000) 2026-09-30 17:21:38 Image size of job updated: 1714136
	1674  -  MemoryUsage of job (MB)
	1714136  -  ResidentSetSize of job (KB)
...
006 (78851234.080.000) 2026-09-30 17:26:38 Image size of job updated: 1714140
	1674  -  MemoryUsage of job (MB)
	1714140  -  ResidentSetSize of job (KB)
...
006 (78851234.080.000) 2026-09-30 17:31:39 Image size of job updated: 1714156
	1674  -  MemoryUsage of job (MB)
	1714156  -  ResidentSetSize of job (KB)
...
006 (78851234.080.000) 2026-09-30 17:36:39 Image size of job updated: 1716180
	1676  -  MemoryUsage of job (MB)
	1716180  -  ResidentSetSize of job (KB)
...
006 (78851234.080.000) 2026-09-30 17:41:40 Image size of job updated: 1716196
	1676  -  MemoryUsage of job (MB)
	1716196  -  ResidentSetSize of job (KB)
...
006 (78851234.080.000) 2026-09-30 17:46:40 Image size of job updated: 1716224
	1676  -  MemoryUsage of job (MB)
	1716224  -  ResidentSetSize of job (KB)
...
006 (78851234.080.000) 2026-09-30 17:51:40 Image size of job updated: 1716248
	1677  -  MemoryUsage of job (MB)
	1716248  -  ResidentSetSize of job (KB)
...
006 (78851234.080.000) 2026-09-30 17:56:41 Image size of job updated: 1716260
	1677  -  MemoryUsage of job (MB)
	1716260  -  ResidentSetSize of job (KB)
...
006 (78851234.080.000) 2026-09-30 18:06:42 Image size of job updated: 1716276
	1677  -  MemoryUsage of job (MB)
	1716276  -  ResidentSetSize of job (KB)
...
006 (78851234.080.000) 2026-09-30 18:16:43 Image size of job updated: 1716288
	1677  -  MemoryUsage of job (MB)
	1716288  -  ResidentSetSize of job (KB)
...
006 (78851234.080.000) 2026-09-30 18:21:44 Image size of job updated: 1716300
	1677  -  MemoryUsage of job (MB)
	1716300  -  ResidentSetSize of job (KB)
...
006 (78851234.080.000) 2026-09-30 18:26:44 Image size of job updated: 1716308
	1677  -  MemoryUsage of job (MB)
	1716308  -  ResidentSetSize of job (KB)
...
006 (78851234.080.000) 2026-09-30 18:31:45 Image size of job updated: 1716328
	1677  -  MemoryUsage of job (MB)
	1716328  -  ResidentSetSize of job (KB)
...
006 (78851234.080.000) 2026-09-30 18:36:46 Image size of job updated: 1717848
	1678  -  MemoryUsage of job (MB)
	1717848  -  ResidentSetSize of job (KB)
...
006 (78851234.080.000) 2026-09-30 18:41:46 Image size of job updated: 1717856
	1678  -  MemoryUsage of job (MB)
	1717856  -  ResidentSetSize of job (KB)
...
006 (78851234.080.000) 2026-09-30 18:46:47 Image size of job updated: 1721204
	1681  -  MemoryUsage of job (MB)
	1721204  -  ResidentSetSize of job (KB)
...
006 (78851234.080.000) 2026-09-30 18:51:47 Image size of job updated: 1721224
	1681  -  MemoryUsage of job (MB)
	1721224  -  ResidentSetSize of job (KB)
...
006 (78851234.080.000) 2026-09-30 18:56:48 Image size of job updated: 1721248
	1681  -  MemoryUsage of job (MB)
	1721248  -  ResidentSetSize of job (KB)
...
006 (78851234.080.000) 2026-09-30 19:01:49 Image size of job updated: 1726376
	1686  -  MemoryUsage of job (MB)
	1726376  -  ResidentSetSize of job (KB)
...
006 (78851234.080.000) 2026-09-30 19:06:49 Image size of job updated: 1726384
	1686  -  MemoryUsage of job (MB)
	1726384  -  ResidentSetSize of job (KB)
...
006 (78851234.080.000) 2026-09-30 19:11:50 Image size of job updated: 1733040
	1693  -  MemoryUsage of job (MB)
	1733040  -  ResidentSetSize of job (KB)
...
006 (78851234.080.000) 2026-09-30 19:16:50 Image size of job updated: 1733044
	1693  -  MemoryUsage of job (MB)
	1733044  -  ResidentSetSize of job (KB)
...
006 (78851234.080.000) 2026-09-30 19:21:51 Image size of job updated: 1733052
	1693  -  MemoryUsage of job (MB)
	1733044  -  ResidentSetSize of job (KB)
...
006 (78851234.080.000) 2026-09-30 20:57:03 Image size of job updated: 1735056
	1695  -  MemoryUsage of job (MB)
	1735056  -  ResidentSetSize of job (KB)
...
006 (78851234.080.000) 2026-09-30 21:02:03 Image size of job updated: 1735060
	1695  -  MemoryUsage of job (MB)
	1735060  -  ResidentSetSize of job (KB)
...
006 (78851234.080.000) 2026-09-30 21:07:04 Image size of job updated: 1746388
	1706  -  MemoryUsage of job (MB)
	1746388  -  ResidentSetSize of job (KB)
...
006 (78851234.080.000) 2026-09-30 21:12:04 Image size of job updated: 1746408
	1706  -  MemoryUsage of job (MB)
	1746408  -  ResidentSetSize of job (KB)
...
006 (78851234.080.000) 2026-09-30 21:17:04 Image size of job updated: 1748476
	1707  -  MemoryUsage of job (MB)
	1747476  -  ResidentSetSize of job (KB)
...
006 (78851234.080.000) 2026-09-30 21:27:05 Image size of job updated: 1748476
	1707  -  MemoryUsage of job (MB)
	1747480  -  ResidentSetSize of job (KB)
...
006 (78851234.080.000) 2026-09-30 21:32:06 Image size of job updated: 1748476
	1707  -  MemoryUsage of job (MB)
	1747488  -  ResidentSetSize of job (KB)
...
006 (78851234.080.000) 2026-09-30 21:37:06 Image size of job updated: 1748476
	1707  -  MemoryUsage of job (MB)
	1747496  -  ResidentSetSize of job (KB)
...
006 (78851234.080.000) 2026-09-30 21:42:07 Image size of job updated: 1748476
	1707  -  MemoryUsage of job (MB)
	1747568  -  ResidentSetSize of job (KB)
...
006 (78851234.080.000) 2026-09-30 21:47:08 Image size of job updated: 1748476
	1707  -  MemoryUsage of job (MB)
	1747588  -  ResidentSetSize of job (KB)
...
006 (78851234.080.000) 2026-09-30 21:52:08 Image size of job updated: 1749540
	1709  -  MemoryUsage of job (MB)
	1749540  -  ResidentSetSize of job (KB)
...
006 (78851234.080.000) 2026-09-30 21:57:09 Image size of job updated: 1749544
	1709  -  MemoryUsage of job (MB)
	1749544  -  ResidentSetSize of job (KB)
...
006 (78851234.080.000) 2026-09-30 22:02:09 Image size of job updated: 1750560
	1710  -  MemoryUsage of job (MB)
	1750560  -  ResidentSetSize of job (KB)
...
006 (78851234.080.000) 2026-09-30 22:07:10 Image size of job updated: 1750568
	1710  -  MemoryUsage of job (MB)
	1750568  -  ResidentSetSize of job (KB)
...
006 (78851234.080.000) 2026-09-30 22:12:10 Image size of job updated: 1751584
	1711  -  MemoryUsage of job (MB)
	1751584  -  ResidentSetSize of job (KB)
...
006 (78851234.080.000) 2026-09-30 22:17:10 Image size of job updated: 1751592
	1711  -  MemoryUsage of job (MB)
	1751592  -  ResidentSetSize of job (KB)
...
006 (78851234.080.000) 2026-09-30 22:32:11 Image size of job updated: 1752604
	1712  -  MemoryUsage of job (MB)
	1752604  -  ResidentSetSize of job (KB)
...
006 (78851234.080.000) 2026-09-30 22:47:13 Image size of job updated: 1752620
	1712  -  MemoryUsage of job (MB)
	1752620  -  ResidentSetSize of job (KB)
...
006 (78851234.080.000) 2026-09-30 22:57:13 Image size of job updated: 1754636
	1714  -  MemoryUsage of job (MB)
	1754636  -  ResidentSetSize of job (KB)
...
006 (78851234.080.000) 2026-09-30 23:07:14 Image size of job updated: 1754644
	1714  -  MemoryUsage of job (MB)
	1754636  -  ResidentSetSize of job (KB)
...
006 (78851234.080.000) 2026-09-30 23:17:15 Image size of job updated: 1755656
	1714  -  MemoryUsage of job (MB)
	1754648  -  ResidentSetSize of job (KB)
...
006 (78851234.080.000) 2026-09-30 23:42:17 Image size of job updated: 1755656
	1715  -  MemoryUsage of job (MB)
	1755520  -  ResidentSetSize of job (KB)
...
006 (78851234.080.000) 2026-09-30 23:52:19 Image size of job updated: 1757540
	1716  -  MemoryUsage of job (MB)
	1756532  -  ResidentSetSize of job (KB)
...
006 (78851234.080.000) 2026-09-30 23:57:19 Image size of job updated: 1757540
	1716  -  MemoryUsage of job (MB)
	1756536  -  ResidentSetSize of job (KB)
...
006 (78851234.080.000) 2026-10-01 00:02:20 Image size of job updated: 1758552
	1718  -  MemoryUsage of job (MB)
	1758552  -  ResidentSetSize of job (KB)
...
006 (78851234.080.000) 2026-10-01 00:17:21 Image size of job updated: 1758556
	1718  -  MemoryUsage of job (MB)
	1758556  -  ResidentSetSize of job (KB)
...
006 (78851234.080.000) 2026-10-01 00:22:21 Image size of job updated: 1759568
	1718  -  MemoryUsage of job (MB)
	1758560  -  ResidentSetSize of job (KB)
...
006 (78851234.080.000) 2026-10-01 00:27:22 Image size of job updated: 1759568
	1718  -  MemoryUsage of job (MB)
	1758564  -  ResidentSetSize of job (KB)
...
006 (78851234.080.000) 2026-10-01 00:47:23 Image size of job updated: 1765444
	1725  -  MemoryUsage of job (MB)
	1765444  -  ResidentSetSize of job (KB)
...
006 (78851234.080.000) 2026-10-01 01:07:25 Image size of job updated: 1765448
	1725  -  MemoryUsage of job (MB)
	1765448  -  ResidentSetSize of job (KB)
...
006 (78851234.080.000) 2026-10-01 01:12:26 Image size of job updated: 1768472
	1728  -  MemoryUsage of job (MB)
	1768472  -  ResidentSetSize of job (KB)
...
006 (78851234.080.000) 2026-10-01 01:17:26 Image size of job updated: 1768476
	1728  -  MemoryUsage of job (MB)
	1768476  -  ResidentSetSize of job (KB)
...
006 (78851234.080.000) 2026-10-01 01:47:30 Image size of job updated: 1769484
	1729  -  MemoryUsage of job (MB)
	1769484  -  ResidentSetSize of job (KB)
...
006 (78851234.080.000) 2026-10-01 01:57:31 Image size of job updated: 1772848
	1732  -  MemoryUsage of job (MB)
	1772848  -  ResidentSetSize of job (KB)
...
006 (78851234.080.000) 2026-10-01 02:02:31 Image size of job updated: 1772852
	1732  -  MemoryUsage of job (MB)
	1772852  -  ResidentSetSize of job (KB)
...
006 (78851234.080.000) 2026-10-01 02:07:31 Image size of job updated: 1772856
	1732  -  MemoryUsage of job (MB)
	1772856  -  ResidentSetSize of job (KB)
...
006 (78851234.080.000) 2026-10-01 02:17:32 Image size of job updated: 1772860
	1732  -  MemoryUsage of job (MB)
	1772860  -  ResidentSetSize of job (KB)
...
006 (78851234.080.000) 2026-10-01 02:22:33 Image size of job updated: 1773868
	1733  -  MemoryUsage of job (MB)
	1773868  -  ResidentSetSize of job (KB)
...
006 (78851234.080.000) 2026-10-01 02:37:34 Image size of job updated: 1773872
	1733  -  MemoryUsage of job (MB)
	1773872  -  ResidentSetSize of job (KB)
...
006 (78851234.080.000) 2026-10-01 02:42:35 Image size of job updated: 1774880
	1734  -  MemoryUsage of job (MB)
	1774880  -  ResidentSetSize of job (KB)
...
006 (78851234.080.000) 2026-10-01 02:47:35 Image size of job updated: 1774888
	1734  -  MemoryUsage of job (MB)
	1774888  -  ResidentSetSize of job (KB)
...
006 (78851234.080.000) 2026-10-01 02:57:36 Image size of job updated: 1782316
	1740  -  MemoryUsage of job (MB)
	1781324  -  ResidentSetSize of job (KB)
...
006 (78851234.080.000) 2026-10-01 03:07:37 Image size of job updated: 1782332
	1740  -  MemoryUsage of job (MB)
	1781324  -  ResidentSetSize of job (KB)
...
006 (78851234.080.000) 2026-10-01 03:17:38 Image size of job updated: 1782332
	1741  -  MemoryUsage of job (MB)
	1782332  -  ResidentSetSize of job (KB)
...
006 (78851234.080.000) 2026-10-01 03:22:38 Image size of job updated: 1782336
	1741  -  MemoryUsage of job (MB)
	1782336  -  ResidentSetSize of job (KB)
...
006 (78851234.080.000) 2026-10-01 03:27:38 Image size of job updated: 1782340
	1741  -  MemoryUsage of job (MB)
	1782340  -  ResidentSetSize of job (KB)
...
006 (78851234.080.000) 2026-10-01 03:37:39 Image size of job updated: 1783352
	1742  -  MemoryUsage of job (MB)
	1783352  -  ResidentSetSize of job (KB)
...
006 (78851234.080.000) 2026-10-01 04:17:43 Image size of job updated: 1783356
	1742  -  MemoryUsage of job (MB)
	1783356  -  ResidentSetSize of job (KB)
...
006 (78851234.080.000) 2026-10-01 04:47:46 Image size of job updated: 1790220
	1748  -  MemoryUsage of job (MB)
	1789216  -  ResidentSetSize of job (KB)
...
006 (78851234.080.000) 2026-10-01 05:17:50 Image size of job updated: 1791232
	1750  -  MemoryUsage of job (MB)
	1791232  -  ResidentSetSize of job (KB)
...
006 (78851234.080.000) 2026-10-01 06:02:55 Image size of job updated: 1792240
	1751  -  MemoryUsage of job (MB)
	1792240  -  ResidentSetSize of job (KB)
...
006 (78851234.080.000) 2026-10-01 06:17:56 Image size of job updated: 1792244
	1751  -  MemoryUsage of job (MB)
	1792244  -  ResidentSetSize of job (KB)
...
006 (78851234.080.000) 2026-10-01 06:37:58 Image size of job updated: 1793252
	1752  -  MemoryUsage of job (MB)
	1793252  -  ResidentSetSize of job (KB)
...
006 (78851234.080.000) 2026-10-01 06:47:59 Image size of job updated: 1793268
	1752  -  MemoryUsage of job (MB)
	1793252  -  ResidentSetSize of job (KB)
...
006 (78851234.080.000) 2026-10-01 07:03:00 Image size of job updated: 1793268
	1752  -  MemoryUsage of job (MB)
	1793256  -  ResidentSetSize of job (KB)
...
006 (78851234.080.000) 2026-10-01 07:13:01 Image size of job updated: 1793268
	1752  -  MemoryUsage of job (MB)
	1793260  -  ResidentSetSize of job (KB)
...
006 (78851234.080.000) 2026-10-01 07:23:02 Image size of job updated: 1794268
	1753  -  MemoryUsage of job (MB)
	1794268  -  ResidentSetSize of job (KB)
...
006 (78851234.080.000) 2026-10-01 07:43:04 Image size of job updated: 1795276
	1754  -  MemoryUsage of job (MB)
	1795276  -  ResidentSetSize of job (KB)
...
006 (78851234.080.000) 2026-10-01 07:48:04 Image size of job updated: 1795280
	1754  -  MemoryUsage of job (MB)
	1795280  -  ResidentSetSize of job (KB)
...
006 (78851234.080.000) 2026-10-01 07:53:05 Image size of job updated: 1795288
	1754  -  MemoryUsage of job (MB)
	1795288  -  ResidentSetSize of job (KB)
...
006 (78851234.080.000) 2026-10-01 08:03:06 Image size of job updated: 1795292
	1754  -  MemoryUsage of job (MB)
	1795292  -  ResidentSetSize of job (KB)
...
006 (78851234.080.000) 2026-10-01 08:28:09 Image size of job updated: 1796300
	1755  -  MemoryUsage of job (MB)
	1796300  -  ResidentSetSize of job (KB)
...
006 (78851234.080.000) 2026-10-01 08:33:09 Image size of job updated: 1796304
	1755  -  MemoryUsage of job (MB)
	1796304  -  ResidentSetSize of job (KB)
...
006 (78851234.080.000) 2026-10-01 09:48:16 Image size of job updated: 1796324
	1755  -  MemoryUsage of job (MB)
	1796324  -  ResidentSetSize of job (KB)
...
006 (78851234.080.000) 2026-10-01 10:08:18 Image size of job updated: 1796328
	1755  -  MemoryUsage of job (MB)
	1796328  -  ResidentSetSize of job (KB)
...
006 (78851234.080.000) 2026-10-01 10:13:19 Image size of job updated: 1797336
	1756  -  MemoryUsage of job (MB)
	1797336  -  ResidentSetSize of job (KB)
...
006 (78851234.080.000) 2026-10-01 10:23:20 Image size of job updated: 1799344
	1757  -  MemoryUsage of job (MB)
	1798344  -  ResidentSetSize of job (KB)
...
006 (78851234.080.000) 2026-10-01 10:38:21 Image size of job updated: 1799344
	1757  -  MemoryUsage of job (MB)
	1798348  -  ResidentSetSize of job (KB)
...
006 (78851234.080.000) 2026-10-01 10:48:22 Image size of job updated: 1799356
	1758  -  MemoryUsage of job (MB)
	1799356  -  ResidentSetSize of job (KB)
...
006 (78851234.080.000) 2026-10-01 11:23:25 Image size of job updated: 1800364
	1759  -  MemoryUsage of job (MB)
	1800364  -  ResidentSetSize of job (KB)
...
006 (78851234.080.000) 2026-10-01 11:53:28 Image size of job updated: 1801360
	1760  -  MemoryUsage of job (MB)
	1801360  -  ResidentSetSize of job (KB)
...
006 (78851234.080.000) 2026-10-01 11:58:29 Image size of job updated: 1801372
	1760  -  MemoryUsage of job (MB)
	1801360  -  ResidentSetSize of job (KB)
...
006 (78851234.080.000) 2026-10-01 12:08:29 Image size of job updated: 1815576
	1760  -  MemoryUsage of job (MB)
	1801360  -  ResidentSetSize of job (KB)
...
006 (78851234.080.000) 2026-10-01 13:18:37 Image size of job updated: 1817216
	1760  -  MemoryUsage of job (MB)
	1801360  -  ResidentSetSize of job (KB)
...
006 (78851234.080.000) 2026-10-01 13:43:39 Image size of job updated: 1818228
	1760  -  MemoryUsage of job (MB)
	1801360  -  ResidentSetSize of job (KB)
...
006 (78851234.080.000) 2026-10-01 14:38:45 Image size of job updated: 1820484
	1778  -  MemoryUsage of job (MB)
	1820484  -  ResidentSetSize of job (KB)
...
006 (78851234.080.000) 2026-10-01 15:43:51 Image size of job updated: 1820500
	1778  -  MemoryUsage of job (MB)
	1820484  -  ResidentSetSize of job (KB)
...
004 (78851234.080.000) 2026-10-01 15:46:46 Job was evicted. Code 1019 Subcode 0
	(0) CPU times
		Usr 8 21:16:13, Sys 0 00:08:53  -  Run Remote Usage
		Usr 0 00:00:00, Sys 0 00:00:00  -  Run Local Usage
	0  -  Run Bytes Sent By Job
	0  -  Run Bytes Received By Job
	Reason: Preempted for a Priority user
	Partitionable Resources :    Usage  Request Allocated 
	   Cpus                 :     8.03        4         4 
	   Disk (KB)            : 25000       25000     28672 
	   GPUs                 :                           0 
	   Memory (MB)          :  1778        6000      6016 
	   TimeExecute (s)      : 97846                       
	   TimeSlotBusy (s)     : 97846                       
...
001 (78851234.080.000) 2026-10-01 15:50:57 Job executing on host: <10.14.10.55:9618?addrs=10.14.10.55-9618&alias=node2305.cluster.ldas.cit&noUDP&sock=startd_2740026_8246>
	SlotName: slot1_17@node2305.cluster.ldas.cit
	CondorScratchDir = "/var/lib/condor/execute/dir_2941529/scratch"
	Cpus = 4
	Disk = 28672
	GPUs = 0
	Memory = 6016
...
004 (78851234.080.000) 2026-10-02 16:45:58 Job was evicted. Code 1019 Subcode 0
	(0) CPU times
		Usr 11 13:05:49, Sys 0 00:15:14  -  Run Remote Usage
		Usr 0 00:00:00, Sys 0 00:00:00  -  Run Local Usage
	0  -  Run Bytes Sent By Job
	0  -  Run Bytes Received By Job
	Reason: Preempted for a Priority user
	Partitionable Resources :    Usage  Request Allocated 
	   Cpus                 :    15.52        4         4 
	   Disk (KB)            : 25000       25000     28672 
	   GPUs                 :                           0 
	   Memory (MB)          :  1954        6000      6016 
	   TimeExecute (s)      : 89701                       
	   TimeSlotBusy (s)     : 89702                       
...
001 (78851234.080.000) 2026-10-02 16:49:01 Job executing on host: <10.14.9.165:9618?addrs=10.14.9.165-9618&alias=node2165.cluster.ldas.cit&noUDP&sock=startd_4104832_e7ba>
	SlotName: slot1_8@node2165.cluster.ldas.cit
	CondorScratchDir = "/var/lib/condor/execute/dir_1945394/scratch"
	Cpus = 4
	Disk = 28672
	GPUs = 0
	Memory = 6016
...
005 (78851234.080.000) 2026-10-02 16:49:01 Job terminated.
	(1) Normal termination (return value 1)
		Usr 0 00:00:00, Sys 0 00:00:00  -  Run Remote Usage
		Usr 0 00:00:00, Sys 0 00:00:00  -  Run Local Usage
		Usr 20 10:22:02, Sys 0 00:24:07  -  Total Remote Usage
		Usr 0 00:00:00, Sys 0 00:00:00  -  Total Local Usage
	0  -  Run Bytes Sent By Job
	0  -  Run Bytes Received By Job
	0  -  Total Bytes Sent By Job
	0  -  Total Bytes Received By Job
	Partitionable Resources :    Usage  Request Allocated 
	   Cpus                 :        0        4         4 
	   Disk (KB)            :    25000    25000     28672 
	   GPUs                 :                           0 
	   Memory (MB)          :     1954     6000      6016 
	   TimeExecute (s)      :        0                    
	   TimeSlotBusy (s)     :        1                    
...
000 (78854872.080.000) 2026-10-03 17:21:23 Job submitted from host: <10.14.0.121:9618?addrs=10.14.0.121-9618&alias=ldas-pcdev12.ligo.caltech.edu&noUDP&sock=schedd_623140_c9b4>
...
001 (78854872.080.000) 2026-10-03 17:22:11 Job executing on host: <10.14.5.152:9618?addrs=10.14.5.152-9618&alias=node1152.cluster.ldas.cit&noUDP&sock=startd_354164_9fd7>
	SlotName: slot1_2@node1152.cluster.ldas.cit
	CondorScratchDir = "/var/lib/condor/execute/dir_502906/scratch"
	Cpus = 4
	Disk = 28672
	GPUs = 0
	Memory = 6016
...
006 (78854872.080.000) 2026-10-03 17:22:19 Image size of job updated: 121640
	119  -  MemoryUsage of job (MB)
	121640  -  ResidentSetSize of job (KB)
...
006 (78854872.080.000) 2026-10-03 17:27:19 Image size of job updated: 620820
	607  -  MemoryUsage of job (MB)
	620820  -  ResidentSetSize of job (KB)
...
006 (78854872.080.000) 2026-10-03 17:32:20 Image size of job updated: 629796
	616  -  MemoryUsage of job (MB)
	629796  -  ResidentSetSize of job (KB)
...
006 (78854872.080.000) 2026-10-03 17:37:21 Image size of job updated: 673016
	657  -  MemoryUsage of job (MB)
	672012  -  ResidentSetSize of job (KB)
...
006 (78854872.080.000) 2026-10-03 17:42:21 Image size of job updated: 676476
	661  -  MemoryUsage of job (MB)
	676476  -  ResidentSetSize of job (KB)
...
006 (78854872.080.000) 2026-10-03 17:47:21 Image size of job updated: 685464
	670  -  MemoryUsage of job (MB)
	685464  -  ResidentSetSize of job (KB)
...
006 (78854872.080.000) 2026-10-03 17:52:22 Image size of job updated: 709288
	678  -  MemoryUsage of job (MB)
	693376  -  ResidentSetSize of job (KB)
...
006 (78854872.080.000) 2026-10-03 17:57:22 Image size of job updated: 709288
	678  -  MemoryUsage of job (MB)
	693712  -  ResidentSetSize of job (KB)
...
006 (78854872.080.000) 2026-10-03 18:02:22 Image size of job updated: 779344
	699  -  MemoryUsage of job (MB)
	715340  -  ResidentSetSize of job (KB)
...
006 (78854872.080.000) 2026-10-03 18:07:24 Image size of job updated: 779344
	701  -  MemoryUsage of job (MB)
	717132  -  ResidentSetSize of job (KB)
...
006 (78854872.080.000) 2026-10-03 18:12:24 Image size of job updated: 779344
	756  -  MemoryUsage of job (MB)
	773304  -  ResidentSetSize of job (KB)
...
006 (78854872.080.000) 2026-10-03 18:17:24 Image size of job updated: 779344
	756  -  MemoryUsage of job (MB)
	773344  -  ResidentSetSize of job (KB)
...
006 (78854872.080.000) 2026-10-03 18:27:26 Image size of job updated: 794028
	756  -  MemoryUsage of job (MB)
	773344  -  ResidentSetSize of job (KB)
...
006 (78854872.080.000) 2026-10-03 19:02:29 Image size of job updated: 797132
	756  -  MemoryUsage of job (MB)
	773344  -  ResidentSetSize of job (KB)
...
006 (78854872.080.000) 2026-10-03 19:17:30 Image size of job updated: 803748
	756  -  MemoryUsage of job (MB)
	773344  -  ResidentSetSize of job (KB)
...
006 (78854872.080.000) 2026-10-03 20:17:37 Image size of job updated: 810532
	756  -  MemoryUsage of job (MB)
	773344  -  ResidentSetSize of job (KB)
...
006 (78854872.080.000) 2026-10-03 20:42:38 Image size of job updated: 811072
	756  -  MemoryUsage of job (MB)
	773344  -  ResidentSetSize of job (KB)
...
006 (78854872.080.000) 2026-10-03 21:07:40 Image size of job updated: 812772
	756  -  MemoryUsage of job (MB)
	773344  -  ResidentSetSize of job (KB)
...
006 (78854872.080.000) 2026-10-03 21:32:43 Image size of job updated: 812772
	781  -  MemoryUsage of job (MB)
	799360  -  ResidentSetSize of job (KB)
...
000 (78854906.080.000) 2026-10-03 21:36:50 Job submitted from host: <10.14.0.121:9618?addrs=10.14.0.121-9618&alias=ldas-pcdev12.ligo.caltech.edu&noUDP&sock=schedd_623140_c9b4>
...
006 (78854872.080.000) 2026-10-03 21:37:44 Image size of job updated: 812772
	786  -  MemoryUsage of job (MB)
	804416  -  ResidentSetSize of job (KB)
...
004 (78854872.080.000) 2026-10-03 21:37:58 Job was evicted. Code 1023 Subcode 0
	(0) CPU times
		Usr 0 23:26:27, Sys 0 00:07:42  -  Run Remote Usage
		Usr 0 00:00:00, Sys 0 00:00:00  -  Run Local Usage
	0  -  Run Bytes Sent By Job
	0  -  Run Bytes Received By Job
	Reason: via condor_rm (by user pratyusava.baral)
	Partitionable Resources :    Usage  Request Allocated 
	   Cpus                 :     4.01        4         4 
	   Disk (KB)            : 25000       25000     28672 
	   GPUs                 :                           0 
	   Memory (MB)          :   786        6000      6016 
	   TimeExecute (s)      : 15347                       
	   TimeSlotBusy (s)     : 15348                       
...
009 (78854872.080.000) 2026-10-03 21:37:58 Job was aborted.
	via condor_rm (by user pratyusava.baral)
...
001 (78854906.080.000) 2026-10-03 21:38:42 Job executing on host: <10.14.6.200:9618?addrs=10.14.6.200-9618&alias=node1450.cluster.ldas.cit&noUDP&sock=startd_33533_6d64>
	SlotName: slot1_2@node1450.cluster.ldas.cit
	CondorScratchDir = "/var/lib/condor/execute/dir_865207/scratch"
	Cpus = 4
	Disk = 28672
	GPUs = 0
	Memory = 6016
...
006 (78854906.080.000) 2026-10-03 21:38:50 Image size of job updated: 169416
	166  -  MemoryUsage of job (MB)
	169416  -  ResidentSetSize of job (KB)
...
006 (78854906.080.000) 2026-10-03 21:43:50 Image size of job updated: 465056
	455  -  MemoryUsage of job (MB)
	465056  -  ResidentSetSize of job (KB)
...
006 (78854906.080.000) 2026-10-03 21:48:50 Image size of job updated: 632240
	618  -  MemoryUsage of job (MB)
	632240  -  ResidentSetSize of job (KB)
...
006 (78854906.080.000) 2026-10-03 21:53:51 Image size of job updated: 650616
	636  -  MemoryUsage of job (MB)
	650616  -  ResidentSetSize of job (KB)
...
006 (78854906.080.000) 2026-10-03 21:58:51 Image size of job updated: 668652
	653  -  MemoryUsage of job (MB)
	668652  -  ResidentSetSize of job (KB)
...
006 (78854906.080.000) 2026-10-03 22:03:51 Image size of job updated: 739804
	694  -  MemoryUsage of job (MB)
	710232  -  ResidentSetSize of job (KB)
...
006 (78854906.080.000) 2026-10-03 22:08:53 Image size of job updated: 739804
	705  -  MemoryUsage of job (MB)
	721640  -  ResidentSetSize of job (KB)
...
006 (78854906.080.000) 2026-10-03 22:13:53 Image size of job updated: 744540
	705  -  MemoryUsage of job (MB)
	721640  -  ResidentSetSize of job (KB)
...
006 (78854906.080.000) 2026-10-03 22:15:18 Image size of job updated: 761228
	705  -  MemoryUsage of job (MB)
	721640  -  ResidentSetSize of job (KB)
...
005 (78854906.080.000) 2026-10-03 22:15:18 Job terminated.
	(1) Normal termination (return value 0)
		Usr 0 04:33:18, Sys 0 00:00:15  -  Run Remote Usage
		Usr 0 00:00:00, Sys 0 00:00:00  -  Run Local Usage
		Usr 0 04:33:18, Sys 0 00:00:15  -  Total Remote Usage
		Usr 0 00:00:00, Sys 0 00:00:00  -  Total Local Usage
	0  -  Run Bytes Sent By Job
	0  -  Run Bytes Received By Job
	0  -  Total Bytes Sent By Job
	0  -  Total Bytes Received By Job
	Partitionable Resources :    Usage  Request Allocated 
	   Cpus                 :     7.92        4         4 
	   Disk (KB)            : 25000       25000     28672 
	   GPUs                 :                           0 
	   Memory (MB)          :   705        6000      6016 
	   TimeExecute (s)      :  2196                       
	   TimeSlotBusy (s)     :  2197                       
...
000 (78855135.080.000) 2026-10-04 13:44:56 Job submitted from host: <10.14.0.121:9618?addrs=10.14.0.121-9618&alias=ldas-pcdev12.ligo.caltech.edu&noUDP&sock=schedd_623140_c9b4>
...
001 (78855135.080.000) 2026-10-04 13:49:18 Job executing on host: <10.14.6.240:9618?addrs=10.14.6.240-9618&alias=node1490.cluster.ldas.cit&noUDP&sock=startd_34754_ee87>
	SlotName: slot1_2@node1490.cluster.ldas.cit
	CondorScratchDir = "/var/lib/condor/execute/dir_821302/scratch"
	Cpus = 4
	Disk = 28672
	GPUs = 0
	Memory = 6016
...
006 (78855135.080.000) 2026-10-04 13:49:26 Image size of job updated: 207496
	203  -  MemoryUsage of job (MB)
	207496  -  ResidentSetSize of job (KB)
...
006 (78855135.080.000) 2026-10-04 13:49:31 Image size of job updated: 496968
	203  -  MemoryUsage of job (MB)
	207500  -  ResidentSetSize of job (KB)
...
005 (78855135.080.000) 2026-10-04 13:49:31 Job terminated.
	(1) Normal termination (return value 0)
		Usr 0 00:00:10, Sys 0 00:00:00  -  Run Remote Usage
		Usr 0 00:00:00, Sys 0 00:00:00  -  Run Local Usage
		Usr 0 00:00:10, Sys 0 00:00:00  -  Total Remote Usage
		Usr 0 00:00:00, Sys 0 00:00:00  -  Total Local Usage
	0  -  Run Bytes Sent By Job
	0  -  Run Bytes Received By Job
	0  -  Total Bytes Sent By Job
	0  -  Total Bytes Received By Job
	Partitionable Resources :    Usage  Request Allocated 
	   Cpus                 :                 4         4 
	   Disk (KB)            :    25000    25000     28672 
	   GPUs                 :                           0 
	   Memory (MB)          :      203     6000      6016 
	   TimeExecute (s)      :       13                    
	   TimeSlotBusy (s)     :       14                    
...
