000 (78851234.081.000) 2026-09-30 12:35:31 Job submitted from host: <10.14.0.121:9618?addrs=10.14.0.121-9618&alias=ldas-pcdev12.ligo.caltech.edu&noUDP&sock=schedd_623140_c9b4>
...
001 (78851234.081.000) 2026-09-30 12:36:00 Job executing on host: <10.14.4.82:9618?addrs=10.14.4.82-9618&alias=node832.cluster.ldas.cit&noUDP&sock=startd_2338582_50c9>
	SlotName: slot1_20@node832.cluster.ldas.cit
	CondorScratchDir = "/var/lib/condor/execute/dir_2488369/scratch"
	Cpus = 4
	Disk = 28672
	GPUs = 0
	Memory = 6016
...
006 (78851234.081.000) 2026-09-30 12:36:09 Image size of job updated: 156012
	153  -  MemoryUsage of job (MB)
	156012  -  ResidentSetSize of job (KB)
...
006 (78851234.081.000) 2026-09-30 12:41:10 Image size of job updated: 342268
	335  -  MemoryUsage of job (MB)
	342268  -  ResidentSetSize of job (KB)
...
006 (78851234.081.000) 2026-09-30 12:46:10 Image size of job updated: 343376
	336  -  MemoryUsage of job (MB)
	343376  -  ResidentSetSize of job (KB)
...
006 (78851234.081.000) 2026-09-30 12:51:11 Image size of job updated: 451000
	441  -  MemoryUsage of job (MB)
	451000  -  ResidentSetSize of job (KB)
...
006 (78851234.081.000) 2026-09-30 12:56:11 Image size of job updated: 451180
	441  -  MemoryUsage of job (MB)
	451180  -  ResidentSetSize of job (KB)
...
006 (78851234.081.000) 2026-09-30 13:01:11 Image size of job updated: 468908
	442  -  MemoryUsage of job (MB)
	452136  -  ResidentSetSize of job (KB)
...
006 (78851234.081.000) 2026-09-30 13:06:12 Image size of job updated: 468908
	442  -  MemoryUsage of job (MB)
	452288  -  ResidentSetSize of job (KB)
...
006 (78851234.081.000) 2026-09-30 13:11:12 Image size of job updated: 470624
	459  -  MemoryUsage of job (MB)
	469696  -  ResidentSetSize of job (KB)
...
006 (78851234.081.000) 2026-09-30 13:16:13 Image size of job updated: 470624
	459  -  MemoryUsage of job (MB)
	469824  -  ResidentSetSize of job (KB)
...
006 (78851234.081.000) 2026-09-30 13:31:14 Image size of job updated: 474356
	464  -  MemoryUsage of job (MB)
	474356  -  ResidentSetSize of job (KB)
...
006 (78851234.081.000) 2026-09-30 13:36:14 Image size of job updated: 474424
	464  -  MemoryUsage of job (MB)
	474424  -  ResidentSetSize of job (KB)
...
006 (78851234.081.000) 2026-09-30 13:41:15 Image size of job updated: 476272
	466  -  MemoryUsage of job (MB)
	476272  -  ResidentSetSize of job (KB)
...
006 (78851234.081.000) 2026-09-30 13:46:15 Image size of job updated: 476332
	466  -  MemoryUsage of job (MB)
	476332  -  ResidentSetSize of job (KB)
...
006 (78851234.081.000) 2026-09-30 13:51:15 Image size of job updated: 477592
	467  -  MemoryUsage of job (MB)
	477592  -  ResidentSetSize of job (KB)
...
006 (78851234.081.000) 2026-09-30 13:56:16 Image size of job updated: 477660
	467  -  MemoryUsage of job (MB)
	477660  -  ResidentSetSize of job (KB)
...
006 (78851234.081.000) 2026-09-30 14:01:16 Image size of job updated: 477708
	467  -  MemoryUsage of job (MB)
	477708  -  ResidentSetSize of job (KB)
...
006 (78851234.081.000) 2026-09-30 14:06:17 Image size of job updated: 479412
	469  -  MemoryUsage of job (MB)
	479412  -  ResidentSetSize of job (KB)
...
006 (78851234.081.000) 2026-09-30 14:11:17 Image size of job updated: 479468
	469  -  MemoryUsage of job (MB)
	479468  -  ResidentSetSize of job (KB)
...
006 (78851234.081.000) 2026-09-30 14:16:17 Image size of job updated: 479872
	469  -  MemoryUsage of job (MB)
	479872  -  ResidentSetSize of job (KB)
...
006 (78851234.081.000) 2026-09-30 14:21:18 Image size of job updated: 479932
	469  -  MemoryUsage of job (MB)
	479932  -  ResidentSetSize of job (KB)
...
006 (78851234.081.000) 2026-09-30 14:26:18 Image size of job updated: 497644
	486  -  MemoryUsage of job (MB)
	497644  -  ResidentSetSize of job (KB)
...
006 (78851234.081.000) 2026-09-30 14:31:19 Image size of job updated: 497724
	487  -  MemoryUsage of job (MB)
	497724  -  ResidentSetSize of job (KB)
...
006 (78851234.081.000) 2026-09-30 14:36:19 Image size of job updated: 512388
	499  -  MemoryUsage of job (MB)
	510276  -  ResidentSetSize of job (KB)
...
006 (78851234.081.000) 2026-09-30 14:41:20 Image size of job updated: 512388
	499  -  MemoryUsage of job (MB)
	510348  -  ResidentSetSize of job (KB)
...
006 (78851234.081.000) 2026-09-30 14:46:21 Image size of job updated: 512388
	499  -  MemoryUsage of job (MB)
	510888  -  ResidentSetSize of job (KB)
...
006 (78851234.081.000) 2026-09-30 14:51:21 Image size of job updated: 512388
	500  -  MemoryUsage of job (MB)
	511116  -  ResidentSetSize of job (KB)
...
006 (78851234.081.000) 2026-09-30 14:56:22 Image size of job updated: 512388
	500  -  MemoryUsage of job (MB)
	511164  -  ResidentSetSize of job (KB)
...
006 (78851234.081.000) 2026-09-30 15:01:22 Image size of job updated: 512388
	500  -  MemoryUsage of job (MB)
	511396  -  ResidentSetSize of job (KB)
...
006 (78851234.081.000) 2026-09-30 15:06:23 Image size of job updated: 512388
	500  -  MemoryUsage of job (MB)
	511492  -  ResidentSetSize of job (KB)
...
006 (78851234.081.000) 2026-09-30 15:11:23 Image size of job updated: 565216
	552  -  MemoryUsage of job (MB)
	565216  -  ResidentSetSize of job (KB)
...
006 (78851234.081.000) 2026-09-30 15:16:23 Image size of job updated: 565244
	552  -  MemoryUsage of job (MB)
	565244  -  ResidentSetSize of job (KB)
...
006 (78851234.081.000) 2026-09-30 15:21:24 Image size of job updated: 565308
	553  -  MemoryUsage of job (MB)
	565308  -  ResidentSetSize of job (KB)
...
006 (78851234.081.000) 2026-09-30 15:26:24 Image size of job updated: 565344
	553  -  MemoryUsage of job (MB)
	565344  -  ResidentSetSize of job (KB)
...
006 (78851234.081.000) 2026-09-30 15:31:25 Image size of job updated: 565412
	553  -  MemoryUsage of job (MB)
	565412  -  ResidentSetSize of job (KB)
...
006 (78851234.081.000) 2026-09-30 15:36:26 Image size of job updated: 565440
	553  -  MemoryUsage of job (MB)
	565440  -  ResidentSetSize of job (KB)
...
006 (78851234.081.000) 2026-09-30 15:41:26 Image size of job updated: 795460
	777  -  MemoryUsage of job (MB)
	795460  -  ResidentSetSize of job (KB)
...
006 (78851234.081.000) 2026-09-30 15:46:27 Image size of job updated: 1021092
	998  -  MemoryUsage of job (MB)
	1021092  -  ResidentSetSize of job (KB)
...
006 (78851234.081.000) 2026-09-30 15:51:27 Image size of job updated: 1278748
	1249  -  MemoryUsage of job (MB)
	1278748  -  ResidentSetSize of job (KB)
...
006 (78851234.081.000) 2026-09-30 15:56:27 Image size of job updated: 1534172
	1499  -  MemoryUsage of job (MB)
	1534172  -  ResidentSetSize of job (KB)
...
006 (78851234.081.000) 2026-09-30 16:01:28 Image size of job updated: 1700020
	1661  -  MemoryUsage of job (MB)
	1700020  -  ResidentSetSize of job (KB)
...
006 (78851234.081.000) 2026-09-30 16:06:28 Image size of job updated: 1700036
	1661  -  MemoryUsage of job (MB)
	1700036  -  ResidentSetSize of job (KB)
...
006 (78851234.081.000) 2026-09-30 16:11:29 Image size of job updated: 1700044
	1661  -  MemoryUsage of job (MB)
	1700044  -  ResidentSetSize of job (KB)
...
006 (78851234.081.000) 2026-09-30 16:16:29 Image size of job updated: 1700096
	1661  -  MemoryUsage of job (MB)
	1700096  -  ResidentSetSize of job (KB)
...
006 (78851234.081.000) 2026-09-30 16:21:29 Image size of job updated: 1700128
	1661  -  MemoryUsage of job (MB)
	1700128  -  ResidentSetSize of job (KB)
...
006 (78851234.081.000) 2026-09-30 16:26:30 Image size of job updated: 1700160
	1661  -  MemoryUsage of job (MB)
	1700160  -  ResidentSetSize of job (KB)
...
006 (78851234.081.000) 2026-09-30 16:31:30 Image size of job updated: 1700188
	1661  -  MemoryUsage of job (MB)
	1700188  -  ResidentSetSize of job (KB)
...
006 (78851234.081.000) 2026-09-30 16:36:31 Image size of job updated: 1700212
	1661  -  MemoryUsage of job (MB)
	1700212  -  ResidentSetSize of job (KB)
...
006 (78851234.081.000) 2026-09-30 16:41:31 Image size of job updated: 1700220
	1661  -  MemoryUsage of job (MB)
	1700220  -  ResidentSetSize of job (KB)
...
006 (78851234.081.000) 2026-09-30 16:46:32 Image size of job updated: 1700652
	1661  -  MemoryUsage of job (MB)
	1700652  -  ResidentSetSize of job (KB)
...
006 (78851234.081.000) 2026-09-30 16:51:33 Image size of job updated: 1700660
	1661  -  MemoryUsage of job (MB)
	1700660  -  ResidentSetSize of job (KB)
...
006 (78851234.081.000) 2026-09-30 16:56:33 Image size of job updated: 1701260
	1662  -  MemoryUsage of job (MB)
	1701260  -  ResidentSetSize of job (KB)
...
006 (78851234.081.000) 2026-09-30 17:01:34 Image size of job updated: 1701288
	1662  -  MemoryUsage of job (MB)
	1701288  -  ResidentSetSize of job (KB)
...
006 (78851234.081.000) 2026-09-30 17:06:34 Image size of job updated: 1703420
	1664  -  MemoryUsage of job (MB)
	1703420  -  ResidentSetSize of job (KB)
...
006 (78851234.081.000) 2026-09-30 17:16:35 Image size of job updated: 1703812
	1664  -  MemoryUsage of job (MB)
	1703812  -  ResidentSetSize of job (KB)
...
006 (78851234.081.000) 2026-09-30 17:21:35 Image size of job updated: 1703824
	1664  -  MemoryUsage of job (MB)
	1703824  -  ResidentSetSize of job (KB)
...
006 (78851234.081.000) 2026-09-30 17:26:36 Image size of job updated: 1703832
	1664  -  MemoryUsage of job (MB)
	1703832  -  ResidentSetSize of job (KB)
...
006 (78851234.081.000) 2026-09-30 17:31:36 Image size of job updated: 1704380
	1665  -  MemoryUsage of job (MB)
	1704380  -  ResidentSetSize of job (KB)
...
006 (78851234.081.000) 2026-09-30 17:36:37 Image size of job updated: 1704388
	1665  -  MemoryUsage of job (MB)
	1704388  -  ResidentSetSize of job (KB)
...
006 (78851234.081.000) 2026-09-30 17:41:37 Image size of job updated: 1706588
	1666  -  MemoryUsage of job (MB)
	1705588  -  ResidentSetSize of job (KB)
...
006 (78851234.081.000) 2026-09-30 17:46:38 Image size of job updated: 1706588
	1666  -  MemoryUsage of job (MB)
	1705600  -  ResidentSetSize of job (KB)
...
006 (78851234.081.000) 2026-09-30 17:51:39 Image size of job updated: 1706588
	1666  -  MemoryUsage of job (MB)
	1705620  -  ResidentSetSize of job (KB)
...
006 (78851234.081.000) 2026-09-30 17:56:39 Image size of job updated: 1706588
	1666  -  MemoryUsage of job (MB)
	1705632  -  ResidentSetSize of job (KB)
...
006 (78851234.081.000) 2026-09-30 18:01:40 Image size of job updated: 1707472
	1668  -  MemoryUsage of job (MB)
	1707472  -  ResidentSetSize of job (KB)
...
006 (78851234.081.000) 2026-09-30 18:06:40 Image size of job updated: 1707476
	1668  -  MemoryUsage of job (MB)
	1707476  -  ResidentSetSize of job (KB)
...
006 (78851234.081.000) 2026-09-30 18:11:41 Image size of job updated: 1708484
	1669  -  MemoryUsage of job (MB)
	1708484  -  ResidentSetSize of job (KB)
...
006 (78851234.081.000) 2026-09-30 18:16:42 Image size of job updated: 1708500
	1669  -  MemoryUsage of job (MB)
	1708500  -  ResidentSetSize of job (KB)
...
006 (78851234.081.000) 2026-09-30 18:21:42 Image size of job updated: 1708508
	1669  -  MemoryUsage of job (MB)
	1708508  -  ResidentSetSize of job (KB)
...
006 (78851234.081.000) 2026-09-30 18:26:43 Image size of job updated: 1708512
	1669  -  MemoryUsage of job (MB)
	1708512  -  ResidentSetSize of job (KB)
...
006 (78851234.081.000) 2026-09-30 18:31:43 Image size of job updated: 1708516
	1669  -  MemoryUsage of job (MB)
	1708516  -  ResidentSetSize of job (KB)
...
006 (78851234.081.000) 2026-09-30 18:36:44 Image size of job updated: 1709528
	1669  -  MemoryUsage of job (MB)
	1708520  -  ResidentSetSize of job (KB)
...
006 (78851234.081.000) 2026-09-30 18:41:45 Image size of job updated: 1709528
	1669  -  MemoryUsage of job (MB)
	1708524  -  ResidentSetSize of job (KB)
...
006 (78851234.081.000) 2026-09-30 18:46:45 Image size of job updated: 1710756
	1671  -  MemoryUsage of job (MB)
	1710756  -  ResidentSetSize of job (KB)
...
006 (78851234.081.000) 2026-09-30 18:51:46 Image size of job updated: 1710760
	1671  -  MemoryUsage of job (MB)
	1710760  -  ResidentSetSize of job (KB)
...
006 (78851234.081.000) 2026-09-30 18:56:46 Image size of job updated: 1711556
	1672  -  MemoryUsage of job (MB)
	1711556  -  ResidentSetSize of job (KB)
...
006 (78851234.081.000) 2026-09-30 19:11:48 Image size of job updated: 1711560
	1672  -  MemoryUsage of job (MB)
	1711560  -  ResidentSetSize of job (KB)
...
006 (78851234.081.000) 2026-09-30 19:16:49 Image size of job updated: 1711592
	1672  -  MemoryUsage of job (MB)
	1711592  -  ResidentSetSize of job (KB)
...
006 (78851234.081.000) 2026-09-30 19:21:49 Image size of job updated: 1716716
	1677  -  MemoryUsage of job (MB)
	1716716  -  ResidentSetSize of job (KB)
...
006 (78851234.081.000) 2026-09-30 19:26:50 Image size of job updated: 1716724
	1677  -  MemoryUsage of job (MB)
	1716724  -  ResidentSetSize of job (KB)
...
006 (78851234.081.000) 2026-09-30 19:36:50 Image size of job updated: 1716732
	1677  -  MemoryUsage of job (MB)
	1716732  -  ResidentSetSize of job (KB)
...
006 (78851234.081.000) 2026-09-30 19:41:51 Image size of job updated: 1716740
	1677  -  MemoryUsage of job (MB)
	1716740  -  ResidentSetSize of job (KB)
...
006 (78851234.081.000) 2026-09-30 19:51:52 Image size of job updated: 1716744
	1677  -  MemoryUsage of job (MB)
	1716744  -  ResidentSetSize of job (KB)
...
006 (78851234.081.000) 2026-09-30 19:56:52 Image size of job updated: 1716756
	1677  -  MemoryUsage of job (MB)
	1716756  -  ResidentSetSize of job (KB)
...
006 (78851234.081.000) 2026-09-30 20:11:54 Image size of job updated: 1716768
	1677  -  MemoryUsage of job (MB)
	1716768  -  ResidentSetSize of job (KB)
...
006 (78851234.081.000) 2026-09-30 20:26:55 Image size of job updated: 1716776
	1677  -  MemoryUsage of job (MB)
	1716776  -  ResidentSetSize of job (KB)
...
006 (78851234.081.000) 2026-09-30 20:36:56 Image size of job updated: 1716780
	1677  -  MemoryUsage of job (MB)
	1716780  -  ResidentSetSize of job (KB)
...
006 (78851234.081.000) 2026-09-30 20:41:57 Image size of job updated: 1717768
	1677  -  MemoryUsage of job (MB)
	1716780  -  ResidentSetSize of job (KB)
...
006 (78851234.081.000) 2026-09-30 20:51:57 Image size of job updated: 1718032
	1678  -  MemoryUsage of job (MB)
	1718032  -  ResidentSetSize of job (KB)
...
006 (78851234.081.000) 2026-09-30 20:56:58 Image size of job updated: 1718036
	1678  -  MemoryUsage of job (MB)
	1718036  -  ResidentSetSize of job (KB)
...
006 (78851234.081.000) 2026-09-30 21:22:01 Image size of job updated: 1718372
	1678  -  MemoryUsage of job (MB)
	1718036  -  ResidentSetSize of job (KB)
...
006 (78851234.081.000) 2026-09-30 21:37:02 Image size of job updated: 1720404
	1681  -  MemoryUsage of job (MB)
	1720404  -  ResidentSetSize of job (KB)
...
006 (78851234.081.000) 2026-09-30 21:42:02 Image size of job updated: 1720408
	1681  -  MemoryUsage of job (MB)
	1720408  -  ResidentSetSize of job (KB)
...
006 (78851234.081.000) 2026-09-30 21:47:03 Image size of job updated: 1720412
	1681  -  MemoryUsage of job (MB)
	1720412  -  ResidentSetSize of job (KB)
...
006 (78851234.081.000) 2026-09-30 21:57:04 Image size of job updated: 1720420
	1681  -  MemoryUsage of job (MB)
	1720420  -  ResidentSetSize of job (KB)
...
006 (78851234.081.000) 2026-09-30 22:12:06 Image size of job updated: 1720428
	1681  -  MemoryUsage of job (MB)
	1720428  -  ResidentSetSize of job (KB)
...
006 (78851234.081.000) 2026-09-30 22:17:06 Image size of job updated: 1720432
	1681  -  MemoryUsage of job (MB)
	1720432  -  ResidentSetSize of job (KB)
...
006 (78851234.081.000) 2026-09-30 22:22:07 Image size of job updated: 1726016
	1685  -  MemoryUsage of job (MB)
	1725012  -  ResidentSetSize of job (KB)
...
006 (78851234.081.000) 2026-09-30 22:32:08 Image size of job updated: 1726016
	1685  -  MemoryUsage of job (MB)
	1725016  -  ResidentSetSize of job (KB)
...
006 (78851234.081.000) 2026-09-30 22:37:09 Image size of job updated: 1726016
	1685  -  MemoryUsage of job (MB)
	1725024  -  ResidentSetSize of job (KB)
...
006 (78851234.081.000) 2026-09-30 22:52:10 Image size of job updated: 1726016
	1686  -  MemoryUsage of job (MB)
	1725492  -  ResidentSetSize of job (KB)
...
006 (78851234.081.000) 2026-09-30 22:57:11 Image size of job updated: 1726016
	1686  -  MemoryUsage of job (MB)
	1725496  -  ResidentSetSize of job (KB)
...
006 (78851234.081.000) 2026-09-30 23:02:11 Image size of job updated: 1726016
	1686  -  MemoryUsage of job (MB)
	1725504  -  ResidentSetSize of job (KB)
...
006 (78851234.081.000) 2026-09-30 23:07:12 Image size of job updated: 1729084
	1689  -  MemoryUsage of job (MB)
	1729084  -  ResidentSetSize of job (KB)
...
006 (78851234.081.000) 2026-09-30 23:12:13 Image size of job updated: 1729092
	1689  -  MemoryUsage of job (MB)
	1729092  -  ResidentSetSize of job (KB)
...
006 (78851234.081.000) 2026-09-30 23:17:13 Image size of job updated: 1729224
	1689  -  MemoryUsage of job (MB)
	1729224  -  ResidentSetSize of job (KB)
...
006 (78851234.081.000) 2026-09-30 23:27:14 Image size of job updated: 1729232
	1689  -  MemoryUsage of job (MB)
	1729232  -  ResidentSetSize of job (KB)
...
006 (78851234.081.000) 2026-09-30 23:37:15 Image size of job updated: 1729236
	1689  -  MemoryUsage of job (MB)
	1729236  -  ResidentSetSize of job (KB)
...
006 (78851234.081.000) 2026-09-30 23:42:15 Image size of job updated: 1730428
	1689  -  MemoryUsage of job (MB)
	1729236  -  ResidentSetSize of job (KB)
...
006 (78851234.081.000) 2026-09-30 23:47:16 Image size of job updated: 1730428
	1689  -  MemoryUsage of job (MB)
	1729240  -  ResidentSetSize of job (KB)
...
006 (78851234.081.000) 2026-09-30 23:52:17 Image size of job updated: 1730428
	1690  -  MemoryUsage of job (MB)
	1730252  -  ResidentSetSize of job (KB)
...
006 (78851234.081.000) 2026-10-01 00:02:18 Image size of job updated: 1730428
	1690  -  MemoryUsage of job (MB)
	1730260  -  ResidentSetSize of job (KB)
...
006 (78851234.081.000) 2026-10-01 00:22:19 Image size of job updated: 1730428
	1690  -  MemoryUsage of job (MB)
	1730268  -  ResidentSetSize of job (KB)
...
006 (78851234.081.000) 2026-10-01 00:32:20 Image size of job updated: 1730428
	1690  -  MemoryUsage of job (MB)
	1730276  -  ResidentSetSize of job (KB)
...
006 (78851234.081.000) 2026-10-01 00:37:21 Image size of job updated: 1730428
	1690  -  MemoryUsage of job (MB)
	1730284  -  ResidentSetSize of job (KB)
...
006 (78851234.081.000) 2026-10-01 00:47:21 Image size of job updated: 1732300
	1692  -  MemoryUsage of job (MB)
	1732300  -  ResidentSetSize of job (KB)
...
006 (78851234.081.000) 2026-10-01 00:57:22 Image size of job updated: 1732304
	1692  -  MemoryUsage of job (MB)
	1732304  -  ResidentSetSize of job (KB)
...
006 (78851234.081.000) 2026-10-01 01:07:23 Image size of job updated: 1732308
	1692  -  MemoryUsage of job (MB)
	1732308  -  ResidentSetSize of job (KB)
...
006 (78851234.081.000) 2026-10-01 03:37:36 Image size of job updated: 1732360
	1692  -  MemoryUsage of job (MB)
	1732360  -  ResidentSetSize of job (KB)
...
006 (78851234.081.000) 2026-10-01 03:47:37 Image size of job updated: 1732800
	1693  -  MemoryUsage of job (MB)
	1732800  -  ResidentSetSize of job (KB)
...
006 (78851234.081.000) 2026-10-01 03:57:38 Image size of job updated: 1733376
	1693  -  MemoryUsage of job (MB)
	1733376  -  ResidentSetSize of job (KB)
...
006 (78851234.081.000) 2026-10-01 04:07:39 Image size of job updated: 1733380
	1693  -  MemoryUsage of job (MB)
	1733380  -  ResidentSetSize of job (KB)
...
006 (78851234.081.000) 2026-10-01 04:22:40 Image size of job updated: 1733384
	1693  -  MemoryUsage of job (MB)
	1733384  -  ResidentSetSize of job (KB)
...
006 (78851234.081.000) 2026-10-01 04:27:40 Image size of job updated: 1733388
	1693  -  MemoryUsage of job (MB)
	1733388  -  ResidentSetSize of job (KB)
...
006 (78851234.081.000) 2026-10-01 04:32:41 Image size of job updated: 1733436
	1693  -  MemoryUsage of job (MB)
	1733436  -  ResidentSetSize of job (KB)
...
006 (78851234.081.000) 2026-10-01 04:42:42 Image size of job updated: 1733444
	1693  -  MemoryUsage of job (MB)
	1733444  -  ResidentSetSize of job (KB)
...
006 (78851234.081.000) 2026-10-01 04:52:43 Image size of job updated: 1739256
	1699  -  MemoryUsage of job (MB)
	1739244  -  ResidentSetSize of job (KB)
...
006 (78851234.081.000) 2026-10-01 05:02:44 Image size of job updated: 1740272
	1700  -  MemoryUsage of job (MB)
	1740272  -  ResidentSetSize of job (KB)
...
006 (78851234.081.000) 2026-10-01 05:37:48 Image size of job updated: 1742444
	1702  -  MemoryUsage of job (MB)
	1742444  -  ResidentSetSize of job (KB)
...
006 (78851234.081.000) 2026-10-01 05:47:49 Image size of job updated: 1743356
	1703  -  MemoryUsage of job (MB)
	1743356  -  ResidentSetSize of job (KB)
...
006 (78851234.081.000) 2026-10-01 05:57:50 Image size of job updated: 1743364
	1703  -  MemoryUsage of job (MB)
	1743364  -  ResidentSetSize of job (KB)
...
006 (78851234.081.000) 2026-10-01 06:07:51 Image size of job updated: 1743368
	1703  -  MemoryUsage of job (MB)
	1743368  -  ResidentSetSize of job (KB)
...
006 (78851234.081.000) 2026-10-01 06:12:51 Image size of job updated: 1743376
	1703  -  MemoryUsage of job (MB)
	1743376  -  ResidentSetSize of job (KB)
...
006 (78851234.081.000) 2026-10-01 06:17:51 Image size of job updated: 1743380
	1703  -  MemoryUsage of job (MB)
	1743380  -  ResidentSetSize of job (KB)
...
006 (78851234.081.000) 2026-10-01 06:22:52 Image size of job updated: 1743404
	1703  -  MemoryUsage of job (MB)
	1743404  -  ResidentSetSize of job (KB)
...
006 (78851234.081.000) 2026-10-01 06:47:54 Image size of job updated: 1743408
	1703  -  MemoryUsage of job (MB)
	1743408  -  ResidentSetSize of job (KB)
...
006 (78851234.081.000) 2026-10-01 07:07:55 Image size of job updated: 1743524
	1703  -  MemoryUsage of job (MB)
	1743524  -  ResidentSetSize of job (KB)
...
006 (78851234.081.000) 2026-10-01 07:27:57 Image size of job updated: 1744432
	1704  -  MemoryUsage of job (MB)
	1744432  -  ResidentSetSize of job (KB)
...
006 (78851234.081.000) 2026-10-01 07:37:58 Image size of job updated: 1744440
	1704  -  MemoryUsage of job (MB)
	1744440  -  ResidentSetSize of job (KB)
...
006 (78851234.081.000) 2026-10-01 07:42:58 Image size of job updated: 1745464
	1705  -  MemoryUsage of job (MB)
	1745464  -  ResidentSetSize of job (KB)
...
006 (78851234.081.000) 2026-10-01 08:18:02 Image size of job updated: 1746488
	1706  -  MemoryUsage of job (MB)
	1746488  -  ResidentSetSize of job (KB)
...
006 (78851234.081.000) 2026-10-01 08:23:03 Image size of job updated: 1746492
	1706  -  MemoryUsage of job (MB)
	1746492  -  ResidentSetSize of job (KB)
...
006 (78851234.081.000) 2026-10-01 08:33:03 Image size of job updated: 1746500
	1706  -  MemoryUsage of job (MB)
	1746500  -  ResidentSetSize of job (KB)
...
006 (78851234.081.000) 2026-10-01 08:43:04 Image size of job updated: 1747528
	1707  -  MemoryUsage of job (MB)
	1747528  -  ResidentSetSize of job (KB)
...
006 (78851234.081.000) 2026-10-01 08:48:05 Image size of job updated: 1747532
	1707  -  MemoryUsage of job (MB)
	1747532  -  ResidentSetSize of job (KB)
...
006 (78851234.081.000) 2026-10-01 09:03:07 Image size of job updated: 1747536
	1707  -  MemoryUsage of job (MB)
	1747536  -  ResidentSetSize of job (KB)
...
006 (78851234.081.000) 2026-10-01 09:28:09 Image size of job updated: 1747540
	1707  -  MemoryUsage of job (MB)
	1747540  -  ResidentSetSize of job (KB)
...
006 (78851234.081.000) 2026-10-01 09:53:11 Image size of job updated: 1748564
	1708  -  MemoryUsage of job (MB)
	1748564  -  ResidentSetSize of job (KB)
...
006 (78851234.081.000) 2026-10-01 10:03:13 Image size of job updated: 1748568
	1708  -  MemoryUsage of job (MB)
	1748568  -  ResidentSetSize of job (KB)
...
006 (78851234.081.000) 2026-10-01 10:08:13 Image size of job updated: 1748572
	1708  -  MemoryUsage of job (MB)
	1748572  -  ResidentSetSize of job (KB)
...
006 (78851234.081.000) 2026-10-01 10:33:15 Image size of job updated: 1749596
	1709  -  MemoryUsage of job (MB)
	1749596  -  ResidentSetSize of job (KB)
...
006 (78851234.081.000) 2026-10-01 11:18:19 Image size of job updated: 1751076
	1711  -  MemoryUsage of job (MB)
	1751076  -  ResidentSetSize of job (KB)
...
006 (78851234.081.000) 2026-10-01 11:28:20 Image size of job updated: 1752104
	1712  -  MemoryUsage of job (MB)
	1752104  -  ResidentSetSize of job (KB)
...
006 (78851234.081.000) 2026-10-01 12:08:24 Image size of job updated: 1753128
	1713  -  MemoryUsage of job (MB)
	1753128  -  ResidentSetSize of job (KB)
...
006 (78851234.081.000) 2026-10-01 12:18:25 Image size of job updated: 1753136
	1713  -  MemoryUsage of job (MB)
	1753136  -  ResidentSetSize of job (KB)
...
006 (78851234.081.000) 2026-10-01 12:43:27 Image size of job updated: 1753140
	1713  -  MemoryUsage of job (MB)
	1753140  -  ResidentSetSize of job (KB)
...
004 (78851234.081.000) 2026-10-01 12:44:12 Job was evicted. Code 1019 Subcode 0
	(0) CPU times
		Usr 6 19:00:45, Sys 0 00:05:06  -  Run Remote Usage
		Usr 0 00:00:00, Sys 0 00:00:00  -  Run Local Usage
	0  -  Run Bytes Sent By Job
	0  -  Run Bytes Received By Job
	Reason: Preempted for a Priority user
	Partitionable Resources :    Usage  Request Allocated 
	   Cpus                 :     7.24        4         4 
	   Disk (KB)            : 25000       25000     28672 
	   GPUs                 :                           0 
	   Memory (MB)          :  1713        6000      6016 
	   TimeExecute (s)      : 86892                       
	   TimeSlotBusy (s)     : 86892                       
...
001 (78851234.081.000) 2026-10-01 12:45:07 Job executing on host: <10.14.10.67:9618?addrs=10.14.10.67-9618&alias=node2317.cluster.ldas.cit&noUDP&sock=startd_2548383_59df>
	SlotName: slot1_6@node2317.cluster.ldas.cit
	CondorScratchDir = "/var/lib/condor/execute/dir_272433/scratch"
	Cpus = 4
	Disk = 28672
	GPUs = 0
	Memory = 6016
...
005 (78851234.081.000) 2026-10-01 12:45:07 Job terminated.
	(1) Normal termination (return value 1)
		Usr 0 00:00:00, Sys 0 00:00:00  -  Run Remote Usage
		Usr 0 00:00:00, Sys 0 00:00:00  -  Run Local Usage
		Usr 6 19:00:45, Sys 0 00:05:06  -  Total Remote Usage
		Usr 0 00:00:00, Sys 0 00:00:00  -  Total Local Usage
	0  -  Run Bytes Sent By Job
	0  -  Run Bytes Received By Job
	0  -  Total Bytes Sent By Job
	0  -  Total Bytes Received By Job
	Partitionable Resources :    Usage  Request Allocated 
	   Cpus                 :     7.24        4         4 
	   Disk (KB)            : 25000       25000     28672 
	   GPUs                 :                           0 
	   Memory (MB)          :  1954        6000      6016 
	   TimeExecute (s)      :     0                       
	   TimeSlotBusy (s)     :     1                       
...
000 (78854872.081.000) 2026-10-03 17:21:23 Job submitted from host: <10.14.0.121:9618?addrs=10.14.0.121-9618&alias=ldas-pcdev12.ligo.caltech.edu&noUDP&sock=schedd_623140_c9b4>
...
001 (78854872.081.000) 2026-10-03 17:22:10 Job executing on host: <10.14.5.181:9618?addrs=10.14.5.181-9618&alias=node1181.cluster.ldas.cit&noUDP&sock=startd_157605_7fdc>
	SlotName: slot1_2@node1181.cluster.ldas.cit
	CondorScratchDir = "/var/lib/condor/execute/dir_1037745/scratch"
	Cpus = 4
	Disk = 28672
	GPUs = 0
	Memory = 6016
...
006 (78854872.081.000) 2026-10-03 17:22:19 Image size of job updated: 109592
	108  -  MemoryUsage of job (MB)
	109592  -  ResidentSetSize of job (KB)
...
006 (78854872.081.000) 2026-10-03 17:27:20 Image size of job updated: 518216
	507  -  MemoryUsage of job (MB)
	518216  -  ResidentSetSize of job (KB)
...
006 (78854872.081.000) 2026-10-03 17:32:20 Image size of job updated: 536944
	525  -  MemoryUsage of job (MB)
	536944  -  ResidentSetSize of job (KB)
...
006 (78854872.081.000) 2026-10-03 17:37:21 Image size of job updated: 589236
	576  -  MemoryUsage of job (MB)
	589236  -  ResidentSetSize of job (KB)
...
006 (78854872.081.000) 2026-10-03 17:42:22 Image size of job updated: 608152
	594  -  MemoryUsage of job (MB)
	608152  -  ResidentSetSize of job (KB)
...
006 (78854872.081.000) 2026-10-03 17:47:22 Image size of job updated: 641904
	627  -  MemoryUsage of job (MB)
	641904  -  ResidentSetSize of job (KB)
...
006 (78854872.081.000) 2026-10-03 17:52:23 Image size of job updated: 650088
	635  -  MemoryUsage of job (MB)
	650088  -  ResidentSetSize of job (KB)
...
006 (78854872.081.000) 2026-10-03 17:57:24 Image size of job updated: 656676
	641  -  MemoryUsage of job (MB)
	655796  -  ResidentSetSize of job (KB)
...
006 (78854872.081.000) 2026-10-03 18:02:24 Image size of job updated: 656676
	641  -  MemoryUsage of job (MB)
	656044  -  ResidentSetSize of job (KB)
...
006 (78854872.081.000) 2026-10-03 18:07:24 Image size of job updated: 658104
	641  -  MemoryUsage of job (MB)
	656044  -  ResidentSetSize of job (KB)
...
006 (78854872.081.000) 2026-10-03 18:22:25 Image size of job updated: 658104
	641  -  MemoryUsage of job (MB)
	656128  -  ResidentSetSize of job (KB)
...
006 (78854872.081.000) 2026-10-03 18:27:26 Image size of job updated: 658104
	641  -  MemoryUsage of job (MB)
	656380  -  ResidentSetSize of job (KB)
...
006 (78854872.081.000) 2026-10-03 18:32:26 Image size of job updated: 658892
	644  -  MemoryUsage of job (MB)
	658892  -  ResidentSetSize of job (KB)
...
006 (78854872.081.000) 2026-10-03 18:37:26 Image size of job updated: 659040
	644  -  MemoryUsage of job (MB)
	659040  -  ResidentSetSize of job (KB)
...
006 (78854872.081.000) 2026-10-03 18:42:27 Image size of job updated: 660648
	646  -  MemoryUsage of job (MB)
	660648  -  ResidentSetSize of job (KB)
...
006 (78854872.081.000) 2026-10-03 18:47:28 Image size of job updated: 660748
	646  -  MemoryUsage of job (MB)
	660748  -  ResidentSetSize of job (KB)
...
006 (78854872.081.000) 2026-10-03 18:52:28 Image size of job updated: 661384
	646  -  MemoryUsage of job (MB)
	660748  -  ResidentSetSize of job (KB)
...
006 (78854872.081.000) 2026-10-03 19:02:30 Image size of job updated: 661564
	647  -  MemoryUsage of job (MB)
	661564  -  ResidentSetSize of job (KB)
...
006 (78854872.081.000) 2026-10-03 19:07:30 Image size of job updated: 661712
	647  -  MemoryUsage of job (MB)
	661712  -  ResidentSetSize of job (KB)
...
006 (78854872.081.000) 2026-10-03 19:12:31 Image size of job updated: 662848
	648  -  MemoryUsage of job (MB)
	662848  -  ResidentSetSize of job (KB)
...
006 (78854872.081.000) 2026-10-03 19:17:32 Image size of job updated: 662944
	648  -  MemoryUsage of job (MB)
	662944  -  ResidentSetSize of job (KB)
...
006 (78854872.081.000) 2026-10-03 19:22:32 Image size of job updated: 665040
	649  -  MemoryUsage of job (MB)
	664032  -  ResidentSetSize of job (KB)
...
006 (78854872.081.000) 2026-10-03 19:27:32 Image size of job updated: 665040
	649  -  MemoryUsage of job (MB)
	664196  -  ResidentSetSize of job (KB)
...
006 (78854872.081.000) 2026-10-03 19:32:33 Image size of job updated: 665040
	649  -  MemoryUsage of job (MB)
	664252  -  ResidentSetSize of job (KB)
...
006 (78854872.081.000) 2026-10-03 19:47:34 Image size of job updated: 665728
	651  -  MemoryUsage of job (MB)
	665728  -  ResidentSetSize of job (KB)
...
006 (78854872.081.000) 2026-10-03 19:52:34 Image size of job updated: 665780
	651  -  MemoryUsage of job (MB)
	665780  -  ResidentSetSize of job (KB)
...
006 (78854872.081.000) 2026-10-03 19:57:34 Image size of job updated: 667820
	653  -  MemoryUsage of job (MB)
	667820  -  ResidentSetSize of job (KB)
...
006 (78854872.081.000) 2026-10-03 20:02:35 Image size of job updated: 667868
	653  -  MemoryUsage of job (MB)
	667868  -  ResidentSetSize of job (KB)
...
006 (78854872.081.000) 2026-10-03 20:07:35 Image size of job updated: 667972
	653  -  MemoryUsage of job (MB)
	667972  -  ResidentSetSize of job (KB)
...
006 (78854872.081.000) 2026-10-03 20:12:35 Image size of job updated: 669136
	654  -  MemoryUsage of job (MB)
	669136  -  ResidentSetSize of job (KB)
...
006 (78854872.081.000) 2026-10-03 20:17:36 Image size of job updated: 669188
	654  -  MemoryUsage of job (MB)
	669188  -  ResidentSetSize of job (KB)
...
006 (78854872.081.000) 2026-10-03 20:22:37 Image size of job updated: 675100
	659  -  MemoryUsage of job (MB)
	674152  -  ResidentSetSize of job (KB)
...
006 (78854872.081.000) 2026-10-03 20:27:37 Image size of job updated: 675100
	659  -  MemoryUsage of job (MB)
	674220  -  ResidentSetSize of job (KB)
...
006 (78854872.081.000) 2026-10-03 20:32:38 Image size of job updated: 675100
	659  -  MemoryUsage of job (MB)
	674488  -  ResidentSetSize of job (KB)
...
006 (78854872.081.000) 2026-10-03 20:37:39 Image size of job updated: 675100
	659  -  MemoryUsage of job (MB)
	674564  -  ResidentSetSize of job (KB)
...
006 (78854872.081.000) 2026-10-03 20:42:39 Image size of job updated: 676228
	661  -  MemoryUsage of job (MB)
	676228  -  ResidentSetSize of job (KB)
...
006 (78854872.081.000) 2026-10-03 20:47:40 Image size of job updated: 676272
	661  -  MemoryUsage of job (MB)
	676272  -  ResidentSetSize of job (KB)
...
006 (78854872.081.000) 2026-10-03 20:52:41 Image size of job updated: 676712
	661  -  MemoryUsage of job (MB)
	676712  -  ResidentSetSize of job (KB)
...
006 (78854872.081.000) 2026-10-03 20:57:41 Image size of job updated: 676744
	661  -  MemoryUsage of job (MB)
	676744  -  ResidentSetSize of job (KB)
...
006 (78854872.081.000) 2026-10-03 21:02:42 Image size of job updated: 682868
	667  -  MemoryUsage of job (MB)
	682868  -  ResidentSetSize of job (KB)
...
006 (78854872.081.000) 2026-10-03 21:07:43 Image size of job updated: 682904
	667  -  MemoryUsage of job (MB)
	682904  -  ResidentSetSize of job (KB)
...
006 (78854872.081.000) 2026-10-03 21:12:43 Image size of job updated: 682960
	667  -  MemoryUsage of job (MB)
	682960  -  ResidentSetSize of job (KB)
...
006 (78854872.081.000) 2026-10-03 21:17:44 Image size of job updated: 683092
	668  -  MemoryUsage of job (MB)
	683092  -  ResidentSetSize of job (KB)
...
006 (78854872.081.000) 2026-10-03 21:22:45 Image size of job updated: 683136
	668  -  MemoryUsage of job (MB)
	683136  -  ResidentSetSize of job (KB)
...
006 (78854872.081.000) 2026-10-03 21:27:45 Image size of job updated: 685148
	668  -  MemoryUsage of job (MB)
	683160  -  ResidentSetSize of job (KB)
...
006 (78854872.081.000) 2026-10-03 21:32:45 Image size of job updated: 685148
	668  -  MemoryUsage of job (MB)
	683184  -  ResidentSetSize of job (KB)
...
000 (78854906.081.000) 2026-10-03 21:36:50 Job submitted from host: <10.14.0.121:9618?addrs=10.14.0.121-9618&alias=ldas-pcdev12.ligo.caltech.edu&noUDP&sock=schedd_623140_c9b4>
...
006 (78854872.081.000) 2026-10-03 21:37:46 Image size of job updated: 685148
	668  -  MemoryUsage of job (MB)
	683260  -  ResidentSetSize of job (KB)
...
001 (78854906.081.000) 2026-10-03 21:38:42 Job executing on host: <10.14.8.248:9618?addrs=10.14.8.248-9618&alias=node1998.cluster.ldas.cit&noUDP&sock=startd_33902_87d7>
	SlotName: slot1_2@node1998.cluster.ldas.cit
	CondorScratchDir = "/var/lib/condor/execute/dir_461589/scratch"
	Cpus = 4
	Disk = 28672
	GPUs = 0
	Memory = 6016
...
004 (78854872.081.000) 2026-10-03 21:38:42 Job was evicted. Code 1023 Subcode 0
	(0) CPU times
		Usr 1 02:01:42, Sys 0 00:09:56  -  Run Remote Usage
		Usr 0 00:00:00, Sys 0 00:00:00  -  Run Local Usage
	0  -  Run Bytes Sent By Job
	0  -  Run Bytes Received By Job
	Reason: via condor_rm (by user pratyusava.baral)
	Partitionable Resources :    Usage  Request Allocated 
	   Cpus                 :     1.72        4         4 
	   Disk (KB)            : 25000       25000     28672 
	   GPUs                 :                           0 
	   Memory (MB)          :   668        6000      6016 
	   TimeExecute (s)      : 15392                       
	   TimeSlotBusy (s)     : 15392                       
...
009 (78854872.081.000) 2026-10-03 21:38:42 Job was aborted.
	via condor_rm (by user pratyusava.baral)
...
006 (78854906.081.000) 2026-10-03 21:38:50 Image size of job updated: 170188
	167  -  MemoryUsage of job (MB)
	170188  -  ResidentSetSize of job (KB)
...
006 (78854906.081.000) 2026-10-03 21:43:50 Image size of job updated: 368948
	361  -  MemoryUsage of job (MB)
	368948  -  ResidentSetSize of job (KB)
...
006 (78854906.081.000) 2026-10-03 21:48:51 Image size of job updated: 556524
	544  -  MemoryUsage of job (MB)
	556524  -  ResidentSetSize of job (KB)
...
006 (78854906.081.000) 2026-10-03 21:53:52 Image size of job updated: 565088
	552  -  MemoryUsage of job (MB)
	565088  -  ResidentSetSize of job (KB)
...
006 (78854906.081.000) 2026-10-03 21:58:52 Image size of job updated: 616000
	596  -  MemoryUsage of job (MB)
	609968  -  ResidentSetSize of job (KB)
...
006 (78854906.081.000) 2026-10-03 22:03:53 Image size of job updated: 616000
	600  -  MemoryUsage of job (MB)
	613980  -  ResidentSetSize of job (KB)
...
006 (78854906.081.000) 2026-10-03 22:08:54 Image size of job updated: 624908
	611  -  MemoryUsage of job (MB)
	624908  -  ResidentSetSize of job (KB)
...
006 (78854906.081.000) 2026-10-03 22:13:54 Image size of job updated: 624936
	611  -  MemoryUsage of job (MB)
	624936  -  ResidentSetSize of job (KB)
...
006 (78854906.081.000) 2026-10-03 22:23:55 Image size of job updated: 640204
	626  -  MemoryUsage of job (MB)
	640204  -  ResidentSetSize of job (KB)
...
006 (78854906.081.000) 2026-10-03 22:28:55 Image size of job updated: 640392
	626  -  MemoryUsage of job (MB)
	640392  -  ResidentSetSize of job (KB)
...
006 (78854906.081.000) 2026-10-03 22:33:55 Image size of job updated: 643200
	629  -  MemoryUsage of job (MB)
	643200  -  ResidentSetSize of job (KB)
...
006 (78854906.081.000) 2026-10-03 22:38:56 Image size of job updated: 643384
	629  -  MemoryUsage of job (MB)
	643384  -  ResidentSetSize of job (KB)
...
006 (78854906.081.000) 2026-10-03 22:43:57 Image size of job updated: 644660
	630  -  MemoryUsage of job (MB)
	644660  -  ResidentSetSize of job (KB)
...
006 (78854906.081.000) 2026-10-03 22:48:57 Image size of job updated: 644892
	630  -  MemoryUsage of job (MB)
	644892  -  ResidentSetSize of job (KB)
...
006 (78854906.081.000) 2026-10-03 22:53:58 Image size of job updated: 645416
	631  -  MemoryUsage of job (MB)
	645416  -  ResidentSetSize of job (KB)
...
006 (78854906.081.000) 2026-10-03 22:58:59 Image size of job updated: 645476
	631  -  MemoryUsage of job (MB)
	645476  -  ResidentSetSize of job (KB)
...
006 (78854906.081.000) 2026-10-03 23:03:59 Image size of job updated: 647804
	632  -  MemoryUsage of job (MB)
	646884  -  ResidentSetSize of job (KB)
...
006 (78854906.081.000) 2026-10-03 23:09:00 Image size of job updated: 647804
	632  -  MemoryUsage of job (MB)
	647048  -  ResidentSetSize of job (KB)
...
006 (78854906.081.000) 2026-10-03 23:14:01 Image size of job updated: 648512
	634  -  MemoryUsage of job (MB)
	648512  -  ResidentSetSize of job (KB)
...
006 (78854906.081.000) 2026-10-03 23:19:01 Image size of job updated: 648656
	634  -  MemoryUsage of job (MB)
	648656  -  ResidentSetSize of job (KB)
...
006 (78854906.081.000) 2026-10-03 23:24:01 Image size of job updated: 650832
	635  -  MemoryUsage of job (MB)
	649840  -  ResidentSetSize of job (KB)
...
006 (78854906.081.000) 2026-10-03 23:29:02 Image size of job updated: 650832
	635  -  MemoryUsage of job (MB)
	649908  -  ResidentSetSize of job (KB)
...
006 (78854906.081.000) 2026-10-03 23:34:02 Image size of job updated: 651008
	636  -  MemoryUsage of job (MB)
	651008  -  ResidentSetSize of job (KB)
...
006 (78854906.081.000) 2026-10-03 23:39:02 Image size of job updated: 651128
	636  -  MemoryUsage of job (MB)
	651128  -  ResidentSetSize of job (KB)
...
006 (78854906.081.000) 2026-10-03 23:44:03 Image size of job updated: 651464
	637  -  MemoryUsage of job (MB)
	651464  -  ResidentSetSize of job (KB)
...
006 (78854906.081.000) 2026-10-03 23:49:03 Image size of job updated: 652564
	638  -  MemoryUsage of job (MB)
	652564  -  ResidentSetSize of job (KB)
...
006 (78854906.081.000) 2026-10-03 23:54:03 Image size of job updated: 652648
	638  -  MemoryUsage of job (MB)
	652648  -  ResidentSetSize of job (KB)
...
006 (78854906.081.000) 2026-10-03 23:59:04 Image size of job updated: 652652
	638  -  MemoryUsage of job (MB)
	652648  -  ResidentSetSize of job (KB)
...
006 (78854906.081.000) 2026-10-04 00:09:05 Image size of job updated: 653844
	639  -  MemoryUsage of job (MB)
	653844  -  ResidentSetSize of job (KB)
...
006 (78854906.081.000) 2026-10-04 00:14:06 Image size of job updated: 653928
	639  -  MemoryUsage of job (MB)
	653928  -  ResidentSetSize of job (KB)
...
006 (78854906.081.000) 2026-10-04 00:19:07 Image size of job updated: 654000
	639  -  MemoryUsage of job (MB)
	654000  -  ResidentSetSize of job (KB)
...
006 (78854906.081.000) 2026-10-04 00:24:07 Image size of job updated: 654064
	639  -  MemoryUsage of job (MB)
	654064  -  ResidentSetSize of job (KB)
...
006 (78854906.081.000) 2026-10-04 00:29:08 Image size of job updated: 654120
	639  -  MemoryUsage of job (MB)
	654120  -  ResidentSetSize of job (KB)
...
006 (78854906.081.000) 2026-10-04 00:34:09 Image size of job updated: 654144
	639  -  MemoryUsage of job (MB)
	654144  -  ResidentSetSize of job (KB)
...
006 (78854906.081.000) 2026-10-04 00:39:09 Image size of job updated: 654296
	639  -  MemoryUsage of job (MB)
	654296  -  ResidentSetSize of job (KB)
...
006 (78854906.081.000) 2026-10-04 00:44:09 Image size of job updated: 657428
	643  -  MemoryUsage of job (MB)
	657428  -  ResidentSetSize of job (KB)
...
006 (78854906.081.000) 2026-10-04 00:49:10 Image size of job updated: 657456
	643  -  MemoryUsage of job (MB)
	657456  -  ResidentSetSize of job (KB)
...
006 (78854906.081.000) 2026-10-04 00:54:10 Image size of job updated: 661564
	645  -  MemoryUsage of job (MB)
	659572  -  ResidentSetSize of job (KB)
...
006 (78854906.081.000) 2026-10-04 00:59:10 Image size of job updated: 661564
	645  -  MemoryUsage of job (MB)
	659692  -  ResidentSetSize of job (KB)
...
006 (78854906.081.000) 2026-10-04 01:04:11 Image size of job updated: 661744
	645  -  MemoryUsage of job (MB)
	659692  -  ResidentSetSize of job (KB)
...
006 (78854906.081.000) 2026-10-04 01:24:13 Image size of job updated: 661744
	646  -  MemoryUsage of job (MB)
	660980  -  ResidentSetSize of job (KB)
...
006 (78854906.081.000) 2026-10-04 01:29:13 Image size of job updated: 661744
	646  -  MemoryUsage of job (MB)
	661068  -  ResidentSetSize of job (KB)
...
006 (78854906.081.000) 2026-10-04 01:34:14 Image size of job updated: 661744
	646  -  MemoryUsage of job (MB)
	661480  -  ResidentSetSize of job (KB)
...
006 (78854906.081.000) 2026-10-04 01:39:15 Image size of job updated: 661744
	647  -  MemoryUsage of job (MB)
	661544  -  ResidentSetSize of job (KB)
...
006 (78854906.081.000) 2026-10-04 01:44:15 Image size of job updated: 664284
	649  -  MemoryUsage of job (MB)
	664284  -  ResidentSetSize of job (KB)
...
006 (78854906.081.000) 2026-10-04 01:49:16 Image size of job updated: 664308
	649  -  MemoryUsage of job (MB)
	664308  -  ResidentSetSize of job (KB)
...
006 (78854906.081.000) 2026-10-04 01:54:17 Image size of job updated: 664324
	649  -  MemoryUsage of job (MB)
	664324  -  ResidentSetSize of job (KB)
...
006 (78854906.081.000) 2026-10-04 01:59:17 Image size of job updated: 664340
	649  -  MemoryUsage of job (MB)
	664340  -  ResidentSetSize of job (KB)
...
006 (78854906.081.000) 2026-10-04 02:04:17 Image size of job updated: 664400
	649  -  MemoryUsage of job (MB)
	664400  -  ResidentSetSize of job (KB)
...
006 (78854906.081.000) 2026-10-04 02:29:19 Image size of job updated: 664504
	649  -  MemoryUsage of job (MB)
	664504  -  ResidentSetSize of job (KB)
...
006 (78854906.081.000) 2026-10-04 02:34:19 Image size of job updated: 664536
	649  -  MemoryUsage of job (MB)
	664536  -  ResidentSetSize of job (KB)
...
006 (78854906.081.000) 2026-10-04 02:39:20 Image size of job updated: 664568
	649  -  MemoryUsage of job (MB)
	664568  -  ResidentSetSize of job (KB)
...
006 (78854906.081.000) 2026-10-04 02:44:20 Image size of job updated: 664600
	650  -  MemoryUsage of job (MB)
	664600  -  ResidentSetSize of job (KB)
...
006 (78854906.081.000) 2026-10-04 02:49:20 Image size of job updated: 664624
	650  -  MemoryUsage of job (MB)
	664624  -  ResidentSetSize of job (KB)
...
006 (78854906.081.000) 2026-10-04 02:54:21 Image size of job updated: 667444
	651  -  MemoryUsage of job (MB)
	666448  -  ResidentSetSize of job (KB)
...
006 (78854906.081.000) 2026-10-04 02:59:22 Image size of job updated: 667444
	651  -  MemoryUsage of job (MB)
	666476  -  ResidentSetSize of job (KB)
...
006 (78854906.081.000) 2026-10-04 03:04:22 Image size of job updated: 670464
	654  -  MemoryUsage of job (MB)
	669472  -  ResidentSetSize of job (KB)
...
006 (78854906.081.000) 2026-10-04 03:09:23 Image size of job updated: 670464
	654  -  MemoryUsage of job (MB)
	669512  -  ResidentSetSize of job (KB)
...
006 (78854906.081.000) 2026-10-04 03:14:24 Image size of job updated: 670568
	654  -  MemoryUsage of job (MB)
	669560  -  ResidentSetSize of job (KB)
...
006 (78854906.081.000) 2026-10-04 03:19:24 Image size of job updated: 670568
	654  -  MemoryUsage of job (MB)
	669624  -  ResidentSetSize of job (KB)
...
006 (78854906.081.000) 2026-10-04 03:24:25 Image size of job updated: 670640
	655  -  MemoryUsage of job (MB)
	670640  -  ResidentSetSize of job (KB)
...
006 (78854906.081.000) 2026-10-04 03:29:26 Image size of job updated: 670664
	655  -  MemoryUsage of job (MB)
	670664  -  ResidentSetSize of job (KB)
...
006 (78854906.081.000) 2026-10-04 03:34:26 Image size of job updated: 670684
	655  -  MemoryUsage of job (MB)
	670684  -  ResidentSetSize of job (KB)
...
006 (78854906.081.000) 2026-10-04 03:39:26 Image size of job updated: 670688
	655  -  MemoryUsage of job (MB)
	670684  -  ResidentSetSize of job (KB)
...
006 (78854906.081.000) 2026-10-04 03:49:27 Image size of job updated: 670756
	656  -  MemoryUsage of job (MB)
	670756  -  ResidentSetSize of job (KB)
...
006 (78854906.081.000) 2026-10-04 03:54:27 Image size of job updated: 670800
	656  -  MemoryUsage of job (MB)
	670800  -  ResidentSetSize of job (KB)
...
006 (78854906.081.000) 2026-10-04 03:59:28 Image size of job updated: 671876
	657  -  MemoryUsage of job (MB)
	671876  -  ResidentSetSize of job (KB)
...
006 (78854906.081.000) 2026-10-04 04:04:28 Image size of job updated: 671908
	657  -  MemoryUsage of job (MB)
	671908  -  ResidentSetSize of job (KB)
...
006 (78854906.081.000) 2026-10-04 04:09:28 Image size of job updated: 671940
	657  -  MemoryUsage of job (MB)
	671940  -  ResidentSetSize of job (KB)
...
006 (78854906.081.000) 2026-10-04 04:14:29 Image size of job updated: 672000
	657  -  MemoryUsage of job (MB)
	672000  -  ResidentSetSize of job (KB)
...
006 (78854906.081.000) 2026-10-04 04:19:30 Image size of job updated: 673028
	658  -  MemoryUsage of job (MB)
	673028  -  ResidentSetSize of job (KB)
...
006 (78854906.081.000) 2026-10-04 04:24:30 Image size of job updated: 673088
	658  -  MemoryUsage of job (MB)
	673088  -  ResidentSetSize of job (KB)
...
006 (78854906.081.000) 2026-10-04 04:29:31 Image size of job updated: 673092
	658  -  MemoryUsage of job (MB)
	673092  -  ResidentSetSize of job (KB)
...
006 (78854906.081.000) 2026-10-04 04:44:33 Image size of job updated: 673124
	658  -  MemoryUsage of job (MB)
	673124  -  ResidentSetSize of job (KB)
...
006 (78854906.081.000) 2026-10-04 04:49:34 Image size of job updated: 673160
	658  -  MemoryUsage of job (MB)
	673160  -  ResidentSetSize of job (KB)
...
006 (78854906.081.000) 2026-10-04 04:54:34 Image size of job updated: 675280
	660  -  MemoryUsage of job (MB)
	675280  -  ResidentSetSize of job (KB)
...
006 (78854906.081.000) 2026-10-04 04:59:35 Image size of job updated: 675288
	660  -  MemoryUsage of job (MB)
	675288  -  ResidentSetSize of job (KB)
...
006 (78854906.081.000) 2026-10-04 05:04:36 Image size of job updated: 675316
	660  -  MemoryUsage of job (MB)
	675316  -  ResidentSetSize of job (KB)
...
006 (78854906.081.000) 2026-10-04 05:09:36 Image size of job updated: 676324
	661  -  MemoryUsage of job (MB)
	676324  -  ResidentSetSize of job (KB)
...
006 (78854906.081.000) 2026-10-04 05:14:36 Image size of job updated: 676328
	661  -  MemoryUsage of job (MB)
	676328  -  ResidentSetSize of job (KB)
...
006 (78854906.081.000) 2026-10-04 05:19:37 Image size of job updated: 676332
	661  -  MemoryUsage of job (MB)
	676328  -  ResidentSetSize of job (KB)
...
006 (78854906.081.000) 2026-10-04 05:59:40 Image size of job updated: 676584
	661  -  MemoryUsage of job (MB)
	676328  -  ResidentSetSize of job (KB)
...
006 (78854906.081.000) 2026-10-04 06:09:42 Image size of job updated: 676604
	661  -  MemoryUsage of job (MB)
	676604  -  ResidentSetSize of job (KB)
...
006 (78854906.081.000) 2026-10-04 06:14:42 Image size of job updated: 676640
	661  -  MemoryUsage of job (MB)
	676640  -  ResidentSetSize of job (KB)
...
006 (78854906.081.000) 2026-10-04 06:19:43 Image size of job updated: 677664
	662  -  MemoryUsage of job (MB)
	677664  -  ResidentSetSize of job (KB)
...
006 (78854906.081.000) 2026-10-04 06:24:44 Image size of job updated: 677684
	662  -  MemoryUsage of job (MB)
	677684  -  ResidentSetSize of job (KB)
...
006 (78854906.081.000) 2026-10-04 06:29:44 Image size of job updated: 677752
	662  -  MemoryUsage of job (MB)
	677752  -  ResidentSetSize of job (KB)
...
006 (78854906.081.000) 2026-10-04 06:34:44 Image size of job updated: 677764
	662  -  MemoryUsage of job (MB)
	677764  -  ResidentSetSize of job (KB)
...
006 (78854906.081.000) 2026-10-04 06:39:45 Image size of job updated: 677780
	662  -  MemoryUsage of job (MB)
	677780  -  ResidentSetSize of job (KB)
...
006 (78854906.081.000) 2026-10-04 06:44:45 Image size of job updated: 677796
	662  -  MemoryUsage of job (MB)
	677796  -  ResidentSetSize of job (KB)
...
006 (78854906.081.000) 2026-10-04 06:49:45 Image size of job updated: 677808
	662  -  MemoryUsage of job (MB)
	677808  -  ResidentSetSize of job (KB)
...
006 (78854906.081.000) 2026-10-04 06:54:46 Image size of job updated: 678856
	662  -  MemoryUsage of job (MB)
	677852  -  ResidentSetSize of job (KB)
...
006 (78854906.081.000) 2026-10-04 06:59:47 Image size of job updated: 678856
	662  -  MemoryUsage of job (MB)
	677872  -  ResidentSetSize of job (KB)
...
006 (78854906.081.000) 2026-10-04 07:04:47 Image size of job updated: 680492
	664  -  MemoryUsage of job (MB)
	679928  -  ResidentSetSize of job (KB)
...
006 (78854906.081.000) 2026-10-04 07:29:51 Image size of job updated: 680492
	665  -  MemoryUsage of job (MB)
	679992  -  ResidentSetSize of job (KB)
...
006 (78854906.081.000) 2026-10-04 07:34:51 Image size of job updated: 680492
	665  -  MemoryUsage of job (MB)
	680008  -  ResidentSetSize of job (KB)
...
006 (78854906.081.000) 2026-10-04 07:39:52 Image size of job updated: 682056
	666  -  MemoryUsage of job (MB)
	681040  -  ResidentSetSize of job (KB)
...
006 (78854906.081.000) 2026-10-04 07:44:53 Image size of job updated: 682056
	666  -  MemoryUsage of job (MB)
	681060  -  ResidentSetSize of job (KB)
...
006 (78854906.081.000) 2026-10-04 07:49:53 Image size of job updated: 682056
	666  -  MemoryUsage of job (MB)
	681076  -  ResidentSetSize of job (KB)
...
006 (78854906.081.000) 2026-10-04 07:54:53 Image size of job updated: 682056
	666  -  MemoryUsage of job (MB)
	681080  -  ResidentSetSize of job (KB)
...
006 (78854906.081.000) 2026-10-04 08:14:55 Image size of job updated: 682056
	666  -  MemoryUsage of job (MB)
	681236  -  ResidentSetSize of job (KB)
...
006 (78854906.081.000) 2026-10-04 08:19:55 Image size of job updated: 682056
	666  -  MemoryUsage of job (MB)
	681248  -  ResidentSetSize of job (KB)
...
006 (78854906.081.000) 2026-10-04 08:24:55 Image size of job updated: 682272
	667  -  MemoryUsage of job (MB)
	682272  -  ResidentSetSize of job (KB)
...
006 (78854906.081.000) 2026-10-04 08:29:56 Image size of job updated: 682292
	667  -  MemoryUsage of job (MB)
	682292  -  ResidentSetSize of job (KB)
...
006 (78854906.081.000) 2026-10-04 08:34:57 Image size of job updated: 683352
	668  -  MemoryUsage of job (MB)
	683352  -  ResidentSetSize of job (KB)
...
006 (78854906.081.000) 2026-10-04 08:44:58 Image size of job updated: 683364
	668  -  MemoryUsage of job (MB)
	683364  -  ResidentSetSize of job (KB)
...
006 (78854906.081.000) 2026-10-04 08:49:59 Image size of job updated: 685428
	670  -  MemoryUsage of job (MB)
	685428  -  ResidentSetSize of job (KB)
...
006 (78854906.081.000) 2026-10-04 08:54:59 Image size of job updated: 685452
	670  -  MemoryUsage of job (MB)
	685452  -  ResidentSetSize of job (KB)
...
006 (78854906.081.000) 2026-10-04 08:59:59 Image size of job updated: 685472
	670  -  MemoryUsage of job (MB)
	685452  -  ResidentSetSize of job (KB)
...
006 (78854906.081.000) 2026-10-04 09:10:00 Image size of job updated: 685500
	670  -  MemoryUsage of job (MB)
	685500  -  ResidentSetSize of job (KB)
...
006 (78854906.081.000) 2026-10-04 09:15:00 Image size of job updated: 685512
	670  -  MemoryUsage of job (MB)
	685512  -  ResidentSetSize of job (KB)
...
006 (78854906.081.000) 2026-10-04 09:20:01 Image size of job updated: 685516
	670  -  MemoryUsage of job (MB)
	685516  -  ResidentSetSize of job (KB)
...
006 (78854906.081.000) 2026-10-04 09:25:01 Image size of job updated: 685536
	670  -  MemoryUsage of job (MB)
	685536  -  ResidentSetSize of job (KB)
...
006 (78854906.081.000) 2026-10-04 09:30:01 Image size of job updated: 685732
	670  -  MemoryUsage of job (MB)
	685544  -  ResidentSetSize of job (KB)
...
006 (78854906.081.000) 2026-10-04 09:35:02 Image size of job updated: 685732
	670  -  MemoryUsage of job (MB)
	685560  -  ResidentSetSize of job (KB)
...
006 (78854906.081.000) 2026-10-04 09:40:03 Image size of job updated: 686596
	671  -  MemoryUsage of job (MB)
	686596  -  ResidentSetSize of job (KB)
...
006 (78854906.081.000) 2026-10-04 09:45:03 Image size of job updated: 686648
	671  -  MemoryUsage of job (MB)
	686648  -  ResidentSetSize of job (KB)
...
006 (78854906.081.000) 2026-10-04 10:25:07 Image size of job updated: 687764
	671  -  MemoryUsage of job (MB)
	686740  -  ResidentSetSize of job (KB)
...
006 (78854906.081.000) 2026-10-04 10:30:07 Image size of job updated: 687764
	671  -  MemoryUsage of job (MB)
	686744  -  ResidentSetSize of job (KB)
...
006 (78854906.081.000) 2026-10-04 10:40:08 Image size of job updated: 687764
	671  -  MemoryUsage of job (MB)
	686748  -  ResidentSetSize of job (KB)
...
006 (78854906.081.000) 2026-10-04 10:45:09 Image size of job updated: 687764
	671  -  MemoryUsage of job (MB)
	686760  -  ResidentSetSize of job (KB)
...
006 (78854906.081.000) 2026-10-04 10:50:09 Image size of job updated: 687768
	672  -  MemoryUsage of job (MB)
	687768  -  ResidentSetSize of job (KB)
...
006 (78854906.081.000) 2026-10-04 11:00:11 Image size of job updated: 689816
	673  -  MemoryUsage of job (MB)
	688812  -  ResidentSetSize of job (KB)
...
006 (78854906.081.000) 2026-10-04 11:15:13 Image size of job updated: 689816
	673  -  MemoryUsage of job (MB)
	688816  -  ResidentSetSize of job (KB)
...
006 (78854906.081.000) 2026-10-04 11:20:13 Image size of job updated: 689816
	673  -  MemoryUsage of job (MB)
	688820  -  ResidentSetSize of job (KB)
...
006 (78854906.081.000) 2026-10-04 11:35:14 Image size of job updated: 689816
	673  -  MemoryUsage of job (MB)
	688844  -  ResidentSetSize of job (KB)
...
006 (78854906.081.000) 2026-10-04 11:40:14 Image size of job updated: 689816
	673  -  MemoryUsage of job (MB)
	688848  -  ResidentSetSize of job (KB)
...
006 (78854906.081.000) 2026-10-04 11:45:15 Image size of job updated: 690904
	675  -  MemoryUsage of job (MB)
	690904  -  ResidentSetSize of job (KB)
...
006 (78854906.081.000) 2026-10-04 11:55:15 Image size of job updated: 690912
	675  -  MemoryUsage of job (MB)
	690912  -  ResidentSetSize of job (KB)
...
006 (78854906.081.000) 2026-10-04 12:00:16 Image size of job updated: 690956
	675  -  MemoryUsage of job (MB)
	690956  -  ResidentSetSize of job (KB)
...
006 (78854906.081.000) 2026-10-04 12:05:17 Image size of job updated: 690960
	675  -  MemoryUsage of job (MB)
	690960  -  ResidentSetSize of job (KB)
...
006 (78854906.081.000) 2026-10-04 12:25:19 Image size of job updated: 690964
	675  -  MemoryUsage of job (MB)
	690964  -  ResidentSetSize of job (KB)
...
006 (78854906.081.000) 2026-10-04 12:30:20 Image size of job updated: 690976
	675  -  MemoryUsage of job (MB)
	690976  -  ResidentSetSize of job (KB)
...
006 (78854906.081.000) 2026-10-04 12:35:21 Image size of job updated: 690984
	675  -  MemoryUsage of job (MB)
	690984  -  ResidentSetSize of job (KB)
...
006 (78854906.081.000) 2026-10-04 12:45:21 Image size of job updated: 693032
	676  -  MemoryUsage of job (MB)
	692044  -  ResidentSetSize of job (KB)
...
006 (78854906.081.000) 2026-10-04 12:50:22 Image size of job updated: 693032
	676  -  MemoryUsage of job (MB)
	692060  -  ResidentSetSize of job (KB)
...
006 (78854906.081.000) 2026-10-04 12:55:22 Image size of job updated: 693032
	676  -  MemoryUsage of job (MB)
	692072  -  ResidentSetSize of job (KB)
...
006 (78854906.081.000) 2026-10-04 13:00:22 Image size of job updated: 693032
	676  -  MemoryUsage of job (MB)
	692100  -  ResidentSetSize of job (KB)
...
006 (78854906.081.000) 2026-10-04 13:05:23 Image size of job updated: 694148
	676  -  MemoryUsage of job (MB)
	692100  -  ResidentSetSize of job (KB)
...
006 (78854906.081.000) 2026-10-04 13:30:25 Image size of job updated: 694148
	677  -  MemoryUsage of job (MB)
	693140  -  ResidentSetSize of job (KB)
...
006 (78854906.081.000) 2026-10-04 13:35:26 Image size of job updated: 694148
	677  -  MemoryUsage of job (MB)
	693156  -  ResidentSetSize of job (KB)
...
006 (78854906.081.000) 2026-10-04 13:40:27 Image size of job updated: 696640
	680  -  MemoryUsage of job (MB)
	695620  -  ResidentSetSize of job (KB)
...
000 (78855135.081.000) 2026-10-04 13:44:56 Job submitted from host: <10.14.0.121:9618?addrs=10.14.0.121-9618&alias=ldas-pcdev12.ligo.caltech.edu&noUDP&sock=schedd_623140_c9b4>
...
004 (78854906.081.000) 2026-10-04 13:45:11 Job was evicted. Code 1023 Subcode 0
	(0) CPU times
		Usr 4 14:11:07, Sys 0 00:19:57  -  Run Remote Usage
		Usr 0 00:00:00, Sys 0 00:00:00  -  Run Local Usage
	0  -  Run Bytes Sent By Job
	0  -  Run Bytes Received By Job
	Reason: via condor_rm (by user pratyusava.baral)
	Partitionable Resources :    Usage  Request Allocated 
	   Cpus                 :     7.92        4         4 
	   Disk (KB)            : 25000       25000     28672 
	   GPUs                 :                           0 
	   Memory (MB)          :   680        6000      6016 
	   TimeExecute (s)      : 57989                       
	   TimeSlotBusy (s)     : 57990                       
...
009 (78854906.081.000) 2026-10-04 13:45:11 Job was aborted.
	via condor_rm (by user pratyusava.baral)
...
001 (78855135.081.000) 2026-10-04 13:49:18 Job executing on host: <10.14.6.247:9618?addrs=10.14.6.247-9618&alias=node1497.cluster.ldas.cit&noUDP&sock=startd_30154_b6e1>
	SlotName: slot1_1@node1497.cluster.ldas.cit
	CondorScratchDir = "/var/lib/condor/execute/dir_592234/scratch"
	Cpus = 4
	Disk = 28672
	GPUs = 0
	Memory = 6016
...
006 (78855135.081.000) 2026-10-04 13:49:26 Image size of job updated: 109436
	107  -  MemoryUsage of job (MB)
	109436  -  ResidentSetSize of job (KB)
...
006 (78855135.081.000) 2026-10-04 13:54:26 Image size of job updated: 423020
	414  -  MemoryUsage of job (MB)
	423020  -  ResidentSetSize of job (KB)
...
006 (78855135.081.000) 2026-10-04 13:59:26 Image size of job updated: 547660
	535  -  MemoryUsage of job (MB)
	547660  -  ResidentSetSize of job (KB)
...
006 (78855135.081.000) 2026-10-04 14:04:27 Image size of job updated: 561244
	549  -  MemoryUsage of job (MB)
	561244  -  ResidentSetSize of job (KB)
...
006 (78855135.081.000) 2026-10-04 14:09:27 Image size of job updated: 614268
	600  -  MemoryUsage of job (MB)
	614268  -  ResidentSetSize of job (KB)
...
006 (78855135.081.000) 2026-10-04 14:14:27 Image size of job updated: 626144
	612  -  MemoryUsage of job (MB)
	626144  -  ResidentSetSize of job (KB)
...
006 (78855135.081.000) 2026-10-04 14:19:28 Image size of job updated: 637572
	623  -  MemoryUsage of job (MB)
	637572  -  ResidentSetSize of job (KB)
...
006 (78855135.081.000) 2026-10-04 14:24:29 Image size of job updated: 644768
	630  -  MemoryUsage of job (MB)
	644768  -  ResidentSetSize of job (KB)
...
006 (78855135.081.000) 2026-10-04 14:29:29 Image size of job updated: 649356
	635  -  MemoryUsage of job (MB)
	649356  -  ResidentSetSize of job (KB)
...
006 (78855135.081.000) 2026-10-04 14:34:30 Image size of job updated: 665908
	645  -  MemoryUsage of job (MB)
	659592  -  ResidentSetSize of job (KB)
...
006 (78855135.081.000) 2026-10-04 14:39:31 Image size of job updated: 665908
	645  -  MemoryUsage of job (MB)
	659804  -  ResidentSetSize of job (KB)
...
006 (78855135.081.000) 2026-10-04 14:54:33 Image size of job updated: 666144
	649  -  MemoryUsage of job (MB)
	664388  -  ResidentSetSize of job (KB)
...
006 (78855135.081.000) 2026-10-04 14:59:33 Image size of job updated: 666144
	649  -  MemoryUsage of job (MB)
	664500  -  ResidentSetSize of job (KB)
...
006 (78855135.081.000) 2026-10-04 15:04:33 Image size of job updated: 667164
	649  -  MemoryUsage of job (MB)
	664500  -  ResidentSetSize of job (KB)
...
006 (78855135.081.000) 2026-10-04 15:14:34 Image size of job updated: 667164
	649  -  MemoryUsage of job (MB)
	664508  -  ResidentSetSize of job (KB)
...
006 (78855135.081.000) 2026-10-04 15:19:34 Image size of job updated: 668136
	653  -  MemoryUsage of job (MB)
	668136  -  ResidentSetSize of job (KB)
...
006 (78855135.081.000) 2026-10-04 15:24:35 Image size of job updated: 668956
	654  -  MemoryUsage of job (MB)
	668956  -  ResidentSetSize of job (KB)
...
006 (78855135.081.000) 2026-10-04 15:29:36 Image size of job updated: 671028
	655  -  MemoryUsage of job (MB)
	669812  -  ResidentSetSize of job (KB)
...
006 (78855135.081.000) 2026-10-04 15:34:36 Image size of job updated: 671028
	655  -  MemoryUsage of job (MB)
	669884  -  ResidentSetSize of job (KB)
...
006 (78855135.081.000) 2026-10-04 15:39:37 Image size of job updated: 672356
	655  -  MemoryUsage of job (MB)
	670344  -  ResidentSetSize of job (KB)
...
006 (78855135.081.000) 2026-10-04 15:44:38 Image size of job updated: 672356
	655  -  MemoryUsage of job (MB)
	670404  -  ResidentSetSize of job (KB)
...
006 (78855135.081.000) 2026-10-04 15:49:38 Image size of job updated: 672356
	655  -  MemoryUsage of job (MB)
	670460  -  ResidentSetSize of job (KB)
...
006 (78855135.081.000) 2026-10-04 15:54:39 Image size of job updated: 672772
	656  -  MemoryUsage of job (MB)
	670812  -  ResidentSetSize of job (KB)
...
006 (78855135.081.000) 2026-10-04 15:59:40 Image size of job updated: 672772
	656  -  MemoryUsage of job (MB)
	670932  -  ResidentSetSize of job (KB)
...
006 (78855135.081.000) 2026-10-04 16:09:20 Image size of job updated: 673320
	658  -  MemoryUsage of job (MB)
	673320  -  ResidentSetSize of job (KB)
...
006 (78855135.081.000) 2026-10-04 16:23:20 Image size of job updated: 675004
	660  -  MemoryUsage of job (MB)
	675004  -  ResidentSetSize of job (KB)
...
006 (78855135.081.000) 2026-10-04 16:34:32 Image size of job updated: 676352
	660  -  MemoryUsage of job (MB)
	675004  -  ResidentSetSize of job (KB)
...
006 (78855135.081.000) 2026-10-04 16:41:15 Image size of job updated: 677012
	660  -  MemoryUsage of job (MB)
	675024  -  ResidentSetSize of job (KB)
...
006 (78855135.081.000) 2026-10-04 16:46:15 Image size of job updated: 677012
	660  -  MemoryUsage of job (MB)
	675052  -  ResidentSetSize of job (KB)
...
006 (78855135.081.000) 2026-10-04 16:51:16 Image size of job updated: 681896
	666  -  MemoryUsage of job (MB)
	681008  -  ResidentSetSize of job (KB)
...
006 (78855135.081.000) 2026-10-04 16:56:16 Image size of job updated: 681896
	666  -  MemoryUsage of job (MB)
	681088  -  ResidentSetSize of job (KB)
...
006 (78855135.081.000) 2026-10-04 17:01:16 Image size of job updated: 682492
	666  -  MemoryUsage of job (MB)
	681532  -  ResidentSetSize of job (KB)
...
006 (78855135.081.000) 2026-10-04 17:06:17 Image size of job updated: 682492
	666  -  MemoryUsage of job (MB)
	681560  -  ResidentSetSize of job (KB)
...
006 (78855135.081.000) 2026-10-04 17:11:17 Image size of job updated: 682492
	666  -  MemoryUsage of job (MB)
	681640  -  ResidentSetSize of job (KB)
...
006 (78855135.081.000) 2026-10-04 17:16:17 Image size of job updated: 682876
	666  -  MemoryUsage of job (MB)
	681640  -  ResidentSetSize of job (KB)
...
006 (78855135.081.000) 2026-10-04 17:26:19 Image size of job updated: 682876
	667  -  MemoryUsage of job (MB)
	682400  -  ResidentSetSize of job (KB)
...
006 (78855135.081.000) 2026-10-04 17:31:19 Image size of job updated: 682876
	667  -  MemoryUsage of job (MB)
	682444  -  ResidentSetSize of job (KB)
...
006 (78855135.081.000) 2026-10-04 17:36:20 Image size of job updated: 684468
	668  -  MemoryUsage of job (MB)
	683452  -  ResidentSetSize of job (KB)
...
006 (78855135.081.000) 2026-10-04 17:41:21 Image size of job updated: 684468
	668  -  MemoryUsage of job (MB)
	683484  -  ResidentSetSize of job (KB)
...
006 (78855135.081.000) 2026-10-04 17:51:22 Image size of job updated: 684468
	668  -  MemoryUsage of job (MB)
	683588  -  ResidentSetSize of job (KB)
...
006 (78855135.081.000) 2026-10-04 17:56:23 Image size of job updated: 684468
	668  -  MemoryUsage of job (MB)
	683680  -  ResidentSetSize of job (KB)
...
006 (78855135.081.000) 2026-10-04 18:01:23 Image size of job updated: 684688
	668  -  MemoryUsage of job (MB)
	683712  -  ResidentSetSize of job (KB)
...
006 (78855135.081.000) 2026-10-04 18:06:24 Image size of job updated: 684688
	668  -  MemoryUsage of job (MB)
	683776  -  ResidentSetSize of job (KB)
...
006 (78855135.081.000) 2026-10-04 18:11:25 Image size of job updated: 684808
	669  -  MemoryUsage of job (MB)
	684092  -  ResidentSetSize of job (KB)
...
006 (78855135.081.000) 2026-10-04 18:16:25 Image size of job updated: 684808
	669  -  MemoryUsage of job (MB)
	684156  -  ResidentSetSize of job (KB)
...
006 (78855135.081.000) 2026-10-04 18:21:25 Image size of job updated: 686940
	670  -  MemoryUsage of job (MB)
	685924  -  ResidentSetSize of job (KB)
...
006 (78855135.081.000) 2026-10-04 18:26:26 Image size of job updated: 686940
	670  -  MemoryUsage of job (MB)
	685944  -  ResidentSetSize of job (KB)
...
006 (78855135.081.000) 2026-10-04 18:31:26 Image size of job updated: 686940
	670  -  MemoryUsage of job (MB)
	685996  -  ResidentSetSize of job (KB)
...
006 (78855135.081.000) 2026-10-04 18:46:27 Image size of job updated: 687840
	670  -  MemoryUsage of job (MB)
	685996  -  ResidentSetSize of job (KB)
...
006 (78855135.081.000) 2026-10-04 18:56:28 Image size of job updated: 688312
	672  -  MemoryUsage of job (MB)
	687840  -  ResidentSetSize of job (KB)
...
006 (78855135.081.000) 2026-10-04 19:01:28 Image size of job updated: 688312
	672  -  MemoryUsage of job (MB)
	687852  -  ResidentSetSize of job (KB)
...
006 (78855135.081.000) 2026-10-04 19:06:28 Image size of job updated: 688312
	672  -  MemoryUsage of job (MB)
	687864  -  ResidentSetSize of job (KB)
...
006 (78855135.081.000) 2026-10-04 19:11:29 Image size of job updated: 688348
	673  -  MemoryUsage of job (MB)
	688292  -  ResidentSetSize of job (KB)
...
006 (78855135.081.000) 2026-10-04 19:16:30 Image size of job updated: 688348
	673  -  MemoryUsage of job (MB)
	688320  -  ResidentSetSize of job (KB)
...
006 (78855135.081.000) 2026-10-04 19:21:30 Image size of job updated: 703804
	673  -  MemoryUsage of job (MB)
	688320  -  ResidentSetSize of job (KB)
...
006 (78855135.081.000) 2026-10-04 19:31:32 Image size of job updated: 703804
	675  -  MemoryUsage of job (MB)
	690416  -  ResidentSetSize of job (KB)
...
006 (78855135.081.000) 2026-10-04 19:36:32 Image size of job updated: 703804
	675  -  MemoryUsage of job (MB)
	690484  -  ResidentSetSize of job (KB)
...
006 (78855135.081.000) 2026-10-04 19:41:33 Image size of job updated: 703804
	675  -  MemoryUsage of job (MB)
	690580  -  ResidentSetSize of job (KB)
...
006 (78855135.081.000) 2026-10-04 19:46:34 Image size of job updated: 703804
	676  -  MemoryUsage of job (MB)
	692004  -  ResidentSetSize of job (KB)
...
006 (78855135.081.000) 2026-10-04 19:51:34 Image size of job updated: 703804
	676  -  MemoryUsage of job (MB)
	692024  -  ResidentSetSize of job (KB)
...
006 (78855135.081.000) 2026-10-04 19:56:35 Image size of job updated: 703804
	677  -  MemoryUsage of job (MB)
	693132  -  ResidentSetSize of job (KB)
...
006 (78855135.081.000) 2026-10-04 20:01:36 Image size of job updated: 703804
	677  -  MemoryUsage of job (MB)
	693152  -  ResidentSetSize of job (KB)
...
006 (78855135.081.000) 2026-10-04 21:31:44 Image size of job updated: 703804
	680  -  MemoryUsage of job (MB)
	695540  -  ResidentSetSize of job (KB)
...
006 (78855135.081.000) 2026-10-04 21:36:45 Image size of job updated: 703804
	680  -  MemoryUsage of job (MB)
	695560  -  ResidentSetSize of job (KB)
...
006 (78855135.081.000) 2026-10-04 21:41:45 Image size of job updated: 703804
	680  -  MemoryUsage of job (MB)
	695592  -  ResidentSetSize of job (KB)
...
006 (78855135.081.000) 2026-10-04 21:46:46 Image size of job updated: 703804
	680  -  MemoryUsage of job (MB)
	695620  -  ResidentSetSize of job (KB)
...
006 (78855135.081.000) 2026-10-04 21:51:47 Image size of job updated: 703804
	680  -  MemoryUsage of job (MB)
	695628  -  ResidentSetSize of job (KB)
...
006 (78855135.081.000) 2026-10-04 21:56:47 Image size of job updated: 703804
	680  -  MemoryUsage of job (MB)
	695948  -  ResidentSetSize of job (KB)
...
006 (78855135.081.000) 2026-10-04 22:06:49 Image size of job updated: 703804
	683  -  MemoryUsage of job (MB)
	698724  -  ResidentSetSize of job (KB)
...
006 (78855135.081.000) 2026-10-04 22:11:49 Image size of job updated: 703804
	683  -  MemoryUsage of job (MB)
	698736  -  ResidentSetSize of job (KB)
...
006 (78855135.081.000) 2026-10-04 22:16:49 Image size of job updated: 703804
	683  -  MemoryUsage of job (MB)
	698764  -  ResidentSetSize of job (KB)
...
006 (78855135.081.000) 2026-10-04 22:21:50 Image size of job updated: 703804
	683  -  MemoryUsage of job (MB)
	698772  -  ResidentSetSize of job (KB)
...
006 (78855135.081.000) 2026-10-04 22:26:50 Image size of job updated: 703804
	683  -  MemoryUsage of job (MB)
	698824  -  ResidentSetSize of job (KB)
...
006 (78855135.081.000) 2026-10-04 22:56:52 Image size of job updated: 703804
	684  -  MemoryUsage of job (MB)
	699976  -  ResidentSetSize of job (KB)
...
006 (78855135.081.000) 2026-10-04 23:01:52 Image size of job updated: 703804
	684  -  MemoryUsage of job (MB)
	699992  -  ResidentSetSize of job (KB)
...
006 (78855135.081.000) 2026-10-04 23:06:54 Image size of job updated: 703804
	685  -  MemoryUsage of job (MB)
	701024  -  ResidentSetSize of job (KB)
...
006 (78855135.081.000) 2026-10-04 23:11:54 Image size of job updated: 703804
	685  -  MemoryUsage of job (MB)
	701060  -  ResidentSetSize of job (KB)
...
006 (78855135.081.000) 2026-10-04 23:16:54 Image size of job updated: 703804
	685  -  MemoryUsage of job (MB)
	701076  -  ResidentSetSize of job (KB)
...
006 (78855135.081.000) 2026-10-04 23:21:55 Image size of job updated: 703804
	685  -  MemoryUsage of job (MB)
	701096  -  ResidentSetSize of job (KB)
...
006 (78855135.081.000) 2026-10-04 23:26:56 Image size of job updated: 703804
	685  -  MemoryUsage of job (MB)
	701124  -  ResidentSetSize of job (KB)
...
006 (78855135.081.000) 2026-10-04 23:57:00 Image size of job updated: 703804
	686  -  MemoryUsage of job (MB)
	702208  -  ResidentSetSize of job (KB)
...
006 (78855135.081.000) 2026-10-05 00:02:00 Image size of job updated: 703804
	686  -  MemoryUsage of job (MB)
	702212  -  ResidentSetSize of job (KB)
...
006 (78855135.081.000) 2026-10-05 00:17:02 Image size of job updated: 720672
	686  -  MemoryUsage of job (MB)
	702212  -  ResidentSetSize of job (KB)
...
006 (78855135.081.000) 2026-10-05 00:32:04 Image size of job updated: 720672
	687  -  MemoryUsage of job (MB)
	703332  -  ResidentSetSize of job (KB)
...
006 (78855135.081.000) 2026-10-05 00:37:04 Image size of job updated: 720672
	687  -  MemoryUsage of job (MB)
	703380  -  ResidentSetSize of job (KB)
...
006 (78855135.081.000) 2026-10-05 00:52:05 Image size of job updated: 720672
	690  -  MemoryUsage of job (MB)
	706416  -  ResidentSetSize of job (KB)
...
006 (78855135.081.000) 2026-10-05 00:57:06 Image size of job updated: 720672
	690  -  MemoryUsage of job (MB)
	706432  -  ResidentSetSize of job (KB)
...
006 (78855135.081.000) 2026-10-05 01:02:06 Image size of job updated: 720672
	690  -  MemoryUsage of job (MB)
	706436  -  ResidentSetSize of job (KB)
...
006 (78855135.081.000) 2026-10-05 01:12:07 Image size of job updated: 720672
	690  -  MemoryUsage of job (MB)
	706440  -  ResidentSetSize of job (KB)
...
006 (78855135.081.000) 2026-10-05 01:17:08 Image size of job updated: 720672
	690  -  MemoryUsage of job (MB)
	706448  -  ResidentSetSize of job (KB)
...
006 (78855135.081.000) 2026-10-05 01:22:08 Image size of job updated: 720672
	690  -  MemoryUsage of job (MB)
	706452  -  ResidentSetSize of job (KB)
...
006 (78855135.081.000) 2026-10-05 01:27:09 Image size of job updated: 720672
	690  -  MemoryUsage of job (MB)
	706508  -  ResidentSetSize of job (KB)
...
006 (78855135.081.000) 2026-10-05 01:57:13 Image size of job updated: 720672
	690  -  MemoryUsage of job (MB)
	706520  -  ResidentSetSize of job (KB)
...
006 (78855135.081.000) 2026-10-05 02:02:14 Image size of job updated: 720672
	690  -  MemoryUsage of job (MB)
	706528  -  ResidentSetSize of job (KB)
...
006 (78855135.081.000) 2026-10-05 04:07:28 Image size of job updated: 720672
	692  -  MemoryUsage of job (MB)
	708480  -  ResidentSetSize of job (KB)
...
006 (78855135.081.000) 2026-10-05 04:12:28 Image size of job updated: 720672
	692  -  MemoryUsage of job (MB)
	708484  -  ResidentSetSize of job (KB)
...
006 (78855135.081.000) 2026-10-05 04:17:29 Image size of job updated: 720672
	692  -  MemoryUsage of job (MB)
	708532  -  ResidentSetSize of job (KB)
...
006 (78855135.081.000) 2026-10-05 04:22:30 Image size of job updated: 720672
	692  -  MemoryUsage of job (MB)
	708536  -  ResidentSetSize of job (KB)
...
006 (78855135.081.000) 2026-10-05 04:27:30 Image size of job updated: 720672
	692  -  MemoryUsage of job (MB)
	708548  -  ResidentSetSize of job (KB)
...
006 (78855135.081.000) 2026-10-05 04:32:31 Image size of job updated: 720672
	692  -  MemoryUsage of job (MB)
	708552  -  ResidentSetSize of job (KB)
...
006 (78855135.081.000) 2026-10-05 04:57:34 Image size of job updated: 735180
	692  -  MemoryUsage of job (MB)
	708552  -  ResidentSetSize of job (KB)
...
006 (78855135.081.000) 2026-10-05 05:57:42 Image size of job updated: 735180
	693  -  MemoryUsage of job (MB)
	709232  -  ResidentSetSize of job (KB)
...
006 (78855135.081.000) 2026-10-05 06:02:43 Image size of job updated: 735180
	693  -  MemoryUsage of job (MB)
	709236  -  ResidentSetSize of job (KB)
...
006 (78855135.081.000) 2026-10-05 06:07:44 Image size of job updated: 735180
	693  -  MemoryUsage of job (MB)
	709260  -  ResidentSetSize of job (KB)
...
006 (78855135.081.000) 2026-10-05 06:37:46 Image size of job updated: 735180
	694  -  MemoryUsage of job (MB)
	710652  -  ResidentSetSize of job (KB)
...
006 (78855135.081.000) 2026-10-05 07:12:48 Image size of job updated: 735180
	697  -  MemoryUsage of job (MB)
	713476  -  ResidentSetSize of job (KB)
...
006 (78855135.081.000) 2026-10-05 07:17:48 Image size of job updated: 735180
	697  -  MemoryUsage of job (MB)
	713512  -  ResidentSetSize of job (KB)
...
006 (78855135.081.000) 2026-10-05 07:22:49 Image size of job updated: 735180
	697  -  MemoryUsage of job (MB)
	713516  -  ResidentSetSize of job (KB)
...
006 (78855135.081.000) 2026-10-05 07:42:50 Image size of job updated: 735180
	700  -  MemoryUsage of job (MB)
	715888  -  ResidentSetSize of job (KB)
...
006 (78855135.081.000) 2026-10-05 07:52:51 Image size of job updated: 735180
	700  -  MemoryUsage of job (MB)
	715896  -  ResidentSetSize of job (KB)
...
006 (78855135.081.000) 2026-10-05 07:57:52 Image size of job updated: 739944
	700  -  MemoryUsage of job (MB)
	715936  -  ResidentSetSize of job (KB)
...
006 (78855135.081.000) 2026-10-05 08:37:57 Image size of job updated: 739944
	700  -  MemoryUsage of job (MB)
	716644  -  ResidentSetSize of job (KB)
...
006 (78855135.081.000) 2026-10-05 08:42:58 Image size of job updated: 739944
	700  -  MemoryUsage of job (MB)
	716648  -  ResidentSetSize of job (KB)
...
006 (78855135.081.000) 2026-10-05 08:52:59 Image size of job updated: 739944
	701  -  MemoryUsage of job (MB)
	717692  -  ResidentSetSize of job (KB)
...
006 (78855135.081.000) 2026-10-05 10:08:06 Image size of job updated: 741892
	701  -  MemoryUsage of job (MB)
	717692  -  ResidentSetSize of job (KB)
...
006 (78855135.081.000) 2026-10-05 10:23:07 Image size of job updated: 741892
	709  -  MemoryUsage of job (MB)
	725216  -  ResidentSetSize of job (KB)
...
006 (78855135.081.000) 2026-10-05 11:43:13 Image size of job updated: 741892
	709  -  MemoryUsage of job (MB)
	725940  -  ResidentSetSize of job (KB)
...
006 (78855135.081.000) 2026-10-05 11:48:13 Image size of job updated: 741892
	709  -  MemoryUsage of job (MB)
	725948  -  ResidentSetSize of job (KB)
...
006 (78855135.081.000) 2026-10-05 11:53:13 Image size of job updated: 741892
	711  -  MemoryUsage of job (MB)
	727760  -  ResidentSetSize of job (KB)
...
006 (78855135.081.000) 2026-10-05 12:08:14 Image size of job updated: 743184
	711  -  MemoryUsage of job (MB)
	727760  -  ResidentSetSize of job (KB)
...
006 (78855135.081.000) 2026-10-05 12:48:17 Image size of job updated: 746312
	711  -  MemoryUsage of job (MB)
	727760  -  ResidentSetSize of job (KB)
...
006 (78855135.081.000) 2026-10-05 13:13:19 Image size of job updated: 755316
	711  -  MemoryUsage of job (MB)
	727760  -  ResidentSetSize of job (KB)
...
