000 (78851234.082.000) 2026-09-30 12:35:31 Job submitted from host: <10.14.0.121:9618?addrs=10.14.0.121-9618&alias=ldas-pcdev12.ligo.caltech.edu&noUDP&sock=schedd_623140_c9b4>
...
001 (78851234.082.000) 2026-09-30 12:36:01 Job executing on host: <10.14.4.48:9618?addrs=10.14.4.48-9618&alias=node798.cluster.ldas.cit&noUDP&sock=startd_4116264_4e6b>
	SlotName: slot1_4@node798.cluster.ldas.cit
	CondorScratchDir = "/var/lib/condor/execute/dir_24833/scratch"
	Cpus = 4
	Disk = 28672
	GPUs = 0
	Memory = 6016
...
006 (78851234.082.000) 2026-09-30 12:36:09 Image size of job updated: 155720
	153  -  MemoryUsage of job (MB)
	155720  -  ResidentSetSize of job (KB)
...
006 (78851234.082.000) 2026-09-30 12:41:09 Image size of job updated: 348704
	341  -  MemoryUsage of job (MB)
	348704  -  ResidentSetSize of job (KB)
...
006 (78851234.082.000) 2026-09-30 12:46:09 Image size of job updated: 350088
	342  -  MemoryUsage of job (MB)
	350088  -  ResidentSetSize of job (KB)
...
006 (78851234.082.000) 2026-09-30 12:51:10 Image size of job updated: 463932
	454  -  MemoryUsage of job (MB)
	463932  -  ResidentSetSize of job (KB)
...
006 (78851234.082.000) 2026-09-30 12:56:10 Image size of job updated: 464264
	454  -  MemoryUsage of job (MB)
	464264  -  ResidentSetSize of job (KB)
...
006 (78851234.082.000) 2026-09-30 13:01:11 Image size of job updated: 481712
	466  -  MemoryUsage of job (MB)
	476996  -  ResidentSetSize of job (KB)
...
006 (78851234.082.000) 2026-09-30 13:06:11 Image size of job updated: 481712
	467  -  MemoryUsage of job (MB)
	477312  -  ResidentSetSize of job (KB)
...
006 (78851234.082.000) 2026-09-30 13:11:12 Image size of job updated: 486348
	475  -  MemoryUsage of job (MB)
	486348  -  ResidentSetSize of job (KB)
...
006 (78851234.082.000) 2026-09-30 13:16:12 Image size of job updated: 486496
	476  -  MemoryUsage of job (MB)
	486496  -  ResidentSetSize of job (KB)
...
006 (78851234.082.000) 2026-09-30 13:21:12 Image size of job updated: 487952
	476  -  MemoryUsage of job (MB)
	487004  -  ResidentSetSize of job (KB)
...
006 (78851234.082.000) 2026-09-30 13:26:13 Image size of job updated: 487952
	476  -  MemoryUsage of job (MB)
	487108  -  ResidentSetSize of job (KB)
...
006 (78851234.082.000) 2026-09-30 13:31:13 Image size of job updated: 487952
	476  -  MemoryUsage of job (MB)
	487396  -  ResidentSetSize of job (KB)
...
006 (78851234.082.000) 2026-09-30 13:36:14 Image size of job updated: 487952
	477  -  MemoryUsage of job (MB)
	487540  -  ResidentSetSize of job (KB)
...
006 (78851234.082.000) 2026-09-30 13:41:14 Image size of job updated: 557824
	545  -  MemoryUsage of job (MB)
	557824  -  ResidentSetSize of job (KB)
...
006 (78851234.082.000) 2026-09-30 13:46:15 Image size of job updated: 557880
	545  -  MemoryUsage of job (MB)
	557880  -  ResidentSetSize of job (KB)
...
006 (78851234.082.000) 2026-09-30 13:51:16 Image size of job updated: 558068
	545  -  MemoryUsage of job (MB)
	558068  -  ResidentSetSize of job (KB)
...
006 (78851234.082.000) 2026-09-30 13:56:16 Image size of job updated: 558112
	546  -  MemoryUsage of job (MB)
	558112  -  ResidentSetSize of job (KB)
...
006 (78851234.082.000) 2026-09-30 14:01:17 Image size of job updated: 558136
	546  -  MemoryUsage of job (MB)
	558136  -  ResidentSetSize of job (KB)
...
006 (78851234.082.000) 2026-09-30 14:06:17 Image size of job updated: 559136
	547  -  MemoryUsage of job (MB)
	559136  -  ResidentSetSize of job (KB)
...
006 (78851234.082.000) 2026-09-30 14:11:18 Image size of job updated: 559172
	547  -  MemoryUsage of job (MB)
	559172  -  ResidentSetSize of job (KB)
...
006 (78851234.082.000) 2026-09-30 14:16:19 Image size of job updated: 560168
	548  -  MemoryUsage of job (MB)
	560168  -  ResidentSetSize of job (KB)
...
006 (78851234.082.000) 2026-09-30 14:21:19 Image size of job updated: 560172
	548  -  MemoryUsage of job (MB)
	560172  -  ResidentSetSize of job (KB)
...
006 (78851234.082.000) 2026-09-30 14:26:20 Image size of job updated: 560212
	548  -  MemoryUsage of job (MB)
	560212  -  ResidentSetSize of job (KB)
...
006 (78851234.082.000) 2026-09-30 14:31:20 Image size of job updated: 716432
	700  -  MemoryUsage of job (MB)
	716432  -  ResidentSetSize of job (KB)
...
006 (78851234.082.000) 2026-09-30 14:36:21 Image size of job updated: 952204
	930  -  MemoryUsage of job (MB)
	952204  -  ResidentSetSize of job (KB)
...
006 (78851234.082.000) 2026-09-30 14:41:21 Image size of job updated: 1186548
	1159  -  MemoryUsage of job (MB)
	1186548  -  ResidentSetSize of job (KB)
...
006 (78851234.082.000) 2026-09-30 14:46:21 Image size of job updated: 1427660
	1395  -  MemoryUsage of job (MB)
	1427660  -  ResidentSetSize of job (KB)
...
006 (78851234.082.000) 2026-09-30 14:51:22 Image size of job updated: 1673264
	1635  -  MemoryUsage of job (MB)
	1673264  -  ResidentSetSize of job (KB)
...
006 (78851234.082.000) 2026-09-30 14:56:22 Image size of job updated: 1735188
	1695  -  MemoryUsage of job (MB)
	1735188  -  ResidentSetSize of job (KB)
...
006 (78851234.082.000) 2026-09-30 15:01:23 Image size of job updated: 1745840
	1705  -  MemoryUsage of job (MB)
	1745840  -  ResidentSetSize of job (KB)
...
006 (78851234.082.000) 2026-09-30 15:06:23 Image size of job updated: 1745864
	1705  -  MemoryUsage of job (MB)
	1745864  -  ResidentSetSize of job (KB)
...
006 (78851234.082.000) 2026-09-30 15:11:23 Image size of job updated: 1746068
	1706  -  MemoryUsage of job (MB)
	1746068  -  ResidentSetSize of job (KB)
...
006 (78851234.082.000) 2026-09-30 15:16:24 Image size of job updated: 1746104
	1706  -  MemoryUsage of job (MB)
	1746104  -  ResidentSetSize of job (KB)
...
006 (78851234.082.000) 2026-09-30 15:21:24 Image size of job updated: 1747116
	1706  -  MemoryUsage of job (MB)
	1746136  -  ResidentSetSize of job (KB)
...
006 (78851234.082.000) 2026-09-30 15:26:25 Image size of job updated: 1747116
	1706  -  MemoryUsage of job (MB)
	1746148  -  ResidentSetSize of job (KB)
...
006 (78851234.082.000) 2026-09-30 15:31:25 Image size of job updated: 1747116
	1706  -  MemoryUsage of job (MB)
	1746172  -  ResidentSetSize of job (KB)
...
006 (78851234.082.000) 2026-09-30 15:36:26 Image size of job updated: 1747116
	1706  -  MemoryUsage of job (MB)
	1746224  -  ResidentSetSize of job (KB)
...
006 (78851234.082.000) 2026-09-30 15:41:27 Image size of job updated: 1747116
	1706  -  MemoryUsage of job (MB)
	1746260  -  ResidentSetSize of job (KB)
...
006 (78851234.082.000) 2026-09-30 15:46:27 Image size of job updated: 1747116
	1706  -  MemoryUsage of job (MB)
	1746284  -  ResidentSetSize of job (KB)
...
006 (78851234.082.000) 2026-09-30 15:51:28 Image size of job updated: 1747116
	1706  -  MemoryUsage of job (MB)
	1746304  -  ResidentSetSize of job (KB)
...
006 (78851234.082.000) 2026-09-30 15:56:28 Image size of job updated: 1747116
	1706  -  MemoryUsage of job (MB)
	1746328  -  ResidentSetSize of job (KB)
...
006 (78851234.082.000) 2026-09-30 16:01:29 Image size of job updated: 1747116
	1706  -  MemoryUsage of job (MB)
	1746352  -  ResidentSetSize of job (KB)
...
006 (78851234.082.000) 2026-09-30 16:06:30 Image size of job updated: 1747116
	1706  -  MemoryUsage of job (MB)
	1746360  -  ResidentSetSize of job (KB)
...
006 (78851234.082.000) 2026-09-30 16:11:30 Image size of job updated: 1747116
	1706  -  MemoryUsage of job (MB)
	1746368  -  ResidentSetSize of job (KB)
...
006 (78851234.082.000) 2026-09-30 16:16:31 Image size of job updated: 1747116
	1706  -  MemoryUsage of job (MB)
	1746376  -  ResidentSetSize of job (KB)
...
006 (78851234.082.000) 2026-09-30 16:21:31 Image size of job updated: 1747116
	1706  -  MemoryUsage of job (MB)
	1746396  -  ResidentSetSize of job (KB)
...
006 (78851234.082.000) 2026-09-30 16:26:32 Image size of job updated: 1749708
	1707  -  MemoryUsage of job (MB)
	1747728  -  ResidentSetSize of job (KB)
...
006 (78851234.082.000) 2026-09-30 16:31:32 Image size of job updated: 1749708
	1707  -  MemoryUsage of job (MB)
	1747748  -  ResidentSetSize of job (KB)
...
006 (78851234.082.000) 2026-09-30 16:46:34 Image size of job updated: 1749708
	1708  -  MemoryUsage of job (MB)
	1748504  -  ResidentSetSize of job (KB)
...
006 (78851234.082.000) 2026-09-30 16:56:35 Image size of job updated: 1749708
	1708  -  MemoryUsage of job (MB)
	1748536  -  ResidentSetSize of job (KB)
...
006 (78851234.082.000) 2026-09-30 17:01:36 Image size of job updated: 1749708
	1708  -  MemoryUsage of job (MB)
	1748548  -  ResidentSetSize of job (KB)
...
006 (78851234.082.000) 2026-09-30 17:06:36 Image size of job updated: 1749708
	1708  -  MemoryUsage of job (MB)
	1748560  -  ResidentSetSize of job (KB)
...
006 (78851234.082.000) 2026-09-30 17:16:38 Image size of job updated: 1749708
	1708  -  MemoryUsage of job (MB)
	1748572  -  ResidentSetSize of job (KB)
...
006 (78851234.082.000) 2026-09-30 17:21:38 Image size of job updated: 1749708
	1708  -  MemoryUsage of job (MB)
	1748596  -  ResidentSetSize of job (KB)
...
006 (78851234.082.000) 2026-09-30 17:26:39 Image size of job updated: 1749708
	1708  -  MemoryUsage of job (MB)
	1748608  -  ResidentSetSize of job (KB)
...
006 (78851234.082.000) 2026-09-30 17:31:39 Image size of job updated: 1749708
	1708  -  MemoryUsage of job (MB)
	1748804  -  ResidentSetSize of job (KB)
...
006 (78851234.082.000) 2026-09-30 17:36:40 Image size of job updated: 1749708
	1708  -  MemoryUsage of job (MB)
	1748816  -  ResidentSetSize of job (KB)
...
006 (78851234.082.000) 2026-09-30 17:41:40 Image size of job updated: 1749708
	1708  -  MemoryUsage of job (MB)
	1748828  -  ResidentSetSize of job (KB)
...
006 (78851234.082.000) 2026-09-30 17:46:41 Image size of job updated: 1749708
	1708  -  MemoryUsage of job (MB)
	1748840  -  ResidentSetSize of job (KB)
...
006 (78851234.082.000) 2026-09-30 17:51:42 Image size of job updated: 1749708
	1708  -  MemoryUsage of job (MB)
	1748868  -  ResidentSetSize of job (KB)
...
006 (78851234.082.000) 2026-09-30 17:56:42 Image size of job updated: 1749708
	1708  -  MemoryUsage of job (MB)
	1748976  -  ResidentSetSize of job (KB)
...
006 (78851234.082.000) 2026-09-30 18:01:43 Image size of job updated: 1749708
	1708  -  MemoryUsage of job (MB)
	1748984  -  ResidentSetSize of job (KB)
...
006 (78851234.082.000) 2026-09-30 18:06:43 Image size of job updated: 1749732
	1709  -  MemoryUsage of job (MB)
	1749732  -  ResidentSetSize of job (KB)
...
006 (78851234.082.000) 2026-09-30 18:11:44 Image size of job updated: 1749736
	1709  -  MemoryUsage of job (MB)
	1749736  -  ResidentSetSize of job (KB)
...
006 (78851234.082.000) 2026-09-30 18:16:44 Image size of job updated: 1749752
	1709  -  MemoryUsage of job (MB)
	1749752  -  ResidentSetSize of job (KB)
...
006 (78851234.082.000) 2026-09-30 18:21:45 Image size of job updated: 1749760
	1709  -  MemoryUsage of job (MB)
	1749760  -  ResidentSetSize of job (KB)
...
006 (78851234.082.000) 2026-09-30 18:26:45 Image size of job updated: 1749772
	1709  -  MemoryUsage of job (MB)
	1749772  -  ResidentSetSize of job (KB)
...
006 (78851234.082.000) 2026-09-30 18:31:45 Image size of job updated: 1749776
	1709  -  MemoryUsage of job (MB)
	1749776  -  ResidentSetSize of job (KB)
...
006 (78851234.082.000) 2026-09-30 18:41:46 Image size of job updated: 1749792
	1709  -  MemoryUsage of job (MB)
	1749792  -  ResidentSetSize of job (KB)
...
006 (78851234.082.000) 2026-09-30 18:46:47 Image size of job updated: 1749804
	1709  -  MemoryUsage of job (MB)
	1749804  -  ResidentSetSize of job (KB)
...
006 (78851234.082.000) 2026-09-30 18:51:47 Image size of job updated: 1751824
	1711  -  MemoryUsage of job (MB)
	1751824  -  ResidentSetSize of job (KB)
...
006 (78851234.082.000) 2026-09-30 18:56:48 Image size of job updated: 1751832
	1711  -  MemoryUsage of job (MB)
	1751832  -  ResidentSetSize of job (KB)
...
006 (78851234.082.000) 2026-09-30 19:01:48 Image size of job updated: 1751844
	1711  -  MemoryUsage of job (MB)
	1751844  -  ResidentSetSize of job (KB)
...
006 (78851234.082.000) 2026-09-30 19:06:48 Image size of job updated: 1755004
	1714  -  MemoryUsage of job (MB)
	1754888  -  ResidentSetSize of job (KB)
...
006 (78851234.082.000) 2026-09-30 19:11:49 Image size of job updated: 1755004
	1714  -  MemoryUsage of job (MB)
	1754900  -  ResidentSetSize of job (KB)
...
006 (78851234.082.000) 2026-09-30 19:46:52 Image size of job updated: 1757112
	1715  -  MemoryUsage of job (MB)
	1756104  -  ResidentSetSize of job (KB)
...
006 (78851234.082.000) 2026-09-30 19:51:52 Image size of job updated: 1757112
	1715  -  MemoryUsage of job (MB)
	1756108  -  ResidentSetSize of job (KB)
...
006 (78851234.082.000) 2026-09-30 21:07:00 Image size of job updated: 1760176
	1719  -  MemoryUsage of job (MB)
	1760176  -  ResidentSetSize of job (KB)
...
006 (78851234.082.000) 2026-09-30 21:12:01 Image size of job updated: 1760184
	1719  -  MemoryUsage of job (MB)
	1760184  -  ResidentSetSize of job (KB)
...
006 (78851234.082.000) 2026-09-30 21:17:01 Image size of job updated: 1765592
	1719  -  MemoryUsage of job (MB)
	1760184  -  ResidentSetSize of job (KB)
...
006 (78851234.082.000) 2026-09-30 21:22:02 Image size of job updated: 1765592
	1722  -  MemoryUsage of job (MB)
	1763072  -  ResidentSetSize of job (KB)
...
006 (78851234.082.000) 2026-09-30 21:52:04 Image size of job updated: 1765592
	1723  -  MemoryUsage of job (MB)
	1764108  -  ResidentSetSize of job (KB)
...
006 (78851234.082.000) 2026-09-30 23:12:12 Image size of job updated: 1767208
	1726  -  MemoryUsage of job (MB)
	1767208  -  ResidentSetSize of job (KB)
...
006 (78851234.082.000) 2026-09-30 23:27:13 Image size of job updated: 1768216
	1727  -  MemoryUsage of job (MB)
	1768216  -  ResidentSetSize of job (KB)
...
006 (78851234.082.000) 2026-09-30 23:32:14 Image size of job updated: 1768220
	1727  -  MemoryUsage of job (MB)
	1768220  -  ResidentSetSize of job (KB)
...
006 (78851234.082.000) 2026-10-01 00:42:20 Image size of job updated: 1768740
	1728  -  MemoryUsage of job (MB)
	1768740  -  ResidentSetSize of job (KB)
...
006 (78851234.082.000) 2026-10-01 00:52:21 Image size of job updated: 1769748
	1728  -  MemoryUsage of job (MB)
	1768740  -  ResidentSetSize of job (KB)
...
006 (78851234.082.000) 2026-10-01 00:57:21 Image size of job updated: 1769748
	1728  -  MemoryUsage of job (MB)
	1768744  -  ResidentSetSize of job (KB)
...
006 (78851234.082.000) 2026-10-01 01:07:23 Image size of job updated: 1769748
	1728  -  MemoryUsage of job (MB)
	1768752  -  ResidentSetSize of job (KB)
...
006 (78851234.082.000) 2026-10-01 01:17:24 Image size of job updated: 1771776
	1731  -  MemoryUsage of job (MB)
	1771776  -  ResidentSetSize of job (KB)
...
006 (78851234.082.000) 2026-10-01 01:27:25 Image size of job updated: 1771780
	1731  -  MemoryUsage of job (MB)
	1771780  -  ResidentSetSize of job (KB)
...
006 (78851234.082.000) 2026-10-01 01:42:27 Image size of job updated: 1771784
	1731  -  MemoryUsage of job (MB)
	1771784  -  ResidentSetSize of job (KB)
...
006 (78851234.082.000) 2026-10-01 01:52:28 Image size of job updated: 1771796
	1731  -  MemoryUsage of job (MB)
	1771796  -  ResidentSetSize of job (KB)
...
006 (78851234.082.000) 2026-10-01 02:12:30 Image size of job updated: 1771800
	1731  -  MemoryUsage of job (MB)
	1771800  -  ResidentSetSize of job (KB)
...
006 (78851234.082.000) 2026-10-01 02:52:33 Image size of job updated: 1774916
	1734  -  MemoryUsage of job (MB)
	1774916  -  ResidentSetSize of job (KB)
...
006 (78851234.082.000) 2026-10-01 03:07:35 Image size of job updated: 1785260
	1734  -  MemoryUsage of job (MB)
	1774916  -  ResidentSetSize of job (KB)
...
006 (78851234.082.000) 2026-10-01 03:42:39 Image size of job updated: 1785260
	1736  -  MemoryUsage of job (MB)
	1777028  -  ResidentSetSize of job (KB)
...
006 (78851234.082.000) 2026-10-01 03:52:40 Image size of job updated: 1786560
	1736  -  MemoryUsage of job (MB)
	1777028  -  ResidentSetSize of job (KB)
...
006 (78851234.082.000) 2026-10-01 04:27:43 Image size of job updated: 1786560
	1737  -  MemoryUsage of job (MB)
	1778536  -  ResidentSetSize of job (KB)
...
006 (78851234.082.000) 2026-10-01 05:12:48 Image size of job updated: 1786560
	1738  -  MemoryUsage of job (MB)
	1779472  -  ResidentSetSize of job (KB)
...
006 (78851234.082.000) 2026-10-01 05:47:51 Image size of job updated: 1786560
	1739  -  MemoryUsage of job (MB)
	1779912  -  ResidentSetSize of job (KB)
...
006 (78851234.082.000) 2026-10-01 05:57:52 Image size of job updated: 1786560
	1739  -  MemoryUsage of job (MB)
	1779916  -  ResidentSetSize of job (KB)
...
006 (78851234.082.000) 2026-10-01 06:02:53 Image size of job updated: 1786560
	1743  -  MemoryUsage of job (MB)
	1784616  -  ResidentSetSize of job (KB)
...
006 (78851234.082.000) 2026-10-01 06:27:56 Image size of job updated: 1786560
	1743  -  MemoryUsage of job (MB)
	1784648  -  ResidentSetSize of job (KB)
...
006 (78851234.082.000) 2026-10-01 06:52:58 Image size of job updated: 1786560
	1745  -  MemoryUsage of job (MB)
	1786484  -  ResidentSetSize of job (KB)
...
006 (78851234.082.000) 2026-10-01 07:02:59 Image size of job updated: 1792296
	1751  -  MemoryUsage of job (MB)
	1792284  -  ResidentSetSize of job (KB)
...
006 (78851234.082.000) 2026-10-01 07:13:00 Image size of job updated: 1792296
	1751  -  MemoryUsage of job (MB)
	1792296  -  ResidentSetSize of job (KB)
...
006 (78851234.082.000) 2026-10-01 07:18:00 Image size of job updated: 1792300
	1751  -  MemoryUsage of job (MB)
	1792300  -  ResidentSetSize of job (KB)
...
006 (78851234.082.000) 2026-10-01 09:48:16 Image size of job updated: 1793924
	1752  -  MemoryUsage of job (MB)
	1793924  -  ResidentSetSize of job (KB)
...
006 (78851234.082.000) 2026-10-01 10:03:17 Image size of job updated: 1794088
	1752  -  MemoryUsage of job (MB)
	1793924  -  ResidentSetSize of job (KB)
...
006 (78851234.082.000) 2026-10-01 12:03:29 Image size of job updated: 1797276
	1756  -  MemoryUsage of job (MB)
	1797276  -  ResidentSetSize of job (KB)
...
006 (78851234.082.000) 2026-10-01 12:33:32 Image size of job updated: 1797640
	1756  -  MemoryUsage of job (MB)
	1797640  -  ResidentSetSize of job (KB)
...
004 (78851234.082.000) 2026-10-01 12:45:50 Job was evicted. Code 1019 Subcode 0
	(0) CPU times
		Usr 5 20:07:03, Sys 0 00:04:16  -  Run Remote Usage
		Usr 0 00:00:00, Sys 0 00:00:00  -  Run Local Usage
	0  -  Run Bytes Sent By Job
	0  -  Run Bytes Received By Job
	Reason: Preempted for a Priority user
	Partitionable Resources :    Usage  Request Allocated 
	   Cpus                 :     1.04        4         4 
	   Disk (KB)            : 25000       25000     28672 
	   GPUs                 :                           0 
	   Memory (MB)          :  1756        6000      6016 
	   TimeExecute (s)      : 86989                       
	   TimeSlotBusy (s)     : 86990                       
...
001 (78851234.082.000) 2026-10-01 12:52:18 Job executing on host: <10.14.4.60:9618?addrs=10.14.4.60-9618&alias=node810.cluster.ldas.cit&noUDP&sock=startd_1452740_627e>
	SlotName: slot1_9@node810.cluster.ldas.cit
	CondorScratchDir = "/var/lib/condor/execute/dir_1703381/scratch"
	Cpus = 4
	Disk = 28672
	GPUs = 0
	Memory = 6016
...
004 (78851234.082.000) 2026-10-02 14:57:43 Job was evicted. Code 1019 Subcode 0
	(0) CPU times
		Usr 8 16:16:24, Sys 0 00:07:15  -  Run Remote Usage
		Usr 0 00:00:00, Sys 0 00:00:00  -  Run Local Usage
	0  -  Run Bytes Sent By Job
	0  -  Run Bytes Received By Job
	Reason: Preempted for a Priority user
	Partitionable Resources :    Usage  Request Allocated 
	   Cpus                 :    12.52        4         4 
	   Disk (KB)            : 25000       25000     28672 
	   GPUs                 :                           0 
	   Memory (MB)          :  1954        6000      6016 
	   TimeExecute (s)      : 93925                       
	   TimeSlotBusy (s)     : 93926                       
...
001 (78851234.082.000) 2026-10-02 14:58:53 Job executing on host: <10.14.9.132:9618?addrs=10.14.9.132-9618&alias=node2132.cluster.ldas.cit&noUDP&sock=startd_130654_5aea>
	SlotName: slot1_3@node2132.cluster.ldas.cit
	CondorScratchDir = "/var/lib/condor/execute/dir_2424663/scratch"
	Cpus = 4
	Disk = 28672
	GPUs = 0
	Memory = 6016
...
005 (78851234.082.000) 2026-10-02 14:58:54 Job terminated.
	(1) Normal termination (return value 1)
		Usr 0 00:00:00, Sys 0 00:00:00  -  Run Remote Usage
		Usr 0 00:00:00, Sys 0 00:00:00  -  Run Local Usage
		Usr 14 12:23:27, Sys 0 00:11:31  -  Total Remote Usage
		Usr 0 00:00:00, Sys 0 00:00:00  -  Total Local Usage
	0  -  Run Bytes Sent By Job
	0  -  Run Bytes Received By Job
	0  -  Total Bytes Sent By Job
	0  -  Total Bytes Received By Job
	Partitionable Resources :    Usage  Request Allocated 
	   Cpus                 :    12.52        4         4 
	   Disk (KB)            : 25000       25000     28672 
	   GPUs                 :                           0 
	   Memory (MB)          :  1954        6000      6016 
	   TimeExecute (s)      :     0                       
	   TimeSlotBusy (s)     :     0                       
...
000 (78854872.082.000) 2026-10-03 17:21:23 Job submitted from host: <10.14.0.121:9618?addrs=10.14.0.121-9618&alias=ldas-pcdev12.ligo.caltech.edu&noUDP&sock=schedd_623140_c9b4>
...
001 (78854872.082.000) 2026-10-03 17:22:11 Job executing on host: <10.14.5.158:9618?addrs=10.14.5.158-9618&alias=node1158.cluster.ldas.cit&noUDP&sock=startd_158311_c1b9>
	SlotName: slot1_2@node1158.cluster.ldas.cit
	CondorScratchDir = "/var/lib/condor/execute/dir_433463/scratch"
	Cpus = 4
	Disk = 28672
	GPUs = 0
	Memory = 6016
...
006 (78854872.082.000) 2026-10-03 17:22:19 Image size of job updated: 158732
	156  -  MemoryUsage of job (MB)
	158732  -  ResidentSetSize of job (KB)
...
006 (78854872.082.000) 2026-10-03 17:27:19 Image size of job updated: 531188
	512  -  MemoryUsage of job (MB)
	523656  -  ResidentSetSize of job (KB)
...
006 (78854872.082.000) 2026-10-03 17:32:20 Image size of job updated: 531188
	513  -  MemoryUsage of job (MB)
	525244  -  ResidentSetSize of job (KB)
...
006 (78854872.082.000) 2026-10-03 17:37:21 Image size of job updated: 577380
	564  -  MemoryUsage of job (MB)
	577380  -  ResidentSetSize of job (KB)
...
006 (78854872.082.000) 2026-10-03 17:42:21 Image size of job updated: 580136
	567  -  MemoryUsage of job (MB)
	580136  -  ResidentSetSize of job (KB)
...
006 (78854872.082.000) 2026-10-03 17:47:21 Image size of job updated: 610464
	594  -  MemoryUsage of job (MB)
	607800  -  ResidentSetSize of job (KB)
...
006 (78854872.082.000) 2026-10-03 17:52:22 Image size of job updated: 623108
	609  -  MemoryUsage of job (MB)
	623108  -  ResidentSetSize of job (KB)
...
006 (78854872.082.000) 2026-10-03 17:57:22 Image size of job updated: 637884
	623  -  MemoryUsage of job (MB)
	637324  -  ResidentSetSize of job (KB)
...
006 (78854872.082.000) 2026-10-03 18:02:22 Image size of job updated: 652256
	637  -  MemoryUsage of job (MB)
	652256  -  ResidentSetSize of job (KB)
...
006 (78854872.082.000) 2026-10-03 18:07:23 Image size of job updated: 662128
	647  -  MemoryUsage of job (MB)
	662128  -  ResidentSetSize of job (KB)
...
006 (78854872.082.000) 2026-10-03 18:12:23 Image size of job updated: 669756
	647  -  MemoryUsage of job (MB)
	662128  -  ResidentSetSize of job (KB)
...
006 (78854872.082.000) 2026-10-03 18:22:24 Image size of job updated: 669756
	648  -  MemoryUsage of job (MB)
	662664  -  ResidentSetSize of job (KB)
...
006 (78854872.082.000) 2026-10-03 18:27:25 Image size of job updated: 669756
	648  -  MemoryUsage of job (MB)
	662836  -  ResidentSetSize of job (KB)
...
006 (78854872.082.000) 2026-10-03 18:32:25 Image size of job updated: 692696
	650  -  MemoryUsage of job (MB)
	665420  -  ResidentSetSize of job (KB)
...
006 (78854872.082.000) 2026-10-03 18:37:26 Image size of job updated: 692696
	650  -  MemoryUsage of job (MB)
	665576  -  ResidentSetSize of job (KB)
...
006 (78854872.082.000) 2026-10-03 18:42:27 Image size of job updated: 692696
	651  -  MemoryUsage of job (MB)
	665628  -  ResidentSetSize of job (KB)
...
006 (78854872.082.000) 2026-10-03 18:47:27 Image size of job updated: 692696
	651  -  MemoryUsage of job (MB)
	666172  -  ResidentSetSize of job (KB)
...
006 (78854872.082.000) 2026-10-03 18:52:27 Image size of job updated: 692696
	651  -  MemoryUsage of job (MB)
	666344  -  ResidentSetSize of job (KB)
...
006 (78854872.082.000) 2026-10-03 18:57:28 Image size of job updated: 692696
	665  -  MemoryUsage of job (MB)
	679956  -  ResidentSetSize of job (KB)
...
006 (78854872.082.000) 2026-10-03 19:02:28 Image size of job updated: 692696
	665  -  MemoryUsage of job (MB)
	680060  -  ResidentSetSize of job (KB)
...
006 (78854872.082.000) 2026-10-03 19:07:28 Image size of job updated: 692696
	674  -  MemoryUsage of job (MB)
	689460  -  ResidentSetSize of job (KB)
...
006 (78854872.082.000) 2026-10-03 19:12:29 Image size of job updated: 692696
	674  -  MemoryUsage of job (MB)
	689556  -  ResidentSetSize of job (KB)
...
006 (78854872.082.000) 2026-10-03 19:17:29 Image size of job updated: 692696
	675  -  MemoryUsage of job (MB)
	690948  -  ResidentSetSize of job (KB)
...
006 (78854872.082.000) 2026-10-03 19:22:29 Image size of job updated: 692696
	675  -  MemoryUsage of job (MB)
	690984  -  ResidentSetSize of job (KB)
...
006 (78854872.082.000) 2026-10-03 19:27:30 Image size of job updated: 692696
	675  -  MemoryUsage of job (MB)
	691052  -  ResidentSetSize of job (KB)
...
006 (78854872.082.000) 2026-10-03 19:32:31 Image size of job updated: 693996
	675  -  MemoryUsage of job (MB)
	691052  -  ResidentSetSize of job (KB)
...
006 (78854872.082.000) 2026-10-03 19:42:32 Image size of job updated: 693996
	676  -  MemoryUsage of job (MB)
	692004  -  ResidentSetSize of job (KB)
...
006 (78854872.082.000) 2026-10-03 19:47:33 Image size of job updated: 693996
	677  -  MemoryUsage of job (MB)
	692640  -  ResidentSetSize of job (KB)
...
006 (78854872.082.000) 2026-10-03 19:52:33 Image size of job updated: 696056
	679  -  MemoryUsage of job (MB)
	695100  -  ResidentSetSize of job (KB)
...
006 (78854872.082.000) 2026-10-03 19:57:34 Image size of job updated: 696056
	679  -  MemoryUsage of job (MB)
	695172  -  ResidentSetSize of job (KB)
...
006 (78854872.082.000) 2026-10-03 20:02:35 Image size of job updated: 696056
	680  -  MemoryUsage of job (MB)
	695676  -  ResidentSetSize of job (KB)
...
006 (78854872.082.000) 2026-10-03 20:07:35 Image size of job updated: 696056
	680  -  MemoryUsage of job (MB)
	695760  -  ResidentSetSize of job (KB)
...
006 (78854872.082.000) 2026-10-03 20:12:35 Image size of job updated: 696056
	680  -  MemoryUsage of job (MB)
	695892  -  ResidentSetSize of job (KB)
...
006 (78854872.082.000) 2026-10-03 20:17:36 Image size of job updated: 704648
	680  -  MemoryUsage of job (MB)
	695892  -  ResidentSetSize of job (KB)
...
006 (78854872.082.000) 2026-10-03 21:12:41 Image size of job updated: 710184
	680  -  MemoryUsage of job (MB)
	695892  -  ResidentSetSize of job (KB)
...
000 (78854906.082.000) 2026-10-03 21:36:50 Job submitted from host: <10.14.0.121:9618?addrs=10.14.0.121-9618&alias=ldas-pcdev12.ligo.caltech.edu&noUDP&sock=schedd_623140_c9b4>
...
004 (78854872.082.000) 2026-10-03 21:37:39 Job was evicted. Code 1023 Subcode 0
	(0) CPU times
		Usr 1 03:04:43, Sys 0 00:06:27  -  Run Remote Usage
		Usr 0 00:00:00, Sys 0 00:00:00  -  Run Local Usage
	0  -  Run Bytes Sent By Job
	0  -  Run Bytes Received By Job
	Reason: via condor_rm (by user pratyusava.baral)
	Partitionable Resources :    Usage  Request Allocated 
	   Cpus                 :     6.07        4         4 
	   Disk (KB)            : 25000       25000     28672 
	   GPUs                 :                           0 
	   Memory (MB)          :   680        6000      6016 
	   TimeExecute (s)      : 15328                       
	   TimeSlotBusy (s)     : 15329                       
...
009 (78854872.082.000) 2026-10-03 21:37:39 Job was aborted.
	via condor_rm (by user pratyusava.baral)
...
001 (78854906.082.000) 2026-10-03 21:38:42 Job executing on host: <10.14.6.168:9618?addrs=10.14.6.168-9618&alias=node1418.cluster.ldas.cit&noUDP&sock=startd_34462_a4e0>
	SlotName: slot1_1@node1418.cluster.ldas.cit
	CondorScratchDir = "/var/lib/condor/execute/dir_397849/scratch"
	Cpus = 4
	Disk = 28672
	GPUs = 0
	Memory = 6016
...
006 (78854906.082.000) 2026-10-03 21:38:50 Image size of job updated: 167444
	164  -  MemoryUsage of job (MB)
	167444  -  ResidentSetSize of job (KB)
...
006 (78854906.082.000) 2026-10-03 21:43:50 Image size of job updated: 423768
	414  -  MemoryUsage of job (MB)
	423768  -  ResidentSetSize of job (KB)
...
006 (78854906.082.000) 2026-10-03 21:48:50 Image size of job updated: 558896
	546  -  MemoryUsage of job (MB)
	558896  -  ResidentSetSize of job (KB)
...
006 (78854906.082.000) 2026-10-03 21:53:51 Image size of job updated: 567604
	555  -  MemoryUsage of job (MB)
	567604  -  ResidentSetSize of job (KB)
...
006 (78854906.082.000) 2026-10-03 21:58:51 Image size of job updated: 616264
	583  -  MemoryUsage of job (MB)
	596136  -  ResidentSetSize of job (KB)
...
006 (78854906.082.000) 2026-10-03 22:03:51 Image size of job updated: 616264
	591  -  MemoryUsage of job (MB)
	604832  -  ResidentSetSize of job (KB)
...
006 (78854906.082.000) 2026-10-03 22:08:52 Image size of job updated: 616264
	597  -  MemoryUsage of job (MB)
	611160  -  ResidentSetSize of job (KB)
...
006 (78854906.082.000) 2026-10-03 22:13:53 Image size of job updated: 642476
	623  -  MemoryUsage of job (MB)
	637224  -  ResidentSetSize of job (KB)
...
006 (78854906.082.000) 2026-10-03 22:18:53 Image size of job updated: 642476
	623  -  MemoryUsage of job (MB)
	637452  -  ResidentSetSize of job (KB)
...
006 (78854906.082.000) 2026-10-03 22:23:54 Image size of job updated: 656472
	630  -  MemoryUsage of job (MB)
	644776  -  ResidentSetSize of job (KB)
...
006 (78854906.082.000) 2026-10-03 22:28:55 Image size of job updated: 656472
	634  -  MemoryUsage of job (MB)
	648580  -  ResidentSetSize of job (KB)
...
006 (78854906.082.000) 2026-10-03 22:43:56 Image size of job updated: 656472
	635  -  MemoryUsage of job (MB)
	649304  -  ResidentSetSize of job (KB)
...
006 (78854906.082.000) 2026-10-03 22:48:56 Image size of job updated: 656472
	635  -  MemoryUsage of job (MB)
	649420  -  ResidentSetSize of job (KB)
...
006 (78854906.082.000) 2026-10-03 22:53:56 Image size of job updated: 656720
	640  -  MemoryUsage of job (MB)
	655232  -  ResidentSetSize of job (KB)
...
006 (78854906.082.000) 2026-10-03 22:58:57 Image size of job updated: 656720
	640  -  MemoryUsage of job (MB)
	655300  -  ResidentSetSize of job (KB)
...
006 (78854906.082.000) 2026-10-03 23:03:57 Image size of job updated: 656720
	640  -  MemoryUsage of job (MB)
	655352  -  ResidentSetSize of job (KB)
...
006 (78854906.082.000) 2026-10-03 23:08:57 Image size of job updated: 658144
	642  -  MemoryUsage of job (MB)
	657024  -  ResidentSetSize of job (KB)
...
006 (78854906.082.000) 2026-10-03 23:13:58 Image size of job updated: 658144
	642  -  MemoryUsage of job (MB)
	657096  -  ResidentSetSize of job (KB)
...
006 (78854906.082.000) 2026-10-03 23:18:59 Image size of job updated: 659524
	644  -  MemoryUsage of job (MB)
	658620  -  ResidentSetSize of job (KB)
...
006 (78854906.082.000) 2026-10-03 23:23:59 Image size of job updated: 659524
	644  -  MemoryUsage of job (MB)
	658692  -  ResidentSetSize of job (KB)
...
006 (78854906.082.000) 2026-10-03 23:29:00 Image size of job updated: 663228
	647  -  MemoryUsage of job (MB)
	662236  -  ResidentSetSize of job (KB)
...
006 (78854906.082.000) 2026-10-03 23:34:01 Image size of job updated: 663228
	647  -  MemoryUsage of job (MB)
	662316  -  ResidentSetSize of job (KB)
...
006 (78854906.082.000) 2026-10-03 23:39:01 Image size of job updated: 663228
	648  -  MemoryUsage of job (MB)
	662532  -  ResidentSetSize of job (KB)
...
006 (78854906.082.000) 2026-10-03 23:44:02 Image size of job updated: 663228
	648  -  MemoryUsage of job (MB)
	662628  -  ResidentSetSize of job (KB)
...
006 (78854906.082.000) 2026-10-03 23:49:03 Image size of job updated: 666048
	651  -  MemoryUsage of job (MB)
	666048  -  ResidentSetSize of job (KB)
...
006 (78854906.082.000) 2026-10-03 23:54:03 Image size of job updated: 666112
	651  -  MemoryUsage of job (MB)
	666112  -  ResidentSetSize of job (KB)
...
006 (78854906.082.000) 2026-10-03 23:59:03 Image size of job updated: 667544
	651  -  MemoryUsage of job (MB)
	666556  -  ResidentSetSize of job (KB)
...
006 (78854906.082.000) 2026-10-04 00:04:04 Image size of job updated: 667544
	652  -  MemoryUsage of job (MB)
	666664  -  ResidentSetSize of job (KB)
...
006 (78854906.082.000) 2026-10-04 00:09:04 Image size of job updated: 667544
	652  -  MemoryUsage of job (MB)
	667048  -  ResidentSetSize of job (KB)
...
006 (78854906.082.000) 2026-10-04 00:14:04 Image size of job updated: 667584
	652  -  MemoryUsage of job (MB)
	667048  -  ResidentSetSize of job (KB)
...
006 (78854906.082.000) 2026-10-04 00:24:05 Image size of job updated: 668884
	653  -  MemoryUsage of job (MB)
	667940  -  ResidentSetSize of job (KB)
...
006 (78854906.082.000) 2026-10-04 00:29:05 Image size of job updated: 668884
	653  -  MemoryUsage of job (MB)
	667960  -  ResidentSetSize of job (KB)
...
006 (78854906.082.000) 2026-10-04 00:34:06 Image size of job updated: 674352
	659  -  MemoryUsage of job (MB)
	674352  -  ResidentSetSize of job (KB)
...
006 (78854906.082.000) 2026-10-04 00:39:07 Image size of job updated: 674404
	659  -  MemoryUsage of job (MB)
	674404  -  ResidentSetSize of job (KB)
...
006 (78854906.082.000) 2026-10-04 00:44:07 Image size of job updated: 674444
	659  -  MemoryUsage of job (MB)
	674444  -  ResidentSetSize of job (KB)
...
006 (78854906.082.000) 2026-10-04 00:49:08 Image size of job updated: 675500
	660  -  MemoryUsage of job (MB)
	675500  -  ResidentSetSize of job (KB)
...
006 (78854906.082.000) 2026-10-04 00:54:09 Image size of job updated: 675520
	660  -  MemoryUsage of job (MB)
	675520  -  ResidentSetSize of job (KB)
...
006 (78854906.082.000) 2026-10-04 00:59:09 Image size of job updated: 675532
	660  -  MemoryUsage of job (MB)
	675532  -  ResidentSetSize of job (KB)
...
006 (78854906.082.000) 2026-10-04 01:04:10 Image size of job updated: 675580
	660  -  MemoryUsage of job (MB)
	675580  -  ResidentSetSize of job (KB)
...
006 (78854906.082.000) 2026-10-04 01:09:11 Image size of job updated: 675584
	660  -  MemoryUsage of job (MB)
	675580  -  ResidentSetSize of job (KB)
...
006 (78854906.082.000) 2026-10-04 01:19:11 Image size of job updated: 679840
	660  -  MemoryUsage of job (MB)
	675580  -  ResidentSetSize of job (KB)
...
006 (78854906.082.000) 2026-10-04 02:39:19 Image size of job updated: 680628
	665  -  MemoryUsage of job (MB)
	680628  -  ResidentSetSize of job (KB)
...
006 (78854906.082.000) 2026-10-04 02:44:20 Image size of job updated: 680660
	665  -  MemoryUsage of job (MB)
	680660  -  ResidentSetSize of job (KB)
...
006 (78854906.082.000) 2026-10-04 02:59:21 Image size of job updated: 684968
	665  -  MemoryUsage of job (MB)
	680660  -  ResidentSetSize of job (KB)
...
006 (78854906.082.000) 2026-10-04 04:09:27 Image size of job updated: 704132
	665  -  MemoryUsage of job (MB)
	680660  -  ResidentSetSize of job (KB)
...
006 (78854906.082.000) 2026-10-04 04:54:31 Image size of job updated: 704132
	668  -  MemoryUsage of job (MB)
	683728  -  ResidentSetSize of job (KB)
...
006 (78854906.082.000) 2026-10-04 04:59:31 Image size of job updated: 704132
	668  -  MemoryUsage of job (MB)
	683744  -  ResidentSetSize of job (KB)
...
006 (78854906.082.000) 2026-10-04 05:04:32 Image size of job updated: 704132
	669  -  MemoryUsage of job (MB)
	685052  -  ResidentSetSize of job (KB)
...
006 (78854906.082.000) 2026-10-04 05:09:32 Image size of job updated: 704132
	669  -  MemoryUsage of job (MB)
	685056  -  ResidentSetSize of job (KB)
...
006 (78854906.082.000) 2026-10-04 05:59:38 Image size of job updated: 704132
	675  -  MemoryUsage of job (MB)
	690400  -  ResidentSetSize of job (KB)
...
006 (78854906.082.000) 2026-10-04 06:04:38 Image size of job updated: 704132
	675  -  MemoryUsage of job (MB)
	690476  -  ResidentSetSize of job (KB)
...
006 (78854906.082.000) 2026-10-04 06:54:43 Image size of job updated: 704132
	679  -  MemoryUsage of job (MB)
	694940  -  ResidentSetSize of job (KB)
...
006 (78854906.082.000) 2026-10-04 06:59:44 Image size of job updated: 704132
	679  -  MemoryUsage of job (MB)
	694964  -  ResidentSetSize of job (KB)
...
006 (78854906.082.000) 2026-10-04 07:49:49 Image size of job updated: 704132
	679  -  MemoryUsage of job (MB)
	695044  -  ResidentSetSize of job (KB)
...
006 (78854906.082.000) 2026-10-04 07:54:49 Image size of job updated: 704132
	679  -  MemoryUsage of job (MB)
	695060  -  ResidentSetSize of job (KB)
...
006 (78854906.082.000) 2026-10-04 07:59:50 Image size of job updated: 704616
	679  -  MemoryUsage of job (MB)
	695060  -  ResidentSetSize of job (KB)
...
006 (78854906.082.000) 2026-10-04 08:19:53 Image size of job updated: 704660
	679  -  MemoryUsage of job (MB)
	695060  -  ResidentSetSize of job (KB)
...
006 (78854906.082.000) 2026-10-04 08:39:54 Image size of job updated: 704660
	684  -  MemoryUsage of job (MB)
	700240  -  ResidentSetSize of job (KB)
...
006 (78854906.082.000) 2026-10-04 08:44:54 Image size of job updated: 704660
	684  -  MemoryUsage of job (MB)
	700268  -  ResidentSetSize of job (KB)
...
006 (78854906.082.000) 2026-10-04 08:49:55 Image size of job updated: 709272
	684  -  MemoryUsage of job (MB)
	700268  -  ResidentSetSize of job (KB)
...
006 (78854906.082.000) 2026-10-04 09:09:56 Image size of job updated: 719980
	690  -  MemoryUsage of job (MB)
	705820  -  ResidentSetSize of job (KB)
...
006 (78854906.082.000) 2026-10-04 09:14:56 Image size of job updated: 719980
	690  -  MemoryUsage of job (MB)
	705840  -  ResidentSetSize of job (KB)
...
006 (78854906.082.000) 2026-10-04 09:19:57 Image size of job updated: 719980
	690  -  MemoryUsage of job (MB)
	705860  -  ResidentSetSize of job (KB)
...
006 (78854906.082.000) 2026-10-04 09:24:58 Image size of job updated: 719980
	696  -  MemoryUsage of job (MB)
	712288  -  ResidentSetSize of job (KB)
...
006 (78854906.082.000) 2026-10-04 09:29:58 Image size of job updated: 719980
	696  -  MemoryUsage of job (MB)
	712316  -  ResidentSetSize of job (KB)
...
006 (78854906.082.000) 2026-10-04 09:55:02 Image size of job updated: 738500
	696  -  MemoryUsage of job (MB)
	712316  -  ResidentSetSize of job (KB)
...
006 (78854906.082.000) 2026-10-04 10:25:04 Image size of job updated: 739916
	696  -  MemoryUsage of job (MB)
	712316  -  ResidentSetSize of job (KB)
...
006 (78854906.082.000) 2026-10-04 11:10:08 Image size of job updated: 790728
	696  -  MemoryUsage of job (MB)
	712316  -  ResidentSetSize of job (KB)
...
006 (78854906.082.000) 2026-10-04 11:20:09 Image size of job updated: 790728
	698  -  MemoryUsage of job (MB)
	713784  -  ResidentSetSize of job (KB)
...
006 (78854906.082.000) 2026-10-04 11:25:10 Image size of job updated: 790728
	698  -  MemoryUsage of job (MB)
	713796  -  ResidentSetSize of job (KB)
...
006 (78854906.082.000) 2026-10-04 11:30:11 Image size of job updated: 790728
	703  -  MemoryUsage of job (MB)
	718968  -  ResidentSetSize of job (KB)
...
006 (78854906.082.000) 2026-10-04 11:35:11 Image size of job updated: 790728
	703  -  MemoryUsage of job (MB)
	718980  -  ResidentSetSize of job (KB)
...
006 (78854906.082.000) 2026-10-04 12:05:15 Image size of job updated: 792024
	703  -  MemoryUsage of job (MB)
	718980  -  ResidentSetSize of job (KB)
...
006 (78854906.082.000) 2026-10-04 12:45:18 Image size of job updated: 792024
	706  -  MemoryUsage of job (MB)
	722604  -  ResidentSetSize of job (KB)
...
006 (78854906.082.000) 2026-10-04 12:50:19 Image size of job updated: 792024
	706  -  MemoryUsage of job (MB)
	722616  -  ResidentSetSize of job (KB)
...
006 (78854906.082.000) 2026-10-04 12:55:19 Image size of job updated: 792024
	708  -  MemoryUsage of job (MB)
	724588  -  ResidentSetSize of job (KB)
...
006 (78854906.082.000) 2026-10-04 13:00:20 Image size of job updated: 792024
	708  -  MemoryUsage of job (MB)
	724600  -  ResidentSetSize of job (KB)
...
006 (78854906.082.000) 2026-10-04 13:05:21 Image size of job updated: 802784
	708  -  MemoryUsage of job (MB)
	724600  -  ResidentSetSize of job (KB)
...
006 (78854906.082.000) 2026-10-04 13:15:22 Image size of job updated: 802784
	725  -  MemoryUsage of job (MB)
	741388  -  ResidentSetSize of job (KB)
...
006 (78854906.082.000) 2026-10-04 13:20:23 Image size of job updated: 802832
	725  -  MemoryUsage of job (MB)
	741388  -  ResidentSetSize of job (KB)
...
005 (78854906.082.000) 2026-10-04 13:23:05 Job terminated.
	(1) Normal termination (return value 0)
		Usr 4 07:12:02, Sys 0 00:24:55  -  Run Remote Usage
		Usr 0 00:00:00, Sys 0 00:00:00  -  Run Local Usage
		Usr 4 07:12:02, Sys 0 00:24:55  -  Total Remote Usage
		Usr 0 00:00:00, Sys 0 00:00:00  -  Total Local Usage
	0  -  Run Bytes Sent By Job
	0  -  Run Bytes Received By Job
	0  -  Total Bytes Sent By Job
	0  -  Total Bytes Received By Job
	Partitionable Resources :    Usage  Request Allocated 
	   Cpus                 :     5.80        4         4 
	   Disk (KB)            : 25000       25000     28672 
	   GPUs                 :                           0 
	   Memory (MB)          :   725        6000      6016 
	   TimeExecute (s)      : 56663                       
	   TimeSlotBusy (s)     : 56664                       
...
000 (78855135.082.000) 2026-10-04 13:44:56 Job submitted from host: <10.14.0.121:9618?addrs=10.14.0.121-9618&alias=ldas-pcdev12.ligo.caltech.edu&noUDP&sock=schedd_623140_c9b4>
...
001 (78855135.082.000) 2026-10-04 13:49:18 Job executing on host: <10.14.5.110:9618?addrs=10.14.5.110-9618&alias=node1110.cluster.ldas.cit&noUDP&sock=startd_91277_0225>
	SlotName: slot1_1@node1110.cluster.ldas.cit
	CondorScratchDir = "/var/lib/condor/execute/dir_851238/scratch"
	Cpus = 4
	Disk = 28672
	GPUs = 0
	Memory = 6016
...
006 (78855135.082.000) 2026-10-04 13:49:26 Image size of job updated: 109912
	108  -  MemoryUsage of job (MB)
	109912  -  ResidentSetSize of job (KB)
...
006 (78855135.082.000) 2026-10-04 13:49:44 Image size of job updated: 497304
	108  -  MemoryUsage of job (MB)
	109916  -  ResidentSetSize of job (KB)
...
005 (78855135.082.000) 2026-10-04 13:49:44 Job terminated.
	(1) Normal termination (return value 0)
		Usr 0 00:00:11, Sys 0 00:00:00  -  Run Remote Usage
		Usr 0 00:00:00, Sys 0 00:00:00  -  Run Local Usage
		Usr 0 00:00:11, Sys 0 00:00:00  -  Total Remote Usage
		Usr 0 00:00:00, Sys 0 00:00:00  -  Total Local Usage
	0  -  Run Bytes Sent By Job
	0  -  Run Bytes Received By Job
	0  -  Total Bytes Sent By Job
	0  -  Total Bytes Received By Job
	Partitionable Resources :    Usage  Request Allocated 
	   Cpus                 :        0        4         4 
	   Disk (KB)            :    25000    25000     28672 
	   GPUs                 :                           0 
	   Memory (MB)          :      108     6000      6016 
	   TimeExecute (s)      :       26                    
	   TimeSlotBusy (s)     :       27                    
...
