000 (78851234.009.000) 2026-09-30 12:35:31 Job submitted from host: <10.14.0.121:9618?addrs=10.14.0.121-9618&alias=ldas-pcdev12.ligo.caltech.edu&noUDP&sock=schedd_623140_c9b4>
...
001 (78851234.009.000) 2026-09-30 12:35:59 Job executing on host: <10.14.8.223:9618?addrs=10.14.8.223-9618&alias=node1973.cluster.ldas.cit&noUDP&sock=startd_4097277_cdb8>
	SlotName: slot1_3@node1973.cluster.ldas.cit
	CondorScratchDir = "/var/lib/condor/execute/dir_4141744/scratch"
	Cpus = 4
	Disk = 28672
	GPUs = 0
	Memory = 6016
...
006 (78851234.009.000) 2026-09-30 12:36:07 Image size of job updated: 61116
	60  -  MemoryUsage of job (MB)
	61116  -  ResidentSetSize of job (KB)
...
006 (78851234.009.000) 2026-09-30 12:41:07 Image size of job updated: 506632
	495  -  MemoryUsage of job (MB)
	506632  -  ResidentSetSize of job (KB)
...
006 (78851234.009.000) 2026-09-30 12:46:08 Image size of job updated: 509136
	498  -  MemoryUsage of job (MB)
	509136  -  ResidentSetSize of job (KB)
...
006 (78851234.009.000) 2026-09-30 12:51:08 Image size of job updated: 612584
	599  -  MemoryUsage of job (MB)
	612584  -  ResidentSetSize of job (KB)
...
006 (78851234.009.000) 2026-09-30 12:56:09 Image size of job updated: 612956
	599  -  MemoryUsage of job (MB)
	612956  -  ResidentSetSize of job (KB)
...
006 (78851234.009.000) 2026-09-30 13:01:09 Image size of job updated: 629596
	615  -  MemoryUsage of job (MB)
	629596  -  ResidentSetSize of job (KB)
...
006 (78851234.009.000) 2026-09-30 13:06:09 Image size of job updated: 629768
	616  -  MemoryUsage of job (MB)
	629768  -  ResidentSetSize of job (KB)
...
006 (78851234.009.000) 2026-09-30 13:11:10 Image size of job updated: 630688
	616  -  MemoryUsage of job (MB)
	630688  -  ResidentSetSize of job (KB)
...
006 (78851234.009.000) 2026-09-30 13:16:10 Image size of job updated: 632896
	619  -  MemoryUsage of job (MB)
	632896  -  ResidentSetSize of job (KB)
...
006 (78851234.009.000) 2026-09-30 13:21:11 Image size of job updated: 695416
	680  -  MemoryUsage of job (MB)
	695416  -  ResidentSetSize of job (KB)
...
006 (78851234.009.000) 2026-09-30 13:26:11 Image size of job updated: 854868
	835  -  MemoryUsage of job (MB)
	854868  -  ResidentSetSize of job (KB)
...
006 (78851234.009.000) 2026-09-30 13:31:12 Image size of job updated: 1024480
	1001  -  MemoryUsage of job (MB)
	1024480  -  ResidentSetSize of job (KB)
...
006 (78851234.009.000) 2026-09-30 13:36:12 Image size of job updated: 1165608
	1139  -  MemoryUsage of job (MB)
	1165608  -  ResidentSetSize of job (KB)
...
006 (78851234.009.000) 2026-09-30 13:41:13 Image size of job updated: 1280176
	1251  -  MemoryUsage of job (MB)
	1280176  -  ResidentSetSize of job (KB)
...
006 (78851234.009.000) 2026-09-30 13:46:13 Image size of job updated: 1439304
	1406  -  MemoryUsage of job (MB)
	1439304  -  ResidentSetSize of job (KB)
...
006 (78851234.009.000) 2026-09-30 13:51:14 Image size of job updated: 1600556
	1564  -  MemoryUsage of job (MB)
	1600556  -  ResidentSetSize of job (KB)
...
006 (78851234.009.000) 2026-09-30 13:56:14 Image size of job updated: 1738092
	1698  -  MemoryUsage of job (MB)
	1738092  -  ResidentSetSize of job (KB)
...
006 (78851234.009.000) 2026-09-30 14:01:15 Image size of job updated: 1875016
	1832  -  MemoryUsage of job (MB)
	1875016  -  ResidentSetSize of job (KB)
...
006 (78851234.009.000) 2026-09-30 14:06:15 Image size of job updated: 1929820
	1885  -  MemoryUsage of job (MB)
	1929820  -  ResidentSetSize of job (KB)
...
006 (78851234.009.000) 2026-09-30 14:11:16 Image size of job updated: 1929876
	1885  -  MemoryUsage of job (MB)
	1929876  -  ResidentSetSize of job (KB)
...
006 (78851234.009.000) 2026-09-30 14:16:16 Image size of job updated: 1930680
	1886  -  MemoryUsage of job (MB)
	1930680  -  ResidentSetSize of job (KB)
...
006 (78851234.009.000) 2026-09-30 14:21:17 Image size of job updated: 1930716
	1886  -  MemoryUsage of job (MB)
	1930716  -  ResidentSetSize of job (KB)
...
006 (78851234.009.000) 2026-09-30 14:26:18 Image size of job updated: 1930972
	1886  -  MemoryUsage of job (MB)
	1930972  -  ResidentSetSize of job (KB)
...
006 (78851234.009.000) 2026-09-30 14:31:18 Image size of job updated: 1931036
	1886  -  MemoryUsage of job (MB)
	1931036  -  ResidentSetSize of job (KB)
...
006 (78851234.009.000) 2026-09-30 14:36:19 Image size of job updated: 1931064
	1886  -  MemoryUsage of job (MB)
	1931064  -  ResidentSetSize of job (KB)
...
006 (78851234.009.000) 2026-09-30 14:41:19 Image size of job updated: 1931104
	1886  -  MemoryUsage of job (MB)
	1931104  -  ResidentSetSize of job (KB)
...
006 (78851234.009.000) 2026-09-30 14:46:20 Image size of job updated: 1931152
	1886  -  MemoryUsage of job (MB)
	1931152  -  ResidentSetSize of job (KB)
...
006 (78851234.009.000) 2026-09-30 14:51:20 Image size of job updated: 1931260
	1886  -  MemoryUsage of job (MB)
	1931260  -  ResidentSetSize of job (KB)
...
006 (78851234.009.000) 2026-09-30 14:56:21 Image size of job updated: 1931296
	1887  -  MemoryUsage of job (MB)
	1931296  -  ResidentSetSize of job (KB)
...
006 (78851234.009.000) 2026-09-30 15:01:21 Image size of job updated: 1931344
	1887  -  MemoryUsage of job (MB)
	1931344  -  ResidentSetSize of job (KB)
...
006 (78851234.009.000) 2026-09-30 15:06:22 Image size of job updated: 1931360
	1887  -  MemoryUsage of job (MB)
	1931360  -  ResidentSetSize of job (KB)
...
006 (78851234.009.000) 2026-09-30 15:11:22 Image size of job updated: 1931400
	1887  -  MemoryUsage of job (MB)
	1931400  -  ResidentSetSize of job (KB)
...
006 (78851234.009.000) 2026-09-30 15:16:23 Image size of job updated: 1933496
	1889  -  MemoryUsage of job (MB)
	1933496  -  ResidentSetSize of job (KB)
...
006 (78851234.009.000) 2026-09-30 15:21:23 Image size of job updated: 1933516
	1889  -  MemoryUsage of job (MB)
	1933516  -  ResidentSetSize of job (KB)
...
006 (78851234.009.000) 2026-09-30 15:26:23 Image size of job updated: 1933540
	1889  -  MemoryUsage of job (MB)
	1933516  -  ResidentSetSize of job (KB)
...
006 (78851234.009.000) 2026-09-30 15:36:24 Image size of job updated: 1933604
	1889  -  MemoryUsage of job (MB)
	1933604  -  ResidentSetSize of job (KB)
...
006 (78851234.009.000) 2026-09-30 15:41:25 Image size of job updated: 1933616
	1889  -  MemoryUsage of job (MB)
	1933616  -  ResidentSetSize of job (KB)
...
006 (78851234.009.000) 2026-09-30 15:46:25 Image size of job updated: 1933628
	1889  -  MemoryUsage of job (MB)
	1933628  -  ResidentSetSize of job (KB)
...
006 (78851234.009.000) 2026-09-30 15:51:26 Image size of job updated: 1933652
	1889  -  MemoryUsage of job (MB)
	1933652  -  ResidentSetSize of job (KB)
...
006 (78851234.009.000) 2026-09-30 15:56:26 Image size of job updated: 1933672
	1889  -  MemoryUsage of job (MB)
	1933672  -  ResidentSetSize of job (KB)
...
006 (78851234.009.000) 2026-09-30 16:01:27 Image size of job updated: 1933692
	1889  -  MemoryUsage of job (MB)
	1933692  -  ResidentSetSize of job (KB)
...
006 (78851234.009.000) 2026-09-30 16:06:27 Image size of job updated: 1933700
	1889  -  MemoryUsage of job (MB)
	1933700  -  ResidentSetSize of job (KB)
...
006 (78851234.009.000) 2026-09-30 16:11:28 Image size of job updated: 1934732
	1890  -  MemoryUsage of job (MB)
	1934732  -  ResidentSetSize of job (KB)
...
006 (78851234.009.000) 2026-09-30 16:16:28 Image size of job updated: 1934776
	1890  -  MemoryUsage of job (MB)
	1934776  -  ResidentSetSize of job (KB)
...
006 (78851234.009.000) 2026-09-30 16:21:29 Image size of job updated: 1934800
	1890  -  MemoryUsage of job (MB)
	1934800  -  ResidentSetSize of job (KB)
...
006 (78851234.009.000) 2026-09-30 16:26:29 Image size of job updated: 1934840
	1890  -  MemoryUsage of job (MB)
	1934840  -  ResidentSetSize of job (KB)
...
006 (78851234.009.000) 2026-09-30 16:31:30 Image size of job updated: 1934844
	1890  -  MemoryUsage of job (MB)
	1934844  -  ResidentSetSize of job (KB)
...
006 (78851234.009.000) 2026-09-30 16:36:30 Image size of job updated: 1934868
	1890  -  MemoryUsage of job (MB)
	1934868  -  ResidentSetSize of job (KB)
...
006 (78851234.009.000) 2026-09-30 16:41:31 Image size of job updated: 1934876
	1890  -  MemoryUsage of job (MB)
	1934876  -  ResidentSetSize of job (KB)
...
006 (78851234.009.000) 2026-09-30 16:46:31 Image size of job updated: 1936004
	1891  -  MemoryUsage of job (MB)
	1936004  -  ResidentSetSize of job (KB)
...
006 (78851234.009.000) 2026-09-30 16:51:32 Image size of job updated: 1936012
	1891  -  MemoryUsage of job (MB)
	1936012  -  ResidentSetSize of job (KB)
...
006 (78851234.009.000) 2026-09-30 16:56:32 Image size of job updated: 1936016
	1891  -  MemoryUsage of job (MB)
	1936012  -  ResidentSetSize of job (KB)
...
006 (78851234.009.000) 2026-09-30 17:21:35 Image size of job updated: 1936016
	1891  -  MemoryUsage of job (MB)
	1936016  -  ResidentSetSize of job (KB)
...
006 (78851234.009.000) 2026-09-30 17:26:35 Image size of job updated: 1939092
	1893  -  MemoryUsage of job (MB)
	1938068  -  ResidentSetSize of job (KB)
...
006 (78851234.009.000) 2026-09-30 17:31:36 Image size of job updated: 1939092
	1893  -  MemoryUsage of job (MB)
	1938076  -  ResidentSetSize of job (KB)
...
006 (78851234.009.000) 2026-09-30 18:11:40 Image size of job updated: 1939196
	1893  -  MemoryUsage of job (MB)
	1938172  -  ResidentSetSize of job (KB)
...
006 (78851234.009.000) 2026-09-30 18:21:41 Image size of job updated: 1939196
	1893  -  MemoryUsage of job (MB)
	1938188  -  ResidentSetSize of job (KB)
...
006 (78851234.009.000) 2026-09-30 18:26:41 Image size of job updated: 1939196
	1893  -  MemoryUsage of job (MB)
	1938196  -  ResidentSetSize of job (KB)
...
006 (78851234.009.000) 2026-09-30 18:31:42 Image size of job updated: 1939196
	1893  -  MemoryUsage of job (MB)
	1938204  -  ResidentSetSize of job (KB)
...
006 (78851234.009.000) 2026-09-30 18:36:42 Image size of job updated: 1939196
	1893  -  MemoryUsage of job (MB)
	1938212  -  ResidentSetSize of job (KB)
...
006 (78851234.009.000) 2026-09-30 18:41:43 Image size of job updated: 1939196
	1893  -  MemoryUsage of job (MB)
	1938216  -  ResidentSetSize of job (KB)
...
006 (78851234.009.000) 2026-09-30 18:46:43 Image size of job updated: 1939196
	1893  -  MemoryUsage of job (MB)
	1938220  -  ResidentSetSize of job (KB)
...
006 (78851234.009.000) 2026-09-30 18:56:45 Image size of job updated: 1939196
	1893  -  MemoryUsage of job (MB)
	1938232  -  ResidentSetSize of job (KB)
...
006 (78851234.009.000) 2026-09-30 19:01:45 Image size of job updated: 1942320
	1894  -  MemoryUsage of job (MB)
	1939264  -  ResidentSetSize of job (KB)
...
006 (78851234.009.000) 2026-09-30 19:06:46 Image size of job updated: 1942320
	1894  -  MemoryUsage of job (MB)
	1939272  -  ResidentSetSize of job (KB)
...
006 (78851234.009.000) 2026-09-30 19:11:46 Image size of job updated: 1942320
	1894  -  MemoryUsage of job (MB)
	1939276  -  ResidentSetSize of job (KB)
...
006 (78851234.009.000) 2026-09-30 19:16:47 Image size of job updated: 1942320
	1894  -  MemoryUsage of job (MB)
	1939296  -  ResidentSetSize of job (KB)
...
006 (78851234.009.000) 2026-09-30 19:21:47 Image size of job updated: 1955744
	1910  -  MemoryUsage of job (MB)
	1955744  -  ResidentSetSize of job (KB)
...
006 (78851234.009.000) 2026-09-30 19:26:48 Image size of job updated: 1955752
	1910  -  MemoryUsage of job (MB)
	1955752  -  ResidentSetSize of job (KB)
...
006 (78851234.009.000) 2026-09-30 19:31:48 Image size of job updated: 1958300
	1912  -  MemoryUsage of job (MB)
	1957808  -  ResidentSetSize of job (KB)
...
006 (78851234.009.000) 2026-09-30 19:41:49 Image size of job updated: 1958300
	1912  -  MemoryUsage of job (MB)
	1957816  -  ResidentSetSize of job (KB)
...
006 (78851234.009.000) 2026-09-30 19:46:50 Image size of job updated: 1958300
	1913  -  MemoryUsage of job (MB)
	1958192  -  ResidentSetSize of job (KB)
...
006 (78851234.009.000) 2026-09-30 19:51:50 Image size of job updated: 1958300
	1913  -  MemoryUsage of job (MB)
	1958204  -  ResidentSetSize of job (KB)
...
006 (78851234.009.000) 2026-09-30 19:56:50 Image size of job updated: 1958860
	1913  -  MemoryUsage of job (MB)
	1958860  -  ResidentSetSize of job (KB)
...
006 (78851234.009.000) 2026-09-30 20:06:51 Image size of job updated: 1958864
	1913  -  MemoryUsage of job (MB)
	1958864  -  ResidentSetSize of job (KB)
...
006 (78851234.009.000) 2026-09-30 20:11:52 Image size of job updated: 1958872
	1913  -  MemoryUsage of job (MB)
	1958872  -  ResidentSetSize of job (KB)
...
006 (78851234.009.000) 2026-09-30 20:16:52 Image size of job updated: 1958884
	1913  -  MemoryUsage of job (MB)
	1958884  -  ResidentSetSize of job (KB)
...
006 (78851234.009.000) 2026-09-30 20:21:53 Image size of job updated: 1958892
	1913  -  MemoryUsage of job (MB)
	1958892  -  ResidentSetSize of job (KB)
...
006 (78851234.009.000) 2026-09-30 20:26:53 Image size of job updated: 1958896
	1913  -  MemoryUsage of job (MB)
	1958896  -  ResidentSetSize of job (KB)
...
006 (78851234.009.000) 2026-09-30 20:31:54 Image size of job updated: 1958900
	1913  -  MemoryUsage of job (MB)
	1958900  -  ResidentSetSize of job (KB)
...
006 (78851234.009.000) 2026-09-30 20:36:54 Image size of job updated: 1958908
	1913  -  MemoryUsage of job (MB)
	1958908  -  ResidentSetSize of job (KB)
...
006 (78851234.009.000) 2026-09-30 20:41:55 Image size of job updated: 1958916
	1914  -  MemoryUsage of job (MB)
	1958916  -  ResidentSetSize of job (KB)
...
006 (78851234.009.000) 2026-09-30 21:11:58 Image size of job updated: 1958920
	1914  -  MemoryUsage of job (MB)
	1958920  -  ResidentSetSize of job (KB)
...
006 (78851234.009.000) 2026-09-30 21:16:58 Image size of job updated: 1959356
	1914  -  MemoryUsage of job (MB)
	1959356  -  ResidentSetSize of job (KB)
...
006 (78851234.009.000) 2026-09-30 21:21:59 Image size of job updated: 1959364
	1914  -  MemoryUsage of job (MB)
	1959364  -  ResidentSetSize of job (KB)
...
006 (78851234.009.000) 2026-09-30 21:32:00 Image size of job updated: 1960980
	1916  -  MemoryUsage of job (MB)
	1960980  -  ResidentSetSize of job (KB)
...
006 (78851234.009.000) 2026-09-30 21:37:00 Image size of job updated: 1960984
	1916  -  MemoryUsage of job (MB)
	1960984  -  ResidentSetSize of job (KB)
...
006 (78851234.009.000) 2026-09-30 21:57:02 Image size of job updated: 1960988
	1916  -  MemoryUsage of job (MB)
	1960984  -  ResidentSetSize of job (KB)
...
006 (78851234.009.000) 2026-09-30 22:02:03 Image size of job updated: 1960988
	1916  -  MemoryUsage of job (MB)
	1960988  -  ResidentSetSize of job (KB)
...
006 (78851234.009.000) 2026-09-30 22:07:03 Image size of job updated: 1962024
	1917  -  MemoryUsage of job (MB)
	1962024  -  ResidentSetSize of job (KB)
...
006 (78851234.009.000) 2026-09-30 22:12:04 Image size of job updated: 1962028
	1917  -  MemoryUsage of job (MB)
	1962028  -  ResidentSetSize of job (KB)
...
006 (78851234.009.000) 2026-09-30 22:17:04 Image size of job updated: 1965100
	1918  -  MemoryUsage of job (MB)
	1963052  -  ResidentSetSize of job (KB)
...
006 (78851234.009.000) 2026-09-30 22:22:05 Image size of job updated: 1965100
	1918  -  MemoryUsage of job (MB)
	1963056  -  ResidentSetSize of job (KB)
...
006 (78851234.009.000) 2026-09-30 22:37:07 Image size of job updated: 1965100
	1918  -  MemoryUsage of job (MB)
	1963060  -  ResidentSetSize of job (KB)
...
006 (78851234.009.000) 2026-09-30 22:52:08 Image size of job updated: 1965100
	1918  -  MemoryUsage of job (MB)
	1963068  -  ResidentSetSize of job (KB)
...
006 (78851234.009.000) 2026-09-30 23:02:09 Image size of job updated: 1965100
	1918  -  MemoryUsage of job (MB)
	1963072  -  ResidentSetSize of job (KB)
...
006 (78851234.009.000) 2026-09-30 23:07:10 Image size of job updated: 1965100
	1918  -  MemoryUsage of job (MB)
	1963076  -  ResidentSetSize of job (KB)
...
006 (78851234.009.000) 2026-09-30 23:12:10 Image size of job updated: 1965100
	1918  -  MemoryUsage of job (MB)
	1963080  -  ResidentSetSize of job (KB)
...
006 (78851234.009.000) 2026-09-30 23:17:11 Image size of job updated: 1965100
	1918  -  MemoryUsage of job (MB)
	1963084  -  ResidentSetSize of job (KB)
...
006 (78851234.009.000) 2026-09-30 23:27:12 Image size of job updated: 1965100
	1918  -  MemoryUsage of job (MB)
	1963088  -  ResidentSetSize of job (KB)
...
006 (78851234.009.000) 2026-09-30 23:37:13 Image size of job updated: 1965100
	1918  -  MemoryUsage of job (MB)
	1963092  -  ResidentSetSize of job (KB)
...
006 (78851234.009.000) 2026-09-30 23:47:14 Image size of job updated: 1965100
	1918  -  MemoryUsage of job (MB)
	1963096  -  ResidentSetSize of job (KB)
...
006 (78851234.009.000) 2026-09-30 23:52:14 Image size of job updated: 1966168
	1921  -  MemoryUsage of job (MB)
	1966168  -  ResidentSetSize of job (KB)
...
006 (78851234.009.000) 2026-09-30 23:57:15 Image size of job updated: 1966180
	1921  -  MemoryUsage of job (MB)
	1966180  -  ResidentSetSize of job (KB)
...
006 (78851234.009.000) 2026-10-01 00:02:15 Image size of job updated: 1966188
	1921  -  MemoryUsage of job (MB)
	1966188  -  ResidentSetSize of job (KB)
...
006 (78851234.009.000) 2026-10-01 00:07:16 Image size of job updated: 1966192
	1921  -  MemoryUsage of job (MB)
	1966192  -  ResidentSetSize of job (KB)
...
006 (78851234.009.000) 2026-10-01 00:17:17 Image size of job updated: 1966208
	1921  -  MemoryUsage of job (MB)
	1966208  -  ResidentSetSize of job (KB)
...
006 (78851234.009.000) 2026-10-01 00:27:18 Image size of job updated: 1966220
	1921  -  MemoryUsage of job (MB)
	1966220  -  ResidentSetSize of job (KB)
...
006 (78851234.009.000) 2026-10-01 00:37:19 Image size of job updated: 1969292
	1924  -  MemoryUsage of job (MB)
	1969292  -  ResidentSetSize of job (KB)
...
006 (78851234.009.000) 2026-10-01 00:52:20 Image size of job updated: 1969296
	1924  -  MemoryUsage of job (MB)
	1969292  -  ResidentSetSize of job (KB)
...
006 (78851234.009.000) 2026-10-01 01:02:21 Image size of job updated: 1969312
	1924  -  MemoryUsage of job (MB)
	1969312  -  ResidentSetSize of job (KB)
...
006 (78851234.009.000) 2026-10-01 01:12:22 Image size of job updated: 1969316
	1924  -  MemoryUsage of job (MB)
	1969316  -  ResidentSetSize of job (KB)
...
006 (78851234.009.000) 2026-10-01 01:22:23 Image size of job updated: 1969320
	1924  -  MemoryUsage of job (MB)
	1969320  -  ResidentSetSize of job (KB)
...
006 (78851234.009.000) 2026-10-01 01:27:24 Image size of job updated: 1969324
	1924  -  MemoryUsage of job (MB)
	1969324  -  ResidentSetSize of job (KB)
...
006 (78851234.009.000) 2026-10-01 01:37:25 Image size of job updated: 1969344
	1924  -  MemoryUsage of job (MB)
	1969344  -  ResidentSetSize of job (KB)
...
006 (78851234.009.000) 2026-10-01 01:47:26 Image size of job updated: 1969352
	1924  -  MemoryUsage of job (MB)
	1969352  -  ResidentSetSize of job (KB)
...
006 (78851234.009.000) 2026-10-01 01:52:27 Image size of job updated: 1970460
	1925  -  MemoryUsage of job (MB)
	1970460  -  ResidentSetSize of job (KB)
...
006 (78851234.009.000) 2026-10-01 01:57:27 Image size of job updated: 1970464
	1925  -  MemoryUsage of job (MB)
	1970464  -  ResidentSetSize of job (KB)
...
006 (78851234.009.000) 2026-10-01 02:17:29 Image size of job updated: 1975524
	1930  -  MemoryUsage of job (MB)
	1975524  -  ResidentSetSize of job (KB)
...
006 (78851234.009.000) 2026-10-01 02:22:30 Image size of job updated: 1975528
	1930  -  MemoryUsage of job (MB)
	1975528  -  ResidentSetSize of job (KB)
...
006 (78851234.009.000) 2026-10-01 02:32:31 Image size of job updated: 1975536
	1930  -  MemoryUsage of job (MB)
	1975536  -  ResidentSetSize of job (KB)
...
006 (78851234.009.000) 2026-10-01 02:42:32 Image size of job updated: 1975544
	1930  -  MemoryUsage of job (MB)
	1975544  -  ResidentSetSize of job (KB)
...
006 (78851234.009.000) 2026-10-01 02:57:33 Image size of job updated: 1975548
	1930  -  MemoryUsage of job (MB)
	1975548  -  ResidentSetSize of job (KB)
...
006 (78851234.009.000) 2026-10-01 03:02:34 Image size of job updated: 1976576
	1931  -  MemoryUsage of job (MB)
	1976576  -  ResidentSetSize of job (KB)
...
006 (78851234.009.000) 2026-10-01 03:07:35 Image size of job updated: 1976580
	1931  -  MemoryUsage of job (MB)
	1976580  -  ResidentSetSize of job (KB)
...
006 (78851234.009.000) 2026-10-01 03:12:35 Image size of job updated: 1976584
	1931  -  MemoryUsage of job (MB)
	1976584  -  ResidentSetSize of job (KB)
...
006 (78851234.009.000) 2026-10-01 03:27:37 Image size of job updated: 1977612
	1932  -  MemoryUsage of job (MB)
	1977612  -  ResidentSetSize of job (KB)
...
006 (78851234.009.000) 2026-10-01 03:47:39 Image size of job updated: 1977616
	1932  -  MemoryUsage of job (MB)
	1977616  -  ResidentSetSize of job (KB)
...
006 (78851234.009.000) 2026-10-01 03:52:39 Image size of job updated: 1977620
	1932  -  MemoryUsage of job (MB)
	1977620  -  ResidentSetSize of job (KB)
...
006 (78851234.009.000) 2026-10-01 03:57:40 Image size of job updated: 1977624
	1932  -  MemoryUsage of job (MB)
	1977624  -  ResidentSetSize of job (KB)
...
006 (78851234.009.000) 2026-10-01 04:02:40 Image size of job updated: 1977628
	1932  -  MemoryUsage of job (MB)
	1977628  -  ResidentSetSize of job (KB)
...
006 (78851234.009.000) 2026-10-01 04:07:41 Image size of job updated: 1977632
	1932  -  MemoryUsage of job (MB)
	1977632  -  ResidentSetSize of job (KB)
...
006 (78851234.009.000) 2026-10-01 04:17:42 Image size of job updated: 1977636
	1932  -  MemoryUsage of job (MB)
	1977636  -  ResidentSetSize of job (KB)
...
006 (78851234.009.000) 2026-10-01 04:32:43 Image size of job updated: 1977640
	1932  -  MemoryUsage of job (MB)
	1977640  -  ResidentSetSize of job (KB)
...
006 (78851234.009.000) 2026-10-01 04:57:46 Image size of job updated: 1977644
	1932  -  MemoryUsage of job (MB)
	1977644  -  ResidentSetSize of job (KB)
...
006 (78851234.009.000) 2026-10-01 05:07:47 Image size of job updated: 1977648
	1932  -  MemoryUsage of job (MB)
	1977648  -  ResidentSetSize of job (KB)
...
006 (78851234.009.000) 2026-10-01 05:12:47 Image size of job updated: 1977656
	1932  -  MemoryUsage of job (MB)
	1977656  -  ResidentSetSize of job (KB)
...
006 (78851234.009.000) 2026-10-01 05:22:48 Image size of job updated: 1977664
	1932  -  MemoryUsage of job (MB)
	1977664  -  ResidentSetSize of job (KB)
...
006 (78851234.009.000) 2026-10-01 05:27:49 Image size of job updated: 1977668
	1932  -  MemoryUsage of job (MB)
	1977668  -  ResidentSetSize of job (KB)
...
006 (78851234.009.000) 2026-10-01 05:47:51 Image size of job updated: 1977676
	1932  -  MemoryUsage of job (MB)
	1977676  -  ResidentSetSize of job (KB)
...
006 (78851234.009.000) 2026-10-01 05:57:52 Image size of job updated: 1977688
	1932  -  MemoryUsage of job (MB)
	1977688  -  ResidentSetSize of job (KB)
...
006 (78851234.009.000) 2026-10-01 06:07:53 Image size of job updated: 1977700
	1932  -  MemoryUsage of job (MB)
	1977700  -  ResidentSetSize of job (KB)
...
006 (78851234.009.000) 2026-10-01 06:22:54 Image size of job updated: 1977704
	1932  -  MemoryUsage of job (MB)
	1977704  -  ResidentSetSize of job (KB)
...
006 (78851234.009.000) 2026-10-01 06:27:55 Image size of job updated: 1977716
	1932  -  MemoryUsage of job (MB)
	1977716  -  ResidentSetSize of job (KB)
...
006 (78851234.009.000) 2026-10-01 06:37:55 Image size of job updated: 1977732
	1932  -  MemoryUsage of job (MB)
	1977732  -  ResidentSetSize of job (KB)
...
006 (78851234.009.000) 2026-10-01 06:52:57 Image size of job updated: 1979812
	1934  -  MemoryUsage of job (MB)
	1979812  -  ResidentSetSize of job (KB)
...
006 (78851234.009.000) 2026-10-01 07:07:58 Image size of job updated: 1979848
	1934  -  MemoryUsage of job (MB)
	1979848  -  ResidentSetSize of job (KB)
...
006 (78851234.009.000) 2026-10-01 07:12:59 Image size of job updated: 1981084
	1935  -  MemoryUsage of job (MB)
	1981084  -  ResidentSetSize of job (KB)
...
006 (78851234.009.000) 2026-10-01 07:22:59 Image size of job updated: 1981092
	1935  -  MemoryUsage of job (MB)
	1981092  -  ResidentSetSize of job (KB)
...
006 (78851234.009.000) 2026-10-01 07:28:00 Image size of job updated: 1984456
	1938  -  MemoryUsage of job (MB)
	1984456  -  ResidentSetSize of job (KB)
...
006 (78851234.009.000) 2026-10-01 07:38:02 Image size of job updated: 1986504
	1940  -  MemoryUsage of job (MB)
	1986504  -  ResidentSetSize of job (KB)
...
006 (78851234.009.000) 2026-10-01 07:48:02 Image size of job updated: 1986832
	1941  -  MemoryUsage of job (MB)
	1986832  -  ResidentSetSize of job (KB)
...
006 (78851234.009.000) 2026-10-01 07:58:04 Image size of job updated: 1987524
	1941  -  MemoryUsage of job (MB)
	1987524  -  ResidentSetSize of job (KB)
...
006 (78851234.009.000) 2026-10-01 08:13:05 Image size of job updated: 1987532
	1941  -  MemoryUsage of job (MB)
	1987532  -  ResidentSetSize of job (KB)
...
006 (78851234.009.000) 2026-10-01 08:28:06 Image size of job updated: 1987536
	1941  -  MemoryUsage of job (MB)
	1987536  -  ResidentSetSize of job (KB)
...
006 (78851234.009.000) 2026-10-01 08:53:09 Image size of job updated: 1987544
	1941  -  MemoryUsage of job (MB)
	1987544  -  ResidentSetSize of job (KB)
...
006 (78851234.009.000) 2026-10-01 09:08:11 Image size of job updated: 1987552
	1941  -  MemoryUsage of job (MB)
	1987552  -  ResidentSetSize of job (KB)
...
006 (78851234.009.000) 2026-10-01 09:18:12 Image size of job updated: 1987556
	1941  -  MemoryUsage of job (MB)
	1987556  -  ResidentSetSize of job (KB)
...
006 (78851234.009.000) 2026-10-01 09:23:12 Image size of job updated: 1989576
	1943  -  MemoryUsage of job (MB)
	1989576  -  ResidentSetSize of job (KB)
...
006 (78851234.009.000) 2026-10-01 09:28:13 Image size of job updated: 1989580
	1943  -  MemoryUsage of job (MB)
	1989580  -  ResidentSetSize of job (KB)
...
006 (78851234.009.000) 2026-10-01 09:48:15 Image size of job updated: 1989584
	1943  -  MemoryUsage of job (MB)
	1989584  -  ResidentSetSize of job (KB)
...
006 (78851234.009.000) 2026-10-01 10:13:17 Image size of job updated: 1989592
	1943  -  MemoryUsage of job (MB)
	1989592  -  ResidentSetSize of job (KB)
...
006 (78851234.009.000) 2026-10-01 10:38:20 Image size of job updated: 1990636
	1944  -  MemoryUsage of job (MB)
	1990636  -  ResidentSetSize of job (KB)
...
006 (78851234.009.000) 2026-10-01 10:48:21 Image size of job updated: 1991644
	1945  -  MemoryUsage of job (MB)
	1991644  -  ResidentSetSize of job (KB)
...
006 (78851234.009.000) 2026-10-01 11:08:23 Image size of job updated: 1991652
	1945  -  MemoryUsage of job (MB)
	1991652  -  ResidentSetSize of job (KB)
...
006 (78851234.009.000) 2026-10-01 11:18:25 Image size of job updated: 1991660
	1945  -  MemoryUsage of job (MB)
	1991660  -  ResidentSetSize of job (KB)
...
006 (78851234.009.000) 2026-10-01 11:23:25 Image size of job updated: 1991664
	1945  -  MemoryUsage of job (MB)
	1991664  -  ResidentSetSize of job (KB)
...
006 (78851234.009.000) 2026-10-01 11:33:27 Image size of job updated: 1991668
	1945  -  MemoryUsage of job (MB)
	1991668  -  ResidentSetSize of job (KB)
...
006 (78851234.009.000) 2026-10-01 11:43:28 Image size of job updated: 1991672
	1945  -  MemoryUsage of job (MB)
	1991672  -  ResidentSetSize of job (KB)
...
006 (78851234.009.000) 2026-10-01 11:53:29 Image size of job updated: 1991764
	1946  -  MemoryUsage of job (MB)
	1991764  -  ResidentSetSize of job (KB)
...
006 (78851234.009.000) 2026-10-01 12:03:30 Image size of job updated: 1992688
	1946  -  MemoryUsage of job (MB)
	1992688  -  ResidentSetSize of job (KB)
...
006 (78851234.009.000) 2026-10-01 12:08:30 Image size of job updated: 1992692
	1946  -  MemoryUsage of job (MB)
	1992692  -  ResidentSetSize of job (KB)
...
006 (78851234.009.000) 2026-10-01 12:18:31 Image size of job updated: 1992724
	1947  -  MemoryUsage of job (MB)
	1992724  -  ResidentSetSize of job (KB)
...
006 (78851234.009.000) 2026-10-01 12:48:34 Image size of job updated: 1992732
	1947  -  MemoryUsage of job (MB)
	1992732  -  ResidentSetSize of job (KB)
...
006 (78851234.009.000) 2026-10-01 12:53:34 Image size of job updated: 1992736
	1947  -  MemoryUsage of job (MB)
	1992736  -  ResidentSetSize of job (KB)
...
006 (78851234.009.000) 2026-10-01 13:03:35 Image size of job updated: 1993744
	1948  -  MemoryUsage of job (MB)
	1993744  -  ResidentSetSize of job (KB)
...
006 (78851234.009.000) 2026-10-01 13:23:37 Image size of job updated: 1994752
	1948  -  MemoryUsage of job (MB)
	1994752  -  ResidentSetSize of job (KB)
...
004 (78851234.009.000) 2026-10-01 13:38:46 Job was evicted. Code 1019 Subcode 0
	(0) CPU times
		Usr 4 16:52:17, Sys 0 00:08:41  -  Run Remote Usage
		Usr 0 00:00:00, Sys 0 00:00:00  -  Run Local Usage
	0  -  Run Bytes Sent By Job
	0  -  Run Bytes Received By Job
	Reason: Preempted for a Priority user
	Partitionable Resources :    Usage  Request Allocated 
	   Cpus                 :     4.50        4         4 
	   Disk (KB)            : 25000       25000     28672 
	   GPUs                 :                           0 
	   Memory (MB)          :  1948        6000      6016 
	   TimeExecute (s)      : 90167                       
	   TimeSlotBusy (s)     : 90168                       
...
001 (78851234.009.000) 2026-10-01 13:43:41 Job executing on host: <10.14.6.144:9618?addrs=10.14.6.144-9618&alias=node1394.cluster.ldas.cit&noUDP&sock=startd_33814_2b81>
	SlotName: slot1_5@node1394.cluster.ldas.cit
	CondorScratchDir = "/var/lib/condor/execute/dir_460522/scratch"
	Cpus = 4
	Disk = 28672
	GPUs = 0
	Memory = 6016
...
004 (78851234.009.000) 2026-10-02 13:44:43 Job was evicted. Code 1019 Subcode 0
	(0) CPU times
		Usr 4 11:06:37, Sys 0 00:08:03  -  Run Remote Usage
		Usr 0 00:00:00, Sys 0 00:00:00  -  Run Local Usage
	0  -  Run Bytes Sent By Job
	0  -  Run Bytes Received By Job
	Reason: Preempted for a Priority user
	Partitionable Resources :    Usage  Request Allocated 
	   Cpus                 :     4.07        4         4 
	   Disk (KB)            : 25000       25000     28672 
	   GPUs                 :                           0 
	   Memory (MB)          :  1954        6000      6016 
	   TimeExecute (s)      : 86461                       
	   TimeSlotBusy (s)     : 86461                       
...
001 (78851234.009.000) 2026-10-02 13:45:12 Job executing on host: <10.14.7.1:9618?addrs=10.14.7.1-9618&alias=node1501.cluster.ldas.cit&noUDP&sock=startd_30755_f34c>
	SlotName: slot1_3@node1501.cluster.ldas.cit
	CondorScratchDir = "/var/lib/condor/execute/dir_354956/scratch"
	Cpus = 4
	Disk = 28672
	GPUs = 0
	Memory = 6016
...
004 (78851234.009.000) 2026-10-03 15:33:56 Job was evicted. Code 1019 Subcode 0
	(0) CPU times
		Usr 4 14:48:12, Sys 0 00:11:52  -  Run Remote Usage
		Usr 0 00:00:00, Sys 0 00:00:00  -  Run Local Usage
	0  -  Run Bytes Sent By Job
	0  -  Run Bytes Received By Job
	Reason: Preempted for a Priority user
	Partitionable Resources :    Usage  Request Allocated 
	   Cpus                 :     4.21        4         4 
	   Disk (KB)            : 25000       25000     28672 
	   GPUs                 :                           0 
	   Memory (MB)          :  1954        6000      6016 
	   TimeExecute (s)      : 92924                       
	   TimeSlotBusy (s)     : 92924                       
...
001 (78851234.009.000) 2026-10-03 15:37:40 Job executing on host: <10.14.7.2:9618?addrs=10.14.7.2-9618&alias=node1502.cluster.ldas.cit&noUDP&sock=startd_30197_3573>
	SlotName: slot1_2@node1502.cluster.ldas.cit
	CondorScratchDir = "/var/lib/condor/execute/dir_615382/scratch"
	Cpus = 4
	Disk = 28672
	GPUs = 0
	Memory = 6016
...
004 (78851234.009.000) 2026-10-03 17:15:41 Job was evicted. Code 1023 Subcode 0
	(0) CPU times
		Usr 0 07:29:34, Sys 0 00:02:53  -  Run Remote Usage
		Usr 0 00:00:00, Sys 0 00:00:00  -  Run Local Usage
	0  -  Run Bytes Sent By Job
	0  -  Run Bytes Received By Job
	Reason: via condor_rm (by user pratyusava.baral)
	Partitionable Resources :    Usage  Request Allocated 
	   Cpus                 :     4.06        4         4 
	   Disk (KB)            : 25000       25000     28672 
	   GPUs                 :                           0 
	   Memory (MB)          :  1954        6000      6016 
	   TimeExecute (s)      :  5880                       
	   TimeSlotBusy (s)     :  5882                       
...
009 (78851234.009.000) 2026-10-03 17:15:41 Job was aborted.
	via condor_rm (by user pratyusava.baral)
...
000 (78854872.009.000) 2026-10-03 17:21:23 Job submitted from host: <10.14.0.121:9618?addrs=10.14.0.121-9618&alias=ldas-pcdev12.ligo.caltech.edu&noUDP&sock=schedd_623140_c9b4>
...
001 (78854872.009.000) 2026-10-03 17:22:10 Job executing on host: <10.14.5.137:9618?addrs=10.14.5.137-9618&alias=node1137.cluster.ldas.cit&noUDP&sock=startd_72517_3572>
	SlotName: slot1_3@node1137.cluster.ldas.cit
	CondorScratchDir = "/var/lib/condor/execute/dir_1257247/scratch"
	Cpus = 4
	Disk = 28672
	GPUs = 0
	Memory = 6016
...
006 (78854872.009.000) 2026-10-03 17:22:19 Image size of job updated: 260528
	255  -  MemoryUsage of job (MB)
	260528  -  ResidentSetSize of job (KB)
...
006 (78854872.009.000) 2026-10-03 17:27:20 Image size of job updated: 542524
	530  -  MemoryUsage of job (MB)
	542524  -  ResidentSetSize of job (KB)
...
006 (78854872.009.000) 2026-10-03 17:32:20 Image size of job updated: 654572
	640  -  MemoryUsage of job (MB)
	654572  -  ResidentSetSize of job (KB)
...
006 (78854872.009.000) 2026-10-03 17:37:20 Image size of job updated: 655296
	640  -  MemoryUsage of job (MB)
	655296  -  ResidentSetSize of job (KB)
...
006 (78854872.009.000) 2026-10-03 17:42:21 Image size of job updated: 707472
	691  -  MemoryUsage of job (MB)
	707472  -  ResidentSetSize of job (KB)
...
006 (78854872.009.000) 2026-10-03 17:47:21 Image size of job updated: 707944
	692  -  MemoryUsage of job (MB)
	707944  -  ResidentSetSize of job (KB)
...
006 (78854872.009.000) 2026-10-03 17:52:21 Image size of job updated: 709168
	693  -  MemoryUsage of job (MB)
	709168  -  ResidentSetSize of job (KB)
...
006 (78854872.009.000) 2026-10-03 17:57:22 Image size of job updated: 741924
	725  -  MemoryUsage of job (MB)
	741840  -  ResidentSetSize of job (KB)
...
006 (78854872.009.000) 2026-10-03 18:02:23 Image size of job updated: 744968
	728  -  MemoryUsage of job (MB)
	744968  -  ResidentSetSize of job (KB)
...
006 (78854872.009.000) 2026-10-03 18:07:23 Image size of job updated: 754560
	728  -  MemoryUsage of job (MB)
	744968  -  ResidentSetSize of job (KB)
...
006 (78854872.009.000) 2026-10-03 18:12:24 Image size of job updated: 754560
	729  -  MemoryUsage of job (MB)
	746356  -  ResidentSetSize of job (KB)
...
006 (78854872.009.000) 2026-10-03 18:17:25 Image size of job updated: 777140
	749  -  MemoryUsage of job (MB)
	766308  -  ResidentSetSize of job (KB)
...
006 (78854872.009.000) 2026-10-03 18:22:25 Image size of job updated: 777140
	752  -  MemoryUsage of job (MB)
	769028  -  ResidentSetSize of job (KB)
...
006 (78854872.009.000) 2026-10-03 18:37:27 Image size of job updated: 777140
	755  -  MemoryUsage of job (MB)
	772600  -  ResidentSetSize of job (KB)
...
006 (78854872.009.000) 2026-10-03 18:42:28 Image size of job updated: 777140
	755  -  MemoryUsage of job (MB)
	772680  -  ResidentSetSize of job (KB)
...
006 (78854872.009.000) 2026-10-03 18:47:29 Image size of job updated: 780956
	761  -  MemoryUsage of job (MB)
	778984  -  ResidentSetSize of job (KB)
...
006 (78854872.009.000) 2026-10-03 18:52:29 Image size of job updated: 780956
	761  -  MemoryUsage of job (MB)
	779036  -  ResidentSetSize of job (KB)
...
006 (78854872.009.000) 2026-10-03 18:57:29 Image size of job updated: 780956
	761  -  MemoryUsage of job (MB)
	779092  -  ResidentSetSize of job (KB)
...
006 (78854872.009.000) 2026-10-03 19:47:33 Image size of job updated: 789128
	770  -  MemoryUsage of job (MB)
	788052  -  ResidentSetSize of job (KB)
...
006 (78854872.009.000) 2026-10-03 19:52:33 Image size of job updated: 789128
	770  -  MemoryUsage of job (MB)
	788108  -  ResidentSetSize of job (KB)
...
006 (78854872.009.000) 2026-10-03 19:57:33 Image size of job updated: 794492
	771  -  MemoryUsage of job (MB)
	789296  -  ResidentSetSize of job (KB)
...
006 (78854872.009.000) 2026-10-03 20:02:34 Image size of job updated: 794492
	771  -  MemoryUsage of job (MB)
	789324  -  ResidentSetSize of job (KB)
...
006 (78854872.009.000) 2026-10-03 20:07:34 Image size of job updated: 795832
	772  -  MemoryUsage of job (MB)
	789740  -  ResidentSetSize of job (KB)
...
006 (78854872.009.000) 2026-10-03 21:02:41 Image size of job updated: 798060
	772  -  MemoryUsage of job (MB)
	789740  -  ResidentSetSize of job (KB)
...
000 (78854906.009.000) 2026-10-03 21:36:50 Job submitted from host: <10.14.0.121:9618?addrs=10.14.0.121-9618&alias=ldas-pcdev12.ligo.caltech.edu&noUDP&sock=schedd_623140_c9b4>
...
004 (78854872.009.000) 2026-10-03 21:37:24 Job was evicted. Code 1023 Subcode 0
	(0) CPU times
		Usr 0 16:57:38, Sys 0 00:01:33  -  Run Remote Usage
		Usr 0 00:00:00, Sys 0 00:00:00  -  Run Local Usage
	0  -  Run Bytes Sent By Job
	0  -  Run Bytes Received By Job
	Reason: via condor_rm (by user pratyusava.baral)
	Partitionable Resources :    Usage  Request Allocated 
	   Cpus                 :     4.08        4         4 
	   Disk (KB)            : 25000       25000     28672 
	   GPUs                 :                           0 
	   Memory (MB)          :   772        6000      6016 
	   TimeExecute (s)      : 15314                       
	   TimeSlotBusy (s)     : 15314                       
...
009 (78854872.009.000) 2026-10-03 21:37:24 Job was aborted.
	via condor_rm (by user pratyusava.baral)
...
001 (78854906.009.000) 2026-10-03 21:38:41 Job executing on host: <10.14.5.81:9618?addrs=10.14.5.81-9618&alias=node1081.cluster.ldas.cit&noUDP&sock=startd_151237_94c4>
	SlotName: slot1_2@node1081.cluster.ldas.cit
	CondorScratchDir = "/var/lib/condor/execute/dir_806124/scratch"
	Cpus = 4
	Disk = 28672
	GPUs = 0
	Memory = 6016
...
006 (78854906.009.000) 2026-10-03 21:38:50 Image size of job updated: 544008
	532  -  MemoryUsage of job (MB)
	544008  -  ResidentSetSize of job (KB)
...
006 (78854906.009.000) 2026-10-03 21:43:51 Image size of job updated: 555596
	543  -  MemoryUsage of job (MB)
	555596  -  ResidentSetSize of job (KB)
...
006 (78854906.009.000) 2026-10-03 21:48:51 Image size of job updated: 556304
	544  -  MemoryUsage of job (MB)
	556304  -  ResidentSetSize of job (KB)
...
006 (78854906.009.000) 2026-10-03 21:53:52 Image size of job updated: 684800
	669  -  MemoryUsage of job (MB)
	684800  -  ResidentSetSize of job (KB)
...
006 (78854906.009.000) 2026-10-03 21:58:53 Image size of job updated: 684992
	669  -  MemoryUsage of job (MB)
	684992  -  ResidentSetSize of job (KB)
...
006 (78854906.009.000) 2026-10-03 22:03:53 Image size of job updated: 725704
	703  -  MemoryUsage of job (MB)
	719112  -  ResidentSetSize of job (KB)
...
006 (78854906.009.000) 2026-10-03 22:08:54 Image size of job updated: 725704
	703  -  MemoryUsage of job (MB)
	719348  -  ResidentSetSize of job (KB)
...
006 (78854906.009.000) 2026-10-03 22:13:55 Image size of job updated: 736224
	706  -  MemoryUsage of job (MB)
	721996  -  ResidentSetSize of job (KB)
...
006 (78854906.009.000) 2026-10-03 22:18:55 Image size of job updated: 736224
	716  -  MemoryUsage of job (MB)
	732252  -  ResidentSetSize of job (KB)
...
006 (78854906.009.000) 2026-10-03 22:23:55 Image size of job updated: 776160
	752  -  MemoryUsage of job (MB)
	769896  -  ResidentSetSize of job (KB)
...
006 (78854906.009.000) 2026-10-03 22:28:56 Image size of job updated: 784816
	767  -  MemoryUsage of job (MB)
	784816  -  ResidentSetSize of job (KB)
...
006 (78854906.009.000) 2026-10-03 22:33:56 Image size of job updated: 803044
	774  -  MemoryUsage of job (MB)
	792400  -  ResidentSetSize of job (KB)
...
006 (78854906.009.000) 2026-10-03 22:38:56 Image size of job updated: 804720
	786  -  MemoryUsage of job (MB)
	804720  -  ResidentSetSize of job (KB)
...
006 (78854906.009.000) 2026-10-03 22:43:57 Image size of job updated: 837320
	791  -  MemoryUsage of job (MB)
	809024  -  ResidentSetSize of job (KB)
...
006 (78854906.009.000) 2026-10-03 22:48:57 Image size of job updated: 837320
	802  -  MemoryUsage of job (MB)
	821216  -  ResidentSetSize of job (KB)
...
006 (78854906.009.000) 2026-10-03 22:53:57 Image size of job updated: 864584
	845  -  MemoryUsage of job (MB)
	864584  -  ResidentSetSize of job (KB)
...
006 (78854906.009.000) 2026-10-03 22:58:58 Image size of job updated: 867124
	847  -  MemoryUsage of job (MB)
	867124  -  ResidentSetSize of job (KB)
...
006 (78854906.009.000) 2026-10-03 23:03:58 Image size of job updated: 867220
	847  -  MemoryUsage of job (MB)
	867220  -  ResidentSetSize of job (KB)
...
006 (78854906.009.000) 2026-10-03 23:08:58 Image size of job updated: 867228
	847  -  MemoryUsage of job (MB)
	867220  -  ResidentSetSize of job (KB)
...
006 (78854906.009.000) 2026-10-03 23:24:00 Image size of job updated: 872544
	852  -  MemoryUsage of job (MB)
	872108  -  ResidentSetSize of job (KB)
...
006 (78854906.009.000) 2026-10-03 23:29:01 Image size of job updated: 872544
	852  -  MemoryUsage of job (MB)
	872148  -  ResidentSetSize of job (KB)
...
006 (78854906.009.000) 2026-10-03 23:34:02 Image size of job updated: 875404
	852  -  MemoryUsage of job (MB)
	872148  -  ResidentSetSize of job (KB)
...
006 (78854906.009.000) 2026-10-03 23:54:04 Image size of job updated: 875404
	853  -  MemoryUsage of job (MB)
	872584  -  ResidentSetSize of job (KB)
...
006 (78854906.009.000) 2026-10-03 23:59:05 Image size of job updated: 875404
	853  -  MemoryUsage of job (MB)
	872624  -  ResidentSetSize of job (KB)
...
006 (78854906.009.000) 2026-10-04 00:04:06 Image size of job updated: 881020
	855  -  MemoryUsage of job (MB)
	874992  -  ResidentSetSize of job (KB)
...
006 (78854906.009.000) 2026-10-04 00:09:06 Image size of job updated: 881020
	855  -  MemoryUsage of job (MB)
	875032  -  ResidentSetSize of job (KB)
...
006 (78854906.009.000) 2026-10-04 00:14:07 Image size of job updated: 881020
	856  -  MemoryUsage of job (MB)
	876404  -  ResidentSetSize of job (KB)
...
006 (78854906.009.000) 2026-10-04 00:19:08 Image size of job updated: 881020
	856  -  MemoryUsage of job (MB)
	876488  -  ResidentSetSize of job (KB)
...
006 (78854906.009.000) 2026-10-04 00:24:08 Image size of job updated: 883516
	856  -  MemoryUsage of job (MB)
	876488  -  ResidentSetSize of job (KB)
...
006 (78854906.009.000) 2026-10-04 02:04:17 Image size of job updated: 887872
	856  -  MemoryUsage of job (MB)
	876488  -  ResidentSetSize of job (KB)
...
006 (78854906.009.000) 2026-10-04 03:29:26 Image size of job updated: 887872
	859  -  MemoryUsage of job (MB)
	878712  -  ResidentSetSize of job (KB)
...
006 (78854906.009.000) 2026-10-04 03:34:26 Image size of job updated: 887872
	859  -  MemoryUsage of job (MB)
	879228  -  ResidentSetSize of job (KB)
...
006 (78854906.009.000) 2026-10-04 03:39:27 Image size of job updated: 887872
	860  -  MemoryUsage of job (MB)
	880144  -  ResidentSetSize of job (KB)
...
006 (78854906.009.000) 2026-10-04 03:44:28 Image size of job updated: 887872
	860  -  MemoryUsage of job (MB)
	880156  -  ResidentSetSize of job (KB)
...
006 (78854906.009.000) 2026-10-04 03:49:28 Image size of job updated: 892172
	860  -  MemoryUsage of job (MB)
	880156  -  ResidentSetSize of job (KB)
...
006 (78854906.009.000) 2026-10-04 04:04:29 Image size of job updated: 897452
	860  -  MemoryUsage of job (MB)
	880156  -  ResidentSetSize of job (KB)
...
006 (78854906.009.000) 2026-10-04 04:24:31 Image size of job updated: 897452
	862  -  MemoryUsage of job (MB)
	881888  -  ResidentSetSize of job (KB)
...
006 (78854906.009.000) 2026-10-04 04:29:32 Image size of job updated: 897452
	862  -  MemoryUsage of job (MB)
	881956  -  ResidentSetSize of job (KB)
...
006 (78854906.009.000) 2026-10-04 04:34:33 Image size of job updated: 898200
	877  -  MemoryUsage of job (MB)
	897184  -  ResidentSetSize of job (KB)
...
006 (78854906.009.000) 2026-10-04 04:39:33 Image size of job updated: 898200
	877  -  MemoryUsage of job (MB)
	897200  -  ResidentSetSize of job (KB)
...
006 (78854906.009.000) 2026-10-04 05:19:37 Image size of job updated: 940492
	877  -  MemoryUsage of job (MB)
	897200  -  ResidentSetSize of job (KB)
...
006 (78854906.009.000) 2026-10-04 08:29:57 Image size of job updated: 950076
	877  -  MemoryUsage of job (MB)
	897200  -  ResidentSetSize of job (KB)
...
006 (78854906.009.000) 2026-10-04 09:20:02 Image size of job updated: 950076
	879  -  MemoryUsage of job (MB)
	899460  -  ResidentSetSize of job (KB)
...
006 (78854906.009.000) 2026-10-04 09:25:03 Image size of job updated: 950076
	880  -  MemoryUsage of job (MB)
	900280  -  ResidentSetSize of job (KB)
...
006 (78854906.009.000) 2026-10-04 09:30:03 Image size of job updated: 950076
	881  -  MemoryUsage of job (MB)
	901292  -  ResidentSetSize of job (KB)
...
006 (78854906.009.000) 2026-10-04 10:10:08 Image size of job updated: 950076
	882  -  MemoryUsage of job (MB)
	902272  -  ResidentSetSize of job (KB)
...
006 (78854906.009.000) 2026-10-04 10:15:08 Image size of job updated: 950076
	882  -  MemoryUsage of job (MB)
	902280  -  ResidentSetSize of job (KB)
...
006 (78854906.009.000) 2026-10-04 12:15:17 Image size of job updated: 958400
	882  -  MemoryUsage of job (MB)
	902280  -  ResidentSetSize of job (KB)
...
006 (78854906.009.000) 2026-10-04 13:10:24 Image size of job updated: 958400
	882  -  MemoryUsage of job (MB)
	902716  -  ResidentSetSize of job (KB)
...
006 (78854906.009.000) 2026-10-04 13:15:25 Image size of job updated: 958400
	882  -  MemoryUsage of job (MB)
	902736  -  ResidentSetSize of job (KB)
...
006 (78854906.009.000) 2026-10-04 13:30:26 Image size of job updated: 958400
	884  -  MemoryUsage of job (MB)
	904792  -  ResidentSetSize of job (KB)
...
006 (78854906.009.000) 2026-10-04 13:35:26 Image size of job updated: 958400
	884  -  MemoryUsage of job (MB)
	904812  -  ResidentSetSize of job (KB)
...
006 (78854906.009.000) 2026-10-04 13:40:26 Image size of job updated: 958400
	884  -  MemoryUsage of job (MB)
	904816  -  ResidentSetSize of job (KB)
...
000 (78855135.009.000) 2026-10-04 13:44:56 Job submitted from host: <10.14.0.121:9618?addrs=10.14.0.121-9618&alias=ldas-pcdev12.ligo.caltech.edu&noUDP&sock=schedd_623140_c9b4>
...
004 (78854906.009.000) 2026-10-04 13:45:21 Job was evicted. Code 1023 Subcode 0
	(0) CPU times
		Usr 4 10:56:44, Sys 0 00:26:02  -  Run Remote Usage
		Usr 0 00:00:00, Sys 0 00:00:00  -  Run Local Usage
	0  -  Run Bytes Sent By Job
	0  -  Run Bytes Received By Job
	Reason: via condor_rm (by user pratyusava.baral)
	Partitionable Resources :    Usage  Request Allocated 
	   Cpus                 :     7.91        4         4 
	   Disk (KB)            : 25000       25000     28672 
	   GPUs                 :                           0 
	   Memory (MB)          :   884        6000      6016 
	   TimeExecute (s)      : 58000                       
	   TimeSlotBusy (s)     : 58000                       
...
009 (78854906.009.000) 2026-10-04 13:45:21 Job was aborted.
	via condor_rm (by user pratyusava.baral)
...
001 (78855135.009.000) 2026-10-04 13:49:18 Job executing on host: <10.14.6.195:9618?addrs=10.14.6.195-9618&alias=node1445.cluster.ldas.cit&noUDP&sock=startd_34815_c5ce>
	SlotName: slot1_6@node1445.cluster.ldas.cit
	CondorScratchDir = "/var/lib/condor/execute/dir_606324/scratch"
	Cpus = 4
	Disk = 28672
	GPUs = 0
	Memory = 6016
...
006 (78855135.009.000) 2026-10-04 13:49:26 Image size of job updated: 125380
	123  -  MemoryUsage of job (MB)
	125380  -  ResidentSetSize of job (KB)
...
006 (78855135.009.000) 2026-10-04 13:54:26 Image size of job updated: 563244
	551  -  MemoryUsage of job (MB)
	563244  -  ResidentSetSize of job (KB)
...
006 (78855135.009.000) 2026-10-04 13:59:26 Image size of job updated: 697300
	681  -  MemoryUsage of job (MB)
	696736  -  ResidentSetSize of job (KB)
...
006 (78855135.009.000) 2026-10-04 14:04:27 Image size of job updated: 697556
	682  -  MemoryUsage of job (MB)
	697556  -  ResidentSetSize of job (KB)
...
006 (78855135.009.000) 2026-10-04 14:09:27 Image size of job updated: 743804
	727  -  MemoryUsage of job (MB)
	743804  -  ResidentSetSize of job (KB)
...
006 (78855135.009.000) 2026-10-04 14:14:27 Image size of job updated: 813316
	727  -  MemoryUsage of job (MB)
	743828  -  ResidentSetSize of job (KB)
...
006 (78855135.009.000) 2026-10-04 14:24:28 Image size of job updated: 813316
	748  -  MemoryUsage of job (MB)
	765340  -  ResidentSetSize of job (KB)
...
006 (78855135.009.000) 2026-10-04 14:29:28 Image size of job updated: 813316
	748  -  MemoryUsage of job (MB)
	765588  -  ResidentSetSize of job (KB)
...
006 (78855135.009.000) 2026-10-04 14:34:29 Image size of job updated: 830048
	764  -  MemoryUsage of job (MB)
	782296  -  ResidentSetSize of job (KB)
...
006 (78855135.009.000) 2026-10-04 14:39:29 Image size of job updated: 830048
	774  -  MemoryUsage of job (MB)
	791904  -  ResidentSetSize of job (KB)
...
006 (78855135.009.000) 2026-10-04 14:44:29 Image size of job updated: 843100
	779  -  MemoryUsage of job (MB)
	797244  -  ResidentSetSize of job (KB)
...
006 (78855135.009.000) 2026-10-04 14:49:30 Image size of job updated: 843100
	791  -  MemoryUsage of job (MB)
	809956  -  ResidentSetSize of job (KB)
...
006 (78855135.009.000) 2026-10-04 14:54:30 Image size of job updated: 843100
	800  -  MemoryUsage of job (MB)
	819060  -  ResidentSetSize of job (KB)
...
006 (78855135.009.000) 2026-10-04 15:04:31 Image size of job updated: 843100
	805  -  MemoryUsage of job (MB)
	824164  -  ResidentSetSize of job (KB)
...
006 (78855135.009.000) 2026-10-04 15:09:31 Image size of job updated: 900384
	825  -  MemoryUsage of job (MB)
	844164  -  ResidentSetSize of job (KB)
...
006 (78855135.009.000) 2026-10-04 15:14:31 Image size of job updated: 900384
	834  -  MemoryUsage of job (MB)
	853232  -  ResidentSetSize of job (KB)
...
006 (78855135.009.000) 2026-10-04 15:19:32 Image size of job updated: 900384
	837  -  MemoryUsage of job (MB)
	856988  -  ResidentSetSize of job (KB)
...
006 (78855135.009.000) 2026-10-04 15:24:32 Image size of job updated: 900384
	837  -  MemoryUsage of job (MB)
	857080  -  ResidentSetSize of job (KB)
...
006 (78855135.009.000) 2026-10-04 15:29:32 Image size of job updated: 900744
	843  -  MemoryUsage of job (MB)
	862800  -  ResidentSetSize of job (KB)
...
006 (78855135.009.000) 2026-10-04 15:34:33 Image size of job updated: 900744
	843  -  MemoryUsage of job (MB)
	862856  -  ResidentSetSize of job (KB)
...
006 (78855135.009.000) 2026-10-04 15:39:33 Image size of job updated: 900744
	868  -  MemoryUsage of job (MB)
	888120  -  ResidentSetSize of job (KB)
...
006 (78855135.009.000) 2026-10-04 15:44:33 Image size of job updated: 900744
	868  -  MemoryUsage of job (MB)
	888232  -  ResidentSetSize of job (KB)
...
006 (78855135.009.000) 2026-10-04 15:49:34 Image size of job updated: 900744
	868  -  MemoryUsage of job (MB)
	888264  -  ResidentSetSize of job (KB)
...
006 (78855135.009.000) 2026-10-04 15:54:34 Image size of job updated: 909100
	868  -  MemoryUsage of job (MB)
	888264  -  ResidentSetSize of job (KB)
...
005 (78855135.009.000) 2026-10-04 16:17:44 Job terminated.
	(1) Normal termination (return value 0)
		Usr 0 09:57:55, Sys 0 00:01:25  -  Run Remote Usage
		Usr 0 00:00:00, Sys 0 00:00:00  -  Run Local Usage
		Usr 0 09:57:55, Sys 0 00:01:25  -  Total Remote Usage
		Usr 0 00:00:00, Sys 0 00:00:00  -  Total Local Usage
	0  -  Run Bytes Sent By Job
	0  -  Run Bytes Received By Job
	0  -  Total Bytes Sent By Job
	0  -  Total Bytes Received By Job
	Partitionable Resources :    Usage  Request Allocated 
	   Cpus                 :     2.75        4         4 
	   Disk (KB)            : 25000       25000     28672 
	   GPUs                 :                           0 
	   Memory (MB)          :   868        6000      6016 
	   TimeExecute (s)      :  8906                       
	   TimeSlotBusy (s)     :  8907                       
...
