000 (78852668.000.000) 2026-10-01 10:44:08 Job submitted from host: <10.14.0.121:9618?addrs=10.14.0.121-9618&alias=ldas-pcdev12.ligo.caltech.edu&noUDP&sock=schedd_623140_c9b4>
...
001 (78852668.000.000) 2026-10-01 10:47:07 Job executing on host: <10.14.10.94:9618?addrs=10.14.10.94-9618&alias=node2344.cluster.ldas.cit&noUDP&sock=startd_730327_278c>
	SlotName: slot1_22@node2344.cluster.ldas.cit
	CondorScratchDir = "/var/lib/condor/execute/dir_877799/scratch"
	Cpus = 4
	Disk = 28672
	GPUs = 0
	Memory = 15104
...
006 (78852668.000.000) 2026-10-01 10:47:16 Image size of job updated: 51144
	50  -  MemoryUsage of job (MB)
	51144  -  ResidentSetSize of job (KB)
...
006 (78852668.000.000) 2026-10-01 10:52:17 Image size of job updated: 254052
	249  -  MemoryUsage of job (MB)
	254052  -  ResidentSetSize of job (KB)
...
006 (78852668.000.000) 2026-10-01 10:57:17 Image size of job updated: 255404
	250  -  MemoryUsage of job (MB)
	255404  -  ResidentSetSize of job (KB)
...
006 (78852668.000.000) 2026-10-01 11:02:17 Image size of job updated: 326980
	320  -  MemoryUsage of job (MB)
	326980  -  ResidentSetSize of job (KB)
...
006 (78852668.000.000) 2026-10-01 11:07:18 Image size of job updated: 327332
	320  -  MemoryUsage of job (MB)
	327332  -  ResidentSetSize of job (KB)
...
006 (78852668.000.000) 2026-10-01 11:12:18 Image size of job updated: 340308
	333  -  MemoryUsage of job (MB)
	340308  -  ResidentSetSize of job (KB)
...
006 (78852668.000.000) 2026-10-01 11:17:18 Image size of job updated: 340584
	333  -  MemoryUsage of job (MB)
	340584  -  ResidentSetSize of job (KB)
...
006 (78852668.000.000) 2026-10-01 11:22:19 Image size of job updated: 351528
	344  -  MemoryUsage of job (MB)
	351528  -  ResidentSetSize of job (KB)
...
006 (78852668.000.000) 2026-10-01 11:27:19 Image size of job updated: 351544
	344  -  MemoryUsage of job (MB)
	351544  -  ResidentSetSize of job (KB)
...
006 (78852668.000.000) 2026-10-01 11:32:21 Image size of job updated: 380632
	372  -  MemoryUsage of job (MB)
	380632  -  ResidentSetSize of job (KB)
...
006 (78852668.000.000) 2026-10-01 11:37:21 Image size of job updated: 380644
	372  -  MemoryUsage of job (MB)
	380644  -  ResidentSetSize of job (KB)
...
006 (78852668.000.000) 2026-10-01 11:42:21 Image size of job updated: 382008
	374  -  MemoryUsage of job (MB)
	382008  -  ResidentSetSize of job (KB)
...
006 (78852668.000.000) 2026-10-01 11:47:22 Image size of job updated: 382028
	374  -  MemoryUsage of job (MB)
	382028  -  ResidentSetSize of job (KB)
...
006 (78852668.000.000) 2026-10-01 11:52:22 Image size of job updated: 384932
	376  -  MemoryUsage of job (MB)
	384932  -  ResidentSetSize of job (KB)
...
006 (78852668.000.000) 2026-10-01 11:57:23 Image size of job updated: 384948
	376  -  MemoryUsage of job (MB)
	384948  -  ResidentSetSize of job (KB)
...
006 (78852668.000.000) 2026-10-01 12:02:24 Image size of job updated: 399460
	391  -  MemoryUsage of job (MB)
	399460  -  ResidentSetSize of job (KB)
...
006 (78852668.000.000) 2026-10-01 12:07:24 Image size of job updated: 399476
	391  -  MemoryUsage of job (MB)
	399476  -  ResidentSetSize of job (KB)
...
006 (78852668.000.000) 2026-10-01 12:12:25 Image size of job updated: 401660
	393  -  MemoryUsage of job (MB)
	401660  -  ResidentSetSize of job (KB)
...
006 (78852668.000.000) 2026-10-01 12:17:25 Image size of job updated: 401664
	393  -  MemoryUsage of job (MB)
	401664  -  ResidentSetSize of job (KB)
...
006 (78852668.000.000) 2026-10-01 12:22:25 Image size of job updated: 402552
	394  -  MemoryUsage of job (MB)
	402552  -  ResidentSetSize of job (KB)
...
006 (78852668.000.000) 2026-10-01 12:27:26 Image size of job updated: 402556
	394  -  MemoryUsage of job (MB)
	402556  -  ResidentSetSize of job (KB)
...
006 (78852668.000.000) 2026-10-01 12:32:26 Image size of job updated: 407812
	399  -  MemoryUsage of job (MB)
	407812  -  ResidentSetSize of job (KB)
...
006 (78852668.000.000) 2026-10-01 12:37:27 Image size of job updated: 407816
	399  -  MemoryUsage of job (MB)
	407816  -  ResidentSetSize of job (KB)
...
006 (78852668.000.000) 2026-10-01 12:42:28 Image size of job updated: 412868
	404  -  MemoryUsage of job (MB)
	412868  -  ResidentSetSize of job (KB)
...
006 (78852668.000.000) 2026-10-01 12:47:28 Image size of job updated: 412872
	404  -  MemoryUsage of job (MB)
	412872  -  ResidentSetSize of job (KB)
...
006 (78852668.000.000) 2026-10-01 12:52:29 Image size of job updated: 415016
	404  -  MemoryUsage of job (MB)
	413504  -  ResidentSetSize of job (KB)
...
006 (78852668.000.000) 2026-10-01 12:57:29 Image size of job updated: 415016
	404  -  MemoryUsage of job (MB)
	413516  -  ResidentSetSize of job (KB)
...
006 (78852668.000.000) 2026-10-01 13:02:29 Image size of job updated: 417424
	406  -  MemoryUsage of job (MB)
	415412  -  ResidentSetSize of job (KB)
...
006 (78852668.000.000) 2026-10-01 13:07:30 Image size of job updated: 417424
	406  -  MemoryUsage of job (MB)
	415416  -  ResidentSetSize of job (KB)
...
006 (78852668.000.000) 2026-10-01 13:17:31 Image size of job updated: 542884
	531  -  MemoryUsage of job (MB)
	542884  -  ResidentSetSize of job (KB)
...
006 (78852668.000.000) 2026-10-01 13:22:32 Image size of job updated: 732972
	716  -  MemoryUsage of job (MB)
	732972  -  ResidentSetSize of job (KB)
...
006 (78852668.000.000) 2026-10-01 13:32:33 Image size of job updated: 747364
	730  -  MemoryUsage of job (MB)
	747364  -  ResidentSetSize of job (KB)
...
006 (78852668.000.000) 2026-10-01 13:37:33 Image size of job updated: 747368
	730  -  MemoryUsage of job (MB)
	747368  -  ResidentSetSize of job (KB)
...
006 (78852668.000.000) 2026-10-01 13:42:33 Image size of job updated: 747372
	730  -  MemoryUsage of job (MB)
	747372  -  ResidentSetSize of job (KB)
...
006 (78852668.000.000) 2026-10-01 13:52:34 Image size of job updated: 747376
	730  -  MemoryUsage of job (MB)
	747376  -  ResidentSetSize of job (KB)
...
006 (78852668.000.000) 2026-10-01 13:57:34 Image size of job updated: 747380
	730  -  MemoryUsage of job (MB)
	747380  -  ResidentSetSize of job (KB)
...
006 (78852668.000.000) 2026-10-01 14:02:35 Image size of job updated: 747384
	730  -  MemoryUsage of job (MB)
	747384  -  ResidentSetSize of job (KB)
...
006 (78852668.000.000) 2026-10-01 14:07:35 Image size of job updated: 747388
	730  -  MemoryUsage of job (MB)
	747388  -  ResidentSetSize of job (KB)
...
006 (78852668.000.000) 2026-10-01 14:12:36 Image size of job updated: 747400
	730  -  MemoryUsage of job (MB)
	747400  -  ResidentSetSize of job (KB)
...
006 (78852668.000.000) 2026-10-01 14:22:37 Image size of job updated: 747404
	730  -  MemoryUsage of job (MB)
	747404  -  ResidentSetSize of job (KB)
...
006 (78852668.000.000) 2026-10-01 14:27:38 Image size of job updated: 753452
	736  -  MemoryUsage of job (MB)
	753452  -  ResidentSetSize of job (KB)
...
006 (78852668.000.000) 2026-10-01 14:32:38 Image size of job updated: 753460
	736  -  MemoryUsage of job (MB)
	753460  -  ResidentSetSize of job (KB)
...
006 (78852668.000.000) 2026-10-01 14:42:39 Image size of job updated: 753464
	736  -  MemoryUsage of job (MB)
	753464  -  ResidentSetSize of job (KB)
...
006 (78852668.000.000) 2026-10-01 14:52:40 Image size of job updated: 753468
	736  -  MemoryUsage of job (MB)
	753468  -  ResidentSetSize of job (KB)
...
006 (78852668.000.000) 2026-10-01 14:57:41 Image size of job updated: 753528
	736  -  MemoryUsage of job (MB)
	753528  -  ResidentSetSize of job (KB)
...
006 (78852668.000.000) 2026-10-01 15:02:41 Image size of job updated: 753532
	736  -  MemoryUsage of job (MB)
	753532  -  ResidentSetSize of job (KB)
...
006 (78852668.000.000) 2026-10-01 15:07:42 Image size of job updated: 754748
	738  -  MemoryUsage of job (MB)
	754748  -  ResidentSetSize of job (KB)
...
006 (78852668.000.000) 2026-10-01 15:12:42 Image size of job updated: 754752
	738  -  MemoryUsage of job (MB)
	754752  -  ResidentSetSize of job (KB)
...
006 (78852668.000.000) 2026-10-01 15:17:42 Image size of job updated: 765816
	747  -  MemoryUsage of job (MB)
	764792  -  ResidentSetSize of job (KB)
...
006 (78852668.000.000) 2026-10-01 15:22:43 Image size of job updated: 765816
	747  -  MemoryUsage of job (MB)
	764796  -  ResidentSetSize of job (KB)
...
006 (78852668.000.000) 2026-10-01 15:27:43 Image size of job updated: 765824
	748  -  MemoryUsage of job (MB)
	765824  -  ResidentSetSize of job (KB)
...
006 (78852668.000.000) 2026-10-01 15:32:44 Image size of job updated: 765828
	748  -  MemoryUsage of job (MB)
	765828  -  ResidentSetSize of job (KB)
...
006 (78852668.000.000) 2026-10-01 15:37:45 Image size of job updated: 765832
	748  -  MemoryUsage of job (MB)
	765832  -  ResidentSetSize of job (KB)
...
006 (78852668.000.000) 2026-10-01 15:42:45 Image size of job updated: 765836
	748  -  MemoryUsage of job (MB)
	765836  -  ResidentSetSize of job (KB)
...
006 (78852668.000.000) 2026-10-01 15:47:47 Image size of job updated: 765840
	748  -  MemoryUsage of job (MB)
	765840  -  ResidentSetSize of job (KB)
...
006 (78852668.000.000) 2026-10-01 15:52:47 Image size of job updated: 765844
	748  -  MemoryUsage of job (MB)
	765844  -  ResidentSetSize of job (KB)
...
006 (78852668.000.000) 2026-10-01 15:57:47 Image size of job updated: 767048
	750  -  MemoryUsage of job (MB)
	767048  -  ResidentSetSize of job (KB)
...
006 (78852668.000.000) 2026-10-01 16:07:48 Image size of job updated: 777608
	760  -  MemoryUsage of job (MB)
	777608  -  ResidentSetSize of job (KB)
...
006 (78852668.000.000) 2026-10-01 16:12:48 Image size of job updated: 777620
	760  -  MemoryUsage of job (MB)
	777620  -  ResidentSetSize of job (KB)
...
006 (78852668.000.000) 2026-10-01 16:37:51 Image size of job updated: 778144
	760  -  MemoryUsage of job (MB)
	778144  -  ResidentSetSize of job (KB)
...
006 (78852668.000.000) 2026-10-01 16:47:52 Image size of job updated: 778580
	761  -  MemoryUsage of job (MB)
	778580  -  ResidentSetSize of job (KB)
...
006 (78852668.000.000) 2026-10-01 16:57:53 Image size of job updated: 784296
	765  -  MemoryUsage of job (MB)
	783272  -  ResidentSetSize of job (KB)
...
006 (78852668.000.000) 2026-10-01 17:02:53 Image size of job updated: 784296
	765  -  MemoryUsage of job (MB)
	783276  -  ResidentSetSize of job (KB)
...
006 (78852668.000.000) 2026-10-01 17:12:54 Image size of job updated: 784296
	765  -  MemoryUsage of job (MB)
	783280  -  ResidentSetSize of job (KB)
...
006 (78852668.000.000) 2026-10-01 17:17:54 Image size of job updated: 784304
	766  -  MemoryUsage of job (MB)
	784304  -  ResidentSetSize of job (KB)
...
006 (78852668.000.000) 2026-10-01 17:27:55 Image size of job updated: 784308
	766  -  MemoryUsage of job (MB)
	784308  -  ResidentSetSize of job (KB)
...
006 (78852668.000.000) 2026-10-01 17:37:56 Image size of job updated: 784312
	766  -  MemoryUsage of job (MB)
	784312  -  ResidentSetSize of job (KB)
...
006 (78852668.000.000) 2026-10-01 17:42:57 Image size of job updated: 785392
	767  -  MemoryUsage of job (MB)
	785392  -  ResidentSetSize of job (KB)
...
006 (78852668.000.000) 2026-10-01 17:52:57 Image size of job updated: 788432
	770  -  MemoryUsage of job (MB)
	788432  -  ResidentSetSize of job (KB)
...
006 (78852668.000.000) 2026-10-01 17:57:58 Image size of job updated: 788436
	770  -  MemoryUsage of job (MB)
	788436  -  ResidentSetSize of job (KB)
...
006 (78852668.000.000) 2026-10-01 18:43:01 Image size of job updated: 788440
	770  -  MemoryUsage of job (MB)
	788440  -  ResidentSetSize of job (KB)
...
006 (78852668.000.000) 2026-10-01 18:48:02 Image size of job updated: 788448
	770  -  MemoryUsage of job (MB)
	788448  -  ResidentSetSize of job (KB)
...
006 (78852668.000.000) 2026-10-01 19:03:03 Image size of job updated: 789456
	771  -  MemoryUsage of job (MB)
	789456  -  ResidentSetSize of job (KB)
...
006 (78852668.000.000) 2026-10-01 19:28:06 Image size of job updated: 789460
	771  -  MemoryUsage of job (MB)
	789460  -  ResidentSetSize of job (KB)
...
006 (78852668.000.000) 2026-10-01 19:33:07 Image size of job updated: 794032
	775  -  MemoryUsage of job (MB)
	793024  -  ResidentSetSize of job (KB)
...
006 (78852668.000.000) 2026-10-01 19:43:07 Image size of job updated: 795040
	776  -  MemoryUsage of job (MB)
	794036  -  ResidentSetSize of job (KB)
...
006 (78852668.000.000) 2026-10-01 19:53:08 Image size of job updated: 795044
	777  -  MemoryUsage of job (MB)
	795044  -  ResidentSetSize of job (KB)
...
006 (78852668.000.000) 2026-10-01 20:23:10 Image size of job updated: 795052
	777  -  MemoryUsage of job (MB)
	795052  -  ResidentSetSize of job (KB)
...
006 (78852668.000.000) 2026-10-01 20:28:11 Image size of job updated: 797068
	778  -  MemoryUsage of job (MB)
	796060  -  ResidentSetSize of job (KB)
...
006 (78852668.000.000) 2026-10-01 20:58:14 Image size of job updated: 799084
	781  -  MemoryUsage of job (MB)
	799084  -  ResidentSetSize of job (KB)
...
006 (78852668.000.000) 2026-10-01 21:28:17 Image size of job updated: 800092
	782  -  MemoryUsage of job (MB)
	800092  -  ResidentSetSize of job (KB)
...
006 (78852668.000.000) 2026-10-01 21:53:19 Image size of job updated: 800096
	782  -  MemoryUsage of job (MB)
	800096  -  ResidentSetSize of job (KB)
...
006 (78852668.000.000) 2026-10-01 22:08:20 Image size of job updated: 801104
	783  -  MemoryUsage of job (MB)
	801104  -  ResidentSetSize of job (KB)
...
006 (78852668.000.000) 2026-10-01 22:28:23 Image size of job updated: 801108
	783  -  MemoryUsage of job (MB)
	801108  -  ResidentSetSize of job (KB)
...
006 (78852668.000.000) 2026-10-01 22:53:26 Image size of job updated: 801124
	783  -  MemoryUsage of job (MB)
	801124  -  ResidentSetSize of job (KB)
...
006 (78852668.000.000) 2026-10-01 23:03:27 Image size of job updated: 803124
	785  -  MemoryUsage of job (MB)
	803124  -  ResidentSetSize of job (KB)
...
006 (78852668.000.000) 2026-10-01 23:43:30 Image size of job updated: 804132
	786  -  MemoryUsage of job (MB)
	804132  -  ResidentSetSize of job (KB)
...
006 (78852668.000.000) 2026-10-02 00:13:34 Image size of job updated: 806148
	788  -  MemoryUsage of job (MB)
	806148  -  ResidentSetSize of job (KB)
...
006 (78852668.000.000) 2026-10-02 00:18:34 Image size of job updated: 806152
	788  -  MemoryUsage of job (MB)
	806152  -  ResidentSetSize of job (KB)
...
006 (78852668.000.000) 2026-10-02 00:53:37 Image size of job updated: 806156
	788  -  MemoryUsage of job (MB)
	806156  -  ResidentSetSize of job (KB)
...
006 (78852668.000.000) 2026-10-02 01:08:38 Image size of job updated: 806160
	788  -  MemoryUsage of job (MB)
	806156  -  ResidentSetSize of job (KB)
...
006 (78852668.000.000) 2026-10-02 01:28:41 Image size of job updated: 814912
	796  -  MemoryUsage of job (MB)
	814912  -  ResidentSetSize of job (KB)
...
006 (78852668.000.000) 2026-10-02 01:43:42 Image size of job updated: 814916
	796  -  MemoryUsage of job (MB)
	814916  -  ResidentSetSize of job (KB)
...
006 (78852668.000.000) 2026-10-02 01:48:43 Image size of job updated: 817940
	799  -  MemoryUsage of job (MB)
	817940  -  ResidentSetSize of job (KB)
...
006 (78852668.000.000) 2026-10-02 02:18:45 Image size of job updated: 818948
	800  -  MemoryUsage of job (MB)
	818948  -  ResidentSetSize of job (KB)
...
006 (78852668.000.000) 2026-10-02 02:48:48 Image size of job updated: 839684
	805  -  MemoryUsage of job (MB)
	823612  -  ResidentSetSize of job (KB)
...
006 (78852668.000.000) 2026-10-02 04:03:55 Image size of job updated: 839684
	806  -  MemoryUsage of job (MB)
	824624  -  ResidentSetSize of job (KB)
...
006 (78852668.000.000) 2026-10-02 04:13:56 Image size of job updated: 839684
	807  -  MemoryUsage of job (MB)
	826000  -  ResidentSetSize of job (KB)
...
006 (78852668.000.000) 2026-10-02 04:33:58 Image size of job updated: 839684
	819  -  MemoryUsage of job (MB)
	838288  -  ResidentSetSize of job (KB)
...
006 (78852668.000.000) 2026-10-02 04:53:59 Image size of job updated: 839684
	819  -  MemoryUsage of job (MB)
	838304  -  ResidentSetSize of job (KB)
...
006 (78852668.000.000) 2026-10-02 05:04:01 Image size of job updated: 840336
	819  -  MemoryUsage of job (MB)
	838304  -  ResidentSetSize of job (KB)
...
006 (78852668.000.000) 2026-10-02 05:14:03 Image size of job updated: 840336
	821  -  MemoryUsage of job (MB)
	840336  -  ResidentSetSize of job (KB)
...
006 (78852668.000.000) 2026-10-02 05:24:04 Image size of job updated: 840340
	821  -  MemoryUsage of job (MB)
	840340  -  ResidentSetSize of job (KB)
...
006 (78852668.000.000) 2026-10-02 05:34:05 Image size of job updated: 844212
	824  -  MemoryUsage of job (MB)
	843204  -  ResidentSetSize of job (KB)
...
006 (78852668.000.000) 2026-10-02 05:44:05 Image size of job updated: 844212
	825  -  MemoryUsage of job (MB)
	844212  -  ResidentSetSize of job (KB)
...
006 (78852668.000.000) 2026-10-02 06:04:07 Image size of job updated: 846276
	827  -  MemoryUsage of job (MB)
	846276  -  ResidentSetSize of job (KB)
...
006 (78852668.000.000) 2026-10-02 06:14:08 Image size of job updated: 846280
	827  -  MemoryUsage of job (MB)
	846280  -  ResidentSetSize of job (KB)
...
006 (78852668.000.000) 2026-10-02 06:49:11 Image size of job updated: 847288
	827  -  MemoryUsage of job (MB)
	846280  -  ResidentSetSize of job (KB)
...
006 (78852668.000.000) 2026-10-02 06:59:12 Image size of job updated: 848344
	827  -  MemoryUsage of job (MB)
	846336  -  ResidentSetSize of job (KB)
...
006 (78852668.000.000) 2026-10-02 07:19:13 Image size of job updated: 848344
	828  -  MemoryUsage of job (MB)
	847108  -  ResidentSetSize of job (KB)
...
006 (78852668.000.000) 2026-10-02 07:29:15 Image size of job updated: 848672
	829  -  MemoryUsage of job (MB)
	848672  -  ResidentSetSize of job (KB)
...
006 (78852668.000.000) 2026-10-02 07:39:16 Image size of job updated: 850380
	831  -  MemoryUsage of job (MB)
	850380  -  ResidentSetSize of job (KB)
...
006 (78852668.000.000) 2026-10-02 08:09:19 Image size of job updated: 851908
	832  -  MemoryUsage of job (MB)
	851908  -  ResidentSetSize of job (KB)
...
006 (78852668.000.000) 2026-10-02 08:19:20 Image size of job updated: 852416
	832  -  MemoryUsage of job (MB)
	851908  -  ResidentSetSize of job (KB)
...
006 (78852668.000.000) 2026-10-02 08:29:22 Image size of job updated: 852436
	833  -  MemoryUsage of job (MB)
	852436  -  ResidentSetSize of job (KB)
...
006 (78852668.000.000) 2026-10-02 08:39:23 Image size of job updated: 854468
	833  -  MemoryUsage of job (MB)
	852452  -  ResidentSetSize of job (KB)
...
006 (78852668.000.000) 2026-10-02 08:49:23 Image size of job updated: 854468
	834  -  MemoryUsage of job (MB)
	853100  -  ResidentSetSize of job (KB)
...
006 (78852668.000.000) 2026-10-02 08:59:24 Image size of job updated: 854468
	834  -  MemoryUsage of job (MB)
	853448  -  ResidentSetSize of job (KB)
...
006 (78852668.000.000) 2026-10-02 09:04:25 Image size of job updated: 866620
	834  -  MemoryUsage of job (MB)
	853448  -  ResidentSetSize of job (KB)
...
006 (78852668.000.000) 2026-10-02 10:14:33 Image size of job updated: 866620
	846  -  MemoryUsage of job (MB)
	865576  -  ResidentSetSize of job (KB)
...
006 (78852668.000.000) 2026-10-02 10:24:35 Image size of job updated: 878052
	858  -  MemoryUsage of job (MB)
	878052  -  ResidentSetSize of job (KB)
...
006 (78852668.000.000) 2026-10-02 10:34:36 Image size of job updated: 878632
	859  -  MemoryUsage of job (MB)
	878632  -  ResidentSetSize of job (KB)
...
006 (78852668.000.000) 2026-10-02 10:44:37 Image size of job updated: 879292
	859  -  MemoryUsage of job (MB)
	878632  -  ResidentSetSize of job (KB)
...
006 (78852668.000.000) 2026-10-02 11:19:40 Image size of job updated: 879840
	859  -  MemoryUsage of job (MB)
	878632  -  ResidentSetSize of job (KB)
...
006 (78852668.000.000) 2026-10-02 12:09:46 Image size of job updated: 882420
	862  -  MemoryUsage of job (MB)
	882420  -  ResidentSetSize of job (KB)
...
006 (78852668.000.000) 2026-10-02 12:19:47 Image size of job updated: 883820
	862  -  MemoryUsage of job (MB)
	882420  -  ResidentSetSize of job (KB)
...
006 (78852668.000.000) 2026-10-02 12:49:51 Image size of job updated: 884028
	864  -  MemoryUsage of job (MB)
	884028  -  ResidentSetSize of job (KB)
...
006 (78852668.000.000) 2026-10-02 12:59:52 Image size of job updated: 886728
	866  -  MemoryUsage of job (MB)
	885940  -  ResidentSetSize of job (KB)
...
006 (78852668.000.000) 2026-10-02 13:04:52 Image size of job updated: 886728
	866  -  MemoryUsage of job (MB)
	885968  -  ResidentSetSize of job (KB)
...
006 (78852668.000.000) 2026-10-02 13:54:57 Image size of job updated: 891828
	866  -  MemoryUsage of job (MB)
	885968  -  ResidentSetSize of job (KB)
...
006 (78852668.000.000) 2026-10-02 15:05:02 Image size of job updated: 896312
	866  -  MemoryUsage of job (MB)
	885968  -  ResidentSetSize of job (KB)
...
006 (78852668.000.000) 2026-10-02 15:25:03 Image size of job updated: 896312
	871  -  MemoryUsage of job (MB)
	891812  -  ResidentSetSize of job (KB)
...
006 (78852668.000.000) 2026-10-02 15:35:04 Image size of job updated: 896312
	874  -  MemoryUsage of job (MB)
	894460  -  ResidentSetSize of job (KB)
...
006 (78852668.000.000) 2026-10-02 15:45:05 Image size of job updated: 897128
	876  -  MemoryUsage of job (MB)
	896120  -  ResidentSetSize of job (KB)
...
004 (78852668.000.000) 2026-10-02 15:46:37 Job was evicted. Code 1019 Subcode 0
	(0) CPU times
		Usr 3 21:21:06, Sys 0 00:05:25  -  Run Remote Usage
		Usr 0 00:00:00, Sys 0 00:00:00  -  Run Local Usage
	0  -  Run Bytes Sent By Job
	0  -  Run Bytes Received By Job
	Reason: Preempted for a Priority user
	Partitionable Resources :     Usage  Request Allocated 
	   Cpus                 :      3.96        4         4 
	   Disk (KB)            :  25000       25000     28672 
	   GPUs                 :                            0 
	   Memory (MB)          :    876       15000     15104 
	   TimeExecute (s)      : 104370                       
	   TimeSlotBusy (s)     : 104371                       
...
001 (78852668.000.000) 2026-10-02 15:47:46 Job executing on host: <10.14.10.133:9618?addrs=10.14.10.133-9618&alias=node2383.cluster.ldas.cit&noUDP&sock=startd_1887021_075f>
	SlotName: slot1_22@node2383.cluster.ldas.cit
	CondorScratchDir = "/var/lib/condor/execute/dir_916762/scratch"
	Cpus = 4
	Disk = 28672
	GPUs = 0
	Memory = 15104
...
005 (78852668.000.000) 2026-10-02 15:47:47 Job terminated.
	(1) Normal termination (return value 1)
		Usr 0 00:00:00, Sys 0 00:00:00  -  Run Remote Usage
		Usr 0 00:00:00, Sys 0 00:00:00  -  Run Local Usage
		Usr 3 21:21:06, Sys 0 00:05:25  -  Total Remote Usage
		Usr 0 00:00:00, Sys 0 00:00:00  -  Total Local Usage
	0  -  Run Bytes Sent By Job
	0  -  Run Bytes Received By Job
	0  -  Total Bytes Sent By Job
	0  -  Total Bytes Received By Job
	Partitionable Resources :    Usage  Request Allocated 
	   Cpus                 :     3.96        4         4 
	   Disk (KB)            : 25000       25000     28672 
	   GPUs                 :                           0 
	   Memory (MB)          :   977       15000     15104 
	   TimeExecute (s)      :     1                       
	   TimeSlotBusy (s)     :     1                       
...
000 (78854871.000.000) 2026-10-03 17:15:41 Job submitted from host: <10.14.0.121:9618?addrs=10.14.0.121-9618&alias=ldas-pcdev12.ligo.caltech.edu&noUDP&sock=schedd_623140_c9b4>
...
001 (78854871.000.000) 2026-10-03 17:16:40 Job executing on host: <10.14.10.67:9618?addrs=10.14.10.67-9618&alias=node2317.cluster.ldas.cit&noUDP&sock=startd_2548383_59df>
	SlotName: slot1_14@node2317.cluster.ldas.cit
	CondorScratchDir = "/var/lib/condor/execute/dir_2417494/scratch"
	Cpus = 4
	Disk = 28672
	GPUs = 0
	Memory = 15104
...
006 (78854871.000.000) 2026-10-03 17:16:40 Image size of job updated: 25000
	0  -  MemoryUsage of job (MB)
	0  -  ResidentSetSize of job (KB)
...
005 (78854871.000.000) 2026-10-03 17:16:41 Job terminated.
	(1) Normal termination (return value 1)
		Usr 0 00:00:00, Sys 0 00:00:00  -  Run Remote Usage
		Usr 0 00:00:00, Sys 0 00:00:00  -  Run Local Usage
		Usr 0 00:00:00, Sys 0 00:00:00  -  Total Remote Usage
		Usr 0 00:00:00, Sys 0 00:00:00  -  Total Local Usage
	0  -  Run Bytes Sent By Job
	0  -  Run Bytes Received By Job
	0  -  Total Bytes Sent By Job
	0  -  Total Bytes Received By Job
	Partitionable Resources :    Usage  Request Allocated 
	   Cpus                 :                 4         4 
	   Disk (KB)            :    25000    25000     28672 
	   GPUs                 :                           0 
	   Memory (MB)          :        0    15000     15104 
	   TimeExecute (s)      :        0                    
	   TimeSlotBusy (s)     :        1                    
...
000 (78854907.000.000) 2026-10-03 21:37:08 Job submitted from host: <10.14.0.121:9618?addrs=10.14.0.121-9618&alias=ldas-pcdev12.ligo.caltech.edu&noUDP&sock=schedd_623140_c9b4>
...
001 (78854907.000.000) 2026-10-03 21:38:42 Job executing on host: <10.14.10.38:9618?addrs=10.14.10.38-9618&alias=node2288.cluster.ldas.cit&noUDP&sock=startd_3693161_d72c>
	SlotName: slot1_2@node2288.cluster.ldas.cit
	CondorScratchDir = "/var/lib/condor/execute/dir_1252265/scratch"
	Cpus = 4
	Disk = 28672
	GPUs = 0
	Memory = 15104
...
006 (78854907.000.000) 2026-10-03 21:38:50 Image size of job updated: 325380
	318  -  MemoryUsage of job (MB)
	325380  -  ResidentSetSize of job (KB)
...
006 (78854907.000.000) 2026-10-03 21:43:50 Image size of job updated: 462236
	452  -  MemoryUsage of job (MB)
	462236  -  ResidentSetSize of job (KB)
...
006 (78854907.000.000) 2026-10-03 21:48:51 Image size of job updated: 462552
	452  -  MemoryUsage of job (MB)
	462552  -  ResidentSetSize of job (KB)
...
006 (78854907.000.000) 2026-10-03 21:53:51 Image size of job updated: 491028
	474  -  MemoryUsage of job (MB)
	484420  -  ResidentSetSize of job (KB)
...
006 (78854907.000.000) 2026-10-03 21:58:52 Image size of job updated: 491028
	474  -  MemoryUsage of job (MB)
	484572  -  ResidentSetSize of job (KB)
...
006 (78854907.000.000) 2026-10-03 22:03:53 Image size of job updated: 491028
	478  -  MemoryUsage of job (MB)
	488616  -  ResidentSetSize of job (KB)
...
006 (78854907.000.000) 2026-10-03 22:08:53 Image size of job updated: 491028
	478  -  MemoryUsage of job (MB)
	488724  -  ResidentSetSize of job (KB)
...
006 (78854907.000.000) 2026-10-03 22:13:54 Image size of job updated: 506956
	496  -  MemoryUsage of job (MB)
	506956  -  ResidentSetSize of job (KB)
...
006 (78854907.000.000) 2026-10-03 22:18:55 Image size of job updated: 651204
	636  -  MemoryUsage of job (MB)
	651204  -  ResidentSetSize of job (KB)
...
006 (78854907.000.000) 2026-10-03 22:23:55 Image size of job updated: 828340
	809  -  MemoryUsage of job (MB)
	828340  -  ResidentSetSize of job (KB)
...
006 (78854907.000.000) 2026-10-03 22:28:56 Image size of job updated: 828392
	809  -  MemoryUsage of job (MB)
	828392  -  ResidentSetSize of job (KB)
...
006 (78854907.000.000) 2026-10-03 22:33:57 Image size of job updated: 830924
	809  -  MemoryUsage of job (MB)
	828392  -  ResidentSetSize of job (KB)
...
006 (78854907.000.000) 2026-10-03 22:43:58 Image size of job updated: 850656
	831  -  MemoryUsage of job (MB)
	850656  -  ResidentSetSize of job (KB)
...
006 (78854907.000.000) 2026-10-03 22:48:59 Image size of job updated: 850872
	831  -  MemoryUsage of job (MB)
	850872  -  ResidentSetSize of job (KB)
...
006 (78854907.000.000) 2026-10-03 22:53:59 Image size of job updated: 854488
	835  -  MemoryUsage of job (MB)
	854152  -  ResidentSetSize of job (KB)
...
006 (78854907.000.000) 2026-10-03 22:59:00 Image size of job updated: 854488
	835  -  MemoryUsage of job (MB)
	854188  -  ResidentSetSize of job (KB)
...
006 (78854907.000.000) 2026-10-03 23:04:01 Image size of job updated: 871988
	851  -  MemoryUsage of job (MB)
	870968  -  ResidentSetSize of job (KB)
...
006 (78854907.000.000) 2026-10-03 23:09:01 Image size of job updated: 871988
	851  -  MemoryUsage of job (MB)
	870984  -  ResidentSetSize of job (KB)
...
006 (78854907.000.000) 2026-10-03 23:14:02 Image size of job updated: 873648
	853  -  MemoryUsage of job (MB)
	872624  -  ResidentSetSize of job (KB)
...
006 (78854907.000.000) 2026-10-03 23:19:03 Image size of job updated: 873648
	853  -  MemoryUsage of job (MB)
	872692  -  ResidentSetSize of job (KB)
...
006 (78854907.000.000) 2026-10-03 23:24:03 Image size of job updated: 877468
	854  -  MemoryUsage of job (MB)
	874440  -  ResidentSetSize of job (KB)
...
006 (78854907.000.000) 2026-10-03 23:29:04 Image size of job updated: 877468
	854  -  MemoryUsage of job (MB)
	874448  -  ResidentSetSize of job (KB)
...
006 (78854907.000.000) 2026-10-03 23:34:05 Image size of job updated: 877468
	856  -  MemoryUsage of job (MB)
	876060  -  ResidentSetSize of job (KB)
...
006 (78854907.000.000) 2026-10-03 23:44:06 Image size of job updated: 879052
	859  -  MemoryUsage of job (MB)
	879052  -  ResidentSetSize of job (KB)
...
006 (78854907.000.000) 2026-10-03 23:49:07 Image size of job updated: 879072
	859  -  MemoryUsage of job (MB)
	879072  -  ResidentSetSize of job (KB)
...
006 (78854907.000.000) 2026-10-03 23:54:07 Image size of job updated: 881100
	861  -  MemoryUsage of job (MB)
	880996  -  ResidentSetSize of job (KB)
...
006 (78854907.000.000) 2026-10-03 23:59:08 Image size of job updated: 881100
	861  -  MemoryUsage of job (MB)
	881008  -  ResidentSetSize of job (KB)
...
006 (78854907.000.000) 2026-10-04 00:09:08 Image size of job updated: 882108
	861  -  MemoryUsage of job (MB)
	881008  -  ResidentSetSize of job (KB)
...
006 (78854907.000.000) 2026-10-04 00:29:10 Image size of job updated: 882108
	861  -  MemoryUsage of job (MB)
	881304  -  ResidentSetSize of job (KB)
...
006 (78854907.000.000) 2026-10-04 00:34:10 Image size of job updated: 882108
	861  -  MemoryUsage of job (MB)
	881308  -  ResidentSetSize of job (KB)
...
006 (78854907.000.000) 2026-10-04 00:39:10 Image size of job updated: 882120
	861  -  MemoryUsage of job (MB)
	881308  -  ResidentSetSize of job (KB)
...
006 (78854907.000.000) 2026-10-04 00:49:11 Image size of job updated: 884604
	862  -  MemoryUsage of job (MB)
	882588  -  ResidentSetSize of job (KB)
...
006 (78854907.000.000) 2026-10-04 00:59:12 Image size of job updated: 889428
	869  -  MemoryUsage of job (MB)
	889428  -  ResidentSetSize of job (KB)
...
006 (78854907.000.000) 2026-10-04 01:04:12 Image size of job updated: 889436
	869  -  MemoryUsage of job (MB)
	889436  -  ResidentSetSize of job (KB)
...
006 (78854907.000.000) 2026-10-04 01:09:13 Image size of job updated: 889964
	870  -  MemoryUsage of job (MB)
	889964  -  ResidentSetSize of job (KB)
...
006 (78854907.000.000) 2026-10-04 01:19:14 Image size of job updated: 891488
	871  -  MemoryUsage of job (MB)
	891488  -  ResidentSetSize of job (KB)
...
006 (78854907.000.000) 2026-10-04 01:29:15 Image size of job updated: 891512
	871  -  MemoryUsage of job (MB)
	891488  -  ResidentSetSize of job (KB)
...
006 (78854907.000.000) 2026-10-04 01:49:17 Image size of job updated: 892640
	872  -  MemoryUsage of job (MB)
	892640  -  ResidentSetSize of job (KB)
...
006 (78854907.000.000) 2026-10-04 01:54:19 Image size of job updated: 892656
	872  -  MemoryUsage of job (MB)
	892656  -  ResidentSetSize of job (KB)
...
006 (78854907.000.000) 2026-10-04 01:59:19 Image size of job updated: 900940
	880  -  MemoryUsage of job (MB)
	900404  -  ResidentSetSize of job (KB)
...
006 (78854907.000.000) 2026-10-04 02:09:20 Image size of job updated: 902004
	881  -  MemoryUsage of job (MB)
	901940  -  ResidentSetSize of job (KB)
...
006 (78854907.000.000) 2026-10-04 02:44:24 Image size of job updated: 903960
	881  -  MemoryUsage of job (MB)
	901944  -  ResidentSetSize of job (KB)
...
006 (78854907.000.000) 2026-10-04 02:54:25 Image size of job updated: 903960
	882  -  MemoryUsage of job (MB)
	902952  -  ResidentSetSize of job (KB)
...
006 (78854907.000.000) 2026-10-04 03:04:26 Image size of job updated: 904212
	883  -  MemoryUsage of job (MB)
	903208  -  ResidentSetSize of job (KB)
...
006 (78854907.000.000) 2026-10-04 03:14:28 Image size of job updated: 904696
	884  -  MemoryUsage of job (MB)
	904696  -  ResidentSetSize of job (KB)
...
006 (78854907.000.000) 2026-10-04 03:24:28 Image size of job updated: 904960
	884  -  MemoryUsage of job (MB)
	904696  -  ResidentSetSize of job (KB)
...
006 (78854907.000.000) 2026-10-04 03:34:29 Image size of job updated: 905848
	885  -  MemoryUsage of job (MB)
	905848  -  ResidentSetSize of job (KB)
...
006 (78854907.000.000) 2026-10-04 03:39:29 Image size of job updated: 905852
	885  -  MemoryUsage of job (MB)
	905852  -  ResidentSetSize of job (KB)
...
006 (78854907.000.000) 2026-10-04 03:44:30 Image size of job updated: 905972
	885  -  MemoryUsage of job (MB)
	905852  -  ResidentSetSize of job (KB)
...
006 (78854907.000.000) 2026-10-04 03:54:30 Image size of job updated: 907268
	887  -  MemoryUsage of job (MB)
	907268  -  ResidentSetSize of job (KB)
...
006 (78854907.000.000) 2026-10-04 03:59:31 Image size of job updated: 907276
	887  -  MemoryUsage of job (MB)
	907276  -  ResidentSetSize of job (KB)
...
006 (78854907.000.000) 2026-10-04 04:04:31 Image size of job updated: 908004
	887  -  MemoryUsage of job (MB)
	907276  -  ResidentSetSize of job (KB)
...
006 (78854907.000.000) 2026-10-04 04:14:32 Image size of job updated: 908452
	888  -  MemoryUsage of job (MB)
	908452  -  ResidentSetSize of job (KB)
...
006 (78854907.000.000) 2026-10-04 04:24:32 Image size of job updated: 909056
	888  -  MemoryUsage of job (MB)
	908452  -  ResidentSetSize of job (KB)
...
006 (78854907.000.000) 2026-10-04 04:54:36 Image size of job updated: 909360
	889  -  MemoryUsage of job (MB)
	909360  -  ResidentSetSize of job (KB)
...
006 (78854907.000.000) 2026-10-04 05:04:38 Image size of job updated: 909936
	889  -  MemoryUsage of job (MB)
	909936  -  ResidentSetSize of job (KB)
...
006 (78854907.000.000) 2026-10-04 05:19:40 Image size of job updated: 910584
	890  -  MemoryUsage of job (MB)
	910584  -  ResidentSetSize of job (KB)
...
006 (78854907.000.000) 2026-10-04 05:29:41 Image size of job updated: 913732
	890  -  MemoryUsage of job (MB)
	910696  -  ResidentSetSize of job (KB)
...
006 (78854907.000.000) 2026-10-04 05:39:42 Image size of job updated: 913736
	892  -  MemoryUsage of job (MB)
	913204  -  ResidentSetSize of job (KB)
...
006 (78854907.000.000) 2026-10-04 05:49:43 Image size of job updated: 914800
	892  -  MemoryUsage of job (MB)
	913204  -  ResidentSetSize of job (KB)
...
006 (78854907.000.000) 2026-10-04 06:09:44 Image size of job updated: 919980
	899  -  MemoryUsage of job (MB)
	919980  -  ResidentSetSize of job (KB)
...
006 (78854907.000.000) 2026-10-04 06:14:45 Image size of job updated: 920020
	899  -  MemoryUsage of job (MB)
	920020  -  ResidentSetSize of job (KB)
...
006 (78854907.000.000) 2026-10-04 06:19:46 Image size of job updated: 924280
	902  -  MemoryUsage of job (MB)
	923276  -  ResidentSetSize of job (KB)
...
006 (78854907.000.000) 2026-10-04 06:24:46 Image size of job updated: 924280
	902  -  MemoryUsage of job (MB)
	923288  -  ResidentSetSize of job (KB)
...
006 (78854907.000.000) 2026-10-04 06:29:46 Image size of job updated: 925316
	904  -  MemoryUsage of job (MB)
	925316  -  ResidentSetSize of job (KB)
...
006 (78854907.000.000) 2026-10-04 06:34:47 Image size of job updated: 925400
	904  -  MemoryUsage of job (MB)
	925400  -  ResidentSetSize of job (KB)
...
006 (78854907.000.000) 2026-10-04 06:39:47 Image size of job updated: 966484
	904  -  MemoryUsage of job (MB)
	925400  -  ResidentSetSize of job (KB)
...
006 (78854907.000.000) 2026-10-04 08:14:59 Image size of job updated: 966484
	904  -  MemoryUsage of job (MB)
	925664  -  ResidentSetSize of job (KB)
...
006 (78854907.000.000) 2026-10-04 08:25:00 Image size of job updated: 966484
	905  -  MemoryUsage of job (MB)
	926640  -  ResidentSetSize of job (KB)
...
006 (78854907.000.000) 2026-10-04 08:30:00 Image size of job updated: 966484
	905  -  MemoryUsage of job (MB)
	926676  -  ResidentSetSize of job (KB)
...
006 (78854907.000.000) 2026-10-04 08:45:01 Image size of job updated: 977712
	905  -  MemoryUsage of job (MB)
	926676  -  ResidentSetSize of job (KB)
...
006 (78854907.000.000) 2026-10-04 09:05:03 Image size of job updated: 977712
	906  -  MemoryUsage of job (MB)
	927640  -  ResidentSetSize of job (KB)
...
006 (78854907.000.000) 2026-10-04 09:10:03 Image size of job updated: 977712
	906  -  MemoryUsage of job (MB)
	927648  -  ResidentSetSize of job (KB)
...
006 (78854907.000.000) 2026-10-04 09:15:03 Image size of job updated: 977712
	907  -  MemoryUsage of job (MB)
	927940  -  ResidentSetSize of job (KB)
...
005 (78854907.000.000) 2026-10-04 09:17:42 Job terminated.
	(1) Normal termination (return value 0)
		Usr 1 16:51:14, Sys 0 00:01:22  -  Run Remote Usage
		Usr 0 00:00:00, Sys 0 00:00:00  -  Run Local Usage
		Usr 1 16:51:14, Sys 0 00:01:22  -  Total Remote Usage
		Usr 0 00:00:00, Sys 0 00:00:00  -  Total Local Usage
	0  -  Run Bytes Sent By Job
	0  -  Run Bytes Received By Job
	0  -  Total Bytes Sent By Job
	0  -  Total Bytes Received By Job
	Partitionable Resources :    Usage  Request Allocated 
	   Cpus                 :     3.85        4         4 
	   Disk (KB)            : 25000       25000     28672 
	   GPUs                 :                           0 
	   Memory (MB)          :   907       15000     15104 
	   TimeExecute (s)      : 41940                       
	   TimeSlotBusy (s)     : 41940                       
...
000 (78855136.000.000) 2026-10-04 13:45:07 Job submitted from host: <10.14.0.121:9618?addrs=10.14.0.121-9618&alias=ldas-pcdev12.ligo.caltech.edu&noUDP&sock=schedd_623140_c9b4>
...
001 (78855136.000.000) 2026-10-04 13:49:18 Job executing on host: <10.14.5.179:9618?addrs=10.14.5.179-9618&alias=node1179.cluster.ldas.cit&noUDP&sock=startd_80036_9e0b>
	SlotName: slot1_2@node1179.cluster.ldas.cit
	CondorScratchDir = "/var/lib/condor/execute/dir_518921/scratch"
	Cpus = 4
	Disk = 28672
	GPUs = 0
	Memory = 15104
...
006 (78855136.000.000) 2026-10-04 13:49:26 Image size of job updated: 238848
	234  -  MemoryUsage of job (MB)
	238848  -  ResidentSetSize of job (KB)
...
006 (78855136.000.000) 2026-10-04 13:49:30 Image size of job updated: 514560
	234  -  MemoryUsage of job (MB)
	238848  -  ResidentSetSize of job (KB)
...
005 (78855136.000.000) 2026-10-04 13:49:31 Job terminated.
	(1) Normal termination (return value 0)
		Usr 0 00:00:10, Sys 0 00:00:00  -  Run Remote Usage
		Usr 0 00:00:00, Sys 0 00:00:00  -  Run Local Usage
		Usr 0 00:00:10, Sys 0 00:00:00  -  Total Remote Usage
		Usr 0 00:00:00, Sys 0 00:00:00  -  Total Local Usage
	0  -  Run Bytes Sent By Job
	0  -  Run Bytes Received By Job
	0  -  Total Bytes Sent By Job
	0  -  Total Bytes Received By Job
	Partitionable Resources :    Usage  Request Allocated 
	   Cpus                 :        0        4         4 
	   Disk (KB)            :    25000    25000     28672 
	   GPUs                 :                           0 
	   Memory (MB)          :      234    15000     15104 
	   TimeExecute (s)      :       12                    
	   TimeSlotBusy (s)     :       14                    
...
