000 (78852668.010.000) 2026-10-01 10:44:08 Job submitted from host: <10.14.0.121:9618?addrs=10.14.0.121-9618&alias=ldas-pcdev12.ligo.caltech.edu&noUDP&sock=schedd_623140_c9b4>
...
001 (78852668.010.000) 2026-10-01 10:47:08 Job executing on host: <10.14.10.159:9618?addrs=10.14.10.159-9618&alias=node2409.cluster.ldas.cit&noUDP&sock=startd_1869588_70d9>
	SlotName: slot1_5@node2409.cluster.ldas.cit
	AvailableGPUs = {  }
	CondorScratchDir = "/var/lib/condor/execute/dir_1190004/scratch"
	Cpus = 4
	Disk = 28672
	GPUs = 0
	Memory = 15104
...
006 (78852668.010.000) 2026-10-01 10:47:16 Image size of job updated: 173148
	170  -  MemoryUsage of job (MB)
	173148  -  ResidentSetSize of job (KB)
...
006 (78852668.010.000) 2026-10-01 10:52:16 Image size of job updated: 225748
	221  -  MemoryUsage of job (MB)
	225748  -  ResidentSetSize of job (KB)
...
006 (78852668.010.000) 2026-10-01 10:57:17 Image size of job updated: 226280
	221  -  MemoryUsage of job (MB)
	226280  -  ResidentSetSize of job (KB)
...
006 (78852668.010.000) 2026-10-01 11:02:17 Image size of job updated: 335268
	328  -  MemoryUsage of job (MB)
	335268  -  ResidentSetSize of job (KB)
...
006 (78852668.010.000) 2026-10-01 11:07:18 Image size of job updated: 335396
	328  -  MemoryUsage of job (MB)
	335396  -  ResidentSetSize of job (KB)
...
006 (78852668.010.000) 2026-10-01 11:12:19 Image size of job updated: 345216
	338  -  MemoryUsage of job (MB)
	345216  -  ResidentSetSize of job (KB)
...
006 (78852668.010.000) 2026-10-01 11:17:19 Image size of job updated: 345248
	338  -  MemoryUsage of job (MB)
	345248  -  ResidentSetSize of job (KB)
...
006 (78852668.010.000) 2026-10-01 11:22:20 Image size of job updated: 361280
	353  -  MemoryUsage of job (MB)
	361280  -  ResidentSetSize of job (KB)
...
006 (78852668.010.000) 2026-10-01 11:27:20 Image size of job updated: 361308
	353  -  MemoryUsage of job (MB)
	361308  -  ResidentSetSize of job (KB)
...
006 (78852668.010.000) 2026-10-01 11:32:20 Image size of job updated: 362796
	354  -  MemoryUsage of job (MB)
	361812  -  ResidentSetSize of job (KB)
...
006 (78852668.010.000) 2026-10-01 11:37:21 Image size of job updated: 362796
	354  -  MemoryUsage of job (MB)
	361836  -  ResidentSetSize of job (KB)
...
006 (78852668.010.000) 2026-10-01 11:42:21 Image size of job updated: 363900
	356  -  MemoryUsage of job (MB)
	363900  -  ResidentSetSize of job (KB)
...
006 (78852668.010.000) 2026-10-01 11:47:22 Image size of job updated: 363928
	356  -  MemoryUsage of job (MB)
	363928  -  ResidentSetSize of job (KB)
...
006 (78852668.010.000) 2026-10-01 11:52:23 Image size of job updated: 369600
	361  -  MemoryUsage of job (MB)
	369600  -  ResidentSetSize of job (KB)
...
006 (78852668.010.000) 2026-10-01 11:57:24 Image size of job updated: 369624
	361  -  MemoryUsage of job (MB)
	369624  -  ResidentSetSize of job (KB)
...
006 (78852668.010.000) 2026-10-01 12:02:25 Image size of job updated: 372716
	364  -  MemoryUsage of job (MB)
	372716  -  ResidentSetSize of job (KB)
...
006 (78852668.010.000) 2026-10-01 12:07:25 Image size of job updated: 372740
	365  -  MemoryUsage of job (MB)
	372740  -  ResidentSetSize of job (KB)
...
006 (78852668.010.000) 2026-10-01 12:12:26 Image size of job updated: 375820
	365  -  MemoryUsage of job (MB)
	372740  -  ResidentSetSize of job (KB)
...
006 (78852668.010.000) 2026-10-01 12:22:26 Image size of job updated: 396332
	388  -  MemoryUsage of job (MB)
	396332  -  ResidentSetSize of job (KB)
...
006 (78852668.010.000) 2026-10-01 12:27:27 Image size of job updated: 396384
	388  -  MemoryUsage of job (MB)
	396384  -  ResidentSetSize of job (KB)
...
006 (78852668.010.000) 2026-10-01 12:32:27 Image size of job updated: 401976
	393  -  MemoryUsage of job (MB)
	401976  -  ResidentSetSize of job (KB)
...
006 (78852668.010.000) 2026-10-01 12:37:28 Image size of job updated: 418320
	409  -  MemoryUsage of job (MB)
	418320  -  ResidentSetSize of job (KB)
...
006 (78852668.010.000) 2026-10-01 12:42:29 Image size of job updated: 423344
	409  -  MemoryUsage of job (MB)
	418320  -  ResidentSetSize of job (KB)
...
006 (78852668.010.000) 2026-10-01 13:02:30 Image size of job updated: 440752
	431  -  MemoryUsage of job (MB)
	440752  -  ResidentSetSize of job (KB)
...
006 (78852668.010.000) 2026-10-01 13:07:31 Image size of job updated: 440824
	431  -  MemoryUsage of job (MB)
	440824  -  ResidentSetSize of job (KB)
...
006 (78852668.010.000) 2026-10-01 13:12:31 Image size of job updated: 440852
	431  -  MemoryUsage of job (MB)
	440824  -  ResidentSetSize of job (KB)
...
006 (78852668.010.000) 2026-10-01 13:22:33 Image size of job updated: 448684
	439  -  MemoryUsage of job (MB)
	448684  -  ResidentSetSize of job (KB)
...
006 (78852668.010.000) 2026-10-01 13:27:33 Image size of job updated: 448724
	439  -  MemoryUsage of job (MB)
	448724  -  ResidentSetSize of job (KB)
...
006 (78852668.010.000) 2026-10-01 13:32:34 Image size of job updated: 460524
	449  -  MemoryUsage of job (MB)
	459744  -  ResidentSetSize of job (KB)
...
006 (78852668.010.000) 2026-10-01 13:37:34 Image size of job updated: 460524
	450  -  MemoryUsage of job (MB)
	459796  -  ResidentSetSize of job (KB)
...
006 (78852668.010.000) 2026-10-01 13:42:34 Image size of job updated: 469856
	459  -  MemoryUsage of job (MB)
	469856  -  ResidentSetSize of job (KB)
...
006 (78852668.010.000) 2026-10-01 13:47:35 Image size of job updated: 470560
	460  -  MemoryUsage of job (MB)
	470560  -  ResidentSetSize of job (KB)
...
006 (78852668.010.000) 2026-10-01 13:52:35 Image size of job updated: 480608
	470  -  MemoryUsage of job (MB)
	480608  -  ResidentSetSize of job (KB)
...
006 (78852668.010.000) 2026-10-01 13:57:36 Image size of job updated: 480640
	470  -  MemoryUsage of job (MB)
	480640  -  ResidentSetSize of job (KB)
...
006 (78852668.010.000) 2026-10-01 14:02:37 Image size of job updated: 484908
	472  -  MemoryUsage of job (MB)
	482908  -  ResidentSetSize of job (KB)
...
006 (78852668.010.000) 2026-10-01 14:12:39 Image size of job updated: 486212
	475  -  MemoryUsage of job (MB)
	486212  -  ResidentSetSize of job (KB)
...
006 (78852668.010.000) 2026-10-01 14:17:39 Image size of job updated: 486236
	475  -  MemoryUsage of job (MB)
	486236  -  ResidentSetSize of job (KB)
...
006 (78852668.010.000) 2026-10-01 14:22:39 Image size of job updated: 488476
	477  -  MemoryUsage of job (MB)
	487468  -  ResidentSetSize of job (KB)
...
006 (78852668.010.000) 2026-10-01 14:27:40 Image size of job updated: 488476
	477  -  MemoryUsage of job (MB)
	487492  -  ResidentSetSize of job (KB)
...
006 (78852668.010.000) 2026-10-01 14:32:40 Image size of job updated: 494348
	483  -  MemoryUsage of job (MB)
	494348  -  ResidentSetSize of job (KB)
...
006 (78852668.010.000) 2026-10-01 14:37:40 Image size of job updated: 494368
	483  -  MemoryUsage of job (MB)
	494368  -  ResidentSetSize of job (KB)
...
006 (78852668.010.000) 2026-10-01 14:42:41 Image size of job updated: 498736
	488  -  MemoryUsage of job (MB)
	498736  -  ResidentSetSize of job (KB)
...
006 (78852668.010.000) 2026-10-01 14:47:41 Image size of job updated: 499476
	488  -  MemoryUsage of job (MB)
	499476  -  ResidentSetSize of job (KB)
...
006 (78852668.010.000) 2026-10-01 14:52:41 Image size of job updated: 526836
	515  -  MemoryUsage of job (MB)
	526836  -  ResidentSetSize of job (KB)
...
006 (78852668.010.000) 2026-10-01 14:57:42 Image size of job updated: 526884
	515  -  MemoryUsage of job (MB)
	526884  -  ResidentSetSize of job (KB)
...
006 (78852668.010.000) 2026-10-01 15:02:42 Image size of job updated: 529180
	515  -  MemoryUsage of job (MB)
	527152  -  ResidentSetSize of job (KB)
...
006 (78852668.010.000) 2026-10-01 15:07:43 Image size of job updated: 529180
	515  -  MemoryUsage of job (MB)
	527184  -  ResidentSetSize of job (KB)
...
006 (78852668.010.000) 2026-10-01 15:12:44 Image size of job updated: 533736
	520  -  MemoryUsage of job (MB)
	531744  -  ResidentSetSize of job (KB)
...
006 (78852668.010.000) 2026-10-01 15:17:44 Image size of job updated: 533736
	520  -  MemoryUsage of job (MB)
	531792  -  ResidentSetSize of job (KB)
...
006 (78852668.010.000) 2026-10-01 15:22:45 Image size of job updated: 543884
	523  -  MemoryUsage of job (MB)
	535380  -  ResidentSetSize of job (KB)
...
006 (78852668.010.000) 2026-10-01 15:27:45 Image size of job updated: 543884
	524  -  MemoryUsage of job (MB)
	535980  -  ResidentSetSize of job (KB)
...
006 (78852668.010.000) 2026-10-01 15:32:45 Image size of job updated: 543884
	530  -  MemoryUsage of job (MB)
	541724  -  ResidentSetSize of job (KB)
...
006 (78852668.010.000) 2026-10-01 15:37:46 Image size of job updated: 543884
	530  -  MemoryUsage of job (MB)
	542056  -  ResidentSetSize of job (KB)
...
006 (78852668.010.000) 2026-10-01 15:42:46 Image size of job updated: 550180
	536  -  MemoryUsage of job (MB)
	548196  -  ResidentSetSize of job (KB)
...
006 (78852668.010.000) 2026-10-01 15:47:47 Image size of job updated: 550180
	536  -  MemoryUsage of job (MB)
	548484  -  ResidentSetSize of job (KB)
...
006 (78852668.010.000) 2026-10-01 15:52:48 Image size of job updated: 566916
	547  -  MemoryUsage of job (MB)
	559892  -  ResidentSetSize of job (KB)
...
006 (78852668.010.000) 2026-10-01 15:57:48 Image size of job updated: 566916
	548  -  MemoryUsage of job (MB)
	560212  -  ResidentSetSize of job (KB)
...
006 (78852668.010.000) 2026-10-01 16:02:49 Image size of job updated: 566916
	553  -  MemoryUsage of job (MB)
	565448  -  ResidentSetSize of job (KB)
...
006 (78852668.010.000) 2026-10-01 16:07:49 Image size of job updated: 566916
	553  -  MemoryUsage of job (MB)
	565564  -  ResidentSetSize of job (KB)
...
006 (78852668.010.000) 2026-10-01 16:12:49 Image size of job updated: 568392
	556  -  MemoryUsage of job (MB)
	568392  -  ResidentSetSize of job (KB)
...
006 (78852668.010.000) 2026-10-01 16:17:50 Image size of job updated: 573000
	556  -  MemoryUsage of job (MB)
	568464  -  ResidentSetSize of job (KB)
...
006 (78852668.010.000) 2026-10-01 16:27:51 Image size of job updated: 603240
	570  -  MemoryUsage of job (MB)
	583540  -  ResidentSetSize of job (KB)
...
006 (78852668.010.000) 2026-10-01 16:31:26 Image size of job updated: 693212
	570  -  MemoryUsage of job (MB)
	583540  -  ResidentSetSize of job (KB)
...
005 (78852668.010.000) 2026-10-01 16:31:26 Job terminated.
	(1) Normal termination (return value 0)
		Usr 0 19:03:16, Sys 0 00:00:23  -  Run Remote Usage
		Usr 0 00:00:00, Sys 0 00:00:00  -  Run Local Usage
		Usr 0 19:03:16, Sys 0 00:00:23  -  Total Remote Usage
		Usr 0 00:00:00, Sys 0 00:00:00  -  Total Local Usage
	0  -  Run Bytes Sent By Job
	0  -  Run Bytes Received By Job
	0  -  Total Bytes Sent By Job
	0  -  Total Bytes Received By Job
	Partitionable Resources :    Usage  Request Allocated 
	   Cpus                 :     3.63        4         4 
	   Disk (KB)            : 25000       25000     28672 
	   GPUs                 :                           0 
	   Memory (MB)          :   570       15000     15104 
	   TimeExecute (s)      : 20658                       
	   TimeSlotBusy (s)     : 20659                       
...
000 (78854871.010.000) 2026-10-03 17:15:41 Job submitted from host: <10.14.0.121:9618?addrs=10.14.0.121-9618&alias=ldas-pcdev12.ligo.caltech.edu&noUDP&sock=schedd_623140_c9b4>
...
001 (78854871.010.000) 2026-10-03 17:16:39 Job executing on host: <10.14.7.2:9618?addrs=10.14.7.2-9618&alias=node1502.cluster.ldas.cit&noUDP&sock=startd_30197_3573>
	SlotName: slot1_2@node1502.cluster.ldas.cit
	CondorScratchDir = "/var/lib/condor/execute/dir_623938/scratch"
	Cpus = 4
	Disk = 28672
	GPUs = 0
	Memory = 15104
...
006 (78854871.010.000) 2026-10-03 17:16:48 Image size of job updated: 162692
	159  -  MemoryUsage of job (MB)
	162692  -  ResidentSetSize of job (KB)
...
006 (78854871.010.000) 2026-10-03 17:17:03 Image size of job updated: 501424
	159  -  MemoryUsage of job (MB)
	162692  -  ResidentSetSize of job (KB)
...
005 (78854871.010.000) 2026-10-03 17:17:03 Job terminated.
	(1) Normal termination (return value 0)
		Usr 0 00:00:19, Sys 0 00:00:00  -  Run Remote Usage
		Usr 0 00:00:00, Sys 0 00:00:00  -  Run Local Usage
		Usr 0 00:00:19, Sys 0 00:00:00  -  Total Remote Usage
		Usr 0 00:00:00, Sys 0 00:00:00  -  Total Local Usage
	0  -  Run Bytes Sent By Job
	0  -  Run Bytes Received By Job
	0  -  Total Bytes Sent By Job
	0  -  Total Bytes Received By Job
	Partitionable Resources :    Usage  Request Allocated 
	   Cpus                 :        0        4         4 
	   Disk (KB)            :    25000    25000     28672 
	   GPUs                 :                           0 
	   Memory (MB)          :      159    15000     15104 
	   TimeExecute (s)      :       24                    
	   TimeSlotBusy (s)     :       24                    
...
000 (78854907.010.000) 2026-10-03 21:37:08 Job submitted from host: <10.14.0.121:9618?addrs=10.14.0.121-9618&alias=ldas-pcdev12.ligo.caltech.edu&noUDP&sock=schedd_623140_c9b4>
...
001 (78854907.010.000) 2026-10-03 21:38:42 Job executing on host: <10.14.5.88:9618?addrs=10.14.5.88-9618&alias=node1088.cluster.ldas.cit&noUDP&sock=startd_501170_8350>
	SlotName: slot1_3@node1088.cluster.ldas.cit
	CondorScratchDir = "/var/lib/condor/execute/dir_1026080/scratch"
	Cpus = 4
	Disk = 28672
	GPUs = 0
	Memory = 15104
...
006 (78854907.010.000) 2026-10-03 21:38:50 Image size of job updated: 171884
	168  -  MemoryUsage of job (MB)
	171884  -  ResidentSetSize of job (KB)
...
006 (78854907.010.000) 2026-10-03 21:39:03 Image size of job updated: 501424
	168  -  MemoryUsage of job (MB)
	171884  -  ResidentSetSize of job (KB)
...
005 (78854907.010.000) 2026-10-03 21:39:03 Job terminated.
	(1) Normal termination (return value 0)
		Usr 0 00:00:11, Sys 0 00:00:00  -  Run Remote Usage
		Usr 0 00:00:00, Sys 0 00:00:00  -  Run Local Usage
		Usr 0 00:00:11, Sys 0 00:00:00  -  Total Remote Usage
		Usr 0 00:00:00, Sys 0 00:00:00  -  Total Local Usage
	0  -  Run Bytes Sent By Job
	0  -  Run Bytes Received By Job
	0  -  Total Bytes Sent By Job
	0  -  Total Bytes Received By Job
	Partitionable Resources :    Usage  Request Allocated 
	   Cpus                 :        0        4         4 
	   Disk (KB)            :    25000    25000     28672 
	   GPUs                 :                           0 
	   Memory (MB)          :      168    15000     15104 
	   TimeExecute (s)      :       21                    
	   TimeSlotBusy (s)     :       22                    
...
000 (78855136.010.000) 2026-10-04 13:45:07 Job submitted from host: <10.14.0.121:9618?addrs=10.14.0.121-9618&alias=ldas-pcdev12.ligo.caltech.edu&noUDP&sock=schedd_623140_c9b4>
...
001 (78855136.010.000) 2026-10-04 13:49:18 Job executing on host: <10.14.6.241:9618?addrs=10.14.6.241-9618&alias=node1491.cluster.ldas.cit&noUDP&sock=startd_34442_ecfb>
	SlotName: slot1_2@node1491.cluster.ldas.cit
	CondorScratchDir = "/var/lib/condor/execute/dir_532368/scratch"
	Cpus = 4
	Disk = 28672
	GPUs = 0
	Memory = 15104
...
006 (78855136.010.000) 2026-10-04 13:49:26 Image size of job updated: 109456
	107  -  MemoryUsage of job (MB)
	109456  -  ResidentSetSize of job (KB)
...
006 (78855136.010.000) 2026-10-04 13:49:44 Image size of job updated: 501424
	107  -  MemoryUsage of job (MB)
	109456  -  ResidentSetSize of job (KB)
...
005 (78855136.010.000) 2026-10-04 13:49:44 Job terminated.
	(1) Normal termination (return value 0)
		Usr 0 00:00:11, Sys 0 00:00:00  -  Run Remote Usage
		Usr 0 00:00:00, Sys 0 00:00:00  -  Run Local Usage
		Usr 0 00:00:11, Sys 0 00:00:00  -  Total Remote Usage
		Usr 0 00:00:00, Sys 0 00:00:00  -  Total Local Usage
	0  -  Run Bytes Sent By Job
	0  -  Run Bytes Received By Job
	0  -  Total Bytes Sent By Job
	0  -  Total Bytes Received By Job
	Partitionable Resources :    Usage  Request Allocated 
	   Cpus                 :        0        4         4 
	   Disk (KB)            :    25000    25000     28672 
	   GPUs                 :                           0 
	   Memory (MB)          :      107    15000     15104 
	   TimeExecute (s)      :       26                    
	   TimeSlotBusy (s)     :       27                    
...
