000 (78852668.101.000) 2026-10-01 10:44:08 Job submitted from host: <10.14.0.121:9618?addrs=10.14.0.121-9618&alias=ldas-pcdev12.ligo.caltech.edu&noUDP&sock=schedd_623140_c9b4>
...
001 (78852668.101.000) 2026-10-01 10:48:08 Job executing on host: <10.14.10.62:9618?addrs=10.14.10.62-9618&alias=node2312.cluster.ldas.cit&noUDP&sock=startd_2782857_032a>
	SlotName: slot1_2@node2312.cluster.ldas.cit
	CondorScratchDir = "/var/lib/condor/execute/dir_69220/scratch"
	Cpus = 4
	Disk = 28672
	GPUs = 0
	Memory = 15104
...
006 (78852668.101.000) 2026-10-01 10:48:08 Image size of job updated: 25000
	0  -  MemoryUsage of job (MB)
	0  -  ResidentSetSize of job (KB)
...
005 (78852668.101.000) 2026-10-01 10:48:09 Job terminated.
	(1) Normal termination (return value 1)
		Usr 0 00:00:00, Sys 0 00:00:00  -  Run Remote Usage
		Usr 0 00:00:00, Sys 0 00:00:00  -  Run Local Usage
		Usr 0 00:00:00, Sys 0 00:00:00  -  Total Remote Usage
		Usr 0 00:00:00, Sys 0 00:00:00  -  Total Local Usage
	0  -  Run Bytes Sent By Job
	0  -  Run Bytes Received By Job
	0  -  Total Bytes Sent By Job
	0  -  Total Bytes Received By Job
	Partitionable Resources :    Usage  Request Allocated 
	   Cpus                 :                 4         4 
	   Disk (KB)            :    25000    25000     28672 
	   GPUs                 :                           0 
	   Memory (MB)          :        0    15000     15104 
	   TimeExecute (s)      :        0                    
	   TimeSlotBusy (s)     :        0                    
...
000 (78854871.101.000) 2026-10-03 17:15:41 Job submitted from host: <10.14.0.121:9618?addrs=10.14.0.121-9618&alias=ldas-pcdev12.ligo.caltech.edu&noUDP&sock=schedd_623140_c9b4>
...
001 (78854871.101.000) 2026-10-03 17:16:40 Job executing on host: <10.14.4.72:9618?addrs=10.14.4.72-9618&alias=node822.cluster.ldas.cit&noUDP&sock=startd_62474_8bcd>
	SlotName: slot1_7@node822.cluster.ldas.cit
	CondorScratchDir = "/var/lib/condor/execute/dir_672411/scratch"
	Cpus = 4
	Disk = 28672
	GPUs = 0
	Memory = 15104
...
006 (78854871.101.000) 2026-10-03 17:16:49 Image size of job updated: 225928
	221  -  MemoryUsage of job (MB)
	225928  -  ResidentSetSize of job (KB)
...
006 (78854871.101.000) 2026-10-03 17:21:50 Image size of job updated: 299092
	293  -  MemoryUsage of job (MB)
	299092  -  ResidentSetSize of job (KB)
...
006 (78854871.101.000) 2026-10-03 17:26:50 Image size of job updated: 300192
	294  -  MemoryUsage of job (MB)
	300192  -  ResidentSetSize of job (KB)
...
006 (78854871.101.000) 2026-10-03 17:31:51 Image size of job updated: 401596
	393  -  MemoryUsage of job (MB)
	401596  -  ResidentSetSize of job (KB)
...
006 (78854871.101.000) 2026-10-03 17:36:52 Image size of job updated: 401948
	393  -  MemoryUsage of job (MB)
	401948  -  ResidentSetSize of job (KB)
...
006 (78854871.101.000) 2026-10-03 17:41:52 Image size of job updated: 418088
	409  -  MemoryUsage of job (MB)
	418088  -  ResidentSetSize of job (KB)
...
006 (78854871.101.000) 2026-10-03 17:46:53 Image size of job updated: 418160
	409  -  MemoryUsage of job (MB)
	418160  -  ResidentSetSize of job (KB)
...
006 (78854871.101.000) 2026-10-03 17:51:53 Image size of job updated: 423280
	414  -  MemoryUsage of job (MB)
	423280  -  ResidentSetSize of job (KB)
...
006 (78854871.101.000) 2026-10-03 17:56:53 Image size of job updated: 423320
	414  -  MemoryUsage of job (MB)
	423320  -  ResidentSetSize of job (KB)
...
006 (78854871.101.000) 2026-10-03 18:01:54 Image size of job updated: 426560
	417  -  MemoryUsage of job (MB)
	426560  -  ResidentSetSize of job (KB)
...
006 (78854871.101.000) 2026-10-03 18:06:54 Image size of job updated: 426596
	417  -  MemoryUsage of job (MB)
	426596  -  ResidentSetSize of job (KB)
...
006 (78854871.101.000) 2026-10-03 18:11:55 Image size of job updated: 428836
	419  -  MemoryUsage of job (MB)
	428836  -  ResidentSetSize of job (KB)
...
006 (78854871.101.000) 2026-10-03 18:16:56 Image size of job updated: 428876
	419  -  MemoryUsage of job (MB)
	428876  -  ResidentSetSize of job (KB)
...
006 (78854871.101.000) 2026-10-03 18:21:56 Image size of job updated: 429804
	420  -  MemoryUsage of job (MB)
	429804  -  ResidentSetSize of job (KB)
...
006 (78854871.101.000) 2026-10-03 18:26:57 Image size of job updated: 429824
	420  -  MemoryUsage of job (MB)
	429824  -  ResidentSetSize of job (KB)
...
006 (78854871.101.000) 2026-10-03 18:31:58 Image size of job updated: 429832
	420  -  MemoryUsage of job (MB)
	429832  -  ResidentSetSize of job (KB)
...
006 (78854871.101.000) 2026-10-03 18:36:58 Image size of job updated: 430416
	421  -  MemoryUsage of job (MB)
	430416  -  ResidentSetSize of job (KB)
...
006 (78854871.101.000) 2026-10-03 18:41:59 Image size of job updated: 435744
	426  -  MemoryUsage of job (MB)
	435744  -  ResidentSetSize of job (KB)
...
006 (78854871.101.000) 2026-10-03 18:47:00 Image size of job updated: 435772
	426  -  MemoryUsage of job (MB)
	435772  -  ResidentSetSize of job (KB)
...
006 (78854871.101.000) 2026-10-03 18:52:00 Image size of job updated: 436264
	427  -  MemoryUsage of job (MB)
	436264  -  ResidentSetSize of job (KB)
...
006 (78854871.101.000) 2026-10-03 18:57:01 Image size of job updated: 436272
	427  -  MemoryUsage of job (MB)
	436272  -  ResidentSetSize of job (KB)
...
006 (78854871.101.000) 2026-10-03 19:02:01 Image size of job updated: 438848
	429  -  MemoryUsage of job (MB)
	438848  -  ResidentSetSize of job (KB)
...
006 (78854871.101.000) 2026-10-03 19:07:01 Image size of job updated: 438864
	429  -  MemoryUsage of job (MB)
	438864  -  ResidentSetSize of job (KB)
...
006 (78854871.101.000) 2026-10-03 19:12:02 Image size of job updated: 438872
	429  -  MemoryUsage of job (MB)
	438872  -  ResidentSetSize of job (KB)
...
006 (78854871.101.000) 2026-10-03 19:17:02 Image size of job updated: 439892
	430  -  MemoryUsage of job (MB)
	439892  -  ResidentSetSize of job (KB)
...
006 (78854871.101.000) 2026-10-03 19:22:02 Image size of job updated: 439900
	430  -  MemoryUsage of job (MB)
	439900  -  ResidentSetSize of job (KB)
...
006 (78854871.101.000) 2026-10-03 19:27:03 Image size of job updated: 439936
	430  -  MemoryUsage of job (MB)
	439936  -  ResidentSetSize of job (KB)
...
006 (78854871.101.000) 2026-10-03 19:32:03 Image size of job updated: 439940
	430  -  MemoryUsage of job (MB)
	439940  -  ResidentSetSize of job (KB)
...
006 (78854871.101.000) 2026-10-03 19:37:04 Image size of job updated: 439952
	430  -  MemoryUsage of job (MB)
	439952  -  ResidentSetSize of job (KB)
...
006 (78854871.101.000) 2026-10-03 19:42:05 Image size of job updated: 439956
	430  -  MemoryUsage of job (MB)
	439956  -  ResidentSetSize of job (KB)
...
006 (78854871.101.000) 2026-10-03 19:47:05 Image size of job updated: 441428
	432  -  MemoryUsage of job (MB)
	441428  -  ResidentSetSize of job (KB)
...
006 (78854871.101.000) 2026-10-03 19:52:06 Image size of job updated: 499036
	488  -  MemoryUsage of job (MB)
	499036  -  ResidentSetSize of job (KB)
...
006 (78854871.101.000) 2026-10-03 19:57:07 Image size of job updated: 705284
	689  -  MemoryUsage of job (MB)
	705284  -  ResidentSetSize of job (KB)
...
006 (78854871.101.000) 2026-10-03 20:02:07 Image size of job updated: 751764
	735  -  MemoryUsage of job (MB)
	751764  -  ResidentSetSize of job (KB)
...
006 (78854871.101.000) 2026-10-03 20:07:07 Image size of job updated: 751776
	735  -  MemoryUsage of job (MB)
	751776  -  ResidentSetSize of job (KB)
...
006 (78854871.101.000) 2026-10-03 20:12:08 Image size of job updated: 751780
	735  -  MemoryUsage of job (MB)
	751780  -  ResidentSetSize of job (KB)
...
006 (78854871.101.000) 2026-10-03 20:17:08 Image size of job updated: 759032
	742  -  MemoryUsage of job (MB)
	759032  -  ResidentSetSize of job (KB)
...
006 (78854871.101.000) 2026-10-03 20:22:09 Image size of job updated: 759040
	742  -  MemoryUsage of job (MB)
	759040  -  ResidentSetSize of job (KB)
...
006 (78854871.101.000) 2026-10-03 20:27:10 Image size of job updated: 764616
	742  -  MemoryUsage of job (MB)
	759040  -  ResidentSetSize of job (KB)
...
004 (78854871.101.000) 2026-10-03 21:36:56 Job was evicted. Code 1023 Subcode 0
	(0) CPU times
		Usr 0 13:45:58, Sys 0 00:00:47  -  Run Remote Usage
		Usr 0 00:00:00, Sys 0 00:00:00  -  Run Local Usage
	0  -  Run Bytes Sent By Job
	0  -  Run Bytes Received By Job
	Reason: via condor_rm (by user pratyusava.baral)
	Partitionable Resources :    Usage  Request Allocated 
	   Cpus                 :     2.82        4         4 
	   Disk (KB)            : 25000       25000     28672 
	   GPUs                 :                           0 
	   Memory (MB)          :   742       15000     15104 
	   TimeExecute (s)      : 15616                       
	   TimeSlotBusy (s)     : 15616                       
...
009 (78854871.101.000) 2026-10-03 21:36:57 Job was aborted.
	via condor_rm (by user pratyusava.baral)
...
000 (78854907.101.000) 2026-10-03 21:37:08 Job submitted from host: <10.14.0.121:9618?addrs=10.14.0.121-9618&alias=ldas-pcdev12.ligo.caltech.edu&noUDP&sock=schedd_623140_c9b4>
...
001 (78854907.101.000) 2026-10-03 21:38:42 Job executing on host: <10.14.4.72:9618?addrs=10.14.4.72-9618&alias=node822.cluster.ldas.cit&noUDP&sock=startd_62474_8bcd>
	SlotName: slot1_2@node822.cluster.ldas.cit
	CondorScratchDir = "/var/lib/condor/execute/dir_691146/scratch"
	Cpus = 4
	Disk = 28672
	GPUs = 0
	Memory = 15104
...
006 (78854907.101.000) 2026-10-03 21:38:51 Image size of job updated: 236948
	232  -  MemoryUsage of job (MB)
	236948  -  ResidentSetSize of job (KB)
...
006 (78854907.101.000) 2026-10-03 21:43:52 Image size of job updated: 276984
	271  -  MemoryUsage of job (MB)
	276984  -  ResidentSetSize of job (KB)
...
006 (78854907.101.000) 2026-10-03 21:48:52 Image size of job updated: 365680
	358  -  MemoryUsage of job (MB)
	365680  -  ResidentSetSize of job (KB)
...
006 (78854907.101.000) 2026-10-03 21:53:53 Image size of job updated: 365816
	358  -  MemoryUsage of job (MB)
	365816  -  ResidentSetSize of job (KB)
...
006 (78854907.101.000) 2026-10-03 21:58:54 Image size of job updated: 414256
	385  -  MemoryUsage of job (MB)
	393428  -  ResidentSetSize of job (KB)
...
006 (78854907.101.000) 2026-10-03 22:03:54 Image size of job updated: 414256
	385  -  MemoryUsage of job (MB)
	393452  -  ResidentSetSize of job (KB)
...
006 (78854907.101.000) 2026-10-03 22:08:54 Image size of job updated: 414256
	396  -  MemoryUsage of job (MB)
	405460  -  ResidentSetSize of job (KB)
...
006 (78854907.101.000) 2026-10-03 22:13:55 Image size of job updated: 414256
	397  -  MemoryUsage of job (MB)
	405584  -  ResidentSetSize of job (KB)
...
006 (78854907.101.000) 2026-10-03 22:18:55 Image size of job updated: 419660
	410  -  MemoryUsage of job (MB)
	419660  -  ResidentSetSize of job (KB)
...
006 (78854907.101.000) 2026-10-03 22:23:55 Image size of job updated: 419776
	410  -  MemoryUsage of job (MB)
	419776  -  ResidentSetSize of job (KB)
...
006 (78854907.101.000) 2026-10-03 22:28:56 Image size of job updated: 419796
	410  -  MemoryUsage of job (MB)
	419796  -  ResidentSetSize of job (KB)
...
006 (78854907.101.000) 2026-10-03 22:33:56 Image size of job updated: 419836
	410  -  MemoryUsage of job (MB)
	419836  -  ResidentSetSize of job (KB)
...
006 (78854907.101.000) 2026-10-03 22:38:56 Image size of job updated: 419908
	411  -  MemoryUsage of job (MB)
	419908  -  ResidentSetSize of job (KB)
...
006 (78854907.101.000) 2026-10-03 22:43:57 Image size of job updated: 419912
	411  -  MemoryUsage of job (MB)
	419912  -  ResidentSetSize of job (KB)
...
006 (78854907.101.000) 2026-10-03 22:48:57 Image size of job updated: 423048
	414  -  MemoryUsage of job (MB)
	423048  -  ResidentSetSize of job (KB)
...
006 (78854907.101.000) 2026-10-03 22:53:57 Image size of job updated: 423052
	414  -  MemoryUsage of job (MB)
	423052  -  ResidentSetSize of job (KB)
...
006 (78854907.101.000) 2026-10-03 22:58:58 Image size of job updated: 431604
	422  -  MemoryUsage of job (MB)
	431604  -  ResidentSetSize of job (KB)
...
006 (78854907.101.000) 2026-10-03 23:34:01 Image size of job updated: 437952
	422  -  MemoryUsage of job (MB)
	431604  -  ResidentSetSize of job (KB)
...
006 (78854907.101.000) 2026-10-03 23:44:02 Image size of job updated: 448632
	422  -  MemoryUsage of job (MB)
	431604  -  ResidentSetSize of job (KB)
...
006 (78854907.101.000) 2026-10-03 23:54:03 Image size of job updated: 448632
	426  -  MemoryUsage of job (MB)
	435544  -  ResidentSetSize of job (KB)
...
006 (78854907.101.000) 2026-10-03 23:59:04 Image size of job updated: 448632
	426  -  MemoryUsage of job (MB)
	435592  -  ResidentSetSize of job (KB)
...
006 (78854907.101.000) 2026-10-04 00:04:05 Image size of job updated: 451652
	441  -  MemoryUsage of job (MB)
	450636  -  ResidentSetSize of job (KB)
...
006 (78854907.101.000) 2026-10-04 00:09:05 Image size of job updated: 451652
	441  -  MemoryUsage of job (MB)
	450644  -  ResidentSetSize of job (KB)
...
006 (78854907.101.000) 2026-10-04 00:24:07 Image size of job updated: 452100
	442  -  MemoryUsage of job (MB)
	451860  -  ResidentSetSize of job (KB)
...
006 (78854907.101.000) 2026-10-04 00:29:08 Image size of job updated: 452100
	442  -  MemoryUsage of job (MB)
	451864  -  ResidentSetSize of job (KB)
...
006 (78854907.101.000) 2026-10-04 01:09:11 Image size of job updated: 513776
	502  -  MemoryUsage of job (MB)
	513776  -  ResidentSetSize of job (KB)
...
006 (78854907.101.000) 2026-10-04 01:14:11 Image size of job updated: 716448
	700  -  MemoryUsage of job (MB)
	716448  -  ResidentSetSize of job (KB)
...
006 (78854907.101.000) 2026-10-04 01:19:12 Image size of job updated: 764736
	747  -  MemoryUsage of job (MB)
	764736  -  ResidentSetSize of job (KB)
...
006 (78854907.101.000) 2026-10-04 01:29:12 Image size of job updated: 764740
	747  -  MemoryUsage of job (MB)
	764740  -  ResidentSetSize of job (KB)
...
006 (78854907.101.000) 2026-10-04 01:39:14 Image size of job updated: 765864
	748  -  MemoryUsage of job (MB)
	765864  -  ResidentSetSize of job (KB)
...
006 (78854907.101.000) 2026-10-04 01:44:14 Image size of job updated: 765868
	748  -  MemoryUsage of job (MB)
	765868  -  ResidentSetSize of job (KB)
...
006 (78854907.101.000) 2026-10-04 01:49:15 Image size of job updated: 774724
	757  -  MemoryUsage of job (MB)
	774724  -  ResidentSetSize of job (KB)
...
006 (78854907.101.000) 2026-10-04 01:59:16 Image size of job updated: 778288
	760  -  MemoryUsage of job (MB)
	777268  -  ResidentSetSize of job (KB)
...
006 (78854907.101.000) 2026-10-04 02:09:18 Image size of job updated: 781352
	763  -  MemoryUsage of job (MB)
	780328  -  ResidentSetSize of job (KB)
...
006 (78854907.101.000) 2026-10-04 02:49:21 Image size of job updated: 781352
	763  -  MemoryUsage of job (MB)
	780520  -  ResidentSetSize of job (KB)
...
006 (78854907.101.000) 2026-10-04 03:49:26 Image size of job updated: 781352
	763  -  MemoryUsage of job (MB)
	780524  -  ResidentSetSize of job (KB)
...
006 (78854907.101.000) 2026-10-04 04:04:28 Image size of job updated: 781352
	763  -  MemoryUsage of job (MB)
	780528  -  ResidentSetSize of job (KB)
...
006 (78854907.101.000) 2026-10-04 04:09:29 Image size of job updated: 781352
	763  -  MemoryUsage of job (MB)
	780532  -  ResidentSetSize of job (KB)
...
006 (78854907.101.000) 2026-10-04 04:14:30 Image size of job updated: 781352
	763  -  MemoryUsage of job (MB)
	780560  -  ResidentSetSize of job (KB)
...
006 (78854907.101.000) 2026-10-04 04:24:31 Image size of job updated: 781352
	763  -  MemoryUsage of job (MB)
	780564  -  ResidentSetSize of job (KB)
...
006 (78854907.101.000) 2026-10-04 04:34:32 Image size of job updated: 781352
	763  -  MemoryUsage of job (MB)
	780644  -  ResidentSetSize of job (KB)
...
006 (78854907.101.000) 2026-10-04 04:44:34 Image size of job updated: 781560
	764  -  MemoryUsage of job (MB)
	781560  -  ResidentSetSize of job (KB)
...
006 (78854907.101.000) 2026-10-04 05:04:35 Image size of job updated: 781600
	764  -  MemoryUsage of job (MB)
	781600  -  ResidentSetSize of job (KB)
...
006 (78854907.101.000) 2026-10-04 05:14:36 Image size of job updated: 782568
	765  -  MemoryUsage of job (MB)
	782568  -  ResidentSetSize of job (KB)
...
006 (78854907.101.000) 2026-10-04 05:34:37 Image size of job updated: 788156
	770  -  MemoryUsage of job (MB)
	788156  -  ResidentSetSize of job (KB)
...
006 (78854907.101.000) 2026-10-04 05:44:38 Image size of job updated: 790252
	772  -  MemoryUsage of job (MB)
	790252  -  ResidentSetSize of job (KB)
...
006 (78854907.101.000) 2026-10-04 06:04:39 Image size of job updated: 790256
	772  -  MemoryUsage of job (MB)
	790256  -  ResidentSetSize of job (KB)
...
006 (78854907.101.000) 2026-10-04 06:19:41 Image size of job updated: 790260
	772  -  MemoryUsage of job (MB)
	790260  -  ResidentSetSize of job (KB)
...
006 (78854907.101.000) 2026-10-04 06:29:42 Image size of job updated: 792276
	774  -  MemoryUsage of job (MB)
	792276  -  ResidentSetSize of job (KB)
...
006 (78854907.101.000) 2026-10-04 06:39:43 Image size of job updated: 792292
	774  -  MemoryUsage of job (MB)
	792276  -  ResidentSetSize of job (KB)
...
006 (78854907.101.000) 2026-10-04 06:49:45 Image size of job updated: 794348
	776  -  MemoryUsage of job (MB)
	794348  -  ResidentSetSize of job (KB)
...
006 (78854907.101.000) 2026-10-04 06:59:46 Image size of job updated: 795356
	777  -  MemoryUsage of job (MB)
	795356  -  ResidentSetSize of job (KB)
...
006 (78854907.101.000) 2026-10-04 07:19:49 Image size of job updated: 796364
	778  -  MemoryUsage of job (MB)
	796364  -  ResidentSetSize of job (KB)
...
006 (78854907.101.000) 2026-10-04 07:39:51 Image size of job updated: 796392
	778  -  MemoryUsage of job (MB)
	796392  -  ResidentSetSize of job (KB)
...
006 (78854907.101.000) 2026-10-04 07:44:51 Image size of job updated: 796396
	778  -  MemoryUsage of job (MB)
	796396  -  ResidentSetSize of job (KB)
...
006 (78854907.101.000) 2026-10-04 07:49:52 Image size of job updated: 797412
	779  -  MemoryUsage of job (MB)
	797412  -  ResidentSetSize of job (KB)
...
006 (78854907.101.000) 2026-10-04 08:09:53 Image size of job updated: 797416
	779  -  MemoryUsage of job (MB)
	797416  -  ResidentSetSize of job (KB)
...
006 (78854907.101.000) 2026-10-04 08:24:54 Image size of job updated: 797424
	779  -  MemoryUsage of job (MB)
	797424  -  ResidentSetSize of job (KB)
...
006 (78854907.101.000) 2026-10-04 08:29:54 Image size of job updated: 799432
	781  -  MemoryUsage of job (MB)
	799432  -  ResidentSetSize of job (KB)
...
006 (78854907.101.000) 2026-10-04 08:34:55 Image size of job updated: 799440
	781  -  MemoryUsage of job (MB)
	799440  -  ResidentSetSize of job (KB)
...
006 (78854907.101.000) 2026-10-04 08:39:55 Image size of job updated: 800448
	781  -  MemoryUsage of job (MB)
	799440  -  ResidentSetSize of job (KB)
...
006 (78854907.101.000) 2026-10-04 08:49:56 Image size of job updated: 803120
	785  -  MemoryUsage of job (MB)
	803120  -  ResidentSetSize of job (KB)
...
006 (78854907.101.000) 2026-10-04 08:54:56 Image size of job updated: 803124
	785  -  MemoryUsage of job (MB)
	803124  -  ResidentSetSize of job (KB)
...
006 (78854907.101.000) 2026-10-04 08:59:56 Image size of job updated: 806148
	788  -  MemoryUsage of job (MB)
	806148  -  ResidentSetSize of job (KB)
...
006 (78854907.101.000) 2026-10-04 09:09:58 Image size of job updated: 806172
	788  -  MemoryUsage of job (MB)
	806172  -  ResidentSetSize of job (KB)
...
006 (78854907.101.000) 2026-10-04 09:25:00 Image size of job updated: 806176
	788  -  MemoryUsage of job (MB)
	806176  -  ResidentSetSize of job (KB)
...
006 (78854907.101.000) 2026-10-04 09:35:01 Image size of job updated: 806180
	788  -  MemoryUsage of job (MB)
	806180  -  ResidentSetSize of job (KB)
...
006 (78854907.101.000) 2026-10-04 09:45:02 Image size of job updated: 807188
	789  -  MemoryUsage of job (MB)
	807188  -  ResidentSetSize of job (KB)
...
006 (78854907.101.000) 2026-10-04 09:55:04 Image size of job updated: 808196
	790  -  MemoryUsage of job (MB)
	808196  -  ResidentSetSize of job (KB)
...
006 (78854907.101.000) 2026-10-04 10:05:05 Image size of job updated: 813224
	795  -  MemoryUsage of job (MB)
	813224  -  ResidentSetSize of job (KB)
...
006 (78854907.101.000) 2026-10-04 10:35:08 Image size of job updated: 813656
	795  -  MemoryUsage of job (MB)
	813656  -  ResidentSetSize of job (KB)
...
006 (78854907.101.000) 2026-10-04 10:40:09 Image size of job updated: 813660
	795  -  MemoryUsage of job (MB)
	813660  -  ResidentSetSize of job (KB)
...
006 (78854907.101.000) 2026-10-04 10:45:09 Image size of job updated: 814668
	796  -  MemoryUsage of job (MB)
	814668  -  ResidentSetSize of job (KB)
...
006 (78854907.101.000) 2026-10-04 11:05:10 Image size of job updated: 815676
	797  -  MemoryUsage of job (MB)
	815676  -  ResidentSetSize of job (KB)
...
006 (78854907.101.000) 2026-10-04 11:10:11 Image size of job updated: 815684
	797  -  MemoryUsage of job (MB)
	815684  -  ResidentSetSize of job (KB)
...
006 (78854907.101.000) 2026-10-04 11:15:11 Image size of job updated: 815688
	797  -  MemoryUsage of job (MB)
	815688  -  ResidentSetSize of job (KB)
...
006 (78854907.101.000) 2026-10-04 11:25:12 Image size of job updated: 816696
	798  -  MemoryUsage of job (MB)
	816696  -  ResidentSetSize of job (KB)
...
006 (78854907.101.000) 2026-10-04 11:30:12 Image size of job updated: 816704
	798  -  MemoryUsage of job (MB)
	816704  -  ResidentSetSize of job (KB)
...
006 (78854907.101.000) 2026-10-04 11:45:13 Image size of job updated: 818720
	800  -  MemoryUsage of job (MB)
	818720  -  ResidentSetSize of job (KB)
...
006 (78854907.101.000) 2026-10-04 12:10:15 Image size of job updated: 819896
	801  -  MemoryUsage of job (MB)
	819896  -  ResidentSetSize of job (KB)
...
006 (78854907.101.000) 2026-10-04 12:20:16 Image size of job updated: 826024
	807  -  MemoryUsage of job (MB)
	826024  -  ResidentSetSize of job (KB)
...
006 (78854907.101.000) 2026-10-04 12:30:17 Image size of job updated: 828040
	809  -  MemoryUsage of job (MB)
	828040  -  ResidentSetSize of job (KB)
...
006 (78854907.101.000) 2026-10-04 13:00:20 Image size of job updated: 828048
	809  -  MemoryUsage of job (MB)
	828048  -  ResidentSetSize of job (KB)
...
006 (78854907.101.000) 2026-10-04 13:10:21 Image size of job updated: 831900
	813  -  MemoryUsage of job (MB)
	831900  -  ResidentSetSize of job (KB)
...
006 (78854907.101.000) 2026-10-04 13:20:22 Image size of job updated: 833916
	814  -  MemoryUsage of job (MB)
	832892  -  ResidentSetSize of job (KB)
...
004 (78854907.101.000) 2026-10-04 13:45:04 Job was evicted. Code 1023 Subcode 0
	(0) CPU times
		Usr 2 04:04:10, Sys 0 00:01:05  -  Run Remote Usage
		Usr 0 00:00:00, Sys 0 00:00:00  -  Run Local Usage
	0  -  Run Bytes Sent By Job
	0  -  Run Bytes Received By Job
	Reason: via condor_rm (by user pratyusava.baral)
	Partitionable Resources :    Usage  Request Allocated 
	   Cpus                 :     4.56        4         4 
	   Disk (KB)            : 25000       25000     28672 
	   GPUs                 :                           0 
	   Memory (MB)          :   814       15000     15104 
	   TimeExecute (s)      : 57982                       
	   TimeSlotBusy (s)     : 57982                       
...
009 (78854907.101.000) 2026-10-04 13:45:04 Job was aborted.
	via condor_rm (by user pratyusava.baral)
...
000 (78855136.101.000) 2026-10-04 13:45:07 Job submitted from host: <10.14.0.121:9618?addrs=10.14.0.121-9618&alias=ldas-pcdev12.ligo.caltech.edu&noUDP&sock=schedd_623140_c9b4>
...
001 (78855136.101.000) 2026-10-04 13:49:18 Job executing on host: <10.14.5.135:9618?addrs=10.14.5.135-9618&alias=node1135.cluster.ldas.cit&noUDP&sock=startd_75000_571a>
	SlotName: slot1_1@node1135.cluster.ldas.cit
	CondorScratchDir = "/var/lib/condor/execute/dir_547044/scratch"
	Cpus = 4
	Disk = 28672
	GPUs = 0
	Memory = 15104
...
006 (78855136.101.000) 2026-10-04 13:49:27 Image size of job updated: 148008
	145  -  MemoryUsage of job (MB)
	148008  -  ResidentSetSize of job (KB)
...
006 (78855136.101.000) 2026-10-04 13:54:28 Image size of job updated: 303028
	296  -  MemoryUsage of job (MB)
	303028  -  ResidentSetSize of job (KB)
...
006 (78855136.101.000) 2026-10-04 13:59:28 Image size of job updated: 475012
	464  -  MemoryUsage of job (MB)
	475012  -  ResidentSetSize of job (KB)
...
006 (78855136.101.000) 2026-10-04 14:04:28 Image size of job updated: 476388
	466  -  MemoryUsage of job (MB)
	476388  -  ResidentSetSize of job (KB)
...
006 (78855136.101.000) 2026-10-04 14:09:29 Image size of job updated: 522140
	508  -  MemoryUsage of job (MB)
	519300  -  ResidentSetSize of job (KB)
...
006 (78855136.101.000) 2026-10-04 14:14:29 Image size of job updated: 522140
	508  -  MemoryUsage of job (MB)
	519444  -  ResidentSetSize of job (KB)
...
006 (78855136.101.000) 2026-10-04 14:19:29 Image size of job updated: 527896
	516  -  MemoryUsage of job (MB)
	527896  -  ResidentSetSize of job (KB)
...
006 (78855136.101.000) 2026-10-04 14:24:30 Image size of job updated: 539116
	527  -  MemoryUsage of job (MB)
	539116  -  ResidentSetSize of job (KB)
...
006 (78855136.101.000) 2026-10-04 14:29:30 Image size of job updated: 541140
	528  -  MemoryUsage of job (MB)
	540152  -  ResidentSetSize of job (KB)
...
006 (78855136.101.000) 2026-10-04 14:34:30 Image size of job updated: 541140
	528  -  MemoryUsage of job (MB)
	540172  -  ResidentSetSize of job (KB)
...
006 (78855136.101.000) 2026-10-04 14:39:31 Image size of job updated: 544288
	530  -  MemoryUsage of job (MB)
	542312  -  ResidentSetSize of job (KB)
...
006 (78855136.101.000) 2026-10-04 14:44:31 Image size of job updated: 544288
	530  -  MemoryUsage of job (MB)
	542364  -  ResidentSetSize of job (KB)
...
006 (78855136.101.000) 2026-10-04 14:49:31 Image size of job updated: 546604
	534  -  MemoryUsage of job (MB)
	546604  -  ResidentSetSize of job (KB)
...
006 (78855136.101.000) 2026-10-04 14:54:32 Image size of job updated: 546628
	534  -  MemoryUsage of job (MB)
	546628  -  ResidentSetSize of job (KB)
...
006 (78855136.101.000) 2026-10-04 14:59:33 Image size of job updated: 549152
	537  -  MemoryUsage of job (MB)
	549152  -  ResidentSetSize of job (KB)
...
006 (78855136.101.000) 2026-10-04 15:04:33 Image size of job updated: 549252
	537  -  MemoryUsage of job (MB)
	549252  -  ResidentSetSize of job (KB)
...
006 (78855136.101.000) 2026-10-04 15:09:34 Image size of job updated: 552348
	539  -  MemoryUsage of job (MB)
	551380  -  ResidentSetSize of job (KB)
...
006 (78855136.101.000) 2026-10-04 15:14:35 Image size of job updated: 552348
	539  -  MemoryUsage of job (MB)
	551504  -  ResidentSetSize of job (KB)
...
006 (78855136.101.000) 2026-10-04 15:19:35 Image size of job updated: 554048
	542  -  MemoryUsage of job (MB)
	554048  -  ResidentSetSize of job (KB)
...
006 (78855136.101.000) 2026-10-04 15:24:36 Image size of job updated: 554060
	542  -  MemoryUsage of job (MB)
	554060  -  ResidentSetSize of job (KB)
...
006 (78855136.101.000) 2026-10-04 15:39:38 Image size of job updated: 556080
	543  -  MemoryUsage of job (MB)
	555088  -  ResidentSetSize of job (KB)
...
006 (78855136.101.000) 2026-10-04 15:44:39 Image size of job updated: 556080
	543  -  MemoryUsage of job (MB)
	555172  -  ResidentSetSize of job (KB)
...
006 (78855136.101.000) 2026-10-04 15:49:39 Image size of job updated: 556080
	543  -  MemoryUsage of job (MB)
	555796  -  ResidentSetSize of job (KB)
...
006 (78855136.101.000) 2026-10-04 15:54:40 Image size of job updated: 556080
	543  -  MemoryUsage of job (MB)
	555812  -  ResidentSetSize of job (KB)
...
006 (78855136.101.000) 2026-10-04 15:59:41 Image size of job updated: 557768
	545  -  MemoryUsage of job (MB)
	557756  -  ResidentSetSize of job (KB)
...
006 (78855136.101.000) 2026-10-04 16:09:20 Image size of job updated: 557812
	545  -  MemoryUsage of job (MB)
	557812  -  ResidentSetSize of job (KB)
...
006 (78855136.101.000) 2026-10-04 16:23:17 Image size of job updated: 560536
	547  -  MemoryUsage of job (MB)
	559552  -  ResidentSetSize of job (KB)
...
022 (78855136.101.000) 2026-10-04 16:30:37 Job disconnected, attempting to reconnect
    Socket between submit and execute hosts closed unexpectedly
    Trying to reconnect to slot1_1@node1135.cluster.ldas.cit <10.14.5.135:9618?addrs=10.14.5.135-9618&alias=node1135.cluster.ldas.cit&noUDP&sock=startd_75000_571a>
...
023 (78855136.101.000) 2026-10-04 16:30:37 Job reconnected to slot1_1@node1135.cluster.ldas.cit
    startd address: <10.14.5.135:9618?addrs=10.14.5.135-9618&alias=node1135.cluster.ldas.cit&noUDP&sock=startd_75000_571a>
    starter address: <10.14.5.135:9618?addrs=10.14.5.135-9618&alias=node1135.cluster.ldas.cit&noUDP&sock=slot1_1_75040_37e5_6925>
...
006 (78855136.101.000) 2026-10-04 16:34:27 Image size of job updated: 560560
	547  -  MemoryUsage of job (MB)
	559564  -  ResidentSetSize of job (KB)
...
006 (78855136.101.000) 2026-10-04 16:41:10 Image size of job updated: 563204
	547  -  MemoryUsage of job (MB)
	559564  -  ResidentSetSize of job (KB)
...
006 (78855136.101.000) 2026-10-04 16:46:10 Image size of job updated: 563204
	547  -  MemoryUsage of job (MB)
	559600  -  ResidentSetSize of job (KB)
...
006 (78855136.101.000) 2026-10-04 17:01:12 Image size of job updated: 563204
	549  -  MemoryUsage of job (MB)
	561340  -  ResidentSetSize of job (KB)
...
006 (78855136.101.000) 2026-10-04 17:06:12 Image size of job updated: 563204
	549  -  MemoryUsage of job (MB)
	561356  -  ResidentSetSize of job (KB)
...
006 (78855136.101.000) 2026-10-04 17:11:13 Image size of job updated: 563204
	550  -  MemoryUsage of job (MB)
	562892  -  ResidentSetSize of job (KB)
...
006 (78855136.101.000) 2026-10-04 17:16:13 Image size of job updated: 563204
	550  -  MemoryUsage of job (MB)
	562896  -  ResidentSetSize of job (KB)
...
006 (78855136.101.000) 2026-10-04 17:21:13 Image size of job updated: 565120
	552  -  MemoryUsage of job (MB)
	565120  -  ResidentSetSize of job (KB)
...
006 (78855136.101.000) 2026-10-04 17:26:14 Image size of job updated: 565160
	552  -  MemoryUsage of job (MB)
	565160  -  ResidentSetSize of job (KB)
...
006 (78855136.101.000) 2026-10-04 17:31:14 Image size of job updated: 578108
	565  -  MemoryUsage of job (MB)
	578108  -  ResidentSetSize of job (KB)
...
006 (78855136.101.000) 2026-10-04 17:36:14 Image size of job updated: 578128
	565  -  MemoryUsage of job (MB)
	578128  -  ResidentSetSize of job (KB)
...
006 (78855136.101.000) 2026-10-04 17:41:15 Image size of job updated: 578692
	565  -  MemoryUsage of job (MB)
	578200  -  ResidentSetSize of job (KB)
...
006 (78855136.101.000) 2026-10-04 17:46:15 Image size of job updated: 578692
	565  -  MemoryUsage of job (MB)
	578208  -  ResidentSetSize of job (KB)
...
006 (78855136.101.000) 2026-10-04 17:51:15 Image size of job updated: 578692
	565  -  MemoryUsage of job (MB)
	578260  -  ResidentSetSize of job (KB)
...
006 (78855136.101.000) 2026-10-04 17:56:16 Image size of job updated: 580740
	568  -  MemoryUsage of job (MB)
	580740  -  ResidentSetSize of job (KB)
...
006 (78855136.101.000) 2026-10-04 18:01:16 Image size of job updated: 580752
	568  -  MemoryUsage of job (MB)
	580752  -  ResidentSetSize of job (KB)
...
006 (78855136.101.000) 2026-10-04 18:06:16 Image size of job updated: 581608
	568  -  MemoryUsage of job (MB)
	580752  -  ResidentSetSize of job (KB)
...
006 (78855136.101.000) 2026-10-04 18:16:17 Image size of job updated: 582408
	568  -  MemoryUsage of job (MB)
	581260  -  ResidentSetSize of job (KB)
...
006 (78855136.101.000) 2026-10-04 18:21:17 Image size of job updated: 582408
	568  -  MemoryUsage of job (MB)
	581264  -  ResidentSetSize of job (KB)
...
006 (78855136.101.000) 2026-10-04 18:26:18 Image size of job updated: 582948
	570  -  MemoryUsage of job (MB)
	582948  -  ResidentSetSize of job (KB)
...
006 (78855136.101.000) 2026-10-04 18:31:19 Image size of job updated: 583480
	570  -  MemoryUsage of job (MB)
	583480  -  ResidentSetSize of job (KB)
...
006 (78855136.101.000) 2026-10-04 18:36:19 Image size of job updated: 585884
	573  -  MemoryUsage of job (MB)
	585884  -  ResidentSetSize of job (KB)
...
006 (78855136.101.000) 2026-10-04 18:41:20 Image size of job updated: 585948
	573  -  MemoryUsage of job (MB)
	585948  -  ResidentSetSize of job (KB)
...
006 (78855136.101.000) 2026-10-04 18:46:21 Image size of job updated: 586696
	573  -  MemoryUsage of job (MB)
	585948  -  ResidentSetSize of job (KB)
...
006 (78855136.101.000) 2026-10-04 18:56:22 Image size of job updated: 587588
	573  -  MemoryUsage of job (MB)
	586552  -  ResidentSetSize of job (KB)
...
006 (78855136.101.000) 2026-10-04 19:01:23 Image size of job updated: 587588
	573  -  MemoryUsage of job (MB)
	586648  -  ResidentSetSize of job (KB)
...
006 (78855136.101.000) 2026-10-04 19:06:23 Image size of job updated: 590088
	576  -  MemoryUsage of job (MB)
	589808  -  ResidentSetSize of job (KB)
...
006 (78855136.101.000) 2026-10-04 19:36:27 Image size of job updated: 591616
	577  -  MemoryUsage of job (MB)
	590592  -  ResidentSetSize of job (KB)
...
006 (78855136.101.000) 2026-10-04 19:46:29 Image size of job updated: 592084
	577  -  MemoryUsage of job (MB)
	590592  -  ResidentSetSize of job (KB)
...
006 (78855136.101.000) 2026-10-04 20:16:32 Image size of job updated: 595212
	577  -  MemoryUsage of job (MB)
	590592  -  ResidentSetSize of job (KB)
...
006 (78855136.101.000) 2026-10-04 20:26:32 Image size of job updated: 595772
	582  -  MemoryUsage of job (MB)
	595340  -  ResidentSetSize of job (KB)
...
006 (78855136.101.000) 2026-10-04 20:31:33 Image size of job updated: 595772
	582  -  MemoryUsage of job (MB)
	595344  -  ResidentSetSize of job (KB)
...
006 (78855136.101.000) 2026-10-04 20:36:33 Image size of job updated: 597104
	582  -  MemoryUsage of job (MB)
	595344  -  ResidentSetSize of job (KB)
...
006 (78855136.101.000) 2026-10-04 20:46:34 Image size of job updated: 597736
	584  -  MemoryUsage of job (MB)
	597736  -  ResidentSetSize of job (KB)
...
006 (78855136.101.000) 2026-10-04 20:51:34 Image size of job updated: 597880
	584  -  MemoryUsage of job (MB)
	597880  -  ResidentSetSize of job (KB)
...
006 (78855136.101.000) 2026-10-04 20:56:34 Image size of job updated: 598928
	585  -  MemoryUsage of job (MB)
	598928  -  ResidentSetSize of job (KB)
...
006 (78855136.101.000) 2026-10-04 21:11:35 Image size of job updated: 599844
	586  -  MemoryUsage of job (MB)
	599844  -  ResidentSetSize of job (KB)
...
006 (78855136.101.000) 2026-10-04 21:16:36 Image size of job updated: 599848
	586  -  MemoryUsage of job (MB)
	599848  -  ResidentSetSize of job (KB)
...
006 (78855136.101.000) 2026-10-04 21:21:36 Image size of job updated: 602400
	588  -  MemoryUsage of job (MB)
	601376  -  ResidentSetSize of job (KB)
...
006 (78855136.101.000) 2026-10-04 21:26:36 Image size of job updated: 602400
	588  -  MemoryUsage of job (MB)
	602004  -  ResidentSetSize of job (KB)
...
006 (78855136.101.000) 2026-10-04 21:31:37 Image size of job updated: 602984
	588  -  MemoryUsage of job (MB)
	602004  -  ResidentSetSize of job (KB)
...
006 (78855136.101.000) 2026-10-04 21:41:37 Image size of job updated: 603572
	590  -  MemoryUsage of job (MB)
	603572  -  ResidentSetSize of job (KB)
...
006 (78855136.101.000) 2026-10-04 21:51:39 Image size of job updated: 604040
	590  -  MemoryUsage of job (MB)
	603572  -  ResidentSetSize of job (KB)
...
006 (78855136.101.000) 2026-10-04 22:01:40 Image size of job updated: 604672
	590  -  MemoryUsage of job (MB)
	603652  -  ResidentSetSize of job (KB)
...
006 (78855136.101.000) 2026-10-04 22:11:41 Image size of job updated: 605292
	592  -  MemoryUsage of job (MB)
	605292  -  ResidentSetSize of job (KB)
...
006 (78855136.101.000) 2026-10-04 22:21:43 Image size of job updated: 606120
	592  -  MemoryUsage of job (MB)
	605292  -  ResidentSetSize of job (KB)
...
006 (78855136.101.000) 2026-10-04 22:31:44 Image size of job updated: 606688
	592  -  MemoryUsage of job (MB)
	605292  -  ResidentSetSize of job (KB)
...
006 (78855136.101.000) 2026-10-04 22:51:47 Image size of job updated: 607244
	594  -  MemoryUsage of job (MB)
	607244  -  ResidentSetSize of job (KB)
...
006 (78855136.101.000) 2026-10-04 23:01:48 Image size of job updated: 609204
	594  -  MemoryUsage of job (MB)
	608180  -  ResidentSetSize of job (KB)
...
006 (78855136.101.000) 2026-10-04 23:06:49 Image size of job updated: 609204
	594  -  MemoryUsage of job (MB)
	608184  -  ResidentSetSize of job (KB)
...
006 (78855136.101.000) 2026-10-04 23:11:49 Image size of job updated: 609704
	595  -  MemoryUsage of job (MB)
	608696  -  ResidentSetSize of job (KB)
...
006 (78855136.101.000) 2026-10-04 23:16:50 Image size of job updated: 609704
	595  -  MemoryUsage of job (MB)
	608700  -  ResidentSetSize of job (KB)
...
006 (78855136.101.000) 2026-10-04 23:21:51 Image size of job updated: 610304
	596  -  MemoryUsage of job (MB)
	609408  -  ResidentSetSize of job (KB)
...
006 (78855136.101.000) 2026-10-04 23:36:52 Image size of job updated: 610304
	596  -  MemoryUsage of job (MB)
	610088  -  ResidentSetSize of job (KB)
...
006 (78855136.101.000) 2026-10-04 23:41:52 Image size of job updated: 610304
	596  -  MemoryUsage of job (MB)
	610092  -  ResidentSetSize of job (KB)
...
006 (78855136.101.000) 2026-10-04 23:46:52 Image size of job updated: 612332
	598  -  MemoryUsage of job (MB)
	612332  -  ResidentSetSize of job (KB)
...
006 (78855136.101.000) 2026-10-04 23:51:53 Image size of job updated: 612368
	599  -  MemoryUsage of job (MB)
	612368  -  ResidentSetSize of job (KB)
...
006 (78855136.101.000) 2026-10-05 00:16:54 Image size of job updated: 614180
	599  -  MemoryUsage of job (MB)
	612368  -  ResidentSetSize of job (KB)
...
006 (78855136.101.000) 2026-10-05 00:21:55 Image size of job updated: 614180
	599  -  MemoryUsage of job (MB)
	612384  -  ResidentSetSize of job (KB)
...
006 (78855136.101.000) 2026-10-05 00:26:55 Image size of job updated: 614512
	601  -  MemoryUsage of job (MB)
	614512  -  ResidentSetSize of job (KB)
...
006 (78855136.101.000) 2026-10-05 00:31:55 Image size of job updated: 614516
	601  -  MemoryUsage of job (MB)
	614516  -  ResidentSetSize of job (KB)
...
006 (78855136.101.000) 2026-10-05 00:36:56 Image size of job updated: 616108
	601  -  MemoryUsage of job (MB)
	615096  -  ResidentSetSize of job (KB)
...
006 (78855136.101.000) 2026-10-05 00:41:56 Image size of job updated: 616108
	601  -  MemoryUsage of job (MB)
	615100  -  ResidentSetSize of job (KB)
...
006 (78855136.101.000) 2026-10-05 00:46:56 Image size of job updated: 617764
	601  -  MemoryUsage of job (MB)
	615100  -  ResidentSetSize of job (KB)
...
006 (78855136.101.000) 2026-10-05 00:56:58 Image size of job updated: 617764
	602  -  MemoryUsage of job (MB)
	615440  -  ResidentSetSize of job (KB)
...
006 (78855136.101.000) 2026-10-05 01:01:58 Image size of job updated: 617764
	602  -  MemoryUsage of job (MB)
	615444  -  ResidentSetSize of job (KB)
...
006 (78855136.101.000) 2026-10-05 01:06:59 Image size of job updated: 618288
	603  -  MemoryUsage of job (MB)
	617268  -  ResidentSetSize of job (KB)
...
006 (78855136.101.000) 2026-10-05 01:12:00 Image size of job updated: 618288
	603  -  MemoryUsage of job (MB)
	617288  -  ResidentSetSize of job (KB)
...
006 (78855136.101.000) 2026-10-05 01:17:00 Image size of job updated: 618840
	603  -  MemoryUsage of job (MB)
	617288  -  ResidentSetSize of job (KB)
...
006 (78855136.101.000) 2026-10-05 01:27:02 Image size of job updated: 620288
	604  -  MemoryUsage of job (MB)
	618252  -  ResidentSetSize of job (KB)
...
006 (78855136.101.000) 2026-10-05 01:32:02 Image size of job updated: 620288
	604  -  MemoryUsage of job (MB)
	618264  -  ResidentSetSize of job (KB)
...
006 (78855136.101.000) 2026-10-05 01:47:04 Image size of job updated: 621008
	604  -  MemoryUsage of job (MB)
	618264  -  ResidentSetSize of job (KB)
...
006 (78855136.101.000) 2026-10-05 01:52:05 Image size of job updated: 621008
	605  -  MemoryUsage of job (MB)
	619012  -  ResidentSetSize of job (KB)
...
006 (78855136.101.000) 2026-10-05 01:57:06 Image size of job updated: 624148
	610  -  MemoryUsage of job (MB)
	624148  -  ResidentSetSize of job (KB)
...
006 (78855136.101.000) 2026-10-05 02:02:06 Image size of job updated: 624172
	610  -  MemoryUsage of job (MB)
	624172  -  ResidentSetSize of job (KB)
...
006 (78855136.101.000) 2026-10-05 02:07:07 Image size of job updated: 627152
	612  -  MemoryUsage of job (MB)
	626272  -  ResidentSetSize of job (KB)
...
006 (78855136.101.000) 2026-10-05 02:12:08 Image size of job updated: 627152
	612  -  MemoryUsage of job (MB)
	626344  -  ResidentSetSize of job (KB)
...
006 (78855136.101.000) 2026-10-05 02:17:08 Image size of job updated: 628220
	614  -  MemoryUsage of job (MB)
	628220  -  ResidentSetSize of job (KB)
...
006 (78855136.101.000) 2026-10-05 02:22:09 Image size of job updated: 628236
	614  -  MemoryUsage of job (MB)
	628236  -  ResidentSetSize of job (KB)
...
006 (78855136.101.000) 2026-10-05 02:27:10 Image size of job updated: 630364
	615  -  MemoryUsage of job (MB)
	629340  -  ResidentSetSize of job (KB)
...
006 (78855136.101.000) 2026-10-05 02:32:10 Image size of job updated: 630364
	615  -  MemoryUsage of job (MB)
	629348  -  ResidentSetSize of job (KB)
...
006 (78855136.101.000) 2026-10-05 02:37:11 Image size of job updated: 630388
	616  -  MemoryUsage of job (MB)
	630388  -  ResidentSetSize of job (KB)
...
006 (78855136.101.000) 2026-10-05 02:52:13 Image size of job updated: 631048
	616  -  MemoryUsage of job (MB)
	630388  -  ResidentSetSize of job (KB)
...
006 (78855136.101.000) 2026-10-05 03:02:14 Image size of job updated: 631968
	616  -  MemoryUsage of job (MB)
	630388  -  ResidentSetSize of job (KB)
...
006 (78855136.101.000) 2026-10-05 03:12:16 Image size of job updated: 631968
	617  -  MemoryUsage of job (MB)
	630868  -  ResidentSetSize of job (KB)
...
006 (78855136.101.000) 2026-10-05 03:17:16 Image size of job updated: 631968
	617  -  MemoryUsage of job (MB)
	630912  -  ResidentSetSize of job (KB)
...
006 (78855136.101.000) 2026-10-05 03:22:16 Image size of job updated: 633704
	619  -  MemoryUsage of job (MB)
	633704  -  ResidentSetSize of job (KB)
...
006 (78855136.101.000) 2026-10-05 03:27:17 Image size of job updated: 633828
	619  -  MemoryUsage of job (MB)
	633828  -  ResidentSetSize of job (KB)
...
006 (78855136.101.000) 2026-10-05 03:32:17 Image size of job updated: 634352
	619  -  MemoryUsage of job (MB)
	633828  -  ResidentSetSize of job (KB)
...
006 (78855136.101.000) 2026-10-05 03:42:18 Image size of job updated: 636676
	619  -  MemoryUsage of job (MB)
	633828  -  ResidentSetSize of job (KB)
...
006 (78855136.101.000) 2026-10-05 03:52:18 Image size of job updated: 636676
	621  -  MemoryUsage of job (MB)
	635160  -  ResidentSetSize of job (KB)
...
006 (78855136.101.000) 2026-10-05 03:57:19 Image size of job updated: 636676
	621  -  MemoryUsage of job (MB)
	635188  -  ResidentSetSize of job (KB)
...
006 (78855136.101.000) 2026-10-05 04:02:19 Image size of job updated: 636740
	622  -  MemoryUsage of job (MB)
	636740  -  ResidentSetSize of job (KB)
...
006 (78855136.101.000) 2026-10-05 04:07:19 Image size of job updated: 636748
	622  -  MemoryUsage of job (MB)
	636748  -  ResidentSetSize of job (KB)
...
006 (78855136.101.000) 2026-10-05 04:12:20 Image size of job updated: 638056
	623  -  MemoryUsage of job (MB)
	637028  -  ResidentSetSize of job (KB)
...
006 (78855136.101.000) 2026-10-05 04:32:21 Image size of job updated: 641320
	627  -  MemoryUsage of job (MB)
	641320  -  ResidentSetSize of job (KB)
...
006 (78855136.101.000) 2026-10-05 04:37:21 Image size of job updated: 641344
	627  -  MemoryUsage of job (MB)
	641344  -  ResidentSetSize of job (KB)
...
006 (78855136.101.000) 2026-10-05 04:42:22 Image size of job updated: 645484
	627  -  MemoryUsage of job (MB)
	641344  -  ResidentSetSize of job (KB)
...
006 (78855136.101.000) 2026-10-05 04:52:22 Image size of job updated: 646560
	632  -  MemoryUsage of job (MB)
	646560  -  ResidentSetSize of job (KB)
...
006 (78855136.101.000) 2026-10-05 04:57:24 Image size of job updated: 646616
	632  -  MemoryUsage of job (MB)
	646616  -  ResidentSetSize of job (KB)
...
006 (78855136.101.000) 2026-10-05 05:02:24 Image size of job updated: 648468
	632  -  MemoryUsage of job (MB)
	646616  -  ResidentSetSize of job (KB)
...
006 (78855136.101.000) 2026-10-05 05:22:26 Image size of job updated: 648468
	632  -  MemoryUsage of job (MB)
	646940  -  ResidentSetSize of job (KB)
...
006 (78855136.101.000) 2026-10-05 05:47:30 Image size of job updated: 688212
	633  -  MemoryUsage of job (MB)
	647592  -  ResidentSetSize of job (KB)
...
006 (78855136.101.000) 2026-10-05 05:52:30 Image size of job updated: 688212
	634  -  MemoryUsage of job (MB)
	648484  -  ResidentSetSize of job (KB)
...
006 (78855136.101.000) 2026-10-05 05:57:31 Image size of job updated: 701844
	634  -  MemoryUsage of job (MB)
	648484  -  ResidentSetSize of job (KB)
...
006 (78855136.101.000) 2026-10-05 06:07:32 Image size of job updated: 701844
	636  -  MemoryUsage of job (MB)
	650324  -  ResidentSetSize of job (KB)
...
006 (78855136.101.000) 2026-10-05 06:12:33 Image size of job updated: 701844
	636  -  MemoryUsage of job (MB)
	650440  -  ResidentSetSize of job (KB)
...
006 (78855136.101.000) 2026-10-05 06:27:35 Image size of job updated: 701844
	637  -  MemoryUsage of job (MB)
	651964  -  ResidentSetSize of job (KB)
...
006 (78855136.101.000) 2026-10-05 06:32:36 Image size of job updated: 701844
	637  -  MemoryUsage of job (MB)
	651976  -  ResidentSetSize of job (KB)
...
006 (78855136.101.000) 2026-10-05 06:37:36 Image size of job updated: 701844
	640  -  MemoryUsage of job (MB)
	654948  -  ResidentSetSize of job (KB)
...
006 (78855136.101.000) 2026-10-05 06:42:36 Image size of job updated: 701844
	640  -  MemoryUsage of job (MB)
	654964  -  ResidentSetSize of job (KB)
...
006 (78855136.101.000) 2026-10-05 08:01:08 Image size of job updated: 757988
	640  -  MemoryUsage of job (MB)
	654964  -  ResidentSetSize of job (KB)
...
005 (78855136.101.000) 2026-10-05 08:01:08 Job terminated.
	(1) Normal termination (return value 0)
		Usr 2 15:32:52, Sys 0 00:02:58  -  Run Remote Usage
		Usr 0 00:00:00, Sys 0 00:00:00  -  Run Local Usage
		Usr 2 15:32:52, Sys 0 00:02:58  -  Total Remote Usage
		Usr 0 00:00:00, Sys 0 00:00:00  -  Total Local Usage
	0  -  Run Bytes Sent By Job
	0  -  Run Bytes Received By Job
	0  -  Total Bytes Sent By Job
	0  -  Total Bytes Received By Job
	Partitionable Resources :    Usage  Request Allocated 
	   Cpus                 :     3.50        4         4 
	   Disk (KB)            : 25000       25000     28672 
	   GPUs                 :                           0 
	   Memory (MB)          :   640       15000     15104 
	   TimeExecute (s)      : 65510                       
	   TimeSlotBusy (s)     : 65510                       
...
