000 (78852668.014.000) 2026-10-01 10:44:08 Job submitted from host: <10.14.0.121:9618?addrs=10.14.0.121-9618&alias=ldas-pcdev12.ligo.caltech.edu&noUDP&sock=schedd_623140_c9b4>
...
001 (78852668.014.000) 2026-10-01 10:47:07 Job executing on host: <10.14.9.88:9618?addrs=10.14.9.88-9618&alias=node2088.cluster.ldas.cit&noUDP&sock=startd_563128_8c28>
	SlotName: slot1_11@node2088.cluster.ldas.cit
	CondorScratchDir = "/var/lib/condor/execute/dir_884673/scratch"
	Cpus = 4
	Disk = 28672
	GPUs = 0
	Memory = 15104
...
006 (78852668.014.000) 2026-10-01 10:47:16 Image size of job updated: 476772
	466  -  MemoryUsage of job (MB)
	476772  -  ResidentSetSize of job (KB)
...
006 (78852668.014.000) 2026-10-01 10:52:17 Image size of job updated: 742328
	725  -  MemoryUsage of job (MB)
	742328  -  ResidentSetSize of job (KB)
...
006 (78852668.014.000) 2026-10-01 10:57:17 Image size of job updated: 751632
	735  -  MemoryUsage of job (MB)
	751632  -  ResidentSetSize of job (KB)
...
006 (78852668.014.000) 2026-10-01 11:02:17 Image size of job updated: 752384
	735  -  MemoryUsage of job (MB)
	752384  -  ResidentSetSize of job (KB)
...
006 (78852668.014.000) 2026-10-01 11:07:18 Image size of job updated: 847560
	828  -  MemoryUsage of job (MB)
	847560  -  ResidentSetSize of job (KB)
...
006 (78852668.014.000) 2026-10-01 11:12:19 Image size of job updated: 848292
	829  -  MemoryUsage of job (MB)
	848292  -  ResidentSetSize of job (KB)
...
006 (78852668.014.000) 2026-10-01 11:17:19 Image size of job updated: 865404
	846  -  MemoryUsage of job (MB)
	865404  -  ResidentSetSize of job (KB)
...
006 (78852668.014.000) 2026-10-01 11:22:20 Image size of job updated: 865652
	846  -  MemoryUsage of job (MB)
	865652  -  ResidentSetSize of job (KB)
...
006 (78852668.014.000) 2026-10-01 11:27:21 Image size of job updated: 872660
	853  -  MemoryUsage of job (MB)
	872660  -  ResidentSetSize of job (KB)
...
006 (78852668.014.000) 2026-10-01 11:32:21 Image size of job updated: 872688
	853  -  MemoryUsage of job (MB)
	872688  -  ResidentSetSize of job (KB)
...
006 (78852668.014.000) 2026-10-01 11:37:21 Image size of job updated: 873452
	853  -  MemoryUsage of job (MB)
	873452  -  ResidentSetSize of job (KB)
...
006 (78852668.014.000) 2026-10-01 11:42:22 Image size of job updated: 873460
	853  -  MemoryUsage of job (MB)
	873460  -  ResidentSetSize of job (KB)
...
006 (78852668.014.000) 2026-10-01 11:47:22 Image size of job updated: 879492
	859  -  MemoryUsage of job (MB)
	879492  -  ResidentSetSize of job (KB)
...
006 (78852668.014.000) 2026-10-01 11:52:22 Image size of job updated: 879508
	859  -  MemoryUsage of job (MB)
	879508  -  ResidentSetSize of job (KB)
...
006 (78852668.014.000) 2026-10-01 11:57:23 Image size of job updated: 880660
	861  -  MemoryUsage of job (MB)
	880660  -  ResidentSetSize of job (KB)
...
006 (78852668.014.000) 2026-10-01 12:07:23 Image size of job updated: 897848
	877  -  MemoryUsage of job (MB)
	897848  -  ResidentSetSize of job (KB)
...
006 (78852668.014.000) 2026-10-01 12:12:24 Image size of job updated: 897852
	877  -  MemoryUsage of job (MB)
	897852  -  ResidentSetSize of job (KB)
...
006 (78852668.014.000) 2026-10-01 12:17:25 Image size of job updated: 910260
	889  -  MemoryUsage of job (MB)
	909548  -  ResidentSetSize of job (KB)
...
006 (78852668.014.000) 2026-10-01 12:37:27 Image size of job updated: 913656
	893  -  MemoryUsage of job (MB)
	913656  -  ResidentSetSize of job (KB)
...
006 (78852668.014.000) 2026-10-01 12:42:27 Image size of job updated: 955868
	934  -  MemoryUsage of job (MB)
	955868  -  ResidentSetSize of job (KB)
...
006 (78852668.014.000) 2026-10-01 12:47:28 Image size of job updated: 971024
	949  -  MemoryUsage of job (MB)
	971024  -  ResidentSetSize of job (KB)
...
006 (78852668.014.000) 2026-10-01 12:52:28 Image size of job updated: 971040
	949  -  MemoryUsage of job (MB)
	971040  -  ResidentSetSize of job (KB)
...
006 (78852668.014.000) 2026-10-01 12:57:28 Image size of job updated: 971044
	949  -  MemoryUsage of job (MB)
	971044  -  ResidentSetSize of job (KB)
...
006 (78852668.014.000) 2026-10-01 13:02:29 Image size of job updated: 1038496
	1015  -  MemoryUsage of job (MB)
	1038496  -  ResidentSetSize of job (KB)
...
006 (78852668.014.000) 2026-10-01 13:07:29 Image size of job updated: 1093660
	1069  -  MemoryUsage of job (MB)
	1093660  -  ResidentSetSize of job (KB)
...
006 (78852668.014.000) 2026-10-01 13:12:29 Image size of job updated: 1110028
	1085  -  MemoryUsage of job (MB)
	1110028  -  ResidentSetSize of job (KB)
...
006 (78852668.014.000) 2026-10-01 13:17:30 Image size of job updated: 1173084
	1146  -  MemoryUsage of job (MB)
	1173084  -  ResidentSetSize of job (KB)
...
006 (78852668.014.000) 2026-10-01 13:22:31 Image size of job updated: 1181776
	1155  -  MemoryUsage of job (MB)
	1181776  -  ResidentSetSize of job (KB)
...
006 (78852668.014.000) 2026-10-01 13:27:31 Image size of job updated: 1183824
	1157  -  MemoryUsage of job (MB)
	1183824  -  ResidentSetSize of job (KB)
...
006 (78852668.014.000) 2026-10-01 13:42:33 Image size of job updated: 1184852
	1158  -  MemoryUsage of job (MB)
	1184852  -  ResidentSetSize of job (KB)
...
006 (78852668.014.000) 2026-10-01 13:52:34 Image size of job updated: 1184856
	1158  -  MemoryUsage of job (MB)
	1184856  -  ResidentSetSize of job (KB)
...
006 (78852668.014.000) 2026-10-01 14:12:36 Image size of job updated: 1185880
	1159  -  MemoryUsage of job (MB)
	1185880  -  ResidentSetSize of job (KB)
...
006 (78852668.014.000) 2026-10-01 14:22:37 Image size of job updated: 1185888
	1159  -  MemoryUsage of job (MB)
	1185888  -  ResidentSetSize of job (KB)
...
006 (78852668.014.000) 2026-10-01 14:42:39 Image size of job updated: 1185896
	1159  -  MemoryUsage of job (MB)
	1185896  -  ResidentSetSize of job (KB)
...
006 (78852668.014.000) 2026-10-01 15:22:42 Image size of job updated: 1186920
	1160  -  MemoryUsage of job (MB)
	1186920  -  ResidentSetSize of job (KB)
...
006 (78852668.014.000) 2026-10-01 15:57:45 Image size of job updated: 1187944
	1161  -  MemoryUsage of job (MB)
	1187944  -  ResidentSetSize of job (KB)
...
006 (78852668.014.000) 2026-10-01 16:37:50 Image size of job updated: 1188968
	1161  -  MemoryUsage of job (MB)
	1187944  -  ResidentSetSize of job (KB)
...
006 (78852668.014.000) 2026-10-01 16:47:50 Image size of job updated: 1188968
	1161  -  MemoryUsage of job (MB)
	1187948  -  ResidentSetSize of job (KB)
...
006 (78852668.014.000) 2026-10-01 17:17:53 Image size of job updated: 1188968
	1161  -  MemoryUsage of job (MB)
	1187952  -  ResidentSetSize of job (KB)
...
006 (78852668.014.000) 2026-10-01 17:52:57 Image size of job updated: 1188968
	1161  -  MemoryUsage of job (MB)
	1187956  -  ResidentSetSize of job (KB)
...
006 (78852668.014.000) 2026-10-01 18:12:59 Image size of job updated: 1188980
	1162  -  MemoryUsage of job (MB)
	1188980  -  ResidentSetSize of job (KB)
...
006 (78852668.014.000) 2026-10-01 18:53:03 Image size of job updated: 1188992
	1162  -  MemoryUsage of job (MB)
	1188992  -  ResidentSetSize of job (KB)
...
006 (78852668.014.000) 2026-10-01 22:03:22 Image size of job updated: 1190628
	1163  -  MemoryUsage of job (MB)
	1190628  -  ResidentSetSize of job (KB)
...
006 (78852668.014.000) 2026-10-01 22:13:23 Image size of job updated: 1191040
	1164  -  MemoryUsage of job (MB)
	1191040  -  ResidentSetSize of job (KB)
...
006 (78852668.014.000) 2026-10-01 22:33:26 Image size of job updated: 1196068
	1169  -  MemoryUsage of job (MB)
	1196068  -  ResidentSetSize of job (KB)
...
006 (78852668.014.000) 2026-10-01 22:38:26 Image size of job updated: 1196084
	1169  -  MemoryUsage of job (MB)
	1196084  -  ResidentSetSize of job (KB)
...
006 (78852668.014.000) 2026-10-02 00:13:36 Image size of job updated: 1196208
	1169  -  MemoryUsage of job (MB)
	1196208  -  ResidentSetSize of job (KB)
...
006 (78852668.014.000) 2026-10-02 00:33:38 Image size of job updated: 1196288
	1169  -  MemoryUsage of job (MB)
	1196288  -  ResidentSetSize of job (KB)
...
006 (78852668.014.000) 2026-10-02 00:43:40 Image size of job updated: 1197468
	1170  -  MemoryUsage of job (MB)
	1197468  -  ResidentSetSize of job (KB)
...
006 (78852668.014.000) 2026-10-02 01:03:42 Image size of job updated: 1198208
	1171  -  MemoryUsage of job (MB)
	1198208  -  ResidentSetSize of job (KB)
...
006 (78852668.014.000) 2026-10-02 01:28:44 Image size of job updated: 1198216
	1171  -  MemoryUsage of job (MB)
	1198216  -  ResidentSetSize of job (KB)
...
006 (78852668.014.000) 2026-10-02 01:48:46 Image size of job updated: 1199240
	1171  -  MemoryUsage of job (MB)
	1198216  -  ResidentSetSize of job (KB)
...
006 (78852668.014.000) 2026-10-02 01:58:47 Image size of job updated: 1199452
	1172  -  MemoryUsage of job (MB)
	1199452  -  ResidentSetSize of job (KB)
...
006 (78852668.014.000) 2026-10-02 02:08:49 Image size of job updated: 1200264
	1173  -  MemoryUsage of job (MB)
	1200264  -  ResidentSetSize of job (KB)
...
006 (78852668.014.000) 2026-10-02 02:53:53 Image size of job updated: 1201288
	1174  -  MemoryUsage of job (MB)
	1201288  -  ResidentSetSize of job (KB)
...
006 (78852668.014.000) 2026-10-02 03:13:55 Image size of job updated: 1201424
	1174  -  MemoryUsage of job (MB)
	1201424  -  ResidentSetSize of job (KB)
...
006 (78852668.014.000) 2026-10-02 03:33:57 Image size of job updated: 1202312
	1175  -  MemoryUsage of job (MB)
	1202312  -  ResidentSetSize of job (KB)
...
006 (78852668.014.000) 2026-10-02 03:53:59 Image size of job updated: 1202324
	1175  -  MemoryUsage of job (MB)
	1202324  -  ResidentSetSize of job (KB)
...
006 (78852668.014.000) 2026-10-02 04:19:01 Image size of job updated: 1202360
	1175  -  MemoryUsage of job (MB)
	1202360  -  ResidentSetSize of job (KB)
...
006 (78852668.014.000) 2026-10-02 04:49:04 Image size of job updated: 1203348
	1176  -  MemoryUsage of job (MB)
	1203348  -  ResidentSetSize of job (KB)
...
006 (78852668.014.000) 2026-10-02 05:54:11 Image size of job updated: 1204372
	1177  -  MemoryUsage of job (MB)
	1204372  -  ResidentSetSize of job (KB)
...
006 (78852668.014.000) 2026-10-02 07:09:19 Image size of job updated: 1205684
	1178  -  MemoryUsage of job (MB)
	1205684  -  ResidentSetSize of job (KB)
...
006 (78852668.014.000) 2026-10-02 07:19:20 Image size of job updated: 1213364
	1185  -  MemoryUsage of job (MB)
	1213364  -  ResidentSetSize of job (KB)
...
006 (78852668.014.000) 2026-10-02 07:49:23 Image size of job updated: 1213368
	1185  -  MemoryUsage of job (MB)
	1213368  -  ResidentSetSize of job (KB)
...
006 (78852668.014.000) 2026-10-02 07:59:24 Image size of job updated: 1215856
	1188  -  MemoryUsage of job (MB)
	1215856  -  ResidentSetSize of job (KB)
...
006 (78852668.014.000) 2026-10-02 08:04:25 Image size of job updated: 1215888
	1188  -  MemoryUsage of job (MB)
	1215888  -  ResidentSetSize of job (KB)
...
006 (78852668.014.000) 2026-10-02 08:09:25 Image size of job updated: 1216692
	1189  -  MemoryUsage of job (MB)
	1216692  -  ResidentSetSize of job (KB)
...
006 (78852668.014.000) 2026-10-02 08:54:30 Image size of job updated: 1218740
	1191  -  MemoryUsage of job (MB)
	1218740  -  ResidentSetSize of job (KB)
...
006 (78852668.014.000) 2026-10-02 09:09:31 Image size of job updated: 1218744
	1191  -  MemoryUsage of job (MB)
	1218744  -  ResidentSetSize of job (KB)
...
006 (78852668.014.000) 2026-10-02 09:14:31 Image size of job updated: 1219768
	1192  -  MemoryUsage of job (MB)
	1219768  -  ResidentSetSize of job (KB)
...
004 (78852668.014.000) 2026-10-02 11:10:40 Job was evicted. Code 1019 Subcode 0
	(0) CPU times
		Usr 3 05:28:55, Sys 0 00:06:40  -  Run Remote Usage
		Usr 0 00:00:00, Sys 0 00:00:00  -  Run Local Usage
	0  -  Run Bytes Sent By Job
	0  -  Run Bytes Received By Job
	Reason: Preempted for a Priority user
	Partitionable Resources :    Usage  Request Allocated 
	   Cpus                 :     3.97        4         4 
	   Disk (KB)            : 25000       25000     28672 
	   GPUs                 :                           0 
	   Memory (MB)          :  1192       15000     15104 
	   TimeExecute (s)      : 87813                       
	   TimeSlotBusy (s)     : 87813                       
...
001 (78852668.014.000) 2026-10-02 11:13:08 Job executing on host: <10.14.9.133:9618?addrs=10.14.9.133-9618&alias=node2133.cluster.ldas.cit&noUDP&sock=startd_3777625_1e7d>
	SlotName: slot1_1@node2133.cluster.ldas.cit
	CondorScratchDir = "/var/lib/condor/execute/dir_78926/scratch"
	Cpus = 4
	Disk = 28672
	GPUs = 0
	Memory = 15104
...
005 (78852668.014.000) 2026-10-02 11:13:09 Job terminated.
	(1) Normal termination (return value 1)
		Usr 0 00:00:00, Sys 0 00:00:00  -  Run Remote Usage
		Usr 0 00:00:00, Sys 0 00:00:00  -  Run Local Usage
		Usr 3 05:28:55, Sys 0 00:06:40  -  Total Remote Usage
		Usr 0 00:00:00, Sys 0 00:00:00  -  Total Local Usage
	0  -  Run Bytes Sent By Job
	0  -  Run Bytes Received By Job
	0  -  Total Bytes Sent By Job
	0  -  Total Bytes Received By Job
	Partitionable Resources :    Usage  Request Allocated 
	   Cpus                 :     3.97        4         4 
	   Disk (KB)            : 25000       25000     28672 
	   GPUs                 :                           0 
	   Memory (MB)          :  1221       15000     15104 
	   TimeExecute (s)      :     1                       
	   TimeSlotBusy (s)     :     1                       
...
000 (78854871.014.000) 2026-10-03 17:15:41 Job submitted from host: <10.14.0.121:9618?addrs=10.14.0.121-9618&alias=ldas-pcdev12.ligo.caltech.edu&noUDP&sock=schedd_623140_c9b4>
...
001 (78854871.014.000) 2026-10-03 17:16:40 Job executing on host: <10.14.10.132:9618?addrs=10.14.10.132-9618&alias=node2382.cluster.ldas.cit&noUDP&sock=startd_249283_fb64>
	SlotName: slot1_6@node2382.cluster.ldas.cit
	CondorScratchDir = "/var/lib/condor/execute/dir_4126662/scratch"
	Cpus = 4
	Disk = 28672
	GPUs = 0
	Memory = 15104
...
006 (78854871.014.000) 2026-10-03 17:16:40 Image size of job updated: 25000
	0  -  MemoryUsage of job (MB)
	0  -  ResidentSetSize of job (KB)
...
005 (78854871.014.000) 2026-10-03 17:16:41 Job terminated.
	(1) Normal termination (return value 1)
		Usr 0 00:00:00, Sys 0 00:00:00  -  Run Remote Usage
		Usr 0 00:00:00, Sys 0 00:00:00  -  Run Local Usage
		Usr 0 00:00:00, Sys 0 00:00:00  -  Total Remote Usage
		Usr 0 00:00:00, Sys 0 00:00:00  -  Total Local Usage
	0  -  Run Bytes Sent By Job
	0  -  Run Bytes Received By Job
	0  -  Total Bytes Sent By Job
	0  -  Total Bytes Received By Job
	Partitionable Resources :    Usage  Request Allocated 
	   Cpus                 :        0        4         4 
	   Disk (KB)            :    25000    25000     28672 
	   GPUs                 :                           0 
	   Memory (MB)          :        0    15000     15104 
	   TimeExecute (s)      :        0                    
	   TimeSlotBusy (s)     :        1                    
...
000 (78854907.014.000) 2026-10-03 21:37:08 Job submitted from host: <10.14.0.121:9618?addrs=10.14.0.121-9618&alias=ldas-pcdev12.ligo.caltech.edu&noUDP&sock=schedd_623140_c9b4>
...
001 (78854907.014.000) 2026-10-03 21:38:42 Job executing on host: <10.14.7.24:9618?addrs=10.14.7.24-9618&alias=node1524.cluster.ldas.cit&noUDP&sock=startd_29261_30ce>
	SlotName: slot1_1@node1524.cluster.ldas.cit
	CondorScratchDir = "/var/lib/condor/execute/dir_671405/scratch"
	Cpus = 4
	Disk = 28672
	GPUs = 0
	Memory = 15104
...
006 (78854907.014.000) 2026-10-03 21:38:50 Image size of job updated: 261500
	256  -  MemoryUsage of job (MB)
	261500  -  ResidentSetSize of job (KB)
...
006 (78854907.014.000) 2026-10-03 21:43:50 Image size of job updated: 857596
	838  -  MemoryUsage of job (MB)
	857596  -  ResidentSetSize of job (KB)
...
006 (78854907.014.000) 2026-10-03 21:48:51 Image size of job updated: 857980
	838  -  MemoryUsage of job (MB)
	857980  -  ResidentSetSize of job (KB)
...
006 (78854907.014.000) 2026-10-03 21:53:52 Image size of job updated: 858048
	838  -  MemoryUsage of job (MB)
	857980  -  ResidentSetSize of job (KB)
...
006 (78854907.014.000) 2026-10-03 22:03:52 Image size of job updated: 865716
	846  -  MemoryUsage of job (MB)
	865716  -  ResidentSetSize of job (KB)
...
006 (78854907.014.000) 2026-10-03 22:08:53 Image size of job updated: 872172
	852  -  MemoryUsage of job (MB)
	872172  -  ResidentSetSize of job (KB)
...
006 (78854907.014.000) 2026-10-03 22:13:53 Image size of job updated: 875628
	856  -  MemoryUsage of job (MB)
	875628  -  ResidentSetSize of job (KB)
...
006 (78854907.014.000) 2026-10-03 22:18:53 Image size of job updated: 879940
	860  -  MemoryUsage of job (MB)
	879940  -  ResidentSetSize of job (KB)
...
006 (78854907.014.000) 2026-10-03 22:23:54 Image size of job updated: 884264
	864  -  MemoryUsage of job (MB)
	884264  -  ResidentSetSize of job (KB)
...
006 (78854907.014.000) 2026-10-03 22:28:54 Image size of job updated: 905684
	885  -  MemoryUsage of job (MB)
	905684  -  ResidentSetSize of job (KB)
...
006 (78854907.014.000) 2026-10-03 22:33:54 Image size of job updated: 905696
	885  -  MemoryUsage of job (MB)
	905696  -  ResidentSetSize of job (KB)
...
006 (78854907.014.000) 2026-10-03 22:38:55 Image size of job updated: 906800
	886  -  MemoryUsage of job (MB)
	906800  -  ResidentSetSize of job (KB)
...
006 (78854907.014.000) 2026-10-03 22:43:55 Image size of job updated: 906848
	886  -  MemoryUsage of job (MB)
	906848  -  ResidentSetSize of job (KB)
...
006 (78854907.014.000) 2026-10-03 22:48:55 Image size of job updated: 907264
	886  -  MemoryUsage of job (MB)
	906848  -  ResidentSetSize of job (KB)
...
006 (78854907.014.000) 2026-10-03 22:58:56 Image size of job updated: 911896
	891  -  MemoryUsage of job (MB)
	911896  -  ResidentSetSize of job (KB)
...
006 (78854907.014.000) 2026-10-03 23:03:56 Image size of job updated: 911968
	891  -  MemoryUsage of job (MB)
	911968  -  ResidentSetSize of job (KB)
...
006 (78854907.014.000) 2026-10-03 23:08:57 Image size of job updated: 912012
	891  -  MemoryUsage of job (MB)
	912012  -  ResidentSetSize of job (KB)
...
006 (78854907.014.000) 2026-10-03 23:13:57 Image size of job updated: 912128
	891  -  MemoryUsage of job (MB)
	912128  -  ResidentSetSize of job (KB)
...
006 (78854907.014.000) 2026-10-03 23:18:57 Image size of job updated: 913152
	892  -  MemoryUsage of job (MB)
	913152  -  ResidentSetSize of job (KB)
...
006 (78854907.014.000) 2026-10-03 23:23:58 Image size of job updated: 913188
	892  -  MemoryUsage of job (MB)
	913188  -  ResidentSetSize of job (KB)
...
006 (78854907.014.000) 2026-10-03 23:28:58 Image size of job updated: 913196
	892  -  MemoryUsage of job (MB)
	913188  -  ResidentSetSize of job (KB)
...
006 (78854907.014.000) 2026-10-04 01:29:12 Image size of job updated: 914076
	893  -  MemoryUsage of job (MB)
	914076  -  ResidentSetSize of job (KB)
...
006 (78854907.014.000) 2026-10-04 01:34:13 Image size of job updated: 914108
	893  -  MemoryUsage of job (MB)
	914108  -  ResidentSetSize of job (KB)
...
006 (78854907.014.000) 2026-10-04 01:39:14 Image size of job updated: 916400
	895  -  MemoryUsage of job (MB)
	916400  -  ResidentSetSize of job (KB)
...
006 (78854907.014.000) 2026-10-04 01:44:14 Image size of job updated: 916452
	895  -  MemoryUsage of job (MB)
	916452  -  ResidentSetSize of job (KB)
...
006 (78854907.014.000) 2026-10-04 03:09:22 Image size of job updated: 918648
	895  -  MemoryUsage of job (MB)
	916452  -  ResidentSetSize of job (KB)
...
006 (78854907.014.000) 2026-10-04 05:09:34 Image size of job updated: 919036
	898  -  MemoryUsage of job (MB)
	919036  -  ResidentSetSize of job (KB)
...
006 (78854907.014.000) 2026-10-04 05:14:35 Image size of job updated: 919040
	898  -  MemoryUsage of job (MB)
	919040  -  ResidentSetSize of job (KB)
...
006 (78854907.014.000) 2026-10-04 05:19:35 Image size of job updated: 921344
	900  -  MemoryUsage of job (MB)
	921344  -  ResidentSetSize of job (KB)
...
006 (78854907.014.000) 2026-10-04 05:34:36 Image size of job updated: 921352
	900  -  MemoryUsage of job (MB)
	921352  -  ResidentSetSize of job (KB)
...
006 (78854907.014.000) 2026-10-04 05:39:36 Image size of job updated: 923728
	903  -  MemoryUsage of job (MB)
	923728  -  ResidentSetSize of job (KB)
...
006 (78854907.014.000) 2026-10-04 05:49:37 Image size of job updated: 923736
	903  -  MemoryUsage of job (MB)
	923736  -  ResidentSetSize of job (KB)
...
006 (78854907.014.000) 2026-10-04 06:09:38 Image size of job updated: 923744
	903  -  MemoryUsage of job (MB)
	923744  -  ResidentSetSize of job (KB)
...
006 (78854907.014.000) 2026-10-04 06:24:39 Image size of job updated: 925176
	904  -  MemoryUsage of job (MB)
	925176  -  ResidentSetSize of job (KB)
...
006 (78854907.014.000) 2026-10-04 06:44:41 Image size of job updated: 925192
	904  -  MemoryUsage of job (MB)
	925192  -  ResidentSetSize of job (KB)
...
006 (78854907.014.000) 2026-10-04 07:04:43 Image size of job updated: 926392
	905  -  MemoryUsage of job (MB)
	926392  -  ResidentSetSize of job (KB)
...
006 (78854907.014.000) 2026-10-04 07:09:44 Image size of job updated: 926404
	905  -  MemoryUsage of job (MB)
	926404  -  ResidentSetSize of job (KB)
...
006 (78854907.014.000) 2026-10-04 07:14:45 Image size of job updated: 926416
	905  -  MemoryUsage of job (MB)
	926416  -  ResidentSetSize of job (KB)
...
006 (78854907.014.000) 2026-10-04 08:09:52 Image size of job updated: 927440
	906  -  MemoryUsage of job (MB)
	927440  -  ResidentSetSize of job (KB)
...
006 (78854907.014.000) 2026-10-04 09:14:59 Image size of job updated: 934720
	913  -  MemoryUsage of job (MB)
	934720  -  ResidentSetSize of job (KB)
...
006 (78854907.014.000) 2026-10-04 09:19:59 Image size of job updated: 934732
	913  -  MemoryUsage of job (MB)
	934732  -  ResidentSetSize of job (KB)
...
006 (78854907.014.000) 2026-10-04 09:25:00 Image size of job updated: 934760
	913  -  MemoryUsage of job (MB)
	934760  -  ResidentSetSize of job (KB)
...
006 (78854907.014.000) 2026-10-04 09:30:00 Image size of job updated: 934764
	913  -  MemoryUsage of job (MB)
	934764  -  ResidentSetSize of job (KB)
...
006 (78854907.014.000) 2026-10-04 09:35:00 Image size of job updated: 935816
	914  -  MemoryUsage of job (MB)
	935816  -  ResidentSetSize of job (KB)
...
006 (78854907.014.000) 2026-10-04 09:40:01 Image size of job updated: 935824
	914  -  MemoryUsage of job (MB)
	935824  -  ResidentSetSize of job (KB)
...
006 (78854907.014.000) 2026-10-04 09:45:01 Image size of job updated: 936032
	915  -  MemoryUsage of job (MB)
	936032  -  ResidentSetSize of job (KB)
...
006 (78854907.014.000) 2026-10-04 09:55:02 Image size of job updated: 936044
	915  -  MemoryUsage of job (MB)
	936044  -  ResidentSetSize of job (KB)
...
006 (78854907.014.000) 2026-10-04 10:40:08 Image size of job updated: 936440
	915  -  MemoryUsage of job (MB)
	936440  -  ResidentSetSize of job (KB)
...
006 (78854907.014.000) 2026-10-04 10:50:09 Image size of job updated: 937468
	916  -  MemoryUsage of job (MB)
	937468  -  ResidentSetSize of job (KB)
...
006 (78854907.014.000) 2026-10-04 11:05:11 Image size of job updated: 937472
	916  -  MemoryUsage of job (MB)
	937472  -  ResidentSetSize of job (KB)
...
006 (78854907.014.000) 2026-10-04 11:10:11 Image size of job updated: 938492
	917  -  MemoryUsage of job (MB)
	938492  -  ResidentSetSize of job (KB)
...
006 (78854907.014.000) 2026-10-04 11:25:12 Image size of job updated: 938496
	917  -  MemoryUsage of job (MB)
	938496  -  ResidentSetSize of job (KB)
...
006 (78854907.014.000) 2026-10-04 12:55:19 Image size of job updated: 938500
	917  -  MemoryUsage of job (MB)
	938500  -  ResidentSetSize of job (KB)
...
006 (78854907.014.000) 2026-10-04 13:00:20 Image size of job updated: 938524
	917  -  MemoryUsage of job (MB)
	938524  -  ResidentSetSize of job (KB)
...
006 (78854907.014.000) 2026-10-04 13:35:25 Image size of job updated: 939548
	918  -  MemoryUsage of job (MB)
	939548  -  ResidentSetSize of job (KB)
...
000 (78855136.014.000) 2026-10-04 13:45:07 Job submitted from host: <10.14.0.121:9618?addrs=10.14.0.121-9618&alias=ldas-pcdev12.ligo.caltech.edu&noUDP&sock=schedd_623140_c9b4>
...
006 (78854907.014.000) 2026-10-04 13:45:26 Image size of job updated: 939568
	918  -  MemoryUsage of job (MB)
	939568  -  ResidentSetSize of job (KB)
...
004 (78854907.014.000) 2026-10-04 13:45:44 Job was evicted. Code 1023 Subcode 0
	(0) CPU times
		Usr 2 03:55:11, Sys 0 00:06:00  -  Run Remote Usage
		Usr 0 00:00:00, Sys 0 00:00:00  -  Run Local Usage
	0  -  Run Bytes Sent By Job
	0  -  Run Bytes Received By Job
	Reason: via condor_rm (by user pratyusava.baral)
	Partitionable Resources :    Usage  Request Allocated 
	   Cpus                 :     3.76        4         4 
	   Disk (KB)            : 25000       25000     28672 
	   GPUs                 :                           0 
	   Memory (MB)          :   918       15000     15104 
	   TimeExecute (s)      : 58022                       
	   TimeSlotBusy (s)     : 58023                       
...
009 (78854907.014.000) 2026-10-04 13:45:44 Job was aborted.
	via condor_rm (by user pratyusava.baral)
...
001 (78855136.014.000) 2026-10-04 13:49:23 Job executing on host: <10.14.5.125:9618?addrs=10.14.5.125-9618&alias=node1125.cluster.ldas.cit&noUDP&sock=startd_133434_3433>
	SlotName: slot1_1@node1125.cluster.ldas.cit
	CondorScratchDir = "/var/lib/condor/execute/dir_861683/scratch"
	Cpus = 4
	Disk = 28672
	GPUs = 0
	Memory = 15104
...
006 (78855136.014.000) 2026-10-04 13:49:31 Image size of job updated: 552364
	540  -  MemoryUsage of job (MB)
	552364  -  ResidentSetSize of job (KB)
...
006 (78855136.014.000) 2026-10-04 13:54:31 Image size of job updated: 701256
	685  -  MemoryUsage of job (MB)
	701256  -  ResidentSetSize of job (KB)
...
006 (78855136.014.000) 2026-10-04 13:59:31 Image size of job updated: 845072
	826  -  MemoryUsage of job (MB)
	845072  -  ResidentSetSize of job (KB)
...
006 (78855136.014.000) 2026-10-04 14:04:32 Image size of job updated: 845784
	826  -  MemoryUsage of job (MB)
	845784  -  ResidentSetSize of job (KB)
...
006 (78855136.014.000) 2026-10-04 14:09:32 Image size of job updated: 887664
	867  -  MemoryUsage of job (MB)
	887664  -  ResidentSetSize of job (KB)
...
006 (78855136.014.000) 2026-10-04 14:14:32 Image size of job updated: 893612
	873  -  MemoryUsage of job (MB)
	893612  -  ResidentSetSize of job (KB)
...
006 (78855136.014.000) 2026-10-04 14:19:33 Image size of job updated: 904504
	884  -  MemoryUsage of job (MB)
	904504  -  ResidentSetSize of job (KB)
...
006 (78855136.014.000) 2026-10-04 14:24:33 Image size of job updated: 908600
	888  -  MemoryUsage of job (MB)
	908600  -  ResidentSetSize of job (KB)
...
006 (78855136.014.000) 2026-10-04 14:29:33 Image size of job updated: 921616
	888  -  MemoryUsage of job (MB)
	908600  -  ResidentSetSize of job (KB)
...
006 (78855136.014.000) 2026-10-04 14:39:34 Image size of job updated: 921616
	890  -  MemoryUsage of job (MB)
	910700  -  ResidentSetSize of job (KB)
...
006 (78855136.014.000) 2026-10-04 14:44:34 Image size of job updated: 921616
	890  -  MemoryUsage of job (MB)
	910752  -  ResidentSetSize of job (KB)
...
006 (78855136.014.000) 2026-10-04 14:59:35 Image size of job updated: 921616
	895  -  MemoryUsage of job (MB)
	915664  -  ResidentSetSize of job (KB)
...
006 (78855136.014.000) 2026-10-04 15:04:36 Image size of job updated: 921616
	895  -  MemoryUsage of job (MB)
	915764  -  ResidentSetSize of job (KB)
...
006 (78855136.014.000) 2026-10-04 15:09:36 Image size of job updated: 921616
	895  -  MemoryUsage of job (MB)
	915804  -  ResidentSetSize of job (KB)
...
006 (78855136.014.000) 2026-10-04 15:24:37 Image size of job updated: 921616
	897  -  MemoryUsage of job (MB)
	917964  -  ResidentSetSize of job (KB)
...
006 (78855136.014.000) 2026-10-04 15:29:37 Image size of job updated: 921616
	897  -  MemoryUsage of job (MB)
	917992  -  ResidentSetSize of job (KB)
...
006 (78855136.014.000) 2026-10-04 15:44:38 Image size of job updated: 925036
	904  -  MemoryUsage of job (MB)
	925036  -  ResidentSetSize of job (KB)
...
006 (78855136.014.000) 2026-10-04 15:49:39 Image size of job updated: 925156
	904  -  MemoryUsage of job (MB)
	925156  -  ResidentSetSize of job (KB)
...
006 (78855136.014.000) 2026-10-04 15:54:40 Image size of job updated: 935524
	914  -  MemoryUsage of job (MB)
	935524  -  ResidentSetSize of job (KB)
...
006 (78855136.014.000) 2026-10-04 15:59:40 Image size of job updated: 935532
	914  -  MemoryUsage of job (MB)
	935532  -  ResidentSetSize of job (KB)
...
006 (78855136.014.000) 2026-10-04 16:09:24 Image size of job updated: 935552
	914  -  MemoryUsage of job (MB)
	935552  -  ResidentSetSize of job (KB)
...
006 (78855136.014.000) 2026-10-04 16:23:34 Image size of job updated: 936652
	915  -  MemoryUsage of job (MB)
	936652  -  ResidentSetSize of job (KB)
...
006 (78855136.014.000) 2026-10-04 16:34:54 Image size of job updated: 936688
	915  -  MemoryUsage of job (MB)
	936688  -  ResidentSetSize of job (KB)
...
006 (78855136.014.000) 2026-10-04 16:41:42 Image size of job updated: 936700
	915  -  MemoryUsage of job (MB)
	936700  -  ResidentSetSize of job (KB)
...
006 (78855136.014.000) 2026-10-04 16:46:42 Image size of job updated: 936720
	915  -  MemoryUsage of job (MB)
	936720  -  ResidentSetSize of job (KB)
...
006 (78855136.014.000) 2026-10-04 16:51:42 Image size of job updated: 936724
	915  -  MemoryUsage of job (MB)
	936724  -  ResidentSetSize of job (KB)
...
006 (78855136.014.000) 2026-10-04 16:56:43 Image size of job updated: 936736
	915  -  MemoryUsage of job (MB)
	936736  -  ResidentSetSize of job (KB)
...
006 (78855136.014.000) 2026-10-04 17:01:43 Image size of job updated: 936740
	915  -  MemoryUsage of job (MB)
	936740  -  ResidentSetSize of job (KB)
...
006 (78855136.014.000) 2026-10-04 17:06:43 Image size of job updated: 936764
	915  -  MemoryUsage of job (MB)
	936740  -  ResidentSetSize of job (KB)
...
006 (78855136.014.000) 2026-10-04 17:21:44 Image size of job updated: 936784
	915  -  MemoryUsage of job (MB)
	936784  -  ResidentSetSize of job (KB)
...
006 (78855136.014.000) 2026-10-04 17:26:45 Image size of job updated: 936792
	915  -  MemoryUsage of job (MB)
	936792  -  ResidentSetSize of job (KB)
...
006 (78855136.014.000) 2026-10-04 17:31:45 Image size of job updated: 937816
	915  -  MemoryUsage of job (MB)
	936796  -  ResidentSetSize of job (KB)
...
006 (78855136.014.000) 2026-10-04 17:36:45 Image size of job updated: 937816
	915  -  MemoryUsage of job (MB)
	936800  -  ResidentSetSize of job (KB)
...
006 (78855136.014.000) 2026-10-04 17:41:46 Image size of job updated: 937816
	915  -  MemoryUsage of job (MB)
	936804  -  ResidentSetSize of job (KB)
...
006 (78855136.014.000) 2026-10-04 17:46:46 Image size of job updated: 937816
	915  -  MemoryUsage of job (MB)
	936808  -  ResidentSetSize of job (KB)
...
006 (78855136.014.000) 2026-10-04 17:51:46 Image size of job updated: 938856
	917  -  MemoryUsage of job (MB)
	938856  -  ResidentSetSize of job (KB)
...
006 (78855136.014.000) 2026-10-04 17:56:47 Image size of job updated: 938860
	917  -  MemoryUsage of job (MB)
	938860  -  ResidentSetSize of job (KB)
...
006 (78855136.014.000) 2026-10-04 18:01:48 Image size of job updated: 938868
	917  -  MemoryUsage of job (MB)
	938860  -  ResidentSetSize of job (KB)
...
006 (78855136.014.000) 2026-10-04 18:31:52 Image size of job updated: 938916
	917  -  MemoryUsage of job (MB)
	938916  -  ResidentSetSize of job (KB)
...
006 (78855136.014.000) 2026-10-04 18:36:52 Image size of job updated: 938920
	917  -  MemoryUsage of job (MB)
	938920  -  ResidentSetSize of job (KB)
...
006 (78855136.014.000) 2026-10-04 18:41:53 Image size of job updated: 938980
	917  -  MemoryUsage of job (MB)
	938980  -  ResidentSetSize of job (KB)
...
006 (78855136.014.000) 2026-10-04 18:46:54 Image size of job updated: 938988
	917  -  MemoryUsage of job (MB)
	938988  -  ResidentSetSize of job (KB)
...
006 (78855136.014.000) 2026-10-04 18:56:55 Image size of job updated: 939000
	917  -  MemoryUsage of job (MB)
	939000  -  ResidentSetSize of job (KB)
...
006 (78855136.014.000) 2026-10-04 19:01:56 Image size of job updated: 939384
	918  -  MemoryUsage of job (MB)
	939384  -  ResidentSetSize of job (KB)
...
006 (78855136.014.000) 2026-10-04 19:06:56 Image size of job updated: 939400
	918  -  MemoryUsage of job (MB)
	939400  -  ResidentSetSize of job (KB)
...
006 (78855136.014.000) 2026-10-04 20:12:00 Image size of job updated: 943820
	922  -  MemoryUsage of job (MB)
	943820  -  ResidentSetSize of job (KB)
...
006 (78855136.014.000) 2026-10-04 20:32:02 Image size of job updated: 944092
	922  -  MemoryUsage of job (MB)
	943820  -  ResidentSetSize of job (KB)
...
006 (78855136.014.000) 2026-10-04 21:02:04 Image size of job updated: 944132
	923  -  MemoryUsage of job (MB)
	944132  -  ResidentSetSize of job (KB)
...
006 (78855136.014.000) 2026-10-04 21:07:04 Image size of job updated: 944136
	923  -  MemoryUsage of job (MB)
	944136  -  ResidentSetSize of job (KB)
...
006 (78855136.014.000) 2026-10-04 21:12:05 Image size of job updated: 944140
	923  -  MemoryUsage of job (MB)
	944140  -  ResidentSetSize of job (KB)
...
006 (78855136.014.000) 2026-10-04 21:37:08 Image size of job updated: 944156
	923  -  MemoryUsage of job (MB)
	944156  -  ResidentSetSize of job (KB)
...
006 (78855136.014.000) 2026-10-04 21:47:10 Image size of job updated: 944160
	923  -  MemoryUsage of job (MB)
	944160  -  ResidentSetSize of job (KB)
...
006 (78855136.014.000) 2026-10-04 22:07:12 Image size of job updated: 948572
	927  -  MemoryUsage of job (MB)
	948572  -  ResidentSetSize of job (KB)
...
006 (78855136.014.000) 2026-10-04 22:22:14 Image size of job updated: 961844
	940  -  MemoryUsage of job (MB)
	961844  -  ResidentSetSize of job (KB)
...
006 (78855136.014.000) 2026-10-04 22:32:16 Image size of job updated: 962868
	941  -  MemoryUsage of job (MB)
	962868  -  ResidentSetSize of job (KB)
...
006 (78855136.014.000) 2026-10-04 22:37:16 Image size of job updated: 962876
	941  -  MemoryUsage of job (MB)
	962876  -  ResidentSetSize of job (KB)
...
006 (78855136.014.000) 2026-10-04 23:12:18 Image size of job updated: 963912
	941  -  MemoryUsage of job (MB)
	962888  -  ResidentSetSize of job (KB)
...
006 (78855136.014.000) 2026-10-04 23:17:19 Image size of job updated: 963912
	941  -  MemoryUsage of job (MB)
	962892  -  ResidentSetSize of job (KB)
...
006 (78855136.014.000) 2026-10-04 23:27:19 Image size of job updated: 963912
	941  -  MemoryUsage of job (MB)
	962916  -  ResidentSetSize of job (KB)
...
006 (78855136.014.000) 2026-10-04 23:32:20 Image size of job updated: 963912
	941  -  MemoryUsage of job (MB)
	962920  -  ResidentSetSize of job (KB)
...
006 (78855136.014.000) 2026-10-04 23:42:20 Image size of job updated: 963912
	941  -  MemoryUsage of job (MB)
	962924  -  ResidentSetSize of job (KB)
...
006 (78855136.014.000) 2026-10-04 23:47:21 Image size of job updated: 963948
	942  -  MemoryUsage of job (MB)
	963948  -  ResidentSetSize of job (KB)
...
006 (78855136.014.000) 2026-10-04 23:57:21 Image size of job updated: 963952
	942  -  MemoryUsage of job (MB)
	963952  -  ResidentSetSize of job (KB)
...
006 (78855136.014.000) 2026-10-05 00:17:24 Image size of job updated: 963996
	942  -  MemoryUsage of job (MB)
	963984  -  ResidentSetSize of job (KB)
...
006 (78855136.014.000) 2026-10-05 00:27:24 Image size of job updated: 965008
	943  -  MemoryUsage of job (MB)
	965008  -  ResidentSetSize of job (KB)
...
006 (78855136.014.000) 2026-10-05 00:37:26 Image size of job updated: 965040
	943  -  MemoryUsage of job (MB)
	965008  -  ResidentSetSize of job (KB)
...
006 (78855136.014.000) 2026-10-05 00:42:26 Image size of job updated: 965040
	943  -  MemoryUsage of job (MB)
	965012  -  ResidentSetSize of job (KB)
...
006 (78855136.014.000) 2026-10-05 01:22:32 Image size of job updated: 966036
	944  -  MemoryUsage of job (MB)
	966036  -  ResidentSetSize of job (KB)
...
006 (78855136.014.000) 2026-10-05 01:37:34 Image size of job updated: 966052
	944  -  MemoryUsage of job (MB)
	966052  -  ResidentSetSize of job (KB)
...
006 (78855136.014.000) 2026-10-05 01:42:34 Image size of job updated: 966100
	944  -  MemoryUsage of job (MB)
	966100  -  ResidentSetSize of job (KB)
...
006 (78855136.014.000) 2026-10-05 01:52:36 Image size of job updated: 966104
	944  -  MemoryUsage of job (MB)
	966104  -  ResidentSetSize of job (KB)
...
006 (78855136.014.000) 2026-10-05 02:02:37 Image size of job updated: 967128
	944  -  MemoryUsage of job (MB)
	966104  -  ResidentSetSize of job (KB)
...
006 (78855136.014.000) 2026-10-05 02:12:38 Image size of job updated: 967128
	944  -  MemoryUsage of job (MB)
	966112  -  ResidentSetSize of job (KB)
...
006 (78855136.014.000) 2026-10-05 02:17:38 Image size of job updated: 967136
	945  -  MemoryUsage of job (MB)
	967136  -  ResidentSetSize of job (KB)
...
006 (78855136.014.000) 2026-10-05 02:47:40 Image size of job updated: 967164
	945  -  MemoryUsage of job (MB)
	967164  -  ResidentSetSize of job (KB)
...
006 (78855136.014.000) 2026-10-05 02:57:41 Image size of job updated: 967168
	945  -  MemoryUsage of job (MB)
	967168  -  ResidentSetSize of job (KB)
...
006 (78855136.014.000) 2026-10-05 03:02:41 Image size of job updated: 967172
	945  -  MemoryUsage of job (MB)
	967172  -  ResidentSetSize of job (KB)
...
006 (78855136.014.000) 2026-10-05 03:07:42 Image size of job updated: 968200
	946  -  MemoryUsage of job (MB)
	968200  -  ResidentSetSize of job (KB)
...
006 (78855136.014.000) 2026-10-05 03:17:42 Image size of job updated: 968204
	946  -  MemoryUsage of job (MB)
	968204  -  ResidentSetSize of job (KB)
...
006 (78855136.014.000) 2026-10-05 03:27:43 Image size of job updated: 968208
	946  -  MemoryUsage of job (MB)
	968208  -  ResidentSetSize of job (KB)
...
006 (78855136.014.000) 2026-10-05 03:37:44 Image size of job updated: 968212
	946  -  MemoryUsage of job (MB)
	968212  -  ResidentSetSize of job (KB)
...
006 (78855136.014.000) 2026-10-05 03:42:44 Image size of job updated: 968236
	946  -  MemoryUsage of job (MB)
	968236  -  ResidentSetSize of job (KB)
...
006 (78855136.014.000) 2026-10-05 03:47:44 Image size of job updated: 968260
	946  -  MemoryUsage of job (MB)
	968260  -  ResidentSetSize of job (KB)
...
006 (78855136.014.000) 2026-10-05 04:22:47 Image size of job updated: 969284
	947  -  MemoryUsage of job (MB)
	969284  -  ResidentSetSize of job (KB)
...
006 (78855136.014.000) 2026-10-05 04:27:47 Image size of job updated: 969288
	947  -  MemoryUsage of job (MB)
	969288  -  ResidentSetSize of job (KB)
...
006 (78855136.014.000) 2026-10-05 04:42:49 Image size of job updated: 969292
	947  -  MemoryUsage of job (MB)
	969292  -  ResidentSetSize of job (KB)
...
006 (78855136.014.000) 2026-10-05 04:47:49 Image size of job updated: 969300
	947  -  MemoryUsage of job (MB)
	969300  -  ResidentSetSize of job (KB)
...
006 (78855136.014.000) 2026-10-05 05:07:52 Image size of job updated: 971504
	949  -  MemoryUsage of job (MB)
	971396  -  ResidentSetSize of job (KB)
...
006 (78855136.014.000) 2026-10-05 05:17:53 Image size of job updated: 971504
	949  -  MemoryUsage of job (MB)
	971432  -  ResidentSetSize of job (KB)
...
006 (78855136.014.000) 2026-10-05 05:22:54 Image size of job updated: 971504
	949  -  MemoryUsage of job (MB)
	971480  -  ResidentSetSize of job (KB)
...
006 (78855136.014.000) 2026-10-05 05:27:55 Image size of job updated: 972504
	950  -  MemoryUsage of job (MB)
	972504  -  ResidentSetSize of job (KB)
...
006 (78855136.014.000) 2026-10-05 06:13:00 Image size of job updated: 973588
	951  -  MemoryUsage of job (MB)
	973588  -  ResidentSetSize of job (KB)
...
006 (78855136.014.000) 2026-10-05 06:43:02 Image size of job updated: 973592
	951  -  MemoryUsage of job (MB)
	973588  -  ResidentSetSize of job (KB)
...
006 (78855136.014.000) 2026-10-05 07:28:06 Image size of job updated: 974620
	952  -  MemoryUsage of job (MB)
	974620  -  ResidentSetSize of job (KB)
...
006 (78855136.014.000) 2026-10-05 07:58:08 Image size of job updated: 975644
	953  -  MemoryUsage of job (MB)
	975644  -  ResidentSetSize of job (KB)
...
006 (78855136.014.000) 2026-10-05 08:23:09 Image size of job updated: 981432
	953  -  MemoryUsage of job (MB)
	975644  -  ResidentSetSize of job (KB)
...
006 (78855136.014.000) 2026-10-05 08:43:11 Image size of job updated: 981432
	953  -  MemoryUsage of job (MB)
	975648  -  ResidentSetSize of job (KB)
...
006 (78855136.014.000) 2026-10-05 10:03:16 Image size of job updated: 981432
	954  -  MemoryUsage of job (MB)
	976672  -  ResidentSetSize of job (KB)
...
006 (78855136.014.000) 2026-10-05 10:23:17 Image size of job updated: 981432
	954  -  MemoryUsage of job (MB)
	976676  -  ResidentSetSize of job (KB)
...
006 (78855136.014.000) 2026-10-05 10:33:18 Image size of job updated: 981432
	954  -  MemoryUsage of job (MB)
	976680  -  ResidentSetSize of job (KB)
...
006 (78855136.014.000) 2026-10-05 11:08:20 Image size of job updated: 982576
	954  -  MemoryUsage of job (MB)
	976680  -  ResidentSetSize of job (KB)
...
006 (78855136.014.000) 2026-10-05 12:23:26 Image size of job updated: 988440
	966  -  MemoryUsage of job (MB)
	988440  -  ResidentSetSize of job (KB)
...
