000 (78852668.015.000) 2026-10-01 10:44:08 Job submitted from host: <10.14.0.121:9618?addrs=10.14.0.121-9618&alias=ldas-pcdev12.ligo.caltech.edu&noUDP&sock=schedd_623140_c9b4>
...
001 (78852668.015.000) 2026-10-01 10:47:07 Job executing on host: <10.14.3.15:9618?addrs=10.14.3.15-9618&alias=node515.cluster.ldas.cit&noUDP&sock=startd_2706932_c70c>
	SlotName: slot1_9@node515.cluster.ldas.cit
	AvailableGPUs = {  }
	CondorScratchDir = "/var/lib/condor/execute/dir_3453958/scratch"
	Cpus = 4
	Disk = 28672
	GPUs = 0
	Memory = 15104
...
006 (78852668.015.000) 2026-10-01 10:47:16 Image size of job updated: 118004
	116  -  MemoryUsage of job (MB)
	118004  -  ResidentSetSize of job (KB)
...
006 (78852668.015.000) 2026-10-01 10:52:17 Image size of job updated: 253148
	248  -  MemoryUsage of job (MB)
	253148  -  ResidentSetSize of job (KB)
...
006 (78852668.015.000) 2026-10-01 10:57:17 Image size of job updated: 253960
	249  -  MemoryUsage of job (MB)
	253960  -  ResidentSetSize of job (KB)
...
006 (78852668.015.000) 2026-10-01 11:02:18 Image size of job updated: 323816
	317  -  MemoryUsage of job (MB)
	323816  -  ResidentSetSize of job (KB)
...
006 (78852668.015.000) 2026-10-01 11:07:19 Image size of job updated: 324080
	317  -  MemoryUsage of job (MB)
	324080  -  ResidentSetSize of job (KB)
...
006 (78852668.015.000) 2026-10-01 11:12:20 Image size of job updated: 368224
	360  -  MemoryUsage of job (MB)
	368224  -  ResidentSetSize of job (KB)
...
006 (78852668.015.000) 2026-10-01 11:17:21 Image size of job updated: 368276
	360  -  MemoryUsage of job (MB)
	368276  -  ResidentSetSize of job (KB)
...
006 (78852668.015.000) 2026-10-01 11:22:21 Image size of job updated: 381272
	373  -  MemoryUsage of job (MB)
	381272  -  ResidentSetSize of job (KB)
...
006 (78852668.015.000) 2026-10-01 11:27:22 Image size of job updated: 381560
	373  -  MemoryUsage of job (MB)
	381560  -  ResidentSetSize of job (KB)
...
006 (78852668.015.000) 2026-10-01 11:32:23 Image size of job updated: 397312
	388  -  MemoryUsage of job (MB)
	397312  -  ResidentSetSize of job (KB)
...
006 (78852668.015.000) 2026-10-01 11:37:23 Image size of job updated: 397532
	389  -  MemoryUsage of job (MB)
	397532  -  ResidentSetSize of job (KB)
...
006 (78852668.015.000) 2026-10-01 11:42:24 Image size of job updated: 397540
	389  -  MemoryUsage of job (MB)
	397532  -  ResidentSetSize of job (KB)
...
006 (78852668.015.000) 2026-10-01 12:12:27 Image size of job updated: 409692
	401  -  MemoryUsage of job (MB)
	409692  -  ResidentSetSize of job (KB)
...
006 (78852668.015.000) 2026-10-01 12:17:27 Image size of job updated: 409976
	401  -  MemoryUsage of job (MB)
	409976  -  ResidentSetSize of job (KB)
...
006 (78852668.015.000) 2026-10-01 12:27:28 Image size of job updated: 409984
	401  -  MemoryUsage of job (MB)
	409984  -  ResidentSetSize of job (KB)
...
006 (78852668.015.000) 2026-10-01 12:32:28 Image size of job updated: 410304
	401  -  MemoryUsage of job (MB)
	410304  -  ResidentSetSize of job (KB)
...
006 (78852668.015.000) 2026-10-01 12:42:29 Image size of job updated: 423236
	414  -  MemoryUsage of job (MB)
	423236  -  ResidentSetSize of job (KB)
...
006 (78852668.015.000) 2026-10-01 12:47:30 Image size of job updated: 423416
	414  -  MemoryUsage of job (MB)
	423416  -  ResidentSetSize of job (KB)
...
006 (78852668.015.000) 2026-10-01 12:52:31 Image size of job updated: 424148
	415  -  MemoryUsage of job (MB)
	424148  -  ResidentSetSize of job (KB)
...
006 (78852668.015.000) 2026-10-01 12:57:31 Image size of job updated: 424152
	415  -  MemoryUsage of job (MB)
	424152  -  ResidentSetSize of job (KB)
...
006 (78852668.015.000) 2026-10-01 13:02:32 Image size of job updated: 425196
	416  -  MemoryUsage of job (MB)
	425196  -  ResidentSetSize of job (KB)
...
006 (78852668.015.000) 2026-10-01 13:07:32 Image size of job updated: 425200
	416  -  MemoryUsage of job (MB)
	425200  -  ResidentSetSize of job (KB)
...
006 (78852668.015.000) 2026-10-01 13:12:33 Image size of job updated: 425212
	416  -  MemoryUsage of job (MB)
	425212  -  ResidentSetSize of job (KB)
...
006 (78852668.015.000) 2026-10-01 13:17:34 Image size of job updated: 425216
	416  -  MemoryUsage of job (MB)
	425216  -  ResidentSetSize of job (KB)
...
006 (78852668.015.000) 2026-10-01 13:22:34 Image size of job updated: 426712
	417  -  MemoryUsage of job (MB)
	426712  -  ResidentSetSize of job (KB)
...
006 (78852668.015.000) 2026-10-01 13:32:35 Image size of job updated: 426716
	417  -  MemoryUsage of job (MB)
	426712  -  ResidentSetSize of job (KB)
...
006 (78852668.015.000) 2026-10-01 13:47:36 Image size of job updated: 428676
	419  -  MemoryUsage of job (MB)
	428676  -  ResidentSetSize of job (KB)
...
006 (78852668.015.000) 2026-10-01 13:52:37 Image size of job updated: 428684
	419  -  MemoryUsage of job (MB)
	428684  -  ResidentSetSize of job (KB)
...
006 (78852668.015.000) 2026-10-01 14:17:39 Image size of job updated: 431288
	420  -  MemoryUsage of job (MB)
	429240  -  ResidentSetSize of job (KB)
...
006 (78852668.015.000) 2026-10-01 14:22:40 Image size of job updated: 431288
	420  -  MemoryUsage of job (MB)
	429244  -  ResidentSetSize of job (KB)
...
006 (78852668.015.000) 2026-10-01 14:27:40 Image size of job updated: 431288
	420  -  MemoryUsage of job (MB)
	429248  -  ResidentSetSize of job (KB)
...
006 (78852668.015.000) 2026-10-01 14:32:41 Image size of job updated: 431288
	420  -  MemoryUsage of job (MB)
	429252  -  ResidentSetSize of job (KB)
...
006 (78852668.015.000) 2026-10-01 14:37:42 Image size of job updated: 431288
	420  -  MemoryUsage of job (MB)
	429256  -  ResidentSetSize of job (KB)
...
006 (78852668.015.000) 2026-10-01 14:42:42 Image size of job updated: 431288
	420  -  MemoryUsage of job (MB)
	429260  -  ResidentSetSize of job (KB)
...
006 (78852668.015.000) 2026-10-01 14:47:43 Image size of job updated: 431480
	421  -  MemoryUsage of job (MB)
	430456  -  ResidentSetSize of job (KB)
...
006 (78852668.015.000) 2026-10-01 14:52:43 Image size of job updated: 431480
	421  -  MemoryUsage of job (MB)
	430460  -  ResidentSetSize of job (KB)
...
006 (78852668.015.000) 2026-10-01 15:02:44 Image size of job updated: 431480
	421  -  MemoryUsage of job (MB)
	430464  -  ResidentSetSize of job (KB)
...
006 (78852668.015.000) 2026-10-01 15:07:44 Image size of job updated: 431480
	422  -  MemoryUsage of job (MB)
	431316  -  ResidentSetSize of job (KB)
...
006 (78852668.015.000) 2026-10-01 15:12:45 Image size of job updated: 431480
	422  -  MemoryUsage of job (MB)
	431324  -  ResidentSetSize of job (KB)
...
006 (78852668.015.000) 2026-10-01 15:27:47 Image size of job updated: 431480
	422  -  MemoryUsage of job (MB)
	431328  -  ResidentSetSize of job (KB)
...
006 (78852668.015.000) 2026-10-01 15:37:48 Image size of job updated: 431480
	422  -  MemoryUsage of job (MB)
	431332  -  ResidentSetSize of job (KB)
...
006 (78852668.015.000) 2026-10-01 15:42:49 Image size of job updated: 431480
	422  -  MemoryUsage of job (MB)
	431336  -  ResidentSetSize of job (KB)
...
006 (78852668.015.000) 2026-10-01 15:52:51 Image size of job updated: 431480
	422  -  MemoryUsage of job (MB)
	431340  -  ResidentSetSize of job (KB)
...
006 (78852668.015.000) 2026-10-01 15:57:51 Image size of job updated: 432364
	423  -  MemoryUsage of job (MB)
	432364  -  ResidentSetSize of job (KB)
...
006 (78852668.015.000) 2026-10-01 16:02:51 Image size of job updated: 432376
	423  -  MemoryUsage of job (MB)
	432376  -  ResidentSetSize of job (KB)
...
006 (78852668.015.000) 2026-10-01 16:04:50 Image size of job updated: 432380
	423  -  MemoryUsage of job (MB)
	432376  -  ResidentSetSize of job (KB)
...
004 (78852668.015.000) 2026-10-01 16:04:50 Job was evicted. Code 1019 Subcode 0
	(0) CPU times
		Usr 0 16:53:33, Sys 0 00:02:09  -  Run Remote Usage
		Usr 0 00:00:00, Sys 0 00:00:00  -  Run Local Usage
	0  -  Run Bytes Sent By Job
	0  -  Run Bytes Received By Job
	Reason: Preempted for a Priority user
	Partitionable Resources :    Usage  Request Allocated 
	   Cpus                 :     3.90        4         4 
	   Disk (KB)            : 25000       25000     28672 
	   GPUs                 :                           0 
	   Memory (MB)          :   423       15000     15104 
	   TimeExecute (s)      : 19063                       
	   TimeSlotBusy (s)     : 19063                       
...
001 (78852668.015.000) 2026-10-01 16:09:12 Job executing on host: <10.14.10.36:9618?addrs=10.14.10.36-9618&alias=node2286.cluster.ldas.cit&noUDP&sock=startd_1952314_9891>
	SlotName: slot1_19@node2286.cluster.ldas.cit
	CondorScratchDir = "/var/lib/condor/execute/dir_2135492/scratch"
	Cpus = 4
	Disk = 28672
	GPUs = 0
	Memory = 15104
...
006 (78852668.015.000) 2026-10-01 18:44:37 Image size of job updated: 453484
	443  -  MemoryUsage of job (MB)
	453484  -  ResidentSetSize of job (KB)
...
006 (78852668.015.000) 2026-10-01 18:49:37 Image size of job updated: 593284
	580  -  MemoryUsage of job (MB)
	593284  -  ResidentSetSize of job (KB)
...
006 (78852668.015.000) 2026-10-01 18:54:38 Image size of job updated: 763044
	745  -  MemoryUsage of job (MB)
	762036  -  ResidentSetSize of job (KB)
...
006 (78852668.015.000) 2026-10-01 18:59:39 Image size of job updated: 763044
	745  -  MemoryUsage of job (MB)
	762072  -  ResidentSetSize of job (KB)
...
006 (78852668.015.000) 2026-10-01 19:04:39 Image size of job updated: 763044
	746  -  MemoryUsage of job (MB)
	763004  -  ResidentSetSize of job (KB)
...
006 (78852668.015.000) 2026-10-01 19:09:40 Image size of job updated: 763044
	746  -  MemoryUsage of job (MB)
	763020  -  ResidentSetSize of job (KB)
...
006 (78852668.015.000) 2026-10-01 19:14:40 Image size of job updated: 769012
	751  -  MemoryUsage of job (MB)
	769012  -  ResidentSetSize of job (KB)
...
006 (78852668.015.000) 2026-10-01 19:19:40 Image size of job updated: 769292
	752  -  MemoryUsage of job (MB)
	769292  -  ResidentSetSize of job (KB)
...
006 (78852668.015.000) 2026-10-01 19:24:41 Image size of job updated: 769432
	752  -  MemoryUsage of job (MB)
	769432  -  ResidentSetSize of job (KB)
...
006 (78852668.015.000) 2026-10-01 19:29:41 Image size of job updated: 776428
	759  -  MemoryUsage of job (MB)
	776428  -  ResidentSetSize of job (KB)
...
006 (78852668.015.000) 2026-10-01 19:34:42 Image size of job updated: 776472
	759  -  MemoryUsage of job (MB)
	776472  -  ResidentSetSize of job (KB)
...
006 (78852668.015.000) 2026-10-01 19:39:42 Image size of job updated: 779484
	760  -  MemoryUsage of job (MB)
	777492  -  ResidentSetSize of job (KB)
...
006 (78852668.015.000) 2026-10-01 19:44:42 Image size of job updated: 779484
	760  -  MemoryUsage of job (MB)
	777500  -  ResidentSetSize of job (KB)
...
006 (78852668.015.000) 2026-10-01 19:49:43 Image size of job updated: 780692
	763  -  MemoryUsage of job (MB)
	780692  -  ResidentSetSize of job (KB)
...
006 (78852668.015.000) 2026-10-01 19:54:43 Image size of job updated: 780716
	763  -  MemoryUsage of job (MB)
	780716  -  ResidentSetSize of job (KB)
...
006 (78852668.015.000) 2026-10-01 19:59:44 Image size of job updated: 790140
	770  -  MemoryUsage of job (MB)
	788196  -  ResidentSetSize of job (KB)
...
006 (78852668.015.000) 2026-10-01 20:04:45 Image size of job updated: 790140
	770  -  MemoryUsage of job (MB)
	788256  -  ResidentSetSize of job (KB)
...
006 (78852668.015.000) 2026-10-01 20:09:45 Image size of job updated: 796808
	778  -  MemoryUsage of job (MB)
	795828  -  ResidentSetSize of job (KB)
...
006 (78852668.015.000) 2026-10-01 20:14:46 Image size of job updated: 796808
	778  -  MemoryUsage of job (MB)
	795880  -  ResidentSetSize of job (KB)
...
006 (78852668.015.000) 2026-10-01 20:19:46 Image size of job updated: 807896
	788  -  MemoryUsage of job (MB)
	806472  -  ResidentSetSize of job (KB)
...
006 (78852668.015.000) 2026-10-01 20:24:47 Image size of job updated: 807896
	788  -  MemoryUsage of job (MB)
	806508  -  ResidentSetSize of job (KB)
...
006 (78852668.015.000) 2026-10-01 20:29:48 Image size of job updated: 808100
	789  -  MemoryUsage of job (MB)
	807888  -  ResidentSetSize of job (KB)
...
006 (78852668.015.000) 2026-10-01 20:34:48 Image size of job updated: 808100
	790  -  MemoryUsage of job (MB)
	807940  -  ResidentSetSize of job (KB)
...
006 (78852668.015.000) 2026-10-01 20:39:49 Image size of job updated: 818184
	792  -  MemoryUsage of job (MB)
	811008  -  ResidentSetSize of job (KB)
...
006 (78852668.015.000) 2026-10-01 20:44:49 Image size of job updated: 818184
	793  -  MemoryUsage of job (MB)
	811032  -  ResidentSetSize of job (KB)
...
006 (78852668.015.000) 2026-10-01 20:49:50 Image size of job updated: 818184
	796  -  MemoryUsage of job (MB)
	814088  -  ResidentSetSize of job (KB)
...
006 (78852668.015.000) 2026-10-01 20:54:51 Image size of job updated: 818184
	796  -  MemoryUsage of job (MB)
	814104  -  ResidentSetSize of job (KB)
...
006 (78852668.015.000) 2026-10-01 21:19:54 Image size of job updated: 818184
	798  -  MemoryUsage of job (MB)
	816788  -  ResidentSetSize of job (KB)
...
006 (78852668.015.000) 2026-10-01 21:24:54 Image size of job updated: 818184
	798  -  MemoryUsage of job (MB)
	816808  -  ResidentSetSize of job (KB)
...
006 (78852668.015.000) 2026-10-01 21:29:55 Image size of job updated: 819592
	801  -  MemoryUsage of job (MB)
	819592  -  ResidentSetSize of job (KB)
...
006 (78852668.015.000) 2026-10-01 21:34:55 Image size of job updated: 819644
	801  -  MemoryUsage of job (MB)
	819644  -  ResidentSetSize of job (KB)
...
006 (78852668.015.000) 2026-10-01 21:39:56 Image size of job updated: 823644
	801  -  MemoryUsage of job (MB)
	819644  -  ResidentSetSize of job (KB)
...
006 (78852668.015.000) 2026-10-01 21:49:57 Image size of job updated: 832128
	811  -  MemoryUsage of job (MB)
	830112  -  ResidentSetSize of job (KB)
...
006 (78852668.015.000) 2026-10-01 21:54:58 Image size of job updated: 832128
	811  -  MemoryUsage of job (MB)
	830196  -  ResidentSetSize of job (KB)
...
006 (78852668.015.000) 2026-10-01 21:59:58 Image size of job updated: 839900
	821  -  MemoryUsage of job (MB)
	839900  -  ResidentSetSize of job (KB)
...
006 (78852668.015.000) 2026-10-01 22:04:58 Image size of job updated: 839908
	821  -  MemoryUsage of job (MB)
	839908  -  ResidentSetSize of job (KB)
...
006 (78852668.015.000) 2026-10-01 22:09:59 Image size of job updated: 841332
	821  -  MemoryUsage of job (MB)
	839908  -  ResidentSetSize of job (KB)
...
006 (78852668.015.000) 2026-10-01 22:20:00 Image size of job updated: 847312
	823  -  MemoryUsage of job (MB)
	842032  -  ResidentSetSize of job (KB)
...
006 (78852668.015.000) 2026-10-01 22:25:01 Image size of job updated: 847312
	823  -  MemoryUsage of job (MB)
	842040  -  ResidentSetSize of job (KB)
...
006 (78852668.015.000) 2026-10-01 22:40:02 Image size of job updated: 847312
	828  -  MemoryUsage of job (MB)
	846892  -  ResidentSetSize of job (KB)
...
006 (78852668.015.000) 2026-10-01 23:15:07 Image size of job updated: 850452
	830  -  MemoryUsage of job (MB)
	849452  -  ResidentSetSize of job (KB)
...
006 (78852668.015.000) 2026-10-01 23:20:07 Image size of job updated: 850452
	830  -  MemoryUsage of job (MB)
	849460  -  ResidentSetSize of job (KB)
...
006 (78852668.015.000) 2026-10-01 23:25:08 Image size of job updated: 853844
	834  -  MemoryUsage of job (MB)
	853844  -  ResidentSetSize of job (KB)
...
006 (78852668.015.000) 2026-10-01 23:30:08 Image size of job updated: 853860
	834  -  MemoryUsage of job (MB)
	853860  -  ResidentSetSize of job (KB)
...
006 (78852668.015.000) 2026-10-01 23:35:09 Image size of job updated: 854152
	834  -  MemoryUsage of job (MB)
	853860  -  ResidentSetSize of job (KB)
...
006 (78852668.015.000) 2026-10-01 23:55:11 Image size of job updated: 856280
	837  -  MemoryUsage of job (MB)
	856280  -  ResidentSetSize of job (KB)
...
006 (78852668.015.000) 2026-10-02 00:00:12 Image size of job updated: 856284
	837  -  MemoryUsage of job (MB)
	856284  -  ResidentSetSize of job (KB)
...
006 (78852668.015.000) 2026-10-02 00:05:12 Image size of job updated: 856288
	837  -  MemoryUsage of job (MB)
	856284  -  ResidentSetSize of job (KB)
...
006 (78852668.015.000) 2026-10-02 00:35:14 Image size of job updated: 862200
	842  -  MemoryUsage of job (MB)
	862200  -  ResidentSetSize of job (KB)
...
006 (78852668.015.000) 2026-10-02 00:40:15 Image size of job updated: 862208
	842  -  MemoryUsage of job (MB)
	862208  -  ResidentSetSize of job (KB)
...
006 (78852668.015.000) 2026-10-02 00:45:15 Image size of job updated: 878520
	842  -  MemoryUsage of job (MB)
	862208  -  ResidentSetSize of job (KB)
...
006 (78852668.015.000) 2026-10-02 01:05:18 Image size of job updated: 879596
	842  -  MemoryUsage of job (MB)
	862208  -  ResidentSetSize of job (KB)
...
006 (78852668.015.000) 2026-10-02 01:40:21 Image size of job updated: 879596
	844  -  MemoryUsage of job (MB)
	863840  -  ResidentSetSize of job (KB)
...
006 (78852668.015.000) 2026-10-02 01:45:22 Image size of job updated: 879596
	844  -  MemoryUsage of job (MB)
	863864  -  ResidentSetSize of job (KB)
...
006 (78852668.015.000) 2026-10-02 01:50:23 Image size of job updated: 879596
	846  -  MemoryUsage of job (MB)
	865464  -  ResidentSetSize of job (KB)
...
006 (78852668.015.000) 2026-10-02 01:55:23 Image size of job updated: 879596
	846  -  MemoryUsage of job (MB)
	865472  -  ResidentSetSize of job (KB)
...
006 (78852668.015.000) 2026-10-02 02:00:24 Image size of job updated: 880012
	859  -  MemoryUsage of job (MB)
	879500  -  ResidentSetSize of job (KB)
...
006 (78852668.015.000) 2026-10-02 02:05:25 Image size of job updated: 880012
	859  -  MemoryUsage of job (MB)
	879504  -  ResidentSetSize of job (KB)
...
006 (78852668.015.000) 2026-10-02 02:10:25 Image size of job updated: 880348
	859  -  MemoryUsage of job (MB)
	879504  -  ResidentSetSize of job (KB)
...
006 (78852668.015.000) 2026-10-02 02:20:27 Image size of job updated: 880424
	859  -  MemoryUsage of job (MB)
	879504  -  ResidentSetSize of job (KB)
...
006 (78852668.015.000) 2026-10-02 02:30:27 Image size of job updated: 881564
	859  -  MemoryUsage of job (MB)
	879504  -  ResidentSetSize of job (KB)
...
006 (78852668.015.000) 2026-10-02 02:40:28 Image size of job updated: 906500
	864  -  MemoryUsage of job (MB)
	884248  -  ResidentSetSize of job (KB)
...
006 (78852668.015.000) 2026-10-02 02:45:28 Image size of job updated: 906500
	864  -  MemoryUsage of job (MB)
	884256  -  ResidentSetSize of job (KB)
...
006 (78852668.015.000) 2026-10-02 02:50:29 Image size of job updated: 906500
	867  -  MemoryUsage of job (MB)
	886824  -  ResidentSetSize of job (KB)
...
006 (78852668.015.000) 2026-10-02 02:55:29 Image size of job updated: 906500
	867  -  MemoryUsage of job (MB)
	886832  -  ResidentSetSize of job (KB)
...
006 (78852668.015.000) 2026-10-02 03:00:29 Image size of job updated: 907404
	876  -  MemoryUsage of job (MB)
	896660  -  ResidentSetSize of job (KB)
...
006 (78852668.015.000) 2026-10-02 03:05:30 Image size of job updated: 907404
	876  -  MemoryUsage of job (MB)
	896752  -  ResidentSetSize of job (KB)
...
006 (78852668.015.000) 2026-10-02 03:10:30 Image size of job updated: 907404
	877  -  MemoryUsage of job (MB)
	897476  -  ResidentSetSize of job (KB)
...
006 (78852668.015.000) 2026-10-02 03:15:30 Image size of job updated: 907404
	877  -  MemoryUsage of job (MB)
	897520  -  ResidentSetSize of job (KB)
...
006 (78852668.015.000) 2026-10-02 03:50:33 Image size of job updated: 907404
	878  -  MemoryUsage of job (MB)
	898316  -  ResidentSetSize of job (KB)
...
006 (78852668.015.000) 2026-10-02 03:55:33 Image size of job updated: 907404
	878  -  MemoryUsage of job (MB)
	898332  -  ResidentSetSize of job (KB)
...
006 (78852668.015.000) 2026-10-02 04:00:33 Image size of job updated: 911464
	884  -  MemoryUsage of job (MB)
	904224  -  ResidentSetSize of job (KB)
...
006 (78852668.015.000) 2026-10-02 04:05:34 Image size of job updated: 911464
	885  -  MemoryUsage of job (MB)
	905400  -  ResidentSetSize of job (KB)
...
006 (78852668.015.000) 2026-10-02 04:10:34 Image size of job updated: 911464
	885  -  MemoryUsage of job (MB)
	905416  -  ResidentSetSize of job (KB)
...
006 (78852668.015.000) 2026-10-02 04:15:34 Image size of job updated: 954032
	885  -  MemoryUsage of job (MB)
	905416  -  ResidentSetSize of job (KB)
...
006 (78852668.015.000) 2026-10-02 04:25:36 Image size of job updated: 954032
	894  -  MemoryUsage of job (MB)
	914508  -  ResidentSetSize of job (KB)
...
006 (78852668.015.000) 2026-10-02 04:30:36 Image size of job updated: 954032
	894  -  MemoryUsage of job (MB)
	914576  -  ResidentSetSize of job (KB)
...
006 (78852668.015.000) 2026-10-02 04:35:37 Image size of job updated: 954032
	898  -  MemoryUsage of job (MB)
	918828  -  ResidentSetSize of job (KB)
...
006 (78852668.015.000) 2026-10-02 04:40:38 Image size of job updated: 954032
	898  -  MemoryUsage of job (MB)
	918848  -  ResidentSetSize of job (KB)
...
006 (78852668.015.000) 2026-10-02 05:15:42 Image size of job updated: 990068
	902  -  MemoryUsage of job (MB)
	922776  -  ResidentSetSize of job (KB)
...
006 (78852668.015.000) 2026-10-02 05:20:42 Image size of job updated: 990068
	902  -  MemoryUsage of job (MB)
	922788  -  ResidentSetSize of job (KB)
...
006 (78852668.015.000) 2026-10-02 05:28:51 Image size of job updated: 994980
	902  -  MemoryUsage of job (MB)
	922788  -  ResidentSetSize of job (KB)
...
005 (78852668.015.000) 2026-10-02 05:28:51 Job terminated.
	(1) Normal termination (return value 0)
		Usr 1 19:05:17, Sys 0 00:03:28  -  Run Remote Usage
		Usr 0 00:00:00, Sys 0 00:00:00  -  Run Local Usage
		Usr 2 11:58:50, Sys 0 00:05:37  -  Total Remote Usage
		Usr 0 00:00:00, Sys 0 00:00:00  -  Total Local Usage
	0  -  Run Bytes Sent By Job
	0  -  Run Bytes Received By Job
	0  -  Total Bytes Sent By Job
	0  -  Total Bytes Received By Job
	Partitionable Resources :    Usage  Request Allocated 
	   Cpus                 :     3.28        4         4 
	   Disk (KB)            : 25000       25000     28672 
	   GPUs                 :                           0 
	   Memory (MB)          :   902       15000     15104 
	   TimeExecute (s)      : 47979                       
	   TimeSlotBusy (s)     : 47980                       
...
000 (78854871.015.000) 2026-10-03 17:15:41 Job submitted from host: <10.14.0.121:9618?addrs=10.14.0.121-9618&alias=ldas-pcdev12.ligo.caltech.edu&noUDP&sock=schedd_623140_c9b4>
...
022 (78854871.015.000) 2026-10-03 18:16:46 Job disconnected, attempting to reconnect
    Socket between submit and execute hosts closed unexpectedly
    Trying to reconnect to slot1_5@node2113.cluster.ldas.cit <10.14.9.113:9618?addrs=10.14.9.113-9618&alias=node2113.cluster.ldas.cit&noUDP&sock=startd_744877_3e88>
...
024 (78854871.015.000) 2026-10-03 18:16:46 Job reconnection failed
    Job disconnected too long: JobLeaseDuration (2400 seconds) expired
    Can not reconnect to slot1_5@node2113.cluster.ldas.cit, rescheduling job
...
004 (78854871.015.000) 2026-10-03 18:16:46 Job was evicted. Code 1008 Subcode 0
	(0) CPU times
		Usr 0 00:00:00, Sys 0 00:00:00  -  Run Remote Usage
		Usr 0 00:00:00, Sys 0 00:00:00  -  Run Local Usage
	0  -  Run Bytes Sent By Job
	0  -  Run Bytes Received By Job
	Reason: Job disconnected too long: JobLeaseDuration (2400 seconds) expired
	Partitionable Resources :    Usage  Request Allocated 
	   Cpus                 :                 4         4 
	   Disk (KB)            :    25000    25000     28672 
	   GPUs                 :                           0 
	   Memory (MB)          :             15000     15104 
...
022 (78854871.015.000) 2026-10-03 19:19:22 Job disconnected, attempting to reconnect
    Socket between submit and execute hosts closed unexpectedly
    Trying to reconnect to slot1_9@node752.cluster.ldas.cit <10.14.4.2:9618?addrs=10.14.4.2-9618&alias=node752.cluster.ldas.cit&noUDP&sock=startd_830143_a0cd>
...
024 (78854871.015.000) 2026-10-03 19:19:22 Job reconnection failed
    Job disconnected too long: JobLeaseDuration (2400 seconds) expired
    Can not reconnect to slot1_9@node752.cluster.ldas.cit, rescheduling job
...
004 (78854871.015.000) 2026-10-03 19:19:23 Job was evicted. Code 1008 Subcode 0
	(0) CPU times
		Usr 0 00:00:00, Sys 0 00:00:00  -  Run Remote Usage
		Usr 0 00:00:00, Sys 0 00:00:00  -  Run Local Usage
	0  -  Run Bytes Sent By Job
	0  -  Run Bytes Received By Job
	Reason: Job disconnected too long: JobLeaseDuration (2400 seconds) expired
	Partitionable Resources :    Usage  Request Allocated 
	   Cpus                 :                 4         4 
	   Disk (KB)            :    25000    25000     28672 
	   GPUs                 :                           0 
	   Memory (MB)          :             15000     15104 
...
001 (78854871.015.000) 2026-10-03 19:20:32 Job executing on host: <10.14.9.132:9618?addrs=10.14.9.132-9618&alias=node2132.cluster.ldas.cit&noUDP&sock=startd_130654_5aea>
	SlotName: slot1_4@node2132.cluster.ldas.cit
	CondorScratchDir = "/var/lib/condor/execute/dir_3171946/scratch"
	Cpus = 4
	Disk = 28672
	GPUs = 0
	Memory = 15104
...
006 (78854871.015.000) 2026-10-03 19:20:33 Image size of job updated: 25000
	0  -  MemoryUsage of job (MB)
	0  -  ResidentSetSize of job (KB)
...
005 (78854871.015.000) 2026-10-03 19:20:33 Job terminated.
	(1) Normal termination (return value 1)
		Usr 0 00:00:00, Sys 0 00:00:00  -  Run Remote Usage
		Usr 0 00:00:00, Sys 0 00:00:00  -  Run Local Usage
		Usr 0 00:00:00, Sys 0 00:00:00  -  Total Remote Usage
		Usr 0 00:00:00, Sys 0 00:00:00  -  Total Local Usage
	0  -  Run Bytes Sent By Job
	0  -  Run Bytes Received By Job
	0  -  Total Bytes Sent By Job
	0  -  Total Bytes Received By Job
	Partitionable Resources :    Usage  Request Allocated 
	   Cpus                 :                 4         4 
	   Disk (KB)            :    25000    25000     28672 
	   GPUs                 :                           0 
	   Memory (MB)          :        0    15000     15104 
	   TimeExecute (s)      :        1                    
	   TimeSlotBusy (s)     :        1                    
...
000 (78854907.015.000) 2026-10-03 21:37:08 Job submitted from host: <10.14.0.121:9618?addrs=10.14.0.121-9618&alias=ldas-pcdev12.ligo.caltech.edu&noUDP&sock=schedd_623140_c9b4>
...
001 (78854907.015.000) 2026-10-03 21:38:42 Job executing on host: <10.14.5.116:9618?addrs=10.14.5.116-9618&alias=node1116.cluster.ldas.cit&noUDP&sock=startd_141165_06e1>
	SlotName: slot1_1@node1116.cluster.ldas.cit
	CondorScratchDir = "/var/lib/condor/execute/dir_684152/scratch"
	Cpus = 4
	Disk = 28672
	GPUs = 0
	Memory = 15104
...
006 (78854907.015.000) 2026-10-03 21:38:50 Image size of job updated: 169072
	166  -  MemoryUsage of job (MB)
	169072  -  ResidentSetSize of job (KB)
...
006 (78854907.015.000) 2026-10-03 21:39:09 Image size of job updated: 515836
	166  -  MemoryUsage of job (MB)
	169072  -  ResidentSetSize of job (KB)
...
005 (78854907.015.000) 2026-10-03 21:39:09 Job terminated.
	(1) Normal termination (return value 0)
		Usr 0 00:00:19, Sys 0 00:00:01  -  Run Remote Usage
		Usr 0 00:00:00, Sys 0 00:00:00  -  Run Local Usage
		Usr 0 00:00:19, Sys 0 00:00:01  -  Total Remote Usage
		Usr 0 00:00:00, Sys 0 00:00:00  -  Total Local Usage
	0  -  Run Bytes Sent By Job
	0  -  Run Bytes Received By Job
	0  -  Total Bytes Sent By Job
	0  -  Total Bytes Received By Job
	Partitionable Resources :    Usage  Request Allocated 
	   Cpus                 :        0        4         4 
	   Disk (KB)            :    25000    25000     28672 
	   GPUs                 :                           0 
	   Memory (MB)          :      166    15000     15104 
	   TimeExecute (s)      :       27                    
	   TimeSlotBusy (s)     :       28                    
...
000 (78855136.015.000) 2026-10-04 13:45:07 Job submitted from host: <10.14.0.121:9618?addrs=10.14.0.121-9618&alias=ldas-pcdev12.ligo.caltech.edu&noUDP&sock=schedd_623140_c9b4>
...
001 (78855136.015.000) 2026-10-04 13:49:18 Job executing on host: <10.14.5.120:9618?addrs=10.14.5.120-9618&alias=node1120.cluster.ldas.cit&noUDP&sock=startd_78626_7982>
	SlotName: slot1_1@node1120.cluster.ldas.cit
	CondorScratchDir = "/var/lib/condor/execute/dir_1421115/scratch"
	Cpus = 4
	Disk = 28672
	GPUs = 0
	Memory = 15104
...
006 (78855136.015.000) 2026-10-04 13:49:26 Image size of job updated: 228900
	224  -  MemoryUsage of job (MB)
	228900  -  ResidentSetSize of job (KB)
...
006 (78855136.015.000) 2026-10-04 13:49:31 Image size of job updated: 513904
	224  -  MemoryUsage of job (MB)
	228908  -  ResidentSetSize of job (KB)
...
005 (78855136.015.000) 2026-10-04 13:49:31 Job terminated.
	(1) Normal termination (return value 0)
		Usr 0 00:00:11, Sys 0 00:00:00  -  Run Remote Usage
		Usr 0 00:00:00, Sys 0 00:00:00  -  Run Local Usage
		Usr 0 00:00:11, Sys 0 00:00:00  -  Total Remote Usage
		Usr 0 00:00:00, Sys 0 00:00:00  -  Total Local Usage
	0  -  Run Bytes Sent By Job
	0  -  Run Bytes Received By Job
	0  -  Total Bytes Sent By Job
	0  -  Total Bytes Received By Job
	Partitionable Resources :    Usage  Request Allocated 
	   Cpus                 :        0        4         4 
	   Disk (KB)            :    25000    25000     28672 
	   GPUs                 :                           0 
	   Memory (MB)          :      224    15000     15104 
	   TimeExecute (s)      :       13                    
	   TimeSlotBusy (s)     :       14                    
...
