000 (78852668.016.000) 2026-10-01 10:44:08 Job submitted from host: <10.14.0.121:9618?addrs=10.14.0.121-9618&alias=ldas-pcdev12.ligo.caltech.edu&noUDP&sock=schedd_623140_c9b4>
...
001 (78852668.016.000) 2026-10-01 10:47:07 Job executing on host: <10.14.10.29:9618?addrs=10.14.10.29-9618&alias=node2279.cluster.ldas.cit&noUDP&sock=startd_2463521_13dc>
	SlotName: slot1_33@node2279.cluster.ldas.cit
	CondorScratchDir = "/var/lib/condor/execute/dir_3443575/scratch"
	Cpus = 4
	Disk = 28672
	GPUs = 0
	Memory = 15104
...
006 (78852668.016.000) 2026-10-01 10:47:16 Image size of job updated: 535004
	523  -  MemoryUsage of job (MB)
	535004  -  ResidentSetSize of job (KB)
...
006 (78852668.016.000) 2026-10-01 10:52:17 Image size of job updated: 791328
	751  -  MemoryUsage of job (MB)
	769020  -  ResidentSetSize of job (KB)
...
006 (78852668.016.000) 2026-10-01 10:57:17 Image size of job updated: 791328
	761  -  MemoryUsage of job (MB)
	779024  -  ResidentSetSize of job (KB)
...
006 (78852668.016.000) 2026-10-01 11:02:17 Image size of job updated: 791328
	762  -  MemoryUsage of job (MB)
	779684  -  ResidentSetSize of job (KB)
...
006 (78852668.016.000) 2026-10-01 11:07:18 Image size of job updated: 914972
	894  -  MemoryUsage of job (MB)
	914972  -  ResidentSetSize of job (KB)
...
006 (78852668.016.000) 2026-10-01 11:12:18 Image size of job updated: 915156
	894  -  MemoryUsage of job (MB)
	915156  -  ResidentSetSize of job (KB)
...
006 (78852668.016.000) 2026-10-01 11:17:19 Image size of job updated: 929928
	907  -  MemoryUsage of job (MB)
	928104  -  ResidentSetSize of job (KB)
...
006 (78852668.016.000) 2026-10-01 11:22:20 Image size of job updated: 929928
	907  -  MemoryUsage of job (MB)
	928144  -  ResidentSetSize of job (KB)
...
006 (78852668.016.000) 2026-10-01 11:27:20 Image size of job updated: 929928
	907  -  MemoryUsage of job (MB)
	928508  -  ResidentSetSize of job (KB)
...
006 (78852668.016.000) 2026-10-01 11:32:21 Image size of job updated: 929928
	908  -  MemoryUsage of job (MB)
	928964  -  ResidentSetSize of job (KB)
...
006 (78852668.016.000) 2026-10-01 11:37:21 Image size of job updated: 929928
	908  -  MemoryUsage of job (MB)
	929092  -  ResidentSetSize of job (KB)
...
006 (78852668.016.000) 2026-10-01 11:42:21 Image size of job updated: 929928
	908  -  MemoryUsage of job (MB)
	929320  -  ResidentSetSize of job (KB)
...
006 (78852668.016.000) 2026-10-01 11:47:22 Image size of job updated: 931768
	910  -  MemoryUsage of job (MB)
	931768  -  ResidentSetSize of job (KB)
...
006 (78852668.016.000) 2026-10-01 11:52:22 Image size of job updated: 931784
	910  -  MemoryUsage of job (MB)
	931784  -  ResidentSetSize of job (KB)
...
006 (78852668.016.000) 2026-10-01 11:57:22 Image size of job updated: 937840
	916  -  MemoryUsage of job (MB)
	937840  -  ResidentSetSize of job (KB)
...
006 (78852668.016.000) 2026-10-01 12:02:23 Image size of job updated: 937852
	916  -  MemoryUsage of job (MB)
	937852  -  ResidentSetSize of job (KB)
...
006 (78852668.016.000) 2026-10-01 12:07:23 Image size of job updated: 938516
	917  -  MemoryUsage of job (MB)
	938516  -  ResidentSetSize of job (KB)
...
006 (78852668.016.000) 2026-10-01 12:17:24 Image size of job updated: 946840
	925  -  MemoryUsage of job (MB)
	946840  -  ResidentSetSize of job (KB)
...
006 (78852668.016.000) 2026-10-01 12:27:25 Image size of job updated: 946856
	925  -  MemoryUsage of job (MB)
	946856  -  ResidentSetSize of job (KB)
...
006 (78852668.016.000) 2026-10-01 12:32:26 Image size of job updated: 946864
	925  -  MemoryUsage of job (MB)
	946864  -  ResidentSetSize of job (KB)
...
006 (78852668.016.000) 2026-10-01 12:37:26 Image size of job updated: 946880
	925  -  MemoryUsage of job (MB)
	946880  -  ResidentSetSize of job (KB)
...
006 (78852668.016.000) 2026-10-01 12:42:27 Image size of job updated: 946888
	925  -  MemoryUsage of job (MB)
	946888  -  ResidentSetSize of job (KB)
...
006 (78852668.016.000) 2026-10-01 12:47:28 Image size of job updated: 952252
	930  -  MemoryUsage of job (MB)
	952252  -  ResidentSetSize of job (KB)
...
006 (78852668.016.000) 2026-10-01 12:52:28 Image size of job updated: 1008964
	986  -  MemoryUsage of job (MB)
	1008964  -  ResidentSetSize of job (KB)
...
006 (78852668.016.000) 2026-10-01 12:57:29 Image size of job updated: 1015636
	991  -  MemoryUsage of job (MB)
	1014636  -  ResidentSetSize of job (KB)
...
006 (78852668.016.000) 2026-10-01 13:07:29 Image size of job updated: 1016800
	992  -  MemoryUsage of job (MB)
	1015796  -  ResidentSetSize of job (KB)
...
006 (78852668.016.000) 2026-10-01 13:12:30 Image size of job updated: 1079064
	1054  -  MemoryUsage of job (MB)
	1079064  -  ResidentSetSize of job (KB)
...
006 (78852668.016.000) 2026-10-01 13:17:30 Image size of job updated: 1140096
	1114  -  MemoryUsage of job (MB)
	1140096  -  ResidentSetSize of job (KB)
...
006 (78852668.016.000) 2026-10-01 13:22:31 Image size of job updated: 1162184
	1135  -  MemoryUsage of job (MB)
	1162184  -  ResidentSetSize of job (KB)
...
006 (78852668.016.000) 2026-10-01 13:27:32 Image size of job updated: 1229964
	1202  -  MemoryUsage of job (MB)
	1229964  -  ResidentSetSize of job (KB)
...
006 (78852668.016.000) 2026-10-01 13:32:32 Image size of job updated: 1235964
	1207  -  MemoryUsage of job (MB)
	1235964  -  ResidentSetSize of job (KB)
...
006 (78852668.016.000) 2026-10-01 13:47:34 Image size of job updated: 1245556
	1209  -  MemoryUsage of job (MB)
	1238012  -  ResidentSetSize of job (KB)
...
006 (78852668.016.000) 2026-10-01 13:57:35 Image size of job updated: 1245556
	1210  -  MemoryUsage of job (MB)
	1239024  -  ResidentSetSize of job (KB)
...
006 (78852668.016.000) 2026-10-01 14:17:37 Image size of job updated: 1245556
	1210  -  MemoryUsage of job (MB)
	1239028  -  ResidentSetSize of job (KB)
...
006 (78852668.016.000) 2026-10-01 14:22:37 Image size of job updated: 1245556
	1210  -  MemoryUsage of job (MB)
	1239032  -  ResidentSetSize of job (KB)
...
006 (78852668.016.000) 2026-10-01 14:32:38 Image size of job updated: 1245556
	1210  -  MemoryUsage of job (MB)
	1239036  -  ResidentSetSize of job (KB)
...
006 (78852668.016.000) 2026-10-01 14:42:39 Image size of job updated: 1245556
	1212  -  MemoryUsage of job (MB)
	1240080  -  ResidentSetSize of job (KB)
...
006 (78852668.016.000) 2026-10-01 14:52:40 Image size of job updated: 1245556
	1212  -  MemoryUsage of job (MB)
	1241088  -  ResidentSetSize of job (KB)
...
006 (78852668.016.000) 2026-10-01 15:32:45 Image size of job updated: 1245556
	1213  -  MemoryUsage of job (MB)
	1242112  -  ResidentSetSize of job (KB)
...
006 (78852668.016.000) 2026-10-01 16:17:50 Image size of job updated: 1245556
	1214  -  MemoryUsage of job (MB)
	1242116  -  ResidentSetSize of job (KB)
...
006 (78852668.016.000) 2026-10-01 16:37:52 Image size of job updated: 1245556
	1214  -  MemoryUsage of job (MB)
	1242120  -  ResidentSetSize of job (KB)
...
006 (78852668.016.000) 2026-10-01 16:57:54 Image size of job updated: 1245556
	1215  -  MemoryUsage of job (MB)
	1243680  -  ResidentSetSize of job (KB)
...
006 (78852668.016.000) 2026-10-01 17:17:57 Image size of job updated: 1245556
	1216  -  MemoryUsage of job (MB)
	1244904  -  ResidentSetSize of job (KB)
...
006 (78852668.016.000) 2026-10-01 17:32:58 Image size of job updated: 1245556
	1216  -  MemoryUsage of job (MB)
	1244908  -  ResidentSetSize of job (KB)
...
006 (78852668.016.000) 2026-10-01 17:37:59 Image size of job updated: 1245708
	1216  -  MemoryUsage of job (MB)
	1244908  -  ResidentSetSize of job (KB)
...
006 (78852668.016.000) 2026-10-01 18:43:06 Image size of job updated: 1245812
	1217  -  MemoryUsage of job (MB)
	1245812  -  ResidentSetSize of job (KB)
...
006 (78852668.016.000) 2026-10-01 18:53:07 Image size of job updated: 1247792
	1219  -  MemoryUsage of job (MB)
	1247792  -  ResidentSetSize of job (KB)
...
006 (78852668.016.000) 2026-10-01 19:23:09 Image size of job updated: 1248912
	1220  -  MemoryUsage of job (MB)
	1248912  -  ResidentSetSize of job (KB)
...
006 (78852668.016.000) 2026-10-01 19:28:10 Image size of job updated: 1248916
	1220  -  MemoryUsage of job (MB)
	1248916  -  ResidentSetSize of job (KB)
...
006 (78852668.016.000) 2026-10-01 20:38:17 Image size of job updated: 1251576
	1223  -  MemoryUsage of job (MB)
	1251576  -  ResidentSetSize of job (KB)
...
006 (78852668.016.000) 2026-10-01 20:58:19 Image size of job updated: 1252364
	1224  -  MemoryUsage of job (MB)
	1252364  -  ResidentSetSize of job (KB)
...
006 (78852668.016.000) 2026-10-01 22:03:26 Image size of job updated: 1253436
	1225  -  MemoryUsage of job (MB)
	1253436  -  ResidentSetSize of job (KB)
...
006 (78852668.016.000) 2026-10-01 22:13:27 Image size of job updated: 1254416
	1225  -  MemoryUsage of job (MB)
	1253436  -  ResidentSetSize of job (KB)
...
006 (78852668.016.000) 2026-10-01 23:03:32 Image size of job updated: 1254416
	1226  -  MemoryUsage of job (MB)
	1254416  -  ResidentSetSize of job (KB)
...
006 (78852668.016.000) 2026-10-01 23:23:34 Image size of job updated: 1254420
	1226  -  MemoryUsage of job (MB)
	1254420  -  ResidentSetSize of job (KB)
...
006 (78852668.016.000) 2026-10-01 23:28:34 Image size of job updated: 1256468
	1228  -  MemoryUsage of job (MB)
	1256468  -  ResidentSetSize of job (KB)
...
006 (78852668.016.000) 2026-10-01 23:58:37 Image size of job updated: 1257488
	1228  -  MemoryUsage of job (MB)
	1256468  -  ResidentSetSize of job (KB)
...
006 (78852668.016.000) 2026-10-02 00:18:39 Image size of job updated: 1258516
	1229  -  MemoryUsage of job (MB)
	1257492  -  ResidentSetSize of job (KB)
...
006 (78852668.016.000) 2026-10-02 00:58:43 Image size of job updated: 1260544
	1231  -  MemoryUsage of job (MB)
	1260544  -  ResidentSetSize of job (KB)
...
006 (78852668.016.000) 2026-10-02 01:23:45 Image size of job updated: 1261568
	1232  -  MemoryUsage of job (MB)
	1261568  -  ResidentSetSize of job (KB)
...
006 (78852668.016.000) 2026-10-02 01:33:46 Image size of job updated: 1262592
	1233  -  MemoryUsage of job (MB)
	1262592  -  ResidentSetSize of job (KB)
...
006 (78852668.016.000) 2026-10-02 04:54:06 Image size of job updated: 1264652
	1235  -  MemoryUsage of job (MB)
	1264640  -  ResidentSetSize of job (KB)
...
006 (78852668.016.000) 2026-10-02 05:59:12 Image size of job updated: 1267712
	1238  -  MemoryUsage of job (MB)
	1267712  -  ResidentSetSize of job (KB)
...
006 (78852668.016.000) 2026-10-02 07:09:19 Image size of job updated: 1268744
	1239  -  MemoryUsage of job (MB)
	1267720  -  ResidentSetSize of job (KB)
...
006 (78852668.016.000) 2026-10-02 07:54:25 Image size of job updated: 1268744
	1240  -  MemoryUsage of job (MB)
	1268744  -  ResidentSetSize of job (KB)
...
006 (78852668.016.000) 2026-10-02 08:14:27 Image size of job updated: 1268748
	1240  -  MemoryUsage of job (MB)
	1268748  -  ResidentSetSize of job (KB)
...
006 (78852668.016.000) 2026-10-02 08:34:29 Image size of job updated: 1270928
	1240  -  MemoryUsage of job (MB)
	1268748  -  ResidentSetSize of job (KB)
...
006 (78852668.016.000) 2026-10-02 09:59:38 Image size of job updated: 1286268
	1257  -  MemoryUsage of job (MB)
	1286268  -  ResidentSetSize of job (KB)
...
006 (78852668.016.000) 2026-10-02 10:24:41 Image size of job updated: 1286708
	1257  -  MemoryUsage of job (MB)
	1286708  -  ResidentSetSize of job (KB)
...
006 (78852668.016.000) 2026-10-02 10:34:42 Image size of job updated: 1287292
	1258  -  MemoryUsage of job (MB)
	1287292  -  ResidentSetSize of job (KB)
...
006 (78852668.016.000) 2026-10-02 10:39:43 Image size of job updated: 1287308
	1258  -  MemoryUsage of job (MB)
	1287308  -  ResidentSetSize of job (KB)
...
006 (78852668.016.000) 2026-10-02 11:04:46 Image size of job updated: 1287640
	1258  -  MemoryUsage of job (MB)
	1287640  -  ResidentSetSize of job (KB)
...
006 (78852668.016.000) 2026-10-02 11:14:47 Image size of job updated: 1288332
	1259  -  MemoryUsage of job (MB)
	1288332  -  ResidentSetSize of job (KB)
...
006 (78852668.016.000) 2026-10-02 11:49:50 Image size of job updated: 1288372
	1259  -  MemoryUsage of job (MB)
	1288372  -  ResidentSetSize of job (KB)
...
006 (78852668.016.000) 2026-10-02 12:29:56 Image size of job updated: 1288376
	1259  -  MemoryUsage of job (MB)
	1288376  -  ResidentSetSize of job (KB)
...
004 (78852668.016.000) 2026-10-02 12:32:35 Job was evicted. Code 1019 Subcode 0
	(0) CPU times
		Usr 3 07:40:51, Sys 0 00:06:14  -  Run Remote Usage
		Usr 0 00:00:00, Sys 0 00:00:00  -  Run Local Usage
	0  -  Run Bytes Sent By Job
	0  -  Run Bytes Received By Job
	Reason: Preempted for a Priority user
	Partitionable Resources :    Usage  Request Allocated 
	   Cpus                 :     3.95        4         4 
	   Disk (KB)            : 25000       25000     28672 
	   GPUs                 :                           0 
	   Memory (MB)          :  1259       15000     15104 
	   TimeExecute (s)      : 92728                       
	   TimeSlotBusy (s)     : 92728                       
...
001 (78852668.016.000) 2026-10-02 12:34:16 Job executing on host: <10.14.5.115:9618?addrs=10.14.5.115-9618&alias=node1115.cluster.ldas.cit&noUDP&sock=startd_73399_2ffa>
	SlotName: slot1_2@node1115.cluster.ldas.cit
	CondorScratchDir = "/var/lib/condor/execute/dir_591704/scratch"
	Cpus = 4
	Disk = 28672
	GPUs = 0
	Memory = 15104
...
004 (78852668.016.000) 2026-10-03 17:15:39 Job was evicted. Code 1023 Subcode 0
	(0) CPU times
		Usr 4 02:20:17, Sys 0 00:12:32  -  Run Remote Usage
		Usr 0 00:00:00, Sys 0 00:00:00  -  Run Local Usage
	0  -  Run Bytes Sent By Job
	0  -  Run Bytes Received By Job
	Reason: via condor_rm (by user pratyusava.baral)
	Partitionable Resources :     Usage  Request Allocated 
	   Cpus                 :      3.65        4         4 
	   Disk (KB)            :  25000       25000     28672 
	   GPUs                 :                            0 
	   Memory (MB)          :   1465       15000     15104 
	   TimeExecute (s)      : 103283                       
	   TimeSlotBusy (s)     : 103283                       
...
009 (78852668.016.000) 2026-10-03 17:15:39 Job was aborted.
	via condor_rm (by user pratyusava.baral)
...
000 (78854871.016.000) 2026-10-03 17:15:41 Job submitted from host: <10.14.0.121:9618?addrs=10.14.0.121-9618&alias=ldas-pcdev12.ligo.caltech.edu&noUDP&sock=schedd_623140_c9b4>
...
001 (78854871.016.000) 2026-10-03 17:16:40 Job executing on host: <10.14.9.60:9618?addrs=10.14.9.60-9618&alias=node2060.cluster.ldas.cit&noUDP&sock=startd_3865822_ecd9>
	SlotName: slot1_2@node2060.cluster.ldas.cit
	CondorScratchDir = "/var/lib/condor/execute/dir_624667/scratch"
	Cpus = 4
	Disk = 28672
	GPUs = 0
	Memory = 15104
...
006 (78854871.016.000) 2026-10-03 17:16:49 Image size of job updated: 476860
	466  -  MemoryUsage of job (MB)
	476860  -  ResidentSetSize of job (KB)
...
006 (78854871.016.000) 2026-10-03 17:21:50 Image size of job updated: 707024
	691  -  MemoryUsage of job (MB)
	707024  -  ResidentSetSize of job (KB)
...
006 (78854871.016.000) 2026-10-03 17:26:51 Image size of job updated: 879840
	860  -  MemoryUsage of job (MB)
	879840  -  ResidentSetSize of job (KB)
...
006 (78854871.016.000) 2026-10-03 17:31:51 Image size of job updated: 880044
	860  -  MemoryUsage of job (MB)
	880044  -  ResidentSetSize of job (KB)
...
006 (78854871.016.000) 2026-10-03 17:36:52 Image size of job updated: 921592
	899  -  MemoryUsage of job (MB)
	920500  -  ResidentSetSize of job (KB)
...
006 (78854871.016.000) 2026-10-03 17:51:54 Image size of job updated: 935432
	914  -  MemoryUsage of job (MB)
	935432  -  ResidentSetSize of job (KB)
...
006 (78854871.016.000) 2026-10-03 17:56:55 Image size of job updated: 939492
	918  -  MemoryUsage of job (MB)
	939492  -  ResidentSetSize of job (KB)
...
006 (78854871.016.000) 2026-10-03 18:01:55 Image size of job updated: 949000
	924  -  MemoryUsage of job (MB)
	945304  -  ResidentSetSize of job (KB)
...
006 (78854871.016.000) 2026-10-03 18:06:56 Image size of job updated: 949000
	924  -  MemoryUsage of job (MB)
	945408  -  ResidentSetSize of job (KB)
...
006 (78854871.016.000) 2026-10-03 18:11:56 Image size of job updated: 967024
	943  -  MemoryUsage of job (MB)
	964916  -  ResidentSetSize of job (KB)
...
006 (78854871.016.000) 2026-10-03 18:16:56 Image size of job updated: 967024
	943  -  MemoryUsage of job (MB)
	964952  -  ResidentSetSize of job (KB)
...
006 (78854871.016.000) 2026-10-03 18:21:57 Image size of job updated: 968300
	944  -  MemoryUsage of job (MB)
	966304  -  ResidentSetSize of job (KB)
...
006 (78854871.016.000) 2026-10-03 18:26:57 Image size of job updated: 968300
	944  -  MemoryUsage of job (MB)
	966344  -  ResidentSetSize of job (KB)
...
006 (78854871.016.000) 2026-10-03 18:31:57 Image size of job updated: 972580
	948  -  MemoryUsage of job (MB)
	969792  -  ResidentSetSize of job (KB)
...
006 (78854871.016.000) 2026-10-03 18:36:58 Image size of job updated: 972580
	948  -  MemoryUsage of job (MB)
	969824  -  ResidentSetSize of job (KB)
...
006 (78854871.016.000) 2026-10-03 18:41:58 Image size of job updated: 972580
	950  -  MemoryUsage of job (MB)
	972192  -  ResidentSetSize of job (KB)
...
006 (78854871.016.000) 2026-10-03 18:46:58 Image size of job updated: 972580
	950  -  MemoryUsage of job (MB)
	972236  -  ResidentSetSize of job (KB)
...
006 (78854871.016.000) 2026-10-03 18:51:59 Image size of job updated: 973592
	950  -  MemoryUsage of job (MB)
	972576  -  ResidentSetSize of job (KB)
...
006 (78854871.016.000) 2026-10-03 18:56:59 Image size of job updated: 973592
	950  -  MemoryUsage of job (MB)
	972588  -  ResidentSetSize of job (KB)
...
006 (78854871.016.000) 2026-10-03 19:01:59 Image size of job updated: 974692
	950  -  MemoryUsage of job (MB)
	972588  -  ResidentSetSize of job (KB)
...
006 (78854871.016.000) 2026-10-03 19:07:00 Image size of job updated: 974692
	952  -  MemoryUsage of job (MB)
	974680  -  ResidentSetSize of job (KB)
...
006 (78854871.016.000) 2026-10-03 19:12:00 Image size of job updated: 977188
	954  -  MemoryUsage of job (MB)
	976164  -  ResidentSetSize of job (KB)
...
006 (78854871.016.000) 2026-10-03 19:17:00 Image size of job updated: 977188
	954  -  MemoryUsage of job (MB)
	976172  -  ResidentSetSize of job (KB)
...
006 (78854871.016.000) 2026-10-03 19:22:01 Image size of job updated: 977188
	954  -  MemoryUsage of job (MB)
	976204  -  ResidentSetSize of job (KB)
...
006 (78854871.016.000) 2026-10-03 19:27:01 Image size of job updated: 977816
	955  -  MemoryUsage of job (MB)
	977816  -  ResidentSetSize of job (KB)
...
006 (78854871.016.000) 2026-10-03 19:32:01 Image size of job updated: 977836
	955  -  MemoryUsage of job (MB)
	977836  -  ResidentSetSize of job (KB)
...
006 (78854871.016.000) 2026-10-03 19:37:02 Image size of job updated: 977852
	955  -  MemoryUsage of job (MB)
	977852  -  ResidentSetSize of job (KB)
...
006 (78854871.016.000) 2026-10-03 19:42:02 Image size of job updated: 977864
	955  -  MemoryUsage of job (MB)
	977864  -  ResidentSetSize of job (KB)
...
006 (78854871.016.000) 2026-10-03 19:47:03 Image size of job updated: 978904
	956  -  MemoryUsage of job (MB)
	978904  -  ResidentSetSize of job (KB)
...
006 (78854871.016.000) 2026-10-03 19:52:04 Image size of job updated: 978916
	956  -  MemoryUsage of job (MB)
	978916  -  ResidentSetSize of job (KB)
...
006 (78854871.016.000) 2026-10-03 20:02:05 Image size of job updated: 978960
	957  -  MemoryUsage of job (MB)
	978960  -  ResidentSetSize of job (KB)
...
006 (78854871.016.000) 2026-10-03 20:07:06 Image size of job updated: 979024
	957  -  MemoryUsage of job (MB)
	979024  -  ResidentSetSize of job (KB)
...
006 (78854871.016.000) 2026-10-03 20:12:06 Image size of job updated: 979060
	957  -  MemoryUsage of job (MB)
	979060  -  ResidentSetSize of job (KB)
...
006 (78854871.016.000) 2026-10-03 20:17:07 Image size of job updated: 980084
	958  -  MemoryUsage of job (MB)
	980084  -  ResidentSetSize of job (KB)
...
006 (78854871.016.000) 2026-10-03 20:22:08 Image size of job updated: 980092
	958  -  MemoryUsage of job (MB)
	980092  -  ResidentSetSize of job (KB)
...
006 (78854871.016.000) 2026-10-03 20:27:08 Image size of job updated: 982148
	960  -  MemoryUsage of job (MB)
	982148  -  ResidentSetSize of job (KB)
...
006 (78854871.016.000) 2026-10-03 20:32:09 Image size of job updated: 982156
	960  -  MemoryUsage of job (MB)
	982156  -  ResidentSetSize of job (KB)
...
006 (78854871.016.000) 2026-10-03 20:42:10 Image size of job updated: 982160
	960  -  MemoryUsage of job (MB)
	982160  -  ResidentSetSize of job (KB)
...
006 (78854871.016.000) 2026-10-03 20:47:11 Image size of job updated: 982172
	960  -  MemoryUsage of job (MB)
	982172  -  ResidentSetSize of job (KB)
...
006 (78854871.016.000) 2026-10-03 20:57:12 Image size of job updated: 985100
	963  -  MemoryUsage of job (MB)
	985100  -  ResidentSetSize of job (KB)
...
006 (78854871.016.000) 2026-10-03 21:02:13 Image size of job updated: 985552
	963  -  MemoryUsage of job (MB)
	985552  -  ResidentSetSize of job (KB)
...
006 (78854871.016.000) 2026-10-03 21:17:14 Image size of job updated: 985556
	963  -  MemoryUsage of job (MB)
	985556  -  ResidentSetSize of job (KB)
...
006 (78854871.016.000) 2026-10-03 21:32:15 Image size of job updated: 987004
	964  -  MemoryUsage of job (MB)
	987004  -  ResidentSetSize of job (KB)
...
000 (78854907.016.000) 2026-10-03 21:37:08 Job submitted from host: <10.14.0.121:9618?addrs=10.14.0.121-9618&alias=ldas-pcdev12.ligo.caltech.edu&noUDP&sock=schedd_623140_c9b4>
...
006 (78854871.016.000) 2026-10-03 21:37:15 Image size of job updated: 987056
	964  -  MemoryUsage of job (MB)
	987056  -  ResidentSetSize of job (KB)
...
004 (78854871.016.000) 2026-10-03 21:37:35 Job was evicted. Code 1023 Subcode 0
	(0) CPU times
		Usr 0 15:22:31, Sys 0 00:00:14  -  Run Remote Usage
		Usr 0 00:00:00, Sys 0 00:00:00  -  Run Local Usage
	0  -  Run Bytes Sent By Job
	0  -  Run Bytes Received By Job
	Reason: via condor_rm (by user pratyusava.baral)
	Partitionable Resources :    Usage  Request Allocated 
	   Cpus                 :     3.98        4         4 
	   Disk (KB)            : 25000       25000     28672 
	   GPUs                 :                           0 
	   Memory (MB)          :   964       15000     15104 
	   TimeExecute (s)      : 15655                       
	   TimeSlotBusy (s)     : 15656                       
...
009 (78854871.016.000) 2026-10-03 21:37:35 Job was aborted.
	via condor_rm (by user pratyusava.baral)
...
001 (78854907.016.000) 2026-10-03 21:38:42 Job executing on host: <10.14.4.127:9618?addrs=10.14.4.127-9618&alias=node877.cluster.ldas.cit&noUDP&sock=startd_36713_a48f>
	SlotName: slot1_1@node877.cluster.ldas.cit
	CondorScratchDir = "/var/lib/condor/execute/dir_155519/scratch"
	Cpus = 4
	Disk = 28672
	GPUs = 0
	Memory = 15104
...
006 (78854907.016.000) 2026-10-03 21:38:50 Image size of job updated: 616956
	603  -  MemoryUsage of job (MB)
	616956  -  ResidentSetSize of job (KB)
...
006 (78854907.016.000) 2026-10-03 21:43:50 Image size of job updated: 712108
	696  -  MemoryUsage of job (MB)
	712108  -  ResidentSetSize of job (KB)
...
006 (78854907.016.000) 2026-10-03 21:48:50 Image size of job updated: 850352
	818  -  MemoryUsage of job (MB)
	837000  -  ResidentSetSize of job (KB)
...
006 (78854907.016.000) 2026-10-03 21:53:51 Image size of job updated: 850352
	818  -  MemoryUsage of job (MB)
	837100  -  ResidentSetSize of job (KB)
...
006 (78854907.016.000) 2026-10-03 21:58:52 Image size of job updated: 908952
	888  -  MemoryUsage of job (MB)
	908952  -  ResidentSetSize of job (KB)
...
006 (78854907.016.000) 2026-10-03 22:03:52 Image size of job updated: 909056
	888  -  MemoryUsage of job (MB)
	909056  -  ResidentSetSize of job (KB)
...
006 (78854907.016.000) 2026-10-03 22:08:53 Image size of job updated: 931516
	910  -  MemoryUsage of job (MB)
	931516  -  ResidentSetSize of job (KB)
...
006 (78854907.016.000) 2026-10-03 22:13:54 Image size of job updated: 931932
	911  -  MemoryUsage of job (MB)
	931932  -  ResidentSetSize of job (KB)
...
006 (78854907.016.000) 2026-10-03 22:18:54 Image size of job updated: 956960
	935  -  MemoryUsage of job (MB)
	956960  -  ResidentSetSize of job (KB)
...
006 (78854907.016.000) 2026-10-03 22:23:54 Image size of job updated: 958004
	936  -  MemoryUsage of job (MB)
	958004  -  ResidentSetSize of job (KB)
...
006 (78854907.016.000) 2026-10-03 22:28:55 Image size of job updated: 966940
	945  -  MemoryUsage of job (MB)
	966940  -  ResidentSetSize of job (KB)
...
006 (78854907.016.000) 2026-10-03 22:33:55 Image size of job updated: 968812
	947  -  MemoryUsage of job (MB)
	968812  -  ResidentSetSize of job (KB)
...
006 (78854907.016.000) 2026-10-03 22:38:55 Image size of job updated: 970664
	947  -  MemoryUsage of job (MB)
	968812  -  ResidentSetSize of job (KB)
...
006 (78854907.016.000) 2026-10-03 22:43:56 Image size of job updated: 970664
	948  -  MemoryUsage of job (MB)
	969892  -  ResidentSetSize of job (KB)
...
006 (78854907.016.000) 2026-10-03 22:48:56 Image size of job updated: 977560
	952  -  MemoryUsage of job (MB)
	974568  -  ResidentSetSize of job (KB)
...
006 (78854907.016.000) 2026-10-03 22:53:56 Image size of job updated: 977560
	952  -  MemoryUsage of job (MB)
	974604  -  ResidentSetSize of job (KB)
...
006 (78854907.016.000) 2026-10-03 22:58:57 Image size of job updated: 977560
	952  -  MemoryUsage of job (MB)
	974692  -  ResidentSetSize of job (KB)
...
006 (78854907.016.000) 2026-10-03 23:03:58 Image size of job updated: 977560
	953  -  MemoryUsage of job (MB)
	975108  -  ResidentSetSize of job (KB)
...
006 (78854907.016.000) 2026-10-03 23:08:58 Image size of job updated: 977560
	953  -  MemoryUsage of job (MB)
	975164  -  ResidentSetSize of job (KB)
...
006 (78854907.016.000) 2026-10-03 23:13:59 Image size of job updated: 979372
	956  -  MemoryUsage of job (MB)
	978364  -  ResidentSetSize of job (KB)
...
006 (78854907.016.000) 2026-10-03 23:19:00 Image size of job updated: 979372
	956  -  MemoryUsage of job (MB)
	978368  -  ResidentSetSize of job (KB)
...
006 (78854907.016.000) 2026-10-03 23:34:02 Image size of job updated: 979844
	957  -  MemoryUsage of job (MB)
	979844  -  ResidentSetSize of job (KB)
...
006 (78854907.016.000) 2026-10-03 23:39:02 Image size of job updated: 979860
	957  -  MemoryUsage of job (MB)
	979860  -  ResidentSetSize of job (KB)
...
006 (78854907.016.000) 2026-10-03 23:44:02 Image size of job updated: 982124
	960  -  MemoryUsage of job (MB)
	982124  -  ResidentSetSize of job (KB)
...
006 (78854907.016.000) 2026-10-03 23:49:03 Image size of job updated: 982144
	960  -  MemoryUsage of job (MB)
	982144  -  ResidentSetSize of job (KB)
...
006 (78854907.016.000) 2026-10-03 23:54:03 Image size of job updated: 983904
	961  -  MemoryUsage of job (MB)
	983904  -  ResidentSetSize of job (KB)
...
006 (78854907.016.000) 2026-10-03 23:59:03 Image size of job updated: 983912
	961  -  MemoryUsage of job (MB)
	983912  -  ResidentSetSize of job (KB)
...
006 (78854907.016.000) 2026-10-04 00:04:04 Image size of job updated: 986000
	963  -  MemoryUsage of job (MB)
	986000  -  ResidentSetSize of job (KB)
...
006 (78854907.016.000) 2026-10-04 00:09:04 Image size of job updated: 986028
	963  -  MemoryUsage of job (MB)
	986028  -  ResidentSetSize of job (KB)
...
006 (78854907.016.000) 2026-10-04 00:14:04 Image size of job updated: 986036
	963  -  MemoryUsage of job (MB)
	986028  -  ResidentSetSize of job (KB)
...
006 (78854907.016.000) 2026-10-04 00:24:06 Image size of job updated: 986048
	963  -  MemoryUsage of job (MB)
	986048  -  ResidentSetSize of job (KB)
...
006 (78854907.016.000) 2026-10-04 00:29:06 Image size of job updated: 986052
	963  -  MemoryUsage of job (MB)
	986052  -  ResidentSetSize of job (KB)
...
006 (78854907.016.000) 2026-10-04 00:44:08 Image size of job updated: 986068
	963  -  MemoryUsage of job (MB)
	986068  -  ResidentSetSize of job (KB)
...
006 (78854907.016.000) 2026-10-04 00:49:09 Image size of job updated: 986072
	963  -  MemoryUsage of job (MB)
	986072  -  ResidentSetSize of job (KB)
...
006 (78854907.016.000) 2026-10-04 00:54:10 Image size of job updated: 989116
	965  -  MemoryUsage of job (MB)
	988112  -  ResidentSetSize of job (KB)
...
006 (78854907.016.000) 2026-10-04 00:59:10 Image size of job updated: 989116
	965  -  MemoryUsage of job (MB)
	988124  -  ResidentSetSize of job (KB)
...
006 (78854907.016.000) 2026-10-04 01:04:11 Image size of job updated: 989116
	965  -  MemoryUsage of job (MB)
	988132  -  ResidentSetSize of job (KB)
...
006 (78854907.016.000) 2026-10-04 01:14:12 Image size of job updated: 989116
	965  -  MemoryUsage of job (MB)
	988140  -  ResidentSetSize of job (KB)
...
006 (78854907.016.000) 2026-10-04 01:19:12 Image size of job updated: 989116
	965  -  MemoryUsage of job (MB)
	988156  -  ResidentSetSize of job (KB)
...
006 (78854907.016.000) 2026-10-04 01:24:13 Image size of job updated: 989116
	966  -  MemoryUsage of job (MB)
	988164  -  ResidentSetSize of job (KB)
...
006 (78854907.016.000) 2026-10-04 01:29:13 Image size of job updated: 990396
	968  -  MemoryUsage of job (MB)
	990396  -  ResidentSetSize of job (KB)
...
006 (78854907.016.000) 2026-10-04 01:34:13 Image size of job updated: 990400
	968  -  MemoryUsage of job (MB)
	990400  -  ResidentSetSize of job (KB)
...
006 (78854907.016.000) 2026-10-04 01:49:15 Image size of job updated: 990404
	968  -  MemoryUsage of job (MB)
	990404  -  ResidentSetSize of job (KB)
...
006 (78854907.016.000) 2026-10-04 01:54:16 Image size of job updated: 990408
	968  -  MemoryUsage of job (MB)
	990408  -  ResidentSetSize of job (KB)
...
006 (78854907.016.000) 2026-10-04 01:59:17 Image size of job updated: 991416
	969  -  MemoryUsage of job (MB)
	991416  -  ResidentSetSize of job (KB)
...
006 (78854907.016.000) 2026-10-04 02:04:17 Image size of job updated: 991424
	969  -  MemoryUsage of job (MB)
	991424  -  ResidentSetSize of job (KB)
...
006 (78854907.016.000) 2026-10-04 02:19:19 Image size of job updated: 994144
	971  -  MemoryUsage of job (MB)
	994144  -  ResidentSetSize of job (KB)
...
006 (78854907.016.000) 2026-10-04 02:39:20 Image size of job updated: 994148
	971  -  MemoryUsage of job (MB)
	994148  -  ResidentSetSize of job (KB)
...
006 (78854907.016.000) 2026-10-04 02:49:21 Image size of job updated: 995364
	973  -  MemoryUsage of job (MB)
	995364  -  ResidentSetSize of job (KB)
...
006 (78854907.016.000) 2026-10-04 02:59:22 Image size of job updated: 996372
	973  -  MemoryUsage of job (MB)
	996004  -  ResidentSetSize of job (KB)
...
006 (78854907.016.000) 2026-10-04 03:09:23 Image size of job updated: 997372
	974  -  MemoryUsage of job (MB)
	997372  -  ResidentSetSize of job (KB)
...
006 (78854907.016.000) 2026-10-04 03:14:24 Image size of job updated: 998392
	975  -  MemoryUsage of job (MB)
	998392  -  ResidentSetSize of job (KB)
...
006 (78854907.016.000) 2026-10-04 03:19:25 Image size of job updated: 999376
	975  -  MemoryUsage of job (MB)
	998392  -  ResidentSetSize of job (KB)
...
006 (78854907.016.000) 2026-10-04 03:44:26 Image size of job updated: 999392
	976  -  MemoryUsage of job (MB)
	999392  -  ResidentSetSize of job (KB)
...
006 (78854907.016.000) 2026-10-04 04:24:31 Image size of job updated: 1000364
	976  -  MemoryUsage of job (MB)
	999392  -  ResidentSetSize of job (KB)
...
006 (78854907.016.000) 2026-10-04 04:34:32 Image size of job updated: 1000364
	977  -  MemoryUsage of job (MB)
	1000356  -  ResidentSetSize of job (KB)
...
006 (78854907.016.000) 2026-10-04 04:39:33 Image size of job updated: 1000364
	977  -  MemoryUsage of job (MB)
	1000364  -  ResidentSetSize of job (KB)
...
006 (78854907.016.000) 2026-10-04 04:54:34 Image size of job updated: 1001388
	977  -  MemoryUsage of job (MB)
	1000364  -  ResidentSetSize of job (KB)
...
006 (78854907.016.000) 2026-10-04 05:04:34 Image size of job updated: 1004532
	981  -  MemoryUsage of job (MB)
	1004532  -  ResidentSetSize of job (KB)
...
006 (78854907.016.000) 2026-10-04 05:14:35 Image size of job updated: 1004792
	982  -  MemoryUsage of job (MB)
	1004792  -  ResidentSetSize of job (KB)
...
006 (78854907.016.000) 2026-10-04 05:24:36 Image size of job updated: 1005800
	982  -  MemoryUsage of job (MB)
	1004792  -  ResidentSetSize of job (KB)
...
006 (78854907.016.000) 2026-10-04 05:34:37 Image size of job updated: 1005888
	983  -  MemoryUsage of job (MB)
	1005888  -  ResidentSetSize of job (KB)
...
006 (78854907.016.000) 2026-10-04 05:44:39 Image size of job updated: 1006900
	984  -  MemoryUsage of job (MB)
	1006900  -  ResidentSetSize of job (KB)
...
006 (78854907.016.000) 2026-10-04 06:04:41 Image size of job updated: 1006932
	984  -  MemoryUsage of job (MB)
	1006932  -  ResidentSetSize of job (KB)
...
006 (78854907.016.000) 2026-10-04 06:09:41 Image size of job updated: 1007664
	985  -  MemoryUsage of job (MB)
	1007664  -  ResidentSetSize of job (KB)
...
006 (78854907.016.000) 2026-10-04 06:14:42 Image size of job updated: 1007668
	985  -  MemoryUsage of job (MB)
	1007668  -  ResidentSetSize of job (KB)
...
006 (78854907.016.000) 2026-10-04 06:19:42 Image size of job updated: 1008960
	985  -  MemoryUsage of job (MB)
	1007936  -  ResidentSetSize of job (KB)
...
006 (78854907.016.000) 2026-10-04 06:34:43 Image size of job updated: 1008960
	985  -  MemoryUsage of job (MB)
	1007940  -  ResidentSetSize of job (KB)
...
006 (78854907.016.000) 2026-10-04 06:39:43 Image size of job updated: 1008960
	986  -  MemoryUsage of job (MB)
	1008948  -  ResidentSetSize of job (KB)
...
006 (78854907.016.000) 2026-10-04 06:49:45 Image size of job updated: 1009956
	986  -  MemoryUsage of job (MB)
	1008948  -  ResidentSetSize of job (KB)
...
006 (78854907.016.000) 2026-10-04 06:59:46 Image size of job updated: 1009960
	987  -  MemoryUsage of job (MB)
	1009960  -  ResidentSetSize of job (KB)
...
006 (78854907.016.000) 2026-10-04 07:19:49 Image size of job updated: 1010968
	988  -  MemoryUsage of job (MB)
	1010968  -  ResidentSetSize of job (KB)
...
006 (78854907.016.000) 2026-10-04 07:49:51 Image size of job updated: 1011004
	988  -  MemoryUsage of job (MB)
	1011004  -  ResidentSetSize of job (KB)
...
006 (78854907.016.000) 2026-10-04 07:59:51 Image size of job updated: 1011984
	989  -  MemoryUsage of job (MB)
	1011984  -  ResidentSetSize of job (KB)
...
006 (78854907.016.000) 2026-10-04 08:24:55 Image size of job updated: 1013152
	989  -  MemoryUsage of job (MB)
	1012148  -  ResidentSetSize of job (KB)
...
006 (78854907.016.000) 2026-10-04 08:34:55 Image size of job updated: 1013156
	989  -  MemoryUsage of job (MB)
	1012148  -  ResidentSetSize of job (KB)
...
006 (78854907.016.000) 2026-10-04 08:44:56 Image size of job updated: 1013232
	990  -  MemoryUsage of job (MB)
	1013232  -  ResidentSetSize of job (KB)
...
006 (78854907.016.000) 2026-10-04 08:54:57 Image size of job updated: 1013496
	990  -  MemoryUsage of job (MB)
	1013496  -  ResidentSetSize of job (KB)
...
006 (78854907.016.000) 2026-10-04 09:04:57 Image size of job updated: 1014132
	990  -  MemoryUsage of job (MB)
	1013496  -  ResidentSetSize of job (KB)
...
006 (78854907.016.000) 2026-10-04 09:14:59 Image size of job updated: 1014296
	991  -  MemoryUsage of job (MB)
	1014296  -  ResidentSetSize of job (KB)
...
006 (78854907.016.000) 2026-10-04 09:25:00 Image size of job updated: 1014788
	992  -  MemoryUsage of job (MB)
	1014788  -  ResidentSetSize of job (KB)
...
006 (78854907.016.000) 2026-10-04 09:30:01 Image size of job updated: 1014796
	992  -  MemoryUsage of job (MB)
	1014796  -  ResidentSetSize of job (KB)
...
006 (78854907.016.000) 2026-10-04 09:35:01 Image size of job updated: 1015112
	992  -  MemoryUsage of job (MB)
	1014796  -  ResidentSetSize of job (KB)
...
006 (78854907.016.000) 2026-10-04 11:10:09 Image size of job updated: 1015624
	992  -  MemoryUsage of job (MB)
	1015624  -  ResidentSetSize of job (KB)
...
006 (78854907.016.000) 2026-10-04 12:00:13 Image size of job updated: 1016724
	993  -  MemoryUsage of job (MB)
	1016724  -  ResidentSetSize of job (KB)
...
006 (78854907.016.000) 2026-10-04 12:10:15 Image size of job updated: 1017540
	993  -  MemoryUsage of job (MB)
	1016724  -  ResidentSetSize of job (KB)
...
006 (78854907.016.000) 2026-10-04 12:45:17 Image size of job updated: 1018560
	993  -  MemoryUsage of job (MB)
	1016724  -  ResidentSetSize of job (KB)
...
006 (78854907.016.000) 2026-10-04 12:55:18 Image size of job updated: 1018664
	995  -  MemoryUsage of job (MB)
	1018664  -  ResidentSetSize of job (KB)
...
006 (78854907.016.000) 2026-10-04 13:00:19 Image size of job updated: 1018668
	995  -  MemoryUsage of job (MB)
	1018668  -  ResidentSetSize of job (KB)
...
006 (78854907.016.000) 2026-10-04 13:05:19 Image size of job updated: 1019556
	996  -  MemoryUsage of job (MB)
	1019116  -  ResidentSetSize of job (KB)
...
006 (78854907.016.000) 2026-10-04 13:15:21 Image size of job updated: 1020548
	996  -  MemoryUsage of job (MB)
	1019116  -  ResidentSetSize of job (KB)
...
006 (78854907.016.000) 2026-10-04 13:25:22 Image size of job updated: 1020548
	996  -  MemoryUsage of job (MB)
	1019540  -  ResidentSetSize of job (KB)
...
006 (78854907.016.000) 2026-10-04 13:30:23 Image size of job updated: 1020548
	996  -  MemoryUsage of job (MB)
	1019544  -  ResidentSetSize of job (KB)
...
006 (78854907.016.000) 2026-10-04 13:35:23 Image size of job updated: 1020808
	997  -  MemoryUsage of job (MB)
	1020808  -  ResidentSetSize of job (KB)
...
006 (78854907.016.000) 2026-10-04 13:44:48 Image size of job updated: 1020824
	997  -  MemoryUsage of job (MB)
	1020808  -  ResidentSetSize of job (KB)
...
004 (78854907.016.000) 2026-10-04 13:44:48 Job was evicted. Code 1023 Subcode 0
	(0) CPU times
		Usr 2 09:11:41, Sys 0 00:06:51  -  Run Remote Usage
		Usr 0 00:00:00, Sys 0 00:00:00  -  Run Local Usage
	0  -  Run Bytes Sent By Job
	0  -  Run Bytes Received By Job
	Reason: via condor_rm (by user pratyusava.baral)
	Partitionable Resources :    Usage  Request Allocated 
	   Cpus                 :     3.15        4         4 
	   Disk (KB)            : 25000       25000     28672 
	   GPUs                 :                           0 
	   Memory (MB)          :   997       15000     15104 
	   TimeExecute (s)      : 57966                       
	   TimeSlotBusy (s)     : 57967                       
...
009 (78854907.016.000) 2026-10-04 13:44:48 Job was aborted.
	via condor_rm (by user pratyusava.baral)
...
000 (78855136.016.000) 2026-10-04 13:45:07 Job submitted from host: <10.14.0.121:9618?addrs=10.14.0.121-9618&alias=ldas-pcdev12.ligo.caltech.edu&noUDP&sock=schedd_623140_c9b4>
...
001 (78855136.016.000) 2026-10-04 13:49:18 Job executing on host: <10.14.9.180:9618?addrs=10.14.9.180-9618&alias=node2180.cluster.ldas.cit&noUDP&sock=startd_2071491_1af1>
	SlotName: slot1_1@node2180.cluster.ldas.cit
	CondorScratchDir = "/var/lib/condor/execute/dir_346594/scratch"
	Cpus = 4
	Disk = 28672
	GPUs = 0
	Memory = 15104
...
006 (78855136.016.000) 2026-10-04 13:49:18 Image size of job updated: 25000
	0  -  MemoryUsage of job (MB)
	0  -  ResidentSetSize of job (KB)
...
005 (78855136.016.000) 2026-10-04 13:49:18 Job terminated.
	(1) Normal termination (return value 1)
		Usr 0 00:00:00, Sys 0 00:00:00  -  Run Remote Usage
		Usr 0 00:00:00, Sys 0 00:00:00  -  Run Local Usage
		Usr 0 00:00:00, Sys 0 00:00:00  -  Total Remote Usage
		Usr 0 00:00:00, Sys 0 00:00:00  -  Total Local Usage
	0  -  Run Bytes Sent By Job
	0  -  Run Bytes Received By Job
	0  -  Total Bytes Sent By Job
	0  -  Total Bytes Received By Job
	Partitionable Resources :    Usage  Request Allocated 
	   Cpus                 :        0        4         4 
	   Disk (KB)            :    25000    25000     28672 
	   GPUs                 :                           0 
	   Memory (MB)          :        0    15000     15104 
	   TimeExecute (s)      :        0                    
	   TimeSlotBusy (s)     :        1                    
...
