000 (78852668.018.000) 2026-10-01 10:44:08 Job submitted from host: <10.14.0.121:9618?addrs=10.14.0.121-9618&alias=ldas-pcdev12.ligo.caltech.edu&noUDP&sock=schedd_623140_c9b4>
...
001 (78852668.018.000) 2026-10-01 10:47:51 Job executing on host: <10.14.10.62:9618?addrs=10.14.10.62-9618&alias=node2312.cluster.ldas.cit&noUDP&sock=startd_2782857_032a>
	SlotName: slot1_2@node2312.cluster.ldas.cit
	CondorScratchDir = "/var/lib/condor/execute/dir_68461/scratch"
	Cpus = 4
	Disk = 28672
	GPUs = 0
	Memory = 15104
...
006 (78852668.018.000) 2026-10-01 10:47:52 Image size of job updated: 25000
	0  -  MemoryUsage of job (MB)
	0  -  ResidentSetSize of job (KB)
...
005 (78852668.018.000) 2026-10-01 10:47:52 Job terminated.
	(1) Normal termination (return value 1)
		Usr 0 00:00:00, Sys 0 00:00:00  -  Run Remote Usage
		Usr 0 00:00:00, Sys 0 00:00:00  -  Run Local Usage
		Usr 0 00:00:00, Sys 0 00:00:00  -  Total Remote Usage
		Usr 0 00:00:00, Sys 0 00:00:00  -  Total Local Usage
	0  -  Run Bytes Sent By Job
	0  -  Run Bytes Received By Job
	0  -  Total Bytes Sent By Job
	0  -  Total Bytes Received By Job
	Partitionable Resources :    Usage  Request Allocated 
	   Cpus                 :                 4         4 
	   Disk (KB)            :    25000    25000     28672 
	   GPUs                 :                           0 
	   Memory (MB)          :        0    15000     15104 
	   TimeExecute (s)      :        1                    
	   TimeSlotBusy (s)     :        1                    
...
000 (78854871.018.000) 2026-10-03 17:15:41 Job submitted from host: <10.14.0.121:9618?addrs=10.14.0.121-9618&alias=ldas-pcdev12.ligo.caltech.edu&noUDP&sock=schedd_623140_c9b4>
...
001 (78854871.018.000) 2026-10-03 17:16:39 Job executing on host: <10.14.4.126:9618?addrs=10.14.4.126-9618&alias=node876.cluster.ldas.cit&noUDP&sock=startd_36455_ad20>
	SlotName: slot1_1@node876.cluster.ldas.cit
	CondorScratchDir = "/var/lib/condor/execute/dir_163232/scratch"
	Cpus = 4
	Disk = 28672
	GPUs = 0
	Memory = 15104
...
006 (78854871.018.000) 2026-10-03 17:16:48 Image size of job updated: 182832
	179  -  MemoryUsage of job (MB)
	182832  -  ResidentSetSize of job (KB)
...
006 (78854871.018.000) 2026-10-03 17:21:49 Image size of job updated: 253824
	248  -  MemoryUsage of job (MB)
	253824  -  ResidentSetSize of job (KB)
...
006 (78854871.018.000) 2026-10-03 17:26:50 Image size of job updated: 254404
	249  -  MemoryUsage of job (MB)
	254404  -  ResidentSetSize of job (KB)
...
006 (78854871.018.000) 2026-10-03 17:31:50 Image size of job updated: 358584
	351  -  MemoryUsage of job (MB)
	358584  -  ResidentSetSize of job (KB)
...
006 (78854871.018.000) 2026-10-03 17:36:51 Image size of job updated: 359160
	351  -  MemoryUsage of job (MB)
	359160  -  ResidentSetSize of job (KB)
...
006 (78854871.018.000) 2026-10-03 17:41:52 Image size of job updated: 391440
	383  -  MemoryUsage of job (MB)
	391440  -  ResidentSetSize of job (KB)
...
006 (78854871.018.000) 2026-10-03 17:46:52 Image size of job updated: 391904
	383  -  MemoryUsage of job (MB)
	391904  -  ResidentSetSize of job (KB)
...
006 (78854871.018.000) 2026-10-03 17:51:52 Image size of job updated: 395460
	387  -  MemoryUsage of job (MB)
	395460  -  ResidentSetSize of job (KB)
...
006 (78854871.018.000) 2026-10-03 17:56:53 Image size of job updated: 395648
	387  -  MemoryUsage of job (MB)
	395648  -  ResidentSetSize of job (KB)
...
006 (78854871.018.000) 2026-10-03 18:01:53 Image size of job updated: 398724
	390  -  MemoryUsage of job (MB)
	398724  -  ResidentSetSize of job (KB)
...
006 (78854871.018.000) 2026-10-03 18:06:53 Image size of job updated: 398740
	390  -  MemoryUsage of job (MB)
	398740  -  ResidentSetSize of job (KB)
...
006 (78854871.018.000) 2026-10-03 18:11:55 Image size of job updated: 413136
	404  -  MemoryUsage of job (MB)
	413136  -  ResidentSetSize of job (KB)
...
006 (78854871.018.000) 2026-10-03 18:16:55 Image size of job updated: 413168
	404  -  MemoryUsage of job (MB)
	413168  -  ResidentSetSize of job (KB)
...
006 (78854871.018.000) 2026-10-03 18:36:57 Image size of job updated: 413172
	404  -  MemoryUsage of job (MB)
	413172  -  ResidentSetSize of job (KB)
...
006 (78854871.018.000) 2026-10-03 18:41:58 Image size of job updated: 414228
	405  -  MemoryUsage of job (MB)
	414228  -  ResidentSetSize of job (KB)
...
006 (78854871.018.000) 2026-10-03 18:46:59 Image size of job updated: 414236
	405  -  MemoryUsage of job (MB)
	414236  -  ResidentSetSize of job (KB)
...
006 (78854871.018.000) 2026-10-03 18:51:59 Image size of job updated: 419204
	407  -  MemoryUsage of job (MB)
	416292  -  ResidentSetSize of job (KB)
...
006 (78854871.018.000) 2026-10-03 18:57:00 Image size of job updated: 419204
	407  -  MemoryUsage of job (MB)
	416296  -  ResidentSetSize of job (KB)
...
006 (78854871.018.000) 2026-10-03 19:02:01 Image size of job updated: 425752
	416  -  MemoryUsage of job (MB)
	425752  -  ResidentSetSize of job (KB)
...
006 (78854871.018.000) 2026-10-03 19:07:01 Image size of job updated: 442120
	432  -  MemoryUsage of job (MB)
	442120  -  ResidentSetSize of job (KB)
...
006 (78854871.018.000) 2026-10-03 19:12:01 Image size of job updated: 449216
	439  -  MemoryUsage of job (MB)
	448812  -  ResidentSetSize of job (KB)
...
006 (78854871.018.000) 2026-10-03 19:17:02 Image size of job updated: 449216
	439  -  MemoryUsage of job (MB)
	448820  -  ResidentSetSize of job (KB)
...
006 (78854871.018.000) 2026-10-03 19:22:02 Image size of job updated: 449216
	439  -  MemoryUsage of job (MB)
	448824  -  ResidentSetSize of job (KB)
...
006 (78854871.018.000) 2026-10-03 19:27:02 Image size of job updated: 449216
	439  -  MemoryUsage of job (MB)
	448836  -  ResidentSetSize of job (KB)
...
006 (78854871.018.000) 2026-10-03 19:32:03 Image size of job updated: 449216
	439  -  MemoryUsage of job (MB)
	448964  -  ResidentSetSize of job (KB)
...
006 (78854871.018.000) 2026-10-03 19:52:04 Image size of job updated: 449216
	439  -  MemoryUsage of job (MB)
	449104  -  ResidentSetSize of job (KB)
...
006 (78854871.018.000) 2026-10-03 19:57:04 Image size of job updated: 449216
	439  -  MemoryUsage of job (MB)
	449108  -  ResidentSetSize of job (KB)
...
006 (78854871.018.000) 2026-10-03 20:02:05 Image size of job updated: 451912
	442  -  MemoryUsage of job (MB)
	451912  -  ResidentSetSize of job (KB)
...
006 (78854871.018.000) 2026-10-03 20:07:05 Image size of job updated: 451916
	442  -  MemoryUsage of job (MB)
	451916  -  ResidentSetSize of job (KB)
...
006 (78854871.018.000) 2026-10-03 20:12:05 Image size of job updated: 451920
	442  -  MemoryUsage of job (MB)
	451916  -  ResidentSetSize of job (KB)
...
006 (78854871.018.000) 2026-10-03 20:22:06 Image size of job updated: 454992
	443  -  MemoryUsage of job (MB)
	452944  -  ResidentSetSize of job (KB)
...
006 (78854871.018.000) 2026-10-03 20:27:06 Image size of job updated: 454992
	443  -  MemoryUsage of job (MB)
	452952  -  ResidentSetSize of job (KB)
...
006 (78854871.018.000) 2026-10-03 20:47:08 Image size of job updated: 454992
	445  -  MemoryUsage of job (MB)
	454988  -  ResidentSetSize of job (KB)
...
006 (78854871.018.000) 2026-10-03 20:52:08 Image size of job updated: 454996
	445  -  MemoryUsage of job (MB)
	454996  -  ResidentSetSize of job (KB)
...
006 (78854871.018.000) 2026-10-03 20:57:08 Image size of job updated: 455012
	445  -  MemoryUsage of job (MB)
	455012  -  ResidentSetSize of job (KB)
...
006 (78854871.018.000) 2026-10-03 21:02:09 Image size of job updated: 455016
	445  -  MemoryUsage of job (MB)
	455016  -  ResidentSetSize of job (KB)
...
006 (78854871.018.000) 2026-10-03 21:12:10 Image size of job updated: 455024
	445  -  MemoryUsage of job (MB)
	455024  -  ResidentSetSize of job (KB)
...
006 (78854871.018.000) 2026-10-03 21:17:11 Image size of job updated: 455032
	445  -  MemoryUsage of job (MB)
	455032  -  ResidentSetSize of job (KB)
...
006 (78854871.018.000) 2026-10-03 21:22:12 Image size of job updated: 455060
	445  -  MemoryUsage of job (MB)
	455060  -  ResidentSetSize of job (KB)
...
006 (78854871.018.000) 2026-10-03 21:27:12 Image size of job updated: 459860
	450  -  MemoryUsage of job (MB)
	459860  -  ResidentSetSize of job (KB)
...
006 (78854871.018.000) 2026-10-03 21:32:13 Image size of job updated: 459868
	450  -  MemoryUsage of job (MB)
	459868  -  ResidentSetSize of job (KB)
...
006 (78854871.018.000) 2026-10-03 21:36:38 Image size of job updated: 463960
	450  -  MemoryUsage of job (MB)
	459868  -  ResidentSetSize of job (KB)
...
004 (78854871.018.000) 2026-10-03 21:36:38 Job was evicted. Code 1023 Subcode 0
	(0) CPU times
		Usr 0 13:42:03, Sys 0 00:02:30  -  Run Remote Usage
		Usr 0 00:00:00, Sys 0 00:00:00  -  Run Local Usage
	0  -  Run Bytes Sent By Job
	0  -  Run Bytes Received By Job
	Reason: via condor_rm (by user pratyusava.baral)
	Partitionable Resources :    Usage  Request Allocated 
	   Cpus                 :     2.73        4         4 
	   Disk (KB)            : 25000       25000     28672 
	   GPUs                 :                           0 
	   Memory (MB)          :   450       15000     15104 
	   TimeExecute (s)      : 15599                       
	   TimeSlotBusy (s)     : 15599                       
...
009 (78854871.018.000) 2026-10-03 21:36:38 Job was aborted.
	via condor_rm (by user pratyusava.baral)
...
000 (78854907.018.000) 2026-10-03 21:37:08 Job submitted from host: <10.14.0.121:9618?addrs=10.14.0.121-9618&alias=ldas-pcdev12.ligo.caltech.edu&noUDP&sock=schedd_623140_c9b4>
...
001 (78854907.018.000) 2026-10-03 21:38:42 Job executing on host: <10.14.10.107:9618?addrs=10.14.10.107-9618&alias=node2357.cluster.ldas.cit&noUDP&sock=startd_37968_77eb>
	SlotName: slot1_1@node2357.cluster.ldas.cit
	CondorScratchDir = "/var/lib/condor/execute/dir_2142851/scratch"
	Cpus = 4
	Disk = 28672
	GPUs = 0
	Memory = 15104
...
006 (78854907.018.000) 2026-10-03 21:38:42 Image size of job updated: 25000
	0  -  MemoryUsage of job (MB)
	0  -  ResidentSetSize of job (KB)
...
005 (78854907.018.000) 2026-10-03 21:38:43 Job terminated.
	(1) Normal termination (return value 1)
		Usr 0 00:00:00, Sys 0 00:00:00  -  Run Remote Usage
		Usr 0 00:00:00, Sys 0 00:00:00  -  Run Local Usage
		Usr 0 00:00:00, Sys 0 00:00:00  -  Total Remote Usage
		Usr 0 00:00:00, Sys 0 00:00:00  -  Total Local Usage
	0  -  Run Bytes Sent By Job
	0  -  Run Bytes Received By Job
	0  -  Total Bytes Sent By Job
	0  -  Total Bytes Received By Job
	Partitionable Resources :    Usage  Request Allocated 
	   Cpus                 :                 4         4 
	   Disk (KB)            :    25000    25000     28672 
	   GPUs                 :                           0 
	   Memory (MB)          :        0    15000     15104 
	   TimeExecute (s)      :        0                    
	   TimeSlotBusy (s)     :        0                    
...
000 (78855136.018.000) 2026-10-04 13:45:07 Job submitted from host: <10.14.0.121:9618?addrs=10.14.0.121-9618&alias=ldas-pcdev12.ligo.caltech.edu&noUDP&sock=schedd_623140_c9b4>
...
001 (78855136.018.000) 2026-10-04 13:49:18 Job executing on host: <10.14.5.153:9618?addrs=10.14.5.153-9618&alias=node1153.cluster.ldas.cit&noUDP&sock=startd_331233_dd9e>
	SlotName: slot1_1@node1153.cluster.ldas.cit
	CondorScratchDir = "/var/lib/condor/execute/dir_1156475/scratch"
	Cpus = 4
	Disk = 28672
	GPUs = 0
	Memory = 15104
...
006 (78855136.018.000) 2026-10-04 13:49:26 Image size of job updated: 116348
	114  -  MemoryUsage of job (MB)
	116348  -  ResidentSetSize of job (KB)
...
006 (78855136.018.000) 2026-10-04 13:54:26 Image size of job updated: 389708
	358  -  MemoryUsage of job (MB)
	366524  -  ResidentSetSize of job (KB)
...
006 (78855136.018.000) 2026-10-04 13:59:27 Image size of job updated: 389708
	373  -  MemoryUsage of job (MB)
	381640  -  ResidentSetSize of job (KB)
...
006 (78855136.018.000) 2026-10-04 14:04:27 Image size of job updated: 424776
	415  -  MemoryUsage of job (MB)
	424776  -  ResidentSetSize of job (KB)
...
006 (78855136.018.000) 2026-10-04 14:09:27 Image size of job updated: 428368
	419  -  MemoryUsage of job (MB)
	428368  -  ResidentSetSize of job (KB)
...
006 (78855136.018.000) 2026-10-04 14:14:28 Image size of job updated: 453876
	444  -  MemoryUsage of job (MB)
	453876  -  ResidentSetSize of job (KB)
...
006 (78855136.018.000) 2026-10-04 14:19:29 Image size of job updated: 454268
	444  -  MemoryUsage of job (MB)
	454268  -  ResidentSetSize of job (KB)
...
006 (78855136.018.000) 2026-10-04 14:24:29 Image size of job updated: 466496
	456  -  MemoryUsage of job (MB)
	466496  -  ResidentSetSize of job (KB)
...
006 (78855136.018.000) 2026-10-04 14:29:30 Image size of job updated: 466576
	456  -  MemoryUsage of job (MB)
	466576  -  ResidentSetSize of job (KB)
...
006 (78855136.018.000) 2026-10-04 14:34:31 Image size of job updated: 471116
	461  -  MemoryUsage of job (MB)
	471116  -  ResidentSetSize of job (KB)
...
006 (78855136.018.000) 2026-10-04 14:39:31 Image size of job updated: 471336
	461  -  MemoryUsage of job (MB)
	471336  -  ResidentSetSize of job (KB)
...
006 (78855136.018.000) 2026-10-04 14:44:32 Image size of job updated: 474116
	463  -  MemoryUsage of job (MB)
	473188  -  ResidentSetSize of job (KB)
...
006 (78855136.018.000) 2026-10-04 14:49:33 Image size of job updated: 474116
	463  -  MemoryUsage of job (MB)
	473256  -  ResidentSetSize of job (KB)
...
006 (78855136.018.000) 2026-10-04 14:54:33 Image size of job updated: 474376
	464  -  MemoryUsage of job (MB)
	474376  -  ResidentSetSize of job (KB)
...
006 (78855136.018.000) 2026-10-04 14:59:34 Image size of job updated: 474500
	464  -  MemoryUsage of job (MB)
	474500  -  ResidentSetSize of job (KB)
...
006 (78855136.018.000) 2026-10-04 15:04:35 Image size of job updated: 478244
	467  -  MemoryUsage of job (MB)
	477288  -  ResidentSetSize of job (KB)
...
006 (78855136.018.000) 2026-10-04 15:09:35 Image size of job updated: 478244
	467  -  MemoryUsage of job (MB)
	477768  -  ResidentSetSize of job (KB)
...
006 (78855136.018.000) 2026-10-04 15:14:36 Image size of job updated: 480852
	469  -  MemoryUsage of job (MB)
	479840  -  ResidentSetSize of job (KB)
...
006 (78855136.018.000) 2026-10-04 15:19:37 Image size of job updated: 480852
	469  -  MemoryUsage of job (MB)
	479888  -  ResidentSetSize of job (KB)
...
006 (78855136.018.000) 2026-10-04 15:24:37 Image size of job updated: 481696
	470  -  MemoryUsage of job (MB)
	480688  -  ResidentSetSize of job (KB)
...
006 (78855136.018.000) 2026-10-04 15:29:38 Image size of job updated: 481696
	470  -  MemoryUsage of job (MB)
	480760  -  ResidentSetSize of job (KB)
...
006 (78855136.018.000) 2026-10-04 15:34:39 Image size of job updated: 485064
	473  -  MemoryUsage of job (MB)
	484092  -  ResidentSetSize of job (KB)
...
006 (78855136.018.000) 2026-10-04 15:39:39 Image size of job updated: 485064
	473  -  MemoryUsage of job (MB)
	484148  -  ResidentSetSize of job (KB)
...
006 (78855136.018.000) 2026-10-04 15:44:40 Image size of job updated: 486852
	476  -  MemoryUsage of job (MB)
	486852  -  ResidentSetSize of job (KB)
...
006 (78855136.018.000) 2026-10-04 15:49:41 Image size of job updated: 486920
	476  -  MemoryUsage of job (MB)
	486920  -  ResidentSetSize of job (KB)
...
006 (78855136.018.000) 2026-10-04 15:54:41 Image size of job updated: 489388
	478  -  MemoryUsage of job (MB)
	489388  -  ResidentSetSize of job (KB)
...
006 (78855136.018.000) 2026-10-04 15:59:42 Image size of job updated: 489412
	478  -  MemoryUsage of job (MB)
	489412  -  ResidentSetSize of job (KB)
...
006 (78855136.018.000) 2026-10-04 16:09:18 Image size of job updated: 491088
	480  -  MemoryUsage of job (MB)
	491088  -  ResidentSetSize of job (KB)
...
006 (78855136.018.000) 2026-10-04 16:23:03 Image size of job updated: 493608
	483  -  MemoryUsage of job (MB)
	493608  -  ResidentSetSize of job (KB)
...
006 (78855136.018.000) 2026-10-04 16:34:03 Image size of job updated: 494620
	483  -  MemoryUsage of job (MB)
	493608  -  ResidentSetSize of job (KB)
...
006 (78855136.018.000) 2026-10-04 16:40:40 Image size of job updated: 495980
	485  -  MemoryUsage of job (MB)
	495980  -  ResidentSetSize of job (KB)
...
006 (78855136.018.000) 2026-10-04 16:45:40 Image size of job updated: 500016
	489  -  MemoryUsage of job (MB)
	500016  -  ResidentSetSize of job (KB)
...
006 (78855136.018.000) 2026-10-04 16:50:41 Image size of job updated: 500100
	489  -  MemoryUsage of job (MB)
	500100  -  ResidentSetSize of job (KB)
...
006 (78855136.018.000) 2026-10-04 16:55:42 Image size of job updated: 514444
	503  -  MemoryUsage of job (MB)
	514444  -  ResidentSetSize of job (KB)
...
006 (78855136.018.000) 2026-10-04 17:10:44 Image size of job updated: 515900
	504  -  MemoryUsage of job (MB)
	515900  -  ResidentSetSize of job (KB)
...
006 (78855136.018.000) 2026-10-04 17:15:44 Image size of job updated: 515908
	504  -  MemoryUsage of job (MB)
	515908  -  ResidentSetSize of job (KB)
...
006 (78855136.018.000) 2026-10-04 17:20:44 Image size of job updated: 518940
	507  -  MemoryUsage of job (MB)
	518288  -  ResidentSetSize of job (KB)
...
006 (78855136.018.000) 2026-10-04 17:25:45 Image size of job updated: 518940
	507  -  MemoryUsage of job (MB)
	518300  -  ResidentSetSize of job (KB)
...
006 (78855136.018.000) 2026-10-04 17:30:45 Image size of job updated: 520636
	508  -  MemoryUsage of job (MB)
	519624  -  ResidentSetSize of job (KB)
...
006 (78855136.018.000) 2026-10-04 17:35:45 Image size of job updated: 520636
	508  -  MemoryUsage of job (MB)
	519660  -  ResidentSetSize of job (KB)
...
006 (78855136.018.000) 2026-10-04 17:40:46 Image size of job updated: 524736
	511  -  MemoryUsage of job (MB)
	522744  -  ResidentSetSize of job (KB)
...
006 (78855136.018.000) 2026-10-04 17:45:46 Image size of job updated: 524736
	511  -  MemoryUsage of job (MB)
	522756  -  ResidentSetSize of job (KB)
...
006 (78855136.018.000) 2026-10-04 17:50:46 Image size of job updated: 526220
	513  -  MemoryUsage of job (MB)
	525232  -  ResidentSetSize of job (KB)
...
006 (78855136.018.000) 2026-10-04 17:55:48 Image size of job updated: 526220
	513  -  MemoryUsage of job (MB)
	525240  -  ResidentSetSize of job (KB)
...
006 (78855136.018.000) 2026-10-04 18:00:48 Image size of job updated: 527580
	516  -  MemoryUsage of job (MB)
	527580  -  ResidentSetSize of job (KB)
...
006 (78855136.018.000) 2026-10-04 18:05:48 Image size of job updated: 527592
	516  -  MemoryUsage of job (MB)
	527592  -  ResidentSetSize of job (KB)
...
006 (78855136.018.000) 2026-10-04 18:10:49 Image size of job updated: 528036
	516  -  MemoryUsage of job (MB)
	528036  -  ResidentSetSize of job (KB)
...
006 (78855136.018.000) 2026-10-04 18:15:50 Image size of job updated: 528236
	516  -  MemoryUsage of job (MB)
	528236  -  ResidentSetSize of job (KB)
...
006 (78855136.018.000) 2026-10-04 18:20:50 Image size of job updated: 530944
	518  -  MemoryUsage of job (MB)
	529996  -  ResidentSetSize of job (KB)
...
006 (78855136.018.000) 2026-10-04 18:25:51 Image size of job updated: 530944
	518  -  MemoryUsage of job (MB)
	530012  -  ResidentSetSize of job (KB)
...
006 (78855136.018.000) 2026-10-04 18:30:52 Image size of job updated: 544060
	530  -  MemoryUsage of job (MB)
	542496  -  ResidentSetSize of job (KB)
...
006 (78855136.018.000) 2026-10-04 18:35:52 Image size of job updated: 544060
	530  -  MemoryUsage of job (MB)
	542508  -  ResidentSetSize of job (KB)
...
006 (78855136.018.000) 2026-10-04 18:50:54 Image size of job updated: 545080
	533  -  MemoryUsage of job (MB)
	545080  -  ResidentSetSize of job (KB)
...
006 (78855136.018.000) 2026-10-04 18:55:55 Image size of job updated: 545848
	534  -  MemoryUsage of job (MB)
	545848  -  ResidentSetSize of job (KB)
...
006 (78855136.018.000) 2026-10-04 19:00:56 Image size of job updated: 546880
	534  -  MemoryUsage of job (MB)
	546676  -  ResidentSetSize of job (KB)
...
006 (78855136.018.000) 2026-10-04 19:05:56 Image size of job updated: 546880
	534  -  MemoryUsage of job (MB)
	546712  -  ResidentSetSize of job (KB)
...
006 (78855136.018.000) 2026-10-04 19:10:57 Image size of job updated: 558268
	545  -  MemoryUsage of job (MB)
	557244  -  ResidentSetSize of job (KB)
...
006 (78855136.018.000) 2026-10-04 19:15:58 Image size of job updated: 558268
	545  -  MemoryUsage of job (MB)
	557280  -  ResidentSetSize of job (KB)
...
006 (78855136.018.000) 2026-10-04 19:20:58 Image size of job updated: 561436
	548  -  MemoryUsage of job (MB)
	560652  -  ResidentSetSize of job (KB)
...
006 (78855136.018.000) 2026-10-04 19:25:59 Image size of job updated: 561436
	548  -  MemoryUsage of job (MB)
	560704  -  ResidentSetSize of job (KB)
...
006 (78855136.018.000) 2026-10-04 19:30:59 Image size of job updated: 563400
	548  -  MemoryUsage of job (MB)
	560704  -  ResidentSetSize of job (KB)
...
006 (78855136.018.000) 2026-10-04 19:41:00 Image size of job updated: 563400
	548  -  MemoryUsage of job (MB)
	560840  -  ResidentSetSize of job (KB)
...
006 (78855136.018.000) 2026-10-04 19:46:00 Image size of job updated: 564884
	552  -  MemoryUsage of job (MB)
	564884  -  ResidentSetSize of job (KB)
...
006 (78855136.018.000) 2026-10-04 19:51:00 Image size of job updated: 564916
	552  -  MemoryUsage of job (MB)
	564916  -  ResidentSetSize of job (KB)
...
006 (78855136.018.000) 2026-10-04 19:56:01 Image size of job updated: 566364
	554  -  MemoryUsage of job (MB)
	566364  -  ResidentSetSize of job (KB)
...
006 (78855136.018.000) 2026-10-04 20:01:01 Image size of job updated: 566384
	554  -  MemoryUsage of job (MB)
	566384  -  ResidentSetSize of job (KB)
...
006 (78855136.018.000) 2026-10-04 20:06:01 Image size of job updated: 569876
	556  -  MemoryUsage of job (MB)
	568868  -  ResidentSetSize of job (KB)
...
006 (78855136.018.000) 2026-10-04 20:11:02 Image size of job updated: 569876
	556  -  MemoryUsage of job (MB)
	568880  -  ResidentSetSize of job (KB)
...
006 (78855136.018.000) 2026-10-04 20:16:02 Image size of job updated: 571488
	556  -  MemoryUsage of job (MB)
	568880  -  ResidentSetSize of job (KB)
...
006 (78855136.018.000) 2026-10-04 20:26:03 Image size of job updated: 571488
	558  -  MemoryUsage of job (MB)
	570940  -  ResidentSetSize of job (KB)
...
006 (78855136.018.000) 2026-10-04 20:31:03 Image size of job updated: 571488
	558  -  MemoryUsage of job (MB)
	571008  -  ResidentSetSize of job (KB)
...
006 (78855136.018.000) 2026-10-04 20:36:03 Image size of job updated: 572764
	558  -  MemoryUsage of job (MB)
	571008  -  ResidentSetSize of job (KB)
...
006 (78855136.018.000) 2026-10-04 21:16:06 Image size of job updated: 573324
	558  -  MemoryUsage of job (MB)
	571076  -  ResidentSetSize of job (KB)
...
006 (78855136.018.000) 2026-10-04 21:21:06 Image size of job updated: 573324
	558  -  MemoryUsage of job (MB)
	571208  -  ResidentSetSize of job (KB)
...
006 (78855136.018.000) 2026-10-04 21:26:07 Image size of job updated: 575476
	558  -  MemoryUsage of job (MB)
	571208  -  ResidentSetSize of job (KB)
...
006 (78855136.018.000) 2026-10-04 21:36:07 Image size of job updated: 587852
	572  -  MemoryUsage of job (MB)
	584784  -  ResidentSetSize of job (KB)
...
006 (78855136.018.000) 2026-10-04 21:41:08 Image size of job updated: 587852
	572  -  MemoryUsage of job (MB)
	584840  -  ResidentSetSize of job (KB)
...
006 (78855136.018.000) 2026-10-04 21:46:08 Image size of job updated: 591760
	578  -  MemoryUsage of job (MB)
	591760  -  ResidentSetSize of job (KB)
...
006 (78855136.018.000) 2026-10-04 22:01:09 Image size of job updated: 592412
	578  -  MemoryUsage of job (MB)
	591760  -  ResidentSetSize of job (KB)
...
006 (78855136.018.000) 2026-10-04 22:11:10 Image size of job updated: 596404
	582  -  MemoryUsage of job (MB)
	595456  -  ResidentSetSize of job (KB)
...
006 (78855136.018.000) 2026-10-04 22:16:10 Image size of job updated: 596404
	582  -  MemoryUsage of job (MB)
	595784  -  ResidentSetSize of job (KB)
...
006 (78855136.018.000) 2026-10-04 22:21:10 Image size of job updated: 598244
	582  -  MemoryUsage of job (MB)
	595784  -  ResidentSetSize of job (KB)
...
006 (78855136.018.000) 2026-10-04 22:31:11 Image size of job updated: 598924
	584  -  MemoryUsage of job (MB)
	597952  -  ResidentSetSize of job (KB)
...
006 (78855136.018.000) 2026-10-04 22:36:12 Image size of job updated: 598924
	585  -  MemoryUsage of job (MB)
	598028  -  ResidentSetSize of job (KB)
...
006 (78855136.018.000) 2026-10-04 22:41:13 Image size of job updated: 608128
	590  -  MemoryUsage of job (MB)
	603908  -  ResidentSetSize of job (KB)
...
006 (78855136.018.000) 2026-10-04 22:46:13 Image size of job updated: 608128
	590  -  MemoryUsage of job (MB)
	604076  -  ResidentSetSize of job (KB)
...
006 (78855136.018.000) 2026-10-04 22:51:14 Image size of job updated: 610400
	594  -  MemoryUsage of job (MB)
	608032  -  ResidentSetSize of job (KB)
...
006 (78855136.018.000) 2026-10-04 22:56:15 Image size of job updated: 610400
	594  -  MemoryUsage of job (MB)
	608088  -  ResidentSetSize of job (KB)
...
006 (78855136.018.000) 2026-10-04 23:01:15 Image size of job updated: 610400
	595  -  MemoryUsage of job (MB)
	609084  -  ResidentSetSize of job (KB)
...
006 (78855136.018.000) 2026-10-04 23:06:16 Image size of job updated: 610400
	595  -  MemoryUsage of job (MB)
	609100  -  ResidentSetSize of job (KB)
...
006 (78855136.018.000) 2026-10-04 23:11:17 Image size of job updated: 611720
	596  -  MemoryUsage of job (MB)
	610000  -  ResidentSetSize of job (KB)
...
006 (78855136.018.000) 2026-10-04 23:16:17 Image size of job updated: 611720
	596  -  MemoryUsage of job (MB)
	610040  -  ResidentSetSize of job (KB)
...
006 (78855136.018.000) 2026-10-04 23:21:18 Image size of job updated: 626972
	596  -  MemoryUsage of job (MB)
	610040  -  ResidentSetSize of job (KB)
...
006 (78855136.018.000) 2026-10-04 23:31:19 Image size of job updated: 626972
	600  -  MemoryUsage of job (MB)
	613624  -  ResidentSetSize of job (KB)
...
006 (78855136.018.000) 2026-10-04 23:36:20 Image size of job updated: 626972
	600  -  MemoryUsage of job (MB)
	613676  -  ResidentSetSize of job (KB)
...
006 (78855136.018.000) 2026-10-04 23:41:21 Image size of job updated: 628208
	610  -  MemoryUsage of job (MB)
	624152  -  ResidentSetSize of job (KB)
...
006 (78855136.018.000) 2026-10-04 23:46:21 Image size of job updated: 628208
	610  -  MemoryUsage of job (MB)
	624300  -  ResidentSetSize of job (KB)
...
006 (78855136.018.000) 2026-10-05 00:06:23 Image size of job updated: 628208
	613  -  MemoryUsage of job (MB)
	626692  -  ResidentSetSize of job (KB)
...
006 (78855136.018.000) 2026-10-05 00:11:23 Image size of job updated: 628208
	613  -  MemoryUsage of job (MB)
	626704  -  ResidentSetSize of job (KB)
...
006 (78855136.018.000) 2026-10-05 00:16:23 Image size of job updated: 630088
	613  -  MemoryUsage of job (MB)
	626704  -  ResidentSetSize of job (KB)
...
006 (78855136.018.000) 2026-10-05 00:36:25 Image size of job updated: 639036
	614  -  MemoryUsage of job (MB)
	628344  -  ResidentSetSize of job (KB)
...
006 (78855136.018.000) 2026-10-05 00:38:49 Image size of job updated: 722960
	614  -  MemoryUsage of job (MB)
	628344  -  ResidentSetSize of job (KB)
...
005 (78855136.018.000) 2026-10-05 00:38:49 Job terminated.
	(1) Normal termination (return value 0)
		Usr 1 12:33:12, Sys 0 00:05:26  -  Run Remote Usage
		Usr 0 00:00:00, Sys 0 00:00:00  -  Run Local Usage
		Usr 1 12:33:12, Sys 0 00:05:26  -  Total Remote Usage
		Usr 0 00:00:00, Sys 0 00:00:00  -  Total Local Usage
	0  -  Run Bytes Sent By Job
	0  -  Run Bytes Received By Job
	0  -  Total Bytes Sent By Job
	0  -  Total Bytes Received By Job
	Partitionable Resources :    Usage  Request Allocated 
	   Cpus                 :     3.63        4         4 
	   Disk (KB)            : 25000       25000     28672 
	   GPUs                 :                           0 
	   Memory (MB)          :   614       15000     15104 
	   TimeExecute (s)      : 38971                       
	   TimeSlotBusy (s)     : 38972                       
...
