000 (78852668.002.000) 2026-10-01 10:44:08 Job submitted from host: <10.14.0.121:9618?addrs=10.14.0.121-9618&alias=ldas-pcdev12.ligo.caltech.edu&noUDP&sock=schedd_623140_c9b4>
...
001 (78852668.002.000) 2026-10-01 10:47:07 Job executing on host: <10.14.4.52:9618?addrs=10.14.4.52-9618&alias=node802.cluster.ldas.cit&noUDP&sock=startd_877821_c53c>
	SlotName: slot1_19@node802.cluster.ldas.cit
	CondorScratchDir = "/var/lib/condor/execute/dir_1095298/scratch"
	Cpus = 4
	Disk = 28672
	GPUs = 0
	Memory = 15104
...
006 (78852668.002.000) 2026-10-01 10:47:15 Image size of job updated: 136380
	134  -  MemoryUsage of job (MB)
	136380  -  ResidentSetSize of job (KB)
...
006 (78852668.002.000) 2026-10-01 10:52:15 Image size of job updated: 366120
	358  -  MemoryUsage of job (MB)
	366120  -  ResidentSetSize of job (KB)
...
006 (78852668.002.000) 2026-10-01 10:57:16 Image size of job updated: 369432
	361  -  MemoryUsage of job (MB)
	369432  -  ResidentSetSize of job (KB)
...
006 (78852668.002.000) 2026-10-01 11:02:16 Image size of job updated: 503864
	493  -  MemoryUsage of job (MB)
	503864  -  ResidentSetSize of job (KB)
...
006 (78852668.002.000) 2026-10-01 11:07:16 Image size of job updated: 504276
	493  -  MemoryUsage of job (MB)
	504276  -  ResidentSetSize of job (KB)
...
006 (78852668.002.000) 2026-10-01 11:12:17 Image size of job updated: 520448
	506  -  MemoryUsage of job (MB)
	517484  -  ResidentSetSize of job (KB)
...
006 (78852668.002.000) 2026-10-01 11:17:17 Image size of job updated: 520448
	506  -  MemoryUsage of job (MB)
	517660  -  ResidentSetSize of job (KB)
...
006 (78852668.002.000) 2026-10-01 11:22:17 Image size of job updated: 520448
	506  -  MemoryUsage of job (MB)
	517988  -  ResidentSetSize of job (KB)
...
006 (78852668.002.000) 2026-10-01 11:27:18 Image size of job updated: 520448
	506  -  MemoryUsage of job (MB)
	518040  -  ResidentSetSize of job (KB)
...
006 (78852668.002.000) 2026-10-01 11:32:18 Image size of job updated: 520448
	507  -  MemoryUsage of job (MB)
	518192  -  ResidentSetSize of job (KB)
...
006 (78852668.002.000) 2026-10-01 11:37:19 Image size of job updated: 520448
	507  -  MemoryUsage of job (MB)
	518216  -  ResidentSetSize of job (KB)
...
006 (78852668.002.000) 2026-10-01 11:42:20 Image size of job updated: 520448
	507  -  MemoryUsage of job (MB)
	518464  -  ResidentSetSize of job (KB)
...
006 (78852668.002.000) 2026-10-01 11:47:20 Image size of job updated: 520448
	507  -  MemoryUsage of job (MB)
	518484  -  ResidentSetSize of job (KB)
...
006 (78852668.002.000) 2026-10-01 11:57:21 Image size of job updated: 520448
	507  -  MemoryUsage of job (MB)
	518516  -  ResidentSetSize of job (KB)
...
006 (78852668.002.000) 2026-10-01 12:02:21 Image size of job updated: 541668
	529  -  MemoryUsage of job (MB)
	541668  -  ResidentSetSize of job (KB)
...
006 (78852668.002.000) 2026-10-01 12:07:22 Image size of job updated: 682308
	667  -  MemoryUsage of job (MB)
	682308  -  ResidentSetSize of job (KB)
...
006 (78852668.002.000) 2026-10-01 12:12:22 Image size of job updated: 856216
	837  -  MemoryUsage of job (MB)
	856216  -  ResidentSetSize of job (KB)
...
006 (78852668.002.000) 2026-10-01 12:17:23 Image size of job updated: 862980
	843  -  MemoryUsage of job (MB)
	862980  -  ResidentSetSize of job (KB)
...
006 (78852668.002.000) 2026-10-01 12:22:23 Image size of job updated: 862988
	843  -  MemoryUsage of job (MB)
	862988  -  ResidentSetSize of job (KB)
...
006 (78852668.002.000) 2026-10-01 12:32:24 Image size of job updated: 863000
	843  -  MemoryUsage of job (MB)
	863000  -  ResidentSetSize of job (KB)
...
006 (78852668.002.000) 2026-10-01 12:37:24 Image size of job updated: 863712
	844  -  MemoryUsage of job (MB)
	863712  -  ResidentSetSize of job (KB)
...
006 (78852668.002.000) 2026-10-01 12:47:26 Image size of job updated: 864052
	844  -  MemoryUsage of job (MB)
	864052  -  ResidentSetSize of job (KB)
...
006 (78852668.002.000) 2026-10-01 12:57:27 Image size of job updated: 864096
	844  -  MemoryUsage of job (MB)
	864096  -  ResidentSetSize of job (KB)
...
006 (78852668.002.000) 2026-10-01 13:07:27 Image size of job updated: 864104
	844  -  MemoryUsage of job (MB)
	864104  -  ResidentSetSize of job (KB)
...
006 (78852668.002.000) 2026-10-01 13:12:28 Image size of job updated: 864108
	844  -  MemoryUsage of job (MB)
	864108  -  ResidentSetSize of job (KB)
...
006 (78852668.002.000) 2026-10-01 13:17:28 Image size of job updated: 875432
	855  -  MemoryUsage of job (MB)
	875432  -  ResidentSetSize of job (KB)
...
006 (78852668.002.000) 2026-10-01 13:22:29 Image size of job updated: 875436
	855  -  MemoryUsage of job (MB)
	875436  -  ResidentSetSize of job (KB)
...
006 (78852668.002.000) 2026-10-01 13:37:31 Image size of job updated: 875652
	856  -  MemoryUsage of job (MB)
	875652  -  ResidentSetSize of job (KB)
...
006 (78852668.002.000) 2026-10-01 14:17:35 Image size of job updated: 876692
	856  -  MemoryUsage of job (MB)
	875668  -  ResidentSetSize of job (KB)
...
006 (78852668.002.000) 2026-10-01 14:27:36 Image size of job updated: 876692
	856  -  MemoryUsage of job (MB)
	875716  -  ResidentSetSize of job (KB)
...
006 (78852668.002.000) 2026-10-01 14:37:37 Image size of job updated: 876692
	856  -  MemoryUsage of job (MB)
	875720  -  ResidentSetSize of job (KB)
...
006 (78852668.002.000) 2026-10-01 14:47:38 Image size of job updated: 876692
	857  -  MemoryUsage of job (MB)
	876568  -  ResidentSetSize of job (KB)
...
006 (78852668.002.000) 2026-10-01 14:57:39 Image size of job updated: 876692
	857  -  MemoryUsage of job (MB)
	876576  -  ResidentSetSize of job (KB)
...
006 (78852668.002.000) 2026-10-01 15:02:39 Image size of job updated: 876692
	857  -  MemoryUsage of job (MB)
	876684  -  ResidentSetSize of job (KB)
...
006 (78852668.002.000) 2026-10-01 15:22:42 Image size of job updated: 878628
	859  -  MemoryUsage of job (MB)
	878628  -  ResidentSetSize of job (KB)
...
006 (78852668.002.000) 2026-10-01 15:42:44 Image size of job updated: 878816
	859  -  MemoryUsage of job (MB)
	878628  -  ResidentSetSize of job (KB)
...
006 (78852668.002.000) 2026-10-01 16:12:48 Image size of job updated: 879652
	860  -  MemoryUsage of job (MB)
	879652  -  ResidentSetSize of job (KB)
...
006 (78852668.002.000) 2026-10-01 16:32:50 Image size of job updated: 880676
	860  -  MemoryUsage of job (MB)
	879652  -  ResidentSetSize of job (KB)
...
006 (78852668.002.000) 2026-10-01 17:07:54 Image size of job updated: 880864
	860  -  MemoryUsage of job (MB)
	879844  -  ResidentSetSize of job (KB)
...
006 (78852668.002.000) 2026-10-01 18:18:00 Image size of job updated: 880864
	861  -  MemoryUsage of job (MB)
	880700  -  ResidentSetSize of job (KB)
...
006 (78852668.002.000) 2026-10-01 19:03:04 Image size of job updated: 882748
	863  -  MemoryUsage of job (MB)
	882748  -  ResidentSetSize of job (KB)
...
006 (78852668.002.000) 2026-10-01 19:33:07 Image size of job updated: 884108
	863  -  MemoryUsage of job (MB)
	883084  -  ResidentSetSize of job (KB)
...
006 (78852668.002.000) 2026-10-01 19:43:08 Image size of job updated: 884108
	864  -  MemoryUsage of job (MB)
	883772  -  ResidentSetSize of job (KB)
...
006 (78852668.002.000) 2026-10-01 19:48:09 Image size of job updated: 884108
	864  -  MemoryUsage of job (MB)
	883776  -  ResidentSetSize of job (KB)
...
006 (78852668.002.000) 2026-10-01 21:28:20 Image size of job updated: 884928
	864  -  MemoryUsage of job (MB)
	883776  -  ResidentSetSize of job (KB)
...
006 (78852668.002.000) 2026-10-01 21:38:21 Image size of job updated: 884928
	864  -  MemoryUsage of job (MB)
	883788  -  ResidentSetSize of job (KB)
...
006 (78852668.002.000) 2026-10-02 00:48:41 Image size of job updated: 885840
	866  -  MemoryUsage of job (MB)
	885840  -  ResidentSetSize of job (KB)
...
006 (78852668.002.000) 2026-10-02 01:03:42 Image size of job updated: 888924
	869  -  MemoryUsage of job (MB)
	888920  -  ResidentSetSize of job (KB)
...
006 (78852668.002.000) 2026-10-02 01:08:43 Image size of job updated: 888924
	869  -  MemoryUsage of job (MB)
	888924  -  ResidentSetSize of job (KB)
...
006 (78852668.002.000) 2026-10-02 02:13:49 Image size of job updated: 890984
	869  -  MemoryUsage of job (MB)
	888924  -  ResidentSetSize of job (KB)
...
006 (78852668.002.000) 2026-10-02 02:23:50 Image size of job updated: 890984
	869  -  MemoryUsage of job (MB)
	888932  -  ResidentSetSize of job (KB)
...
006 (78852668.002.000) 2026-10-02 02:28:51 Image size of job updated: 891152
	869  -  MemoryUsage of job (MB)
	888932  -  ResidentSetSize of job (KB)
...
006 (78852668.002.000) 2026-10-02 02:48:53 Image size of job updated: 891152
	870  -  MemoryUsage of job (MB)
	889956  -  ResidentSetSize of job (KB)
...
006 (78852668.002.000) 2026-10-02 03:08:54 Image size of job updated: 896024
	875  -  MemoryUsage of job (MB)
	895620  -  ResidentSetSize of job (KB)
...
006 (78852668.002.000) 2026-10-02 03:28:56 Image size of job updated: 896644
	876  -  MemoryUsage of job (MB)
	896644  -  ResidentSetSize of job (KB)
...
006 (78852668.002.000) 2026-10-02 03:33:56 Image size of job updated: 896660
	876  -  MemoryUsage of job (MB)
	896644  -  ResidentSetSize of job (KB)
...
006 (78852668.002.000) 2026-10-02 03:53:59 Image size of job updated: 897668
	876  -  MemoryUsage of job (MB)
	896644  -  ResidentSetSize of job (KB)
...
006 (78852668.002.000) 2026-10-02 04:14:00 Image size of job updated: 897668
	877  -  MemoryUsage of job (MB)
	897668  -  ResidentSetSize of job (KB)
...
006 (78852668.002.000) 2026-10-02 04:34:02 Image size of job updated: 897672
	877  -  MemoryUsage of job (MB)
	897668  -  ResidentSetSize of job (KB)
...
006 (78852668.002.000) 2026-10-02 04:44:03 Image size of job updated: 897672
	877  -  MemoryUsage of job (MB)
	897672  -  ResidentSetSize of job (KB)
...
006 (78852668.002.000) 2026-10-02 05:09:05 Image size of job updated: 898688
	878  -  MemoryUsage of job (MB)
	898688  -  ResidentSetSize of job (KB)
...
006 (78852668.002.000) 2026-10-02 05:19:06 Image size of job updated: 898696
	878  -  MemoryUsage of job (MB)
	898696  -  ResidentSetSize of job (KB)
...
006 (78852668.002.000) 2026-10-02 05:29:07 Image size of job updated: 914548
	894  -  MemoryUsage of job (MB)
	914548  -  ResidentSetSize of job (KB)
...
006 (78852668.002.000) 2026-10-02 14:00:02 Image size of job updated: 914556
	894  -  MemoryUsage of job (MB)
	914556  -  ResidentSetSize of job (KB)
...
006 (78852668.002.000) 2026-10-02 14:20:05 Image size of job updated: 915968
	895  -  MemoryUsage of job (MB)
	915968  -  ResidentSetSize of job (KB)
...
006 (78852668.002.000) 2026-10-02 14:30:06 Image size of job updated: 919596
	899  -  MemoryUsage of job (MB)
	919596  -  ResidentSetSize of job (KB)
...
006 (78852668.002.000) 2026-10-02 14:55:10 Image size of job updated: 920612
	900  -  MemoryUsage of job (MB)
	920612  -  ResidentSetSize of job (KB)
...
006 (78852668.002.000) 2026-10-02 15:35:13 Image size of job updated: 921636
	901  -  MemoryUsage of job (MB)
	921636  -  ResidentSetSize of job (KB)
...
004 (78852668.002.000) 2026-10-02 16:18:13 Job was evicted. Code 1019 Subcode 0
	(0) CPU times
		Usr 3 21:23:19, Sys 0 00:03:50  -  Run Remote Usage
		Usr 0 00:00:00, Sys 0 00:00:00  -  Run Local Usage
	0  -  Run Bytes Sent By Job
	0  -  Run Bytes Received By Job
	Reason: Preempted for a Priority user
	Partitionable Resources :     Usage  Request Allocated 
	   Cpus                 :      3.97        4         4 
	   Disk (KB)            :  25000       25000     28672 
	   GPUs                 :                            0 
	   Memory (MB)          :    901       15000     15104 
	   TimeExecute (s)      : 106266                       
	   TimeSlotBusy (s)     : 106266                       
...
001 (78852668.002.000) 2026-10-02 16:22:28 Job executing on host: <10.14.4.99:9618?addrs=10.14.4.99-9618&alias=node849.cluster.ldas.cit&noUDP&sock=startd_3034069_8ca8>
	SlotName: slot1_4@node849.cluster.ldas.cit
	CondorScratchDir = "/var/lib/condor/execute/dir_3854247/scratch"
	Cpus = 4
	Disk = 28672
	GPUs = 0
	Memory = 15104
...
004 (78852668.002.000) 2026-10-02 16:49:15 Job was evicted. Code 1013 Subcode 0
	(0) CPU times
		Usr 0 01:26:00, Sys 0 00:00:11  -  Run Remote Usage
		Usr 0 00:00:00, Sys 0 00:00:00  -  Run Local Usage
	0  -  Run Bytes Sent By Job
	0  -  Run Bytes Received By Job
	Reason: Startd was shutdown
	Partitionable Resources :    Usage  Request Allocated 
	   Cpus                 :     2.23        4         4 
	   Disk (KB)            : 25000       25000     28672 
	   GPUs                 :                           0 
	   Memory (MB)          :   977       15000     15104 
	   TimeExecute (s)      :  1607                       
	   TimeSlotBusy (s)     :  1607                       
...
001 (78852668.002.000) 2026-10-02 16:49:43 Job executing on host: <10.14.4.78:9618?addrs=10.14.4.78-9618&alias=node828.cluster.ldas.cit&noUDP&sock=startd_1793610_da36>
	SlotName: slot1_14@node828.cluster.ldas.cit
	CondorScratchDir = "/var/lib/condor/execute/dir_2514489/scratch"
	Cpus = 4
	Disk = 28672
	GPUs = 0
	Memory = 15104
...
000 (78854871.002.000) 2026-10-03 17:15:41 Job submitted from host: <10.14.0.121:9618?addrs=10.14.0.121-9618&alias=ldas-pcdev12.ligo.caltech.edu&noUDP&sock=schedd_623140_c9b4>
...
004 (78852668.002.000) 2026-10-03 17:16:24 Job was evicted. Code 1023 Subcode 0
	(0) CPU times
		Usr 3 07:06:20, Sys 0 00:01:42  -  Run Remote Usage
		Usr 0 00:00:00, Sys 0 00:00:00  -  Run Local Usage
	0  -  Run Bytes Sent By Job
	0  -  Run Bytes Received By Job
	Reason: via condor_rm (by user pratyusava.baral)
	Partitionable Resources :    Usage  Request Allocated 
	   Cpus                 :     1.74        4         4 
	   Disk (KB)            : 25000       25000     28672 
	   GPUs                 :                           0 
	   Memory (MB)          :   977       15000     15104 
	   TimeExecute (s)      : 88001                       
	   TimeSlotBusy (s)     : 88002                       
...
009 (78852668.002.000) 2026-10-03 17:16:24 Job was aborted.
	via condor_rm (by user pratyusava.baral)
...
001 (78854871.002.000) 2026-10-03 17:16:39 Job executing on host: <10.14.5.115:9618?addrs=10.14.5.115-9618&alias=node1115.cluster.ldas.cit&noUDP&sock=startd_73399_2ffa>
	SlotName: slot1_3@node1115.cluster.ldas.cit
	CondorScratchDir = "/var/lib/condor/execute/dir_799710/scratch"
	Cpus = 4
	Disk = 28672
	GPUs = 0
	Memory = 15104
...
006 (78854871.002.000) 2026-10-03 17:16:48 Image size of job updated: 270124
	264  -  MemoryUsage of job (MB)
	270124  -  ResidentSetSize of job (KB)
...
006 (78854871.002.000) 2026-10-03 17:21:49 Image size of job updated: 363988
	356  -  MemoryUsage of job (MB)
	363988  -  ResidentSetSize of job (KB)
...
006 (78854871.002.000) 2026-10-03 17:26:49 Image size of job updated: 532032
	520  -  MemoryUsage of job (MB)
	532032  -  ResidentSetSize of job (KB)
...
006 (78854871.002.000) 2026-10-03 17:31:49 Image size of job updated: 532384
	520  -  MemoryUsage of job (MB)
	532384  -  ResidentSetSize of job (KB)
...
006 (78854871.002.000) 2026-10-03 17:36:50 Image size of job updated: 532872
	521  -  MemoryUsage of job (MB)
	532872  -  ResidentSetSize of job (KB)
...
006 (78854871.002.000) 2026-10-03 17:41:50 Image size of job updated: 585480
	572  -  MemoryUsage of job (MB)
	585480  -  ResidentSetSize of job (KB)
...
006 (78854871.002.000) 2026-10-03 17:46:50 Image size of job updated: 592796
	579  -  MemoryUsage of job (MB)
	592796  -  ResidentSetSize of job (KB)
...
006 (78854871.002.000) 2026-10-03 17:51:51 Image size of job updated: 612220
	586  -  MemoryUsage of job (MB)
	599456  -  ResidentSetSize of job (KB)
...
006 (78854871.002.000) 2026-10-03 17:56:51 Image size of job updated: 612220
	586  -  MemoryUsage of job (MB)
	599504  -  ResidentSetSize of job (KB)
...
006 (78854871.002.000) 2026-10-03 18:01:51 Image size of job updated: 621936
	595  -  MemoryUsage of job (MB)
	609280  -  ResidentSetSize of job (KB)
...
006 (78854871.002.000) 2026-10-03 18:06:52 Image size of job updated: 621936
	596  -  MemoryUsage of job (MB)
	609316  -  ResidentSetSize of job (KB)
...
006 (78854871.002.000) 2026-10-03 18:21:53 Image size of job updated: 621936
	603  -  MemoryUsage of job (MB)
	616740  -  ResidentSetSize of job (KB)
...
006 (78854871.002.000) 2026-10-03 18:26:53 Image size of job updated: 621936
	603  -  MemoryUsage of job (MB)
	616832  -  ResidentSetSize of job (KB)
...
006 (78854871.002.000) 2026-10-03 18:31:53 Image size of job updated: 621936
	603  -  MemoryUsage of job (MB)
	617024  -  ResidentSetSize of job (KB)
...
006 (78854871.002.000) 2026-10-03 18:36:54 Image size of job updated: 621936
	603  -  MemoryUsage of job (MB)
	617036  -  ResidentSetSize of job (KB)
...
006 (78854871.002.000) 2026-10-03 18:41:55 Image size of job updated: 624528
	605  -  MemoryUsage of job (MB)
	619364  -  ResidentSetSize of job (KB)
...
006 (78854871.002.000) 2026-10-03 18:46:55 Image size of job updated: 624528
	605  -  MemoryUsage of job (MB)
	619428  -  ResidentSetSize of job (KB)
...
006 (78854871.002.000) 2026-10-03 18:51:56 Image size of job updated: 624528
	605  -  MemoryUsage of job (MB)
	619440  -  ResidentSetSize of job (KB)
...
006 (78854871.002.000) 2026-10-03 18:56:57 Image size of job updated: 624528
	609  -  MemoryUsage of job (MB)
	623604  -  ResidentSetSize of job (KB)
...
006 (78854871.002.000) 2026-10-03 19:01:57 Image size of job updated: 624528
	610  -  MemoryUsage of job (MB)
	623652  -  ResidentSetSize of job (KB)
...
006 (78854871.002.000) 2026-10-03 19:47:03 Image size of job updated: 628000
	613  -  MemoryUsage of job (MB)
	627296  -  ResidentSetSize of job (KB)
...
006 (78854871.002.000) 2026-10-03 19:52:04 Image size of job updated: 628000
	613  -  MemoryUsage of job (MB)
	627304  -  ResidentSetSize of job (KB)
...
006 (78854871.002.000) 2026-10-03 19:57:05 Image size of job updated: 628000
	613  -  MemoryUsage of job (MB)
	627456  -  ResidentSetSize of job (KB)
...
006 (78854871.002.000) 2026-10-03 20:02:05 Image size of job updated: 628000
	613  -  MemoryUsage of job (MB)
	627468  -  ResidentSetSize of job (KB)
...
006 (78854871.002.000) 2026-10-03 20:07:06 Image size of job updated: 628000
	613  -  MemoryUsage of job (MB)
	627476  -  ResidentSetSize of job (KB)
...
006 (78854871.002.000) 2026-10-03 20:12:07 Image size of job updated: 628416
	613  -  MemoryUsage of job (MB)
	627476  -  ResidentSetSize of job (KB)
...
006 (78854871.002.000) 2026-10-03 20:17:07 Image size of job updated: 628416
	613  -  MemoryUsage of job (MB)
	627504  -  ResidentSetSize of job (KB)
...
006 (78854871.002.000) 2026-10-03 20:22:08 Image size of job updated: 628528
	613  -  MemoryUsage of job (MB)
	627524  -  ResidentSetSize of job (KB)
...
006 (78854871.002.000) 2026-10-03 20:32:09 Image size of job updated: 628532
	613  -  MemoryUsage of job (MB)
	627528  -  ResidentSetSize of job (KB)
...
006 (78854871.002.000) 2026-10-03 20:37:10 Image size of job updated: 628532
	613  -  MemoryUsage of job (MB)
	627612  -  ResidentSetSize of job (KB)
...
006 (78854871.002.000) 2026-10-03 20:42:11 Image size of job updated: 630200
	615  -  MemoryUsage of job (MB)
	629652  -  ResidentSetSize of job (KB)
...
006 (78854871.002.000) 2026-10-03 21:12:15 Image size of job updated: 630200
	615  -  MemoryUsage of job (MB)
	629660  -  ResidentSetSize of job (KB)
...
006 (78854871.002.000) 2026-10-03 21:17:15 Image size of job updated: 630200
	615  -  MemoryUsage of job (MB)
	629664  -  ResidentSetSize of job (KB)
...
006 (78854871.002.000) 2026-10-03 21:22:16 Image size of job updated: 630200
	615  -  MemoryUsage of job (MB)
	629708  -  ResidentSetSize of job (KB)
...
006 (78854871.002.000) 2026-10-03 21:27:17 Image size of job updated: 630800
	617  -  MemoryUsage of job (MB)
	630800  -  ResidentSetSize of job (KB)
...
006 (78854871.002.000) 2026-10-03 21:32:17 Image size of job updated: 630804
	617  -  MemoryUsage of job (MB)
	630804  -  ResidentSetSize of job (KB)
...
000 (78854907.002.000) 2026-10-03 21:37:08 Job submitted from host: <10.14.0.121:9618?addrs=10.14.0.121-9618&alias=ldas-pcdev12.ligo.caltech.edu&noUDP&sock=schedd_623140_c9b4>
...
006 (78854871.002.000) 2026-10-03 21:37:18 Image size of job updated: 630812
	617  -  MemoryUsage of job (MB)
	630804  -  ResidentSetSize of job (KB)
...
004 (78854871.002.000) 2026-10-03 21:37:30 Job was evicted. Code 1023 Subcode 0
	(0) CPU times
		Usr 0 14:01:09, Sys 0 00:00:55  -  Run Remote Usage
		Usr 0 00:00:00, Sys 0 00:00:00  -  Run Local Usage
	0  -  Run Bytes Sent By Job
	0  -  Run Bytes Received By Job
	Reason: via condor_rm (by user pratyusava.baral)
	Partitionable Resources :    Usage  Request Allocated 
	   Cpus                 :     3.67        4         4 
	   Disk (KB)            : 25000       25000     28672 
	   GPUs                 :                           0 
	   Memory (MB)          :   617       15000     15104 
	   TimeExecute (s)      : 15651                       
	   TimeSlotBusy (s)     : 15651                       
...
009 (78854871.002.000) 2026-10-03 21:37:30 Job was aborted.
	via condor_rm (by user pratyusava.baral)
...
001 (78854907.002.000) 2026-10-03 21:38:42 Job executing on host: <10.14.5.183:9618?addrs=10.14.5.183-9618&alias=node1183.cluster.ldas.cit&noUDP&sock=startd_72943_68ca>
	SlotName: slot1_1@node1183.cluster.ldas.cit
	CondorScratchDir = "/var/lib/condor/execute/dir_452453/scratch"
	Cpus = 4
	Disk = 28672
	GPUs = 0
	Memory = 15104
...
006 (78854907.002.000) 2026-10-03 21:38:50 Image size of job updated: 258468
	253  -  MemoryUsage of job (MB)
	258468  -  ResidentSetSize of job (KB)
...
006 (78854907.002.000) 2026-10-03 21:43:50 Image size of job updated: 366380
	358  -  MemoryUsage of job (MB)
	366380  -  ResidentSetSize of job (KB)
...
006 (78854907.002.000) 2026-10-03 21:48:50 Image size of job updated: 514008
	502  -  MemoryUsage of job (MB)
	514008  -  ResidentSetSize of job (KB)
...
006 (78854907.002.000) 2026-10-03 21:53:51 Image size of job updated: 514180
	503  -  MemoryUsage of job (MB)
	514180  -  ResidentSetSize of job (KB)
...
006 (78854907.002.000) 2026-10-03 21:58:51 Image size of job updated: 551084
	534  -  MemoryUsage of job (MB)
	545868  -  ResidentSetSize of job (KB)
...
006 (78854907.002.000) 2026-10-03 22:03:51 Image size of job updated: 551084
	534  -  MemoryUsage of job (MB)
	546040  -  ResidentSetSize of job (KB)
...
006 (78854907.002.000) 2026-10-03 22:08:52 Image size of job updated: 559376
	547  -  MemoryUsage of job (MB)
	559376  -  ResidentSetSize of job (KB)
...
006 (78854907.002.000) 2026-10-03 22:13:52 Image size of job updated: 590244
	575  -  MemoryUsage of job (MB)
	588284  -  ResidentSetSize of job (KB)
...
006 (78854907.002.000) 2026-10-03 22:18:52 Image size of job updated: 594252
	581  -  MemoryUsage of job (MB)
	594252  -  ResidentSetSize of job (KB)
...
006 (78854907.002.000) 2026-10-03 22:23:54 Image size of job updated: 603536
	584  -  MemoryUsage of job (MB)
	597864  -  ResidentSetSize of job (KB)
...
006 (78854907.002.000) 2026-10-03 22:28:54 Image size of job updated: 603536
	584  -  MemoryUsage of job (MB)
	597940  -  ResidentSetSize of job (KB)
...
006 (78854907.002.000) 2026-10-03 22:33:54 Image size of job updated: 606504
	586  -  MemoryUsage of job (MB)
	599484  -  ResidentSetSize of job (KB)
...
006 (78854907.002.000) 2026-10-03 22:38:55 Image size of job updated: 606504
	586  -  MemoryUsage of job (MB)
	599516  -  ResidentSetSize of job (KB)
...
006 (78854907.002.000) 2026-10-03 22:53:57 Image size of job updated: 606504
	592  -  MemoryUsage of job (MB)
	605480  -  ResidentSetSize of job (KB)
...
006 (78854907.002.000) 2026-10-03 22:58:58 Image size of job updated: 606504
	592  -  MemoryUsage of job (MB)
	605504  -  ResidentSetSize of job (KB)
...
006 (78854907.002.000) 2026-10-03 23:03:58 Image size of job updated: 621440
	607  -  MemoryUsage of job (MB)
	621440  -  ResidentSetSize of job (KB)
...
006 (78854907.002.000) 2026-10-03 23:08:59 Image size of job updated: 622072
	608  -  MemoryUsage of job (MB)
	622072  -  ResidentSetSize of job (KB)
...
006 (78854907.002.000) 2026-10-03 23:14:00 Image size of job updated: 623120
	609  -  MemoryUsage of job (MB)
	623120  -  ResidentSetSize of job (KB)
...
006 (78854907.002.000) 2026-10-03 23:19:00 Image size of job updated: 623132
	609  -  MemoryUsage of job (MB)
	623132  -  ResidentSetSize of job (KB)
...
006 (78854907.002.000) 2026-10-03 23:24:01 Image size of job updated: 633320
	619  -  MemoryUsage of job (MB)
	633320  -  ResidentSetSize of job (KB)
...
006 (78854907.002.000) 2026-10-03 23:29:02 Image size of job updated: 633332
	619  -  MemoryUsage of job (MB)
	633332  -  ResidentSetSize of job (KB)
...
006 (78854907.002.000) 2026-10-03 23:34:02 Image size of job updated: 633352
	619  -  MemoryUsage of job (MB)
	633352  -  ResidentSetSize of job (KB)
...
006 (78854907.002.000) 2026-10-03 23:39:02 Image size of job updated: 633364
	619  -  MemoryUsage of job (MB)
	633364  -  ResidentSetSize of job (KB)
...
006 (78854907.002.000) 2026-10-03 23:44:03 Image size of job updated: 633368
	619  -  MemoryUsage of job (MB)
	633368  -  ResidentSetSize of job (KB)
...
006 (78854907.002.000) 2026-10-04 01:19:09 Image size of job updated: 634392
	620  -  MemoryUsage of job (MB)
	634392  -  ResidentSetSize of job (KB)
...
006 (78854907.002.000) 2026-10-04 01:24:09 Image size of job updated: 634444
	620  -  MemoryUsage of job (MB)
	634444  -  ResidentSetSize of job (KB)
...
006 (78854907.002.000) 2026-10-04 01:34:10 Image size of job updated: 634452
	620  -  MemoryUsage of job (MB)
	634452  -  ResidentSetSize of job (KB)
...
006 (78854907.002.000) 2026-10-04 01:39:10 Image size of job updated: 635480
	621  -  MemoryUsage of job (MB)
	635480  -  ResidentSetSize of job (KB)
...
006 (78854907.002.000) 2026-10-04 01:49:11 Image size of job updated: 636508
	622  -  MemoryUsage of job (MB)
	636508  -  ResidentSetSize of job (KB)
...
006 (78854907.002.000) 2026-10-04 01:59:12 Image size of job updated: 636512
	622  -  MemoryUsage of job (MB)
	636512  -  ResidentSetSize of job (KB)
...
006 (78854907.002.000) 2026-10-04 02:14:13 Image size of job updated: 636520
	622  -  MemoryUsage of job (MB)
	636520  -  ResidentSetSize of job (KB)
...
006 (78854907.002.000) 2026-10-04 02:24:13 Image size of job updated: 636796
	622  -  MemoryUsage of job (MB)
	636796  -  ResidentSetSize of job (KB)
...
006 (78854907.002.000) 2026-10-04 02:29:14 Image size of job updated: 636800
	622  -  MemoryUsage of job (MB)
	636800  -  ResidentSetSize of job (KB)
...
006 (78854907.002.000) 2026-10-04 02:34:14 Image size of job updated: 638676
	624  -  MemoryUsage of job (MB)
	638676  -  ResidentSetSize of job (KB)
...
006 (78854907.002.000) 2026-10-04 02:39:14 Image size of job updated: 638680
	624  -  MemoryUsage of job (MB)
	638680  -  ResidentSetSize of job (KB)
...
006 (78854907.002.000) 2026-10-04 02:44:15 Image size of job updated: 638684
	624  -  MemoryUsage of job (MB)
	638684  -  ResidentSetSize of job (KB)
...
006 (78854907.002.000) 2026-10-04 02:54:16 Image size of job updated: 638688
	624  -  MemoryUsage of job (MB)
	638688  -  ResidentSetSize of job (KB)
...
006 (78854907.002.000) 2026-10-04 02:59:17 Image size of job updated: 638692
	624  -  MemoryUsage of job (MB)
	638692  -  ResidentSetSize of job (KB)
...
006 (78854907.002.000) 2026-10-04 03:04:18 Image size of job updated: 639716
	625  -  MemoryUsage of job (MB)
	639716  -  ResidentSetSize of job (KB)
...
006 (78854907.002.000) 2026-10-04 03:24:20 Image size of job updated: 640740
	626  -  MemoryUsage of job (MB)
	640740  -  ResidentSetSize of job (KB)
...
006 (78854907.002.000) 2026-10-04 03:44:23 Image size of job updated: 640744
	626  -  MemoryUsage of job (MB)
	640744  -  ResidentSetSize of job (KB)
...
006 (78854907.002.000) 2026-10-04 03:49:24 Image size of job updated: 640748
	626  -  MemoryUsage of job (MB)
	640748  -  ResidentSetSize of job (KB)
...
006 (78854907.002.000) 2026-10-04 03:54:24 Image size of job updated: 642420
	628  -  MemoryUsage of job (MB)
	642420  -  ResidentSetSize of job (KB)
...
006 (78854907.002.000) 2026-10-04 03:59:25 Image size of job updated: 642424
	628  -  MemoryUsage of job (MB)
	642424  -  ResidentSetSize of job (KB)
...
006 (78854907.002.000) 2026-10-04 04:04:26 Image size of job updated: 650380
	636  -  MemoryUsage of job (MB)
	650380  -  ResidentSetSize of job (KB)
...
006 (78854907.002.000) 2026-10-04 04:14:27 Image size of job updated: 650384
	636  -  MemoryUsage of job (MB)
	650384  -  ResidentSetSize of job (KB)
...
006 (78854907.002.000) 2026-10-04 04:19:28 Image size of job updated: 650484
	636  -  MemoryUsage of job (MB)
	650484  -  ResidentSetSize of job (KB)
...
006 (78854907.002.000) 2026-10-04 05:39:36 Image size of job updated: 656304
	640  -  MemoryUsage of job (MB)
	655284  -  ResidentSetSize of job (KB)
...
006 (78854907.002.000) 2026-10-04 05:49:37 Image size of job updated: 656304
	640  -  MemoryUsage of job (MB)
	655296  -  ResidentSetSize of job (KB)
...
006 (78854907.002.000) 2026-10-04 05:59:37 Image size of job updated: 656304
	640  -  MemoryUsage of job (MB)
	655300  -  ResidentSetSize of job (KB)
...
006 (78854907.002.000) 2026-10-04 06:09:38 Image size of job updated: 656324
	641  -  MemoryUsage of job (MB)
	656324  -  ResidentSetSize of job (KB)
...
006 (78854907.002.000) 2026-10-04 06:24:39 Image size of job updated: 656328
	641  -  MemoryUsage of job (MB)
	656328  -  ResidentSetSize of job (KB)
...
006 (78854907.002.000) 2026-10-04 06:39:41 Image size of job updated: 658948
	644  -  MemoryUsage of job (MB)
	658948  -  ResidentSetSize of job (KB)
...
006 (78854907.002.000) 2026-10-04 06:59:44 Image size of job updated: 661000
	645  -  MemoryUsage of job (MB)
	659976  -  ResidentSetSize of job (KB)
...
006 (78854907.002.000) 2026-10-04 07:09:45 Image size of job updated: 661000
	645  -  MemoryUsage of job (MB)
	659988  -  ResidentSetSize of job (KB)
...
006 (78854907.002.000) 2026-10-04 07:29:47 Image size of job updated: 662036
	647  -  MemoryUsage of job (MB)
	662036  -  ResidentSetSize of job (KB)
...
006 (78854907.002.000) 2026-10-04 07:39:48 Image size of job updated: 662040
	647  -  MemoryUsage of job (MB)
	662040  -  ResidentSetSize of job (KB)
...
006 (78854907.002.000) 2026-10-04 07:54:49 Image size of job updated: 662176
	647  -  MemoryUsage of job (MB)
	662176  -  ResidentSetSize of job (KB)
...
006 (78854907.002.000) 2026-10-04 08:04:50 Image size of job updated: 663204
	648  -  MemoryUsage of job (MB)
	663204  -  ResidentSetSize of job (KB)
...
006 (78854907.002.000) 2026-10-04 08:24:51 Image size of job updated: 665244
	650  -  MemoryUsage of job (MB)
	665244  -  ResidentSetSize of job (KB)
...
006 (78854907.002.000) 2026-10-04 08:29:51 Image size of job updated: 665256
	650  -  MemoryUsage of job (MB)
	665256  -  ResidentSetSize of job (KB)
...
006 (78854907.002.000) 2026-10-04 08:34:52 Image size of job updated: 665260
	650  -  MemoryUsage of job (MB)
	665260  -  ResidentSetSize of job (KB)
...
006 (78854907.002.000) 2026-10-04 08:39:52 Image size of job updated: 665264
	650  -  MemoryUsage of job (MB)
	665264  -  ResidentSetSize of job (KB)
...
006 (78854907.002.000) 2026-10-04 09:14:54 Image size of job updated: 666292
	651  -  MemoryUsage of job (MB)
	666292  -  ResidentSetSize of job (KB)
...
006 (78854907.002.000) 2026-10-04 09:24:55 Image size of job updated: 667308
	652  -  MemoryUsage of job (MB)
	667308  -  ResidentSetSize of job (KB)
...
006 (78854907.002.000) 2026-10-04 09:29:55 Image size of job updated: 667316
	652  -  MemoryUsage of job (MB)
	667316  -  ResidentSetSize of job (KB)
...
006 (78854907.002.000) 2026-10-04 09:34:56 Image size of job updated: 667320
	652  -  MemoryUsage of job (MB)
	667320  -  ResidentSetSize of job (KB)
...
006 (78854907.002.000) 2026-10-04 09:54:58 Image size of job updated: 667576
	652  -  MemoryUsage of job (MB)
	667576  -  ResidentSetSize of job (KB)
...
006 (78854907.002.000) 2026-10-04 10:04:59 Image size of job updated: 668340
	653  -  MemoryUsage of job (MB)
	668340  -  ResidentSetSize of job (KB)
...
006 (78854907.002.000) 2026-10-04 10:10:00 Image size of job updated: 668344
	653  -  MemoryUsage of job (MB)
	668344  -  ResidentSetSize of job (KB)
...
006 (78854907.002.000) 2026-10-04 10:15:00 Image size of job updated: 669372
	654  -  MemoryUsage of job (MB)
	669372  -  ResidentSetSize of job (KB)
...
006 (78854907.002.000) 2026-10-04 10:20:01 Image size of job updated: 669376
	654  -  MemoryUsage of job (MB)
	669376  -  ResidentSetSize of job (KB)
...
006 (78854907.002.000) 2026-10-04 10:25:02 Image size of job updated: 669380
	654  -  MemoryUsage of job (MB)
	669380  -  ResidentSetSize of job (KB)
...
006 (78854907.002.000) 2026-10-04 10:30:02 Image size of job updated: 669404
	654  -  MemoryUsage of job (MB)
	669404  -  ResidentSetSize of job (KB)
...
006 (78854907.002.000) 2026-10-04 10:35:03 Image size of job updated: 670428
	655  -  MemoryUsage of job (MB)
	670428  -  ResidentSetSize of job (KB)
...
006 (78854907.002.000) 2026-10-04 10:45:04 Image size of job updated: 670432
	655  -  MemoryUsage of job (MB)
	670432  -  ResidentSetSize of job (KB)
...
006 (78854907.002.000) 2026-10-04 11:20:09 Image size of job updated: 681256
	655  -  MemoryUsage of job (MB)
	670432  -  ResidentSetSize of job (KB)
...
006 (78854907.002.000) 2026-10-04 12:50:18 Image size of job updated: 681256
	657  -  MemoryUsage of job (MB)
	672220  -  ResidentSetSize of job (KB)
...
006 (78854907.002.000) 2026-10-04 13:00:18 Image size of job updated: 681256
	658  -  MemoryUsage of job (MB)
	673608  -  ResidentSetSize of job (KB)
...
006 (78854907.002.000) 2026-10-04 13:15:20 Image size of job updated: 681256
	659  -  MemoryUsage of job (MB)
	674632  -  ResidentSetSize of job (KB)
...
006 (78854907.002.000) 2026-10-04 13:20:21 Image size of job updated: 681256
	659  -  MemoryUsage of job (MB)
	674636  -  ResidentSetSize of job (KB)
...
004 (78854907.002.000) 2026-10-04 13:44:43 Job was evicted. Code 1023 Subcode 0
	(0) CPU times
		Usr 2 08:03:30, Sys 0 00:03:23  -  Run Remote Usage
		Usr 0 00:00:00, Sys 0 00:00:00  -  Run Local Usage
	0  -  Run Bytes Sent By Job
	0  -  Run Bytes Received By Job
	Reason: via condor_rm (by user pratyusava.baral)
	Partitionable Resources :    Usage  Request Allocated 
	   Cpus                 :     3.45        4         4 
	   Disk (KB)            : 25000       25000     28672 
	   GPUs                 :                           0 
	   Memory (MB)          :   659       15000     15104 
	   TimeExecute (s)      : 57961                       
	   TimeSlotBusy (s)     : 57962                       
...
009 (78854907.002.000) 2026-10-04 13:44:43 Job was aborted.
	via condor_rm (by user pratyusava.baral)
...
000 (78855136.002.000) 2026-10-04 13:45:07 Job submitted from host: <10.14.0.121:9618?addrs=10.14.0.121-9618&alias=ldas-pcdev12.ligo.caltech.edu&noUDP&sock=schedd_623140_c9b4>
...
001 (78855136.002.000) 2026-10-04 13:49:18 Job executing on host: <10.14.8.211:9618?addrs=10.14.8.211-9618&alias=node1961.cluster.ldas.cit&noUDP&sock=startd_33509_f71f>
	SlotName: slot1_1@node1961.cluster.ldas.cit
	CondorScratchDir = "/var/lib/condor/execute/dir_357966/scratch"
	Cpus = 4
	Disk = 28672
	GPUs = 0
	Memory = 15104
...
006 (78855136.002.000) 2026-10-04 13:49:26 Image size of job updated: 431708
	422  -  MemoryUsage of job (MB)
	431708  -  ResidentSetSize of job (KB)
...
006 (78855136.002.000) 2026-10-04 13:54:26 Image size of job updated: 437204
	427  -  MemoryUsage of job (MB)
	437204  -  ResidentSetSize of job (KB)
...
006 (78855136.002.000) 2026-10-04 13:59:26 Image size of job updated: 550420
	506  -  MemoryUsage of job (MB)
	517784  -  ResidentSetSize of job (KB)
...
006 (78855136.002.000) 2026-10-04 14:04:27 Image size of job updated: 550420
	506  -  MemoryUsage of job (MB)
	517964  -  ResidentSetSize of job (KB)
...
006 (78855136.002.000) 2026-10-04 14:09:27 Image size of job updated: 581740
	565  -  MemoryUsage of job (MB)
	577724  -  ResidentSetSize of job (KB)
...
006 (78855136.002.000) 2026-10-04 14:14:27 Image size of job updated: 581740
	566  -  MemoryUsage of job (MB)
	578700  -  ResidentSetSize of job (KB)
...
006 (78855136.002.000) 2026-10-04 14:19:28 Image size of job updated: 581740
	567  -  MemoryUsage of job (MB)
	579668  -  ResidentSetSize of job (KB)
...
006 (78855136.002.000) 2026-10-04 14:24:28 Image size of job updated: 581740
	567  -  MemoryUsage of job (MB)
	579740  -  ResidentSetSize of job (KB)
...
006 (78855136.002.000) 2026-10-04 14:29:28 Image size of job updated: 615564
	602  -  MemoryUsage of job (MB)
	615564  -  ResidentSetSize of job (KB)
...
006 (78855136.002.000) 2026-10-04 14:34:29 Image size of job updated: 615736
	602  -  MemoryUsage of job (MB)
	615736  -  ResidentSetSize of job (KB)
...
006 (78855136.002.000) 2026-10-04 14:39:30 Image size of job updated: 649052
	634  -  MemoryUsage of job (MB)
	648296  -  ResidentSetSize of job (KB)
...
006 (78855136.002.000) 2026-10-04 14:44:30 Image size of job updated: 650348
	636  -  MemoryUsage of job (MB)
	650348  -  ResidentSetSize of job (KB)
...
006 (78855136.002.000) 2026-10-04 14:49:31 Image size of job updated: 651252
	636  -  MemoryUsage of job (MB)
	651252  -  ResidentSetSize of job (KB)
...
006 (78855136.002.000) 2026-10-04 14:54:32 Image size of job updated: 651292
	637  -  MemoryUsage of job (MB)
	651292  -  ResidentSetSize of job (KB)
...
006 (78855136.002.000) 2026-10-04 14:59:32 Image size of job updated: 651476
	637  -  MemoryUsage of job (MB)
	651292  -  ResidentSetSize of job (KB)
...
006 (78855136.002.000) 2026-10-04 15:09:34 Image size of job updated: 663360
	637  -  MemoryUsage of job (MB)
	651292  -  ResidentSetSize of job (KB)
...
006 (78855136.002.000) 2026-10-04 15:19:35 Image size of job updated: 669848
	637  -  MemoryUsage of job (MB)
	651292  -  ResidentSetSize of job (KB)
...
006 (78855136.002.000) 2026-10-04 16:41:24 Image size of job updated: 669848
	648  -  MemoryUsage of job (MB)
	663112  -  ResidentSetSize of job (KB)
...
006 (78855136.002.000) 2026-10-04 16:46:25 Image size of job updated: 669848
	648  -  MemoryUsage of job (MB)
	663120  -  ResidentSetSize of job (KB)
...
006 (78855136.002.000) 2026-10-04 17:16:27 Image size of job updated: 673376
	648  -  MemoryUsage of job (MB)
	663120  -  ResidentSetSize of job (KB)
...
006 (78855136.002.000) 2026-10-04 17:56:29 Image size of job updated: 674416
	648  -  MemoryUsage of job (MB)
	663120  -  ResidentSetSize of job (KB)
...
006 (78855136.002.000) 2026-10-04 18:36:32 Image size of job updated: 675404
	648  -  MemoryUsage of job (MB)
	663120  -  ResidentSetSize of job (KB)
...
006 (78855136.002.000) 2026-10-04 19:41:39 Image size of job updated: 677588
	648  -  MemoryUsage of job (MB)
	663120  -  ResidentSetSize of job (KB)
...
006 (78855136.002.000) 2026-10-04 19:51:41 Image size of job updated: 678576
	648  -  MemoryUsage of job (MB)
	663120  -  ResidentSetSize of job (KB)
...
006 (78855136.002.000) 2026-10-04 20:21:45 Image size of job updated: 678596
	663  -  MemoryUsage of job (MB)
	678596  -  ResidentSetSize of job (KB)
...
006 (78855136.002.000) 2026-10-04 21:26:53 Image size of job updated: 678732
	663  -  MemoryUsage of job (MB)
	678596  -  ResidentSetSize of job (KB)
...
006 (78855136.002.000) 2026-10-04 21:46:56 Image size of job updated: 680756
	663  -  MemoryUsage of job (MB)
	678596  -  ResidentSetSize of job (KB)
...
006 (78855136.002.000) 2026-10-04 22:32:02 Image size of job updated: 681812
	663  -  MemoryUsage of job (MB)
	678596  -  ResidentSetSize of job (KB)
...
006 (78855136.002.000) 2026-10-05 01:07:18 Image size of job updated: 695612
	663  -  MemoryUsage of job (MB)
	678596  -  ResidentSetSize of job (KB)
...
006 (78855136.002.000) 2026-10-05 02:22:28 Image size of job updated: 695612
	664  -  MemoryUsage of job (MB)
	679208  -  ResidentSetSize of job (KB)
...
006 (78855136.002.000) 2026-10-05 02:42:30 Image size of job updated: 720156
	664  -  MemoryUsage of job (MB)
	679208  -  ResidentSetSize of job (KB)
...
006 (78855136.002.000) 2026-10-05 04:42:44 Image size of job updated: 720156
	667  -  MemoryUsage of job (MB)
	682324  -  ResidentSetSize of job (KB)
...
006 (78855136.002.000) 2026-10-05 04:52:45 Image size of job updated: 720156
	675  -  MemoryUsage of job (MB)
	690816  -  ResidentSetSize of job (KB)
...
006 (78855136.002.000) 2026-10-05 04:57:45 Image size of job updated: 720156
	675  -  MemoryUsage of job (MB)
	690820  -  ResidentSetSize of job (KB)
...
006 (78855136.002.000) 2026-10-05 06:57:54 Image size of job updated: 727032
	675  -  MemoryUsage of job (MB)
	690820  -  ResidentSetSize of job (KB)
...
006 (78855136.002.000) 2026-10-05 07:07:55 Image size of job updated: 729048
	712  -  MemoryUsage of job (MB)
	729048  -  ResidentSetSize of job (KB)
...
006 (78855136.002.000) 2026-10-05 08:23:00 Image size of job updated: 730508
	712  -  MemoryUsage of job (MB)
	729048  -  ResidentSetSize of job (KB)
...
006 (78855136.002.000) 2026-10-05 11:38:13 Image size of job updated: 739296
	712  -  MemoryUsage of job (MB)
	729048  -  ResidentSetSize of job (KB)
...
006 (78855136.002.000) 2026-10-05 12:33:20 Image size of job updated: 762212
	712  -  MemoryUsage of job (MB)
	729048  -  ResidentSetSize of job (KB)
...
