000 (78852668.020.000) 2026-10-01 10:44:08 Job submitted from host: <10.14.0.121:9618?addrs=10.14.0.121-9618&alias=ldas-pcdev12.ligo.caltech.edu&noUDP&sock=schedd_623140_c9b4>
...
001 (78852668.020.000) 2026-10-01 10:47:52 Job executing on host: <10.14.3.26:9618?addrs=10.14.3.26-9618&alias=node526.cluster.ldas.cit&noUDP&sock=startd_2460988_a678>
	SlotName: slot1_3@node526.cluster.ldas.cit
	AvailableGPUs = {  }
	CondorScratchDir = "/var/lib/condor/execute/dir_2965636/scratch"
	Cpus = 4
	Disk = 28672
	GPUs = 0
	Memory = 15104
...
006 (78852668.020.000) 2026-10-01 10:48:00 Image size of job updated: 318728
	312  -  MemoryUsage of job (MB)
	318728  -  ResidentSetSize of job (KB)
...
006 (78852668.020.000) 2026-10-01 10:53:00 Image size of job updated: 369488
	361  -  MemoryUsage of job (MB)
	369488  -  ResidentSetSize of job (KB)
...
006 (78852668.020.000) 2026-10-01 10:58:01 Image size of job updated: 375016
	367  -  MemoryUsage of job (MB)
	375016  -  ResidentSetSize of job (KB)
...
006 (78852668.020.000) 2026-10-01 11:03:02 Image size of job updated: 477176
	466  -  MemoryUsage of job (MB)
	477176  -  ResidentSetSize of job (KB)
...
006 (78852668.020.000) 2026-10-01 11:08:02 Image size of job updated: 477652
	467  -  MemoryUsage of job (MB)
	477652  -  ResidentSetSize of job (KB)
...
006 (78852668.020.000) 2026-10-01 11:13:03 Image size of job updated: 493964
	483  -  MemoryUsage of job (MB)
	493964  -  ResidentSetSize of job (KB)
...
006 (78852668.020.000) 2026-10-01 11:18:04 Image size of job updated: 494136
	483  -  MemoryUsage of job (MB)
	494136  -  ResidentSetSize of job (KB)
...
006 (78852668.020.000) 2026-10-01 11:23:04 Image size of job updated: 506824
	495  -  MemoryUsage of job (MB)
	506824  -  ResidentSetSize of job (KB)
...
006 (78852668.020.000) 2026-10-01 11:28:05 Image size of job updated: 506852
	495  -  MemoryUsage of job (MB)
	506852  -  ResidentSetSize of job (KB)
...
006 (78852668.020.000) 2026-10-01 11:33:05 Image size of job updated: 518292
	506  -  MemoryUsage of job (MB)
	517332  -  ResidentSetSize of job (KB)
...
006 (78852668.020.000) 2026-10-01 11:38:05 Image size of job updated: 518292
	506  -  MemoryUsage of job (MB)
	517380  -  ResidentSetSize of job (KB)
...
006 (78852668.020.000) 2026-10-01 11:43:06 Image size of job updated: 519420
	508  -  MemoryUsage of job (MB)
	519420  -  ResidentSetSize of job (KB)
...
006 (78852668.020.000) 2026-10-01 11:48:06 Image size of job updated: 519496
	508  -  MemoryUsage of job (MB)
	519496  -  ResidentSetSize of job (KB)
...
006 (78852668.020.000) 2026-10-01 11:53:07 Image size of job updated: 522780
	511  -  MemoryUsage of job (MB)
	522780  -  ResidentSetSize of job (KB)
...
006 (78852668.020.000) 2026-10-01 11:58:08 Image size of job updated: 531484
	520  -  MemoryUsage of job (MB)
	531484  -  ResidentSetSize of job (KB)
...
006 (78852668.020.000) 2026-10-01 12:03:08 Image size of job updated: 531552
	520  -  MemoryUsage of job (MB)
	531552  -  ResidentSetSize of job (KB)
...
006 (78852668.020.000) 2026-10-01 12:08:09 Image size of job updated: 531572
	520  -  MemoryUsage of job (MB)
	531572  -  ResidentSetSize of job (KB)
...
006 (78852668.020.000) 2026-10-01 12:13:10 Image size of job updated: 543864
	532  -  MemoryUsage of job (MB)
	543864  -  ResidentSetSize of job (KB)
...
006 (78852668.020.000) 2026-10-01 12:18:10 Image size of job updated: 549584
	537  -  MemoryUsage of job (MB)
	549584  -  ResidentSetSize of job (KB)
...
006 (78852668.020.000) 2026-10-01 12:23:11 Image size of job updated: 561404
	549  -  MemoryUsage of job (MB)
	561404  -  ResidentSetSize of job (KB)
...
006 (78852668.020.000) 2026-10-01 12:28:11 Image size of job updated: 561408
	549  -  MemoryUsage of job (MB)
	561408  -  ResidentSetSize of job (KB)
...
006 (78852668.020.000) 2026-10-01 12:33:11 Image size of job updated: 561412
	549  -  MemoryUsage of job (MB)
	561412  -  ResidentSetSize of job (KB)
...
006 (78852668.020.000) 2026-10-01 12:38:12 Image size of job updated: 561420
	549  -  MemoryUsage of job (MB)
	561420  -  ResidentSetSize of job (KB)
...
006 (78852668.020.000) 2026-10-01 12:43:12 Image size of job updated: 561444
	549  -  MemoryUsage of job (MB)
	561444  -  ResidentSetSize of job (KB)
...
006 (78852668.020.000) 2026-10-01 12:48:13 Image size of job updated: 561448
	549  -  MemoryUsage of job (MB)
	561448  -  ResidentSetSize of job (KB)
...
006 (78852668.020.000) 2026-10-01 12:58:14 Image size of job updated: 562480
	550  -  MemoryUsage of job (MB)
	562480  -  ResidentSetSize of job (KB)
...
006 (78852668.020.000) 2026-10-01 13:03:15 Image size of job updated: 562492
	550  -  MemoryUsage of job (MB)
	562492  -  ResidentSetSize of job (KB)
...
006 (78852668.020.000) 2026-10-01 13:18:16 Image size of job updated: 562496
	550  -  MemoryUsage of job (MB)
	562496  -  ResidentSetSize of job (KB)
...
006 (78852668.020.000) 2026-10-01 13:28:17 Image size of job updated: 564536
	552  -  MemoryUsage of job (MB)
	564536  -  ResidentSetSize of job (KB)
...
006 (78852668.020.000) 2026-10-01 13:33:18 Image size of job updated: 564540
	552  -  MemoryUsage of job (MB)
	564540  -  ResidentSetSize of job (KB)
...
006 (78852668.020.000) 2026-10-01 13:48:19 Image size of job updated: 572436
	556  -  MemoryUsage of job (MB)
	568404  -  ResidentSetSize of job (KB)
...
006 (78852668.020.000) 2026-10-01 13:53:19 Image size of job updated: 572436
	556  -  MemoryUsage of job (MB)
	568444  -  ResidentSetSize of job (KB)
...
006 (78852668.020.000) 2026-10-01 14:03:20 Image size of job updated: 572436
	556  -  MemoryUsage of job (MB)
	568480  -  ResidentSetSize of job (KB)
...
006 (78852668.020.000) 2026-10-01 14:08:21 Image size of job updated: 572436
	556  -  MemoryUsage of job (MB)
	568504  -  ResidentSetSize of job (KB)
...
006 (78852668.020.000) 2026-10-01 14:18:22 Image size of job updated: 572436
	556  -  MemoryUsage of job (MB)
	568508  -  ResidentSetSize of job (KB)
...
006 (78852668.020.000) 2026-10-01 14:23:24 Image size of job updated: 572436
	556  -  MemoryUsage of job (MB)
	568532  -  ResidentSetSize of job (KB)
...
006 (78852668.020.000) 2026-10-01 14:33:24 Image size of job updated: 572436
	556  -  MemoryUsage of job (MB)
	568536  -  ResidentSetSize of job (KB)
...
006 (78852668.020.000) 2026-10-01 14:38:25 Image size of job updated: 572436
	556  -  MemoryUsage of job (MB)
	568624  -  ResidentSetSize of job (KB)
...
006 (78852668.020.000) 2026-10-01 14:58:27 Image size of job updated: 572436
	556  -  MemoryUsage of job (MB)
	568644  -  ResidentSetSize of job (KB)
...
006 (78852668.020.000) 2026-10-01 15:08:28 Image size of job updated: 572436
	556  -  MemoryUsage of job (MB)
	568664  -  ResidentSetSize of job (KB)
...
006 (78852668.020.000) 2026-10-01 15:23:29 Image size of job updated: 572436
	556  -  MemoryUsage of job (MB)
	568676  -  ResidentSetSize of job (KB)
...
006 (78852668.020.000) 2026-10-01 15:28:29 Image size of job updated: 572436
	556  -  MemoryUsage of job (MB)
	568700  -  ResidentSetSize of job (KB)
...
006 (78852668.020.000) 2026-10-01 15:43:31 Image size of job updated: 572436
	558  -  MemoryUsage of job (MB)
	570772  -  ResidentSetSize of job (KB)
...
006 (78852668.020.000) 2026-10-01 15:53:32 Image size of job updated: 572436
	559  -  MemoryUsage of job (MB)
	571664  -  ResidentSetSize of job (KB)
...
006 (78852668.020.000) 2026-10-01 15:58:33 Image size of job updated: 572436
	559  -  MemoryUsage of job (MB)
	571668  -  ResidentSetSize of job (KB)
...
006 (78852668.020.000) 2026-10-01 16:03:33 Image size of job updated: 573684
	561  -  MemoryUsage of job (MB)
	573684  -  ResidentSetSize of job (KB)
...
006 (78852668.020.000) 2026-10-01 16:18:34 Image size of job updated: 573692
	561  -  MemoryUsage of job (MB)
	573692  -  ResidentSetSize of job (KB)
...
006 (78852668.020.000) 2026-10-01 16:33:36 Image size of job updated: 573928
	561  -  MemoryUsage of job (MB)
	573928  -  ResidentSetSize of job (KB)
...
006 (78852668.020.000) 2026-10-01 16:43:37 Image size of job updated: 574700
	562  -  MemoryUsage of job (MB)
	574700  -  ResidentSetSize of job (KB)
...
006 (78852668.020.000) 2026-10-01 16:48:37 Image size of job updated: 574940
	562  -  MemoryUsage of job (MB)
	574940  -  ResidentSetSize of job (KB)
...
006 (78852668.020.000) 2026-10-01 16:53:38 Image size of job updated: 575420
	562  -  MemoryUsage of job (MB)
	575420  -  ResidentSetSize of job (KB)
...
006 (78852668.020.000) 2026-10-01 16:58:38 Image size of job updated: 575452
	562  -  MemoryUsage of job (MB)
	575452  -  ResidentSetSize of job (KB)
...
006 (78852668.020.000) 2026-10-01 17:13:39 Image size of job updated: 575456
	562  -  MemoryUsage of job (MB)
	575452  -  ResidentSetSize of job (KB)
...
006 (78852668.020.000) 2026-10-01 17:23:41 Image size of job updated: 576456
	563  -  MemoryUsage of job (MB)
	576456  -  ResidentSetSize of job (KB)
...
006 (78852668.020.000) 2026-10-01 17:33:42 Image size of job updated: 576468
	563  -  MemoryUsage of job (MB)
	576456  -  ResidentSetSize of job (KB)
...
006 (78852668.020.000) 2026-10-01 17:43:42 Image size of job updated: 577468
	564  -  MemoryUsage of job (MB)
	577468  -  ResidentSetSize of job (KB)
...
006 (78852668.020.000) 2026-10-01 17:58:44 Image size of job updated: 577472
	564  -  MemoryUsage of job (MB)
	577472  -  ResidentSetSize of job (KB)
...
006 (78852668.020.000) 2026-10-01 18:08:45 Image size of job updated: 578480
	565  -  MemoryUsage of job (MB)
	578480  -  ResidentSetSize of job (KB)
...
006 (78852668.020.000) 2026-10-01 18:18:47 Image size of job updated: 578484
	565  -  MemoryUsage of job (MB)
	578484  -  ResidentSetSize of job (KB)
...
006 (78852668.020.000) 2026-10-01 18:23:47 Image size of job updated: 578488
	565  -  MemoryUsage of job (MB)
	578488  -  ResidentSetSize of job (KB)
...
006 (78852668.020.000) 2026-10-01 18:33:48 Image size of job updated: 578492
	565  -  MemoryUsage of job (MB)
	578492  -  ResidentSetSize of job (KB)
...
006 (78852668.020.000) 2026-10-01 18:38:48 Image size of job updated: 580412
	567  -  MemoryUsage of job (MB)
	580412  -  ResidentSetSize of job (KB)
...
006 (78852668.020.000) 2026-10-01 18:48:49 Image size of job updated: 580512
	567  -  MemoryUsage of job (MB)
	580512  -  ResidentSetSize of job (KB)
...
006 (78852668.020.000) 2026-10-01 19:28:53 Image size of job updated: 581524
	568  -  MemoryUsage of job (MB)
	581524  -  ResidentSetSize of job (KB)
...
006 (78852668.020.000) 2026-10-01 19:48:55 Image size of job updated: 581648
	569  -  MemoryUsage of job (MB)
	581648  -  ResidentSetSize of job (KB)
...
006 (78852668.020.000) 2026-10-01 19:58:56 Image size of job updated: 582540
	569  -  MemoryUsage of job (MB)
	582540  -  ResidentSetSize of job (KB)
...
006 (78852668.020.000) 2026-10-01 20:03:57 Image size of job updated: 582564
	569  -  MemoryUsage of job (MB)
	582564  -  ResidentSetSize of job (KB)
...
006 (78852668.020.000) 2026-10-01 20:08:57 Image size of job updated: 583572
	570  -  MemoryUsage of job (MB)
	583572  -  ResidentSetSize of job (KB)
...
006 (78852668.020.000) 2026-10-01 20:23:59 Image size of job updated: 583888
	571  -  MemoryUsage of job (MB)
	583888  -  ResidentSetSize of job (KB)
...
006 (78852668.020.000) 2026-10-01 20:29:00 Image size of job updated: 583892
	571  -  MemoryUsage of job (MB)
	583892  -  ResidentSetSize of job (KB)
...
006 (78852668.020.000) 2026-10-01 20:34:00 Image size of job updated: 593976
	581  -  MemoryUsage of job (MB)
	593976  -  ResidentSetSize of job (KB)
...
006 (78852668.020.000) 2026-10-01 20:49:01 Image size of job updated: 593980
	581  -  MemoryUsage of job (MB)
	593980  -  ResidentSetSize of job (KB)
...
006 (78852668.020.000) 2026-10-01 20:54:02 Image size of job updated: 594092
	581  -  MemoryUsage of job (MB)
	594092  -  ResidentSetSize of job (KB)
...
006 (78852668.020.000) 2026-10-01 21:14:04 Image size of job updated: 595188
	582  -  MemoryUsage of job (MB)
	595188  -  ResidentSetSize of job (KB)
...
006 (78852668.020.000) 2026-10-01 21:34:06 Image size of job updated: 596132
	583  -  MemoryUsage of job (MB)
	596132  -  ResidentSetSize of job (KB)
...
006 (78852668.020.000) 2026-10-01 21:44:07 Image size of job updated: 597536
	584  -  MemoryUsage of job (MB)
	597536  -  ResidentSetSize of job (KB)
...
006 (78852668.020.000) 2026-10-01 21:59:09 Image size of job updated: 597540
	584  -  MemoryUsage of job (MB)
	597540  -  ResidentSetSize of job (KB)
...
006 (78852668.020.000) 2026-10-01 22:04:10 Image size of job updated: 598728
	585  -  MemoryUsage of job (MB)
	598728  -  ResidentSetSize of job (KB)
...
006 (78852668.020.000) 2026-10-01 22:49:14 Image size of job updated: 599560
	586  -  MemoryUsage of job (MB)
	599560  -  ResidentSetSize of job (KB)
...
006 (78852668.020.000) 2026-10-01 22:54:15 Image size of job updated: 599564
	586  -  MemoryUsage of job (MB)
	599564  -  ResidentSetSize of job (KB)
...
006 (78852668.020.000) 2026-10-01 23:29:18 Image size of job updated: 600192
	587  -  MemoryUsage of job (MB)
	600192  -  ResidentSetSize of job (KB)
...
006 (78852668.020.000) 2026-10-01 23:49:20 Image size of job updated: 601400
	588  -  MemoryUsage of job (MB)
	601400  -  ResidentSetSize of job (KB)
...
006 (78852668.020.000) 2026-10-02 00:14:23 Image size of job updated: 601416
	588  -  MemoryUsage of job (MB)
	601416  -  ResidentSetSize of job (KB)
...
006 (78852668.020.000) 2026-10-02 00:24:23 Image size of job updated: 604556
	589  -  MemoryUsage of job (MB)
	602540  -  ResidentSetSize of job (KB)
...
006 (78852668.020.000) 2026-10-02 02:09:35 Image size of job updated: 604556
	589  -  MemoryUsage of job (MB)
	602768  -  ResidentSetSize of job (KB)
...
006 (78852668.020.000) 2026-10-02 02:19:36 Image size of job updated: 604556
	590  -  MemoryUsage of job (MB)
	603680  -  ResidentSetSize of job (KB)
...
006 (78852668.020.000) 2026-10-02 02:39:37 Image size of job updated: 604556
	590  -  MemoryUsage of job (MB)
	603720  -  ResidentSetSize of job (KB)
...
006 (78852668.020.000) 2026-10-02 03:24:42 Image size of job updated: 610064
	593  -  MemoryUsage of job (MB)
	606744  -  ResidentSetSize of job (KB)
...
006 (78852668.020.000) 2026-10-02 04:44:50 Image size of job updated: 610064
	593  -  MemoryUsage of job (MB)
	606780  -  ResidentSetSize of job (KB)
...
006 (78852668.020.000) 2026-10-02 05:09:52 Image size of job updated: 610064
	594  -  MemoryUsage of job (MB)
	607788  -  ResidentSetSize of job (KB)
...
006 (78852668.020.000) 2026-10-02 05:14:52 Image size of job updated: 610064
	594  -  MemoryUsage of job (MB)
	607792  -  ResidentSetSize of job (KB)
...
006 (78852668.020.000) 2026-10-02 05:59:57 Image size of job updated: 610064
	595  -  MemoryUsage of job (MB)
	608832  -  ResidentSetSize of job (KB)
...
006 (78852668.020.000) 2026-10-02 06:30:01 Image size of job updated: 610064
	596  -  MemoryUsage of job (MB)
	609840  -  ResidentSetSize of job (KB)
...
006 (78852668.020.000) 2026-10-02 06:50:04 Image size of job updated: 610064
	596  -  MemoryUsage of job (MB)
	609900  -  ResidentSetSize of job (KB)
...
006 (78852668.020.000) 2026-10-02 07:00:05 Image size of job updated: 610848
	597  -  MemoryUsage of job (MB)
	610848  -  ResidentSetSize of job (KB)
...
006 (78852668.020.000) 2026-10-02 07:10:06 Image size of job updated: 610852
	597  -  MemoryUsage of job (MB)
	610852  -  ResidentSetSize of job (KB)
...
006 (78852668.020.000) 2026-10-02 07:15:06 Image size of job updated: 610856
	597  -  MemoryUsage of job (MB)
	610856  -  ResidentSetSize of job (KB)
...
006 (78852668.020.000) 2026-10-02 07:50:09 Image size of job updated: 610888
	597  -  MemoryUsage of job (MB)
	610888  -  ResidentSetSize of job (KB)
...
006 (78852668.020.000) 2026-10-02 08:15:10 Image size of job updated: 611896
	598  -  MemoryUsage of job (MB)
	611896  -  ResidentSetSize of job (KB)
...
006 (78852668.020.000) 2026-10-02 08:25:11 Image size of job updated: 611932
	598  -  MemoryUsage of job (MB)
	611932  -  ResidentSetSize of job (KB)
...
006 (78852668.020.000) 2026-10-02 08:35:12 Image size of job updated: 618976
	605  -  MemoryUsage of job (MB)
	618976  -  ResidentSetSize of job (KB)
...
006 (78852668.020.000) 2026-10-02 08:50:13 Image size of job updated: 619152
	605  -  MemoryUsage of job (MB)
	619152  -  ResidentSetSize of job (KB)
...
006 (78852668.020.000) 2026-10-02 09:00:13 Image size of job updated: 620144
	606  -  MemoryUsage of job (MB)
	620144  -  ResidentSetSize of job (KB)
...
006 (78852668.020.000) 2026-10-02 09:20:15 Image size of job updated: 621152
	607  -  MemoryUsage of job (MB)
	621152  -  ResidentSetSize of job (KB)
...
006 (78852668.020.000) 2026-10-02 09:30:16 Image size of job updated: 622160
	608  -  MemoryUsage of job (MB)
	622160  -  ResidentSetSize of job (KB)
...
006 (78852668.020.000) 2026-10-02 10:05:20 Image size of job updated: 622224
	608  -  MemoryUsage of job (MB)
	622224  -  ResidentSetSize of job (KB)
...
006 (78852668.020.000) 2026-10-02 10:25:21 Image size of job updated: 624212
	610  -  MemoryUsage of job (MB)
	624212  -  ResidentSetSize of job (KB)
...
006 (78852668.020.000) 2026-10-02 10:35:22 Image size of job updated: 625072
	611  -  MemoryUsage of job (MB)
	625072  -  ResidentSetSize of job (KB)
...
006 (78852668.020.000) 2026-10-02 11:15:27 Image size of job updated: 626080
	612  -  MemoryUsage of job (MB)
	626080  -  ResidentSetSize of job (KB)
...
006 (78852668.020.000) 2026-10-02 11:25:28 Image size of job updated: 626084
	612  -  MemoryUsage of job (MB)
	626084  -  ResidentSetSize of job (KB)
...
006 (78852668.020.000) 2026-10-02 11:35:28 Image size of job updated: 626088
	612  -  MemoryUsage of job (MB)
	626088  -  ResidentSetSize of job (KB)
...
006 (78852668.020.000) 2026-10-02 12:00:31 Image size of job updated: 627096
	613  -  MemoryUsage of job (MB)
	627096  -  ResidentSetSize of job (KB)
...
006 (78852668.020.000) 2026-10-02 12:20:34 Image size of job updated: 627112
	613  -  MemoryUsage of job (MB)
	627096  -  ResidentSetSize of job (KB)
...
006 (78852668.020.000) 2026-10-02 12:30:34 Image size of job updated: 628104
	614  -  MemoryUsage of job (MB)
	628104  -  ResidentSetSize of job (KB)
...
006 (78852668.020.000) 2026-10-02 12:50:36 Image size of job updated: 630436
	616  -  MemoryUsage of job (MB)
	630436  -  ResidentSetSize of job (KB)
...
006 (78852668.020.000) 2026-10-02 12:55:37 Image size of job updated: 630532
	616  -  MemoryUsage of job (MB)
	630532  -  ResidentSetSize of job (KB)
...
006 (78852668.020.000) 2026-10-02 13:20:39 Image size of job updated: 630816
	617  -  MemoryUsage of job (MB)
	630816  -  ResidentSetSize of job (KB)
...
006 (78852668.020.000) 2026-10-02 13:40:40 Image size of job updated: 631824
	618  -  MemoryUsage of job (MB)
	631824  -  ResidentSetSize of job (KB)
...
006 (78852668.020.000) 2026-10-02 14:10:43 Image size of job updated: 631948
	618  -  MemoryUsage of job (MB)
	631948  -  ResidentSetSize of job (KB)
...
006 (78852668.020.000) 2026-10-02 15:15:52 Image size of job updated: 632956
	619  -  MemoryUsage of job (MB)
	632956  -  ResidentSetSize of job (KB)
...
006 (78852668.020.000) 2026-10-02 15:25:53 Image size of job updated: 645764
	631  -  MemoryUsage of job (MB)
	645764  -  ResidentSetSize of job (KB)
...
006 (78852668.020.000) 2026-10-02 15:35:54 Image size of job updated: 648788
	634  -  MemoryUsage of job (MB)
	648788  -  ResidentSetSize of job (KB)
...
006 (78852668.020.000) 2026-10-02 16:41:00 Image size of job updated: 657572
	643  -  MemoryUsage of job (MB)
	657572  -  ResidentSetSize of job (KB)
...
006 (78852668.020.000) 2026-10-02 17:16:05 Image size of job updated: 657596
	643  -  MemoryUsage of job (MB)
	657596  -  ResidentSetSize of job (KB)
...
006 (78852668.020.000) 2026-10-02 18:16:12 Image size of job updated: 660036
	645  -  MemoryUsage of job (MB)
	660036  -  ResidentSetSize of job (KB)
...
006 (78852668.020.000) 2026-10-02 18:36:14 Image size of job updated: 662052
	647  -  MemoryUsage of job (MB)
	662052  -  ResidentSetSize of job (KB)
...
006 (78852668.020.000) 2026-10-02 19:31:17 Image size of job updated: 664196
	649  -  MemoryUsage of job (MB)
	664196  -  ResidentSetSize of job (KB)
...
006 (78852668.020.000) 2026-10-02 19:51:19 Image size of job updated: 665204
	650  -  MemoryUsage of job (MB)
	665204  -  ResidentSetSize of job (KB)
...
006 (78852668.020.000) 2026-10-02 20:01:19 Image size of job updated: 670388
	655  -  MemoryUsage of job (MB)
	670388  -  ResidentSetSize of job (KB)
...
006 (78852668.020.000) 2026-10-02 20:51:25 Image size of job updated: 671396
	656  -  MemoryUsage of job (MB)
	671396  -  ResidentSetSize of job (KB)
...
006 (78852668.020.000) 2026-10-02 21:16:28 Image size of job updated: 671524
	656  -  MemoryUsage of job (MB)
	671524  -  ResidentSetSize of job (KB)
...
006 (78852668.020.000) 2026-10-02 21:46:31 Image size of job updated: 672404
	657  -  MemoryUsage of job (MB)
	672404  -  ResidentSetSize of job (KB)
...
006 (78852668.020.000) 2026-10-02 22:41:39 Image size of job updated: 673412
	658  -  MemoryUsage of job (MB)
	673412  -  ResidentSetSize of job (KB)
...
006 (78852668.020.000) 2026-10-02 23:11:41 Image size of job updated: 674420
	659  -  MemoryUsage of job (MB)
	674420  -  ResidentSetSize of job (KB)
...
006 (78852668.020.000) 2026-10-02 23:31:42 Image size of job updated: 675428
	660  -  MemoryUsage of job (MB)
	675428  -  ResidentSetSize of job (KB)
...
006 (78852668.020.000) 2026-10-02 23:41:43 Image size of job updated: 675432
	660  -  MemoryUsage of job (MB)
	675432  -  ResidentSetSize of job (KB)
...
006 (78852668.020.000) 2026-10-03 00:16:47 Image size of job updated: 676440
	661  -  MemoryUsage of job (MB)
	676440  -  ResidentSetSize of job (KB)
...
006 (78852668.020.000) 2026-10-03 00:21:48 Image size of job updated: 676600
	661  -  MemoryUsage of job (MB)
	676600  -  ResidentSetSize of job (KB)
...
006 (78852668.020.000) 2026-10-03 01:06:54 Image size of job updated: 680452
	665  -  MemoryUsage of job (MB)
	680452  -  ResidentSetSize of job (KB)
...
006 (78852668.020.000) 2026-10-03 01:26:55 Image size of job updated: 682468
	667  -  MemoryUsage of job (MB)
	682468  -  ResidentSetSize of job (KB)
...
006 (78852668.020.000) 2026-10-03 02:01:59 Image size of job updated: 682496
	667  -  MemoryUsage of job (MB)
	682496  -  ResidentSetSize of job (KB)
...
006 (78852668.020.000) 2026-10-03 02:22:01 Image size of job updated: 683504
	668  -  MemoryUsage of job (MB)
	683504  -  ResidentSetSize of job (KB)
...
006 (78852668.020.000) 2026-10-03 02:32:02 Image size of job updated: 683524
	668  -  MemoryUsage of job (MB)
	683524  -  ResidentSetSize of job (KB)
...
006 (78852668.020.000) 2026-10-03 02:52:04 Image size of job updated: 684512
	669  -  MemoryUsage of job (MB)
	684512  -  ResidentSetSize of job (KB)
...
006 (78852668.020.000) 2026-10-03 03:22:08 Image size of job updated: 685520
	670  -  MemoryUsage of job (MB)
	685520  -  ResidentSetSize of job (KB)
...
006 (78852668.020.000) 2026-10-03 04:47:17 Image size of job updated: 685524
	670  -  MemoryUsage of job (MB)
	685524  -  ResidentSetSize of job (KB)
...
006 (78852668.020.000) 2026-10-03 04:52:17 Image size of job updated: 685588
	670  -  MemoryUsage of job (MB)
	685588  -  ResidentSetSize of job (KB)
...
006 (78852668.020.000) 2026-10-03 04:57:18 Image size of job updated: 686600
	671  -  MemoryUsage of job (MB)
	686600  -  ResidentSetSize of job (KB)
...
006 (78852668.020.000) 2026-10-03 05:42:23 Image size of job updated: 689624
	674  -  MemoryUsage of job (MB)
	689624  -  ResidentSetSize of job (KB)
...
006 (78852668.020.000) 2026-10-03 07:07:32 Image size of job updated: 689632
	674  -  MemoryUsage of job (MB)
	689632  -  ResidentSetSize of job (KB)
...
006 (78852668.020.000) 2026-10-03 07:17:32 Image size of job updated: 689636
	674  -  MemoryUsage of job (MB)
	689636  -  ResidentSetSize of job (KB)
...
006 (78852668.020.000) 2026-10-03 07:37:35 Image size of job updated: 692660
	676  -  MemoryUsage of job (MB)
	691652  -  ResidentSetSize of job (KB)
...
006 (78852668.020.000) 2026-10-03 08:32:42 Image size of job updated: 693668
	677  -  MemoryUsage of job (MB)
	692660  -  ResidentSetSize of job (KB)
...
006 (78852668.020.000) 2026-10-03 09:02:44 Image size of job updated: 694676
	679  -  MemoryUsage of job (MB)
	694676  -  ResidentSetSize of job (KB)
...
006 (78852668.020.000) 2026-10-03 09:17:45 Image size of job updated: 694836
	679  -  MemoryUsage of job (MB)
	694836  -  ResidentSetSize of job (KB)
...
006 (78852668.020.000) 2026-10-03 10:07:48 Image size of job updated: 695844
	680  -  MemoryUsage of job (MB)
	695844  -  ResidentSetSize of job (KB)
...
006 (78852668.020.000) 2026-10-03 10:52:52 Image size of job updated: 695912
	680  -  MemoryUsage of job (MB)
	695912  -  ResidentSetSize of job (KB)
...
006 (78852668.020.000) 2026-10-03 11:07:53 Image size of job updated: 697924
	681  -  MemoryUsage of job (MB)
	696924  -  ResidentSetSize of job (KB)
...
006 (78852668.020.000) 2026-10-03 12:12:59 Image size of job updated: 698940
	682  -  MemoryUsage of job (MB)
	697932  -  ResidentSetSize of job (KB)
...
006 (78852668.020.000) 2026-10-03 12:58:04 Image size of job updated: 699948
	684  -  MemoryUsage of job (MB)
	699948  -  ResidentSetSize of job (KB)
...
006 (78852668.020.000) 2026-10-03 13:18:05 Image size of job updated: 700956
	685  -  MemoryUsage of job (MB)
	700956  -  ResidentSetSize of job (KB)
...
006 (78852668.020.000) 2026-10-03 13:58:08 Image size of job updated: 701964
	686  -  MemoryUsage of job (MB)
	701964  -  ResidentSetSize of job (KB)
...
006 (78852668.020.000) 2026-10-03 14:08:09 Image size of job updated: 702060
	686  -  MemoryUsage of job (MB)
	702060  -  ResidentSetSize of job (KB)
...
006 (78852668.020.000) 2026-10-03 14:53:15 Image size of job updated: 704100
	688  -  MemoryUsage of job (MB)
	704100  -  ResidentSetSize of job (KB)
...
006 (78852668.020.000) 2026-10-03 15:43:21 Image size of job updated: 705108
	689  -  MemoryUsage of job (MB)
	705108  -  ResidentSetSize of job (KB)
...
006 (78852668.020.000) 2026-10-03 16:48:27 Image size of job updated: 705128
	689  -  MemoryUsage of job (MB)
	705128  -  ResidentSetSize of job (KB)
...
006 (78852668.020.000) 2026-10-03 17:15:36 Image size of job updated: 705136
	689  -  MemoryUsage of job (MB)
	705128  -  ResidentSetSize of job (KB)
...
004 (78852668.020.000) 2026-10-03 17:15:36 Job was evicted. Code 1023 Subcode 0
	(0) CPU times
		Usr 7 17:25:15, Sys 0 00:11:39  -  Run Remote Usage
		Usr 0 00:00:00, Sys 0 00:00:00  -  Run Local Usage
	0  -  Run Bytes Sent By Job
	0  -  Run Bytes Received By Job
	Reason: via condor_rm (by user pratyusava.baral)
	Partitionable Resources :     Usage  Request Allocated 
	   Cpus                 :      3.98        4         4 
	   Disk (KB)            :  25000       25000     28672 
	   GPUs                 :                            0 
	   Memory (MB)          :    689       15000     15104 
	   TimeExecute (s)      : 196064                       
	   TimeSlotBusy (s)     : 196065                       
...
009 (78852668.020.000) 2026-10-03 17:15:36 Job was aborted.
	via condor_rm (by user pratyusava.baral)
...
000 (78854871.020.000) 2026-10-03 17:15:41 Job submitted from host: <10.14.0.121:9618?addrs=10.14.0.121-9618&alias=ldas-pcdev12.ligo.caltech.edu&noUDP&sock=schedd_623140_c9b4>
...
001 (78854871.020.000) 2026-10-03 17:16:39 Job executing on host: <10.14.4.123:9618?addrs=10.14.4.123-9618&alias=node873.cluster.ldas.cit&noUDP&sock=startd_37215_f91a>
	SlotName: slot1_2@node873.cluster.ldas.cit
	CondorScratchDir = "/var/lib/condor/execute/dir_333376/scratch"
	Cpus = 4
	Disk = 28672
	GPUs = 0
	Memory = 15104
...
006 (78854871.020.000) 2026-10-03 17:16:48 Image size of job updated: 259532
	254  -  MemoryUsage of job (MB)
	259532  -  ResidentSetSize of job (KB)
...
006 (78854871.020.000) 2026-10-03 17:21:48 Image size of job updated: 432444
	423  -  MemoryUsage of job (MB)
	432444  -  ResidentSetSize of job (KB)
...
006 (78854871.020.000) 2026-10-03 17:26:49 Image size of job updated: 534728
	523  -  MemoryUsage of job (MB)
	534728  -  ResidentSetSize of job (KB)
...
006 (78854871.020.000) 2026-10-03 17:31:50 Image size of job updated: 534936
	523  -  MemoryUsage of job (MB)
	534936  -  ResidentSetSize of job (KB)
...
006 (78854871.020.000) 2026-10-03 17:36:50 Image size of job updated: 595492
	574  -  MemoryUsage of job (MB)
	587052  -  ResidentSetSize of job (KB)
...
006 (78854871.020.000) 2026-10-03 17:41:51 Image size of job updated: 595492
	574  -  MemoryUsage of job (MB)
	587136  -  ResidentSetSize of job (KB)
...
006 (78854871.020.000) 2026-10-03 17:46:52 Image size of job updated: 595492
	574  -  MemoryUsage of job (MB)
	587176  -  ResidentSetSize of job (KB)
...
006 (78854871.020.000) 2026-10-03 17:51:52 Image size of job updated: 598628
	574  -  MemoryUsage of job (MB)
	587504  -  ResidentSetSize of job (KB)
...
006 (78854871.020.000) 2026-10-03 18:11:53 Image size of job updated: 598628
	577  -  MemoryUsage of job (MB)
	590200  -  ResidentSetSize of job (KB)
...
006 (78854871.020.000) 2026-10-03 18:16:54 Image size of job updated: 598628
	577  -  MemoryUsage of job (MB)
	590300  -  ResidentSetSize of job (KB)
...
006 (78854871.020.000) 2026-10-03 18:21:54 Image size of job updated: 600532
	585  -  MemoryUsage of job (MB)
	598536  -  ResidentSetSize of job (KB)
...
006 (78854871.020.000) 2026-10-03 18:26:54 Image size of job updated: 600532
	585  -  MemoryUsage of job (MB)
	598564  -  ResidentSetSize of job (KB)
...
006 (78854871.020.000) 2026-10-03 18:31:55 Image size of job updated: 604252
	585  -  MemoryUsage of job (MB)
	598564  -  ResidentSetSize of job (KB)
...
006 (78854871.020.000) 2026-10-03 18:41:56 Image size of job updated: 606396
	587  -  MemoryUsage of job (MB)
	600788  -  ResidentSetSize of job (KB)
...
006 (78854871.020.000) 2026-10-03 18:46:57 Image size of job updated: 606396
	587  -  MemoryUsage of job (MB)
	600796  -  ResidentSetSize of job (KB)
...
006 (78854871.020.000) 2026-10-03 18:51:58 Image size of job updated: 606396
	589  -  MemoryUsage of job (MB)
	602144  -  ResidentSetSize of job (KB)
...
006 (78854871.020.000) 2026-10-03 18:56:58 Image size of job updated: 606396
	589  -  MemoryUsage of job (MB)
	602152  -  ResidentSetSize of job (KB)
...
006 (78854871.020.000) 2026-10-03 19:01:59 Image size of job updated: 610600
	595  -  MemoryUsage of job (MB)
	608576  -  ResidentSetSize of job (KB)
...
006 (78854871.020.000) 2026-10-03 19:07:00 Image size of job updated: 610600
	595  -  MemoryUsage of job (MB)
	608600  -  ResidentSetSize of job (KB)
...
006 (78854871.020.000) 2026-10-03 19:12:00 Image size of job updated: 616556
	603  -  MemoryUsage of job (MB)
	616556  -  ResidentSetSize of job (KB)
...
006 (78854871.020.000) 2026-10-03 19:17:00 Image size of job updated: 625228
	611  -  MemoryUsage of job (MB)
	625228  -  ResidentSetSize of job (KB)
...
006 (78854871.020.000) 2026-10-03 19:22:01 Image size of job updated: 636056
	617  -  MemoryUsage of job (MB)
	630984  -  ResidentSetSize of job (KB)
...
006 (78854871.020.000) 2026-10-03 19:27:01 Image size of job updated: 636056
	617  -  MemoryUsage of job (MB)
	630992  -  ResidentSetSize of job (KB)
...
006 (78854871.020.000) 2026-10-03 20:17:04 Image size of job updated: 636056
	619  -  MemoryUsage of job (MB)
	633604  -  ResidentSetSize of job (KB)
...
006 (78854871.020.000) 2026-10-03 20:22:05 Image size of job updated: 636056
	619  -  MemoryUsage of job (MB)
	633608  -  ResidentSetSize of job (KB)
...
006 (78854871.020.000) 2026-10-03 20:27:05 Image size of job updated: 636964
	622  -  MemoryUsage of job (MB)
	635940  -  ResidentSetSize of job (KB)
...
006 (78854871.020.000) 2026-10-03 20:32:05 Image size of job updated: 636964
	622  -  MemoryUsage of job (MB)
	635944  -  ResidentSetSize of job (KB)
...
006 (78854871.020.000) 2026-10-03 20:37:06 Image size of job updated: 640272
	625  -  MemoryUsage of job (MB)
	639248  -  ResidentSetSize of job (KB)
...
006 (78854871.020.000) 2026-10-03 20:42:06 Image size of job updated: 640272
	625  -  MemoryUsage of job (MB)
	639252  -  ResidentSetSize of job (KB)
...
006 (78854871.020.000) 2026-10-03 20:47:06 Image size of job updated: 640552
	625  -  MemoryUsage of job (MB)
	639528  -  ResidentSetSize of job (KB)
...
006 (78854871.020.000) 2026-10-03 20:52:07 Image size of job updated: 640552
	625  -  MemoryUsage of job (MB)
	639532  -  ResidentSetSize of job (KB)
...
006 (78854871.020.000) 2026-10-03 20:57:07 Image size of job updated: 641780
	625  -  MemoryUsage of job (MB)
	639532  -  ResidentSetSize of job (KB)
...
006 (78854871.020.000) 2026-10-03 21:12:08 Image size of job updated: 641780
	626  -  MemoryUsage of job (MB)
	640148  -  ResidentSetSize of job (KB)
...
006 (78854871.020.000) 2026-10-03 21:17:08 Image size of job updated: 641780
	626  -  MemoryUsage of job (MB)
	640152  -  ResidentSetSize of job (KB)
...
006 (78854871.020.000) 2026-10-03 21:22:09 Image size of job updated: 645096
	628  -  MemoryUsage of job (MB)
	643052  -  ResidentSetSize of job (KB)
...
006 (78854871.020.000) 2026-10-03 21:27:09 Image size of job updated: 645096
	629  -  MemoryUsage of job (MB)
	643104  -  ResidentSetSize of job (KB)
...
006 (78854871.020.000) 2026-10-03 21:32:09 Image size of job updated: 645096
	629  -  MemoryUsage of job (MB)
	643172  -  ResidentSetSize of job (KB)
...
000 (78854907.020.000) 2026-10-03 21:37:08 Job submitted from host: <10.14.0.121:9618?addrs=10.14.0.121-9618&alias=ldas-pcdev12.ligo.caltech.edu&noUDP&sock=schedd_623140_c9b4>
...
006 (78854871.020.000) 2026-10-03 21:37:10 Image size of job updated: 645096
	629  -  MemoryUsage of job (MB)
	643184  -  ResidentSetSize of job (KB)
...
004 (78854871.020.000) 2026-10-03 21:37:22 Job was evicted. Code 1023 Subcode 0
	(0) CPU times
		Usr 0 15:06:28, Sys 0 00:03:19  -  Run Remote Usage
		Usr 0 00:00:00, Sys 0 00:00:00  -  Run Local Usage
	0  -  Run Bytes Sent By Job
	0  -  Run Bytes Received By Job
	Reason: via condor_rm (by user pratyusava.baral)
	Partitionable Resources :    Usage  Request Allocated 
	   Cpus                 :     1.69        4         4 
	   Disk (KB)            : 25000       25000     28672 
	   GPUs                 :                           0 
	   Memory (MB)          :   629       15000     15104 
	   TimeExecute (s)      : 15643                       
	   TimeSlotBusy (s)     : 15643                       
...
009 (78854871.020.000) 2026-10-03 21:37:22 Job was aborted.
	via condor_rm (by user pratyusava.baral)
...
001 (78854907.020.000) 2026-10-03 21:38:42 Job executing on host: <10.14.10.67:9618?addrs=10.14.10.67-9618&alias=node2317.cluster.ldas.cit&noUDP&sock=startd_2548383_59df>
	SlotName: slot1_8@node2317.cluster.ldas.cit
	CondorScratchDir = "/var/lib/condor/execute/dir_2434872/scratch"
	Cpus = 4
	Disk = 28672
	GPUs = 0
	Memory = 15104
...
006 (78854907.020.000) 2026-10-03 21:38:42 Image size of job updated: 25000
	0  -  MemoryUsage of job (MB)
	0  -  ResidentSetSize of job (KB)
...
005 (78854907.020.000) 2026-10-03 21:38:42 Job terminated.
	(1) Normal termination (return value 1)
		Usr 0 00:00:00, Sys 0 00:00:00  -  Run Remote Usage
		Usr 0 00:00:00, Sys 0 00:00:00  -  Run Local Usage
		Usr 0 00:00:00, Sys 0 00:00:00  -  Total Remote Usage
		Usr 0 00:00:00, Sys 0 00:00:00  -  Total Local Usage
	0  -  Run Bytes Sent By Job
	0  -  Run Bytes Received By Job
	0  -  Total Bytes Sent By Job
	0  -  Total Bytes Received By Job
	Partitionable Resources :    Usage  Request Allocated 
	   Cpus                 :                 4         4 
	   Disk (KB)            :    25000    25000     28672 
	   GPUs                 :                           0 
	   Memory (MB)          :        0    15000     15104 
	   TimeExecute (s)      :        0                    
	   TimeSlotBusy (s)     :        0                    
...
000 (78855136.020.000) 2026-10-04 13:45:07 Job submitted from host: <10.14.0.121:9618?addrs=10.14.0.121-9618&alias=ldas-pcdev12.ligo.caltech.edu&noUDP&sock=schedd_623140_c9b4>
...
001 (78855136.020.000) 2026-10-04 13:49:18 Job executing on host: <10.14.6.227:9618?addrs=10.14.6.227-9618&alias=node1477.cluster.ldas.cit&noUDP&sock=startd_35393_3b8c>
	SlotName: slot1_1@node1477.cluster.ldas.cit
	CondorScratchDir = "/var/lib/condor/execute/dir_1080526/scratch"
	Cpus = 4
	Disk = 28672
	GPUs = 0
	Memory = 15104
...
006 (78855136.020.000) 2026-10-04 13:49:26 Image size of job updated: 138508
	136  -  MemoryUsage of job (MB)
	138508  -  ResidentSetSize of job (KB)
...
006 (78855136.020.000) 2026-10-04 13:54:26 Image size of job updated: 540996
	529  -  MemoryUsage of job (MB)
	540996  -  ResidentSetSize of job (KB)
...
006 (78855136.020.000) 2026-10-04 13:59:26 Image size of job updated: 541460
	529  -  MemoryUsage of job (MB)
	541460  -  ResidentSetSize of job (KB)
...
006 (78855136.020.000) 2026-10-04 14:04:27 Image size of job updated: 577296
	564  -  MemoryUsage of job (MB)
	577296  -  ResidentSetSize of job (KB)
...
006 (78855136.020.000) 2026-10-04 14:09:27 Image size of job updated: 595348
	582  -  MemoryUsage of job (MB)
	595348  -  ResidentSetSize of job (KB)
...
006 (78855136.020.000) 2026-10-04 14:14:27 Image size of job updated: 620420
	601  -  MemoryUsage of job (MB)
	614416  -  ResidentSetSize of job (KB)
...
006 (78855136.020.000) 2026-10-04 14:19:28 Image size of job updated: 620420
	603  -  MemoryUsage of job (MB)
	616508  -  ResidentSetSize of job (KB)
...
006 (78855136.020.000) 2026-10-04 14:24:28 Image size of job updated: 624144
	610  -  MemoryUsage of job (MB)
	624144  -  ResidentSetSize of job (KB)
...
006 (78855136.020.000) 2026-10-04 14:29:28 Image size of job updated: 624208
	610  -  MemoryUsage of job (MB)
	624208  -  ResidentSetSize of job (KB)
...
006 (78855136.020.000) 2026-10-04 14:34:29 Image size of job updated: 635456
	610  -  MemoryUsage of job (MB)
	624332  -  ResidentSetSize of job (KB)
...
006 (78855136.020.000) 2026-10-04 14:39:29 Image size of job updated: 635456
	610  -  MemoryUsage of job (MB)
	624392  -  ResidentSetSize of job (KB)
...
006 (78855136.020.000) 2026-10-04 14:44:29 Image size of job updated: 635456
	611  -  MemoryUsage of job (MB)
	624812  -  ResidentSetSize of job (KB)
...
006 (78855136.020.000) 2026-10-04 14:49:30 Image size of job updated: 635456
	611  -  MemoryUsage of job (MB)
	625232  -  ResidentSetSize of job (KB)
...
006 (78855136.020.000) 2026-10-04 14:54:30 Image size of job updated: 635456
	615  -  MemoryUsage of job (MB)
	629480  -  ResidentSetSize of job (KB)
...
006 (78855136.020.000) 2026-10-04 14:59:30 Image size of job updated: 635456
	615  -  MemoryUsage of job (MB)
	629500  -  ResidentSetSize of job (KB)
...
006 (78855136.020.000) 2026-10-04 15:04:31 Image size of job updated: 635456
	616  -  MemoryUsage of job (MB)
	630392  -  ResidentSetSize of job (KB)
...
006 (78855136.020.000) 2026-10-04 15:09:31 Image size of job updated: 635456
	617  -  MemoryUsage of job (MB)
	631808  -  ResidentSetSize of job (KB)
...
006 (78855136.020.000) 2026-10-04 15:14:31 Image size of job updated: 635456
	618  -  MemoryUsage of job (MB)
	631832  -  ResidentSetSize of job (KB)
...
006 (78855136.020.000) 2026-10-04 15:19:32 Image size of job updated: 642596
	618  -  MemoryUsage of job (MB)
	632248  -  ResidentSetSize of job (KB)
...
006 (78855136.020.000) 2026-10-04 15:24:32 Image size of job updated: 642596
	618  -  MemoryUsage of job (MB)
	632252  -  ResidentSetSize of job (KB)
...
006 (78855136.020.000) 2026-10-04 15:29:32 Image size of job updated: 642596
	620  -  MemoryUsage of job (MB)
	634768  -  ResidentSetSize of job (KB)
...
006 (78855136.020.000) 2026-10-04 15:34:33 Image size of job updated: 642596
	620  -  MemoryUsage of job (MB)
	634792  -  ResidentSetSize of job (KB)
...
006 (78855136.020.000) 2026-10-04 15:39:33 Image size of job updated: 661276
	639  -  MemoryUsage of job (MB)
	654240  -  ResidentSetSize of job (KB)
...
006 (78855136.020.000) 2026-10-04 15:44:33 Image size of job updated: 661276
	639  -  MemoryUsage of job (MB)
	654284  -  ResidentSetSize of job (KB)
...
006 (78855136.020.000) 2026-10-04 15:49:34 Image size of job updated: 661276
	643  -  MemoryUsage of job (MB)
	657988  -  ResidentSetSize of job (KB)
...
006 (78855136.020.000) 2026-10-04 15:54:34 Image size of job updated: 661276
	643  -  MemoryUsage of job (MB)
	657992  -  ResidentSetSize of job (KB)
...
006 (78855136.020.000) 2026-10-04 16:23:39 Image size of job updated: 662292
	647  -  MemoryUsage of job (MB)
	662292  -  ResidentSetSize of job (KB)
...
006 (78855136.020.000) 2026-10-04 16:35:06 Image size of job updated: 663288
	647  -  MemoryUsage of job (MB)
	662308  -  ResidentSetSize of job (KB)
...
006 (78855136.020.000) 2026-10-04 16:41:58 Image size of job updated: 663392
	647  -  MemoryUsage of job (MB)
	662372  -  ResidentSetSize of job (KB)
...
006 (78855136.020.000) 2026-10-04 16:51:58 Image size of job updated: 664336
	647  -  MemoryUsage of job (MB)
	662372  -  ResidentSetSize of job (KB)
...
006 (78855136.020.000) 2026-10-04 17:01:59 Image size of job updated: 664336
	649  -  MemoryUsage of job (MB)
	664160  -  ResidentSetSize of job (KB)
...
006 (78855136.020.000) 2026-10-04 17:06:59 Image size of job updated: 664336
	649  -  MemoryUsage of job (MB)
	664204  -  ResidentSetSize of job (KB)
...
006 (78855136.020.000) 2026-10-04 17:12:00 Image size of job updated: 665600
	650  -  MemoryUsage of job (MB)
	664580  -  ResidentSetSize of job (KB)
...
006 (78855136.020.000) 2026-10-04 17:17:00 Image size of job updated: 665600
	650  -  MemoryUsage of job (MB)
	664584  -  ResidentSetSize of job (KB)
...
006 (78855136.020.000) 2026-10-04 17:32:01 Image size of job updated: 665600
	650  -  MemoryUsage of job (MB)
	665596  -  ResidentSetSize of job (KB)
...
006 (78855136.020.000) 2026-10-04 17:42:02 Image size of job updated: 665608
	651  -  MemoryUsage of job (MB)
	665608  -  ResidentSetSize of job (KB)
...
006 (78855136.020.000) 2026-10-04 17:47:02 Image size of job updated: 665624
	651  -  MemoryUsage of job (MB)
	665624  -  ResidentSetSize of job (KB)
...
006 (78855136.020.000) 2026-10-04 17:52:02 Image size of job updated: 665648
	651  -  MemoryUsage of job (MB)
	665648  -  ResidentSetSize of job (KB)
...
006 (78855136.020.000) 2026-10-04 18:47:09 Image size of job updated: 667052
	651  -  MemoryUsage of job (MB)
	666044  -  ResidentSetSize of job (KB)
...
006 (78855136.020.000) 2026-10-04 19:27:14 Image size of job updated: 668180
	653  -  MemoryUsage of job (MB)
	668180  -  ResidentSetSize of job (KB)
...
006 (78855136.020.000) 2026-10-04 19:32:15 Image size of job updated: 668220
	653  -  MemoryUsage of job (MB)
	668220  -  ResidentSetSize of job (KB)
...
006 (78855136.020.000) 2026-10-04 19:37:15 Image size of job updated: 668736
	654  -  MemoryUsage of job (MB)
	668736  -  ResidentSetSize of job (KB)
...
006 (78855136.020.000) 2026-10-04 19:52:16 Image size of job updated: 674244
	654  -  MemoryUsage of job (MB)
	668736  -  ResidentSetSize of job (KB)
...
006 (78855136.020.000) 2026-10-04 20:12:17 Image size of job updated: 677632
	654  -  MemoryUsage of job (MB)
	668736  -  ResidentSetSize of job (KB)
...
006 (78855136.020.000) 2026-10-04 21:12:22 Image size of job updated: 677632
	654  -  MemoryUsage of job (MB)
	668912  -  ResidentSetSize of job (KB)
...
006 (78855136.020.000) 2026-10-04 21:17:23 Image size of job updated: 677632
	654  -  MemoryUsage of job (MB)
	668976  -  ResidentSetSize of job (KB)
...
006 (78855136.020.000) 2026-10-04 21:27:24 Image size of job updated: 677632
	654  -  MemoryUsage of job (MB)
	668980  -  ResidentSetSize of job (KB)
...
006 (78855136.020.000) 2026-10-04 21:37:26 Image size of job updated: 680932
	654  -  MemoryUsage of job (MB)
	668980  -  ResidentSetSize of job (KB)
...
006 (78855136.020.000) 2026-10-04 22:57:34 Image size of job updated: 683080
	654  -  MemoryUsage of job (MB)
	668980  -  ResidentSetSize of job (KB)
...
006 (78855136.020.000) 2026-10-04 23:07:35 Image size of job updated: 683080
	657  -  MemoryUsage of job (MB)
	672212  -  ResidentSetSize of job (KB)
...
006 (78855136.020.000) 2026-10-04 23:17:35 Image size of job updated: 683080
	657  -  MemoryUsage of job (MB)
	672216  -  ResidentSetSize of job (KB)
...
006 (78855136.020.000) 2026-10-04 23:22:36 Image size of job updated: 683080
	659  -  MemoryUsage of job (MB)
	674736  -  ResidentSetSize of job (KB)
...
006 (78855136.020.000) 2026-10-04 23:32:36 Image size of job updated: 683080
	660  -  MemoryUsage of job (MB)
	675760  -  ResidentSetSize of job (KB)
...
006 (78855136.020.000) 2026-10-04 23:37:37 Image size of job updated: 683080
	660  -  MemoryUsage of job (MB)
	675764  -  ResidentSetSize of job (KB)
...
006 (78855136.020.000) 2026-10-05 00:12:40 Image size of job updated: 689616
	660  -  MemoryUsage of job (MB)
	675764  -  ResidentSetSize of job (KB)
...
006 (78855136.020.000) 2026-10-05 02:07:55 Image size of job updated: 689616
	662  -  MemoryUsage of job (MB)
	676904  -  ResidentSetSize of job (KB)
...
006 (78855136.020.000) 2026-10-05 02:47:59 Image size of job updated: 693784
	662  -  MemoryUsage of job (MB)
	676904  -  ResidentSetSize of job (KB)
...
006 (78855136.020.000) 2026-10-05 03:13:02 Image size of job updated: 693784
	663  -  MemoryUsage of job (MB)
	678288  -  ResidentSetSize of job (KB)
...
006 (78855136.020.000) 2026-10-05 03:33:03 Image size of job updated: 693784
	664  -  MemoryUsage of job (MB)
	678928  -  ResidentSetSize of job (KB)
...
006 (78855136.020.000) 2026-10-05 03:43:04 Image size of job updated: 695804
	664  -  MemoryUsage of job (MB)
	678928  -  ResidentSetSize of job (KB)
...
006 (78855136.020.000) 2026-10-05 03:53:04 Image size of job updated: 695804
	669  -  MemoryUsage of job (MB)
	684948  -  ResidentSetSize of job (KB)
...
006 (78855136.020.000) 2026-10-05 04:03:05 Image size of job updated: 695804
	670  -  MemoryUsage of job (MB)
	685956  -  ResidentSetSize of job (KB)
...
006 (78855136.020.000) 2026-10-05 04:23:06 Image size of job updated: 726952
	670  -  MemoryUsage of job (MB)
	685956  -  ResidentSetSize of job (KB)
...
006 (78855136.020.000) 2026-10-05 04:43:08 Image size of job updated: 726952
	671  -  MemoryUsage of job (MB)
	686528  -  ResidentSetSize of job (KB)
...
006 (78855136.020.000) 2026-10-05 05:08:09 Image size of job updated: 726952
	672  -  MemoryUsage of job (MB)
	687252  -  ResidentSetSize of job (KB)
...
006 (78855136.020.000) 2026-10-05 05:28:11 Image size of job updated: 734028
	672  -  MemoryUsage of job (MB)
	687252  -  ResidentSetSize of job (KB)
...
006 (78855136.020.000) 2026-10-05 07:23:21 Image size of job updated: 734028
	675  -  MemoryUsage of job (MB)
	691036  -  ResidentSetSize of job (KB)
...
006 (78855136.020.000) 2026-10-05 07:33:23 Image size of job updated: 734028
	677  -  MemoryUsage of job (MB)
	693052  -  ResidentSetSize of job (KB)
...
006 (78855136.020.000) 2026-10-05 08:43:32 Image size of job updated: 734028
	717  -  MemoryUsage of job (MB)
	733880  -  ResidentSetSize of job (KB)
...
006 (78855136.020.000) 2026-10-05 08:48:33 Image size of job updated: 734028
	717  -  MemoryUsage of job (MB)
	733920  -  ResidentSetSize of job (KB)
...
006 (78855136.020.000) 2026-10-05 09:48:37 Image size of job updated: 740196
	717  -  MemoryUsage of job (MB)
	733920  -  ResidentSetSize of job (KB)
...
005 (78855136.020.000) 2026-10-05 11:19:32 Job terminated.
	(1) Normal termination (return value 0)
		Usr 3 04:17:06, Sys 0 00:06:23  -  Run Remote Usage
		Usr 0 00:00:00, Sys 0 00:00:00  -  Run Local Usage
		Usr 3 04:17:06, Sys 0 00:06:23  -  Total Remote Usage
		Usr 0 00:00:00, Sys 0 00:00:00  -  Total Local Usage
	0  -  Run Bytes Sent By Job
	0  -  Run Bytes Received By Job
	0  -  Total Bytes Sent By Job
	0  -  Total Bytes Received By Job
	Partitionable Resources :    Usage  Request Allocated 
	   Cpus                 :     2.45        4         4 
	   Disk (KB)            : 25000       25000     28672 
	   GPUs                 :                           0 
	   Memory (MB)          :   717       15000     15104 
	   TimeExecute (s)      : 77414                       
	   TimeSlotBusy (s)     : 77415                       
...
