000 (78852668.025.000) 2026-10-01 10:44:08 Job submitted from host: <10.14.0.121:9618?addrs=10.14.0.121-9618&alias=ldas-pcdev12.ligo.caltech.edu&noUDP&sock=schedd_623140_c9b4>
...
001 (78852668.025.000) 2026-10-01 10:47:53 Job executing on host: <10.14.10.129:9618?addrs=10.14.10.129-9618&alias=node2379.cluster.ldas.cit&noUDP&sock=startd_2659246_25db>
	SlotName: slot1_2@node2379.cluster.ldas.cit
	CondorScratchDir = "/var/lib/condor/execute/dir_3759410/scratch"
	Cpus = 4
	Disk = 28672
	GPUs = 0
	Memory = 15104
...
006 (78852668.025.000) 2026-10-01 10:47:53 Image size of job updated: 25000
	0  -  MemoryUsage of job (MB)
	0  -  ResidentSetSize of job (KB)
...
005 (78852668.025.000) 2026-10-01 10:47:53 Job terminated.
	(1) Normal termination (return value 1)
		Usr 0 00:00:00, Sys 0 00:00:00  -  Run Remote Usage
		Usr 0 00:00:00, Sys 0 00:00:00  -  Run Local Usage
		Usr 0 00:00:00, Sys 0 00:00:00  -  Total Remote Usage
		Usr 0 00:00:00, Sys 0 00:00:00  -  Total Local Usage
	0  -  Run Bytes Sent By Job
	0  -  Run Bytes Received By Job
	0  -  Total Bytes Sent By Job
	0  -  Total Bytes Received By Job
	Partitionable Resources :    Usage  Request Allocated 
	   Cpus                 :                 4         4 
	   Disk (KB)            :    25000    25000     28672 
	   GPUs                 :                           0 
	   Memory (MB)          :        0    15000     15104 
	   TimeExecute (s)      :        0                    
	   TimeSlotBusy (s)     :        0                    
...
000 (78854871.025.000) 2026-10-03 17:15:41 Job submitted from host: <10.14.0.121:9618?addrs=10.14.0.121-9618&alias=ldas-pcdev12.ligo.caltech.edu&noUDP&sock=schedd_623140_c9b4>
...
001 (78854871.025.000) 2026-10-03 17:16:40 Job executing on host: <10.14.5.195:9618?addrs=10.14.5.195-9618&alias=node1195.cluster.ldas.cit&noUDP&sock=startd_78646_3167>
	SlotName: slot1_1@node1195.cluster.ldas.cit
	CondorScratchDir = "/var/lib/condor/execute/dir_773388/scratch"
	Cpus = 4
	Disk = 28672
	GPUs = 0
	Memory = 15104
...
006 (78854871.025.000) 2026-10-03 17:16:49 Image size of job updated: 318732
	312  -  MemoryUsage of job (MB)
	318732  -  ResidentSetSize of job (KB)
...
006 (78854871.025.000) 2026-10-03 17:21:50 Image size of job updated: 374372
	366  -  MemoryUsage of job (MB)
	374372  -  ResidentSetSize of job (KB)
...
006 (78854871.025.000) 2026-10-03 17:26:51 Image size of job updated: 375344
	367  -  MemoryUsage of job (MB)
	375344  -  ResidentSetSize of job (KB)
...
006 (78854871.025.000) 2026-10-03 17:31:51 Image size of job updated: 508772
	497  -  MemoryUsage of job (MB)
	508772  -  ResidentSetSize of job (KB)
...
006 (78854871.025.000) 2026-10-03 17:36:52 Image size of job updated: 508948
	498  -  MemoryUsage of job (MB)
	508948  -  ResidentSetSize of job (KB)
...
006 (78854871.025.000) 2026-10-03 17:41:53 Image size of job updated: 531716
	520  -  MemoryUsage of job (MB)
	531716  -  ResidentSetSize of job (KB)
...
006 (78854871.025.000) 2026-10-03 17:46:53 Image size of job updated: 538860
	527  -  MemoryUsage of job (MB)
	538860  -  ResidentSetSize of job (KB)
...
006 (78854871.025.000) 2026-10-03 17:51:54 Image size of job updated: 547156
	535  -  MemoryUsage of job (MB)
	547156  -  ResidentSetSize of job (KB)
...
006 (78854871.025.000) 2026-10-03 17:56:55 Image size of job updated: 548824
	536  -  MemoryUsage of job (MB)
	548824  -  ResidentSetSize of job (KB)
...
006 (78854871.025.000) 2026-10-03 18:01:55 Image size of job updated: 552040
	540  -  MemoryUsage of job (MB)
	552040  -  ResidentSetSize of job (KB)
...
006 (78854871.025.000) 2026-10-03 18:06:56 Image size of job updated: 552448
	540  -  MemoryUsage of job (MB)
	552448  -  ResidentSetSize of job (KB)
...
006 (78854871.025.000) 2026-10-03 18:11:57 Image size of job updated: 553108
	541  -  MemoryUsage of job (MB)
	553108  -  ResidentSetSize of job (KB)
...
006 (78854871.025.000) 2026-10-03 18:16:57 Image size of job updated: 554192
	542  -  MemoryUsage of job (MB)
	554192  -  ResidentSetSize of job (KB)
...
006 (78854871.025.000) 2026-10-03 18:21:58 Image size of job updated: 554208
	542  -  MemoryUsage of job (MB)
	554208  -  ResidentSetSize of job (KB)
...
006 (78854871.025.000) 2026-10-03 18:26:59 Image size of job updated: 554224
	542  -  MemoryUsage of job (MB)
	554224  -  ResidentSetSize of job (KB)
...
006 (78854871.025.000) 2026-10-03 18:31:59 Image size of job updated: 554228
	542  -  MemoryUsage of job (MB)
	554224  -  ResidentSetSize of job (KB)
...
006 (78854871.025.000) 2026-10-03 18:52:00 Image size of job updated: 554260
	542  -  MemoryUsage of job (MB)
	554260  -  ResidentSetSize of job (KB)
...
006 (78854871.025.000) 2026-10-03 18:57:01 Image size of job updated: 554336
	542  -  MemoryUsage of job (MB)
	554336  -  ResidentSetSize of job (KB)
...
006 (78854871.025.000) 2026-10-03 19:02:02 Image size of job updated: 554340
	542  -  MemoryUsage of job (MB)
	554340  -  ResidentSetSize of job (KB)
...
006 (78854871.025.000) 2026-10-03 19:07:02 Image size of job updated: 554344
	542  -  MemoryUsage of job (MB)
	554344  -  ResidentSetSize of job (KB)
...
006 (78854871.025.000) 2026-10-03 19:12:03 Image size of job updated: 555360
	543  -  MemoryUsage of job (MB)
	555360  -  ResidentSetSize of job (KB)
...
006 (78854871.025.000) 2026-10-03 19:17:04 Image size of job updated: 555368
	543  -  MemoryUsage of job (MB)
	555368  -  ResidentSetSize of job (KB)
...
006 (78854871.025.000) 2026-10-03 19:22:04 Image size of job updated: 555372
	543  -  MemoryUsage of job (MB)
	555372  -  ResidentSetSize of job (KB)
...
006 (78854871.025.000) 2026-10-03 19:27:05 Image size of job updated: 555376
	543  -  MemoryUsage of job (MB)
	555376  -  ResidentSetSize of job (KB)
...
006 (78854871.025.000) 2026-10-03 19:32:06 Image size of job updated: 557520
	545  -  MemoryUsage of job (MB)
	557520  -  ResidentSetSize of job (KB)
...
006 (78854871.025.000) 2026-10-03 19:37:06 Image size of job updated: 557992
	545  -  MemoryUsage of job (MB)
	557992  -  ResidentSetSize of job (KB)
...
006 (78854871.025.000) 2026-10-03 19:42:07 Image size of job updated: 559764
	547  -  MemoryUsage of job (MB)
	559764  -  ResidentSetSize of job (KB)
...
006 (78854871.025.000) 2026-10-03 19:47:08 Image size of job updated: 559772
	547  -  MemoryUsage of job (MB)
	559772  -  ResidentSetSize of job (KB)
...
006 (78854871.025.000) 2026-10-03 19:52:08 Image size of job updated: 561468
	549  -  MemoryUsage of job (MB)
	561468  -  ResidentSetSize of job (KB)
...
006 (78854871.025.000) 2026-10-03 19:57:09 Image size of job updated: 561472
	549  -  MemoryUsage of job (MB)
	561472  -  ResidentSetSize of job (KB)
...
006 (78854871.025.000) 2026-10-03 20:02:09 Image size of job updated: 561512
	549  -  MemoryUsage of job (MB)
	561512  -  ResidentSetSize of job (KB)
...
006 (78854871.025.000) 2026-10-03 20:07:09 Image size of job updated: 561524
	549  -  MemoryUsage of job (MB)
	561524  -  ResidentSetSize of job (KB)
...
006 (78854871.025.000) 2026-10-03 20:12:10 Image size of job updated: 561528
	549  -  MemoryUsage of job (MB)
	561528  -  ResidentSetSize of job (KB)
...
006 (78854871.025.000) 2026-10-03 20:17:10 Image size of job updated: 561568
	549  -  MemoryUsage of job (MB)
	561568  -  ResidentSetSize of job (KB)
...
006 (78854871.025.000) 2026-10-03 20:22:10 Image size of job updated: 571540
	559  -  MemoryUsage of job (MB)
	571540  -  ResidentSetSize of job (KB)
...
006 (78854871.025.000) 2026-10-03 20:32:11 Image size of job updated: 571644
	559  -  MemoryUsage of job (MB)
	571644  -  ResidentSetSize of job (KB)
...
006 (78854871.025.000) 2026-10-03 20:37:11 Image size of job updated: 571648
	559  -  MemoryUsage of job (MB)
	571648  -  ResidentSetSize of job (KB)
...
006 (78854871.025.000) 2026-10-03 20:42:12 Image size of job updated: 575428
	562  -  MemoryUsage of job (MB)
	575428  -  ResidentSetSize of job (KB)
...
006 (78854871.025.000) 2026-10-03 20:47:12 Image size of job updated: 575440
	562  -  MemoryUsage of job (MB)
	575440  -  ResidentSetSize of job (KB)
...
006 (78854871.025.000) 2026-10-03 20:52:12 Image size of job updated: 576192
	563  -  MemoryUsage of job (MB)
	576192  -  ResidentSetSize of job (KB)
...
006 (78854871.025.000) 2026-10-03 20:57:13 Image size of job updated: 576804
	564  -  MemoryUsage of job (MB)
	576804  -  ResidentSetSize of job (KB)
...
006 (78854871.025.000) 2026-10-03 21:02:13 Image size of job updated: 576852
	564  -  MemoryUsage of job (MB)
	576852  -  ResidentSetSize of job (KB)
...
006 (78854871.025.000) 2026-10-03 21:07:13 Image size of job updated: 576856
	564  -  MemoryUsage of job (MB)
	576856  -  ResidentSetSize of job (KB)
...
006 (78854871.025.000) 2026-10-03 21:12:15 Image size of job updated: 576860
	564  -  MemoryUsage of job (MB)
	576860  -  ResidentSetSize of job (KB)
...
006 (78854871.025.000) 2026-10-03 21:17:15 Image size of job updated: 576864
	564  -  MemoryUsage of job (MB)
	576864  -  ResidentSetSize of job (KB)
...
006 (78854871.025.000) 2026-10-03 21:27:16 Image size of job updated: 580604
	567  -  MemoryUsage of job (MB)
	580604  -  ResidentSetSize of job (KB)
...
006 (78854871.025.000) 2026-10-03 21:36:42 Image size of job updated: 589144
	567  -  MemoryUsage of job (MB)
	580604  -  ResidentSetSize of job (KB)
...
004 (78854871.025.000) 2026-10-03 21:36:42 Job was evicted. Code 1023 Subcode 0
	(0) CPU times
		Usr 0 14:23:13, Sys 0 00:00:33  -  Run Remote Usage
		Usr 0 00:00:00, Sys 0 00:00:00  -  Run Local Usage
	0  -  Run Bytes Sent By Job
	0  -  Run Bytes Received By Job
	Reason: via condor_rm (by user pratyusava.baral)
	Partitionable Resources :    Usage  Request Allocated 
	   Cpus                 :     3.68        4         4 
	   Disk (KB)            : 25000       25000     28672 
	   GPUs                 :                           0 
	   Memory (MB)          :   567       15000     15104 
	   TimeExecute (s)      : 15602                       
	   TimeSlotBusy (s)     : 15603                       
...
009 (78854871.025.000) 2026-10-03 21:36:42 Job was aborted.
	via condor_rm (by user pratyusava.baral)
...
000 (78854907.025.000) 2026-10-03 21:37:08 Job submitted from host: <10.14.0.121:9618?addrs=10.14.0.121-9618&alias=ldas-pcdev12.ligo.caltech.edu&noUDP&sock=schedd_623140_c9b4>
...
001 (78854907.025.000) 2026-10-03 21:38:42 Job executing on host: <10.14.5.188:9618?addrs=10.14.5.188-9618&alias=node1188.cluster.ldas.cit&noUDP&sock=startd_74266_e096>
	SlotName: slot1_2@node1188.cluster.ldas.cit
	CondorScratchDir = "/var/lib/condor/execute/dir_591891/scratch"
	Cpus = 4
	Disk = 28672
	GPUs = 0
	Memory = 15104
...
006 (78854907.025.000) 2026-10-03 21:38:50 Image size of job updated: 258484
	253  -  MemoryUsage of job (MB)
	258484  -  ResidentSetSize of job (KB)
...
006 (78854907.025.000) 2026-10-03 21:43:50 Image size of job updated: 347860
	340  -  MemoryUsage of job (MB)
	347860  -  ResidentSetSize of job (KB)
...
006 (78854907.025.000) 2026-10-03 21:48:50 Image size of job updated: 460584
	450  -  MemoryUsage of job (MB)
	460584  -  ResidentSetSize of job (KB)
...
006 (78854907.025.000) 2026-10-03 21:53:51 Image size of job updated: 475976
	465  -  MemoryUsage of job (MB)
	475976  -  ResidentSetSize of job (KB)
...
006 (78854907.025.000) 2026-10-03 21:58:51 Image size of job updated: 512488
	501  -  MemoryUsage of job (MB)
	512488  -  ResidentSetSize of job (KB)
...
006 (78854907.025.000) 2026-10-03 22:03:51 Image size of job updated: 516252
	505  -  MemoryUsage of job (MB)
	516252  -  ResidentSetSize of job (KB)
...
006 (78854907.025.000) 2026-10-03 22:08:52 Image size of job updated: 520504
	509  -  MemoryUsage of job (MB)
	520504  -  ResidentSetSize of job (KB)
...
006 (78854907.025.000) 2026-10-03 22:13:52 Image size of job updated: 520552
	509  -  MemoryUsage of job (MB)
	520552  -  ResidentSetSize of job (KB)
...
006 (78854907.025.000) 2026-10-03 22:18:52 Image size of job updated: 543712
	531  -  MemoryUsage of job (MB)
	542800  -  ResidentSetSize of job (KB)
...
006 (78854907.025.000) 2026-10-03 22:23:53 Image size of job updated: 543712
	531  -  MemoryUsage of job (MB)
	542888  -  ResidentSetSize of job (KB)
...
006 (78854907.025.000) 2026-10-03 22:53:55 Image size of job updated: 543712
	531  -  MemoryUsage of job (MB)
	543264  -  ResidentSetSize of job (KB)
...
006 (78854907.025.000) 2026-10-03 23:03:55 Image size of job updated: 544400
	532  -  MemoryUsage of job (MB)
	544400  -  ResidentSetSize of job (KB)
...
006 (78854907.025.000) 2026-10-03 23:08:56 Image size of job updated: 544468
	532  -  MemoryUsage of job (MB)
	544468  -  ResidentSetSize of job (KB)
...
006 (78854907.025.000) 2026-10-03 23:13:56 Image size of job updated: 555872
	543  -  MemoryUsage of job (MB)
	555872  -  ResidentSetSize of job (KB)
...
006 (78854907.025.000) 2026-10-03 23:18:56 Image size of job updated: 556148
	544  -  MemoryUsage of job (MB)
	556148  -  ResidentSetSize of job (KB)
...
006 (78854907.025.000) 2026-10-03 23:33:57 Image size of job updated: 557332
	545  -  MemoryUsage of job (MB)
	557332  -  ResidentSetSize of job (KB)
...
006 (78854907.025.000) 2026-10-04 00:14:00 Image size of job updated: 560532
	545  -  MemoryUsage of job (MB)
	557332  -  ResidentSetSize of job (KB)
...
006 (78854907.025.000) 2026-10-04 00:24:01 Image size of job updated: 560556
	545  -  MemoryUsage of job (MB)
	557332  -  ResidentSetSize of job (KB)
...
006 (78854907.025.000) 2026-10-04 00:54:05 Image size of job updated: 561680
	549  -  MemoryUsage of job (MB)
	561680  -  ResidentSetSize of job (KB)
...
006 (78854907.025.000) 2026-10-04 00:59:06 Image size of job updated: 561692
	549  -  MemoryUsage of job (MB)
	561692  -  ResidentSetSize of job (KB)
...
006 (78854907.025.000) 2026-10-04 01:09:07 Image size of job updated: 561696
	549  -  MemoryUsage of job (MB)
	561696  -  ResidentSetSize of job (KB)
...
006 (78854907.025.000) 2026-10-04 01:14:08 Image size of job updated: 561744
	549  -  MemoryUsage of job (MB)
	561696  -  ResidentSetSize of job (KB)
...
006 (78854907.025.000) 2026-10-04 01:29:10 Image size of job updated: 566516
	554  -  MemoryUsage of job (MB)
	566516  -  ResidentSetSize of job (KB)
...
006 (78854907.025.000) 2026-10-04 03:19:24 Image size of job updated: 572904
	560  -  MemoryUsage of job (MB)
	572904  -  ResidentSetSize of job (KB)
...
006 (78854907.025.000) 2026-10-04 03:24:25 Image size of job updated: 573968
	561  -  MemoryUsage of job (MB)
	573968  -  ResidentSetSize of job (KB)
...
006 (78854907.025.000) 2026-10-04 06:04:41 Image size of job updated: 581180
	568  -  MemoryUsage of job (MB)
	581180  -  ResidentSetSize of job (KB)
...
006 (78854907.025.000) 2026-10-04 06:09:41 Image size of job updated: 581184
	568  -  MemoryUsage of job (MB)
	581184  -  ResidentSetSize of job (KB)
...
006 (78854907.025.000) 2026-10-04 06:14:42 Image size of job updated: 583660
	570  -  MemoryUsage of job (MB)
	583660  -  ResidentSetSize of job (KB)
...
006 (78854907.025.000) 2026-10-04 06:39:43 Image size of job updated: 584432
	570  -  MemoryUsage of job (MB)
	583660  -  ResidentSetSize of job (KB)
...
006 (78854907.025.000) 2026-10-04 08:24:50 Image size of job updated: 588492
	575  -  MemoryUsage of job (MB)
	588492  -  ResidentSetSize of job (KB)
...
006 (78854907.025.000) 2026-10-04 08:34:51 Image size of job updated: 598760
	585  -  MemoryUsage of job (MB)
	598760  -  ResidentSetSize of job (KB)
...
006 (78854907.025.000) 2026-10-04 08:49:52 Image size of job updated: 598808
	585  -  MemoryUsage of job (MB)
	598808  -  ResidentSetSize of job (KB)
...
006 (78854907.025.000) 2026-10-04 09:24:54 Image size of job updated: 599844
	586  -  MemoryUsage of job (MB)
	599844  -  ResidentSetSize of job (KB)
...
006 (78854907.025.000) 2026-10-04 09:44:57 Image size of job updated: 606248
	593  -  MemoryUsage of job (MB)
	606248  -  ResidentSetSize of job (KB)
...
006 (78854907.025.000) 2026-10-04 09:49:58 Image size of job updated: 606252
	593  -  MemoryUsage of job (MB)
	606252  -  ResidentSetSize of job (KB)
...
006 (78854907.025.000) 2026-10-04 10:25:02 Image size of job updated: 607252
	594  -  MemoryUsage of job (MB)
	607252  -  ResidentSetSize of job (KB)
...
006 (78854907.025.000) 2026-10-04 10:30:03 Image size of job updated: 607288
	594  -  MemoryUsage of job (MB)
	607288  -  ResidentSetSize of job (KB)
...
006 (78854907.025.000) 2026-10-04 10:40:04 Image size of job updated: 610896
	597  -  MemoryUsage of job (MB)
	610896  -  ResidentSetSize of job (KB)
...
006 (78854907.025.000) 2026-10-04 10:50:06 Image size of job updated: 611904
	597  -  MemoryUsage of job (MB)
	610896  -  ResidentSetSize of job (KB)
...
006 (78854907.025.000) 2026-10-04 11:30:11 Image size of job updated: 616388
	602  -  MemoryUsage of job (MB)
	616388  -  ResidentSetSize of job (KB)
...
006 (78854907.025.000) 2026-10-04 11:40:12 Image size of job updated: 617396
	603  -  MemoryUsage of job (MB)
	617396  -  ResidentSetSize of job (KB)
...
006 (78854907.025.000) 2026-10-04 12:05:16 Image size of job updated: 617428
	603  -  MemoryUsage of job (MB)
	617428  -  ResidentSetSize of job (KB)
...
006 (78854907.025.000) 2026-10-04 12:20:18 Image size of job updated: 622244
	608  -  MemoryUsage of job (MB)
	622244  -  ResidentSetSize of job (KB)
...
006 (78854907.025.000) 2026-10-04 12:30:19 Image size of job updated: 623252
	609  -  MemoryUsage of job (MB)
	623252  -  ResidentSetSize of job (KB)
...
006 (78854907.025.000) 2026-10-04 12:40:20 Image size of job updated: 623336
	609  -  MemoryUsage of job (MB)
	623336  -  ResidentSetSize of job (KB)
...
006 (78854907.025.000) 2026-10-04 12:55:22 Image size of job updated: 625400
	611  -  MemoryUsage of job (MB)
	625400  -  ResidentSetSize of job (KB)
...
000 (78855136.025.000) 2026-10-04 13:45:07 Job submitted from host: <10.14.0.121:9618?addrs=10.14.0.121-9618&alias=ldas-pcdev12.ligo.caltech.edu&noUDP&sock=schedd_623140_c9b4>
...
006 (78854907.025.000) 2026-10-04 13:45:24 Image size of job updated: 625412
	611  -  MemoryUsage of job (MB)
	625400  -  ResidentSetSize of job (KB)
...
004 (78854907.025.000) 2026-10-04 13:45:24 Job was evicted. Code 1023 Subcode 0
	(0) CPU times
		Usr 2 05:26:35, Sys 0 00:02:16  -  Run Remote Usage
		Usr 0 00:00:00, Sys 0 00:00:00  -  Run Local Usage
	0  -  Run Bytes Sent By Job
	0  -  Run Bytes Received By Job
	Reason: via condor_rm (by user pratyusava.baral)
	Partitionable Resources :    Usage  Request Allocated 
	   Cpus                 :     4.47        4         4 
	   Disk (KB)            : 25000       25000     28672 
	   GPUs                 :                           0 
	   Memory (MB)          :   611       15000     15104 
	   TimeExecute (s)      : 58002                       
	   TimeSlotBusy (s)     : 58003                       
...
009 (78854907.025.000) 2026-10-04 13:45:24 Job was aborted.
	via condor_rm (by user pratyusava.baral)
...
001 (78855136.025.000) 2026-10-04 13:49:18 Job executing on host: <10.14.5.194:9618?addrs=10.14.5.194-9618&alias=node1194.cluster.ldas.cit&noUDP&sock=startd_80071_9fdc>
	SlotName: slot1_1@node1194.cluster.ldas.cit
	CondorScratchDir = "/var/lib/condor/execute/dir_935380/scratch"
	Cpus = 4
	Disk = 28672
	GPUs = 0
	Memory = 15104
...
006 (78855136.025.000) 2026-10-04 13:49:26 Image size of job updated: 72728
	72  -  MemoryUsage of job (MB)
	72728  -  ResidentSetSize of job (KB)
...
006 (78855136.025.000) 2026-10-04 13:54:26 Image size of job updated: 365592
	358  -  MemoryUsage of job (MB)
	365592  -  ResidentSetSize of job (KB)
...
006 (78855136.025.000) 2026-10-04 13:59:26 Image size of job updated: 557236
	545  -  MemoryUsage of job (MB)
	557236  -  ResidentSetSize of job (KB)
...
006 (78855136.025.000) 2026-10-04 14:04:27 Image size of job updated: 560192
	548  -  MemoryUsage of job (MB)
	560192  -  ResidentSetSize of job (KB)
...
006 (78855136.025.000) 2026-10-04 14:09:27 Image size of job updated: 593692
	580  -  MemoryUsage of job (MB)
	593692  -  ResidentSetSize of job (KB)
...
006 (78855136.025.000) 2026-10-04 14:14:27 Image size of job updated: 593752
	580  -  MemoryUsage of job (MB)
	593752  -  ResidentSetSize of job (KB)
...
006 (78855136.025.000) 2026-10-04 14:19:28 Image size of job updated: 610348
	586  -  MemoryUsage of job (MB)
	599292  -  ResidentSetSize of job (KB)
...
006 (78855136.025.000) 2026-10-04 14:24:28 Image size of job updated: 610348
	586  -  MemoryUsage of job (MB)
	599324  -  ResidentSetSize of job (KB)
...
006 (78855136.025.000) 2026-10-04 14:29:28 Image size of job updated: 610548
	586  -  MemoryUsage of job (MB)
	599324  -  ResidentSetSize of job (KB)
...
006 (78855136.025.000) 2026-10-04 14:39:29 Image size of job updated: 610548
	586  -  MemoryUsage of job (MB)
	599956  -  ResidentSetSize of job (KB)
...
006 (78855136.025.000) 2026-10-04 14:44:29 Image size of job updated: 610548
	587  -  MemoryUsage of job (MB)
	600100  -  ResidentSetSize of job (KB)
...
006 (78855136.025.000) 2026-10-04 14:49:30 Image size of job updated: 611516
	592  -  MemoryUsage of job (MB)
	605476  -  ResidentSetSize of job (KB)
...
006 (78855136.025.000) 2026-10-04 14:54:30 Image size of job updated: 611516
	592  -  MemoryUsage of job (MB)
	605480  -  ResidentSetSize of job (KB)
...
006 (78855136.025.000) 2026-10-04 14:59:30 Image size of job updated: 611516
	592  -  MemoryUsage of job (MB)
	605824  -  ResidentSetSize of job (KB)
...
006 (78855136.025.000) 2026-10-04 15:09:32 Image size of job updated: 613196
	598  -  MemoryUsage of job (MB)
	612208  -  ResidentSetSize of job (KB)
...
006 (78855136.025.000) 2026-10-04 15:14:32 Image size of job updated: 613196
	599  -  MemoryUsage of job (MB)
	612908  -  ResidentSetSize of job (KB)
...
006 (78855136.025.000) 2026-10-04 15:19:33 Image size of job updated: 613196
	599  -  MemoryUsage of job (MB)
	612948  -  ResidentSetSize of job (KB)
...
006 (78855136.025.000) 2026-10-04 15:24:34 Image size of job updated: 613876
	600  -  MemoryUsage of job (MB)
	613876  -  ResidentSetSize of job (KB)
...
006 (78855136.025.000) 2026-10-04 15:29:34 Image size of job updated: 613896
	600  -  MemoryUsage of job (MB)
	613896  -  ResidentSetSize of job (KB)
...
006 (78855136.025.000) 2026-10-04 15:34:35 Image size of job updated: 617272
	603  -  MemoryUsage of job (MB)
	617272  -  ResidentSetSize of job (KB)
...
006 (78855136.025.000) 2026-10-04 15:39:36 Image size of job updated: 617292
	603  -  MemoryUsage of job (MB)
	617292  -  ResidentSetSize of job (KB)
...
006 (78855136.025.000) 2026-10-04 15:44:36 Image size of job updated: 618436
	604  -  MemoryUsage of job (MB)
	617484  -  ResidentSetSize of job (KB)
...
006 (78855136.025.000) 2026-10-04 15:49:37 Image size of job updated: 618436
	604  -  MemoryUsage of job (MB)
	617508  -  ResidentSetSize of job (KB)
...
006 (78855136.025.000) 2026-10-04 15:54:38 Image size of job updated: 621808
	605  -  MemoryUsage of job (MB)
	618724  -  ResidentSetSize of job (KB)
...
006 (78855136.025.000) 2026-10-04 15:59:38 Image size of job updated: 621808
	605  -  MemoryUsage of job (MB)
	618744  -  ResidentSetSize of job (KB)
...
006 (78855136.025.000) 2026-10-04 16:09:20 Image size of job updated: 621808
	606  -  MemoryUsage of job (MB)
	620184  -  ResidentSetSize of job (KB)
...
006 (78855136.025.000) 2026-10-04 16:23:24 Image size of job updated: 621808
	607  -  MemoryUsage of job (MB)
	620832  -  ResidentSetSize of job (KB)
...
006 (78855136.025.000) 2026-10-04 17:16:26 Image size of job updated: 624476
	610  -  MemoryUsage of job (MB)
	624476  -  ResidentSetSize of job (KB)
...
006 (78855136.025.000) 2026-10-04 17:21:26 Image size of job updated: 624492
	610  -  MemoryUsage of job (MB)
	624492  -  ResidentSetSize of job (KB)
...
006 (78855136.025.000) 2026-10-04 17:26:27 Image size of job updated: 626636
	610  -  MemoryUsage of job (MB)
	624604  -  ResidentSetSize of job (KB)
...
006 (78855136.025.000) 2026-10-04 17:31:28 Image size of job updated: 626636
	610  -  MemoryUsage of job (MB)
	624624  -  ResidentSetSize of job (KB)
...
006 (78855136.025.000) 2026-10-04 17:36:28 Image size of job updated: 626636
	612  -  MemoryUsage of job (MB)
	626160  -  ResidentSetSize of job (KB)
...
006 (78855136.025.000) 2026-10-04 17:41:29 Image size of job updated: 626636
	612  -  MemoryUsage of job (MB)
	626176  -  ResidentSetSize of job (KB)
...
006 (78855136.025.000) 2026-10-04 17:46:30 Image size of job updated: 626720
	613  -  MemoryUsage of job (MB)
	626720  -  ResidentSetSize of job (KB)
...
006 (78855136.025.000) 2026-10-04 17:56:31 Image size of job updated: 626724
	613  -  MemoryUsage of job (MB)
	626724  -  ResidentSetSize of job (KB)
...
006 (78855136.025.000) 2026-10-04 18:01:32 Image size of job updated: 633716
	619  -  MemoryUsage of job (MB)
	633716  -  ResidentSetSize of job (KB)
...
006 (78855136.025.000) 2026-10-04 18:06:32 Image size of job updated: 633780
	619  -  MemoryUsage of job (MB)
	633780  -  ResidentSetSize of job (KB)
...
006 (78855136.025.000) 2026-10-04 18:11:33 Image size of job updated: 635796
	620  -  MemoryUsage of job (MB)
	634840  -  ResidentSetSize of job (KB)
...
006 (78855136.025.000) 2026-10-04 18:16:34 Image size of job updated: 635796
	620  -  MemoryUsage of job (MB)
	634848  -  ResidentSetSize of job (KB)
...
006 (78855136.025.000) 2026-10-04 18:21:34 Image size of job updated: 635860
	621  -  MemoryUsage of job (MB)
	635860  -  ResidentSetSize of job (KB)
...
006 (78855136.025.000) 2026-10-04 18:26:35 Image size of job updated: 635868
	621  -  MemoryUsage of job (MB)
	635868  -  ResidentSetSize of job (KB)
...
006 (78855136.025.000) 2026-10-04 18:51:38 Image size of job updated: 636896
	621  -  MemoryUsage of job (MB)
	635888  -  ResidentSetSize of job (KB)
...
006 (78855136.025.000) 2026-10-04 19:01:39 Image size of job updated: 636896
	621  -  MemoryUsage of job (MB)
	635896  -  ResidentSetSize of job (KB)
...
006 (78855136.025.000) 2026-10-04 19:06:39 Image size of job updated: 636896
	622  -  MemoryUsage of job (MB)
	635920  -  ResidentSetSize of job (KB)
...
006 (78855136.025.000) 2026-10-04 19:56:42 Image size of job updated: 636932
	623  -  MemoryUsage of job (MB)
	636932  -  ResidentSetSize of job (KB)
...
006 (78855136.025.000) 2026-10-04 20:01:43 Image size of job updated: 636936
	623  -  MemoryUsage of job (MB)
	636936  -  ResidentSetSize of job (KB)
...
006 (78855136.025.000) 2026-10-04 20:16:44 Image size of job updated: 636948
	623  -  MemoryUsage of job (MB)
	636948  -  ResidentSetSize of job (KB)
...
006 (78855136.025.000) 2026-10-04 20:26:44 Image size of job updated: 636952
	623  -  MemoryUsage of job (MB)
	636948  -  ResidentSetSize of job (KB)
...
006 (78855136.025.000) 2026-10-04 20:36:45 Image size of job updated: 636952
	623  -  MemoryUsage of job (MB)
	636952  -  ResidentSetSize of job (KB)
...
006 (78855136.025.000) 2026-10-04 21:01:48 Image size of job updated: 636960
	623  -  MemoryUsage of job (MB)
	636952  -  ResidentSetSize of job (KB)
...
006 (78855136.025.000) 2026-10-04 21:11:49 Image size of job updated: 637968
	623  -  MemoryUsage of job (MB)
	636964  -  ResidentSetSize of job (KB)
...
006 (78855136.025.000) 2026-10-04 21:31:52 Image size of job updated: 637972
	624  -  MemoryUsage of job (MB)
	637972  -  ResidentSetSize of job (KB)
...
006 (78855136.025.000) 2026-10-04 21:41:53 Image size of job updated: 639028
	625  -  MemoryUsage of job (MB)
	639028  -  ResidentSetSize of job (KB)
...
006 (78855136.025.000) 2026-10-04 22:31:59 Image size of job updated: 639040
	625  -  MemoryUsage of job (MB)
	639040  -  ResidentSetSize of job (KB)
...
006 (78855136.025.000) 2026-10-04 22:36:59 Image size of job updated: 639044
	625  -  MemoryUsage of job (MB)
	639040  -  ResidentSetSize of job (KB)
...
006 (78855136.025.000) 2026-10-04 23:07:03 Image size of job updated: 639144
	625  -  MemoryUsage of job (MB)
	639144  -  ResidentSetSize of job (KB)
...
006 (78855136.025.000) 2026-10-04 23:12:04 Image size of job updated: 641100
	627  -  MemoryUsage of job (MB)
	641100  -  ResidentSetSize of job (KB)
...
006 (78855136.025.000) 2026-10-04 23:22:05 Image size of job updated: 646100
	631  -  MemoryUsage of job (MB)
	646100  -  ResidentSetSize of job (KB)
...
006 (78855136.025.000) 2026-10-05 02:02:27 Image size of job updated: 646352
	632  -  MemoryUsage of job (MB)
	646352  -  ResidentSetSize of job (KB)
...
006 (78855136.025.000) 2026-10-05 02:32:31 Image size of job updated: 646396
	632  -  MemoryUsage of job (MB)
	646396  -  ResidentSetSize of job (KB)
...
006 (78855136.025.000) 2026-10-05 02:37:31 Image size of job updated: 646412
	632  -  MemoryUsage of job (MB)
	646412  -  ResidentSetSize of job (KB)
...
006 (78855136.025.000) 2026-10-05 02:42:32 Image size of job updated: 646424
	632  -  MemoryUsage of job (MB)
	646424  -  ResidentSetSize of job (KB)
...
006 (78855136.025.000) 2026-10-05 02:47:33 Image size of job updated: 646428
	632  -  MemoryUsage of job (MB)
	646428  -  ResidentSetSize of job (KB)
...
006 (78855136.025.000) 2026-10-05 03:52:41 Image size of job updated: 646536
	632  -  MemoryUsage of job (MB)
	646536  -  ResidentSetSize of job (KB)
...
006 (78855136.025.000) 2026-10-05 04:02:43 Image size of job updated: 646560
	632  -  MemoryUsage of job (MB)
	646560  -  ResidentSetSize of job (KB)
...
006 (78855136.025.000) 2026-10-05 04:12:44 Image size of job updated: 646612
	632  -  MemoryUsage of job (MB)
	646612  -  ResidentSetSize of job (KB)
...
006 (78855136.025.000) 2026-10-05 04:17:45 Image size of job updated: 646628
	632  -  MemoryUsage of job (MB)
	646628  -  ResidentSetSize of job (KB)
...
006 (78855136.025.000) 2026-10-05 04:27:46 Image size of job updated: 646640
	632  -  MemoryUsage of job (MB)
	646640  -  ResidentSetSize of job (KB)
...
006 (78855136.025.000) 2026-10-05 04:42:48 Image size of job updated: 646644
	632  -  MemoryUsage of job (MB)
	646644  -  ResidentSetSize of job (KB)
...
006 (78855136.025.000) 2026-10-05 05:07:51 Image size of job updated: 655952
	632  -  MemoryUsage of job (MB)
	646644  -  ResidentSetSize of job (KB)
...
006 (78855136.025.000) 2026-10-05 06:52:59 Image size of job updated: 655952
	636  -  MemoryUsage of job (MB)
	650928  -  ResidentSetSize of job (KB)
...
006 (78855136.025.000) 2026-10-05 06:58:00 Image size of job updated: 655952
	636  -  MemoryUsage of job (MB)
	650932  -  ResidentSetSize of job (KB)
...
006 (78855136.025.000) 2026-10-05 07:08:00 Image size of job updated: 655952
	636  -  MemoryUsage of job (MB)
	650936  -  ResidentSetSize of job (KB)
...
006 (78855136.025.000) 2026-10-05 08:23:09 Image size of job updated: 655952
	637  -  MemoryUsage of job (MB)
	652052  -  ResidentSetSize of job (KB)
...
006 (78855136.025.000) 2026-10-05 08:48:10 Image size of job updated: 656384
	637  -  MemoryUsage of job (MB)
	652052  -  ResidentSetSize of job (KB)
...
006 (78855136.025.000) 2026-10-05 08:58:11 Image size of job updated: 656384
	637  -  MemoryUsage of job (MB)
	652124  -  ResidentSetSize of job (KB)
...
006 (78855136.025.000) 2026-10-05 09:03:11 Image size of job updated: 656384
	638  -  MemoryUsage of job (MB)
	653096  -  ResidentSetSize of job (KB)
...
006 (78855136.025.000) 2026-10-05 10:23:21 Image size of job updated: 656384
	639  -  MemoryUsage of job (MB)
	654144  -  ResidentSetSize of job (KB)
...
006 (78855136.025.000) 2026-10-05 12:28:38 Image size of job updated: 656384
	639  -  MemoryUsage of job (MB)
	654308  -  ResidentSetSize of job (KB)
...
006 (78855136.025.000) 2026-10-05 12:53:41 Image size of job updated: 656384
	639  -  MemoryUsage of job (MB)
	654324  -  ResidentSetSize of job (KB)
...
006 (78855136.025.000) 2026-10-05 13:13:44 Image size of job updated: 656384
	640  -  MemoryUsage of job (MB)
	655348  -  ResidentSetSize of job (KB)
...
006 (78855136.025.000) 2026-10-05 13:23:45 Image size of job updated: 656384
	640  -  MemoryUsage of job (MB)
	655352  -  ResidentSetSize of job (KB)
...
006 (78855136.025.000) 2026-10-05 13:43:48 Image size of job updated: 656384
	641  -  MemoryUsage of job (MB)
	655396  -  ResidentSetSize of job (KB)
...
