000 (78852668.027.000) 2026-10-01 10:44:08 Job submitted from host: <10.14.0.121:9618?addrs=10.14.0.121-9618&alias=ldas-pcdev12.ligo.caltech.edu&noUDP&sock=schedd_623140_c9b4>
...
001 (78852668.027.000) 2026-10-01 10:47:53 Job executing on host: <10.14.10.129:9618?addrs=10.14.10.129-9618&alias=node2379.cluster.ldas.cit&noUDP&sock=startd_2659246_25db>
	SlotName: slot1_2@node2379.cluster.ldas.cit
	CondorScratchDir = "/var/lib/condor/execute/dir_3759433/scratch"
	Cpus = 4
	Disk = 28672
	GPUs = 0
	Memory = 15104
...
006 (78852668.027.000) 2026-10-01 10:47:53 Image size of job updated: 25000
	0  -  MemoryUsage of job (MB)
	0  -  ResidentSetSize of job (KB)
...
005 (78852668.027.000) 2026-10-01 10:47:53 Job terminated.
	(1) Normal termination (return value 1)
		Usr 0 00:00:00, Sys 0 00:00:00  -  Run Remote Usage
		Usr 0 00:00:00, Sys 0 00:00:00  -  Run Local Usage
		Usr 0 00:00:00, Sys 0 00:00:00  -  Total Remote Usage
		Usr 0 00:00:00, Sys 0 00:00:00  -  Total Local Usage
	0  -  Run Bytes Sent By Job
	0  -  Run Bytes Received By Job
	0  -  Total Bytes Sent By Job
	0  -  Total Bytes Received By Job
	Partitionable Resources :    Usage  Request Allocated 
	   Cpus                 :                 4         4 
	   Disk (KB)            :    25000    25000     28672 
	   GPUs                 :                           0 
	   Memory (MB)          :        0    15000     15104 
	   TimeExecute (s)      :        0                    
	   TimeSlotBusy (s)     :        0                    
...
000 (78854871.027.000) 2026-10-03 17:15:41 Job submitted from host: <10.14.0.121:9618?addrs=10.14.0.121-9618&alias=ldas-pcdev12.ligo.caltech.edu&noUDP&sock=schedd_623140_c9b4>
...
001 (78854871.027.000) 2026-10-03 17:16:40 Job executing on host: <10.14.5.190:9618?addrs=10.14.5.190-9618&alias=node1190.cluster.ldas.cit&noUDP&sock=startd_152299_0658>
	SlotName: slot1_1@node1190.cluster.ldas.cit
	CondorScratchDir = "/var/lib/condor/execute/dir_650365/scratch"
	Cpus = 4
	Disk = 28672
	GPUs = 0
	Memory = 15104
...
006 (78854871.027.000) 2026-10-03 17:16:49 Image size of job updated: 226936
	222  -  MemoryUsage of job (MB)
	226936  -  ResidentSetSize of job (KB)
...
006 (78854871.027.000) 2026-10-03 17:21:50 Image size of job updated: 300684
	294  -  MemoryUsage of job (MB)
	300684  -  ResidentSetSize of job (KB)
...
006 (78854871.027.000) 2026-10-03 17:26:51 Image size of job updated: 301548
	295  -  MemoryUsage of job (MB)
	301548  -  ResidentSetSize of job (KB)
...
006 (78854871.027.000) 2026-10-03 17:31:51 Image size of job updated: 381684
	373  -  MemoryUsage of job (MB)
	381684  -  ResidentSetSize of job (KB)
...
006 (78854871.027.000) 2026-10-03 17:36:52 Image size of job updated: 401540
	393  -  MemoryUsage of job (MB)
	401540  -  ResidentSetSize of job (KB)
...
006 (78854871.027.000) 2026-10-03 17:41:53 Image size of job updated: 453524
	443  -  MemoryUsage of job (MB)
	453524  -  ResidentSetSize of job (KB)
...
006 (78854871.027.000) 2026-10-03 17:46:53 Image size of job updated: 453556
	443  -  MemoryUsage of job (MB)
	453556  -  ResidentSetSize of job (KB)
...
006 (78854871.027.000) 2026-10-03 17:51:54 Image size of job updated: 457740
	448  -  MemoryUsage of job (MB)
	457740  -  ResidentSetSize of job (KB)
...
006 (78854871.027.000) 2026-10-03 17:56:55 Image size of job updated: 457756
	448  -  MemoryUsage of job (MB)
	457756  -  ResidentSetSize of job (KB)
...
006 (78854871.027.000) 2026-10-03 18:01:55 Image size of job updated: 471316
	461  -  MemoryUsage of job (MB)
	471316  -  ResidentSetSize of job (KB)
...
006 (78854871.027.000) 2026-10-03 18:06:56 Image size of job updated: 471344
	461  -  MemoryUsage of job (MB)
	471344  -  ResidentSetSize of job (KB)
...
006 (78854871.027.000) 2026-10-03 18:11:57 Image size of job updated: 474420
	464  -  MemoryUsage of job (MB)
	474420  -  ResidentSetSize of job (KB)
...
006 (78854871.027.000) 2026-10-03 18:16:57 Image size of job updated: 474428
	464  -  MemoryUsage of job (MB)
	474428  -  ResidentSetSize of job (KB)
...
006 (78854871.027.000) 2026-10-03 18:21:58 Image size of job updated: 474696
	464  -  MemoryUsage of job (MB)
	474696  -  ResidentSetSize of job (KB)
...
006 (78854871.027.000) 2026-10-03 18:26:59 Image size of job updated: 474712
	464  -  MemoryUsage of job (MB)
	474712  -  ResidentSetSize of job (KB)
...
006 (78854871.027.000) 2026-10-03 18:31:59 Image size of job updated: 477732
	467  -  MemoryUsage of job (MB)
	477732  -  ResidentSetSize of job (KB)
...
006 (78854871.027.000) 2026-10-03 18:37:00 Image size of job updated: 477736
	467  -  MemoryUsage of job (MB)
	477736  -  ResidentSetSize of job (KB)
...
006 (78854871.027.000) 2026-10-03 18:42:01 Image size of job updated: 483464
	473  -  MemoryUsage of job (MB)
	483464  -  ResidentSetSize of job (KB)
...
006 (78854871.027.000) 2026-10-03 18:47:01 Image size of job updated: 483476
	473  -  MemoryUsage of job (MB)
	483476  -  ResidentSetSize of job (KB)
...
006 (78854871.027.000) 2026-10-03 18:52:02 Image size of job updated: 488304
	477  -  MemoryUsage of job (MB)
	488304  -  ResidentSetSize of job (KB)
...
006 (78854871.027.000) 2026-10-03 18:57:03 Image size of job updated: 488312
	477  -  MemoryUsage of job (MB)
	488312  -  ResidentSetSize of job (KB)
...
006 (78854871.027.000) 2026-10-03 19:02:03 Image size of job updated: 488344
	477  -  MemoryUsage of job (MB)
	488344  -  ResidentSetSize of job (KB)
...
006 (78854871.027.000) 2026-10-03 19:12:05 Image size of job updated: 493520
	482  -  MemoryUsage of job (MB)
	493520  -  ResidentSetSize of job (KB)
...
006 (78854871.027.000) 2026-10-03 19:17:05 Image size of job updated: 493528
	482  -  MemoryUsage of job (MB)
	493528  -  ResidentSetSize of job (KB)
...
006 (78854871.027.000) 2026-10-03 19:22:05 Image size of job updated: 493532
	482  -  MemoryUsage of job (MB)
	493532  -  ResidentSetSize of job (KB)
...
006 (78854871.027.000) 2026-10-03 19:27:06 Image size of job updated: 493536
	482  -  MemoryUsage of job (MB)
	493536  -  ResidentSetSize of job (KB)
...
006 (78854871.027.000) 2026-10-03 19:32:06 Image size of job updated: 497588
	486  -  MemoryUsage of job (MB)
	497588  -  ResidentSetSize of job (KB)
...
006 (78854871.027.000) 2026-10-03 19:37:06 Image size of job updated: 497592
	486  -  MemoryUsage of job (MB)
	497592  -  ResidentSetSize of job (KB)
...
006 (78854871.027.000) 2026-10-03 19:42:07 Image size of job updated: 497596
	486  -  MemoryUsage of job (MB)
	497596  -  ResidentSetSize of job (KB)
...
006 (78854871.027.000) 2026-10-03 19:47:07 Image size of job updated: 497604
	486  -  MemoryUsage of job (MB)
	497604  -  ResidentSetSize of job (KB)
...
006 (78854871.027.000) 2026-10-03 19:52:07 Image size of job updated: 500012
	489  -  MemoryUsage of job (MB)
	500012  -  ResidentSetSize of job (KB)
...
006 (78854871.027.000) 2026-10-03 19:57:08 Image size of job updated: 500016
	489  -  MemoryUsage of job (MB)
	500016  -  ResidentSetSize of job (KB)
...
006 (78854871.027.000) 2026-10-03 20:02:08 Image size of job updated: 500020
	489  -  MemoryUsage of job (MB)
	500020  -  ResidentSetSize of job (KB)
...
006 (78854871.027.000) 2026-10-03 20:07:08 Image size of job updated: 500024
	489  -  MemoryUsage of job (MB)
	500024  -  ResidentSetSize of job (KB)
...
006 (78854871.027.000) 2026-10-03 20:12:09 Image size of job updated: 503068
	492  -  MemoryUsage of job (MB)
	503068  -  ResidentSetSize of job (KB)
...
006 (78854871.027.000) 2026-10-03 20:22:10 Image size of job updated: 510584
	499  -  MemoryUsage of job (MB)
	510584  -  ResidentSetSize of job (KB)
...
006 (78854871.027.000) 2026-10-03 20:27:11 Image size of job updated: 511284
	500  -  MemoryUsage of job (MB)
	511284  -  ResidentSetSize of job (KB)
...
006 (78854871.027.000) 2026-10-03 20:32:12 Image size of job updated: 523472
	512  -  MemoryUsage of job (MB)
	523472  -  ResidentSetSize of job (KB)
...
006 (78854871.027.000) 2026-10-03 20:37:12 Image size of job updated: 523476
	512  -  MemoryUsage of job (MB)
	523476  -  ResidentSetSize of job (KB)
...
006 (78854871.027.000) 2026-10-03 20:42:13 Image size of job updated: 523496
	512  -  MemoryUsage of job (MB)
	523496  -  ResidentSetSize of job (KB)
...
006 (78854871.027.000) 2026-10-03 20:47:14 Image size of job updated: 523500
	512  -  MemoryUsage of job (MB)
	523500  -  ResidentSetSize of job (KB)
...
006 (78854871.027.000) 2026-10-03 20:52:14 Image size of job updated: 524524
	513  -  MemoryUsage of job (MB)
	524524  -  ResidentSetSize of job (KB)
...
006 (78854871.027.000) 2026-10-03 20:57:15 Image size of job updated: 524528
	513  -  MemoryUsage of job (MB)
	524528  -  ResidentSetSize of job (KB)
...
006 (78854871.027.000) 2026-10-03 21:02:16 Image size of job updated: 525108
	513  -  MemoryUsage of job (MB)
	525108  -  ResidentSetSize of job (KB)
...
006 (78854871.027.000) 2026-10-03 21:07:16 Image size of job updated: 525112
	513  -  MemoryUsage of job (MB)
	525112  -  ResidentSetSize of job (KB)
...
006 (78854871.027.000) 2026-10-03 21:17:18 Image size of job updated: 525116
	513  -  MemoryUsage of job (MB)
	525116  -  ResidentSetSize of job (KB)
...
006 (78854871.027.000) 2026-10-03 21:22:18 Image size of job updated: 525640
	514  -  MemoryUsage of job (MB)
	525640  -  ResidentSetSize of job (KB)
...
006 (78854871.027.000) 2026-10-03 21:27:19 Image size of job updated: 525644
	514  -  MemoryUsage of job (MB)
	525644  -  ResidentSetSize of job (KB)
...
006 (78854871.027.000) 2026-10-03 21:32:20 Image size of job updated: 526148
	514  -  MemoryUsage of job (MB)
	526148  -  ResidentSetSize of job (KB)
...
006 (78854871.027.000) 2026-10-03 21:36:35 Image size of job updated: 528212
	514  -  MemoryUsage of job (MB)
	526148  -  ResidentSetSize of job (KB)
...
004 (78854871.027.000) 2026-10-03 21:36:35 Job was evicted. Code 1023 Subcode 0
	(0) CPU times
		Usr 0 14:31:31, Sys 0 00:00:34  -  Run Remote Usage
		Usr 0 00:00:00, Sys 0 00:00:00  -  Run Local Usage
	0  -  Run Bytes Sent By Job
	0  -  Run Bytes Received By Job
	Reason: via condor_rm (by user pratyusava.baral)
	Partitionable Resources :    Usage  Request Allocated 
	   Cpus                 :     3.44        4         4 
	   Disk (KB)            : 25000       25000     28672 
	   GPUs                 :                           0 
	   Memory (MB)          :   514       15000     15104 
	   TimeExecute (s)      : 15595                       
	   TimeSlotBusy (s)     : 15596                       
...
009 (78854871.027.000) 2026-10-03 21:36:35 Job was aborted.
	via condor_rm (by user pratyusava.baral)
...
000 (78854907.027.000) 2026-10-03 21:37:08 Job submitted from host: <10.14.0.121:9618?addrs=10.14.0.121-9618&alias=ldas-pcdev12.ligo.caltech.edu&noUDP&sock=schedd_623140_c9b4>
...
001 (78854907.027.000) 2026-10-03 21:38:42 Job executing on host: <10.14.5.138:9618?addrs=10.14.5.138-9618&alias=node1138.cluster.ldas.cit&noUDP&sock=startd_192054_a5ea>
	SlotName: slot1_2@node1138.cluster.ldas.cit
	CondorScratchDir = "/var/lib/condor/execute/dir_643155/scratch"
	Cpus = 4
	Disk = 28672
	GPUs = 0
	Memory = 15104
...
006 (78854907.027.000) 2026-10-03 21:38:50 Image size of job updated: 279544
	273  -  MemoryUsage of job (MB)
	279544  -  ResidentSetSize of job (KB)
...
006 (78854907.027.000) 2026-10-03 21:43:50 Image size of job updated: 284980
	279  -  MemoryUsage of job (MB)
	284980  -  ResidentSetSize of job (KB)
...
006 (78854907.027.000) 2026-10-03 21:48:50 Image size of job updated: 416328
	407  -  MemoryUsage of job (MB)
	416328  -  ResidentSetSize of job (KB)
...
006 (78854907.027.000) 2026-10-03 21:53:51 Image size of job updated: 416496
	407  -  MemoryUsage of job (MB)
	416496  -  ResidentSetSize of job (KB)
...
006 (78854907.027.000) 2026-10-03 21:58:51 Image size of job updated: 422528
	413  -  MemoryUsage of job (MB)
	422528  -  ResidentSetSize of job (KB)
...
006 (78854907.027.000) 2026-10-03 22:03:51 Image size of job updated: 437192
	427  -  MemoryUsage of job (MB)
	437192  -  ResidentSetSize of job (KB)
...
006 (78854907.027.000) 2026-10-03 22:08:52 Image size of job updated: 450796
	441  -  MemoryUsage of job (MB)
	450796  -  ResidentSetSize of job (KB)
...
006 (78854907.027.000) 2026-10-03 22:13:52 Image size of job updated: 453396
	443  -  MemoryUsage of job (MB)
	453396  -  ResidentSetSize of job (KB)
...
006 (78854907.027.000) 2026-10-03 22:18:52 Image size of job updated: 458512
	446  -  MemoryUsage of job (MB)
	456516  -  ResidentSetSize of job (KB)
...
006 (78854907.027.000) 2026-10-03 22:23:53 Image size of job updated: 458512
	446  -  MemoryUsage of job (MB)
	456568  -  ResidentSetSize of job (KB)
...
006 (78854907.027.000) 2026-10-03 22:28:53 Image size of job updated: 459088
	449  -  MemoryUsage of job (MB)
	459088  -  ResidentSetSize of job (KB)
...
006 (78854907.027.000) 2026-10-03 22:33:53 Image size of job updated: 459116
	449  -  MemoryUsage of job (MB)
	459116  -  ResidentSetSize of job (KB)
...
006 (78854907.027.000) 2026-10-03 22:38:54 Image size of job updated: 468396
	458  -  MemoryUsage of job (MB)
	468396  -  ResidentSetSize of job (KB)
...
006 (78854907.027.000) 2026-10-03 22:43:54 Image size of job updated: 468408
	458  -  MemoryUsage of job (MB)
	468408  -  ResidentSetSize of job (KB)
...
006 (78854907.027.000) 2026-10-03 22:48:54 Image size of job updated: 468436
	458  -  MemoryUsage of job (MB)
	468408  -  ResidentSetSize of job (KB)
...
006 (78854907.027.000) 2026-10-03 22:58:55 Image size of job updated: 490300
	479  -  MemoryUsage of job (MB)
	490300  -  ResidentSetSize of job (KB)
...
006 (78854907.027.000) 2026-10-03 23:03:55 Image size of job updated: 490332
	479  -  MemoryUsage of job (MB)
	490332  -  ResidentSetSize of job (KB)
...
006 (78854907.027.000) 2026-10-03 23:08:56 Image size of job updated: 490340
	479  -  MemoryUsage of job (MB)
	490340  -  ResidentSetSize of job (KB)
...
006 (78854907.027.000) 2026-10-03 23:13:56 Image size of job updated: 500348
	489  -  MemoryUsage of job (MB)
	500180  -  ResidentSetSize of job (KB)
...
006 (78854907.027.000) 2026-10-03 23:18:56 Image size of job updated: 500348
	489  -  MemoryUsage of job (MB)
	500264  -  ResidentSetSize of job (KB)
...
006 (78854907.027.000) 2026-10-03 23:23:57 Image size of job updated: 502532
	491  -  MemoryUsage of job (MB)
	502532  -  ResidentSetSize of job (KB)
...
006 (78854907.027.000) 2026-10-03 23:28:57 Image size of job updated: 502552
	491  -  MemoryUsage of job (MB)
	502552  -  ResidentSetSize of job (KB)
...
006 (78854907.027.000) 2026-10-03 23:33:57 Image size of job updated: 504640
	493  -  MemoryUsage of job (MB)
	504640  -  ResidentSetSize of job (KB)
...
006 (78854907.027.000) 2026-10-03 23:38:58 Image size of job updated: 504660
	493  -  MemoryUsage of job (MB)
	504660  -  ResidentSetSize of job (KB)
...
006 (78854907.027.000) 2026-10-03 23:43:58 Image size of job updated: 504676
	493  -  MemoryUsage of job (MB)
	504676  -  ResidentSetSize of job (KB)
...
006 (78854907.027.000) 2026-10-03 23:48:58 Image size of job updated: 504720
	493  -  MemoryUsage of job (MB)
	504720  -  ResidentSetSize of job (KB)
...
006 (78854907.027.000) 2026-10-03 23:54:00 Image size of job updated: 506752
	495  -  MemoryUsage of job (MB)
	506752  -  ResidentSetSize of job (KB)
...
006 (78854907.027.000) 2026-10-03 23:59:00 Image size of job updated: 506760
	495  -  MemoryUsage of job (MB)
	506760  -  ResidentSetSize of job (KB)
...
006 (78854907.027.000) 2026-10-04 00:04:00 Image size of job updated: 506776
	495  -  MemoryUsage of job (MB)
	506776  -  ResidentSetSize of job (KB)
...
006 (78854907.027.000) 2026-10-04 00:09:01 Image size of job updated: 506784
	495  -  MemoryUsage of job (MB)
	506784  -  ResidentSetSize of job (KB)
...
006 (78854907.027.000) 2026-10-04 00:14:01 Image size of job updated: 506820
	495  -  MemoryUsage of job (MB)
	506820  -  ResidentSetSize of job (KB)
...
006 (78854907.027.000) 2026-10-04 00:19:01 Image size of job updated: 506848
	495  -  MemoryUsage of job (MB)
	506848  -  ResidentSetSize of job (KB)
...
006 (78854907.027.000) 2026-10-04 00:24:02 Image size of job updated: 508892
	496  -  MemoryUsage of job (MB)
	507880  -  ResidentSetSize of job (KB)
...
006 (78854907.027.000) 2026-10-04 00:29:02 Image size of job updated: 508892
	496  -  MemoryUsage of job (MB)
	507888  -  ResidentSetSize of job (KB)
...
006 (78854907.027.000) 2026-10-04 00:34:02 Image size of job updated: 509928
	498  -  MemoryUsage of job (MB)
	509928  -  ResidentSetSize of job (KB)
...
006 (78854907.027.000) 2026-10-04 00:39:03 Image size of job updated: 509940
	498  -  MemoryUsage of job (MB)
	509940  -  ResidentSetSize of job (KB)
...
006 (78854907.027.000) 2026-10-04 00:44:03 Image size of job updated: 509944
	498  -  MemoryUsage of job (MB)
	509944  -  ResidentSetSize of job (KB)
...
006 (78854907.027.000) 2026-10-04 00:54:04 Image size of job updated: 509948
	498  -  MemoryUsage of job (MB)
	509948  -  ResidentSetSize of job (KB)
...
006 (78854907.027.000) 2026-10-04 00:59:04 Image size of job updated: 509992
	499  -  MemoryUsage of job (MB)
	509992  -  ResidentSetSize of job (KB)
...
006 (78854907.027.000) 2026-10-04 01:04:04 Image size of job updated: 509996
	499  -  MemoryUsage of job (MB)
	509996  -  ResidentSetSize of job (KB)
...
006 (78854907.027.000) 2026-10-04 01:09:05 Image size of job updated: 510016
	499  -  MemoryUsage of job (MB)
	510016  -  ResidentSetSize of job (KB)
...
006 (78854907.027.000) 2026-10-04 01:14:05 Image size of job updated: 510028
	499  -  MemoryUsage of job (MB)
	510028  -  ResidentSetSize of job (KB)
...
006 (78854907.027.000) 2026-10-04 01:24:06 Image size of job updated: 510036
	499  -  MemoryUsage of job (MB)
	510036  -  ResidentSetSize of job (KB)
...
006 (78854907.027.000) 2026-10-04 01:29:06 Image size of job updated: 510040
	499  -  MemoryUsage of job (MB)
	510040  -  ResidentSetSize of job (KB)
...
006 (78854907.027.000) 2026-10-04 01:34:06 Image size of job updated: 511052
	500  -  MemoryUsage of job (MB)
	511052  -  ResidentSetSize of job (KB)
...
006 (78854907.027.000) 2026-10-04 01:39:07 Image size of job updated: 511056
	500  -  MemoryUsage of job (MB)
	511056  -  ResidentSetSize of job (KB)
...
006 (78854907.027.000) 2026-10-04 01:44:07 Image size of job updated: 514132
	503  -  MemoryUsage of job (MB)
	514132  -  ResidentSetSize of job (KB)
...
006 (78854907.027.000) 2026-10-04 01:49:07 Image size of job updated: 514136
	503  -  MemoryUsage of job (MB)
	514136  -  ResidentSetSize of job (KB)
...
006 (78854907.027.000) 2026-10-04 01:54:08 Image size of job updated: 514156
	503  -  MemoryUsage of job (MB)
	514140  -  ResidentSetSize of job (KB)
...
006 (78854907.027.000) 2026-10-04 02:04:08 Image size of job updated: 514164
	503  -  MemoryUsage of job (MB)
	514140  -  ResidentSetSize of job (KB)
...
006 (78854907.027.000) 2026-10-04 02:34:12 Image size of job updated: 514264
	503  -  MemoryUsage of job (MB)
	514264  -  ResidentSetSize of job (KB)
...
006 (78854907.027.000) 2026-10-04 02:39:13 Image size of job updated: 514284
	503  -  MemoryUsage of job (MB)
	514284  -  ResidentSetSize of job (KB)
...
006 (78854907.027.000) 2026-10-04 02:49:14 Image size of job updated: 514300
	503  -  MemoryUsage of job (MB)
	514300  -  ResidentSetSize of job (KB)
...
006 (78854907.027.000) 2026-10-04 02:59:16 Image size of job updated: 519740
	508  -  MemoryUsage of job (MB)
	519740  -  ResidentSetSize of job (KB)
...
006 (78854907.027.000) 2026-10-04 03:04:16 Image size of job updated: 519744
	508  -  MemoryUsage of job (MB)
	519744  -  ResidentSetSize of job (KB)
...
006 (78854907.027.000) 2026-10-04 03:14:18 Image size of job updated: 519748
	508  -  MemoryUsage of job (MB)
	519748  -  ResidentSetSize of job (KB)
...
006 (78854907.027.000) 2026-10-04 03:19:18 Image size of job updated: 520772
	509  -  MemoryUsage of job (MB)
	520772  -  ResidentSetSize of job (KB)
...
006 (78854907.027.000) 2026-10-04 03:24:19 Image size of job updated: 520776
	509  -  MemoryUsage of job (MB)
	520776  -  ResidentSetSize of job (KB)
...
006 (78854907.027.000) 2026-10-04 03:29:20 Image size of job updated: 522824
	511  -  MemoryUsage of job (MB)
	522824  -  ResidentSetSize of job (KB)
...
006 (78854907.027.000) 2026-10-04 03:34:20 Image size of job updated: 522828
	511  -  MemoryUsage of job (MB)
	522828  -  ResidentSetSize of job (KB)
...
006 (78854907.027.000) 2026-10-04 03:49:22 Image size of job updated: 523852
	512  -  MemoryUsage of job (MB)
	523852  -  ResidentSetSize of job (KB)
...
006 (78854907.027.000) 2026-10-04 03:54:23 Image size of job updated: 523856
	512  -  MemoryUsage of job (MB)
	523856  -  ResidentSetSize of job (KB)
...
006 (78854907.027.000) 2026-10-04 03:59:24 Image size of job updated: 523864
	512  -  MemoryUsage of job (MB)
	523864  -  ResidentSetSize of job (KB)
...
006 (78854907.027.000) 2026-10-04 04:09:24 Image size of job updated: 524896
	512  -  MemoryUsage of job (MB)
	523872  -  ResidentSetSize of job (KB)
...
006 (78854907.027.000) 2026-10-04 04:19:25 Image size of job updated: 524900
	512  -  MemoryUsage of job (MB)
	523880  -  ResidentSetSize of job (KB)
...
006 (78854907.027.000) 2026-10-04 04:24:26 Image size of job updated: 524900
	512  -  MemoryUsage of job (MB)
	523888  -  ResidentSetSize of job (KB)
...
006 (78854907.027.000) 2026-10-04 04:29:27 Image size of job updated: 524916
	513  -  MemoryUsage of job (MB)
	524916  -  ResidentSetSize of job (KB)
...
006 (78854907.027.000) 2026-10-04 04:34:27 Image size of job updated: 524920
	513  -  MemoryUsage of job (MB)
	524920  -  ResidentSetSize of job (KB)
...
006 (78854907.027.000) 2026-10-04 04:39:27 Image size of job updated: 525944
	514  -  MemoryUsage of job (MB)
	525944  -  ResidentSetSize of job (KB)
...
006 (78854907.027.000) 2026-10-04 04:49:28 Image size of job updated: 531292
	519  -  MemoryUsage of job (MB)
	531292  -  ResidentSetSize of job (KB)
...
006 (78854907.027.000) 2026-10-04 04:59:29 Image size of job updated: 531296
	519  -  MemoryUsage of job (MB)
	531296  -  ResidentSetSize of job (KB)
...
006 (78854907.027.000) 2026-10-04 05:09:29 Image size of job updated: 532304
	520  -  MemoryUsage of job (MB)
	532304  -  ResidentSetSize of job (KB)
...
006 (78854907.027.000) 2026-10-04 05:14:30 Image size of job updated: 532308
	520  -  MemoryUsage of job (MB)
	532308  -  ResidentSetSize of job (KB)
...
006 (78854907.027.000) 2026-10-04 05:29:31 Image size of job updated: 532332
	520  -  MemoryUsage of job (MB)
	532332  -  ResidentSetSize of job (KB)
...
006 (78854907.027.000) 2026-10-04 05:44:32 Image size of job updated: 533356
	521  -  MemoryUsage of job (MB)
	533356  -  ResidentSetSize of job (KB)
...
006 (78854907.027.000) 2026-10-04 05:54:32 Image size of job updated: 534384
	522  -  MemoryUsage of job (MB)
	534384  -  ResidentSetSize of job (KB)
...
006 (78854907.027.000) 2026-10-04 06:04:33 Image size of job updated: 534388
	522  -  MemoryUsage of job (MB)
	534388  -  ResidentSetSize of job (KB)
...
006 (78854907.027.000) 2026-10-04 06:09:33 Image size of job updated: 534392
	522  -  MemoryUsage of job (MB)
	534392  -  ResidentSetSize of job (KB)
...
006 (78854907.027.000) 2026-10-04 06:19:34 Image size of job updated: 534396
	522  -  MemoryUsage of job (MB)
	534396  -  ResidentSetSize of job (KB)
...
006 (78854907.027.000) 2026-10-04 06:24:34 Image size of job updated: 535420
	523  -  MemoryUsage of job (MB)
	535420  -  ResidentSetSize of job (KB)
...
006 (78854907.027.000) 2026-10-04 06:29:35 Image size of job updated: 535424
	523  -  MemoryUsage of job (MB)
	535424  -  ResidentSetSize of job (KB)
...
006 (78854907.027.000) 2026-10-04 06:34:35 Image size of job updated: 535428
	523  -  MemoryUsage of job (MB)
	535428  -  ResidentSetSize of job (KB)
...
006 (78854907.027.000) 2026-10-04 06:54:37 Image size of job updated: 536444
	524  -  MemoryUsage of job (MB)
	536444  -  ResidentSetSize of job (KB)
...
006 (78854907.027.000) 2026-10-04 07:04:39 Image size of job updated: 536452
	524  -  MemoryUsage of job (MB)
	536444  -  ResidentSetSize of job (KB)
...
006 (78854907.027.000) 2026-10-04 07:34:43 Image size of job updated: 540852
	529  -  MemoryUsage of job (MB)
	540852  -  ResidentSetSize of job (KB)
...
006 (78854907.027.000) 2026-10-04 07:44:44 Image size of job updated: 540856
	529  -  MemoryUsage of job (MB)
	540856  -  ResidentSetSize of job (KB)
...
006 (78854907.027.000) 2026-10-04 08:04:47 Image size of job updated: 552120
	539  -  MemoryUsage of job (MB)
	551096  -  ResidentSetSize of job (KB)
...
006 (78854907.027.000) 2026-10-04 08:24:49 Image size of job updated: 552120
	540  -  MemoryUsage of job (MB)
	552120  -  ResidentSetSize of job (KB)
...
006 (78854907.027.000) 2026-10-04 08:39:51 Image size of job updated: 552124
	540  -  MemoryUsage of job (MB)
	552124  -  ResidentSetSize of job (KB)
...
006 (78854907.027.000) 2026-10-04 08:49:53 Image size of job updated: 554156
	542  -  MemoryUsage of job (MB)
	554156  -  ResidentSetSize of job (KB)
...
006 (78854907.027.000) 2026-10-04 08:59:54 Image size of job updated: 558212
	546  -  MemoryUsage of job (MB)
	558212  -  ResidentSetSize of job (KB)
...
006 (78854907.027.000) 2026-10-04 09:09:55 Image size of job updated: 560260
	547  -  MemoryUsage of job (MB)
	559236  -  ResidentSetSize of job (KB)
...
006 (78854907.027.000) 2026-10-04 09:19:57 Image size of job updated: 560276
	548  -  MemoryUsage of job (MB)
	560276  -  ResidentSetSize of job (KB)
...
006 (78854907.027.000) 2026-10-04 09:50:00 Image size of job updated: 560296
	548  -  MemoryUsage of job (MB)
	560296  -  ResidentSetSize of job (KB)
...
006 (78854907.027.000) 2026-10-04 10:00:00 Image size of job updated: 561320
	549  -  MemoryUsage of job (MB)
	561320  -  ResidentSetSize of job (KB)
...
006 (78854907.027.000) 2026-10-04 10:30:02 Image size of job updated: 562344
	550  -  MemoryUsage of job (MB)
	562344  -  ResidentSetSize of job (KB)
...
006 (78854907.027.000) 2026-10-04 11:35:07 Image size of job updated: 562348
	550  -  MemoryUsage of job (MB)
	562348  -  ResidentSetSize of job (KB)
...
006 (78854907.027.000) 2026-10-04 11:45:08 Image size of job updated: 562372
	550  -  MemoryUsage of job (MB)
	562372  -  ResidentSetSize of job (KB)
...
006 (78854907.027.000) 2026-10-04 11:55:10 Image size of job updated: 563376
	551  -  MemoryUsage of job (MB)
	563376  -  ResidentSetSize of job (KB)
...
006 (78854907.027.000) 2026-10-04 12:15:12 Image size of job updated: 564400
	552  -  MemoryUsage of job (MB)
	564400  -  ResidentSetSize of job (KB)
...
006 (78854907.027.000) 2026-10-04 12:35:15 Image size of job updated: 566448
	554  -  MemoryUsage of job (MB)
	566448  -  ResidentSetSize of job (KB)
...
006 (78854907.027.000) 2026-10-04 13:25:21 Image size of job updated: 568480
	556  -  MemoryUsage of job (MB)
	568480  -  ResidentSetSize of job (KB)
...
006 (78854907.027.000) 2026-10-04 13:30:21 Image size of job updated: 568496
	556  -  MemoryUsage of job (MB)
	568496  -  ResidentSetSize of job (KB)
...
004 (78854907.027.000) 2026-10-04 13:44:53 Job was evicted. Code 1023 Subcode 0
	(0) CPU times
		Usr 2 06:03:10, Sys 0 00:01:57  -  Run Remote Usage
		Usr 0 00:00:00, Sys 0 00:00:00  -  Run Local Usage
	0  -  Run Bytes Sent By Job
	0  -  Run Bytes Received By Job
	Reason: via condor_rm (by user pratyusava.baral)
	Partitionable Resources :    Usage  Request Allocated 
	   Cpus                 :     3.41        4         4 
	   Disk (KB)            : 25000       25000     28672 
	   GPUs                 :                           0 
	   Memory (MB)          :   556       15000     15104 
	   TimeExecute (s)      : 57971                       
	   TimeSlotBusy (s)     : 57972                       
...
009 (78854907.027.000) 2026-10-04 13:44:53 Job was aborted.
	via condor_rm (by user pratyusava.baral)
...
000 (78855136.027.000) 2026-10-04 13:45:07 Job submitted from host: <10.14.0.121:9618?addrs=10.14.0.121-9618&alias=ldas-pcdev12.ligo.caltech.edu&noUDP&sock=schedd_623140_c9b4>
...
001 (78855136.027.000) 2026-10-04 13:49:18 Job executing on host: <10.14.5.154:9618?addrs=10.14.5.154-9618&alias=node1154.cluster.ldas.cit&noUDP&sock=startd_183212_c584>
	SlotName: slot1_2@node1154.cluster.ldas.cit
	CondorScratchDir = "/var/lib/condor/execute/dir_830248/scratch"
	Cpus = 4
	Disk = 28672
	GPUs = 0
	Memory = 15104
...
006 (78855136.027.000) 2026-10-04 13:49:26 Image size of job updated: 121372
	119  -  MemoryUsage of job (MB)
	121372  -  ResidentSetSize of job (KB)
...
006 (78855136.027.000) 2026-10-04 13:54:26 Image size of job updated: 306840
	300  -  MemoryUsage of job (MB)
	306840  -  ResidentSetSize of job (KB)
...
006 (78855136.027.000) 2026-10-04 13:59:26 Image size of job updated: 443556
	434  -  MemoryUsage of job (MB)
	443556  -  ResidentSetSize of job (KB)
...
006 (78855136.027.000) 2026-10-04 14:04:27 Image size of job updated: 443784
	434  -  MemoryUsage of job (MB)
	443784  -  ResidentSetSize of job (KB)
...
006 (78855136.027.000) 2026-10-04 14:09:27 Image size of job updated: 491832
	480  -  MemoryUsage of job (MB)
	491112  -  ResidentSetSize of job (KB)
...
006 (78855136.027.000) 2026-10-04 14:14:27 Image size of job updated: 508904
	497  -  MemoryUsage of job (MB)
	508904  -  ResidentSetSize of job (KB)
...
006 (78855136.027.000) 2026-10-04 14:19:28 Image size of job updated: 520980
	509  -  MemoryUsage of job (MB)
	520980  -  ResidentSetSize of job (KB)
...
006 (78855136.027.000) 2026-10-04 14:24:28 Image size of job updated: 521012
	509  -  MemoryUsage of job (MB)
	521012  -  ResidentSetSize of job (KB)
...
006 (78855136.027.000) 2026-10-04 14:29:28 Image size of job updated: 523420
	509  -  MemoryUsage of job (MB)
	521012  -  ResidentSetSize of job (KB)
...
006 (78855136.027.000) 2026-10-04 14:39:29 Image size of job updated: 526224
	510  -  MemoryUsage of job (MB)
	521652  -  ResidentSetSize of job (KB)
...
006 (78855136.027.000) 2026-10-04 14:44:29 Image size of job updated: 526224
	511  -  MemoryUsage of job (MB)
	522348  -  ResidentSetSize of job (KB)
...
006 (78855136.027.000) 2026-10-04 14:49:30 Image size of job updated: 526224
	513  -  MemoryUsage of job (MB)
	525156  -  ResidentSetSize of job (KB)
...
006 (78855136.027.000) 2026-10-04 14:54:30 Image size of job updated: 526224
	513  -  MemoryUsage of job (MB)
	525248  -  ResidentSetSize of job (KB)
...
006 (78855136.027.000) 2026-10-04 14:59:30 Image size of job updated: 528616
	516  -  MemoryUsage of job (MB)
	527616  -  ResidentSetSize of job (KB)
...
006 (78855136.027.000) 2026-10-04 15:04:31 Image size of job updated: 528616
	516  -  MemoryUsage of job (MB)
	527632  -  ResidentSetSize of job (KB)
...
006 (78855136.027.000) 2026-10-04 15:09:31 Image size of job updated: 532004
	519  -  MemoryUsage of job (MB)
	531036  -  ResidentSetSize of job (KB)
...
006 (78855136.027.000) 2026-10-04 15:14:31 Image size of job updated: 532004
	520  -  MemoryUsage of job (MB)
	531976  -  ResidentSetSize of job (KB)
...
006 (78855136.027.000) 2026-10-04 15:19:32 Image size of job updated: 537472
	524  -  MemoryUsage of job (MB)
	536452  -  ResidentSetSize of job (KB)
...
006 (78855136.027.000) 2026-10-04 15:24:33 Image size of job updated: 537472
	524  -  MemoryUsage of job (MB)
	536460  -  ResidentSetSize of job (KB)
...
006 (78855136.027.000) 2026-10-04 15:29:33 Image size of job updated: 537472
	524  -  MemoryUsage of job (MB)
	536496  -  ResidentSetSize of job (KB)
...
006 (78855136.027.000) 2026-10-04 16:09:20 Image size of job updated: 547828
	524  -  MemoryUsage of job (MB)
	536496  -  ResidentSetSize of job (KB)
...
006 (78855136.027.000) 2026-10-04 16:46:32 Image size of job updated: 547828
	525  -  MemoryUsage of job (MB)
	536676  -  ResidentSetSize of job (KB)
...
006 (78855136.027.000) 2026-10-04 16:56:33 Image size of job updated: 549024
	527  -  MemoryUsage of job (MB)
	539476  -  ResidentSetSize of job (KB)
...
006 (78855136.027.000) 2026-10-04 17:16:35 Image size of job updated: 549024
	527  -  MemoryUsage of job (MB)
	539532  -  ResidentSetSize of job (KB)
...
006 (78855136.027.000) 2026-10-04 17:21:35 Image size of job updated: 549024
	527  -  MemoryUsage of job (MB)
	539540  -  ResidentSetSize of job (KB)
...
006 (78855136.027.000) 2026-10-04 17:36:37 Image size of job updated: 549024
	527  -  MemoryUsage of job (MB)
	539544  -  ResidentSetSize of job (KB)
...
006 (78855136.027.000) 2026-10-04 17:41:38 Image size of job updated: 549024
	532  -  MemoryUsage of job (MB)
	544640  -  ResidentSetSize of job (KB)
...
006 (78855136.027.000) 2026-10-04 17:46:39 Image size of job updated: 549024
	532  -  MemoryUsage of job (MB)
	544648  -  ResidentSetSize of job (KB)
...
006 (78855136.027.000) 2026-10-04 18:56:45 Image size of job updated: 549812
	532  -  MemoryUsage of job (MB)
	544648  -  ResidentSetSize of job (KB)
...
006 (78855136.027.000) 2026-10-04 19:51:52 Image size of job updated: 556544
	544  -  MemoryUsage of job (MB)
	556544  -  ResidentSetSize of job (KB)
...
006 (78855136.027.000) 2026-10-04 19:56:52 Image size of job updated: 556564
	544  -  MemoryUsage of job (MB)
	556564  -  ResidentSetSize of job (KB)
...
006 (78855136.027.000) 2026-10-04 21:02:01 Image size of job updated: 561780
	549  -  MemoryUsage of job (MB)
	561780  -  ResidentSetSize of job (KB)
...
006 (78855136.027.000) 2026-10-04 21:07:02 Image size of job updated: 561800
	549  -  MemoryUsage of job (MB)
	561800  -  ResidentSetSize of job (KB)
...
006 (78855136.027.000) 2026-10-04 22:52:10 Image size of job updated: 561920
	549  -  MemoryUsage of job (MB)
	561800  -  ResidentSetSize of job (KB)
...
006 (78855136.027.000) 2026-10-04 23:12:11 Image size of job updated: 562324
	549  -  MemoryUsage of job (MB)
	561800  -  ResidentSetSize of job (KB)
...
006 (78855136.027.000) 2026-10-05 00:57:18 Image size of job updated: 570244
	549  -  MemoryUsage of job (MB)
	561800  -  ResidentSetSize of job (KB)
...
006 (78855136.027.000) 2026-10-05 01:07:20 Image size of job updated: 576548
	564  -  MemoryUsage of job (MB)
	576548  -  ResidentSetSize of job (KB)
...
006 (78855136.027.000) 2026-10-05 01:12:20 Image size of job updated: 576740
	564  -  MemoryUsage of job (MB)
	576740  -  ResidentSetSize of job (KB)
...
006 (78855136.027.000) 2026-10-05 01:17:20 Image size of job updated: 585132
	571  -  MemoryUsage of job (MB)
	584108  -  ResidentSetSize of job (KB)
...
006 (78855136.027.000) 2026-10-05 01:27:22 Image size of job updated: 590792
	577  -  MemoryUsage of job (MB)
	590792  -  ResidentSetSize of job (KB)
...
006 (78855136.027.000) 2026-10-05 02:02:24 Image size of job updated: 597076
	584  -  MemoryUsage of job (MB)
	597076  -  ResidentSetSize of job (KB)
...
006 (78855136.027.000) 2026-10-05 02:22:28 Image size of job updated: 597088
	584  -  MemoryUsage of job (MB)
	597076  -  ResidentSetSize of job (KB)
...
006 (78855136.027.000) 2026-10-05 02:32:28 Image size of job updated: 597184
	584  -  MemoryUsage of job (MB)
	597184  -  ResidentSetSize of job (KB)
...
006 (78855136.027.000) 2026-10-05 02:47:30 Image size of job updated: 598100
	585  -  MemoryUsage of job (MB)
	598100  -  ResidentSetSize of job (KB)
...
006 (78855136.027.000) 2026-10-05 02:57:32 Image size of job updated: 603720
	590  -  MemoryUsage of job (MB)
	603720  -  ResidentSetSize of job (KB)
...
006 (78855136.027.000) 2026-10-05 03:17:34 Image size of job updated: 604744
	591  -  MemoryUsage of job (MB)
	604744  -  ResidentSetSize of job (KB)
...
006 (78855136.027.000) 2026-10-05 03:22:35 Image size of job updated: 604760
	591  -  MemoryUsage of job (MB)
	604760  -  ResidentSetSize of job (KB)
...
006 (78855136.027.000) 2026-10-05 04:27:44 Image size of job updated: 604768
	591  -  MemoryUsage of job (MB)
	604768  -  ResidentSetSize of job (KB)
...
006 (78855136.027.000) 2026-10-05 04:32:44 Image size of job updated: 605796
	591  -  MemoryUsage of job (MB)
	604772  -  ResidentSetSize of job (KB)
...
006 (78855136.027.000) 2026-10-05 04:42:46 Image size of job updated: 605796
	592  -  MemoryUsage of job (MB)
	605780  -  ResidentSetSize of job (KB)
...
006 (78855136.027.000) 2026-10-05 05:02:48 Image size of job updated: 606808
	592  -  MemoryUsage of job (MB)
	605800  -  ResidentSetSize of job (KB)
...
006 (78855136.027.000) 2026-10-05 05:12:50 Image size of job updated: 607708
	594  -  MemoryUsage of job (MB)
	607708  -  ResidentSetSize of job (KB)
...
006 (78855136.027.000) 2026-10-05 05:42:54 Image size of job updated: 607724
	594  -  MemoryUsage of job (MB)
	607724  -  ResidentSetSize of job (KB)
...
006 (78855136.027.000) 2026-10-05 05:57:56 Image size of job updated: 608700
	595  -  MemoryUsage of job (MB)
	608700  -  ResidentSetSize of job (KB)
...
006 (78855136.027.000) 2026-10-05 06:07:57 Image size of job updated: 610748
	596  -  MemoryUsage of job (MB)
	609724  -  ResidentSetSize of job (KB)
...
006 (78855136.027.000) 2026-10-05 07:13:05 Image size of job updated: 610792
	597  -  MemoryUsage of job (MB)
	610792  -  ResidentSetSize of job (KB)
...
006 (78855136.027.000) 2026-10-05 07:23:05 Image size of job updated: 610808
	597  -  MemoryUsage of job (MB)
	610808  -  ResidentSetSize of job (KB)
...
006 (78855136.027.000) 2026-10-05 08:08:08 Image size of job updated: 611816
	598  -  MemoryUsage of job (MB)
	611816  -  ResidentSetSize of job (KB)
...
006 (78855136.027.000) 2026-10-05 08:18:09 Image size of job updated: 611832
	598  -  MemoryUsage of job (MB)
	611816  -  ResidentSetSize of job (KB)
...
006 (78855136.027.000) 2026-10-05 08:33:11 Image size of job updated: 612808
	598  -  MemoryUsage of job (MB)
	611816  -  ResidentSetSize of job (KB)
...
006 (78855136.027.000) 2026-10-05 08:43:12 Image size of job updated: 612812
	598  -  MemoryUsage of job (MB)
	611816  -  ResidentSetSize of job (KB)
...
006 (78855136.027.000) 2026-10-05 08:58:14 Image size of job updated: 612812
	598  -  MemoryUsage of job (MB)
	611836  -  ResidentSetSize of job (KB)
...
006 (78855136.027.000) 2026-10-05 09:28:18 Image size of job updated: 612852
	599  -  MemoryUsage of job (MB)
	612852  -  ResidentSetSize of job (KB)
...
006 (78855136.027.000) 2026-10-05 09:33:19 Image size of job updated: 612868
	599  -  MemoryUsage of job (MB)
	612868  -  ResidentSetSize of job (KB)
...
006 (78855136.027.000) 2026-10-05 09:38:19 Image size of job updated: 613876
	599  -  MemoryUsage of job (MB)
	612868  -  ResidentSetSize of job (KB)
...
006 (78855136.027.000) 2026-10-05 10:43:23 Image size of job updated: 613884
	600  -  MemoryUsage of job (MB)
	613884  -  ResidentSetSize of job (KB)
...
006 (78855136.027.000) 2026-10-05 10:48:24 Image size of job updated: 613892
	600  -  MemoryUsage of job (MB)
	613892  -  ResidentSetSize of job (KB)
...
006 (78855136.027.000) 2026-10-05 11:08:25 Image size of job updated: 614916
	600  -  MemoryUsage of job (MB)
	613892  -  ResidentSetSize of job (KB)
...
006 (78855136.027.000) 2026-10-05 12:13:29 Image size of job updated: 614916
	600  -  MemoryUsage of job (MB)
	613896  -  ResidentSetSize of job (KB)
...
006 (78855136.027.000) 2026-10-05 12:23:30 Image size of job updated: 615944
	602  -  MemoryUsage of job (MB)
	615944  -  ResidentSetSize of job (KB)
...
006 (78855136.027.000) 2026-10-05 13:18:35 Image size of job updated: 615948
	602  -  MemoryUsage of job (MB)
	615944  -  ResidentSetSize of job (KB)
...
