000 (78852668.003.000) 2026-10-01 10:44:08 Job submitted from host: <10.14.0.121:9618?addrs=10.14.0.121-9618&alias=ldas-pcdev12.ligo.caltech.edu&noUDP&sock=schedd_623140_c9b4>
...
001 (78852668.003.000) 2026-10-01 10:47:07 Job executing on host: <10.14.4.36:9618?addrs=10.14.4.36-9618&alias=node786.cluster.ldas.cit&noUDP&sock=startd_1398677_a9dc>
	SlotName: slot1_3@node786.cluster.ldas.cit
	CondorScratchDir = "/var/lib/condor/execute/dir_1661028/scratch"
	Cpus = 4
	Disk = 28672
	GPUs = 0
	Memory = 15104
...
006 (78852668.003.000) 2026-10-01 10:47:16 Image size of job updated: 320612
	314  -  MemoryUsage of job (MB)
	320612  -  ResidentSetSize of job (KB)
...
006 (78852668.003.000) 2026-10-01 10:52:17 Image size of job updated: 1538300
	1319  -  MemoryUsage of job (MB)
	1350344  -  ResidentSetSize of job (KB)
...
006 (78852668.003.000) 2026-10-01 11:07:18 Image size of job updated: 1538300
	1336  -  MemoryUsage of job (MB)
	1367192  -  ResidentSetSize of job (KB)
...
006 (78852668.003.000) 2026-10-01 11:12:18 Image size of job updated: 1538300
	1336  -  MemoryUsage of job (MB)
	1367536  -  ResidentSetSize of job (KB)
...
006 (78852668.003.000) 2026-10-01 11:17:19 Image size of job updated: 1538300
	1348  -  MemoryUsage of job (MB)
	1379636  -  ResidentSetSize of job (KB)
...
006 (78852668.003.000) 2026-10-01 11:22:20 Image size of job updated: 1538300
	1348  -  MemoryUsage of job (MB)
	1379784  -  ResidentSetSize of job (KB)
...
006 (78852668.003.000) 2026-10-01 11:27:20 Image size of job updated: 1538300
	1348  -  MemoryUsage of job (MB)
	1379880  -  ResidentSetSize of job (KB)
...
006 (78852668.003.000) 2026-10-01 11:32:21 Image size of job updated: 1538300
	1382  -  MemoryUsage of job (MB)
	1415168  -  ResidentSetSize of job (KB)
...
006 (78852668.003.000) 2026-10-01 11:37:21 Image size of job updated: 1538300
	1383  -  MemoryUsage of job (MB)
	1415252  -  ResidentSetSize of job (KB)
...
006 (78852668.003.000) 2026-10-01 11:42:21 Image size of job updated: 1538300
	1393  -  MemoryUsage of job (MB)
	1425428  -  ResidentSetSize of job (KB)
...
006 (78852668.003.000) 2026-10-01 11:47:22 Image size of job updated: 1538300
	1394  -  MemoryUsage of job (MB)
	1426552  -  ResidentSetSize of job (KB)
...
006 (78852668.003.000) 2026-10-01 11:52:22 Image size of job updated: 1538300
	1428  -  MemoryUsage of job (MB)
	1462128  -  ResidentSetSize of job (KB)
...
006 (78852668.003.000) 2026-10-01 11:57:23 Image size of job updated: 1538300
	1448  -  MemoryUsage of job (MB)
	1482120  -  ResidentSetSize of job (KB)
...
006 (78852668.003.000) 2026-10-01 12:02:24 Image size of job updated: 1538300
	1458  -  MemoryUsage of job (MB)
	1492868  -  ResidentSetSize of job (KB)
...
006 (78852668.003.000) 2026-10-01 12:07:24 Image size of job updated: 1538300
	1458  -  MemoryUsage of job (MB)
	1492924  -  ResidentSetSize of job (KB)
...
006 (78852668.003.000) 2026-10-01 12:12:25 Image size of job updated: 1538300
	1460  -  MemoryUsage of job (MB)
	1495000  -  ResidentSetSize of job (KB)
...
006 (78852668.003.000) 2026-10-01 12:17:26 Image size of job updated: 1544100
	1508  -  MemoryUsage of job (MB)
	1544100  -  ResidentSetSize of job (KB)
...
006 (78852668.003.000) 2026-10-01 12:22:26 Image size of job updated: 1565200
	1529  -  MemoryUsage of job (MB)
	1565200  -  ResidentSetSize of job (KB)
...
006 (78852668.003.000) 2026-10-01 12:27:27 Image size of job updated: 1572028
	1536  -  MemoryUsage of job (MB)
	1572028  -  ResidentSetSize of job (KB)
...
006 (78852668.003.000) 2026-10-01 12:32:27 Image size of job updated: 1631404
	1594  -  MemoryUsage of job (MB)
	1631404  -  ResidentSetSize of job (KB)
...
006 (78852668.003.000) 2026-10-01 12:37:27 Image size of job updated: 1646152
	1608  -  MemoryUsage of job (MB)
	1646152  -  ResidentSetSize of job (KB)
...
006 (78852668.003.000) 2026-10-01 12:42:28 Image size of job updated: 1700328
	1661  -  MemoryUsage of job (MB)
	1700328  -  ResidentSetSize of job (KB)
...
006 (78852668.003.000) 2026-10-01 12:47:28 Image size of job updated: 1716220
	1676  -  MemoryUsage of job (MB)
	1716220  -  ResidentSetSize of job (KB)
...
006 (78852668.003.000) 2026-10-01 12:52:28 Image size of job updated: 1723024
	1683  -  MemoryUsage of job (MB)
	1723024  -  ResidentSetSize of job (KB)
...
006 (78852668.003.000) 2026-10-01 12:57:29 Image size of job updated: 1723480
	1684  -  MemoryUsage of job (MB)
	1723480  -  ResidentSetSize of job (KB)
...
006 (78852668.003.000) 2026-10-01 13:02:29 Image size of job updated: 1723484
	1684  -  MemoryUsage of job (MB)
	1723484  -  ResidentSetSize of job (KB)
...
006 (78852668.003.000) 2026-10-01 13:12:31 Image size of job updated: 1724452
	1684  -  MemoryUsage of job (MB)
	1723484  -  ResidentSetSize of job (KB)
...
006 (78852668.003.000) 2026-10-01 13:42:34 Image size of job updated: 1739016
	1699  -  MemoryUsage of job (MB)
	1739016  -  ResidentSetSize of job (KB)
...
006 (78852668.003.000) 2026-10-01 13:47:34 Image size of job updated: 1739020
	1699  -  MemoryUsage of job (MB)
	1739020  -  ResidentSetSize of job (KB)
...
006 (78852668.003.000) 2026-10-01 13:52:35 Image size of job updated: 1742364
	1702  -  MemoryUsage of job (MB)
	1742364  -  ResidentSetSize of job (KB)
...
006 (78852668.003.000) 2026-10-01 13:57:35 Image size of job updated: 1742368
	1702  -  MemoryUsage of job (MB)
	1742368  -  ResidentSetSize of job (KB)
...
006 (78852668.003.000) 2026-10-01 14:02:35 Image size of job updated: 1742372
	1702  -  MemoryUsage of job (MB)
	1742368  -  ResidentSetSize of job (KB)
...
006 (78852668.003.000) 2026-10-01 15:47:45 Image size of job updated: 1743008
	1703  -  MemoryUsage of job (MB)
	1743008  -  ResidentSetSize of job (KB)
...
006 (78852668.003.000) 2026-10-01 15:57:45 Image size of job updated: 1743760
	1703  -  MemoryUsage of job (MB)
	1743760  -  ResidentSetSize of job (KB)
...
006 (78852668.003.000) 2026-10-01 16:02:46 Image size of job updated: 1743764
	1703  -  MemoryUsage of job (MB)
	1743764  -  ResidentSetSize of job (KB)
...
006 (78852668.003.000) 2026-10-01 16:07:46 Image size of job updated: 1744360
	1704  -  MemoryUsage of job (MB)
	1744360  -  ResidentSetSize of job (KB)
...
006 (78852668.003.000) 2026-10-01 16:12:46 Image size of job updated: 1744364
	1704  -  MemoryUsage of job (MB)
	1744364  -  ResidentSetSize of job (KB)
...
006 (78852668.003.000) 2026-10-01 16:17:47 Image size of job updated: 1744368
	1704  -  MemoryUsage of job (MB)
	1744368  -  ResidentSetSize of job (KB)
...
006 (78852668.003.000) 2026-10-01 16:22:47 Image size of job updated: 1744800
	1704  -  MemoryUsage of job (MB)
	1744800  -  ResidentSetSize of job (KB)
...
006 (78852668.003.000) 2026-10-01 16:42:50 Image size of job updated: 1745740
	1705  -  MemoryUsage of job (MB)
	1745740  -  ResidentSetSize of job (KB)
...
006 (78852668.003.000) 2026-10-01 16:47:51 Image size of job updated: 1745764
	1705  -  MemoryUsage of job (MB)
	1745764  -  ResidentSetSize of job (KB)
...
006 (78852668.003.000) 2026-10-01 16:52:51 Image size of job updated: 1747044
	1707  -  MemoryUsage of job (MB)
	1747044  -  ResidentSetSize of job (KB)
...
006 (78852668.003.000) 2026-10-01 17:02:53 Image size of job updated: 1751660
	1709  -  MemoryUsage of job (MB)
	1749080  -  ResidentSetSize of job (KB)
...
006 (78852668.003.000) 2026-10-01 17:07:53 Image size of job updated: 1751660
	1709  -  MemoryUsage of job (MB)
	1749084  -  ResidentSetSize of job (KB)
...
006 (78852668.003.000) 2026-10-01 17:12:54 Image size of job updated: 1751660
	1710  -  MemoryUsage of job (MB)
	1750120  -  ResidentSetSize of job (KB)
...
006 (78852668.003.000) 2026-10-01 18:48:02 Image size of job updated: 1751916
	1711  -  MemoryUsage of job (MB)
	1751444  -  ResidentSetSize of job (KB)
...
006 (78852668.003.000) 2026-10-01 18:58:04 Image size of job updated: 1754924
	1714  -  MemoryUsage of job (MB)
	1754924  -  ResidentSetSize of job (KB)
...
006 (78852668.003.000) 2026-10-01 19:08:05 Image size of job updated: 1754928
	1714  -  MemoryUsage of job (MB)
	1754928  -  ResidentSetSize of job (KB)
...
006 (78852668.003.000) 2026-10-01 19:18:06 Image size of job updated: 1755656
	1715  -  MemoryUsage of job (MB)
	1755656  -  ResidentSetSize of job (KB)
...
006 (78852668.003.000) 2026-10-01 19:28:07 Image size of job updated: 1758512
	1717  -  MemoryUsage of job (MB)
	1758000  -  ResidentSetSize of job (KB)
...
006 (78852668.003.000) 2026-10-01 19:38:08 Image size of job updated: 1760516
	1719  -  MemoryUsage of job (MB)
	1760048  -  ResidentSetSize of job (KB)
...
006 (78852668.003.000) 2026-10-01 19:43:08 Image size of job updated: 1760516
	1719  -  MemoryUsage of job (MB)
	1760052  -  ResidentSetSize of job (KB)
...
006 (78852668.003.000) 2026-10-01 20:18:11 Image size of job updated: 1760516
	1719  -  MemoryUsage of job (MB)
	1760060  -  ResidentSetSize of job (KB)
...
006 (78852668.003.000) 2026-10-01 20:38:13 Image size of job updated: 1763132
	1721  -  MemoryUsage of job (MB)
	1762108  -  ResidentSetSize of job (KB)
...
006 (78852668.003.000) 2026-10-01 21:03:15 Image size of job updated: 1769356
	1728  -  MemoryUsage of job (MB)
	1769356  -  ResidentSetSize of job (KB)
...
006 (78852668.003.000) 2026-10-01 21:13:17 Image size of job updated: 1771984
	1731  -  MemoryUsage of job (MB)
	1771984  -  ResidentSetSize of job (KB)
...
006 (78852668.003.000) 2026-10-01 21:18:17 Image size of job updated: 1772004
	1731  -  MemoryUsage of job (MB)
	1772004  -  ResidentSetSize of job (KB)
...
006 (78852668.003.000) 2026-10-01 21:23:18 Image size of job updated: 1773084
	1732  -  MemoryUsage of job (MB)
	1773084  -  ResidentSetSize of job (KB)
...
006 (78852668.003.000) 2026-10-01 21:53:21 Image size of job updated: 1775088
	1734  -  MemoryUsage of job (MB)
	1775088  -  ResidentSetSize of job (KB)
...
006 (78852668.003.000) 2026-10-01 22:13:22 Image size of job updated: 1776576
	1734  -  MemoryUsage of job (MB)
	1775552  -  ResidentSetSize of job (KB)
...
006 (78852668.003.000) 2026-10-01 22:43:24 Image size of job updated: 1776576
	1735  -  MemoryUsage of job (MB)
	1775848  -  ResidentSetSize of job (KB)
...
006 (78852668.003.000) 2026-10-01 22:58:25 Image size of job updated: 1776576
	1735  -  MemoryUsage of job (MB)
	1776248  -  ResidentSetSize of job (KB)
...
006 (78852668.003.000) 2026-10-01 23:08:26 Image size of job updated: 1782952
	1741  -  MemoryUsage of job (MB)
	1781928  -  ResidentSetSize of job (KB)
...
006 (78852668.003.000) 2026-10-01 23:18:27 Image size of job updated: 1782952
	1741  -  MemoryUsage of job (MB)
	1781932  -  ResidentSetSize of job (KB)
...
006 (78852668.003.000) 2026-10-01 23:48:31 Image size of job updated: 1783972
	1742  -  MemoryUsage of job (MB)
	1782956  -  ResidentSetSize of job (KB)
...
006 (78852668.003.000) 2026-10-02 00:23:35 Image size of job updated: 1783972
	1742  -  MemoryUsage of job (MB)
	1782964  -  ResidentSetSize of job (KB)
...
006 (78852668.003.000) 2026-10-02 00:28:35 Image size of job updated: 1783972
	1742  -  MemoryUsage of job (MB)
	1782976  -  ResidentSetSize of job (KB)
...
006 (78852668.003.000) 2026-10-02 01:13:39 Image size of job updated: 1783972
	1742  -  MemoryUsage of job (MB)
	1782992  -  ResidentSetSize of job (KB)
...
006 (78852668.003.000) 2026-10-02 01:28:41 Image size of job updated: 1783972
	1742  -  MemoryUsage of job (MB)
	1782996  -  ResidentSetSize of job (KB)
...
006 (78852668.003.000) 2026-10-02 01:43:43 Image size of job updated: 1783972
	1742  -  MemoryUsage of job (MB)
	1783144  -  ResidentSetSize of job (KB)
...
006 (78852668.003.000) 2026-10-02 01:53:45 Image size of job updated: 1784020
	1743  -  MemoryUsage of job (MB)
	1784020  -  ResidentSetSize of job (KB)
...
006 (78852668.003.000) 2026-10-02 02:43:50 Image size of job updated: 1784100
	1743  -  MemoryUsage of job (MB)
	1784100  -  ResidentSetSize of job (KB)
...
006 (78852668.003.000) 2026-10-02 02:53:51 Image size of job updated: 1786244
	1745  -  MemoryUsage of job (MB)
	1786244  -  ResidentSetSize of job (KB)
...
006 (78852668.003.000) 2026-10-02 03:08:52 Image size of job updated: 1786748
	1745  -  MemoryUsage of job (MB)
	1786748  -  ResidentSetSize of job (KB)
...
006 (78852668.003.000) 2026-10-02 03:28:53 Image size of job updated: 1787088
	1746  -  MemoryUsage of job (MB)
	1787088  -  ResidentSetSize of job (KB)
...
006 (78852668.003.000) 2026-10-02 03:38:54 Image size of job updated: 1787772
	1746  -  MemoryUsage of job (MB)
	1787772  -  ResidentSetSize of job (KB)
...
006 (78852668.003.000) 2026-10-02 04:08:57 Image size of job updated: 1788016
	1747  -  MemoryUsage of job (MB)
	1788016  -  ResidentSetSize of job (KB)
...
006 (78852668.003.000) 2026-10-02 04:29:00 Image size of job updated: 1789108
	1748  -  MemoryUsage of job (MB)
	1789108  -  ResidentSetSize of job (KB)
...
006 (78852668.003.000) 2026-10-02 04:39:00 Image size of job updated: 1789116
	1748  -  MemoryUsage of job (MB)
	1789116  -  ResidentSetSize of job (KB)
...
006 (78852668.003.000) 2026-10-02 05:24:04 Image size of job updated: 1789336
	1748  -  MemoryUsage of job (MB)
	1789336  -  ResidentSetSize of job (KB)
...
006 (78852668.003.000) 2026-10-02 05:44:07 Image size of job updated: 1789340
	1748  -  MemoryUsage of job (MB)
	1789340  -  ResidentSetSize of job (KB)
...
006 (78852668.003.000) 2026-10-02 05:54:08 Image size of job updated: 1791324
	1750  -  MemoryUsage of job (MB)
	1791324  -  ResidentSetSize of job (KB)
...
006 (78852668.003.000) 2026-10-02 06:14:10 Image size of job updated: 1791436
	1750  -  MemoryUsage of job (MB)
	1791436  -  ResidentSetSize of job (KB)
...
006 (78852668.003.000) 2026-10-02 07:19:18 Image size of job updated: 1793452
	1752  -  MemoryUsage of job (MB)
	1793452  -  ResidentSetSize of job (KB)
...
006 (78852668.003.000) 2026-10-02 07:29:19 Image size of job updated: 1793960
	1752  -  MemoryUsage of job (MB)
	1793960  -  ResidentSetSize of job (KB)
...
006 (78852668.003.000) 2026-10-02 07:39:20 Image size of job updated: 1794460
	1753  -  MemoryUsage of job (MB)
	1794460  -  ResidentSetSize of job (KB)
...
006 (78852668.003.000) 2026-10-02 08:24:23 Image size of job updated: 1794464
	1753  -  MemoryUsage of job (MB)
	1794464  -  ResidentSetSize of job (KB)
...
006 (78852668.003.000) 2026-10-02 09:14:30 Image size of job updated: 1794584
	1753  -  MemoryUsage of job (MB)
	1794584  -  ResidentSetSize of job (KB)
...
006 (78852668.003.000) 2026-10-02 09:24:31 Image size of job updated: 1795472
	1753  -  MemoryUsage of job (MB)
	1794584  -  ResidentSetSize of job (KB)
...
006 (78852668.003.000) 2026-10-02 09:34:32 Image size of job updated: 1796472
	1755  -  MemoryUsage of job (MB)
	1796472  -  ResidentSetSize of job (KB)
...
006 (78852668.003.000) 2026-10-02 09:44:34 Image size of job updated: 1796480
	1755  -  MemoryUsage of job (MB)
	1796480  -  ResidentSetSize of job (KB)
...
006 (78852668.003.000) 2026-10-02 10:59:42 Image size of job updated: 1796484
	1755  -  MemoryUsage of job (MB)
	1796484  -  ResidentSetSize of job (KB)
...
006 (78852668.003.000) 2026-10-02 11:24:43 Image size of job updated: 1796492
	1755  -  MemoryUsage of job (MB)
	1796492  -  ResidentSetSize of job (KB)
...
006 (78852668.003.000) 2026-10-02 11:34:44 Image size of job updated: 1797500
	1756  -  MemoryUsage of job (MB)
	1797500  -  ResidentSetSize of job (KB)
...
006 (78852668.003.000) 2026-10-02 12:14:47 Image size of job updated: 1797508
	1756  -  MemoryUsage of job (MB)
	1797508  -  ResidentSetSize of job (KB)
...
006 (78852668.003.000) 2026-10-02 12:29:48 Image size of job updated: 1797512
	1756  -  MemoryUsage of job (MB)
	1797512  -  ResidentSetSize of job (KB)
...
006 (78852668.003.000) 2026-10-02 12:39:48 Image size of job updated: 1798520
	1757  -  MemoryUsage of job (MB)
	1798520  -  ResidentSetSize of job (KB)
...
006 (78852668.003.000) 2026-10-02 12:49:50 Image size of job updated: 1798532
	1757  -  MemoryUsage of job (MB)
	1798532  -  ResidentSetSize of job (KB)
...
006 (78852668.003.000) 2026-10-02 13:24:54 Image size of job updated: 1799540
	1758  -  MemoryUsage of job (MB)
	1799540  -  ResidentSetSize of job (KB)
...
006 (78852668.003.000) 2026-10-02 13:34:56 Image size of job updated: 1802732
	1761  -  MemoryUsage of job (MB)
	1802732  -  ResidentSetSize of job (KB)
...
006 (78852668.003.000) 2026-10-02 13:39:56 Image size of job updated: 1804744
	1763  -  MemoryUsage of job (MB)
	1804744  -  ResidentSetSize of job (KB)
...
006 (78852668.003.000) 2026-10-02 13:44:56 Image size of job updated: 1804756
	1763  -  MemoryUsage of job (MB)
	1804756  -  ResidentSetSize of job (KB)
...
006 (78852668.003.000) 2026-10-02 13:49:57 Image size of job updated: 1808736
	1767  -  MemoryUsage of job (MB)
	1808736  -  ResidentSetSize of job (KB)
...
006 (78852668.003.000) 2026-10-02 14:45:01 Image size of job updated: 1808740
	1767  -  MemoryUsage of job (MB)
	1808740  -  ResidentSetSize of job (KB)
...
006 (78852668.003.000) 2026-10-02 14:55:03 Image size of job updated: 1809792
	1768  -  MemoryUsage of job (MB)
	1809792  -  ResidentSetSize of job (KB)
...
004 (78852668.003.000) 2026-10-02 15:15:14 Job was evicted. Code 1019 Subcode 0
	(0) CPU times
		Usr 3 18:21:02, Sys 0 00:04:22  -  Run Remote Usage
		Usr 0 00:00:00, Sys 0 00:00:00  -  Run Local Usage
	0  -  Run Bytes Sent By Job
	0  -  Run Bytes Received By Job
	Reason: Preempted for a Priority user
	Partitionable Resources :     Usage  Request Allocated 
	   Cpus                 :      2.84        4         4 
	   Disk (KB)            :  25000       25000     28672 
	   GPUs                 :                            0 
	   Memory (MB)          :   1768       15000     15104 
	   TimeExecute (s)      : 102487                       
	   TimeSlotBusy (s)     : 102488                       
...
001 (78852668.003.000) 2026-10-02 15:15:47 Job executing on host: <10.14.4.86:9618?addrs=10.14.4.86-9618&alias=node836.cluster.ldas.cit&noUDP&sock=startd_933142_6003>
	SlotName: slot1_24@node836.cluster.ldas.cit
	CondorScratchDir = "/var/lib/condor/execute/dir_1635110/scratch"
	Cpus = 4
	Disk = 28672
	GPUs = 0
	Memory = 15104
...
004 (78852668.003.000) 2026-10-03 17:15:36 Job was evicted. Code 1023 Subcode 0
	(0) CPU times
		Usr 3 13:25:59, Sys 0 00:01:33  -  Run Remote Usage
		Usr 0 00:00:00, Sys 0 00:00:00  -  Run Local Usage
	0  -  Run Bytes Sent By Job
	0  -  Run Bytes Received By Job
	Reason: via condor_rm (by user pratyusava.baral)
	Partitionable Resources :    Usage  Request Allocated 
	   Cpus                 :     2.99        4         4 
	   Disk (KB)            : 25000       25000     28672 
	   GPUs                 :                           0 
	   Memory (MB)          :  1954       15000     15104 
	   TimeExecute (s)      : 93589                       
	   TimeSlotBusy (s)     : 93589                       
...
009 (78852668.003.000) 2026-10-03 17:15:36 Job was aborted.
	via condor_rm (by user pratyusava.baral)
...
000 (78854871.003.000) 2026-10-03 17:15:41 Job submitted from host: <10.14.0.121:9618?addrs=10.14.0.121-9618&alias=ldas-pcdev12.ligo.caltech.edu&noUDP&sock=schedd_623140_c9b4>
...
001 (78854871.003.000) 2026-10-03 17:16:40 Job executing on host: <10.14.10.73:9618?addrs=10.14.10.73-9618&alias=node2323.cluster.ldas.cit&noUDP&sock=startd_1939719_793b>
	SlotName: slot1_14@node2323.cluster.ldas.cit
	CondorScratchDir = "/var/lib/condor/execute/dir_4126049/scratch"
	Cpus = 4
	Disk = 28672
	GPUs = 0
	Memory = 15104
...
006 (78854871.003.000) 2026-10-03 17:16:40 Image size of job updated: 25000
	0  -  MemoryUsage of job (MB)
	0  -  ResidentSetSize of job (KB)
...
005 (78854871.003.000) 2026-10-03 17:16:41 Job terminated.
	(1) Normal termination (return value 1)
		Usr 0 00:00:00, Sys 0 00:00:00  -  Run Remote Usage
		Usr 0 00:00:00, Sys 0 00:00:00  -  Run Local Usage
		Usr 0 00:00:00, Sys 0 00:00:00  -  Total Remote Usage
		Usr 0 00:00:00, Sys 0 00:00:00  -  Total Local Usage
	0  -  Run Bytes Sent By Job
	0  -  Run Bytes Received By Job
	0  -  Total Bytes Sent By Job
	0  -  Total Bytes Received By Job
	Partitionable Resources :    Usage  Request Allocated 
	   Cpus                 :                 4         4 
	   Disk (KB)            :    25000    25000     28672 
	   GPUs                 :                           0 
	   Memory (MB)          :        0    15000     15104 
	   TimeExecute (s)      :        0                    
	   TimeSlotBusy (s)     :        1                    
...
000 (78854907.003.000) 2026-10-03 21:37:08 Job submitted from host: <10.14.0.121:9618?addrs=10.14.0.121-9618&alias=ldas-pcdev12.ligo.caltech.edu&noUDP&sock=schedd_623140_c9b4>
...
001 (78854907.003.000) 2026-10-03 21:38:42 Job executing on host: <10.14.5.143:9618?addrs=10.14.5.143-9618&alias=node1143.cluster.ldas.cit&noUDP&sock=startd_690514_bf7b>
	SlotName: slot1_1@node1143.cluster.ldas.cit
	CondorScratchDir = "/var/lib/condor/execute/dir_1284007/scratch"
	Cpus = 4
	Disk = 28672
	GPUs = 0
	Memory = 15104
...
006 (78854907.003.000) 2026-10-03 21:38:50 Image size of job updated: 795400
	777  -  MemoryUsage of job (MB)
	795400  -  ResidentSetSize of job (KB)
...
006 (78854907.003.000) 2026-10-03 21:43:50 Image size of job updated: 1334764
	1304  -  MemoryUsage of job (MB)
	1334764  -  ResidentSetSize of job (KB)
...
006 (78854907.003.000) 2026-10-03 21:48:50 Image size of job updated: 1342816
	1312  -  MemoryUsage of job (MB)
	1342816  -  ResidentSetSize of job (KB)
...
006 (78854907.003.000) 2026-10-03 21:53:51 Image size of job updated: 1385932
	1346  -  MemoryUsage of job (MB)
	1377508  -  ResidentSetSize of job (KB)
...
006 (78854907.003.000) 2026-10-03 21:58:51 Image size of job updated: 1385932
	1349  -  MemoryUsage of job (MB)
	1381204  -  ResidentSetSize of job (KB)
...
006 (78854907.003.000) 2026-10-03 22:03:51 Image size of job updated: 1390504
	1351  -  MemoryUsage of job (MB)
	1382848  -  ResidentSetSize of job (KB)
...
006 (78854907.003.000) 2026-10-03 22:08:52 Image size of job updated: 1390504
	1355  -  MemoryUsage of job (MB)
	1386736  -  ResidentSetSize of job (KB)
...
006 (78854907.003.000) 2026-10-03 22:13:52 Image size of job updated: 1398668
	1365  -  MemoryUsage of job (MB)
	1397176  -  ResidentSetSize of job (KB)
...
006 (78854907.003.000) 2026-10-03 22:18:52 Image size of job updated: 1400832
	1368  -  MemoryUsage of job (MB)
	1400832  -  ResidentSetSize of job (KB)
...
006 (78854907.003.000) 2026-10-03 22:23:53 Image size of job updated: 1415016
	1382  -  MemoryUsage of job (MB)
	1414860  -  ResidentSetSize of job (KB)
...
006 (78854907.003.000) 2026-10-03 22:28:53 Image size of job updated: 1417448
	1385  -  MemoryUsage of job (MB)
	1417448  -  ResidentSetSize of job (KB)
...
006 (78854907.003.000) 2026-10-03 22:33:53 Image size of job updated: 1422948
	1388  -  MemoryUsage of job (MB)
	1420708  -  ResidentSetSize of job (KB)
...
006 (78854907.003.000) 2026-10-03 22:38:54 Image size of job updated: 1422948
	1388  -  MemoryUsage of job (MB)
	1420728  -  ResidentSetSize of job (KB)
...
006 (78854907.003.000) 2026-10-03 22:43:54 Image size of job updated: 1424612
	1391  -  MemoryUsage of job (MB)
	1424096  -  ResidentSetSize of job (KB)
...
006 (78854907.003.000) 2026-10-03 22:48:54 Image size of job updated: 1424612
	1391  -  MemoryUsage of job (MB)
	1424148  -  ResidentSetSize of job (KB)
...
006 (78854907.003.000) 2026-10-03 22:53:55 Image size of job updated: 1426728
	1394  -  MemoryUsage of job (MB)
	1426448  -  ResidentSetSize of job (KB)
...
006 (78854907.003.000) 2026-10-03 22:58:56 Image size of job updated: 1427844
	1395  -  MemoryUsage of job (MB)
	1427844  -  ResidentSetSize of job (KB)
...
006 (78854907.003.000) 2026-10-03 23:03:56 Image size of job updated: 1427860
	1395  -  MemoryUsage of job (MB)
	1427860  -  ResidentSetSize of job (KB)
...
006 (78854907.003.000) 2026-10-03 23:08:57 Image size of job updated: 1428844
	1396  -  MemoryUsage of job (MB)
	1428844  -  ResidentSetSize of job (KB)
...
006 (78854907.003.000) 2026-10-03 23:13:58 Image size of job updated: 1428868
	1396  -  MemoryUsage of job (MB)
	1428868  -  ResidentSetSize of job (KB)
...
006 (78854907.003.000) 2026-10-03 23:18:58 Image size of job updated: 1430668
	1398  -  MemoryUsage of job (MB)
	1430668  -  ResidentSetSize of job (KB)
...
006 (78854907.003.000) 2026-10-03 23:23:59 Image size of job updated: 1430680
	1398  -  MemoryUsage of job (MB)
	1430680  -  ResidentSetSize of job (KB)
...
006 (78854907.003.000) 2026-10-03 23:29:00 Image size of job updated: 1450532
	1415  -  MemoryUsage of job (MB)
	1448488  -  ResidentSetSize of job (KB)
...
006 (78854907.003.000) 2026-10-03 23:34:00 Image size of job updated: 1450532
	1415  -  MemoryUsage of job (MB)
	1448504  -  ResidentSetSize of job (KB)
...
006 (78854907.003.000) 2026-10-03 23:39:01 Image size of job updated: 1456880
	1421  -  MemoryUsage of job (MB)
	1454844  -  ResidentSetSize of job (KB)
...
006 (78854907.003.000) 2026-10-03 23:44:02 Image size of job updated: 1456880
	1421  -  MemoryUsage of job (MB)
	1454848  -  ResidentSetSize of job (KB)
...
006 (78854907.003.000) 2026-10-03 23:49:02 Image size of job updated: 1456976
	1423  -  MemoryUsage of job (MB)
	1456976  -  ResidentSetSize of job (KB)
...
006 (78854907.003.000) 2026-10-03 23:54:03 Image size of job updated: 1456988
	1423  -  MemoryUsage of job (MB)
	1456988  -  ResidentSetSize of job (KB)
...
006 (78854907.003.000) 2026-10-03 23:59:04 Image size of job updated: 1457932
	1423  -  MemoryUsage of job (MB)
	1456988  -  ResidentSetSize of job (KB)
...
006 (78854907.003.000) 2026-10-04 00:09:05 Image size of job updated: 1457932
	1424  -  MemoryUsage of job (MB)
	1457872  -  ResidentSetSize of job (KB)
...
006 (78854907.003.000) 2026-10-04 00:14:06 Image size of job updated: 1457932
	1424  -  MemoryUsage of job (MB)
	1457876  -  ResidentSetSize of job (KB)
...
006 (78854907.003.000) 2026-10-04 00:19:06 Image size of job updated: 1460012
	1426  -  MemoryUsage of job (MB)
	1460012  -  ResidentSetSize of job (KB)
...
006 (78854907.003.000) 2026-10-04 00:24:07 Image size of job updated: 1460020
	1426  -  MemoryUsage of job (MB)
	1460020  -  ResidentSetSize of job (KB)
...
006 (78854907.003.000) 2026-10-04 00:29:08 Image size of job updated: 1460040
	1426  -  MemoryUsage of job (MB)
	1460040  -  ResidentSetSize of job (KB)
...
006 (78854907.003.000) 2026-10-04 00:39:09 Image size of job updated: 1460056
	1426  -  MemoryUsage of job (MB)
	1460040  -  ResidentSetSize of job (KB)
...
006 (78854907.003.000) 2026-10-04 00:59:12 Image size of job updated: 1460108
	1426  -  MemoryUsage of job (MB)
	1460108  -  ResidentSetSize of job (KB)
...
006 (78854907.003.000) 2026-10-04 01:04:12 Image size of job updated: 1460112
	1426  -  MemoryUsage of job (MB)
	1460112  -  ResidentSetSize of job (KB)
...
006 (78854907.003.000) 2026-10-04 01:24:13 Image size of job updated: 1460132
	1426  -  MemoryUsage of job (MB)
	1460112  -  ResidentSetSize of job (KB)
...
006 (78854907.003.000) 2026-10-04 01:34:14 Image size of job updated: 1461192
	1427  -  MemoryUsage of job (MB)
	1461192  -  ResidentSetSize of job (KB)
...
006 (78854907.003.000) 2026-10-04 01:39:14 Image size of job updated: 1461196
	1427  -  MemoryUsage of job (MB)
	1461196  -  ResidentSetSize of job (KB)
...
006 (78854907.003.000) 2026-10-04 01:44:15 Image size of job updated: 1462196
	1428  -  MemoryUsage of job (MB)
	1462196  -  ResidentSetSize of job (KB)
...
006 (78854907.003.000) 2026-10-04 01:49:15 Image size of job updated: 1462204
	1428  -  MemoryUsage of job (MB)
	1462204  -  ResidentSetSize of job (KB)
...
006 (78854907.003.000) 2026-10-04 01:54:15 Image size of job updated: 1462216
	1428  -  MemoryUsage of job (MB)
	1462216  -  ResidentSetSize of job (KB)
...
006 (78854907.003.000) 2026-10-04 01:59:16 Image size of job updated: 1462220
	1428  -  MemoryUsage of job (MB)
	1462220  -  ResidentSetSize of job (KB)
...
006 (78854907.003.000) 2026-10-04 02:04:16 Image size of job updated: 1463260
	1429  -  MemoryUsage of job (MB)
	1463260  -  ResidentSetSize of job (KB)
...
006 (78854907.003.000) 2026-10-04 02:09:16 Image size of job updated: 1463264
	1429  -  MemoryUsage of job (MB)
	1463264  -  ResidentSetSize of job (KB)
...
006 (78854907.003.000) 2026-10-04 02:34:18 Image size of job updated: 1464296
	1429  -  MemoryUsage of job (MB)
	1463264  -  ResidentSetSize of job (KB)
...
006 (78854907.003.000) 2026-10-04 02:44:19 Image size of job updated: 1464296
	1430  -  MemoryUsage of job (MB)
	1464296  -  ResidentSetSize of job (KB)
...
006 (78854907.003.000) 2026-10-04 03:19:21 Image size of job updated: 1465320
	1431  -  MemoryUsage of job (MB)
	1465320  -  ResidentSetSize of job (KB)
...
006 (78854907.003.000) 2026-10-04 03:24:21 Image size of job updated: 1465324
	1431  -  MemoryUsage of job (MB)
	1465324  -  ResidentSetSize of job (KB)
...
006 (78854907.003.000) 2026-10-04 03:29:22 Image size of job updated: 1465332
	1431  -  MemoryUsage of job (MB)
	1465332  -  ResidentSetSize of job (KB)
...
006 (78854907.003.000) 2026-10-04 03:34:22 Image size of job updated: 1465336
	1431  -  MemoryUsage of job (MB)
	1465336  -  ResidentSetSize of job (KB)
...
006 (78854907.003.000) 2026-10-04 03:39:22 Image size of job updated: 1465372
	1431  -  MemoryUsage of job (MB)
	1465336  -  ResidentSetSize of job (KB)
...
006 (78854907.003.000) 2026-10-04 03:49:23 Image size of job updated: 1465372
	1431  -  MemoryUsage of job (MB)
	1465344  -  ResidentSetSize of job (KB)
...
006 (78854907.003.000) 2026-10-04 03:59:24 Image size of job updated: 1465372
	1432  -  MemoryUsage of job (MB)
	1465356  -  ResidentSetSize of job (KB)
...
006 (78854907.003.000) 2026-10-04 04:29:27 Image size of job updated: 1466388
	1433  -  MemoryUsage of job (MB)
	1466388  -  ResidentSetSize of job (KB)
...
006 (78854907.003.000) 2026-10-04 04:54:30 Image size of job updated: 1466392
	1433  -  MemoryUsage of job (MB)
	1466392  -  ResidentSetSize of job (KB)
...
006 (78854907.003.000) 2026-10-04 05:39:36 Image size of job updated: 1466396
	1433  -  MemoryUsage of job (MB)
	1466396  -  ResidentSetSize of job (KB)
...
006 (78854907.003.000) 2026-10-04 06:04:40 Image size of job updated: 1466420
	1433  -  MemoryUsage of job (MB)
	1466420  -  ResidentSetSize of job (KB)
...
006 (78854907.003.000) 2026-10-04 06:14:41 Image size of job updated: 1467420
	1434  -  MemoryUsage of job (MB)
	1467420  -  ResidentSetSize of job (KB)
...
006 (78854907.003.000) 2026-10-04 06:19:42 Image size of job updated: 1467424
	1434  -  MemoryUsage of job (MB)
	1467424  -  ResidentSetSize of job (KB)
...
006 (78854907.003.000) 2026-10-04 06:29:43 Image size of job updated: 1474308
	1440  -  MemoryUsage of job (MB)
	1474308  -  ResidentSetSize of job (KB)
...
006 (78854907.003.000) 2026-10-04 07:39:48 Image size of job updated: 1475332
	1441  -  MemoryUsage of job (MB)
	1475332  -  ResidentSetSize of job (KB)
...
006 (78854907.003.000) 2026-10-04 08:34:52 Image size of job updated: 1475336
	1441  -  MemoryUsage of job (MB)
	1475336  -  ResidentSetSize of job (KB)
...
006 (78854907.003.000) 2026-10-04 08:44:52 Image size of job updated: 1477384
	1442  -  MemoryUsage of job (MB)
	1476364  -  ResidentSetSize of job (KB)
...
006 (78854907.003.000) 2026-10-04 09:14:54 Image size of job updated: 1477384
	1443  -  MemoryUsage of job (MB)
	1477376  -  ResidentSetSize of job (KB)
...
006 (78854907.003.000) 2026-10-04 09:24:56 Image size of job updated: 1477388
	1443  -  MemoryUsage of job (MB)
	1477388  -  ResidentSetSize of job (KB)
...
006 (78854907.003.000) 2026-10-04 10:20:03 Image size of job updated: 1479436
	1445  -  MemoryUsage of job (MB)
	1479436  -  ResidentSetSize of job (KB)
...
006 (78854907.003.000) 2026-10-04 11:55:16 Image size of job updated: 1479440
	1445  -  MemoryUsage of job (MB)
	1479440  -  ResidentSetSize of job (KB)
...
006 (78854907.003.000) 2026-10-04 12:25:18 Image size of job updated: 1479456
	1445  -  MemoryUsage of job (MB)
	1479456  -  ResidentSetSize of job (KB)
...
006 (78854907.003.000) 2026-10-04 12:35:18 Image size of job updated: 1480464
	1446  -  MemoryUsage of job (MB)
	1480464  -  ResidentSetSize of job (KB)
...
006 (78854907.003.000) 2026-10-04 13:05:20 Image size of job updated: 1480496
	1446  -  MemoryUsage of job (MB)
	1480464  -  ResidentSetSize of job (KB)
...
006 (78854907.003.000) 2026-10-04 13:15:21 Image size of job updated: 1482512
	1447  -  MemoryUsage of job (MB)
	1481488  -  ResidentSetSize of job (KB)
...
000 (78855136.003.000) 2026-10-04 13:45:07 Job submitted from host: <10.14.0.121:9618?addrs=10.14.0.121-9618&alias=ldas-pcdev12.ligo.caltech.edu&noUDP&sock=schedd_623140_c9b4>
...
004 (78854907.003.000) 2026-10-04 13:45:12 Job was evicted. Code 1023 Subcode 0
	(0) CPU times
		Usr 2 05:38:06, Sys 0 00:02:57  -  Run Remote Usage
		Usr 0 00:00:00, Sys 0 00:00:00  -  Run Local Usage
	0  -  Run Bytes Sent By Job
	0  -  Run Bytes Received By Job
	Reason: via condor_rm (by user pratyusava.baral)
	Partitionable Resources :    Usage  Request Allocated 
	   Cpus                 :     4.16        4         4 
	   Disk (KB)            : 25000       25000     28672 
	   GPUs                 :                           0 
	   Memory (MB)          :  1447       15000     15104 
	   TimeExecute (s)      : 57990                       
	   TimeSlotBusy (s)     : 57991                       
...
009 (78854907.003.000) 2026-10-04 13:45:12 Job was aborted.
	via condor_rm (by user pratyusava.baral)
...
001 (78855136.003.000) 2026-10-04 13:49:18 Job executing on host: <10.14.8.204:9618?addrs=10.14.8.204-9618&alias=node1954.cluster.ldas.cit&noUDP&sock=startd_33423_f9f9>
	SlotName: slot1_1@node1954.cluster.ldas.cit
	CondorScratchDir = "/var/lib/condor/execute/dir_315479/scratch"
	Cpus = 4
	Disk = 28672
	GPUs = 0
	Memory = 15104
...
006 (78855136.003.000) 2026-10-04 13:49:26 Image size of job updated: 294884
	288  -  MemoryUsage of job (MB)
	294884  -  ResidentSetSize of job (KB)
...
006 (78855136.003.000) 2026-10-04 13:54:26 Image size of job updated: 1237404
	1209  -  MemoryUsage of job (MB)
	1237404  -  ResidentSetSize of job (KB)
...
006 (78855136.003.000) 2026-10-04 13:59:26 Image size of job updated: 1358372
	1327  -  MemoryUsage of job (MB)
	1358372  -  ResidentSetSize of job (KB)
...
006 (78855136.003.000) 2026-10-04 14:04:27 Image size of job updated: 1360396
	1329  -  MemoryUsage of job (MB)
	1360396  -  ResidentSetSize of job (KB)
...
006 (78855136.003.000) 2026-10-04 14:09:27 Image size of job updated: 1414832
	1368  -  MemoryUsage of job (MB)
	1399864  -  ResidentSetSize of job (KB)
...
006 (78855136.003.000) 2026-10-04 14:14:27 Image size of job updated: 1414832
	1370  -  MemoryUsage of job (MB)
	1402004  -  ResidentSetSize of job (KB)
...
006 (78855136.003.000) 2026-10-04 14:19:28 Image size of job updated: 1416748
	1384  -  MemoryUsage of job (MB)
	1416748  -  ResidentSetSize of job (KB)
...
006 (78855136.003.000) 2026-10-04 14:24:28 Image size of job updated: 1420468
	1388  -  MemoryUsage of job (MB)
	1420468  -  ResidentSetSize of job (KB)
...
006 (78855136.003.000) 2026-10-04 14:29:28 Image size of job updated: 1423720
	1388  -  MemoryUsage of job (MB)
	1420912  -  ResidentSetSize of job (KB)
...
006 (78855136.003.000) 2026-10-04 14:34:29 Image size of job updated: 1424592
	1392  -  MemoryUsage of job (MB)
	1424592  -  ResidentSetSize of job (KB)
...
006 (78855136.003.000) 2026-10-04 14:39:29 Image size of job updated: 1453172
	1420  -  MemoryUsage of job (MB)
	1453172  -  ResidentSetSize of job (KB)
...
006 (78855136.003.000) 2026-10-04 14:44:30 Image size of job updated: 1455532
	1422  -  MemoryUsage of job (MB)
	1455532  -  ResidentSetSize of job (KB)
...
006 (78855136.003.000) 2026-10-04 14:49:31 Image size of job updated: 1456984
	1423  -  MemoryUsage of job (MB)
	1456984  -  ResidentSetSize of job (KB)
...
006 (78855136.003.000) 2026-10-04 14:54:31 Image size of job updated: 1457008
	1423  -  MemoryUsage of job (MB)
	1457008  -  ResidentSetSize of job (KB)
...
006 (78855136.003.000) 2026-10-04 14:59:32 Image size of job updated: 1459500
	1424  -  MemoryUsage of job (MB)
	1457468  -  ResidentSetSize of job (KB)
...
006 (78855136.003.000) 2026-10-04 15:04:33 Image size of job updated: 1459500
	1424  -  MemoryUsage of job (MB)
	1457484  -  ResidentSetSize of job (KB)
...
006 (78855136.003.000) 2026-10-04 15:09:33 Image size of job updated: 1459500
	1425  -  MemoryUsage of job (MB)
	1458992  -  ResidentSetSize of job (KB)
...
006 (78855136.003.000) 2026-10-04 15:14:34 Image size of job updated: 1459500
	1426  -  MemoryUsage of job (MB)
	1459224  -  ResidentSetSize of job (KB)
...
006 (78855136.003.000) 2026-10-04 15:19:35 Image size of job updated: 1460680
	1427  -  MemoryUsage of job (MB)
	1460680  -  ResidentSetSize of job (KB)
...
006 (78855136.003.000) 2026-10-04 15:24:35 Image size of job updated: 1460704
	1427  -  MemoryUsage of job (MB)
	1460704  -  ResidentSetSize of job (KB)
...
006 (78855136.003.000) 2026-10-04 15:29:36 Image size of job updated: 1465136
	1431  -  MemoryUsage of job (MB)
	1465136  -  ResidentSetSize of job (KB)
...
006 (78855136.003.000) 2026-10-04 15:34:37 Image size of job updated: 1465144
	1431  -  MemoryUsage of job (MB)
	1465144  -  ResidentSetSize of job (KB)
...
006 (78855136.003.000) 2026-10-04 15:39:37 Image size of job updated: 1467164
	1433  -  MemoryUsage of job (MB)
	1467164  -  ResidentSetSize of job (KB)
...
006 (78855136.003.000) 2026-10-04 15:44:38 Image size of job updated: 1467188
	1433  -  MemoryUsage of job (MB)
	1467188  -  ResidentSetSize of job (KB)
...
006 (78855136.003.000) 2026-10-04 15:49:39 Image size of job updated: 1468804
	1435  -  MemoryUsage of job (MB)
	1468804  -  ResidentSetSize of job (KB)
...
006 (78855136.003.000) 2026-10-04 15:54:39 Image size of job updated: 1468816
	1435  -  MemoryUsage of job (MB)
	1468816  -  ResidentSetSize of job (KB)
...
006 (78855136.003.000) 2026-10-04 15:59:40 Image size of job updated: 1468824
	1435  -  MemoryUsage of job (MB)
	1468824  -  ResidentSetSize of job (KB)
...
006 (78855136.003.000) 2026-10-04 16:23:09 Image size of job updated: 1469872
	1435  -  MemoryUsage of job (MB)
	1468848  -  ResidentSetSize of job (KB)
...
006 (78855136.003.000) 2026-10-04 16:34:14 Image size of job updated: 1469876
	1435  -  MemoryUsage of job (MB)
	1468848  -  ResidentSetSize of job (KB)
...
006 (78855136.003.000) 2026-10-04 16:55:56 Image size of job updated: 1469904
	1436  -  MemoryUsage of job (MB)
	1469904  -  ResidentSetSize of job (KB)
...
006 (78855136.003.000) 2026-10-04 17:00:56 Image size of job updated: 1469908
	1436  -  MemoryUsage of job (MB)
	1469908  -  ResidentSetSize of job (KB)
...
006 (78855136.003.000) 2026-10-04 17:05:57 Image size of job updated: 1470084
	1436  -  MemoryUsage of job (MB)
	1469908  -  ResidentSetSize of job (KB)
...
006 (78855136.003.000) 2026-10-04 17:15:58 Image size of job updated: 1471360
	1437  -  MemoryUsage of job (MB)
	1471360  -  ResidentSetSize of job (KB)
...
006 (78855136.003.000) 2026-10-04 17:20:59 Image size of job updated: 1471368
	1437  -  MemoryUsage of job (MB)
	1471368  -  ResidentSetSize of job (KB)
...
006 (78855136.003.000) 2026-10-04 17:26:00 Image size of job updated: 1471964
	1437  -  MemoryUsage of job (MB)
	1471368  -  ResidentSetSize of job (KB)
...
006 (78855136.003.000) 2026-10-04 17:36:01 Image size of job updated: 1471988
	1438  -  MemoryUsage of job (MB)
	1471988  -  ResidentSetSize of job (KB)
...
006 (78855136.003.000) 2026-10-04 17:41:02 Image size of job updated: 1471996
	1438  -  MemoryUsage of job (MB)
	1471996  -  ResidentSetSize of job (KB)
...
006 (78855136.003.000) 2026-10-04 17:46:02 Image size of job updated: 1473024
	1438  -  MemoryUsage of job (MB)
	1472000  -  ResidentSetSize of job (KB)
...
006 (78855136.003.000) 2026-10-04 17:51:02 Image size of job updated: 1473024
	1438  -  MemoryUsage of job (MB)
	1472004  -  ResidentSetSize of job (KB)
...
006 (78855136.003.000) 2026-10-04 17:56:03 Image size of job updated: 1473028
	1439  -  MemoryUsage of job (MB)
	1473028  -  ResidentSetSize of job (KB)
...
006 (78855136.003.000) 2026-10-04 18:06:03 Image size of job updated: 1473036
	1439  -  MemoryUsage of job (MB)
	1473036  -  ResidentSetSize of job (KB)
...
006 (78855136.003.000) 2026-10-04 18:11:04 Image size of job updated: 1473040
	1439  -  MemoryUsage of job (MB)
	1473040  -  ResidentSetSize of job (KB)
...
006 (78855136.003.000) 2026-10-04 18:16:04 Image size of job updated: 1473048
	1439  -  MemoryUsage of job (MB)
	1473048  -  ResidentSetSize of job (KB)
...
006 (78855136.003.000) 2026-10-04 18:21:04 Image size of job updated: 1473056
	1439  -  MemoryUsage of job (MB)
	1473056  -  ResidentSetSize of job (KB)
...
006 (78855136.003.000) 2026-10-04 18:31:05 Image size of job updated: 1475104
	1440  -  MemoryUsage of job (MB)
	1474080  -  ResidentSetSize of job (KB)
...
006 (78855136.003.000) 2026-10-04 18:36:05 Image size of job updated: 1475104
	1440  -  MemoryUsage of job (MB)
	1474104  -  ResidentSetSize of job (KB)
...
006 (78855136.003.000) 2026-10-04 18:46:06 Image size of job updated: 1475104
	1440  -  MemoryUsage of job (MB)
	1474108  -  ResidentSetSize of job (KB)
...
006 (78855136.003.000) 2026-10-04 19:11:08 Image size of job updated: 1475120
	1441  -  MemoryUsage of job (MB)
	1475120  -  ResidentSetSize of job (KB)
...
006 (78855136.003.000) 2026-10-04 19:21:08 Image size of job updated: 1475132
	1441  -  MemoryUsage of job (MB)
	1475132  -  ResidentSetSize of job (KB)
...
006 (78855136.003.000) 2026-10-04 19:26:09 Image size of job updated: 1475144
	1441  -  MemoryUsage of job (MB)
	1475144  -  ResidentSetSize of job (KB)
...
006 (78855136.003.000) 2026-10-04 19:31:10 Image size of job updated: 1476168
	1441  -  MemoryUsage of job (MB)
	1475144  -  ResidentSetSize of job (KB)
...
006 (78855136.003.000) 2026-10-04 19:36:10 Image size of job updated: 1476168
	1441  -  MemoryUsage of job (MB)
	1475148  -  ResidentSetSize of job (KB)
...
006 (78855136.003.000) 2026-10-04 19:41:11 Image size of job updated: 1476168
	1441  -  MemoryUsage of job (MB)
	1475152  -  ResidentSetSize of job (KB)
...
006 (78855136.003.000) 2026-10-04 19:56:13 Image size of job updated: 1477200
	1443  -  MemoryUsage of job (MB)
	1477200  -  ResidentSetSize of job (KB)
...
006 (78855136.003.000) 2026-10-04 20:06:14 Image size of job updated: 1477588
	1443  -  MemoryUsage of job (MB)
	1477204  -  ResidentSetSize of job (KB)
...
006 (78855136.003.000) 2026-10-04 23:36:35 Image size of job updated: 1480288
	1446  -  MemoryUsage of job (MB)
	1480288  -  ResidentSetSize of job (KB)
...
006 (78855136.003.000) 2026-10-04 23:56:36 Image size of job updated: 1481312
	1447  -  MemoryUsage of job (MB)
	1481312  -  ResidentSetSize of job (KB)
...
006 (78855136.003.000) 2026-10-05 00:06:37 Image size of job updated: 1483360
	1449  -  MemoryUsage of job (MB)
	1483360  -  ResidentSetSize of job (KB)
...
006 (78855136.003.000) 2026-10-05 01:11:41 Image size of job updated: 1492764
	1449  -  MemoryUsage of job (MB)
	1483360  -  ResidentSetSize of job (KB)
...
006 (78855136.003.000) 2026-10-05 02:26:51 Image size of job updated: 1494852
	1449  -  MemoryUsage of job (MB)
	1483360  -  ResidentSetSize of job (KB)
...
006 (78855136.003.000) 2026-10-05 06:42:17 Image size of job updated: 1499136
	1449  -  MemoryUsage of job (MB)
	1483360  -  ResidentSetSize of job (KB)
...
006 (78855136.003.000) 2026-10-05 07:17:22 Image size of job updated: 1499168
	1449  -  MemoryUsage of job (MB)
	1483360  -  ResidentSetSize of job (KB)
...
006 (78855136.003.000) 2026-10-05 07:27:23 Image size of job updated: 1499196
	1449  -  MemoryUsage of job (MB)
	1483360  -  ResidentSetSize of job (KB)
...
006 (78855136.003.000) 2026-10-05 08:22:30 Image size of job updated: 1499196
	1450  -  MemoryUsage of job (MB)
	1484384  -  ResidentSetSize of job (KB)
...
006 (78855136.003.000) 2026-10-05 08:37:32 Image size of job updated: 1499196
	1450  -  MemoryUsage of job (MB)
	1484392  -  ResidentSetSize of job (KB)
...
006 (78855136.003.000) 2026-10-05 09:07:36 Image size of job updated: 1501300
	1450  -  MemoryUsage of job (MB)
	1484392  -  ResidentSetSize of job (KB)
...
006 (78855136.003.000) 2026-10-05 09:27:39 Image size of job updated: 1501320
	1450  -  MemoryUsage of job (MB)
	1484392  -  ResidentSetSize of job (KB)
...
006 (78855136.003.000) 2026-10-05 10:42:44 Image size of job updated: 1501320
	1454  -  MemoryUsage of job (MB)
	1488052  -  ResidentSetSize of job (KB)
...
006 (78855136.003.000) 2026-10-05 11:07:46 Image size of job updated: 1503436
	1454  -  MemoryUsage of job (MB)
	1488052  -  ResidentSetSize of job (KB)
...
006 (78855136.003.000) 2026-10-05 11:27:47 Image size of job updated: 1506008
	1454  -  MemoryUsage of job (MB)
	1488052  -  ResidentSetSize of job (KB)
...
006 (78855136.003.000) 2026-10-05 11:47:50 Image size of job updated: 1506008
	1455  -  MemoryUsage of job (MB)
	1489120  -  ResidentSetSize of job (KB)
...
006 (78855136.003.000) 2026-10-05 13:13:00 Image size of job updated: 1509604
	1455  -  MemoryUsage of job (MB)
	1489120  -  ResidentSetSize of job (KB)
...
