000 (78852668.030.000) 2026-10-01 10:44:08 Job submitted from host: <10.14.0.121:9618?addrs=10.14.0.121-9618&alias=ldas-pcdev12.ligo.caltech.edu&noUDP&sock=schedd_623140_c9b4>
...
001 (78852668.030.000) 2026-10-01 10:47:54 Job executing on host: <10.14.10.62:9618?addrs=10.14.10.62-9618&alias=node2312.cluster.ldas.cit&noUDP&sock=startd_2782857_032a>
	SlotName: slot1_2@node2312.cluster.ldas.cit
	CondorScratchDir = "/var/lib/condor/execute/dir_68645/scratch"
	Cpus = 4
	Disk = 28672
	GPUs = 0
	Memory = 15104
...
006 (78852668.030.000) 2026-10-01 10:47:54 Image size of job updated: 25000
	0  -  MemoryUsage of job (MB)
	0  -  ResidentSetSize of job (KB)
...
005 (78852668.030.000) 2026-10-01 10:47:54 Job terminated.
	(1) Normal termination (return value 1)
		Usr 0 00:00:00, Sys 0 00:00:00  -  Run Remote Usage
		Usr 0 00:00:00, Sys 0 00:00:00  -  Run Local Usage
		Usr 0 00:00:00, Sys 0 00:00:00  -  Total Remote Usage
		Usr 0 00:00:00, Sys 0 00:00:00  -  Total Local Usage
	0  -  Run Bytes Sent By Job
	0  -  Run Bytes Received By Job
	0  -  Total Bytes Sent By Job
	0  -  Total Bytes Received By Job
	Partitionable Resources :    Usage  Request Allocated 
	   Cpus                 :                 4         4 
	   Disk (KB)            :    25000    25000     28672 
	   GPUs                 :                           0 
	   Memory (MB)          :        0    15000     15104 
	   TimeExecute (s)      :        0                    
	   TimeSlotBusy (s)     :        0                    
...
000 (78854871.030.000) 2026-10-03 17:15:41 Job submitted from host: <10.14.0.121:9618?addrs=10.14.0.121-9618&alias=ldas-pcdev12.ligo.caltech.edu&noUDP&sock=schedd_623140_c9b4>
...
001 (78854871.030.000) 2026-10-03 17:16:39 Job executing on host: <10.14.5.107:9618?addrs=10.14.5.107-9618&alias=node1107.cluster.ldas.cit&noUDP&sock=startd_341260_8dbe>
	SlotName: slot1_1@node1107.cluster.ldas.cit
	CondorScratchDir = "/var/lib/condor/execute/dir_1431310/scratch"
	Cpus = 4
	Disk = 28672
	GPUs = 0
	Memory = 15104
...
006 (78854871.030.000) 2026-10-03 17:16:48 Image size of job updated: 318724
	312  -  MemoryUsage of job (MB)
	318724  -  ResidentSetSize of job (KB)
...
006 (78854871.030.000) 2026-10-03 17:21:48 Image size of job updated: 373996
	366  -  MemoryUsage of job (MB)
	373996  -  ResidentSetSize of job (KB)
...
006 (78854871.030.000) 2026-10-03 17:26:48 Image size of job updated: 375284
	367  -  MemoryUsage of job (MB)
	375284  -  ResidentSetSize of job (KB)
...
006 (78854871.030.000) 2026-10-03 17:31:49 Image size of job updated: 479356
	469  -  MemoryUsage of job (MB)
	479356  -  ResidentSetSize of job (KB)
...
006 (78854871.030.000) 2026-10-03 17:36:49 Image size of job updated: 498888
	488  -  MemoryUsage of job (MB)
	498888  -  ResidentSetSize of job (KB)
...
006 (78854871.030.000) 2026-10-03 17:41:49 Image size of job updated: 520092
	508  -  MemoryUsage of job (MB)
	520092  -  ResidentSetSize of job (KB)
...
006 (78854871.030.000) 2026-10-03 17:46:50 Image size of job updated: 524892
	513  -  MemoryUsage of job (MB)
	524892  -  ResidentSetSize of job (KB)
...
006 (78854871.030.000) 2026-10-03 17:51:50 Image size of job updated: 528308
	516  -  MemoryUsage of job (MB)
	528308  -  ResidentSetSize of job (KB)
...
006 (78854871.030.000) 2026-10-03 17:56:50 Image size of job updated: 528708
	517  -  MemoryUsage of job (MB)
	528708  -  ResidentSetSize of job (KB)
...
006 (78854871.030.000) 2026-10-03 18:01:51 Image size of job updated: 534708
	523  -  MemoryUsage of job (MB)
	534708  -  ResidentSetSize of job (KB)
...
006 (78854871.030.000) 2026-10-03 18:06:51 Image size of job updated: 534716
	523  -  MemoryUsage of job (MB)
	534716  -  ResidentSetSize of job (KB)
...
006 (78854871.030.000) 2026-10-03 18:11:51 Image size of job updated: 540340
	528  -  MemoryUsage of job (MB)
	540340  -  ResidentSetSize of job (KB)
...
006 (78854871.030.000) 2026-10-03 18:16:52 Image size of job updated: 540528
	528  -  MemoryUsage of job (MB)
	540528  -  ResidentSetSize of job (KB)
...
006 (78854871.030.000) 2026-10-03 18:21:52 Image size of job updated: 540540
	528  -  MemoryUsage of job (MB)
	540540  -  ResidentSetSize of job (KB)
...
006 (78854871.030.000) 2026-10-03 18:26:52 Image size of job updated: 540556
	528  -  MemoryUsage of job (MB)
	540556  -  ResidentSetSize of job (KB)
...
006 (78854871.030.000) 2026-10-03 18:31:53 Image size of job updated: 540568
	528  -  MemoryUsage of job (MB)
	540568  -  ResidentSetSize of job (KB)
...
006 (78854871.030.000) 2026-10-03 18:36:54 Image size of job updated: 540572
	528  -  MemoryUsage of job (MB)
	540572  -  ResidentSetSize of job (KB)
...
006 (78854871.030.000) 2026-10-03 18:41:54 Image size of job updated: 545264
	533  -  MemoryUsage of job (MB)
	545264  -  ResidentSetSize of job (KB)
...
006 (78854871.030.000) 2026-10-03 18:46:55 Image size of job updated: 545272
	533  -  MemoryUsage of job (MB)
	545272  -  ResidentSetSize of job (KB)
...
006 (78854871.030.000) 2026-10-03 18:51:56 Image size of job updated: 545276
	533  -  MemoryUsage of job (MB)
	545276  -  ResidentSetSize of job (KB)
...
006 (78854871.030.000) 2026-10-03 18:56:56 Image size of job updated: 545312
	533  -  MemoryUsage of job (MB)
	545312  -  ResidentSetSize of job (KB)
...
006 (78854871.030.000) 2026-10-03 19:01:57 Image size of job updated: 545316
	533  -  MemoryUsage of job (MB)
	545316  -  ResidentSetSize of job (KB)
...
006 (78854871.030.000) 2026-10-03 19:11:58 Image size of job updated: 545344
	533  -  MemoryUsage of job (MB)
	545344  -  ResidentSetSize of job (KB)
...
006 (78854871.030.000) 2026-10-03 19:22:00 Image size of job updated: 547380
	535  -  MemoryUsage of job (MB)
	547380  -  ResidentSetSize of job (KB)
...
006 (78854871.030.000) 2026-10-03 19:27:00 Image size of job updated: 547384
	535  -  MemoryUsage of job (MB)
	547384  -  ResidentSetSize of job (KB)
...
006 (78854871.030.000) 2026-10-03 19:37:02 Image size of job updated: 547388
	535  -  MemoryUsage of job (MB)
	547388  -  ResidentSetSize of job (KB)
...
006 (78854871.030.000) 2026-10-03 19:42:02 Image size of job updated: 547392
	535  -  MemoryUsage of job (MB)
	547392  -  ResidentSetSize of job (KB)
...
006 (78854871.030.000) 2026-10-03 19:47:03 Image size of job updated: 547396
	535  -  MemoryUsage of job (MB)
	547396  -  ResidentSetSize of job (KB)
...
006 (78854871.030.000) 2026-10-03 19:52:04 Image size of job updated: 547404
	535  -  MemoryUsage of job (MB)
	547404  -  ResidentSetSize of job (KB)
...
006 (78854871.030.000) 2026-10-03 19:57:04 Image size of job updated: 547408
	535  -  MemoryUsage of job (MB)
	547408  -  ResidentSetSize of job (KB)
...
006 (78854871.030.000) 2026-10-03 20:02:05 Image size of job updated: 548424
	536  -  MemoryUsage of job (MB)
	548424  -  ResidentSetSize of job (KB)
...
006 (78854871.030.000) 2026-10-03 20:07:06 Image size of job updated: 548428
	536  -  MemoryUsage of job (MB)
	548428  -  ResidentSetSize of job (KB)
...
006 (78854871.030.000) 2026-10-03 20:17:07 Image size of job updated: 548448
	536  -  MemoryUsage of job (MB)
	548448  -  ResidentSetSize of job (KB)
...
006 (78854871.030.000) 2026-10-03 20:27:08 Image size of job updated: 549520
	537  -  MemoryUsage of job (MB)
	549520  -  ResidentSetSize of job (KB)
...
006 (78854871.030.000) 2026-10-03 20:32:09 Image size of job updated: 549524
	537  -  MemoryUsage of job (MB)
	549524  -  ResidentSetSize of job (KB)
...
006 (78854871.030.000) 2026-10-03 20:37:10 Image size of job updated: 558972
	546  -  MemoryUsage of job (MB)
	558972  -  ResidentSetSize of job (KB)
...
006 (78854871.030.000) 2026-10-03 20:42:10 Image size of job updated: 558980
	546  -  MemoryUsage of job (MB)
	558980  -  ResidentSetSize of job (KB)
...
006 (78854871.030.000) 2026-10-03 20:47:11 Image size of job updated: 563092
	550  -  MemoryUsage of job (MB)
	563092  -  ResidentSetSize of job (KB)
...
006 (78854871.030.000) 2026-10-03 21:02:13 Image size of job updated: 563096
	550  -  MemoryUsage of job (MB)
	563096  -  ResidentSetSize of job (KB)
...
006 (78854871.030.000) 2026-10-03 21:12:14 Image size of job updated: 563100
	550  -  MemoryUsage of job (MB)
	563100  -  ResidentSetSize of job (KB)
...
006 (78854871.030.000) 2026-10-03 21:17:14 Image size of job updated: 566164
	553  -  MemoryUsage of job (MB)
	566164  -  ResidentSetSize of job (KB)
...
006 (78854871.030.000) 2026-10-03 21:22:15 Image size of job updated: 566172
	553  -  MemoryUsage of job (MB)
	566172  -  ResidentSetSize of job (KB)
...
006 (78854871.030.000) 2026-10-03 21:27:15 Image size of job updated: 577308
	564  -  MemoryUsage of job (MB)
	577308  -  ResidentSetSize of job (KB)
...
006 (78854871.030.000) 2026-10-03 21:36:43 Image size of job updated: 579296
	564  -  MemoryUsage of job (MB)
	577308  -  ResidentSetSize of job (KB)
...
004 (78854871.030.000) 2026-10-03 21:36:43 Job was evicted. Code 1023 Subcode 0
	(0) CPU times
		Usr 0 13:57:56, Sys 0 00:00:38  -  Run Remote Usage
		Usr 0 00:00:00, Sys 0 00:00:00  -  Run Local Usage
	0  -  Run Bytes Sent By Job
	0  -  Run Bytes Received By Job
	Reason: via condor_rm (by user pratyusava.baral)
	Partitionable Resources :    Usage  Request Allocated 
	   Cpus                 :     3.08        4         4 
	   Disk (KB)            : 25000       25000     28672 
	   GPUs                 :                           0 
	   Memory (MB)          :   564       15000     15104 
	   TimeExecute (s)      : 15604                       
	   TimeSlotBusy (s)     : 15604                       
...
009 (78854871.030.000) 2026-10-03 21:36:43 Job was aborted.
	via condor_rm (by user pratyusava.baral)
...
000 (78854907.030.000) 2026-10-03 21:37:08 Job submitted from host: <10.14.0.121:9618?addrs=10.14.0.121-9618&alias=ldas-pcdev12.ligo.caltech.edu&noUDP&sock=schedd_623140_c9b4>
...
001 (78854907.030.000) 2026-10-03 21:38:42 Job executing on host: <10.14.8.192:9618?addrs=10.14.8.192-9618&alias=node1942.cluster.ldas.cit&noUDP&sock=startd_35330_0515>
	SlotName: slot1_2@node1942.cluster.ldas.cit
	CondorScratchDir = "/var/lib/condor/execute/dir_269944/scratch"
	Cpus = 4
	Disk = 28672
	GPUs = 0
	Memory = 15104
...
006 (78854907.030.000) 2026-10-03 21:38:50 Image size of job updated: 258460
	253  -  MemoryUsage of job (MB)
	258460  -  ResidentSetSize of job (KB)
...
006 (78854907.030.000) 2026-10-03 21:43:50 Image size of job updated: 346628
	339  -  MemoryUsage of job (MB)
	346628  -  ResidentSetSize of job (KB)
...
006 (78854907.030.000) 2026-10-03 21:48:51 Image size of job updated: 468060
	446  -  MemoryUsage of job (MB)
	456584  -  ResidentSetSize of job (KB)
...
006 (78854907.030.000) 2026-10-03 21:53:52 Image size of job updated: 468060
	450  -  MemoryUsage of job (MB)
	460560  -  ResidentSetSize of job (KB)
...
006 (78854907.030.000) 2026-10-03 21:58:52 Image size of job updated: 499884
	489  -  MemoryUsage of job (MB)
	499884  -  ResidentSetSize of job (KB)
...
006 (78854907.030.000) 2026-10-03 22:03:53 Image size of job updated: 500184
	489  -  MemoryUsage of job (MB)
	500184  -  ResidentSetSize of job (KB)
...
006 (78854907.030.000) 2026-10-03 22:08:54 Image size of job updated: 522616
	511  -  MemoryUsage of job (MB)
	522616  -  ResidentSetSize of job (KB)
...
006 (78854907.030.000) 2026-10-03 22:13:54 Image size of job updated: 522656
	511  -  MemoryUsage of job (MB)
	522656  -  ResidentSetSize of job (KB)
...
006 (78854907.030.000) 2026-10-03 22:18:54 Image size of job updated: 537220
	525  -  MemoryUsage of job (MB)
	537220  -  ResidentSetSize of job (KB)
...
006 (78854907.030.000) 2026-10-03 22:23:55 Image size of job updated: 542192
	530  -  MemoryUsage of job (MB)
	542192  -  ResidentSetSize of job (KB)
...
006 (78854907.030.000) 2026-10-03 22:28:55 Image size of job updated: 543488
	531  -  MemoryUsage of job (MB)
	543488  -  ResidentSetSize of job (KB)
...
006 (78854907.030.000) 2026-10-03 22:33:55 Image size of job updated: 543508
	531  -  MemoryUsage of job (MB)
	543508  -  ResidentSetSize of job (KB)
...
006 (78854907.030.000) 2026-10-03 22:38:56 Image size of job updated: 546776
	534  -  MemoryUsage of job (MB)
	546776  -  ResidentSetSize of job (KB)
...
006 (78854907.030.000) 2026-10-03 22:43:56 Image size of job updated: 546808
	534  -  MemoryUsage of job (MB)
	546808  -  ResidentSetSize of job (KB)
...
006 (78854907.030.000) 2026-10-03 22:48:56 Image size of job updated: 556432
	543  -  MemoryUsage of job (MB)
	555424  -  ResidentSetSize of job (KB)
...
006 (78854907.030.000) 2026-10-03 22:53:57 Image size of job updated: 556432
	543  -  MemoryUsage of job (MB)
	555472  -  ResidentSetSize of job (KB)
...
006 (78854907.030.000) 2026-10-03 22:58:57 Image size of job updated: 556432
	543  -  MemoryUsage of job (MB)
	555548  -  ResidentSetSize of job (KB)
...
006 (78854907.030.000) 2026-10-03 23:03:57 Image size of job updated: 556432
	543  -  MemoryUsage of job (MB)
	555640  -  ResidentSetSize of job (KB)
...
006 (78854907.030.000) 2026-10-03 23:08:58 Image size of job updated: 556720
	544  -  MemoryUsage of job (MB)
	556720  -  ResidentSetSize of job (KB)
...
006 (78854907.030.000) 2026-10-03 23:13:58 Image size of job updated: 556728
	544  -  MemoryUsage of job (MB)
	556728  -  ResidentSetSize of job (KB)
...
006 (78854907.030.000) 2026-10-03 23:18:58 Image size of job updated: 556752
	544  -  MemoryUsage of job (MB)
	556752  -  ResidentSetSize of job (KB)
...
006 (78854907.030.000) 2026-10-03 23:23:59 Image size of job updated: 558832
	546  -  MemoryUsage of job (MB)
	558832  -  ResidentSetSize of job (KB)
...
006 (78854907.030.000) 2026-10-03 23:28:59 Image size of job updated: 558848
	546  -  MemoryUsage of job (MB)
	558848  -  ResidentSetSize of job (KB)
...
006 (78854907.030.000) 2026-10-03 23:33:59 Image size of job updated: 560012
	547  -  MemoryUsage of job (MB)
	560012  -  ResidentSetSize of job (KB)
...
006 (78854907.030.000) 2026-10-03 23:39:00 Image size of job updated: 560968
	548  -  MemoryUsage of job (MB)
	560968  -  ResidentSetSize of job (KB)
...
006 (78854907.030.000) 2026-10-03 23:44:00 Image size of job updated: 561512
	549  -  MemoryUsage of job (MB)
	561512  -  ResidentSetSize of job (KB)
...
006 (78854907.030.000) 2026-10-03 23:49:00 Image size of job updated: 561520
	549  -  MemoryUsage of job (MB)
	561520  -  ResidentSetSize of job (KB)
...
006 (78854907.030.000) 2026-10-03 23:54:01 Image size of job updated: 563056
	550  -  MemoryUsage of job (MB)
	563056  -  ResidentSetSize of job (KB)
...
006 (78854907.030.000) 2026-10-03 23:59:01 Image size of job updated: 563068
	550  -  MemoryUsage of job (MB)
	563068  -  ResidentSetSize of job (KB)
...
006 (78854907.030.000) 2026-10-04 00:04:01 Image size of job updated: 563124
	550  -  MemoryUsage of job (MB)
	563068  -  ResidentSetSize of job (KB)
...
006 (78854907.030.000) 2026-10-04 00:14:03 Image size of job updated: 564164
	551  -  MemoryUsage of job (MB)
	564164  -  ResidentSetSize of job (KB)
...
006 (78854907.030.000) 2026-10-04 00:19:03 Image size of job updated: 564172
	551  -  MemoryUsage of job (MB)
	564172  -  ResidentSetSize of job (KB)
...
006 (78854907.030.000) 2026-10-04 00:24:04 Image size of job updated: 564180
	551  -  MemoryUsage of job (MB)
	564180  -  ResidentSetSize of job (KB)
...
006 (78854907.030.000) 2026-10-04 00:29:05 Image size of job updated: 564188
	551  -  MemoryUsage of job (MB)
	564188  -  ResidentSetSize of job (KB)
...
006 (78854907.030.000) 2026-10-04 00:34:05 Image size of job updated: 564196
	551  -  MemoryUsage of job (MB)
	564196  -  ResidentSetSize of job (KB)
...
006 (78854907.030.000) 2026-10-04 00:39:06 Image size of job updated: 564212
	551  -  MemoryUsage of job (MB)
	564212  -  ResidentSetSize of job (KB)
...
006 (78854907.030.000) 2026-10-04 00:44:07 Image size of job updated: 566228
	552  -  MemoryUsage of job (MB)
	565220  -  ResidentSetSize of job (KB)
...
006 (78854907.030.000) 2026-10-04 00:49:07 Image size of job updated: 566228
	552  -  MemoryUsage of job (MB)
	565228  -  ResidentSetSize of job (KB)
...
006 (78854907.030.000) 2026-10-04 00:54:08 Image size of job updated: 566244
	553  -  MemoryUsage of job (MB)
	566244  -  ResidentSetSize of job (KB)
...
006 (78854907.030.000) 2026-10-04 00:59:09 Image size of job updated: 566248
	553  -  MemoryUsage of job (MB)
	566248  -  ResidentSetSize of job (KB)
...
006 (78854907.030.000) 2026-10-04 01:04:09 Image size of job updated: 567256
	553  -  MemoryUsage of job (MB)
	566252  -  ResidentSetSize of job (KB)
...
006 (78854907.030.000) 2026-10-04 01:14:11 Image size of job updated: 568272
	555  -  MemoryUsage of job (MB)
	568272  -  ResidentSetSize of job (KB)
...
006 (78854907.030.000) 2026-10-04 01:19:11 Image size of job updated: 568276
	555  -  MemoryUsage of job (MB)
	568276  -  ResidentSetSize of job (KB)
...
006 (78854907.030.000) 2026-10-04 01:24:12 Image size of job updated: 571840
	559  -  MemoryUsage of job (MB)
	571840  -  ResidentSetSize of job (KB)
...
006 (78854907.030.000) 2026-10-04 01:29:13 Image size of job updated: 571844
	559  -  MemoryUsage of job (MB)
	571844  -  ResidentSetSize of job (KB)
...
006 (78854907.030.000) 2026-10-04 01:34:13 Image size of job updated: 574472
	562  -  MemoryUsage of job (MB)
	574472  -  ResidentSetSize of job (KB)
...
006 (78854907.030.000) 2026-10-04 01:39:14 Image size of job updated: 574484
	562  -  MemoryUsage of job (MB)
	574484  -  ResidentSetSize of job (KB)
...
006 (78854907.030.000) 2026-10-04 01:44:15 Image size of job updated: 574496
	562  -  MemoryUsage of job (MB)
	574496  -  ResidentSetSize of job (KB)
...
006 (78854907.030.000) 2026-10-04 01:49:15 Image size of job updated: 574500
	562  -  MemoryUsage of job (MB)
	574500  -  ResidentSetSize of job (KB)
...
006 (78854907.030.000) 2026-10-04 01:54:16 Image size of job updated: 575512
	563  -  MemoryUsage of job (MB)
	575512  -  ResidentSetSize of job (KB)
...
006 (78854907.030.000) 2026-10-04 01:59:17 Image size of job updated: 575520
	563  -  MemoryUsage of job (MB)
	575520  -  ResidentSetSize of job (KB)
...
006 (78854907.030.000) 2026-10-04 02:04:17 Image size of job updated: 578548
	565  -  MemoryUsage of job (MB)
	577540  -  ResidentSetSize of job (KB)
...
006 (78854907.030.000) 2026-10-04 02:09:18 Image size of job updated: 578548
	565  -  MemoryUsage of job (MB)
	577548  -  ResidentSetSize of job (KB)
...
006 (78854907.030.000) 2026-10-04 02:14:19 Image size of job updated: 578588
	565  -  MemoryUsage of job (MB)
	577584  -  ResidentSetSize of job (KB)
...
006 (78854907.030.000) 2026-10-04 02:19:19 Image size of job updated: 578588
	565  -  MemoryUsage of job (MB)
	577592  -  ResidentSetSize of job (KB)
...
006 (78854907.030.000) 2026-10-04 02:24:20 Image size of job updated: 578604
	566  -  MemoryUsage of job (MB)
	578604  -  ResidentSetSize of job (KB)
...
006 (78854907.030.000) 2026-10-04 02:29:21 Image size of job updated: 578608
	566  -  MemoryUsage of job (MB)
	578608  -  ResidentSetSize of job (KB)
...
006 (78854907.030.000) 2026-10-04 02:34:21 Image size of job updated: 588412
	575  -  MemoryUsage of job (MB)
	588412  -  ResidentSetSize of job (KB)
...
006 (78854907.030.000) 2026-10-04 02:39:22 Image size of job updated: 588416
	575  -  MemoryUsage of job (MB)
	588416  -  ResidentSetSize of job (KB)
...
006 (78854907.030.000) 2026-10-04 02:44:23 Image size of job updated: 588420
	575  -  MemoryUsage of job (MB)
	588416  -  ResidentSetSize of job (KB)
...
006 (78854907.030.000) 2026-10-04 02:54:24 Image size of job updated: 589432
	576  -  MemoryUsage of job (MB)
	589432  -  ResidentSetSize of job (KB)
...
006 (78854907.030.000) 2026-10-04 02:59:25 Image size of job updated: 589460
	576  -  MemoryUsage of job (MB)
	589460  -  ResidentSetSize of job (KB)
...
006 (78854907.030.000) 2026-10-04 03:09:26 Image size of job updated: 589468
	576  -  MemoryUsage of job (MB)
	589468  -  ResidentSetSize of job (KB)
...
006 (78854907.030.000) 2026-10-04 03:14:27 Image size of job updated: 590484
	577  -  MemoryUsage of job (MB)
	590484  -  ResidentSetSize of job (KB)
...
006 (78854907.030.000) 2026-10-04 03:19:27 Image size of job updated: 590488
	577  -  MemoryUsage of job (MB)
	590488  -  ResidentSetSize of job (KB)
...
006 (78854907.030.000) 2026-10-04 03:24:27 Image size of job updated: 590592
	577  -  MemoryUsage of job (MB)
	590592  -  ResidentSetSize of job (KB)
...
006 (78854907.030.000) 2026-10-04 03:29:28 Image size of job updated: 590600
	577  -  MemoryUsage of job (MB)
	590600  -  ResidentSetSize of job (KB)
...
006 (78854907.030.000) 2026-10-04 03:34:28 Image size of job updated: 591600
	578  -  MemoryUsage of job (MB)
	591600  -  ResidentSetSize of job (KB)
...
006 (78854907.030.000) 2026-10-04 03:39:28 Image size of job updated: 591608
	578  -  MemoryUsage of job (MB)
	591608  -  ResidentSetSize of job (KB)
...
006 (78854907.030.000) 2026-10-04 03:44:29 Image size of job updated: 593428
	580  -  MemoryUsage of job (MB)
	593428  -  ResidentSetSize of job (KB)
...
006 (78854907.030.000) 2026-10-04 03:49:29 Image size of job updated: 593472
	580  -  MemoryUsage of job (MB)
	593472  -  ResidentSetSize of job (KB)
...
006 (78854907.030.000) 2026-10-04 03:54:29 Image size of job updated: 593476
	580  -  MemoryUsage of job (MB)
	593476  -  ResidentSetSize of job (KB)
...
006 (78854907.030.000) 2026-10-04 03:59:30 Image size of job updated: 593560
	580  -  MemoryUsage of job (MB)
	593560  -  ResidentSetSize of job (KB)
...
006 (78854907.030.000) 2026-10-04 04:04:30 Image size of job updated: 593608
	580  -  MemoryUsage of job (MB)
	593608  -  ResidentSetSize of job (KB)
...
006 (78854907.030.000) 2026-10-04 04:09:31 Image size of job updated: 598400
	585  -  MemoryUsage of job (MB)
	598400  -  ResidentSetSize of job (KB)
...
006 (78854907.030.000) 2026-10-04 04:14:32 Image size of job updated: 598408
	585  -  MemoryUsage of job (MB)
	598408  -  ResidentSetSize of job (KB)
...
006 (78854907.030.000) 2026-10-04 04:19:32 Image size of job updated: 599420
	586  -  MemoryUsage of job (MB)
	599420  -  ResidentSetSize of job (KB)
...
006 (78854907.030.000) 2026-10-04 04:29:34 Image size of job updated: 617708
	604  -  MemoryUsage of job (MB)
	617708  -  ResidentSetSize of job (KB)
...
006 (78854907.030.000) 2026-10-04 06:09:40 Image size of job updated: 619424
	605  -  MemoryUsage of job (MB)
	619424  -  ResidentSetSize of job (KB)
...
006 (78854907.030.000) 2026-10-04 06:19:42 Image size of job updated: 619428
	605  -  MemoryUsage of job (MB)
	619428  -  ResidentSetSize of job (KB)
...
006 (78854907.030.000) 2026-10-04 06:29:43 Image size of job updated: 620444
	606  -  MemoryUsage of job (MB)
	620444  -  ResidentSetSize of job (KB)
...
006 (78854907.030.000) 2026-10-04 06:39:44 Image size of job updated: 622460
	608  -  MemoryUsage of job (MB)
	622460  -  ResidentSetSize of job (KB)
...
006 (78854907.030.000) 2026-10-04 06:49:46 Image size of job updated: 622464
	608  -  MemoryUsage of job (MB)
	622460  -  ResidentSetSize of job (KB)
...
006 (78854907.030.000) 2026-10-04 07:04:48 Image size of job updated: 622532
	608  -  MemoryUsage of job (MB)
	622460  -  ResidentSetSize of job (KB)
...
006 (78854907.030.000) 2026-10-04 07:24:50 Image size of job updated: 622532
	608  -  MemoryUsage of job (MB)
	622532  -  ResidentSetSize of job (KB)
...
006 (78854907.030.000) 2026-10-04 07:29:51 Image size of job updated: 622556
	608  -  MemoryUsage of job (MB)
	622556  -  ResidentSetSize of job (KB)
...
006 (78854907.030.000) 2026-10-04 07:44:53 Image size of job updated: 623568
	609  -  MemoryUsage of job (MB)
	623568  -  ResidentSetSize of job (KB)
...
006 (78854907.030.000) 2026-10-04 07:54:54 Image size of job updated: 624580
	610  -  MemoryUsage of job (MB)
	624580  -  ResidentSetSize of job (KB)
...
006 (78854907.030.000) 2026-10-04 08:04:56 Image size of job updated: 626656
	612  -  MemoryUsage of job (MB)
	626656  -  ResidentSetSize of job (KB)
...
006 (78854907.030.000) 2026-10-04 08:09:56 Image size of job updated: 626660
	612  -  MemoryUsage of job (MB)
	626660  -  ResidentSetSize of job (KB)
...
006 (78854907.030.000) 2026-10-04 08:34:58 Image size of job updated: 626676
	612  -  MemoryUsage of job (MB)
	626676  -  ResidentSetSize of job (KB)
...
006 (78854907.030.000) 2026-10-04 08:44:58 Image size of job updated: 627684
	613  -  MemoryUsage of job (MB)
	627684  -  ResidentSetSize of job (KB)
...
006 (78854907.030.000) 2026-10-04 08:49:59 Image size of job updated: 627688
	613  -  MemoryUsage of job (MB)
	627688  -  ResidentSetSize of job (KB)
...
006 (78854907.030.000) 2026-10-04 08:54:59 Image size of job updated: 627696
	613  -  MemoryUsage of job (MB)
	627696  -  ResidentSetSize of job (KB)
...
006 (78854907.030.000) 2026-10-04 09:05:00 Image size of job updated: 628732
	614  -  MemoryUsage of job (MB)
	628732  -  ResidentSetSize of job (KB)
...
006 (78854907.030.000) 2026-10-04 09:15:00 Image size of job updated: 630748
	616  -  MemoryUsage of job (MB)
	630748  -  ResidentSetSize of job (KB)
...
006 (78854907.030.000) 2026-10-04 09:20:01 Image size of job updated: 630776
	616  -  MemoryUsage of job (MB)
	630776  -  ResidentSetSize of job (KB)
...
006 (78854907.030.000) 2026-10-04 09:35:02 Image size of job updated: 630784
	616  -  MemoryUsage of job (MB)
	630784  -  ResidentSetSize of job (KB)
...
006 (78854907.030.000) 2026-10-04 09:40:02 Image size of job updated: 630816
	617  -  MemoryUsage of job (MB)
	630816  -  ResidentSetSize of job (KB)
...
006 (78854907.030.000) 2026-10-04 09:55:03 Image size of job updated: 631360
	617  -  MemoryUsage of job (MB)
	631360  -  ResidentSetSize of job (KB)
...
006 (78854907.030.000) 2026-10-04 10:05:04 Image size of job updated: 632388
	618  -  MemoryUsage of job (MB)
	632388  -  ResidentSetSize of job (KB)
...
006 (78854907.030.000) 2026-10-04 10:10:04 Image size of job updated: 632452
	618  -  MemoryUsage of job (MB)
	632452  -  ResidentSetSize of job (KB)
...
006 (78854907.030.000) 2026-10-04 10:15:04 Image size of job updated: 632532
	618  -  MemoryUsage of job (MB)
	632532  -  ResidentSetSize of job (KB)
...
006 (78854907.030.000) 2026-10-04 10:20:05 Image size of job updated: 632536
	618  -  MemoryUsage of job (MB)
	632536  -  ResidentSetSize of job (KB)
...
006 (78854907.030.000) 2026-10-04 10:30:05 Image size of job updated: 633484
	619  -  MemoryUsage of job (MB)
	633484  -  ResidentSetSize of job (KB)
...
006 (78854907.030.000) 2026-10-04 10:40:06 Image size of job updated: 644216
	629  -  MemoryUsage of job (MB)
	643192  -  ResidentSetSize of job (KB)
...
006 (78854907.030.000) 2026-10-04 10:45:06 Image size of job updated: 644216
	630  -  MemoryUsage of job (MB)
	644216  -  ResidentSetSize of job (KB)
...
006 (78854907.030.000) 2026-10-04 10:50:07 Image size of job updated: 646804
	630  -  MemoryUsage of job (MB)
	644756  -  ResidentSetSize of job (KB)
...
006 (78854907.030.000) 2026-10-04 11:00:08 Image size of job updated: 646804
	632  -  MemoryUsage of job (MB)
	646256  -  ResidentSetSize of job (KB)
...
006 (78854907.030.000) 2026-10-04 11:10:10 Image size of job updated: 648312
	634  -  MemoryUsage of job (MB)
	648312  -  ResidentSetSize of job (KB)
...
006 (78854907.030.000) 2026-10-04 11:15:10 Image size of job updated: 648316
	634  -  MemoryUsage of job (MB)
	648316  -  ResidentSetSize of job (KB)
...
006 (78854907.030.000) 2026-10-04 11:30:12 Image size of job updated: 649356
	634  -  MemoryUsage of job (MB)
	648336  -  ResidentSetSize of job (KB)
...
006 (78854907.030.000) 2026-10-04 11:50:15 Image size of job updated: 649356
	634  -  MemoryUsage of job (MB)
	648340  -  ResidentSetSize of job (KB)
...
006 (78854907.030.000) 2026-10-04 12:20:19 Image size of job updated: 662852
	648  -  MemoryUsage of job (MB)
	662852  -  ResidentSetSize of job (KB)
...
006 (78854907.030.000) 2026-10-04 12:30:20 Image size of job updated: 662856
	648  -  MemoryUsage of job (MB)
	662852  -  ResidentSetSize of job (KB)
...
006 (78854907.030.000) 2026-10-04 13:44:42 Image size of job updated: 670492
	648  -  MemoryUsage of job (MB)
	662852  -  ResidentSetSize of job (KB)
...
004 (78854907.030.000) 2026-10-04 13:44:42 Job was evicted. Code 1023 Subcode 0
	(0) CPU times
		Usr 2 08:31:54, Sys 0 00:02:26  -  Run Remote Usage
		Usr 0 00:00:00, Sys 0 00:00:00  -  Run Local Usage
	0  -  Run Bytes Sent By Job
	0  -  Run Bytes Received By Job
	Reason: via condor_rm (by user pratyusava.baral)
	Partitionable Resources :    Usage  Request Allocated 
	   Cpus                 :     3.48        4         4 
	   Disk (KB)            : 25000       25000     28672 
	   GPUs                 :                           0 
	   Memory (MB)          :   648       15000     15104 
	   TimeExecute (s)      : 57960                       
	   TimeSlotBusy (s)     : 57961                       
...
009 (78854907.030.000) 2026-10-04 13:44:42 Job was aborted.
	via condor_rm (by user pratyusava.baral)
...
000 (78855136.030.000) 2026-10-04 13:45:07 Job submitted from host: <10.14.0.121:9618?addrs=10.14.0.121-9618&alias=ldas-pcdev12.ligo.caltech.edu&noUDP&sock=schedd_623140_c9b4>
...
001 (78855136.030.000) 2026-10-04 13:49:18 Job executing on host: <10.14.6.152:9618?addrs=10.14.6.152-9618&alias=node1402.cluster.ldas.cit&noUDP&sock=startd_34042_8f19>
	SlotName: slot1_1@node1402.cluster.ldas.cit
	CondorScratchDir = "/var/lib/condor/execute/dir_1016449/scratch"
	Cpus = 4
	Disk = 28672
	GPUs = 0
	Memory = 15104
...
006 (78855136.030.000) 2026-10-04 13:49:26 Image size of job updated: 284092
	278  -  MemoryUsage of job (MB)
	284092  -  ResidentSetSize of job (KB)
...
006 (78855136.030.000) 2026-10-04 13:54:26 Image size of job updated: 424340
	415  -  MemoryUsage of job (MB)
	424340  -  ResidentSetSize of job (KB)
...
006 (78855136.030.000) 2026-10-04 13:59:26 Image size of job updated: 532380
	520  -  MemoryUsage of job (MB)
	532380  -  ResidentSetSize of job (KB)
...
006 (78855136.030.000) 2026-10-04 14:04:27 Image size of job updated: 532632
	521  -  MemoryUsage of job (MB)
	532632  -  ResidentSetSize of job (KB)
...
006 (78855136.030.000) 2026-10-04 14:09:27 Image size of job updated: 589408
	571  -  MemoryUsage of job (MB)
	584176  -  ResidentSetSize of job (KB)
...
006 (78855136.030.000) 2026-10-04 14:14:27 Image size of job updated: 597404
	584  -  MemoryUsage of job (MB)
	597404  -  ResidentSetSize of job (KB)
...
006 (78855136.030.000) 2026-10-04 14:19:28 Image size of job updated: 614704
	601  -  MemoryUsage of job (MB)
	614704  -  ResidentSetSize of job (KB)
...
006 (78855136.030.000) 2026-10-04 14:24:28 Image size of job updated: 619108
	605  -  MemoryUsage of job (MB)
	619108  -  ResidentSetSize of job (KB)
...
006 (78855136.030.000) 2026-10-04 14:29:28 Image size of job updated: 623068
	605  -  MemoryUsage of job (MB)
	619108  -  ResidentSetSize of job (KB)
...
006 (78855136.030.000) 2026-10-04 14:39:29 Image size of job updated: 635824
	621  -  MemoryUsage of job (MB)
	635824  -  ResidentSetSize of job (KB)
...
006 (78855136.030.000) 2026-10-04 14:44:29 Image size of job updated: 636060
	622  -  MemoryUsage of job (MB)
	636060  -  ResidentSetSize of job (KB)
...
006 (78855136.030.000) 2026-10-04 14:49:30 Image size of job updated: 638700
	624  -  MemoryUsage of job (MB)
	638700  -  ResidentSetSize of job (KB)
...
006 (78855136.030.000) 2026-10-04 14:59:30 Image size of job updated: 656844
	642  -  MemoryUsage of job (MB)
	656844  -  ResidentSetSize of job (KB)
...
006 (78855136.030.000) 2026-10-04 15:04:31 Image size of job updated: 656956
	642  -  MemoryUsage of job (MB)
	656956  -  ResidentSetSize of job (KB)
...
006 (78855136.030.000) 2026-10-04 15:09:31 Image size of job updated: 661032
	644  -  MemoryUsage of job (MB)
	659304  -  ResidentSetSize of job (KB)
...
006 (78855136.030.000) 2026-10-04 15:14:31 Image size of job updated: 661032
	645  -  MemoryUsage of job (MB)
	659460  -  ResidentSetSize of job (KB)
...
006 (78855136.030.000) 2026-10-04 15:29:33 Image size of job updated: 663780
	645  -  MemoryUsage of job (MB)
	659460  -  ResidentSetSize of job (KB)
...
006 (78855136.030.000) 2026-10-04 15:39:35 Image size of job updated: 663780
	647  -  MemoryUsage of job (MB)
	661948  -  ResidentSetSize of job (KB)
...
006 (78855136.030.000) 2026-10-04 15:44:35 Image size of job updated: 663780
	647  -  MemoryUsage of job (MB)
	661952  -  ResidentSetSize of job (KB)
...
006 (78855136.030.000) 2026-10-04 15:49:36 Image size of job updated: 663780
	647  -  MemoryUsage of job (MB)
	662296  -  ResidentSetSize of job (KB)
...
006 (78855136.030.000) 2026-10-04 15:54:37 Image size of job updated: 663780
	648  -  MemoryUsage of job (MB)
	663240  -  ResidentSetSize of job (KB)
...
006 (78855136.030.000) 2026-10-04 15:59:37 Image size of job updated: 663780
	648  -  MemoryUsage of job (MB)
	663256  -  ResidentSetSize of job (KB)
...
006 (78855136.030.000) 2026-10-04 16:09:20 Image size of job updated: 665376
	650  -  MemoryUsage of job (MB)
	664656  -  ResidentSetSize of job (KB)
...
006 (78855136.030.000) 2026-10-04 16:23:27 Image size of job updated: 668596
	651  -  MemoryUsage of job (MB)
	666552  -  ResidentSetSize of job (KB)
...
006 (78855136.030.000) 2026-10-04 16:41:32 Image size of job updated: 668668
	653  -  MemoryUsage of job (MB)
	668668  -  ResidentSetSize of job (KB)
...
006 (78855136.030.000) 2026-10-04 16:56:34 Image size of job updated: 669104
	654  -  MemoryUsage of job (MB)
	669104  -  ResidentSetSize of job (KB)
...
006 (78855136.030.000) 2026-10-04 17:06:35 Image size of job updated: 669652
	654  -  MemoryUsage of job (MB)
	669104  -  ResidentSetSize of job (KB)
...
006 (78855136.030.000) 2026-10-04 17:16:37 Image size of job updated: 670684
	654  -  MemoryUsage of job (MB)
	669104  -  ResidentSetSize of job (KB)
...
006 (78855136.030.000) 2026-10-04 17:26:38 Image size of job updated: 670684
	654  -  MemoryUsage of job (MB)
	669260  -  ResidentSetSize of job (KB)
...
006 (78855136.030.000) 2026-10-04 17:31:39 Image size of job updated: 670684
	654  -  MemoryUsage of job (MB)
	669264  -  ResidentSetSize of job (KB)
...
006 (78855136.030.000) 2026-10-04 17:36:39 Image size of job updated: 670696
	655  -  MemoryUsage of job (MB)
	670696  -  ResidentSetSize of job (KB)
...
006 (78855136.030.000) 2026-10-04 17:41:39 Image size of job updated: 670724
	656  -  MemoryUsage of job (MB)
	670724  -  ResidentSetSize of job (KB)
...
006 (78855136.030.000) 2026-10-04 17:46:40 Image size of job updated: 671336
	656  -  MemoryUsage of job (MB)
	671336  -  ResidentSetSize of job (KB)
...
006 (78855136.030.000) 2026-10-04 17:51:40 Image size of job updated: 671752
	657  -  MemoryUsage of job (MB)
	671752  -  ResidentSetSize of job (KB)
...
006 (78855136.030.000) 2026-10-04 18:01:41 Image size of job updated: 671760
	657  -  MemoryUsage of job (MB)
	671760  -  ResidentSetSize of job (KB)
...
006 (78855136.030.000) 2026-10-04 18:06:41 Image size of job updated: 672784
	658  -  MemoryUsage of job (MB)
	672784  -  ResidentSetSize of job (KB)
...
006 (78855136.030.000) 2026-10-04 18:11:41 Image size of job updated: 672788
	658  -  MemoryUsage of job (MB)
	672788  -  ResidentSetSize of job (KB)
...
006 (78855136.030.000) 2026-10-04 18:21:42 Image size of job updated: 672852
	658  -  MemoryUsage of job (MB)
	672852  -  ResidentSetSize of job (KB)
...
006 (78855136.030.000) 2026-10-04 18:26:42 Image size of job updated: 674876
	659  -  MemoryUsage of job (MB)
	673868  -  ResidentSetSize of job (KB)
...
006 (78855136.030.000) 2026-10-04 18:31:43 Image size of job updated: 674876
	659  -  MemoryUsage of job (MB)
	673872  -  ResidentSetSize of job (KB)
...
006 (78855136.030.000) 2026-10-04 19:01:45 Image size of job updated: 674900
	659  -  MemoryUsage of job (MB)
	673872  -  ResidentSetSize of job (KB)
...
006 (78855136.030.000) 2026-10-04 19:11:45 Image size of job updated: 674924
	659  -  MemoryUsage of job (MB)
	673872  -  ResidentSetSize of job (KB)
...
006 (78855136.030.000) 2026-10-04 19:21:46 Image size of job updated: 675080
	659  -  MemoryUsage of job (MB)
	674056  -  ResidentSetSize of job (KB)
...
006 (78855136.030.000) 2026-10-04 19:31:47 Image size of job updated: 675916
	661  -  MemoryUsage of job (MB)
	675916  -  ResidentSetSize of job (KB)
...
006 (78855136.030.000) 2026-10-04 19:36:47 Image size of job updated: 675984
	661  -  MemoryUsage of job (MB)
	675984  -  ResidentSetSize of job (KB)
...
006 (78855136.030.000) 2026-10-04 19:41:47 Image size of job updated: 677004
	661  -  MemoryUsage of job (MB)
	675984  -  ResidentSetSize of job (KB)
...
006 (78855136.030.000) 2026-10-04 20:11:49 Image size of job updated: 678016
	661  -  MemoryUsage of job (MB)
	675984  -  ResidentSetSize of job (KB)
...
006 (78855136.030.000) 2026-10-04 20:21:50 Image size of job updated: 678016
	661  -  MemoryUsage of job (MB)
	676768  -  ResidentSetSize of job (KB)
...
006 (78855136.030.000) 2026-10-04 20:26:50 Image size of job updated: 678016
	661  -  MemoryUsage of job (MB)
	676776  -  ResidentSetSize of job (KB)
...
006 (78855136.030.000) 2026-10-04 20:31:51 Image size of job updated: 678016
	662  -  MemoryUsage of job (MB)
	677188  -  ResidentSetSize of job (KB)
...
006 (78855136.030.000) 2026-10-04 20:36:51 Image size of job updated: 679220
	662  -  MemoryUsage of job (MB)
	677188  -  ResidentSetSize of job (KB)
...
006 (78855136.030.000) 2026-10-04 21:16:55 Image size of job updated: 679704
	663  -  MemoryUsage of job (MB)
	678680  -  ResidentSetSize of job (KB)
...
006 (78855136.030.000) 2026-10-04 21:26:56 Image size of job updated: 680184
	665  -  MemoryUsage of job (MB)
	680184  -  ResidentSetSize of job (KB)
...
006 (78855136.030.000) 2026-10-04 21:31:57 Image size of job updated: 680200
	665  -  MemoryUsage of job (MB)
	680200  -  ResidentSetSize of job (KB)
...
006 (78855136.030.000) 2026-10-04 21:36:58 Image size of job updated: 681672
	666  -  MemoryUsage of job (MB)
	681672  -  ResidentSetSize of job (KB)
...
006 (78855136.030.000) 2026-10-04 21:41:58 Image size of job updated: 681684
	666  -  MemoryUsage of job (MB)
	681684  -  ResidentSetSize of job (KB)
...
006 (78855136.030.000) 2026-10-04 21:46:59 Image size of job updated: 681688
	666  -  MemoryUsage of job (MB)
	681684  -  ResidentSetSize of job (KB)
...
006 (78855136.030.000) 2026-10-04 21:57:00 Image size of job updated: 683428
	666  -  MemoryUsage of job (MB)
	681684  -  ResidentSetSize of job (KB)
...
006 (78855136.030.000) 2026-10-04 22:07:02 Image size of job updated: 683428
	667  -  MemoryUsage of job (MB)
	682532  -  ResidentSetSize of job (KB)
...
006 (78855136.030.000) 2026-10-04 22:47:05 Image size of job updated: 684844
	668  -  MemoryUsage of job (MB)
	683820  -  ResidentSetSize of job (KB)
...
006 (78855136.030.000) 2026-10-04 22:52:06 Image size of job updated: 684844
	668  -  MemoryUsage of job (MB)
	683932  -  ResidentSetSize of job (KB)
...
006 (78855136.030.000) 2026-10-04 22:57:06 Image size of job updated: 696000
	680  -  MemoryUsage of job (MB)
	695720  -  ResidentSetSize of job (KB)
...
006 (78855136.030.000) 2026-10-04 23:02:06 Image size of job updated: 696000
	680  -  MemoryUsage of job (MB)
	695728  -  ResidentSetSize of job (KB)
...
006 (78855136.030.000) 2026-10-04 23:12:07 Image size of job updated: 697164
	680  -  MemoryUsage of job (MB)
	695728  -  ResidentSetSize of job (KB)
...
006 (78855136.030.000) 2026-10-04 23:22:08 Image size of job updated: 698104
	681  -  MemoryUsage of job (MB)
	697080  -  ResidentSetSize of job (KB)
...
006 (78855136.030.000) 2026-10-04 23:32:08 Image size of job updated: 699096
	681  -  MemoryUsage of job (MB)
	697080  -  ResidentSetSize of job (KB)
...
006 (78855136.030.000) 2026-10-04 23:42:09 Image size of job updated: 699096
	681  -  MemoryUsage of job (MB)
	697196  -  ResidentSetSize of job (KB)
...
006 (78855136.030.000) 2026-10-04 23:47:09 Image size of job updated: 699096
	681  -  MemoryUsage of job (MB)
	697200  -  ResidentSetSize of job (KB)
...
006 (78855136.030.000) 2026-10-04 23:52:10 Image size of job updated: 699432
	683  -  MemoryUsage of job (MB)
	698456  -  ResidentSetSize of job (KB)
...
006 (78855136.030.000) 2026-10-04 23:57:10 Image size of job updated: 699432
	683  -  MemoryUsage of job (MB)
	698508  -  ResidentSetSize of job (KB)
...
006 (78855136.030.000) 2026-10-05 00:02:10 Image size of job updated: 700328
	684  -  MemoryUsage of job (MB)
	700328  -  ResidentSetSize of job (KB)
...
006 (78855136.030.000) 2026-10-05 00:07:11 Image size of job updated: 700332
	684  -  MemoryUsage of job (MB)
	700332  -  ResidentSetSize of job (KB)
...
006 (78855136.030.000) 2026-10-05 00:12:11 Image size of job updated: 701340
	684  -  MemoryUsage of job (MB)
	700332  -  ResidentSetSize of job (KB)
...
006 (78855136.030.000) 2026-10-05 00:32:12 Image size of job updated: 701340
	684  -  MemoryUsage of job (MB)
	700400  -  ResidentSetSize of job (KB)
...
006 (78855136.030.000) 2026-10-05 00:37:13 Image size of job updated: 701392
	685  -  MemoryUsage of job (MB)
	700720  -  ResidentSetSize of job (KB)
...
006 (78855136.030.000) 2026-10-05 00:42:13 Image size of job updated: 701392
	685  -  MemoryUsage of job (MB)
	700768  -  ResidentSetSize of job (KB)
...
006 (78855136.030.000) 2026-10-05 00:47:14 Image size of job updated: 702452
	685  -  MemoryUsage of job (MB)
	701428  -  ResidentSetSize of job (KB)
...
006 (78855136.030.000) 2026-10-05 00:52:15 Image size of job updated: 702452
	686  -  MemoryUsage of job (MB)
	701524  -  ResidentSetSize of job (KB)
...
006 (78855136.030.000) 2026-10-05 00:57:15 Image size of job updated: 703540
	687  -  MemoryUsage of job (MB)
	702552  -  ResidentSetSize of job (KB)
...
006 (78855136.030.000) 2026-10-05 01:02:16 Image size of job updated: 703540
	687  -  MemoryUsage of job (MB)
	702564  -  ResidentSetSize of job (KB)
...
006 (78855136.030.000) 2026-10-05 01:07:17 Image size of job updated: 703568
	687  -  MemoryUsage of job (MB)
	702564  -  ResidentSetSize of job (KB)
...
006 (78855136.030.000) 2026-10-05 01:27:19 Image size of job updated: 704676
	689  -  MemoryUsage of job (MB)
	704676  -  ResidentSetSize of job (KB)
...
006 (78855136.030.000) 2026-10-05 01:37:21 Image size of job updated: 705688
	689  -  MemoryUsage of job (MB)
	704688  -  ResidentSetSize of job (KB)
...
006 (78855136.030.000) 2026-10-05 01:47:22 Image size of job updated: 706724
	691  -  MemoryUsage of job (MB)
	706724  -  ResidentSetSize of job (KB)
...
006 (78855136.030.000) 2026-10-05 01:52:22 Image size of job updated: 706744
	691  -  MemoryUsage of job (MB)
	706744  -  ResidentSetSize of job (KB)
...
006 (78855136.030.000) 2026-10-05 01:57:22 Image size of job updated: 706748
	691  -  MemoryUsage of job (MB)
	706744  -  ResidentSetSize of job (KB)
...
006 (78855136.030.000) 2026-10-05 02:07:23 Image size of job updated: 707800
	692  -  MemoryUsage of job (MB)
	707800  -  ResidentSetSize of job (KB)
...
006 (78855136.030.000) 2026-10-05 02:12:23 Image size of job updated: 707808
	692  -  MemoryUsage of job (MB)
	707808  -  ResidentSetSize of job (KB)
...
006 (78855136.030.000) 2026-10-05 02:17:24 Image size of job updated: 708936
	692  -  MemoryUsage of job (MB)
	707908  -  ResidentSetSize of job (KB)
...
006 (78855136.030.000) 2026-10-05 02:22:24 Image size of job updated: 708936
	692  -  MemoryUsage of job (MB)
	707916  -  ResidentSetSize of job (KB)
...
006 (78855136.030.000) 2026-10-05 02:27:24 Image size of job updated: 708936
	693  -  MemoryUsage of job (MB)
	708936  -  ResidentSetSize of job (KB)
...
006 (78855136.030.000) 2026-10-05 02:37:25 Image size of job updated: 709952
	693  -  MemoryUsage of job (MB)
	708936  -  ResidentSetSize of job (KB)
...
006 (78855136.030.000) 2026-10-05 02:42:25 Image size of job updated: 709952
	693  -  MemoryUsage of job (MB)
	708984  -  ResidentSetSize of job (KB)
...
006 (78855136.030.000) 2026-10-05 02:47:26 Image size of job updated: 709952
	693  -  MemoryUsage of job (MB)
	708988  -  ResidentSetSize of job (KB)
...
006 (78855136.030.000) 2026-10-05 02:52:26 Image size of job updated: 711024
	695  -  MemoryUsage of job (MB)
	711024  -  ResidentSetSize of job (KB)
...
006 (78855136.030.000) 2026-10-05 02:57:26 Image size of job updated: 711032
	695  -  MemoryUsage of job (MB)
	711032  -  ResidentSetSize of job (KB)
...
006 (78855136.030.000) 2026-10-05 03:02:27 Image size of job updated: 712132
	696  -  MemoryUsage of job (MB)
	712132  -  ResidentSetSize of job (KB)
...
006 (78855136.030.000) 2026-10-05 03:07:27 Image size of job updated: 712164
	696  -  MemoryUsage of job (MB)
	712164  -  ResidentSetSize of job (KB)
...
006 (78855136.030.000) 2026-10-05 03:32:29 Image size of job updated: 754160
	696  -  MemoryUsage of job (MB)
	712164  -  ResidentSetSize of job (KB)
...
006 (78855136.030.000) 2026-10-05 03:42:29 Image size of job updated: 754844
	696  -  MemoryUsage of job (MB)
	712164  -  ResidentSetSize of job (KB)
...
006 (78855136.030.000) 2026-10-05 03:52:30 Image size of job updated: 754844
	699  -  MemoryUsage of job (MB)
	714828  -  ResidentSetSize of job (KB)
...
006 (78855136.030.000) 2026-10-05 03:57:30 Image size of job updated: 754844
	699  -  MemoryUsage of job (MB)
	714856  -  ResidentSetSize of job (KB)
...
006 (78855136.030.000) 2026-10-05 04:02:31 Image size of job updated: 756332
	700  -  MemoryUsage of job (MB)
	716376  -  ResidentSetSize of job (KB)
...
006 (78855136.030.000) 2026-10-05 04:07:31 Image size of job updated: 756332
	700  -  MemoryUsage of job (MB)
	716380  -  ResidentSetSize of job (KB)
...
006 (78855136.030.000) 2026-10-05 04:12:31 Image size of job updated: 757348
	700  -  MemoryUsage of job (MB)
	716380  -  ResidentSetSize of job (KB)
...
006 (78855136.030.000) 2026-10-05 04:32:33 Image size of job updated: 757348
	705  -  MemoryUsage of job (MB)
	721204  -  ResidentSetSize of job (KB)
...
006 (78855136.030.000) 2026-10-05 04:37:33 Image size of job updated: 757348
	705  -  MemoryUsage of job (MB)
	721228  -  ResidentSetSize of job (KB)
...
006 (78855136.030.000) 2026-10-05 04:42:33 Image size of job updated: 757348
	707  -  MemoryUsage of job (MB)
	723676  -  ResidentSetSize of job (KB)
...
006 (78855136.030.000) 2026-10-05 04:47:34 Image size of job updated: 765024
	707  -  MemoryUsage of job (MB)
	723676  -  ResidentSetSize of job (KB)
...
006 (78855136.030.000) 2026-10-05 05:07:35 Image size of job updated: 765024
	709  -  MemoryUsage of job (MB)
	725456  -  ResidentSetSize of job (KB)
...
006 (78855136.030.000) 2026-10-05 05:12:35 Image size of job updated: 765024
	709  -  MemoryUsage of job (MB)
	725460  -  ResidentSetSize of job (KB)
...
006 (78855136.030.000) 2026-10-05 05:17:36 Image size of job updated: 765024
	710  -  MemoryUsage of job (MB)
	726816  -  ResidentSetSize of job (KB)
...
006 (78855136.030.000) 2026-10-05 05:22:36 Image size of job updated: 765024
	710  -  MemoryUsage of job (MB)
	726820  -  ResidentSetSize of job (KB)
...
006 (78855136.030.000) 2026-10-05 05:47:38 Image size of job updated: 765024
	712  -  MemoryUsage of job (MB)
	728980  -  ResidentSetSize of job (KB)
...
006 (78855136.030.000) 2026-10-05 05:52:38 Image size of job updated: 765024
	712  -  MemoryUsage of job (MB)
	728984  -  ResidentSetSize of job (KB)
...
006 (78855136.030.000) 2026-10-05 06:17:40 Image size of job updated: 772072
	713  -  MemoryUsage of job (MB)
	729708  -  ResidentSetSize of job (KB)
...
006 (78855136.030.000) 2026-10-05 06:22:40 Image size of job updated: 772072
	713  -  MemoryUsage of job (MB)
	729712  -  ResidentSetSize of job (KB)
...
006 (78855136.030.000) 2026-10-05 06:27:40 Image size of job updated: 772072
	714  -  MemoryUsage of job (MB)
	730552  -  ResidentSetSize of job (KB)
...
006 (78855136.030.000) 2026-10-05 06:32:41 Image size of job updated: 772072
	714  -  MemoryUsage of job (MB)
	730556  -  ResidentSetSize of job (KB)
...
006 (78855136.030.000) 2026-10-05 06:37:41 Image size of job updated: 772072
	717  -  MemoryUsage of job (MB)
	733448  -  ResidentSetSize of job (KB)
...
006 (78855136.030.000) 2026-10-05 06:52:42 Image size of job updated: 775076
	717  -  MemoryUsage of job (MB)
	733448  -  ResidentSetSize of job (KB)
...
006 (78855136.030.000) 2026-10-05 07:22:44 Image size of job updated: 775076
	719  -  MemoryUsage of job (MB)
	735808  -  ResidentSetSize of job (KB)
...
006 (78855136.030.000) 2026-10-05 07:27:44 Image size of job updated: 775076
	719  -  MemoryUsage of job (MB)
	735856  -  ResidentSetSize of job (KB)
...
006 (78855136.030.000) 2026-10-05 07:32:45 Image size of job updated: 775076
	719  -  MemoryUsage of job (MB)
	735860  -  ResidentSetSize of job (KB)
...
006 (78855136.030.000) 2026-10-05 07:37:45 Image size of job updated: 775076
	719  -  MemoryUsage of job (MB)
	735972  -  ResidentSetSize of job (KB)
...
006 (78855136.030.000) 2026-10-05 07:42:45 Image size of job updated: 777784
	721  -  MemoryUsage of job (MB)
	738180  -  ResidentSetSize of job (KB)
...
006 (78855136.030.000) 2026-10-05 07:47:46 Image size of job updated: 777784
	721  -  MemoryUsage of job (MB)
	738228  -  ResidentSetSize of job (KB)
...
006 (78855136.030.000) 2026-10-05 07:52:46 Image size of job updated: 780808
	721  -  MemoryUsage of job (MB)
	738228  -  ResidentSetSize of job (KB)
...
006 (78855136.030.000) 2026-10-05 08:02:47 Image size of job updated: 782920
	724  -  MemoryUsage of job (MB)
	740948  -  ResidentSetSize of job (KB)
...
006 (78855136.030.000) 2026-10-05 08:07:47 Image size of job updated: 782920
	724  -  MemoryUsage of job (MB)
	740952  -  ResidentSetSize of job (KB)
...
006 (78855136.030.000) 2026-10-05 08:12:47 Image size of job updated: 782936
	724  -  MemoryUsage of job (MB)
	740952  -  ResidentSetSize of job (KB)
...
006 (78855136.030.000) 2026-10-05 08:47:50 Image size of job updated: 782936
	726  -  MemoryUsage of job (MB)
	742652  -  ResidentSetSize of job (KB)
...
006 (78855136.030.000) 2026-10-05 08:52:50 Image size of job updated: 782936
	726  -  MemoryUsage of job (MB)
	742660  -  ResidentSetSize of job (KB)
...
006 (78855136.030.000) 2026-10-05 09:27:52 Image size of job updated: 793016
	732  -  MemoryUsage of job (MB)
	749028  -  ResidentSetSize of job (KB)
...
006 (78855136.030.000) 2026-10-05 09:32:53 Image size of job updated: 793016
	732  -  MemoryUsage of job (MB)
	749036  -  ResidentSetSize of job (KB)
...
006 (78855136.030.000) 2026-10-05 09:52:56 Image size of job updated: 793016
	732  -  MemoryUsage of job (MB)
	749292  -  ResidentSetSize of job (KB)
...
006 (78855136.030.000) 2026-10-05 10:28:00 Image size of job updated: 793016
	734  -  MemoryUsage of job (MB)
	751264  -  ResidentSetSize of job (KB)
...
006 (78855136.030.000) 2026-10-05 10:33:01 Image size of job updated: 793016
	734  -  MemoryUsage of job (MB)
	751284  -  ResidentSetSize of job (KB)
...
006 (78855136.030.000) 2026-10-05 10:38:02 Image size of job updated: 793244
	737  -  MemoryUsage of job (MB)
	753760  -  ResidentSetSize of job (KB)
...
006 (78855136.030.000) 2026-10-05 10:53:04 Image size of job updated: 801344
	738  -  MemoryUsage of job (MB)
	755308  -  ResidentSetSize of job (KB)
...
006 (78855136.030.000) 2026-10-05 10:58:04 Image size of job updated: 801344
	738  -  MemoryUsage of job (MB)
	755324  -  ResidentSetSize of job (KB)
...
006 (78855136.030.000) 2026-10-05 11:08:05 Image size of job updated: 801344
	738  -  MemoryUsage of job (MB)
	755328  -  ResidentSetSize of job (KB)
...
006 (78855136.030.000) 2026-10-05 11:13:05 Image size of job updated: 801344
	738  -  MemoryUsage of job (MB)
	755340  -  ResidentSetSize of job (KB)
...
006 (78855136.030.000) 2026-10-05 11:28:06 Image size of job updated: 801344
	739  -  MemoryUsage of job (MB)
	755756  -  ResidentSetSize of job (KB)
...
006 (78855136.030.000) 2026-10-05 11:33:07 Image size of job updated: 801344
	739  -  MemoryUsage of job (MB)
	755772  -  ResidentSetSize of job (KB)
...
006 (78855136.030.000) 2026-10-05 11:58:09 Image size of job updated: 809144
	740  -  MemoryUsage of job (MB)
	757056  -  ResidentSetSize of job (KB)
...
006 (78855136.030.000) 2026-10-05 12:08:11 Image size of job updated: 810408
	740  -  MemoryUsage of job (MB)
	757056  -  ResidentSetSize of job (KB)
...
006 (78855136.030.000) 2026-10-05 12:19:10 Image size of job updated: 835164
	740  -  MemoryUsage of job (MB)
	757056  -  ResidentSetSize of job (KB)
...
005 (78855136.030.000) 2026-10-05 12:19:10 Job terminated.
	(1) Normal termination (return value 0)
		Usr 3 06:35:21, Sys 0 00:08:52  -  Run Remote Usage
		Usr 0 00:00:00, Sys 0 00:00:00  -  Run Local Usage
		Usr 3 06:35:21, Sys 0 00:08:52  -  Total Remote Usage
		Usr 0 00:00:00, Sys 0 00:00:00  -  Total Local Usage
	0  -  Run Bytes Sent By Job
	0  -  Run Bytes Received By Job
	0  -  Total Bytes Sent By Job
	0  -  Total Bytes Received By Job
	Partitionable Resources :    Usage  Request Allocated 
	   Cpus                 :     0.99        4         4 
	   Disk (KB)            : 25000       25000     28672 
	   GPUs                 :                           0 
	   Memory (MB)          :   740       15000     15104 
	   TimeExecute (s)      : 80992                       
	   TimeSlotBusy (s)     : 80993                       
...
