000 (78852668.032.000) 2026-10-01 10:44:08 Job submitted from host: <10.14.0.121:9618?addrs=10.14.0.121-9618&alias=ldas-pcdev12.ligo.caltech.edu&noUDP&sock=schedd_623140_c9b4>
...
001 (78852668.032.000) 2026-10-01 10:47:54 Job executing on host: <10.14.10.129:9618?addrs=10.14.10.129-9618&alias=node2379.cluster.ldas.cit&noUDP&sock=startd_2659246_25db>
	SlotName: slot1_2@node2379.cluster.ldas.cit
	CondorScratchDir = "/var/lib/condor/execute/dir_3759504/scratch"
	Cpus = 4
	Disk = 28672
	GPUs = 0
	Memory = 15104
...
006 (78852668.032.000) 2026-10-01 10:47:54 Image size of job updated: 25000
	0  -  MemoryUsage of job (MB)
	0  -  ResidentSetSize of job (KB)
...
005 (78852668.032.000) 2026-10-01 10:47:54 Job terminated.
	(1) Normal termination (return value 1)
		Usr 0 00:00:00, Sys 0 00:00:00  -  Run Remote Usage
		Usr 0 00:00:00, Sys 0 00:00:00  -  Run Local Usage
		Usr 0 00:00:00, Sys 0 00:00:00  -  Total Remote Usage
		Usr 0 00:00:00, Sys 0 00:00:00  -  Total Local Usage
	0  -  Run Bytes Sent By Job
	0  -  Run Bytes Received By Job
	0  -  Total Bytes Sent By Job
	0  -  Total Bytes Received By Job
	Partitionable Resources :    Usage  Request Allocated 
	   Cpus                 :                 4         4 
	   Disk (KB)            :    25000    25000     28672 
	   GPUs                 :                           0 
	   Memory (MB)          :        0    15000     15104 
	   TimeExecute (s)      :        0                    
	   TimeSlotBusy (s)     :        0                    
...
000 (78854871.032.000) 2026-10-03 17:15:41 Job submitted from host: <10.14.0.121:9618?addrs=10.14.0.121-9618&alias=ldas-pcdev12.ligo.caltech.edu&noUDP&sock=schedd_623140_c9b4>
...
001 (78854871.032.000) 2026-10-03 17:16:40 Job executing on host: <10.14.6.153:9618?addrs=10.14.6.153-9618&alias=node1403.cluster.ldas.cit&noUDP&sock=startd_36162_b3e0>
	SlotName: slot1_1@node1403.cluster.ldas.cit
	CondorScratchDir = "/var/lib/condor/execute/dir_697668/scratch"
	Cpus = 4
	Disk = 28672
	GPUs = 0
	Memory = 15104
...
006 (78854871.032.000) 2026-10-03 17:16:49 Image size of job updated: 226988
	222  -  MemoryUsage of job (MB)
	226988  -  ResidentSetSize of job (KB)
...
006 (78854871.032.000) 2026-10-03 17:21:50 Image size of job updated: 299904
	293  -  MemoryUsage of job (MB)
	299904  -  ResidentSetSize of job (KB)
...
006 (78854871.032.000) 2026-10-03 17:26:51 Image size of job updated: 300708
	294  -  MemoryUsage of job (MB)
	300708  -  ResidentSetSize of job (KB)
...
006 (78854871.032.000) 2026-10-03 17:31:51 Image size of job updated: 434612
	425  -  MemoryUsage of job (MB)
	434612  -  ResidentSetSize of job (KB)
...
006 (78854871.032.000) 2026-10-03 17:36:52 Image size of job updated: 434820
	425  -  MemoryUsage of job (MB)
	434820  -  ResidentSetSize of job (KB)
...
006 (78854871.032.000) 2026-10-03 17:41:53 Image size of job updated: 438176
	428  -  MemoryUsage of job (MB)
	438176  -  ResidentSetSize of job (KB)
...
006 (78854871.032.000) 2026-10-03 17:46:53 Image size of job updated: 444168
	434  -  MemoryUsage of job (MB)
	444168  -  ResidentSetSize of job (KB)
...
006 (78854871.032.000) 2026-10-03 17:51:54 Image size of job updated: 464636
	454  -  MemoryUsage of job (MB)
	464636  -  ResidentSetSize of job (KB)
...
006 (78854871.032.000) 2026-10-03 17:56:55 Image size of job updated: 477452
	467  -  MemoryUsage of job (MB)
	477452  -  ResidentSetSize of job (KB)
...
006 (78854871.032.000) 2026-10-03 18:01:55 Image size of job updated: 485212
	473  -  MemoryUsage of job (MB)
	484292  -  ResidentSetSize of job (KB)
...
006 (78854871.032.000) 2026-10-03 18:06:56 Image size of job updated: 485212
	473  -  MemoryUsage of job (MB)
	484296  -  ResidentSetSize of job (KB)
...
006 (78854871.032.000) 2026-10-03 18:31:58 Image size of job updated: 497492
	486  -  MemoryUsage of job (MB)
	497492  -  ResidentSetSize of job (KB)
...
006 (78854871.032.000) 2026-10-03 18:36:58 Image size of job updated: 498492
	487  -  MemoryUsage of job (MB)
	498492  -  ResidentSetSize of job (KB)
...
006 (78854871.032.000) 2026-10-03 18:41:59 Image size of job updated: 498508
	487  -  MemoryUsage of job (MB)
	498508  -  ResidentSetSize of job (KB)
...
006 (78854871.032.000) 2026-10-03 18:46:59 Image size of job updated: 498512
	487  -  MemoryUsage of job (MB)
	498512  -  ResidentSetSize of job (KB)
...
006 (78854871.032.000) 2026-10-03 18:51:59 Image size of job updated: 502608
	490  -  MemoryUsage of job (MB)
	501584  -  ResidentSetSize of job (KB)
...
006 (78854871.032.000) 2026-10-03 18:57:00 Image size of job updated: 502608
	490  -  MemoryUsage of job (MB)
	501596  -  ResidentSetSize of job (KB)
...
006 (78854871.032.000) 2026-10-03 19:02:00 Image size of job updated: 502608
	490  -  MemoryUsage of job (MB)
	501608  -  ResidentSetSize of job (KB)
...
006 (78854871.032.000) 2026-10-03 19:07:00 Image size of job updated: 502608
	490  -  MemoryUsage of job (MB)
	501620  -  ResidentSetSize of job (KB)
...
006 (78854871.032.000) 2026-10-03 19:12:01 Image size of job updated: 502608
	490  -  MemoryUsage of job (MB)
	501656  -  ResidentSetSize of job (KB)
...
006 (78854871.032.000) 2026-10-03 19:17:01 Image size of job updated: 502608
	490  -  MemoryUsage of job (MB)
	501664  -  ResidentSetSize of job (KB)
...
006 (78854871.032.000) 2026-10-03 19:22:01 Image size of job updated: 502692
	491  -  MemoryUsage of job (MB)
	502692  -  ResidentSetSize of job (KB)
...
006 (78854871.032.000) 2026-10-03 19:27:02 Image size of job updated: 502696
	491  -  MemoryUsage of job (MB)
	502696  -  ResidentSetSize of job (KB)
...
006 (78854871.032.000) 2026-10-03 19:32:02 Image size of job updated: 502700
	491  -  MemoryUsage of job (MB)
	502700  -  ResidentSetSize of job (KB)
...
006 (78854871.032.000) 2026-10-03 19:42:03 Image size of job updated: 502708
	491  -  MemoryUsage of job (MB)
	502708  -  ResidentSetSize of job (KB)
...
006 (78854871.032.000) 2026-10-03 19:47:03 Image size of job updated: 502712
	491  -  MemoryUsage of job (MB)
	502712  -  ResidentSetSize of job (KB)
...
006 (78854871.032.000) 2026-10-03 19:52:03 Image size of job updated: 503740
	492  -  MemoryUsage of job (MB)
	503740  -  ResidentSetSize of job (KB)
...
006 (78854871.032.000) 2026-10-03 19:57:04 Image size of job updated: 503744
	492  -  MemoryUsage of job (MB)
	503744  -  ResidentSetSize of job (KB)
...
006 (78854871.032.000) 2026-10-03 20:02:04 Image size of job updated: 503752
	492  -  MemoryUsage of job (MB)
	503752  -  ResidentSetSize of job (KB)
...
006 (78854871.032.000) 2026-10-03 20:07:04 Image size of job updated: 503760
	492  -  MemoryUsage of job (MB)
	503760  -  ResidentSetSize of job (KB)
...
006 (78854871.032.000) 2026-10-03 20:17:06 Image size of job updated: 503768
	492  -  MemoryUsage of job (MB)
	503768  -  ResidentSetSize of job (KB)
...
006 (78854871.032.000) 2026-10-03 20:22:06 Image size of job updated: 503772
	492  -  MemoryUsage of job (MB)
	503772  -  ResidentSetSize of job (KB)
...
006 (78854871.032.000) 2026-10-03 20:27:07 Image size of job updated: 503776
	492  -  MemoryUsage of job (MB)
	503776  -  ResidentSetSize of job (KB)
...
006 (78854871.032.000) 2026-10-03 20:32:07 Image size of job updated: 504804
	493  -  MemoryUsage of job (MB)
	504804  -  ResidentSetSize of job (KB)
...
006 (78854871.032.000) 2026-10-03 20:37:07 Image size of job updated: 504808
	493  -  MemoryUsage of job (MB)
	504808  -  ResidentSetSize of job (KB)
...
006 (78854871.032.000) 2026-10-03 20:42:08 Image size of job updated: 504812
	493  -  MemoryUsage of job (MB)
	504812  -  ResidentSetSize of job (KB)
...
006 (78854871.032.000) 2026-10-03 20:47:09 Image size of job updated: 504816
	493  -  MemoryUsage of job (MB)
	504816  -  ResidentSetSize of job (KB)
...
006 (78854871.032.000) 2026-10-03 20:57:10 Image size of job updated: 504820
	493  -  MemoryUsage of job (MB)
	504820  -  ResidentSetSize of job (KB)
...
006 (78854871.032.000) 2026-10-03 21:02:11 Image size of job updated: 504836
	494  -  MemoryUsage of job (MB)
	504836  -  ResidentSetSize of job (KB)
...
006 (78854871.032.000) 2026-10-03 21:07:11 Image size of job updated: 509420
	498  -  MemoryUsage of job (MB)
	509420  -  ResidentSetSize of job (KB)
...
006 (78854871.032.000) 2026-10-03 21:12:12 Image size of job updated: 509432
	498  -  MemoryUsage of job (MB)
	509432  -  ResidentSetSize of job (KB)
...
006 (78854871.032.000) 2026-10-03 21:27:14 Image size of job updated: 510004
	499  -  MemoryUsage of job (MB)
	510004  -  ResidentSetSize of job (KB)
...
006 (78854871.032.000) 2026-10-03 21:32:15 Image size of job updated: 510012
	499  -  MemoryUsage of job (MB)
	510012  -  ResidentSetSize of job (KB)
...
006 (78854871.032.000) 2026-10-03 21:36:39 Image size of job updated: 514120
	499  -  MemoryUsage of job (MB)
	510012  -  ResidentSetSize of job (KB)
...
004 (78854871.032.000) 2026-10-03 21:36:39 Job was evicted. Code 1023 Subcode 0
	(0) CPU times
		Usr 0 13:52:37, Sys 0 00:00:39  -  Run Remote Usage
		Usr 0 00:00:00, Sys 0 00:00:00  -  Run Local Usage
	0  -  Run Bytes Sent By Job
	0  -  Run Bytes Received By Job
	Reason: via condor_rm (by user pratyusava.baral)
	Partitionable Resources :    Usage  Request Allocated 
	   Cpus                 :     3.06        4         4 
	   Disk (KB)            : 25000       25000     28672 
	   GPUs                 :                           0 
	   Memory (MB)          :   499       15000     15104 
	   TimeExecute (s)      : 15599                       
	   TimeSlotBusy (s)     : 15600                       
...
009 (78854871.032.000) 2026-10-03 21:36:39 Job was aborted.
	via condor_rm (by user pratyusava.baral)
...
000 (78854907.032.000) 2026-10-03 21:37:08 Job submitted from host: <10.14.0.121:9618?addrs=10.14.0.121-9618&alias=ldas-pcdev12.ligo.caltech.edu&noUDP&sock=schedd_623140_c9b4>
...
001 (78854907.032.000) 2026-10-03 21:38:42 Job executing on host: <10.14.5.142:9618?addrs=10.14.5.142-9618&alias=node1142.cluster.ldas.cit&noUDP&sock=startd_216892_733e>
	SlotName: slot1_2@node1142.cluster.ldas.cit
	CondorScratchDir = "/var/lib/condor/execute/dir_813813/scratch"
	Cpus = 4
	Disk = 28672
	GPUs = 0
	Memory = 15104
...
006 (78854907.032.000) 2026-10-03 21:38:50 Image size of job updated: 214420
	210  -  MemoryUsage of job (MB)
	214420  -  ResidentSetSize of job (KB)
...
006 (78854907.032.000) 2026-10-03 21:43:50 Image size of job updated: 282988
	277  -  MemoryUsage of job (MB)
	282988  -  ResidentSetSize of job (KB)
...
006 (78854907.032.000) 2026-10-03 21:48:51 Image size of job updated: 382832
	374  -  MemoryUsage of job (MB)
	382832  -  ResidentSetSize of job (KB)
...
006 (78854907.032.000) 2026-10-03 21:53:52 Image size of job updated: 395624
	387  -  MemoryUsage of job (MB)
	395624  -  ResidentSetSize of job (KB)
...
006 (78854907.032.000) 2026-10-03 21:58:52 Image size of job updated: 450976
	441  -  MemoryUsage of job (MB)
	450976  -  ResidentSetSize of job (KB)
...
006 (78854907.032.000) 2026-10-03 22:03:53 Image size of job updated: 451148
	441  -  MemoryUsage of job (MB)
	451148  -  ResidentSetSize of job (KB)
...
006 (78854907.032.000) 2026-10-03 22:08:54 Image size of job updated: 471052
	461  -  MemoryUsage of job (MB)
	471052  -  ResidentSetSize of job (KB)
...
006 (78854907.032.000) 2026-10-03 22:13:54 Image size of job updated: 471136
	461  -  MemoryUsage of job (MB)
	471136  -  ResidentSetSize of job (KB)
...
006 (78854907.032.000) 2026-10-03 22:18:55 Image size of job updated: 486856
	476  -  MemoryUsage of job (MB)
	486856  -  ResidentSetSize of job (KB)
...
006 (78854907.032.000) 2026-10-03 22:23:56 Image size of job updated: 487024
	476  -  MemoryUsage of job (MB)
	487024  -  ResidentSetSize of job (KB)
...
006 (78854907.032.000) 2026-10-03 22:28:56 Image size of job updated: 497848
	485  -  MemoryUsage of job (MB)
	495832  -  ResidentSetSize of job (KB)
...
006 (78854907.032.000) 2026-10-03 22:33:57 Image size of job updated: 497848
	485  -  MemoryUsage of job (MB)
	495952  -  ResidentSetSize of job (KB)
...
006 (78854907.032.000) 2026-10-03 22:38:58 Image size of job updated: 500080
	489  -  MemoryUsage of job (MB)
	500080  -  ResidentSetSize of job (KB)
...
006 (78854907.032.000) 2026-10-03 22:43:58 Image size of job updated: 500168
	489  -  MemoryUsage of job (MB)
	500168  -  ResidentSetSize of job (KB)
...
006 (78854907.032.000) 2026-10-03 22:48:59 Image size of job updated: 502308
	491  -  MemoryUsage of job (MB)
	502308  -  ResidentSetSize of job (KB)
...
006 (78854907.032.000) 2026-10-03 22:54:00 Image size of job updated: 502408
	491  -  MemoryUsage of job (MB)
	502408  -  ResidentSetSize of job (KB)
...
006 (78854907.032.000) 2026-10-03 22:59:00 Image size of job updated: 506556
	495  -  MemoryUsage of job (MB)
	506556  -  ResidentSetSize of job (KB)
...
006 (78854907.032.000) 2026-10-03 23:04:01 Image size of job updated: 506660
	495  -  MemoryUsage of job (MB)
	506660  -  ResidentSetSize of job (KB)
...
006 (78854907.032.000) 2026-10-03 23:09:02 Image size of job updated: 507872
	495  -  MemoryUsage of job (MB)
	506864  -  ResidentSetSize of job (KB)
...
006 (78854907.032.000) 2026-10-03 23:14:02 Image size of job updated: 507872
	496  -  MemoryUsage of job (MB)
	507456  -  ResidentSetSize of job (KB)
...
006 (78854907.032.000) 2026-10-03 23:19:03 Image size of job updated: 507872
	496  -  MemoryUsage of job (MB)
	507552  -  ResidentSetSize of job (KB)
...
006 (78854907.032.000) 2026-10-03 23:24:04 Image size of job updated: 509856
	498  -  MemoryUsage of job (MB)
	509856  -  ResidentSetSize of job (KB)
...
006 (78854907.032.000) 2026-10-03 23:29:04 Image size of job updated: 509884
	498  -  MemoryUsage of job (MB)
	509884  -  ResidentSetSize of job (KB)
...
006 (78854907.032.000) 2026-10-03 23:34:04 Image size of job updated: 511848
	500  -  MemoryUsage of job (MB)
	511848  -  ResidentSetSize of job (KB)
...
006 (78854907.032.000) 2026-10-03 23:39:05 Image size of job updated: 511872
	500  -  MemoryUsage of job (MB)
	511872  -  ResidentSetSize of job (KB)
...
006 (78854907.032.000) 2026-10-03 23:44:05 Image size of job updated: 513684
	502  -  MemoryUsage of job (MB)
	513684  -  ResidentSetSize of job (KB)
...
006 (78854907.032.000) 2026-10-03 23:49:05 Image size of job updated: 513780
	502  -  MemoryUsage of job (MB)
	513780  -  ResidentSetSize of job (KB)
...
006 (78854907.032.000) 2026-10-03 23:54:06 Image size of job updated: 517120
	505  -  MemoryUsage of job (MB)
	517120  -  ResidentSetSize of job (KB)
...
006 (78854907.032.000) 2026-10-03 23:59:06 Image size of job updated: 517352
	506  -  MemoryUsage of job (MB)
	517352  -  ResidentSetSize of job (KB)
...
006 (78854907.032.000) 2026-10-04 00:04:06 Image size of job updated: 523440
	511  -  MemoryUsage of job (MB)
	522448  -  ResidentSetSize of job (KB)
...
006 (78854907.032.000) 2026-10-04 00:09:07 Image size of job updated: 523440
	511  -  MemoryUsage of job (MB)
	522468  -  ResidentSetSize of job (KB)
...
006 (78854907.032.000) 2026-10-04 00:14:07 Image size of job updated: 525128
	513  -  MemoryUsage of job (MB)
	525128  -  ResidentSetSize of job (KB)
...
006 (78854907.032.000) 2026-10-04 00:19:07 Image size of job updated: 525188
	513  -  MemoryUsage of job (MB)
	525188  -  ResidentSetSize of job (KB)
...
006 (78854907.032.000) 2026-10-04 00:24:08 Image size of job updated: 527024
	515  -  MemoryUsage of job (MB)
	527024  -  ResidentSetSize of job (KB)
...
006 (78854907.032.000) 2026-10-04 00:29:08 Image size of job updated: 527068
	515  -  MemoryUsage of job (MB)
	527068  -  ResidentSetSize of job (KB)
...
006 (78854907.032.000) 2026-10-04 00:34:08 Image size of job updated: 529824
	518  -  MemoryUsage of job (MB)
	529824  -  ResidentSetSize of job (KB)
...
006 (78854907.032.000) 2026-10-04 00:39:09 Image size of job updated: 529872
	518  -  MemoryUsage of job (MB)
	529872  -  ResidentSetSize of job (KB)
...
006 (78854907.032.000) 2026-10-04 00:44:09 Image size of job updated: 530884
	518  -  MemoryUsage of job (MB)
	529872  -  ResidentSetSize of job (KB)
...
006 (78854907.032.000) 2026-10-04 00:54:10 Image size of job updated: 534108
	522  -  MemoryUsage of job (MB)
	534108  -  ResidentSetSize of job (KB)
...
006 (78854907.032.000) 2026-10-04 00:59:10 Image size of job updated: 534240
	522  -  MemoryUsage of job (MB)
	534240  -  ResidentSetSize of job (KB)
...
006 (78854907.032.000) 2026-10-04 01:04:10 Image size of job updated: 538732
	526  -  MemoryUsage of job (MB)
	538580  -  ResidentSetSize of job (KB)
...
006 (78854907.032.000) 2026-10-04 01:09:11 Image size of job updated: 538732
	526  -  MemoryUsage of job (MB)
	538592  -  ResidentSetSize of job (KB)
...
006 (78854907.032.000) 2026-10-04 01:14:11 Image size of job updated: 557152
	543  -  MemoryUsage of job (MB)
	555156  -  ResidentSetSize of job (KB)
...
006 (78854907.032.000) 2026-10-04 01:19:12 Image size of job updated: 557152
	543  -  MemoryUsage of job (MB)
	555180  -  ResidentSetSize of job (KB)
...
006 (78854907.032.000) 2026-10-04 01:24:13 Image size of job updated: 557940
	545  -  MemoryUsage of job (MB)
	557940  -  ResidentSetSize of job (KB)
...
006 (78854907.032.000) 2026-10-04 01:29:13 Image size of job updated: 557948
	545  -  MemoryUsage of job (MB)
	557948  -  ResidentSetSize of job (KB)
...
006 (78854907.032.000) 2026-10-04 01:34:14 Image size of job updated: 560336
	547  -  MemoryUsage of job (MB)
	559312  -  ResidentSetSize of job (KB)
...
006 (78854907.032.000) 2026-10-04 01:39:15 Image size of job updated: 560336
	547  -  MemoryUsage of job (MB)
	559320  -  ResidentSetSize of job (KB)
...
006 (78854907.032.000) 2026-10-04 01:44:15 Image size of job updated: 560384
	548  -  MemoryUsage of job (MB)
	560384  -  ResidentSetSize of job (KB)
...
006 (78854907.032.000) 2026-10-04 01:49:16 Image size of job updated: 560408
	548  -  MemoryUsage of job (MB)
	560408  -  ResidentSetSize of job (KB)
...
006 (78854907.032.000) 2026-10-04 01:54:17 Image size of job updated: 561836
	548  -  MemoryUsage of job (MB)
	560844  -  ResidentSetSize of job (KB)
...
006 (78854907.032.000) 2026-10-04 01:59:17 Image size of job updated: 561836
	548  -  MemoryUsage of job (MB)
	560852  -  ResidentSetSize of job (KB)
...
006 (78854907.032.000) 2026-10-04 02:04:18 Image size of job updated: 562456
	550  -  MemoryUsage of job (MB)
	562312  -  ResidentSetSize of job (KB)
...
006 (78854907.032.000) 2026-10-04 02:09:19 Image size of job updated: 562528
	550  -  MemoryUsage of job (MB)
	562528  -  ResidentSetSize of job (KB)
...
006 (78854907.032.000) 2026-10-04 02:14:19 Image size of job updated: 563580
	551  -  MemoryUsage of job (MB)
	563580  -  ResidentSetSize of job (KB)
...
006 (78854907.032.000) 2026-10-04 02:19:20 Image size of job updated: 563584
	551  -  MemoryUsage of job (MB)
	563584  -  ResidentSetSize of job (KB)
...
006 (78854907.032.000) 2026-10-04 02:24:21 Image size of job updated: 565648
	552  -  MemoryUsage of job (MB)
	564628  -  ResidentSetSize of job (KB)
...
006 (78854907.032.000) 2026-10-04 02:34:22 Image size of job updated: 565648
	553  -  MemoryUsage of job (MB)
	565588  -  ResidentSetSize of job (KB)
...
006 (78854907.032.000) 2026-10-04 02:39:23 Image size of job updated: 565648
	553  -  MemoryUsage of job (MB)
	565612  -  ResidentSetSize of job (KB)
...
006 (78854907.032.000) 2026-10-04 02:44:23 Image size of job updated: 567768
	555  -  MemoryUsage of job (MB)
	567768  -  ResidentSetSize of job (KB)
...
006 (78854907.032.000) 2026-10-04 02:49:24 Image size of job updated: 567772
	555  -  MemoryUsage of job (MB)
	567772  -  ResidentSetSize of job (KB)
...
006 (78854907.032.000) 2026-10-04 02:54:25 Image size of job updated: 569792
	556  -  MemoryUsage of job (MB)
	568788  -  ResidentSetSize of job (KB)
...
006 (78854907.032.000) 2026-10-04 02:59:25 Image size of job updated: 569792
	556  -  MemoryUsage of job (MB)
	568796  -  ResidentSetSize of job (KB)
...
006 (78854907.032.000) 2026-10-04 03:04:25 Image size of job updated: 570832
	556  -  MemoryUsage of job (MB)
	568800  -  ResidentSetSize of job (KB)
...
006 (78854907.032.000) 2026-10-04 03:09:26 Image size of job updated: 570832
	556  -  MemoryUsage of job (MB)
	568804  -  ResidentSetSize of job (KB)
...
006 (78854907.032.000) 2026-10-04 03:14:26 Image size of job updated: 570976
	558  -  MemoryUsage of job (MB)
	570976  -  ResidentSetSize of job (KB)
...
006 (78854907.032.000) 2026-10-04 03:19:26 Image size of job updated: 570984
	558  -  MemoryUsage of job (MB)
	570984  -  ResidentSetSize of job (KB)
...
006 (78854907.032.000) 2026-10-04 03:24:27 Image size of job updated: 572928
	560  -  MemoryUsage of job (MB)
	572928  -  ResidentSetSize of job (KB)
...
006 (78854907.032.000) 2026-10-04 03:39:28 Image size of job updated: 584284
	571  -  MemoryUsage of job (MB)
	584284  -  ResidentSetSize of job (KB)
...
006 (78854907.032.000) 2026-10-04 03:44:28 Image size of job updated: 584308
	571  -  MemoryUsage of job (MB)
	584284  -  ResidentSetSize of job (KB)
...
006 (78854907.032.000) 2026-10-04 03:49:28 Image size of job updated: 584500
	571  -  MemoryUsage of job (MB)
	584500  -  ResidentSetSize of job (KB)
...
006 (78854907.032.000) 2026-10-04 03:54:29 Image size of job updated: 584504
	571  -  MemoryUsage of job (MB)
	584504  -  ResidentSetSize of job (KB)
...
006 (78854907.032.000) 2026-10-04 03:59:29 Image size of job updated: 586348
	572  -  MemoryUsage of job (MB)
	585332  -  ResidentSetSize of job (KB)
...
006 (78854907.032.000) 2026-10-04 04:04:29 Image size of job updated: 586348
	572  -  MemoryUsage of job (MB)
	585336  -  ResidentSetSize of job (KB)
...
006 (78854907.032.000) 2026-10-04 04:09:30 Image size of job updated: 587416
	572  -  MemoryUsage of job (MB)
	585336  -  ResidentSetSize of job (KB)
...
006 (78854907.032.000) 2026-10-04 04:19:30 Image size of job updated: 587416
	573  -  MemoryUsage of job (MB)
	586416  -  ResidentSetSize of job (KB)
...
006 (78854907.032.000) 2026-10-04 04:24:31 Image size of job updated: 587416
	573  -  MemoryUsage of job (MB)
	586420  -  ResidentSetSize of job (KB)
...
006 (78854907.032.000) 2026-10-04 04:29:31 Image size of job updated: 587536
	574  -  MemoryUsage of job (MB)
	587520  -  ResidentSetSize of job (KB)
...
006 (78854907.032.000) 2026-10-04 04:34:31 Image size of job updated: 587536
	574  -  MemoryUsage of job (MB)
	587524  -  ResidentSetSize of job (KB)
...
006 (78854907.032.000) 2026-10-04 04:39:32 Image size of job updated: 590536
	575  -  MemoryUsage of job (MB)
	588508  -  ResidentSetSize of job (KB)
...
006 (78854907.032.000) 2026-10-04 04:44:32 Image size of job updated: 590536
	575  -  MemoryUsage of job (MB)
	588512  -  ResidentSetSize of job (KB)
...
006 (78854907.032.000) 2026-10-04 04:49:32 Image size of job updated: 590732
	576  -  MemoryUsage of job (MB)
	589724  -  ResidentSetSize of job (KB)
...
006 (78854907.032.000) 2026-10-04 04:54:33 Image size of job updated: 590732
	576  -  MemoryUsage of job (MB)
	589728  -  ResidentSetSize of job (KB)
...
006 (78854907.032.000) 2026-10-04 04:59:33 Image size of job updated: 591932
	578  -  MemoryUsage of job (MB)
	590912  -  ResidentSetSize of job (KB)
...
006 (78854907.032.000) 2026-10-04 05:04:33 Image size of job updated: 591932
	578  -  MemoryUsage of job (MB)
	591620  -  ResidentSetSize of job (KB)
...
006 (78854907.032.000) 2026-10-04 05:09:34 Image size of job updated: 592964
	580  -  MemoryUsage of job (MB)
	592964  -  ResidentSetSize of job (KB)
...
006 (78854907.032.000) 2026-10-04 05:14:34 Image size of job updated: 592968
	580  -  MemoryUsage of job (MB)
	592968  -  ResidentSetSize of job (KB)
...
006 (78854907.032.000) 2026-10-04 05:19:34 Image size of job updated: 593664
	580  -  MemoryUsage of job (MB)
	593664  -  ResidentSetSize of job (KB)
...
006 (78854907.032.000) 2026-10-04 05:24:35 Image size of job updated: 593668
	580  -  MemoryUsage of job (MB)
	593668  -  ResidentSetSize of job (KB)
...
006 (78854907.032.000) 2026-10-04 05:29:36 Image size of job updated: 595020
	582  -  MemoryUsage of job (MB)
	595020  -  ResidentSetSize of job (KB)
...
006 (78854907.032.000) 2026-10-04 05:34:36 Image size of job updated: 595024
	582  -  MemoryUsage of job (MB)
	595024  -  ResidentSetSize of job (KB)
...
006 (78854907.032.000) 2026-10-04 05:39:37 Image size of job updated: 595708
	582  -  MemoryUsage of job (MB)
	595024  -  ResidentSetSize of job (KB)
...
006 (78854907.032.000) 2026-10-04 05:49:38 Image size of job updated: 597352
	584  -  MemoryUsage of job (MB)
	597352  -  ResidentSetSize of job (KB)
...
006 (78854907.032.000) 2026-10-04 05:54:39 Image size of job updated: 597400
	584  -  MemoryUsage of job (MB)
	597400  -  ResidentSetSize of job (KB)
...
006 (78854907.032.000) 2026-10-04 05:59:40 Image size of job updated: 599924
	585  -  MemoryUsage of job (MB)
	598900  -  ResidentSetSize of job (KB)
...
006 (78854907.032.000) 2026-10-04 06:04:40 Image size of job updated: 599924
	585  -  MemoryUsage of job (MB)
	598904  -  ResidentSetSize of job (KB)
...
006 (78854907.032.000) 2026-10-04 06:09:41 Image size of job updated: 601956
	588  -  MemoryUsage of job (MB)
	601956  -  ResidentSetSize of job (KB)
...
006 (78854907.032.000) 2026-10-04 06:14:42 Image size of job updated: 601960
	588  -  MemoryUsage of job (MB)
	601960  -  ResidentSetSize of job (KB)
...
006 (78854907.032.000) 2026-10-04 06:19:42 Image size of job updated: 601964
	588  -  MemoryUsage of job (MB)
	601964  -  ResidentSetSize of job (KB)
...
006 (78854907.032.000) 2026-10-04 06:24:43 Image size of job updated: 603032
	588  -  MemoryUsage of job (MB)
	602012  -  ResidentSetSize of job (KB)
...
006 (78854907.032.000) 2026-10-04 06:29:44 Image size of job updated: 603032
	588  -  MemoryUsage of job (MB)
	602024  -  ResidentSetSize of job (KB)
...
006 (78854907.032.000) 2026-10-04 06:34:44 Image size of job updated: 603032
	589  -  MemoryUsage of job (MB)
	603012  -  ResidentSetSize of job (KB)
...
006 (78854907.032.000) 2026-10-04 06:39:45 Image size of job updated: 603572
	590  -  MemoryUsage of job (MB)
	603572  -  ResidentSetSize of job (KB)
...
006 (78854907.032.000) 2026-10-04 07:14:50 Image size of job updated: 607904
	590  -  MemoryUsage of job (MB)
	603572  -  ResidentSetSize of job (KB)
...
006 (78854907.032.000) 2026-10-04 07:34:52 Image size of job updated: 607904
	591  -  MemoryUsage of job (MB)
	604808  -  ResidentSetSize of job (KB)
...
006 (78854907.032.000) 2026-10-04 07:39:53 Image size of job updated: 607904
	591  -  MemoryUsage of job (MB)
	604812  -  ResidentSetSize of job (KB)
...
006 (78854907.032.000) 2026-10-04 07:44:54 Image size of job updated: 609724
	591  -  MemoryUsage of job (MB)
	604812  -  ResidentSetSize of job (KB)
...
006 (78854907.032.000) 2026-10-04 07:54:54 Image size of job updated: 609724
	593  -  MemoryUsage of job (MB)
	606524  -  ResidentSetSize of job (KB)
...
006 (78854907.032.000) 2026-10-04 08:34:57 Image size of job updated: 613900
	595  -  MemoryUsage of job (MB)
	608992  -  ResidentSetSize of job (KB)
...
006 (78854907.032.000) 2026-10-04 08:39:57 Image size of job updated: 613900
	595  -  MemoryUsage of job (MB)
	608996  -  ResidentSetSize of job (KB)
...
006 (78854907.032.000) 2026-10-04 09:04:59 Image size of job updated: 613900
	596  -  MemoryUsage of job (MB)
	609916  -  ResidentSetSize of job (KB)
...
006 (78854907.032.000) 2026-10-04 09:15:00 Image size of job updated: 613900
	599  -  MemoryUsage of job (MB)
	612944  -  ResidentSetSize of job (KB)
...
006 (78854907.032.000) 2026-10-04 09:20:00 Image size of job updated: 618252
	599  -  MemoryUsage of job (MB)
	612944  -  ResidentSetSize of job (KB)
...
006 (78854907.032.000) 2026-10-04 10:10:03 Image size of job updated: 618252
	600  -  MemoryUsage of job (MB)
	614260  -  ResidentSetSize of job (KB)
...
006 (78854907.032.000) 2026-10-04 10:15:04 Image size of job updated: 618252
	600  -  MemoryUsage of job (MB)
	614264  -  ResidentSetSize of job (KB)
...
006 (78854907.032.000) 2026-10-04 10:20:04 Image size of job updated: 621328
	600  -  MemoryUsage of job (MB)
	614264  -  ResidentSetSize of job (KB)
...
006 (78854907.032.000) 2026-10-04 10:30:05 Image size of job updated: 621328
	603  -  MemoryUsage of job (MB)
	616964  -  ResidentSetSize of job (KB)
...
006 (78854907.032.000) 2026-10-04 10:35:05 Image size of job updated: 621328
	603  -  MemoryUsage of job (MB)
	616968  -  ResidentSetSize of job (KB)
...
006 (78854907.032.000) 2026-10-04 10:40:05 Image size of job updated: 621328
	605  -  MemoryUsage of job (MB)
	618716  -  ResidentSetSize of job (KB)
...
006 (78854907.032.000) 2026-10-04 10:45:06 Image size of job updated: 621328
	605  -  MemoryUsage of job (MB)
	618720  -  ResidentSetSize of job (KB)
...
006 (78854907.032.000) 2026-10-04 11:10:08 Image size of job updated: 622516
	608  -  MemoryUsage of job (MB)
	622516  -  ResidentSetSize of job (KB)
...
006 (78854907.032.000) 2026-10-04 11:15:09 Image size of job updated: 623304
	609  -  MemoryUsage of job (MB)
	623304  -  ResidentSetSize of job (KB)
...
006 (78854907.032.000) 2026-10-04 11:20:10 Image size of job updated: 623316
	609  -  MemoryUsage of job (MB)
	623316  -  ResidentSetSize of job (KB)
...
006 (78854907.032.000) 2026-10-04 11:25:10 Image size of job updated: 623320
	609  -  MemoryUsage of job (MB)
	623320  -  ResidentSetSize of job (KB)
...
006 (78854907.032.000) 2026-10-04 11:30:11 Image size of job updated: 631220
	611  -  MemoryUsage of job (MB)
	625176  -  ResidentSetSize of job (KB)
...
006 (78854907.032.000) 2026-10-04 11:35:12 Image size of job updated: 631220
	611  -  MemoryUsage of job (MB)
	625180  -  ResidentSetSize of job (KB)
...
006 (78854907.032.000) 2026-10-04 11:40:12 Image size of job updated: 631220
	614  -  MemoryUsage of job (MB)
	628144  -  ResidentSetSize of job (KB)
...
006 (78854907.032.000) 2026-10-04 12:05:16 Image size of job updated: 631220
	615  -  MemoryUsage of job (MB)
	629044  -  ResidentSetSize of job (KB)
...
006 (78854907.032.000) 2026-10-04 12:10:16 Image size of job updated: 631220
	615  -  MemoryUsage of job (MB)
	629048  -  ResidentSetSize of job (KB)
...
006 (78854907.032.000) 2026-10-04 12:15:17 Image size of job updated: 631220
	616  -  MemoryUsage of job (MB)
	629928  -  ResidentSetSize of job (KB)
...
006 (78854907.032.000) 2026-10-04 12:20:18 Image size of job updated: 631220
	616  -  MemoryUsage of job (MB)
	629932  -  ResidentSetSize of job (KB)
...
006 (78854907.032.000) 2026-10-04 12:25:18 Image size of job updated: 633576
	616  -  MemoryUsage of job (MB)
	629932  -  ResidentSetSize of job (KB)
...
006 (78854907.032.000) 2026-10-04 12:45:21 Image size of job updated: 633576
	618  -  MemoryUsage of job (MB)
	632596  -  ResidentSetSize of job (KB)
...
006 (78854907.032.000) 2026-10-04 12:50:22 Image size of job updated: 633576
	618  -  MemoryUsage of job (MB)
	632600  -  ResidentSetSize of job (KB)
...
006 (78854907.032.000) 2026-10-04 13:15:25 Image size of job updated: 679512
	621  -  MemoryUsage of job (MB)
	635240  -  ResidentSetSize of job (KB)
...
006 (78854907.032.000) 2026-10-04 13:30:27 Image size of job updated: 679512
	621  -  MemoryUsage of job (MB)
	635700  -  ResidentSetSize of job (KB)
...
006 (78854907.032.000) 2026-10-04 13:35:28 Image size of job updated: 679512
	623  -  MemoryUsage of job (MB)
	637048  -  ResidentSetSize of job (KB)
...
004 (78854907.032.000) 2026-10-04 13:44:47 Job was evicted. Code 1023 Subcode 0
	(0) CPU times
		Usr 2 05:21:09, Sys 0 00:02:25  -  Run Remote Usage
		Usr 0 00:00:00, Sys 0 00:00:00  -  Run Local Usage
	0  -  Run Bytes Sent By Job
	0  -  Run Bytes Received By Job
	Reason: via condor_rm (by user pratyusava.baral)
	Partitionable Resources :    Usage  Request Allocated 
	   Cpus                 :     3.70        4         4 
	   Disk (KB)            : 25000       25000     28672 
	   GPUs                 :                           0 
	   Memory (MB)          :   623       15000     15104 
	   TimeExecute (s)      : 57965                       
	   TimeSlotBusy (s)     : 57966                       
...
009 (78854907.032.000) 2026-10-04 13:44:47 Job was aborted.
	via condor_rm (by user pratyusava.baral)
...
000 (78855136.032.000) 2026-10-04 13:45:07 Job submitted from host: <10.14.0.121:9618?addrs=10.14.0.121-9618&alias=ldas-pcdev12.ligo.caltech.edu&noUDP&sock=schedd_623140_c9b4>
...
001 (78855136.032.000) 2026-10-04 13:49:18 Job executing on host: <10.14.4.128:9618?addrs=10.14.4.128-9618&alias=node878.cluster.ldas.cit&noUDP&sock=startd_36999_d0a5>
	SlotName: slot1_1@node878.cluster.ldas.cit
	CondorScratchDir = "/var/lib/condor/execute/dir_358047/scratch"
	Cpus = 4
	Disk = 28672
	GPUs = 0
	Memory = 15104
...
006 (78855136.032.000) 2026-10-04 13:49:26 Image size of job updated: 79848
	78  -  MemoryUsage of job (MB)
	79848  -  ResidentSetSize of job (KB)
...
006 (78855136.032.000) 2026-10-04 13:54:26 Image size of job updated: 377724
	369  -  MemoryUsage of job (MB)
	377724  -  ResidentSetSize of job (KB)
...
006 (78855136.032.000) 2026-10-04 13:59:26 Image size of job updated: 508388
	497  -  MemoryUsage of job (MB)
	508324  -  ResidentSetSize of job (KB)
...
006 (78855136.032.000) 2026-10-04 14:04:27 Image size of job updated: 508516
	497  -  MemoryUsage of job (MB)
	508516  -  ResidentSetSize of job (KB)
...
006 (78855136.032.000) 2026-10-04 14:09:27 Image size of job updated: 561708
	549  -  MemoryUsage of job (MB)
	561708  -  ResidentSetSize of job (KB)
...
006 (78855136.032.000) 2026-10-04 14:14:27 Image size of job updated: 562008
	549  -  MemoryUsage of job (MB)
	562008  -  ResidentSetSize of job (KB)
...
006 (78855136.032.000) 2026-10-04 14:19:28 Image size of job updated: 629648
	555  -  MemoryUsage of job (MB)
	567480  -  ResidentSetSize of job (KB)
...
006 (78855136.032.000) 2026-10-04 14:24:28 Image size of job updated: 629648
	555  -  MemoryUsage of job (MB)
	567620  -  ResidentSetSize of job (KB)
...
006 (78855136.032.000) 2026-10-04 14:29:28 Image size of job updated: 629648
	562  -  MemoryUsage of job (MB)
	575188  -  ResidentSetSize of job (KB)
...
006 (78855136.032.000) 2026-10-04 14:34:29 Image size of job updated: 629648
	569  -  MemoryUsage of job (MB)
	582248  -  ResidentSetSize of job (KB)
...
006 (78855136.032.000) 2026-10-04 14:39:30 Image size of job updated: 629648
	603  -  MemoryUsage of job (MB)
	616824  -  ResidentSetSize of job (KB)
...
006 (78855136.032.000) 2026-10-04 14:44:30 Image size of job updated: 629648
	614  -  MemoryUsage of job (MB)
	628500  -  ResidentSetSize of job (KB)
...
006 (78855136.032.000) 2026-10-04 14:49:31 Image size of job updated: 683900
	620  -  MemoryUsage of job (MB)
	634432  -  ResidentSetSize of job (KB)
...
006 (78855136.032.000) 2026-10-04 14:54:32 Image size of job updated: 683900
	620  -  MemoryUsage of job (MB)
	634468  -  ResidentSetSize of job (KB)
...
006 (78855136.032.000) 2026-10-04 15:39:36 Image size of job updated: 684212
	620  -  MemoryUsage of job (MB)
	634468  -  ResidentSetSize of job (KB)
...
006 (78855136.032.000) 2026-10-04 15:44:25 Image size of job updated: 709940
	620  -  MemoryUsage of job (MB)
	634468  -  ResidentSetSize of job (KB)
...
005 (78855136.032.000) 2026-10-04 15:44:25 Job terminated.
	(1) Normal termination (return value 0)
		Usr 0 06:52:18, Sys 0 00:00:45  -  Run Remote Usage
		Usr 0 00:00:00, Sys 0 00:00:00  -  Run Local Usage
		Usr 0 06:52:18, Sys 0 00:00:45  -  Total Remote Usage
		Usr 0 00:00:00, Sys 0 00:00:00  -  Total Local Usage
	0  -  Run Bytes Sent By Job
	0  -  Run Bytes Received By Job
	0  -  Total Bytes Sent By Job
	0  -  Total Bytes Received By Job
	Partitionable Resources :    Usage  Request Allocated 
	   Cpus                 :     3.55        4         4 
	   Disk (KB)            : 25000       25000     28672 
	   GPUs                 :                           0 
	   Memory (MB)          :   620       15000     15104 
	   TimeExecute (s)      :  6907                       
	   TimeSlotBusy (s)     :  6908                       
...
