13:49 bilby INFO    : Waveform generator initiated with
  frequency_domain_source_model: bilby.gw.source.lal_binary_black_hole_individual_modes
  time_domain_source_model: None
  parameter_conversion: bilby.gw.conversion.convert_to_lal_binary_black_hole_parameters
/home/pratyusava.baral/Modified_Dispersion/src/bilby-x-g/bilby/gw/detector/interferometer.py:511: RuntimeWarning: divide by zero encountered in scalar power
  lambda_A = h * np.abs(A) ** (1/(a-2))
13:49 bilby INFO    : No prior given, using default BNS priors in /home/pratyusava.baral/Modified_Dispersion/src/bilby-x-g/bilby/gw/prior_files/aligned_spins_bns_tides_on.prior.
13:49 bilby INFO    : Running for label 'None', output will be saved to 'results/34'
13:49 bilby INFO    : Performing redundancy check using BBHPriorDict(self).test_redundancy
13:49 bilby INFO    : Performing redundancy check using BBHPriorDict(self).test_redundancy
13:49 bilby INFO    : Performing redundancy check using BBHPriorDict(self).test_redundancy
13:49 bilby INFO    : Performing redundancy check using BBHPriorDict(self).test_redundancy
13:49 bilby INFO    : Performing redundancy check using BBHPriorDict(self).test_redundancy
13:49 bilby INFO    : Performing redundancy check using BBHPriorDict(self).test_redundancy
13:49 bilby INFO    : Performing redundancy check using BBHPriorDict(self).test_redundancy
13:49 bilby INFO    : Performing redundancy check using BBHPriorDict(self).test_redundancy
13:49 bilby INFO    : Performing redundancy check using BBHPriorDict(self).test_redundancy
13:49 bilby INFO    : Performing redundancy check using BBHPriorDict(self).test_redundancy
13:49 bilby INFO    : Performing redundancy check using BBHPriorDict(self).test_redundancy
13:49 bilby INFO    : Performing redundancy check using BBHPriorDict(self).test_redundancy
13:49 bilby INFO    : Performing redundancy check using BBHPriorDict(self).test_redundancy
13:49 bilby INFO    : Performing redundancy check using BBHPriorDict(self).test_redundancy
13:49 bilby INFO    : Using lal version 7.7.1
13:49 bilby INFO    : Using lal git version Branch: None;Tag: lalsuite-v7.26.15;Id: 2c00d8c200308422036d0a23b7c0394f7c73faad;;Builder: Unknown User <>;Repository status: CLEAN: All modifications committed
13:49 bilby INFO    : Using lalsimulation version 6.2.1
13:49 bilby INFO    : Using lalsimulation git version Branch: None;Tag: lalsuite-v7.26.15;Id: 2c00d8c200308422036d0a23b7c0394f7c73faad;;Builder: Unknown User <>;Repository status: CLEAN: All modifications committed

[notice] A new release of pip is available: 24.0 -> 26.2.1
[notice] To update, run: /scratch/pratyusava.baral/Modified_Dispersion/src/dispersion/bin/python -m pip install --upgrade pip
13:49 bilby INFO    : Analysis priors:
13:49 bilby INFO    : mass_ratio=Uniform(minimum=0.5885400912967061, maximum=1, name='mass_ratio', latex_label='$q$', unit=None, boundary=None)
13:49 bilby INFO    : chirp_mass=Uniform(minimum=38.33792393810578, maximum=38.397923938105784, name='chirp_mass', latex_label='$\\mathcal{M}$', unit=None, boundary=None)
13:49 bilby INFO    : luminosity_distance=Uniform(minimum=1561.5037199843473, maximum=1651.5037199843473, name='luminosity_distance', latex_label='$d_L$', unit=None, boundary=None)
13:49 bilby INFO    : dec=Cosine(minimum=-1.5707963267948966, maximum=1.5707963267948966, name='dec', latex_label='$\\mathrm{DEC}$', unit=None, boundary=None)
13:49 bilby INFO    : ra=Uniform(minimum=0, maximum=6.283185307179586, name='ra', latex_label='$\\mathrm{RA}$', unit=None, boundary='periodic')
13:49 bilby INFO    : theta_jn=Sine(minimum=0, maximum=3.141592653589793, name='theta_jn', latex_label='$\\theta_{JN}$', unit=None, boundary=None)
13:49 bilby INFO    : psi=Uniform(minimum=0, maximum=3.141592653589793, name='psi', latex_label='$\\psi$', unit=None, boundary='periodic')
13:49 bilby INFO    : phase=Uniform(minimum=0, maximum=6.283185307179586, name='phase', latex_label='$\\phi$', unit=None, boundary='periodic')
13:49 bilby INFO    : chi_1=bilby.gw.prior.AlignedSpin(a_prior=Uniform(minimum=0, maximum=0.99, name=None, latex_label=None, unit=None, boundary=None), z_prior=Uniform(minimum=-1, maximum=1, name=None, latex_label=None, unit=None, boundary=None), name='chi_1', latex_label='$\\chi_1$', unit=None, boundary=None, minimum=-0.99, maximum=0.99)
13:49 bilby INFO    : chi_2=bilby.gw.prior.AlignedSpin(a_prior=Uniform(minimum=0, maximum=0.99, name=None, latex_label=None, unit=None, boundary=None), z_prior=Uniform(minimum=-1, maximum=1, name=None, latex_label=None, unit=None, boundary=None), name='chi_2', latex_label='$\\chi_2$', unit=None, boundary=None, minimum=-0.99, maximum=0.99)
13:49 bilby INFO    : A=SymmetricLogUniform(minimum=1e-05, maximum=0.1, name='A', latex_label='A', unit=None, boundary=None)
13:49 bilby INFO    : CE_time=Uniform(minimum=1930466192.214003, maximum=1930466192.216003, name='CE_time', latex_label='$t_{CE}$', unit='$s$', boundary=None)
13:49 bilby INFO    : a=0
13:49 bilby INFO    : fiducial=0
13:49 bilby INFO    : Analysis likelihood class: <class 'bilby.gw.likelihood.relative.RelativeBinningGravitationalWaveTransientNextGenerationModebyMode'>
13:49 bilby INFO    : Analysis likelihood noise evidence: -211525.25735717514
13:49 bilby INFO    : Single likelihood evaluation took 1.379e-02 s
13:49 bilby INFO    : Using sampler Dynesty with kwargs {'nlive': 500, 'bound': 'live', 'sample': 'acceptance-walk', 'periodic': None, 'reflective': None, 'update_interval': 600, 'first_update': None, 'npdim': None, 'rstate': None, 'queue_size': 4, 'pool': None, 'use_pool': None, 'live_points': None, 'logl_args': None, 'logl_kwargs': None, 'ptform_args': None, 'ptform_kwargs': None, 'gradient': None, 'grad_args': None, 'grad_kwargs': None, 'compute_jac': False, 'enlarge': None, 'bootstrap': None, 'walks': 100, 'facc': 0.2, 'slices': None, 'fmove': 0.9, 'max_move': 100, 'update_func': None, 'ncdim': None, 'blob': False, 'save_history': False, 'history_filename': None, 'maxiter': None, 'maxcall': None, 'dlogz': 0.01, 'logl_max': inf, 'n_effective': None, 'add_live': True, 'print_progress': True, 'print_func': <bound method Dynesty._print_func of <bilby.core.sampler.dynesty.Dynesty object at 0x149e11404f10>>, 'save_bounds': False, 'checkpoint_file': None, 'checkpoint_every': 60, 'resume': False, 'seed': None}
13:49 bilby INFO    : Checkpoint every check_point_delta_t = 600s
13:49 bilby INFO    : Using dynesty version 2.1.5
13:49 bilby INFO    : Using the bilby-implemented acceptance-walk sampling with an average of 16.0 accepted steps per MCMC and maximum length 5000
13:49 bilby INFO    : Setting up multiproccesing pool with 4 processes
13:49 bilby INFO    : Reading resume file results/34/None_resume.pickle
13:49 bilby INFO    : Resume file successfully loaded.
13:54 bilby INFO    : Written checkpoint file results/34/None_resume.pickle
/scratch/pratyusava.baral/Modified_Dispersion/src/dispersion/lib/python3.11/site-packages/dynesty/plotting.py:252: RuntimeWarning: overflow encountered in exp
  np.exp(logwt), logz if logplot else np.exp(logz)
/scratch/pratyusava.baral/Modified_Dispersion/src/dispersion/lib/python3.11/site-packages/dynesty/plotting.py:282: RuntimeWarning: overflow encountered in exp
  zspan = (0., 1.05 * np.exp(logz[-1] + 3. * logzerr[-1]))
13:55 bilby WARNING : Axis limits cannot be NaN or Inf
13:55 bilby WARNING : Failed to create dynesty run plot at checkpoint
14:05 bilby INFO    : Written checkpoint file results/34/None_resume.pickle
/scratch/pratyusava.baral/Modified_Dispersion/src/dispersion/lib/python3.11/site-packages/dynesty/plotting.py:252: RuntimeWarning: overflow encountered in exp
  np.exp(logwt), logz if logplot else np.exp(logz)
/scratch/pratyusava.baral/Modified_Dispersion/src/dispersion/lib/python3.11/site-packages/dynesty/plotting.py:282: RuntimeWarning: overflow encountered in exp
  zspan = (0., 1.05 * np.exp(logz[-1] + 3. * logzerr[-1]))
14:05 bilby WARNING : Axis limits cannot be NaN or Inf
14:05 bilby WARNING : Failed to create dynesty run plot at checkpoint
14:15 bilby INFO    : Written checkpoint file results/34/None_resume.pickle
/scratch/pratyusava.baral/Modified_Dispersion/src/dispersion/lib/python3.11/site-packages/dynesty/plotting.py:252: RuntimeWarning: overflow encountered in exp
  np.exp(logwt), logz if logplot else np.exp(logz)
/scratch/pratyusava.baral/Modified_Dispersion/src/dispersion/lib/python3.11/site-packages/dynesty/plotting.py:282: RuntimeWarning: overflow encountered in exp
  zspan = (0., 1.05 * np.exp(logz[-1] + 3. * logzerr[-1]))
14:15 bilby WARNING : Axis limits cannot be NaN or Inf
14:15 bilby WARNING : Failed to create dynesty run plot at checkpoint
14:25 bilby INFO    : Written checkpoint file results/34/None_resume.pickle
/scratch/pratyusava.baral/Modified_Dispersion/src/dispersion/lib/python3.11/site-packages/dynesty/plotting.py:252: RuntimeWarning: overflow encountered in exp
  np.exp(logwt), logz if logplot else np.exp(logz)
/scratch/pratyusava.baral/Modified_Dispersion/src/dispersion/lib/python3.11/site-packages/dynesty/plotting.py:282: RuntimeWarning: overflow encountered in exp
  zspan = (0., 1.05 * np.exp(logz[-1] + 3. * logzerr[-1]))
14:25 bilby WARNING : Axis limits cannot be NaN or Inf
14:25 bilby WARNING : Failed to create dynesty run plot at checkpoint
14:35 bilby INFO    : Written checkpoint file results/34/None_resume.pickle
/scratch/pratyusava.baral/Modified_Dispersion/src/dispersion/lib/python3.11/site-packages/dynesty/plotting.py:252: RuntimeWarning: overflow encountered in exp
  np.exp(logwt), logz if logplot else np.exp(logz)
/scratch/pratyusava.baral/Modified_Dispersion/src/dispersion/lib/python3.11/site-packages/dynesty/plotting.py:282: RuntimeWarning: overflow encountered in exp
  zspan = (0., 1.05 * np.exp(logz[-1] + 3. * logzerr[-1]))
14:35 bilby WARNING : Axis limits cannot be NaN or Inf
14:35 bilby WARNING : Failed to create dynesty run plot at checkpoint
14:45 bilby INFO    : Written checkpoint file results/34/None_resume.pickle
/scratch/pratyusava.baral/Modified_Dispersion/src/dispersion/lib/python3.11/site-packages/dynesty/plotting.py:252: RuntimeWarning: overflow encountered in exp
  np.exp(logwt), logz if logplot else np.exp(logz)
/scratch/pratyusava.baral/Modified_Dispersion/src/dispersion/lib/python3.11/site-packages/dynesty/plotting.py:282: RuntimeWarning: overflow encountered in exp
  zspan = (0., 1.05 * np.exp(logz[-1] + 3. * logzerr[-1]))
14:46 bilby WARNING : Axis limits cannot be NaN or Inf
14:46 bilby WARNING : Failed to create dynesty run plot at checkpoint
14:56 bilby INFO    : Written checkpoint file results/34/None_resume.pickle
/scratch/pratyusava.baral/Modified_Dispersion/src/dispersion/lib/python3.11/site-packages/dynesty/plotting.py:252: RuntimeWarning: overflow encountered in exp
  np.exp(logwt), logz if logplot else np.exp(logz)
/scratch/pratyusava.baral/Modified_Dispersion/src/dispersion/lib/python3.11/site-packages/dynesty/plotting.py:282: RuntimeWarning: overflow encountered in exp
  zspan = (0., 1.05 * np.exp(logz[-1] + 3. * logzerr[-1]))
14:56 bilby WARNING : Axis limits cannot be NaN or Inf
14:56 bilby WARNING : Failed to create dynesty run plot at checkpoint
15:06 bilby INFO    : Written checkpoint file results/34/None_resume.pickle
/scratch/pratyusava.baral/Modified_Dispersion/src/dispersion/lib/python3.11/site-packages/dynesty/plotting.py:252: RuntimeWarning: overflow encountered in exp
  np.exp(logwt), logz if logplot else np.exp(logz)
/scratch/pratyusava.baral/Modified_Dispersion/src/dispersion/lib/python3.11/site-packages/dynesty/plotting.py:282: RuntimeWarning: overflow encountered in exp
  zspan = (0., 1.05 * np.exp(logz[-1] + 3. * logzerr[-1]))
15:06 bilby WARNING : Axis limits cannot be NaN or Inf
15:06 bilby WARNING : Failed to create dynesty run plot at checkpoint
15:16 bilby INFO    : Written checkpoint file results/34/None_resume.pickle
/scratch/pratyusava.baral/Modified_Dispersion/src/dispersion/lib/python3.11/site-packages/dynesty/plotting.py:252: RuntimeWarning: overflow encountered in exp
  np.exp(logwt), logz if logplot else np.exp(logz)
/scratch/pratyusava.baral/Modified_Dispersion/src/dispersion/lib/python3.11/site-packages/dynesty/plotting.py:282: RuntimeWarning: overflow encountered in exp
  zspan = (0., 1.05 * np.exp(logz[-1] + 3. * logzerr[-1]))
15:16 bilby WARNING : Axis limits cannot be NaN or Inf
15:16 bilby WARNING : Failed to create dynesty run plot at checkpoint
15:27 bilby INFO    : Written checkpoint file results/34/None_resume.pickle
/scratch/pratyusava.baral/Modified_Dispersion/src/dispersion/lib/python3.11/site-packages/dynesty/plotting.py:252: RuntimeWarning: overflow encountered in exp
  np.exp(logwt), logz if logplot else np.exp(logz)
/scratch/pratyusava.baral/Modified_Dispersion/src/dispersion/lib/python3.11/site-packages/dynesty/plotting.py:282: RuntimeWarning: overflow encountered in exp
  zspan = (0., 1.05 * np.exp(logz[-1] + 3. * logzerr[-1]))
15:27 bilby WARNING : Axis limits cannot be NaN or Inf
15:27 bilby WARNING : Failed to create dynesty run plot at checkpoint
15:37 bilby INFO    : Written checkpoint file results/34/None_resume.pickle
/scratch/pratyusava.baral/Modified_Dispersion/src/dispersion/lib/python3.11/site-packages/dynesty/plotting.py:252: RuntimeWarning: overflow encountered in exp
  np.exp(logwt), logz if logplot else np.exp(logz)
/scratch/pratyusava.baral/Modified_Dispersion/src/dispersion/lib/python3.11/site-packages/dynesty/plotting.py:282: RuntimeWarning: overflow encountered in exp
  zspan = (0., 1.05 * np.exp(logz[-1] + 3. * logzerr[-1]))
15:37 bilby WARNING : Axis limits cannot be NaN or Inf
15:37 bilby WARNING : Failed to create dynesty run plot at checkpoint
15:48 bilby INFO    : Written checkpoint file results/34/None_resume.pickle
/scratch/pratyusava.baral/Modified_Dispersion/src/dispersion/lib/python3.11/site-packages/dynesty/plotting.py:252: RuntimeWarning: overflow encountered in exp
  np.exp(logwt), logz if logplot else np.exp(logz)
/scratch/pratyusava.baral/Modified_Dispersion/src/dispersion/lib/python3.11/site-packages/dynesty/plotting.py:282: RuntimeWarning: overflow encountered in exp
  zspan = (0., 1.05 * np.exp(logz[-1] + 3. * logzerr[-1]))
15:48 bilby WARNING : Axis limits cannot be NaN or Inf
15:48 bilby WARNING : Failed to create dynesty run plot at checkpoint
15:58 bilby INFO    : Written checkpoint file results/34/None_resume.pickle
/scratch/pratyusava.baral/Modified_Dispersion/src/dispersion/lib/python3.11/site-packages/dynesty/plotting.py:252: RuntimeWarning: overflow encountered in exp
  np.exp(logwt), logz if logplot else np.exp(logz)
/scratch/pratyusava.baral/Modified_Dispersion/src/dispersion/lib/python3.11/site-packages/dynesty/plotting.py:282: RuntimeWarning: overflow encountered in exp
  zspan = (0., 1.05 * np.exp(logz[-1] + 3. * logzerr[-1]))
15:58 bilby WARNING : Axis limits cannot be NaN or Inf
15:58 bilby WARNING : Failed to create dynesty run plot at checkpoint
16:08 bilby INFO    : Written checkpoint file results/34/None_resume.pickle
/scratch/pratyusava.baral/Modified_Dispersion/src/dispersion/lib/python3.11/site-packages/dynesty/plotting.py:252: RuntimeWarning: overflow encountered in exp
  np.exp(logwt), logz if logplot else np.exp(logz)
/scratch/pratyusava.baral/Modified_Dispersion/src/dispersion/lib/python3.11/site-packages/dynesty/plotting.py:282: RuntimeWarning: overflow encountered in exp
  zspan = (0., 1.05 * np.exp(logz[-1] + 3. * logzerr[-1]))
16:09 bilby WARNING : Axis limits cannot be NaN or Inf
16:09 bilby WARNING : Failed to create dynesty run plot at checkpoint
16:19 bilby INFO    : Written checkpoint file results/34/None_resume.pickle
/scratch/pratyusava.baral/Modified_Dispersion/src/dispersion/lib/python3.11/site-packages/dynesty/plotting.py:252: RuntimeWarning: overflow encountered in exp
  np.exp(logwt), logz if logplot else np.exp(logz)
/scratch/pratyusava.baral/Modified_Dispersion/src/dispersion/lib/python3.11/site-packages/dynesty/plotting.py:282: RuntimeWarning: overflow encountered in exp
  zspan = (0., 1.05 * np.exp(logz[-1] + 3. * logzerr[-1]))
16:19 bilby WARNING : Axis limits cannot be NaN or Inf
16:19 bilby WARNING : Failed to create dynesty run plot at checkpoint
16:29 bilby INFO    : Written checkpoint file results/34/None_resume.pickle
/scratch/pratyusava.baral/Modified_Dispersion/src/dispersion/lib/python3.11/site-packages/dynesty/plotting.py:252: RuntimeWarning: overflow encountered in exp
  np.exp(logwt), logz if logplot else np.exp(logz)
/scratch/pratyusava.baral/Modified_Dispersion/src/dispersion/lib/python3.11/site-packages/dynesty/plotting.py:282: RuntimeWarning: overflow encountered in exp
  zspan = (0., 1.05 * np.exp(logz[-1] + 3. * logzerr[-1]))
16:29 bilby WARNING : Axis limits cannot be NaN or Inf
16:29 bilby WARNING : Failed to create dynesty run plot at checkpoint
16:40 bilby INFO    : Written checkpoint file results/34/None_resume.pickle
/scratch/pratyusava.baral/Modified_Dispersion/src/dispersion/lib/python3.11/site-packages/dynesty/plotting.py:252: RuntimeWarning: overflow encountered in exp
  np.exp(logwt), logz if logplot else np.exp(logz)
/scratch/pratyusava.baral/Modified_Dispersion/src/dispersion/lib/python3.11/site-packages/dynesty/plotting.py:282: RuntimeWarning: overflow encountered in exp
  zspan = (0., 1.05 * np.exp(logz[-1] + 3. * logzerr[-1]))
16:40 bilby WARNING : Axis limits cannot be NaN or Inf
16:40 bilby WARNING : Failed to create dynesty run plot at checkpoint
16:50 bilby INFO    : Written checkpoint file results/34/None_resume.pickle
/scratch/pratyusava.baral/Modified_Dispersion/src/dispersion/lib/python3.11/site-packages/dynesty/plotting.py:252: RuntimeWarning: overflow encountered in exp
  np.exp(logwt), logz if logplot else np.exp(logz)
/scratch/pratyusava.baral/Modified_Dispersion/src/dispersion/lib/python3.11/site-packages/dynesty/plotting.py:282: RuntimeWarning: overflow encountered in exp
  zspan = (0., 1.05 * np.exp(logz[-1] + 3. * logzerr[-1]))
16:51 bilby WARNING : Axis limits cannot be NaN or Inf
16:51 bilby WARNING : Failed to create dynesty run plot at checkpoint
17:01 bilby INFO    : Written checkpoint file results/34/None_resume.pickle
/scratch/pratyusava.baral/Modified_Dispersion/src/dispersion/lib/python3.11/site-packages/dynesty/plotting.py:252: RuntimeWarning: overflow encountered in exp
  np.exp(logwt), logz if logplot else np.exp(logz)
/scratch/pratyusava.baral/Modified_Dispersion/src/dispersion/lib/python3.11/site-packages/dynesty/plotting.py:282: RuntimeWarning: overflow encountered in exp
  zspan = (0., 1.05 * np.exp(logz[-1] + 3. * logzerr[-1]))
17:01 bilby WARNING : Axis limits cannot be NaN or Inf
17:01 bilby WARNING : Failed to create dynesty run plot at checkpoint
17:11 bilby INFO    : Written checkpoint file results/34/None_resume.pickle
/scratch/pratyusava.baral/Modified_Dispersion/src/dispersion/lib/python3.11/site-packages/dynesty/plotting.py:252: RuntimeWarning: overflow encountered in exp
  np.exp(logwt), logz if logplot else np.exp(logz)
/scratch/pratyusava.baral/Modified_Dispersion/src/dispersion/lib/python3.11/site-packages/dynesty/plotting.py:282: RuntimeWarning: overflow encountered in exp
  zspan = (0., 1.05 * np.exp(logz[-1] + 3. * logzerr[-1]))
17:11 bilby WARNING : Axis limits cannot be NaN or Inf
17:11 bilby WARNING : Failed to create dynesty run plot at checkpoint
17:21 bilby INFO    : Written checkpoint file results/34/None_resume.pickle
/scratch/pratyusava.baral/Modified_Dispersion/src/dispersion/lib/python3.11/site-packages/dynesty/plotting.py:252: RuntimeWarning: overflow encountered in exp
  np.exp(logwt), logz if logplot else np.exp(logz)
/scratch/pratyusava.baral/Modified_Dispersion/src/dispersion/lib/python3.11/site-packages/dynesty/plotting.py:282: RuntimeWarning: overflow encountered in exp
  zspan = (0., 1.05 * np.exp(logz[-1] + 3. * logzerr[-1]))
17:21 bilby WARNING : Axis limits cannot be NaN or Inf
17:21 bilby WARNING : Failed to create dynesty run plot at checkpoint
17:31 bilby INFO    : Written checkpoint file results/34/None_resume.pickle
/scratch/pratyusava.baral/Modified_Dispersion/src/dispersion/lib/python3.11/site-packages/dynesty/plotting.py:252: RuntimeWarning: overflow encountered in exp
  np.exp(logwt), logz if logplot else np.exp(logz)
/scratch/pratyusava.baral/Modified_Dispersion/src/dispersion/lib/python3.11/site-packages/dynesty/plotting.py:282: RuntimeWarning: overflow encountered in exp
  zspan = (0., 1.05 * np.exp(logz[-1] + 3. * logzerr[-1]))
17:31 bilby WARNING : Axis limits cannot be NaN or Inf
17:31 bilby WARNING : Failed to create dynesty run plot at checkpoint
17:42 bilby INFO    : Written checkpoint file results/34/None_resume.pickle
/scratch/pratyusava.baral/Modified_Dispersion/src/dispersion/lib/python3.11/site-packages/dynesty/plotting.py:252: RuntimeWarning: overflow encountered in exp
  np.exp(logwt), logz if logplot else np.exp(logz)
/scratch/pratyusava.baral/Modified_Dispersion/src/dispersion/lib/python3.11/site-packages/dynesty/plotting.py:282: RuntimeWarning: overflow encountered in exp
  zspan = (0., 1.05 * np.exp(logz[-1] + 3. * logzerr[-1]))
17:42 bilby WARNING : Axis limits cannot be NaN or Inf
17:42 bilby WARNING : Failed to create dynesty run plot at checkpoint
17:52 bilby INFO    : Written checkpoint file results/34/None_resume.pickle
/scratch/pratyusava.baral/Modified_Dispersion/src/dispersion/lib/python3.11/site-packages/dynesty/plotting.py:252: RuntimeWarning: overflow encountered in exp
  np.exp(logwt), logz if logplot else np.exp(logz)
/scratch/pratyusava.baral/Modified_Dispersion/src/dispersion/lib/python3.11/site-packages/dynesty/plotting.py:282: RuntimeWarning: overflow encountered in exp
  zspan = (0., 1.05 * np.exp(logz[-1] + 3. * logzerr[-1]))
17:52 bilby WARNING : Axis limits cannot be NaN or Inf
17:52 bilby WARNING : Failed to create dynesty run plot at checkpoint
18:02 bilby INFO    : Written checkpoint file results/34/None_resume.pickle
/scratch/pratyusava.baral/Modified_Dispersion/src/dispersion/lib/python3.11/site-packages/dynesty/plotting.py:252: RuntimeWarning: overflow encountered in exp
  np.exp(logwt), logz if logplot else np.exp(logz)
/scratch/pratyusava.baral/Modified_Dispersion/src/dispersion/lib/python3.11/site-packages/dynesty/plotting.py:282: RuntimeWarning: overflow encountered in exp
  zspan = (0., 1.05 * np.exp(logz[-1] + 3. * logzerr[-1]))
18:02 bilby WARNING : Axis limits cannot be NaN or Inf
18:02 bilby WARNING : Failed to create dynesty run plot at checkpoint
18:12 bilby INFO    : Written checkpoint file results/34/None_resume.pickle
/scratch/pratyusava.baral/Modified_Dispersion/src/dispersion/lib/python3.11/site-packages/dynesty/plotting.py:252: RuntimeWarning: overflow encountered in exp
  np.exp(logwt), logz if logplot else np.exp(logz)
/scratch/pratyusava.baral/Modified_Dispersion/src/dispersion/lib/python3.11/site-packages/dynesty/plotting.py:282: RuntimeWarning: overflow encountered in exp
  zspan = (0., 1.05 * np.exp(logz[-1] + 3. * logzerr[-1]))
18:13 bilby WARNING : Axis limits cannot be NaN or Inf
18:13 bilby WARNING : Failed to create dynesty run plot at checkpoint
18:23 bilby INFO    : Written checkpoint file results/34/None_resume.pickle
/scratch/pratyusava.baral/Modified_Dispersion/src/dispersion/lib/python3.11/site-packages/dynesty/plotting.py:252: RuntimeWarning: overflow encountered in exp
  np.exp(logwt), logz if logplot else np.exp(logz)
/scratch/pratyusava.baral/Modified_Dispersion/src/dispersion/lib/python3.11/site-packages/dynesty/plotting.py:282: RuntimeWarning: overflow encountered in exp
  zspan = (0., 1.05 * np.exp(logz[-1] + 3. * logzerr[-1]))
18:23 bilby WARNING : Axis limits cannot be NaN or Inf
18:23 bilby WARNING : Failed to create dynesty run plot at checkpoint
18:33 bilby INFO    : Written checkpoint file results/34/None_resume.pickle
/scratch/pratyusava.baral/Modified_Dispersion/src/dispersion/lib/python3.11/site-packages/dynesty/plotting.py:252: RuntimeWarning: overflow encountered in exp
  np.exp(logwt), logz if logplot else np.exp(logz)
/scratch/pratyusava.baral/Modified_Dispersion/src/dispersion/lib/python3.11/site-packages/dynesty/plotting.py:282: RuntimeWarning: overflow encountered in exp
  zspan = (0., 1.05 * np.exp(logz[-1] + 3. * logzerr[-1]))
18:33 bilby WARNING : Axis limits cannot be NaN or Inf
18:33 bilby WARNING : Failed to create dynesty run plot at checkpoint
18:43 bilby INFO    : Written checkpoint file results/34/None_resume.pickle
/scratch/pratyusava.baral/Modified_Dispersion/src/dispersion/lib/python3.11/site-packages/dynesty/plotting.py:252: RuntimeWarning: overflow encountered in exp
  np.exp(logwt), logz if logplot else np.exp(logz)
/scratch/pratyusava.baral/Modified_Dispersion/src/dispersion/lib/python3.11/site-packages/dynesty/plotting.py:282: RuntimeWarning: overflow encountered in exp
  zspan = (0., 1.05 * np.exp(logz[-1] + 3. * logzerr[-1]))
18:43 bilby WARNING : Axis limits cannot be NaN or Inf
18:43 bilby WARNING : Failed to create dynesty run plot at checkpoint
18:53 bilby INFO    : Written checkpoint file results/34/None_resume.pickle
/scratch/pratyusava.baral/Modified_Dispersion/src/dispersion/lib/python3.11/site-packages/dynesty/plotting.py:252: RuntimeWarning: overflow encountered in exp
  np.exp(logwt), logz if logplot else np.exp(logz)
/scratch/pratyusava.baral/Modified_Dispersion/src/dispersion/lib/python3.11/site-packages/dynesty/plotting.py:282: RuntimeWarning: overflow encountered in exp
  zspan = (0., 1.05 * np.exp(logz[-1] + 3. * logzerr[-1]))
18:54 bilby WARNING : Axis limits cannot be NaN or Inf
18:54 bilby WARNING : Failed to create dynesty run plot at checkpoint
19:04 bilby INFO    : Written checkpoint file results/34/None_resume.pickle
/scratch/pratyusava.baral/Modified_Dispersion/src/dispersion/lib/python3.11/site-packages/dynesty/plotting.py:252: RuntimeWarning: overflow encountered in exp
  np.exp(logwt), logz if logplot else np.exp(logz)
/scratch/pratyusava.baral/Modified_Dispersion/src/dispersion/lib/python3.11/site-packages/dynesty/plotting.py:282: RuntimeWarning: overflow encountered in exp
  zspan = (0., 1.05 * np.exp(logz[-1] + 3. * logzerr[-1]))
19:04 bilby WARNING : Axis limits cannot be NaN or Inf
19:04 bilby WARNING : Failed to create dynesty run plot at checkpoint
19:14 bilby INFO    : Written checkpoint file results/34/None_resume.pickle
/scratch/pratyusava.baral/Modified_Dispersion/src/dispersion/lib/python3.11/site-packages/dynesty/plotting.py:252: RuntimeWarning: overflow encountered in exp
  np.exp(logwt), logz if logplot else np.exp(logz)
/scratch/pratyusava.baral/Modified_Dispersion/src/dispersion/lib/python3.11/site-packages/dynesty/plotting.py:282: RuntimeWarning: overflow encountered in exp
  zspan = (0., 1.05 * np.exp(logz[-1] + 3. * logzerr[-1]))
19:14 bilby WARNING : Axis limits cannot be NaN or Inf
19:14 bilby WARNING : Failed to create dynesty run plot at checkpoint
19:24 bilby INFO    : Written checkpoint file results/34/None_resume.pickle
/scratch/pratyusava.baral/Modified_Dispersion/src/dispersion/lib/python3.11/site-packages/dynesty/plotting.py:252: RuntimeWarning: overflow encountered in exp
  np.exp(logwt), logz if logplot else np.exp(logz)
/scratch/pratyusava.baral/Modified_Dispersion/src/dispersion/lib/python3.11/site-packages/dynesty/plotting.py:282: RuntimeWarning: overflow encountered in exp
  zspan = (0., 1.05 * np.exp(logz[-1] + 3. * logzerr[-1]))
19:24 bilby WARNING : Axis limits cannot be NaN or Inf
19:24 bilby WARNING : Failed to create dynesty run plot at checkpoint
19:34 bilby INFO    : Written checkpoint file results/34/None_resume.pickle
/scratch/pratyusava.baral/Modified_Dispersion/src/dispersion/lib/python3.11/site-packages/dynesty/plotting.py:252: RuntimeWarning: overflow encountered in exp
  np.exp(logwt), logz if logplot else np.exp(logz)
/scratch/pratyusava.baral/Modified_Dispersion/src/dispersion/lib/python3.11/site-packages/dynesty/plotting.py:282: RuntimeWarning: overflow encountered in exp
  zspan = (0., 1.05 * np.exp(logz[-1] + 3. * logzerr[-1]))
19:35 bilby WARNING : Axis limits cannot be NaN or Inf
19:35 bilby WARNING : Failed to create dynesty run plot at checkpoint
19:45 bilby INFO    : Written checkpoint file results/34/None_resume.pickle
/scratch/pratyusava.baral/Modified_Dispersion/src/dispersion/lib/python3.11/site-packages/dynesty/plotting.py:252: RuntimeWarning: overflow encountered in exp
  np.exp(logwt), logz if logplot else np.exp(logz)
/scratch/pratyusava.baral/Modified_Dispersion/src/dispersion/lib/python3.11/site-packages/dynesty/plotting.py:282: RuntimeWarning: overflow encountered in exp
  zspan = (0., 1.05 * np.exp(logz[-1] + 3. * logzerr[-1]))
19:45 bilby WARNING : Axis limits cannot be NaN or Inf
19:45 bilby WARNING : Failed to create dynesty run plot at checkpoint
19:55 bilby INFO    : Written checkpoint file results/34/None_resume.pickle
/scratch/pratyusava.baral/Modified_Dispersion/src/dispersion/lib/python3.11/site-packages/dynesty/plotting.py:252: RuntimeWarning: overflow encountered in exp
  np.exp(logwt), logz if logplot else np.exp(logz)
/scratch/pratyusava.baral/Modified_Dispersion/src/dispersion/lib/python3.11/site-packages/dynesty/plotting.py:282: RuntimeWarning: overflow encountered in exp
  zspan = (0., 1.05 * np.exp(logz[-1] + 3. * logzerr[-1]))
19:55 bilby WARNING : Axis limits cannot be NaN or Inf
19:55 bilby WARNING : Failed to create dynesty run plot at checkpoint
20:05 bilby INFO    : Written checkpoint file results/34/None_resume.pickle
/scratch/pratyusava.baral/Modified_Dispersion/src/dispersion/lib/python3.11/site-packages/dynesty/plotting.py:252: RuntimeWarning: overflow encountered in exp
  np.exp(logwt), logz if logplot else np.exp(logz)
/scratch/pratyusava.baral/Modified_Dispersion/src/dispersion/lib/python3.11/site-packages/dynesty/plotting.py:282: RuntimeWarning: overflow encountered in exp
  zspan = (0., 1.05 * np.exp(logz[-1] + 3. * logzerr[-1]))
20:05 bilby WARNING : Axis limits cannot be NaN or Inf
20:05 bilby WARNING : Failed to create dynesty run plot at checkpoint
20:16 bilby INFO    : Written checkpoint file results/34/None_resume.pickle
/scratch/pratyusava.baral/Modified_Dispersion/src/dispersion/lib/python3.11/site-packages/dynesty/plotting.py:252: RuntimeWarning: overflow encountered in exp
  np.exp(logwt), logz if logplot else np.exp(logz)
/scratch/pratyusava.baral/Modified_Dispersion/src/dispersion/lib/python3.11/site-packages/dynesty/plotting.py:282: RuntimeWarning: overflow encountered in exp
  zspan = (0., 1.05 * np.exp(logz[-1] + 3. * logzerr[-1]))
20:16 bilby WARNING : Axis limits cannot be NaN or Inf
20:16 bilby WARNING : Failed to create dynesty run plot at checkpoint
20:26 bilby INFO    : Written checkpoint file results/34/None_resume.pickle
/scratch/pratyusava.baral/Modified_Dispersion/src/dispersion/lib/python3.11/site-packages/dynesty/plotting.py:252: RuntimeWarning: overflow encountered in exp
  np.exp(logwt), logz if logplot else np.exp(logz)
/scratch/pratyusava.baral/Modified_Dispersion/src/dispersion/lib/python3.11/site-packages/dynesty/plotting.py:282: RuntimeWarning: overflow encountered in exp
  zspan = (0., 1.05 * np.exp(logz[-1] + 3. * logzerr[-1]))
20:26 bilby WARNING : Axis limits cannot be NaN or Inf
20:26 bilby WARNING : Failed to create dynesty run plot at checkpoint
20:36 bilby INFO    : Written checkpoint file results/34/None_resume.pickle
/scratch/pratyusava.baral/Modified_Dispersion/src/dispersion/lib/python3.11/site-packages/dynesty/plotting.py:252: RuntimeWarning: overflow encountered in exp
  np.exp(logwt), logz if logplot else np.exp(logz)
/scratch/pratyusava.baral/Modified_Dispersion/src/dispersion/lib/python3.11/site-packages/dynesty/plotting.py:282: RuntimeWarning: overflow encountered in exp
  zspan = (0., 1.05 * np.exp(logz[-1] + 3. * logzerr[-1]))
20:36 bilby WARNING : Axis limits cannot be NaN or Inf
20:36 bilby WARNING : Failed to create dynesty run plot at checkpoint
20:47 bilby INFO    : Written checkpoint file results/34/None_resume.pickle
/scratch/pratyusava.baral/Modified_Dispersion/src/dispersion/lib/python3.11/site-packages/dynesty/plotting.py:252: RuntimeWarning: overflow encountered in exp
  np.exp(logwt), logz if logplot else np.exp(logz)
/scratch/pratyusava.baral/Modified_Dispersion/src/dispersion/lib/python3.11/site-packages/dynesty/plotting.py:282: RuntimeWarning: overflow encountered in exp
  zspan = (0., 1.05 * np.exp(logz[-1] + 3. * logzerr[-1]))
20:47 bilby WARNING : Axis limits cannot be NaN or Inf
20:47 bilby WARNING : Failed to create dynesty run plot at checkpoint
20:57 bilby INFO    : Written checkpoint file results/34/None_resume.pickle
/scratch/pratyusava.baral/Modified_Dispersion/src/dispersion/lib/python3.11/site-packages/dynesty/plotting.py:252: RuntimeWarning: overflow encountered in exp
  np.exp(logwt), logz if logplot else np.exp(logz)
/scratch/pratyusava.baral/Modified_Dispersion/src/dispersion/lib/python3.11/site-packages/dynesty/plotting.py:282: RuntimeWarning: overflow encountered in exp
  zspan = (0., 1.05 * np.exp(logz[-1] + 3. * logzerr[-1]))
20:57 bilby WARNING : Axis limits cannot be NaN or Inf
20:57 bilby WARNING : Failed to create dynesty run plot at checkpoint
21:07 bilby INFO    : Written checkpoint file results/34/None_resume.pickle
/scratch/pratyusava.baral/Modified_Dispersion/src/dispersion/lib/python3.11/site-packages/dynesty/plotting.py:252: RuntimeWarning: overflow encountered in exp
  np.exp(logwt), logz if logplot else np.exp(logz)
/scratch/pratyusava.baral/Modified_Dispersion/src/dispersion/lib/python3.11/site-packages/dynesty/plotting.py:282: RuntimeWarning: overflow encountered in exp
  zspan = (0., 1.05 * np.exp(logz[-1] + 3. * logzerr[-1]))
21:07 bilby WARNING : Axis limits cannot be NaN or Inf
21:07 bilby WARNING : Failed to create dynesty run plot at checkpoint
21:17 bilby INFO    : Written checkpoint file results/34/None_resume.pickle
/scratch/pratyusava.baral/Modified_Dispersion/src/dispersion/lib/python3.11/site-packages/dynesty/plotting.py:252: RuntimeWarning: overflow encountered in exp
  np.exp(logwt), logz if logplot else np.exp(logz)
/scratch/pratyusava.baral/Modified_Dispersion/src/dispersion/lib/python3.11/site-packages/dynesty/plotting.py:282: RuntimeWarning: overflow encountered in exp
  zspan = (0., 1.05 * np.exp(logz[-1] + 3. * logzerr[-1]))
21:17 bilby WARNING : Axis limits cannot be NaN or Inf
21:17 bilby WARNING : Failed to create dynesty run plot at checkpoint
21:28 bilby INFO    : Written checkpoint file results/34/None_resume.pickle
/scratch/pratyusava.baral/Modified_Dispersion/src/dispersion/lib/python3.11/site-packages/dynesty/plotting.py:252: RuntimeWarning: overflow encountered in exp
  np.exp(logwt), logz if logplot else np.exp(logz)
/scratch/pratyusava.baral/Modified_Dispersion/src/dispersion/lib/python3.11/site-packages/dynesty/plotting.py:282: RuntimeWarning: overflow encountered in exp
  zspan = (0., 1.05 * np.exp(logz[-1] + 3. * logzerr[-1]))
21:28 bilby WARNING : Axis limits cannot be NaN or Inf
21:28 bilby WARNING : Failed to create dynesty run plot at checkpoint
21:38 bilby INFO    : Written checkpoint file results/34/None_resume.pickle
/scratch/pratyusava.baral/Modified_Dispersion/src/dispersion/lib/python3.11/site-packages/dynesty/plotting.py:252: RuntimeWarning: overflow encountered in exp
  np.exp(logwt), logz if logplot else np.exp(logz)
/scratch/pratyusava.baral/Modified_Dispersion/src/dispersion/lib/python3.11/site-packages/dynesty/plotting.py:282: RuntimeWarning: overflow encountered in exp
  zspan = (0., 1.05 * np.exp(logz[-1] + 3. * logzerr[-1]))
21:38 bilby WARNING : Axis limits cannot be NaN or Inf
21:38 bilby WARNING : Failed to create dynesty run plot at checkpoint
21:48 bilby INFO    : Written checkpoint file results/34/None_resume.pickle
/scratch/pratyusava.baral/Modified_Dispersion/src/dispersion/lib/python3.11/site-packages/dynesty/plotting.py:252: RuntimeWarning: overflow encountered in exp
  np.exp(logwt), logz if logplot else np.exp(logz)
/scratch/pratyusava.baral/Modified_Dispersion/src/dispersion/lib/python3.11/site-packages/dynesty/plotting.py:282: RuntimeWarning: overflow encountered in exp
  zspan = (0., 1.05 * np.exp(logz[-1] + 3. * logzerr[-1]))
21:48 bilby WARNING : Axis limits cannot be NaN or Inf
21:48 bilby WARNING : Failed to create dynesty run plot at checkpoint
21:58 bilby INFO    : Written checkpoint file results/34/None_resume.pickle
/scratch/pratyusava.baral/Modified_Dispersion/src/dispersion/lib/python3.11/site-packages/dynesty/plotting.py:252: RuntimeWarning: overflow encountered in exp
  np.exp(logwt), logz if logplot else np.exp(logz)
/scratch/pratyusava.baral/Modified_Dispersion/src/dispersion/lib/python3.11/site-packages/dynesty/plotting.py:282: RuntimeWarning: overflow encountered in exp
  zspan = (0., 1.05 * np.exp(logz[-1] + 3. * logzerr[-1]))
21:58 bilby WARNING : Axis limits cannot be NaN or Inf
21:58 bilby WARNING : Failed to create dynesty run plot at checkpoint
22:09 bilby INFO    : Written checkpoint file results/34/None_resume.pickle
/scratch/pratyusava.baral/Modified_Dispersion/src/dispersion/lib/python3.11/site-packages/dynesty/plotting.py:252: RuntimeWarning: overflow encountered in exp
  np.exp(logwt), logz if logplot else np.exp(logz)
/scratch/pratyusava.baral/Modified_Dispersion/src/dispersion/lib/python3.11/site-packages/dynesty/plotting.py:282: RuntimeWarning: overflow encountered in exp
  zspan = (0., 1.05 * np.exp(logz[-1] + 3. * logzerr[-1]))
22:09 bilby WARNING : Axis limits cannot be NaN or Inf
22:09 bilby WARNING : Failed to create dynesty run plot at checkpoint
22:19 bilby INFO    : Written checkpoint file results/34/None_resume.pickle
/scratch/pratyusava.baral/Modified_Dispersion/src/dispersion/lib/python3.11/site-packages/dynesty/plotting.py:252: RuntimeWarning: overflow encountered in exp
  np.exp(logwt), logz if logplot else np.exp(logz)
/scratch/pratyusava.baral/Modified_Dispersion/src/dispersion/lib/python3.11/site-packages/dynesty/plotting.py:282: RuntimeWarning: overflow encountered in exp
  zspan = (0., 1.05 * np.exp(logz[-1] + 3. * logzerr[-1]))
22:19 bilby WARNING : Axis limits cannot be NaN or Inf
22:19 bilby WARNING : Failed to create dynesty run plot at checkpoint
22:29 bilby INFO    : Written checkpoint file results/34/None_resume.pickle
/scratch/pratyusava.baral/Modified_Dispersion/src/dispersion/lib/python3.11/site-packages/dynesty/plotting.py:252: RuntimeWarning: overflow encountered in exp
  np.exp(logwt), logz if logplot else np.exp(logz)
/scratch/pratyusava.baral/Modified_Dispersion/src/dispersion/lib/python3.11/site-packages/dynesty/plotting.py:282: RuntimeWarning: overflow encountered in exp
  zspan = (0., 1.05 * np.exp(logz[-1] + 3. * logzerr[-1]))
22:29 bilby WARNING : Axis limits cannot be NaN or Inf
22:29 bilby WARNING : Failed to create dynesty run plot at checkpoint
22:39 bilby INFO    : Written checkpoint file results/34/None_resume.pickle
/scratch/pratyusava.baral/Modified_Dispersion/src/dispersion/lib/python3.11/site-packages/dynesty/plotting.py:252: RuntimeWarning: overflow encountered in exp
  np.exp(logwt), logz if logplot else np.exp(logz)
/scratch/pratyusava.baral/Modified_Dispersion/src/dispersion/lib/python3.11/site-packages/dynesty/plotting.py:282: RuntimeWarning: overflow encountered in exp
  zspan = (0., 1.05 * np.exp(logz[-1] + 3. * logzerr[-1]))
22:40 bilby WARNING : Axis limits cannot be NaN or Inf
22:40 bilby WARNING : Failed to create dynesty run plot at checkpoint
22:50 bilby INFO    : Written checkpoint file results/34/None_resume.pickle
/scratch/pratyusava.baral/Modified_Dispersion/src/dispersion/lib/python3.11/site-packages/dynesty/plotting.py:252: RuntimeWarning: overflow encountered in exp
  np.exp(logwt), logz if logplot else np.exp(logz)
/scratch/pratyusava.baral/Modified_Dispersion/src/dispersion/lib/python3.11/site-packages/dynesty/plotting.py:282: RuntimeWarning: overflow encountered in exp
  zspan = (0., 1.05 * np.exp(logz[-1] + 3. * logzerr[-1]))
22:50 bilby WARNING : Axis limits cannot be NaN or Inf
22:50 bilby WARNING : Failed to create dynesty run plot at checkpoint
23:00 bilby INFO    : Written checkpoint file results/34/None_resume.pickle
/scratch/pratyusava.baral/Modified_Dispersion/src/dispersion/lib/python3.11/site-packages/dynesty/plotting.py:252: RuntimeWarning: overflow encountered in exp
  np.exp(logwt), logz if logplot else np.exp(logz)
/scratch/pratyusava.baral/Modified_Dispersion/src/dispersion/lib/python3.11/site-packages/dynesty/plotting.py:282: RuntimeWarning: overflow encountered in exp
  zspan = (0., 1.05 * np.exp(logz[-1] + 3. * logzerr[-1]))
23:00 bilby WARNING : Axis limits cannot be NaN or Inf
23:00 bilby WARNING : Failed to create dynesty run plot at checkpoint
23:10 bilby INFO    : Written checkpoint file results/34/None_resume.pickle
/scratch/pratyusava.baral/Modified_Dispersion/src/dispersion/lib/python3.11/site-packages/dynesty/plotting.py:252: RuntimeWarning: overflow encountered in exp
  np.exp(logwt), logz if logplot else np.exp(logz)
/scratch/pratyusava.baral/Modified_Dispersion/src/dispersion/lib/python3.11/site-packages/dynesty/plotting.py:282: RuntimeWarning: overflow encountered in exp
  zspan = (0., 1.05 * np.exp(logz[-1] + 3. * logzerr[-1]))
23:11 bilby WARNING : Axis limits cannot be NaN or Inf
23:11 bilby WARNING : Failed to create dynesty run plot at checkpoint
23:21 bilby INFO    : Written checkpoint file results/34/None_resume.pickle
/scratch/pratyusava.baral/Modified_Dispersion/src/dispersion/lib/python3.11/site-packages/dynesty/plotting.py:252: RuntimeWarning: overflow encountered in exp
  np.exp(logwt), logz if logplot else np.exp(logz)
/scratch/pratyusava.baral/Modified_Dispersion/src/dispersion/lib/python3.11/site-packages/dynesty/plotting.py:282: RuntimeWarning: overflow encountered in exp
  zspan = (0., 1.05 * np.exp(logz[-1] + 3. * logzerr[-1]))
23:21 bilby WARNING : Axis limits cannot be NaN or Inf
23:21 bilby WARNING : Failed to create dynesty run plot at checkpoint
23:31 bilby INFO    : Written checkpoint file results/34/None_resume.pickle
/scratch/pratyusava.baral/Modified_Dispersion/src/dispersion/lib/python3.11/site-packages/dynesty/plotting.py:252: RuntimeWarning: overflow encountered in exp
  np.exp(logwt), logz if logplot else np.exp(logz)
/scratch/pratyusava.baral/Modified_Dispersion/src/dispersion/lib/python3.11/site-packages/dynesty/plotting.py:282: RuntimeWarning: overflow encountered in exp
  zspan = (0., 1.05 * np.exp(logz[-1] + 3. * logzerr[-1]))
23:31 bilby WARNING : Axis limits cannot be NaN or Inf
23:31 bilby WARNING : Failed to create dynesty run plot at checkpoint
23:42 bilby INFO    : Written checkpoint file results/34/None_resume.pickle
/scratch/pratyusava.baral/Modified_Dispersion/src/dispersion/lib/python3.11/site-packages/dynesty/plotting.py:252: RuntimeWarning: overflow encountered in exp
  np.exp(logwt), logz if logplot else np.exp(logz)
/scratch/pratyusava.baral/Modified_Dispersion/src/dispersion/lib/python3.11/site-packages/dynesty/plotting.py:282: RuntimeWarning: overflow encountered in exp
  zspan = (0., 1.05 * np.exp(logz[-1] + 3. * logzerr[-1]))
23:42 bilby WARNING : Axis limits cannot be NaN or Inf
23:42 bilby WARNING : Failed to create dynesty run plot at checkpoint
23:52 bilby INFO    : Written checkpoint file results/34/None_resume.pickle
/scratch/pratyusava.baral/Modified_Dispersion/src/dispersion/lib/python3.11/site-packages/dynesty/plotting.py:252: RuntimeWarning: overflow encountered in exp
  np.exp(logwt), logz if logplot else np.exp(logz)
/scratch/pratyusava.baral/Modified_Dispersion/src/dispersion/lib/python3.11/site-packages/dynesty/plotting.py:282: RuntimeWarning: overflow encountered in exp
  zspan = (0., 1.05 * np.exp(logz[-1] + 3. * logzerr[-1]))
23:52 bilby WARNING : Axis limits cannot be NaN or Inf
23:52 bilby WARNING : Failed to create dynesty run plot at checkpoint
00:02 bilby INFO    : Written checkpoint file results/34/None_resume.pickle
/scratch/pratyusava.baral/Modified_Dispersion/src/dispersion/lib/python3.11/site-packages/dynesty/plotting.py:252: RuntimeWarning: overflow encountered in exp
  np.exp(logwt), logz if logplot else np.exp(logz)
/scratch/pratyusava.baral/Modified_Dispersion/src/dispersion/lib/python3.11/site-packages/dynesty/plotting.py:282: RuntimeWarning: overflow encountered in exp
  zspan = (0., 1.05 * np.exp(logz[-1] + 3. * logzerr[-1]))
00:02 bilby WARNING : Axis limits cannot be NaN or Inf
00:02 bilby WARNING : Failed to create dynesty run plot at checkpoint
00:12 bilby INFO    : Written checkpoint file results/34/None_resume.pickle
/scratch/pratyusava.baral/Modified_Dispersion/src/dispersion/lib/python3.11/site-packages/dynesty/plotting.py:252: RuntimeWarning: overflow encountered in exp
  np.exp(logwt), logz if logplot else np.exp(logz)
/scratch/pratyusava.baral/Modified_Dispersion/src/dispersion/lib/python3.11/site-packages/dynesty/plotting.py:282: RuntimeWarning: overflow encountered in exp
  zspan = (0., 1.05 * np.exp(logz[-1] + 3. * logzerr[-1]))
00:13 bilby WARNING : Axis limits cannot be NaN or Inf
00:13 bilby WARNING : Failed to create dynesty run plot at checkpoint
00:23 bilby INFO    : Written checkpoint file results/34/None_resume.pickle
/scratch/pratyusava.baral/Modified_Dispersion/src/dispersion/lib/python3.11/site-packages/dynesty/plotting.py:252: RuntimeWarning: overflow encountered in exp
  np.exp(logwt), logz if logplot else np.exp(logz)
/scratch/pratyusava.baral/Modified_Dispersion/src/dispersion/lib/python3.11/site-packages/dynesty/plotting.py:282: RuntimeWarning: overflow encountered in exp
  zspan = (0., 1.05 * np.exp(logz[-1] + 3. * logzerr[-1]))
00:23 bilby WARNING : Axis limits cannot be NaN or Inf
00:23 bilby WARNING : Failed to create dynesty run plot at checkpoint
00:33 bilby INFO    : Written checkpoint file results/34/None_resume.pickle
/scratch/pratyusava.baral/Modified_Dispersion/src/dispersion/lib/python3.11/site-packages/dynesty/plotting.py:252: RuntimeWarning: overflow encountered in exp
  np.exp(logwt), logz if logplot else np.exp(logz)
/scratch/pratyusava.baral/Modified_Dispersion/src/dispersion/lib/python3.11/site-packages/dynesty/plotting.py:282: RuntimeWarning: overflow encountered in exp
  zspan = (0., 1.05 * np.exp(logz[-1] + 3. * logzerr[-1]))
00:33 bilby WARNING : Axis limits cannot be NaN or Inf
00:33 bilby WARNING : Failed to create dynesty run plot at checkpoint
00:44 bilby INFO    : Written checkpoint file results/34/None_resume.pickle
/scratch/pratyusava.baral/Modified_Dispersion/src/dispersion/lib/python3.11/site-packages/dynesty/plotting.py:252: RuntimeWarning: overflow encountered in exp
  np.exp(logwt), logz if logplot else np.exp(logz)
/scratch/pratyusava.baral/Modified_Dispersion/src/dispersion/lib/python3.11/site-packages/dynesty/plotting.py:282: RuntimeWarning: overflow encountered in exp
  zspan = (0., 1.05 * np.exp(logz[-1] + 3. * logzerr[-1]))
00:44 bilby WARNING : Axis limits cannot be NaN or Inf
00:44 bilby WARNING : Failed to create dynesty run plot at checkpoint
00:54 bilby INFO    : Written checkpoint file results/34/None_resume.pickle
/scratch/pratyusava.baral/Modified_Dispersion/src/dispersion/lib/python3.11/site-packages/dynesty/plotting.py:252: RuntimeWarning: overflow encountered in exp
  np.exp(logwt), logz if logplot else np.exp(logz)
/scratch/pratyusava.baral/Modified_Dispersion/src/dispersion/lib/python3.11/site-packages/dynesty/plotting.py:282: RuntimeWarning: overflow encountered in exp
  zspan = (0., 1.05 * np.exp(logz[-1] + 3. * logzerr[-1]))
00:54 bilby WARNING : Axis limits cannot be NaN or Inf
00:54 bilby WARNING : Failed to create dynesty run plot at checkpoint
01:04 bilby INFO    : Written checkpoint file results/34/None_resume.pickle
/scratch/pratyusava.baral/Modified_Dispersion/src/dispersion/lib/python3.11/site-packages/dynesty/plotting.py:252: RuntimeWarning: overflow encountered in exp
  np.exp(logwt), logz if logplot else np.exp(logz)
/scratch/pratyusava.baral/Modified_Dispersion/src/dispersion/lib/python3.11/site-packages/dynesty/plotting.py:282: RuntimeWarning: overflow encountered in exp
  zspan = (0., 1.05 * np.exp(logz[-1] + 3. * logzerr[-1]))
01:04 bilby WARNING : Axis limits cannot be NaN or Inf
01:04 bilby WARNING : Failed to create dynesty run plot at checkpoint
01:14 bilby INFO    : Written checkpoint file results/34/None_resume.pickle
/scratch/pratyusava.baral/Modified_Dispersion/src/dispersion/lib/python3.11/site-packages/dynesty/plotting.py:252: RuntimeWarning: overflow encountered in exp
  np.exp(logwt), logz if logplot else np.exp(logz)
/scratch/pratyusava.baral/Modified_Dispersion/src/dispersion/lib/python3.11/site-packages/dynesty/plotting.py:282: RuntimeWarning: overflow encountered in exp
  zspan = (0., 1.05 * np.exp(logz[-1] + 3. * logzerr[-1]))
01:14 bilby WARNING : Axis limits cannot be NaN or Inf
01:14 bilby WARNING : Failed to create dynesty run plot at checkpoint
01:25 bilby INFO    : Written checkpoint file results/34/None_resume.pickle
/scratch/pratyusava.baral/Modified_Dispersion/src/dispersion/lib/python3.11/site-packages/dynesty/plotting.py:252: RuntimeWarning: overflow encountered in exp
  np.exp(logwt), logz if logplot else np.exp(logz)
/scratch/pratyusava.baral/Modified_Dispersion/src/dispersion/lib/python3.11/site-packages/dynesty/plotting.py:282: RuntimeWarning: overflow encountered in exp
  zspan = (0., 1.05 * np.exp(logz[-1] + 3. * logzerr[-1]))
01:25 bilby WARNING : Axis limits cannot be NaN or Inf
01:25 bilby WARNING : Failed to create dynesty run plot at checkpoint
01:35 bilby INFO    : Written checkpoint file results/34/None_resume.pickle
/scratch/pratyusava.baral/Modified_Dispersion/src/dispersion/lib/python3.11/site-packages/dynesty/plotting.py:252: RuntimeWarning: overflow encountered in exp
  np.exp(logwt), logz if logplot else np.exp(logz)
/scratch/pratyusava.baral/Modified_Dispersion/src/dispersion/lib/python3.11/site-packages/dynesty/plotting.py:282: RuntimeWarning: overflow encountered in exp
  zspan = (0., 1.05 * np.exp(logz[-1] + 3. * logzerr[-1]))
01:35 bilby WARNING : Axis limits cannot be NaN or Inf
01:35 bilby WARNING : Failed to create dynesty run plot at checkpoint
01:45 bilby INFO    : Written checkpoint file results/34/None_resume.pickle
/scratch/pratyusava.baral/Modified_Dispersion/src/dispersion/lib/python3.11/site-packages/dynesty/plotting.py:252: RuntimeWarning: overflow encountered in exp
  np.exp(logwt), logz if logplot else np.exp(logz)
/scratch/pratyusava.baral/Modified_Dispersion/src/dispersion/lib/python3.11/site-packages/dynesty/plotting.py:282: RuntimeWarning: overflow encountered in exp
  zspan = (0., 1.05 * np.exp(logz[-1] + 3. * logzerr[-1]))
01:45 bilby WARNING : Axis limits cannot be NaN or Inf
01:45 bilby WARNING : Failed to create dynesty run plot at checkpoint
01:55 bilby INFO    : Written checkpoint file results/34/None_resume.pickle
/scratch/pratyusava.baral/Modified_Dispersion/src/dispersion/lib/python3.11/site-packages/dynesty/plotting.py:252: RuntimeWarning: overflow encountered in exp
  np.exp(logwt), logz if logplot else np.exp(logz)
/scratch/pratyusava.baral/Modified_Dispersion/src/dispersion/lib/python3.11/site-packages/dynesty/plotting.py:282: RuntimeWarning: overflow encountered in exp
  zspan = (0., 1.05 * np.exp(logz[-1] + 3. * logzerr[-1]))
01:56 bilby WARNING : Axis limits cannot be NaN or Inf
01:56 bilby WARNING : Failed to create dynesty run plot at checkpoint
02:06 bilby INFO    : Written checkpoint file results/34/None_resume.pickle
/scratch/pratyusava.baral/Modified_Dispersion/src/dispersion/lib/python3.11/site-packages/dynesty/plotting.py:252: RuntimeWarning: overflow encountered in exp
  np.exp(logwt), logz if logplot else np.exp(logz)
/scratch/pratyusava.baral/Modified_Dispersion/src/dispersion/lib/python3.11/site-packages/dynesty/plotting.py:282: RuntimeWarning: overflow encountered in exp
  zspan = (0., 1.05 * np.exp(logz[-1] + 3. * logzerr[-1]))
02:06 bilby WARNING : Axis limits cannot be NaN or Inf
02:06 bilby WARNING : Failed to create dynesty run plot at checkpoint
02:16 bilby INFO    : Written checkpoint file results/34/None_resume.pickle
/scratch/pratyusava.baral/Modified_Dispersion/src/dispersion/lib/python3.11/site-packages/dynesty/plotting.py:252: RuntimeWarning: overflow encountered in exp
  np.exp(logwt), logz if logplot else np.exp(logz)
/scratch/pratyusava.baral/Modified_Dispersion/src/dispersion/lib/python3.11/site-packages/dynesty/plotting.py:282: RuntimeWarning: overflow encountered in exp
  zspan = (0., 1.05 * np.exp(logz[-1] + 3. * logzerr[-1]))
02:16 bilby WARNING : Axis limits cannot be NaN or Inf
02:16 bilby WARNING : Failed to create dynesty run plot at checkpoint
02:26 bilby INFO    : Written checkpoint file results/34/None_resume.pickle
/scratch/pratyusava.baral/Modified_Dispersion/src/dispersion/lib/python3.11/site-packages/dynesty/plotting.py:252: RuntimeWarning: overflow encountered in exp
  np.exp(logwt), logz if logplot else np.exp(logz)
/scratch/pratyusava.baral/Modified_Dispersion/src/dispersion/lib/python3.11/site-packages/dynesty/plotting.py:282: RuntimeWarning: overflow encountered in exp
  zspan = (0., 1.05 * np.exp(logz[-1] + 3. * logzerr[-1]))
02:26 bilby WARNING : Axis limits cannot be NaN or Inf
02:26 bilby WARNING : Failed to create dynesty run plot at checkpoint
02:36 bilby INFO    : Written checkpoint file results/34/None_resume.pickle
/scratch/pratyusava.baral/Modified_Dispersion/src/dispersion/lib/python3.11/site-packages/dynesty/plotting.py:252: RuntimeWarning: overflow encountered in exp
  np.exp(logwt), logz if logplot else np.exp(logz)
/scratch/pratyusava.baral/Modified_Dispersion/src/dispersion/lib/python3.11/site-packages/dynesty/plotting.py:282: RuntimeWarning: overflow encountered in exp
  zspan = (0., 1.05 * np.exp(logz[-1] + 3. * logzerr[-1]))
02:37 bilby WARNING : Axis limits cannot be NaN or Inf
02:37 bilby WARNING : Failed to create dynesty run plot at checkpoint
02:47 bilby INFO    : Written checkpoint file results/34/None_resume.pickle
/scratch/pratyusava.baral/Modified_Dispersion/src/dispersion/lib/python3.11/site-packages/dynesty/plotting.py:252: RuntimeWarning: overflow encountered in exp
  np.exp(logwt), logz if logplot else np.exp(logz)
/scratch/pratyusava.baral/Modified_Dispersion/src/dispersion/lib/python3.11/site-packages/dynesty/plotting.py:282: RuntimeWarning: overflow encountered in exp
  zspan = (0., 1.05 * np.exp(logz[-1] + 3. * logzerr[-1]))
02:47 bilby WARNING : Axis limits cannot be NaN or Inf
02:47 bilby WARNING : Failed to create dynesty run plot at checkpoint
02:57 bilby INFO    : Written checkpoint file results/34/None_resume.pickle
/scratch/pratyusava.baral/Modified_Dispersion/src/dispersion/lib/python3.11/site-packages/dynesty/plotting.py:252: RuntimeWarning: overflow encountered in exp
  np.exp(logwt), logz if logplot else np.exp(logz)
/scratch/pratyusava.baral/Modified_Dispersion/src/dispersion/lib/python3.11/site-packages/dynesty/plotting.py:282: RuntimeWarning: overflow encountered in exp
  zspan = (0., 1.05 * np.exp(logz[-1] + 3. * logzerr[-1]))
02:57 bilby WARNING : Axis limits cannot be NaN or Inf
02:57 bilby WARNING : Failed to create dynesty run plot at checkpoint
03:08 bilby INFO    : Written checkpoint file results/34/None_resume.pickle
/scratch/pratyusava.baral/Modified_Dispersion/src/dispersion/lib/python3.11/site-packages/dynesty/plotting.py:252: RuntimeWarning: overflow encountered in exp
  np.exp(logwt), logz if logplot else np.exp(logz)
/scratch/pratyusava.baral/Modified_Dispersion/src/dispersion/lib/python3.11/site-packages/dynesty/plotting.py:282: RuntimeWarning: overflow encountered in exp
  zspan = (0., 1.05 * np.exp(logz[-1] + 3. * logzerr[-1]))
03:08 bilby WARNING : Axis limits cannot be NaN or Inf
03:08 bilby WARNING : Failed to create dynesty run plot at checkpoint
03:18 bilby INFO    : Written checkpoint file results/34/None_resume.pickle
/scratch/pratyusava.baral/Modified_Dispersion/src/dispersion/lib/python3.11/site-packages/dynesty/plotting.py:252: RuntimeWarning: overflow encountered in exp
  np.exp(logwt), logz if logplot else np.exp(logz)
/scratch/pratyusava.baral/Modified_Dispersion/src/dispersion/lib/python3.11/site-packages/dynesty/plotting.py:282: RuntimeWarning: overflow encountered in exp
  zspan = (0., 1.05 * np.exp(logz[-1] + 3. * logzerr[-1]))
03:18 bilby WARNING : Axis limits cannot be NaN or Inf
03:18 bilby WARNING : Failed to create dynesty run plot at checkpoint
03:28 bilby INFO    : Written checkpoint file results/34/None_resume.pickle
/scratch/pratyusava.baral/Modified_Dispersion/src/dispersion/lib/python3.11/site-packages/dynesty/plotting.py:252: RuntimeWarning: overflow encountered in exp
  np.exp(logwt), logz if logplot else np.exp(logz)
/scratch/pratyusava.baral/Modified_Dispersion/src/dispersion/lib/python3.11/site-packages/dynesty/plotting.py:282: RuntimeWarning: overflow encountered in exp
  zspan = (0., 1.05 * np.exp(logz[-1] + 3. * logzerr[-1]))
03:28 bilby WARNING : Axis limits cannot be NaN or Inf
03:28 bilby WARNING : Failed to create dynesty run plot at checkpoint
03:39 bilby INFO    : Written checkpoint file results/34/None_resume.pickle
/scratch/pratyusava.baral/Modified_Dispersion/src/dispersion/lib/python3.11/site-packages/dynesty/plotting.py:252: RuntimeWarning: overflow encountered in exp
  np.exp(logwt), logz if logplot else np.exp(logz)
/scratch/pratyusava.baral/Modified_Dispersion/src/dispersion/lib/python3.11/site-packages/dynesty/plotting.py:282: RuntimeWarning: overflow encountered in exp
  zspan = (0., 1.05 * np.exp(logz[-1] + 3. * logzerr[-1]))
03:39 bilby WARNING : Axis limits cannot be NaN or Inf
03:39 bilby WARNING : Failed to create dynesty run plot at checkpoint
03:49 bilby INFO    : Written checkpoint file results/34/None_resume.pickle
/scratch/pratyusava.baral/Modified_Dispersion/src/dispersion/lib/python3.11/site-packages/dynesty/plotting.py:252: RuntimeWarning: overflow encountered in exp
  np.exp(logwt), logz if logplot else np.exp(logz)
/scratch/pratyusava.baral/Modified_Dispersion/src/dispersion/lib/python3.11/site-packages/dynesty/plotting.py:282: RuntimeWarning: overflow encountered in exp
  zspan = (0., 1.05 * np.exp(logz[-1] + 3. * logzerr[-1]))
03:49 bilby WARNING : Axis limits cannot be NaN or Inf
03:49 bilby WARNING : Failed to create dynesty run plot at checkpoint
03:59 bilby INFO    : Written checkpoint file results/34/None_resume.pickle
/scratch/pratyusava.baral/Modified_Dispersion/src/dispersion/lib/python3.11/site-packages/dynesty/plotting.py:252: RuntimeWarning: overflow encountered in exp
  np.exp(logwt), logz if logplot else np.exp(logz)
/scratch/pratyusava.baral/Modified_Dispersion/src/dispersion/lib/python3.11/site-packages/dynesty/plotting.py:282: RuntimeWarning: overflow encountered in exp
  zspan = (0., 1.05 * np.exp(logz[-1] + 3. * logzerr[-1]))
03:59 bilby WARNING : Axis limits cannot be NaN or Inf
03:59 bilby WARNING : Failed to create dynesty run plot at checkpoint
04:10 bilby INFO    : Written checkpoint file results/34/None_resume.pickle
/scratch/pratyusava.baral/Modified_Dispersion/src/dispersion/lib/python3.11/site-packages/dynesty/plotting.py:252: RuntimeWarning: overflow encountered in exp
  np.exp(logwt), logz if logplot else np.exp(logz)
/scratch/pratyusava.baral/Modified_Dispersion/src/dispersion/lib/python3.11/site-packages/dynesty/plotting.py:282: RuntimeWarning: overflow encountered in exp
  zspan = (0., 1.05 * np.exp(logz[-1] + 3. * logzerr[-1]))
04:10 bilby WARNING : Axis limits cannot be NaN or Inf
04:10 bilby WARNING : Failed to create dynesty run plot at checkpoint
04:20 bilby INFO    : Written checkpoint file results/34/None_resume.pickle
/scratch/pratyusava.baral/Modified_Dispersion/src/dispersion/lib/python3.11/site-packages/dynesty/plotting.py:252: RuntimeWarning: overflow encountered in exp
  np.exp(logwt), logz if logplot else np.exp(logz)
/scratch/pratyusava.baral/Modified_Dispersion/src/dispersion/lib/python3.11/site-packages/dynesty/plotting.py:282: RuntimeWarning: overflow encountered in exp
  zspan = (0., 1.05 * np.exp(logz[-1] + 3. * logzerr[-1]))
04:20 bilby WARNING : Axis limits cannot be NaN or Inf
04:20 bilby WARNING : Failed to create dynesty run plot at checkpoint
04:30 bilby INFO    : Written checkpoint file results/34/None_resume.pickle
/scratch/pratyusava.baral/Modified_Dispersion/src/dispersion/lib/python3.11/site-packages/dynesty/plotting.py:252: RuntimeWarning: overflow encountered in exp
  np.exp(logwt), logz if logplot else np.exp(logz)
/scratch/pratyusava.baral/Modified_Dispersion/src/dispersion/lib/python3.11/site-packages/dynesty/plotting.py:282: RuntimeWarning: overflow encountered in exp
  zspan = (0., 1.05 * np.exp(logz[-1] + 3. * logzerr[-1]))
04:30 bilby WARNING : Axis limits cannot be NaN or Inf
04:30 bilby WARNING : Failed to create dynesty run plot at checkpoint
04:41 bilby INFO    : Written checkpoint file results/34/None_resume.pickle
/scratch/pratyusava.baral/Modified_Dispersion/src/dispersion/lib/python3.11/site-packages/dynesty/plotting.py:252: RuntimeWarning: overflow encountered in exp
  np.exp(logwt), logz if logplot else np.exp(logz)
/scratch/pratyusava.baral/Modified_Dispersion/src/dispersion/lib/python3.11/site-packages/dynesty/plotting.py:282: RuntimeWarning: overflow encountered in exp
  zspan = (0., 1.05 * np.exp(logz[-1] + 3. * logzerr[-1]))
04:41 bilby WARNING : Axis limits cannot be NaN or Inf
04:41 bilby WARNING : Failed to create dynesty run plot at checkpoint
04:51 bilby INFO    : Written checkpoint file results/34/None_resume.pickle
/scratch/pratyusava.baral/Modified_Dispersion/src/dispersion/lib/python3.11/site-packages/dynesty/plotting.py:252: RuntimeWarning: overflow encountered in exp
  np.exp(logwt), logz if logplot else np.exp(logz)
/scratch/pratyusava.baral/Modified_Dispersion/src/dispersion/lib/python3.11/site-packages/dynesty/plotting.py:282: RuntimeWarning: overflow encountered in exp
  zspan = (0., 1.05 * np.exp(logz[-1] + 3. * logzerr[-1]))
04:51 bilby WARNING : Axis limits cannot be NaN or Inf
04:51 bilby WARNING : Failed to create dynesty run plot at checkpoint
05:01 bilby INFO    : Written checkpoint file results/34/None_resume.pickle
/scratch/pratyusava.baral/Modified_Dispersion/src/dispersion/lib/python3.11/site-packages/dynesty/plotting.py:252: RuntimeWarning: overflow encountered in exp
  np.exp(logwt), logz if logplot else np.exp(logz)
/scratch/pratyusava.baral/Modified_Dispersion/src/dispersion/lib/python3.11/site-packages/dynesty/plotting.py:282: RuntimeWarning: overflow encountered in exp
  zspan = (0., 1.05 * np.exp(logz[-1] + 3. * logzerr[-1]))
05:01 bilby WARNING : Axis limits cannot be NaN or Inf
05:01 bilby WARNING : Failed to create dynesty run plot at checkpoint
05:12 bilby INFO    : Written checkpoint file results/34/None_resume.pickle
/scratch/pratyusava.baral/Modified_Dispersion/src/dispersion/lib/python3.11/site-packages/dynesty/plotting.py:252: RuntimeWarning: overflow encountered in exp
  np.exp(logwt), logz if logplot else np.exp(logz)
/scratch/pratyusava.baral/Modified_Dispersion/src/dispersion/lib/python3.11/site-packages/dynesty/plotting.py:282: RuntimeWarning: overflow encountered in exp
  zspan = (0., 1.05 * np.exp(logz[-1] + 3. * logzerr[-1]))
05:12 bilby WARNING : Axis limits cannot be NaN or Inf
05:12 bilby WARNING : Failed to create dynesty run plot at checkpoint
05:22 bilby INFO    : Written checkpoint file results/34/None_resume.pickle
/scratch/pratyusava.baral/Modified_Dispersion/src/dispersion/lib/python3.11/site-packages/dynesty/plotting.py:252: RuntimeWarning: overflow encountered in exp
  np.exp(logwt), logz if logplot else np.exp(logz)
/scratch/pratyusava.baral/Modified_Dispersion/src/dispersion/lib/python3.11/site-packages/dynesty/plotting.py:282: RuntimeWarning: overflow encountered in exp
  zspan = (0., 1.05 * np.exp(logz[-1] + 3. * logzerr[-1]))
05:22 bilby WARNING : Axis limits cannot be NaN or Inf
05:22 bilby WARNING : Failed to create dynesty run plot at checkpoint
05:32 bilby INFO    : Written checkpoint file results/34/None_resume.pickle
/scratch/pratyusava.baral/Modified_Dispersion/src/dispersion/lib/python3.11/site-packages/dynesty/plotting.py:252: RuntimeWarning: overflow encountered in exp
  np.exp(logwt), logz if logplot else np.exp(logz)
/scratch/pratyusava.baral/Modified_Dispersion/src/dispersion/lib/python3.11/site-packages/dynesty/plotting.py:282: RuntimeWarning: overflow encountered in exp
  zspan = (0., 1.05 * np.exp(logz[-1] + 3. * logzerr[-1]))
05:32 bilby WARNING : Axis limits cannot be NaN or Inf
05:32 bilby WARNING : Failed to create dynesty run plot at checkpoint
05:42 bilby INFO    : Written checkpoint file results/34/None_resume.pickle
/scratch/pratyusava.baral/Modified_Dispersion/src/dispersion/lib/python3.11/site-packages/dynesty/plotting.py:252: RuntimeWarning: overflow encountered in exp
  np.exp(logwt), logz if logplot else np.exp(logz)
/scratch/pratyusava.baral/Modified_Dispersion/src/dispersion/lib/python3.11/site-packages/dynesty/plotting.py:282: RuntimeWarning: overflow encountered in exp
  zspan = (0., 1.05 * np.exp(logz[-1] + 3. * logzerr[-1]))
05:42 bilby WARNING : Axis limits cannot be NaN or Inf
05:42 bilby WARNING : Failed to create dynesty run plot at checkpoint
05:53 bilby INFO    : Written checkpoint file results/34/None_resume.pickle
/scratch/pratyusava.baral/Modified_Dispersion/src/dispersion/lib/python3.11/site-packages/dynesty/plotting.py:252: RuntimeWarning: overflow encountered in exp
  np.exp(logwt), logz if logplot else np.exp(logz)
/scratch/pratyusava.baral/Modified_Dispersion/src/dispersion/lib/python3.11/site-packages/dynesty/plotting.py:282: RuntimeWarning: overflow encountered in exp
  zspan = (0., 1.05 * np.exp(logz[-1] + 3. * logzerr[-1]))
05:53 bilby WARNING : Axis limits cannot be NaN or Inf
05:53 bilby WARNING : Failed to create dynesty run plot at checkpoint
06:03 bilby INFO    : Written checkpoint file results/34/None_resume.pickle
/scratch/pratyusava.baral/Modified_Dispersion/src/dispersion/lib/python3.11/site-packages/dynesty/plotting.py:252: RuntimeWarning: overflow encountered in exp
  np.exp(logwt), logz if logplot else np.exp(logz)
/scratch/pratyusava.baral/Modified_Dispersion/src/dispersion/lib/python3.11/site-packages/dynesty/plotting.py:282: RuntimeWarning: overflow encountered in exp
  zspan = (0., 1.05 * np.exp(logz[-1] + 3. * logzerr[-1]))
06:03 bilby WARNING : Axis limits cannot be NaN or Inf
06:03 bilby WARNING : Failed to create dynesty run plot at checkpoint
06:14 bilby INFO    : Written checkpoint file results/34/None_resume.pickle
/scratch/pratyusava.baral/Modified_Dispersion/src/dispersion/lib/python3.11/site-packages/dynesty/plotting.py:252: RuntimeWarning: overflow encountered in exp
  np.exp(logwt), logz if logplot else np.exp(logz)
/scratch/pratyusava.baral/Modified_Dispersion/src/dispersion/lib/python3.11/site-packages/dynesty/plotting.py:282: RuntimeWarning: overflow encountered in exp
  zspan = (0., 1.05 * np.exp(logz[-1] + 3. * logzerr[-1]))
06:14 bilby WARNING : Axis limits cannot be NaN or Inf
06:14 bilby WARNING : Failed to create dynesty run plot at checkpoint
06:24 bilby INFO    : Written checkpoint file results/34/None_resume.pickle
/scratch/pratyusava.baral/Modified_Dispersion/src/dispersion/lib/python3.11/site-packages/dynesty/plotting.py:252: RuntimeWarning: overflow encountered in exp
  np.exp(logwt), logz if logplot else np.exp(logz)
/scratch/pratyusava.baral/Modified_Dispersion/src/dispersion/lib/python3.11/site-packages/dynesty/plotting.py:282: RuntimeWarning: overflow encountered in exp
  zspan = (0., 1.05 * np.exp(logz[-1] + 3. * logzerr[-1]))
06:24 bilby WARNING : Axis limits cannot be NaN or Inf
06:24 bilby WARNING : Failed to create dynesty run plot at checkpoint
06:35 bilby INFO    : Written checkpoint file results/34/None_resume.pickle
/scratch/pratyusava.baral/Modified_Dispersion/src/dispersion/lib/python3.11/site-packages/dynesty/plotting.py:252: RuntimeWarning: overflow encountered in exp
  np.exp(logwt), logz if logplot else np.exp(logz)
/scratch/pratyusava.baral/Modified_Dispersion/src/dispersion/lib/python3.11/site-packages/dynesty/plotting.py:282: RuntimeWarning: overflow encountered in exp
  zspan = (0., 1.05 * np.exp(logz[-1] + 3. * logzerr[-1]))
06:35 bilby WARNING : Axis limits cannot be NaN or Inf
06:35 bilby WARNING : Failed to create dynesty run plot at checkpoint
06:45 bilby INFO    : Written checkpoint file results/34/None_resume.pickle
/scratch/pratyusava.baral/Modified_Dispersion/src/dispersion/lib/python3.11/site-packages/dynesty/plotting.py:252: RuntimeWarning: overflow encountered in exp
  np.exp(logwt), logz if logplot else np.exp(logz)
/scratch/pratyusava.baral/Modified_Dispersion/src/dispersion/lib/python3.11/site-packages/dynesty/plotting.py:282: RuntimeWarning: overflow encountered in exp
  zspan = (0., 1.05 * np.exp(logz[-1] + 3. * logzerr[-1]))
06:45 bilby WARNING : Axis limits cannot be NaN or Inf
06:45 bilby WARNING : Failed to create dynesty run plot at checkpoint
06:55 bilby INFO    : Written checkpoint file results/34/None_resume.pickle
/scratch/pratyusava.baral/Modified_Dispersion/src/dispersion/lib/python3.11/site-packages/dynesty/plotting.py:252: RuntimeWarning: overflow encountered in exp
  np.exp(logwt), logz if logplot else np.exp(logz)
/scratch/pratyusava.baral/Modified_Dispersion/src/dispersion/lib/python3.11/site-packages/dynesty/plotting.py:282: RuntimeWarning: overflow encountered in exp
  zspan = (0., 1.05 * np.exp(logz[-1] + 3. * logzerr[-1]))
06:55 bilby WARNING : Axis limits cannot be NaN or Inf
06:55 bilby WARNING : Failed to create dynesty run plot at checkpoint
07:05 bilby INFO    : Written checkpoint file results/34/None_resume.pickle
/scratch/pratyusava.baral/Modified_Dispersion/src/dispersion/lib/python3.11/site-packages/dynesty/plotting.py:252: RuntimeWarning: overflow encountered in exp
  np.exp(logwt), logz if logplot else np.exp(logz)
/scratch/pratyusava.baral/Modified_Dispersion/src/dispersion/lib/python3.11/site-packages/dynesty/plotting.py:282: RuntimeWarning: overflow encountered in exp
  zspan = (0., 1.05 * np.exp(logz[-1] + 3. * logzerr[-1]))
07:06 bilby WARNING : Axis limits cannot be NaN or Inf
07:06 bilby WARNING : Failed to create dynesty run plot at checkpoint
07:09 bilby INFO    : Written checkpoint file results/34/None_resume.pickle
/scratch/pratyusava.baral/Modified_Dispersion/src/dispersion/lib/python3.11/site-packages/dynesty/plotting.py:252: RuntimeWarning: overflow encountered in exp
  np.exp(logwt), logz if logplot else np.exp(logz)
/scratch/pratyusava.baral/Modified_Dispersion/src/dispersion/lib/python3.11/site-packages/dynesty/plotting.py:282: RuntimeWarning: overflow encountered in exp
  zspan = (0., 1.05 * np.exp(logz[-1] + 3. * logzerr[-1]))
07:09 bilby WARNING : Axis limits cannot be NaN or Inf
07:09 bilby WARNING : Failed to create dynesty run plot at checkpoint
07:09 bilby INFO    : Starting to close worker pool.
07:09 bilby INFO    : Finished closing worker pool.
07:09 bilby INFO    : Rejection sampling nested samples to obtain 2841 posterior samples
07:09 bilby INFO    : Sampling time: 1 day, 13:45:09.631362
07:09 bilby INFO    : Summary of results:
nsamples: 2841
ln_noise_evidence: -211525.257
ln_evidence: -50.295 +/-  0.306
ln_bayes_factor: 211474.963 +/-  0.306

