000 (78852668.035.000) 2026-10-01 10:44:08 Job submitted from host: <10.14.0.121:9618?addrs=10.14.0.121-9618&alias=ldas-pcdev12.ligo.caltech.edu&noUDP&sock=schedd_623140_c9b4>
...
001 (78852668.035.000) 2026-10-01 10:47:55 Job executing on host: <10.14.10.62:9618?addrs=10.14.10.62-9618&alias=node2312.cluster.ldas.cit&noUDP&sock=startd_2782857_032a>
	SlotName: slot1_2@node2312.cluster.ldas.cit
	CondorScratchDir = "/var/lib/condor/execute/dir_68678/scratch"
	Cpus = 4
	Disk = 28672
	GPUs = 0
	Memory = 15104
...
006 (78852668.035.000) 2026-10-01 10:47:55 Image size of job updated: 25000
	0  -  MemoryUsage of job (MB)
	0  -  ResidentSetSize of job (KB)
...
005 (78852668.035.000) 2026-10-01 10:47:55 Job terminated.
	(1) Normal termination (return value 1)
		Usr 0 00:00:00, Sys 0 00:00:00  -  Run Remote Usage
		Usr 0 00:00:00, Sys 0 00:00:00  -  Run Local Usage
		Usr 0 00:00:00, Sys 0 00:00:00  -  Total Remote Usage
		Usr 0 00:00:00, Sys 0 00:00:00  -  Total Local Usage
	0  -  Run Bytes Sent By Job
	0  -  Run Bytes Received By Job
	0  -  Total Bytes Sent By Job
	0  -  Total Bytes Received By Job
	Partitionable Resources :    Usage  Request Allocated 
	   Cpus                 :                 4         4 
	   Disk (KB)            :    25000    25000     28672 
	   GPUs                 :                           0 
	   Memory (MB)          :        0    15000     15104 
	   TimeExecute (s)      :        0                    
	   TimeSlotBusy (s)     :        1                    
...
000 (78854871.035.000) 2026-10-03 17:15:41 Job submitted from host: <10.14.0.121:9618?addrs=10.14.0.121-9618&alias=ldas-pcdev12.ligo.caltech.edu&noUDP&sock=schedd_623140_c9b4>
...
001 (78854871.035.000) 2026-10-03 17:16:40 Job executing on host: <10.14.7.5:9618?addrs=10.14.7.5-9618&alias=node1505.cluster.ldas.cit&noUDP&sock=startd_29886_e37f>
	SlotName: slot1_1@node1505.cluster.ldas.cit
	CondorScratchDir = "/var/lib/condor/execute/dir_433328/scratch"
	Cpus = 4
	Disk = 28672
	GPUs = 0
	Memory = 15104
...
006 (78854871.035.000) 2026-10-03 17:16:49 Image size of job updated: 182880
	179  -  MemoryUsage of job (MB)
	182880  -  ResidentSetSize of job (KB)
...
006 (78854871.035.000) 2026-10-03 17:21:51 Image size of job updated: 252984
	248  -  MemoryUsage of job (MB)
	252984  -  ResidentSetSize of job (KB)
...
006 (78854871.035.000) 2026-10-03 17:26:51 Image size of job updated: 266988
	261  -  MemoryUsage of job (MB)
	266988  -  ResidentSetSize of job (KB)
...
006 (78854871.035.000) 2026-10-03 17:31:51 Image size of job updated: 377228
	369  -  MemoryUsage of job (MB)
	377228  -  ResidentSetSize of job (KB)
...
006 (78854871.035.000) 2026-10-03 17:36:52 Image size of job updated: 377516
	369  -  MemoryUsage of job (MB)
	377516  -  ResidentSetSize of job (KB)
...
006 (78854871.035.000) 2026-10-03 17:41:53 Image size of job updated: 409912
	401  -  MemoryUsage of job (MB)
	409912  -  ResidentSetSize of job (KB)
...
006 (78854871.035.000) 2026-10-03 17:46:53 Image size of job updated: 410004
	401  -  MemoryUsage of job (MB)
	410004  -  ResidentSetSize of job (KB)
...
006 (78854871.035.000) 2026-10-03 17:51:54 Image size of job updated: 413688
	404  -  MemoryUsage of job (MB)
	413688  -  ResidentSetSize of job (KB)
...
006 (78854871.035.000) 2026-10-03 17:56:55 Image size of job updated: 413704
	405  -  MemoryUsage of job (MB)
	413704  -  ResidentSetSize of job (KB)
...
006 (78854871.035.000) 2026-10-03 18:01:55 Image size of job updated: 414972
	406  -  MemoryUsage of job (MB)
	414972  -  ResidentSetSize of job (KB)
...
006 (78854871.035.000) 2026-10-03 18:06:55 Image size of job updated: 414980
	406  -  MemoryUsage of job (MB)
	414980  -  ResidentSetSize of job (KB)
...
006 (78854871.035.000) 2026-10-03 18:11:56 Image size of job updated: 415528
	406  -  MemoryUsage of job (MB)
	415528  -  ResidentSetSize of job (KB)
...
006 (78854871.035.000) 2026-10-03 18:16:56 Image size of job updated: 415664
	406  -  MemoryUsage of job (MB)
	415664  -  ResidentSetSize of job (KB)
...
006 (78854871.035.000) 2026-10-03 18:21:56 Image size of job updated: 431360
	422  -  MemoryUsage of job (MB)
	431360  -  ResidentSetSize of job (KB)
...
006 (78854871.035.000) 2026-10-03 18:26:57 Image size of job updated: 431380
	422  -  MemoryUsage of job (MB)
	431380  -  ResidentSetSize of job (KB)
...
006 (78854871.035.000) 2026-10-03 18:31:57 Image size of job updated: 432060
	422  -  MemoryUsage of job (MB)
	432060  -  ResidentSetSize of job (KB)
...
006 (78854871.035.000) 2026-10-03 18:36:57 Image size of job updated: 432064
	422  -  MemoryUsage of job (MB)
	432064  -  ResidentSetSize of job (KB)
...
006 (78854871.035.000) 2026-10-03 18:41:58 Image size of job updated: 433892
	424  -  MemoryUsage of job (MB)
	433892  -  ResidentSetSize of job (KB)
...
006 (78854871.035.000) 2026-10-03 18:46:59 Image size of job updated: 433896
	424  -  MemoryUsage of job (MB)
	433896  -  ResidentSetSize of job (KB)
...
006 (78854871.035.000) 2026-10-03 18:51:59 Image size of job updated: 435116
	425  -  MemoryUsage of job (MB)
	435116  -  ResidentSetSize of job (KB)
...
006 (78854871.035.000) 2026-10-03 18:57:00 Image size of job updated: 435120
	425  -  MemoryUsage of job (MB)
	435120  -  ResidentSetSize of job (KB)
...
006 (78854871.035.000) 2026-10-03 19:02:01 Image size of job updated: 437240
	427  -  MemoryUsage of job (MB)
	437240  -  ResidentSetSize of job (KB)
...
006 (78854871.035.000) 2026-10-03 19:07:01 Image size of job updated: 437248
	427  -  MemoryUsage of job (MB)
	437248  -  ResidentSetSize of job (KB)
...
006 (78854871.035.000) 2026-10-03 19:12:01 Image size of job updated: 440492
	431  -  MemoryUsage of job (MB)
	440492  -  ResidentSetSize of job (KB)
...
006 (78854871.035.000) 2026-10-03 19:17:02 Image size of job updated: 440624
	431  -  MemoryUsage of job (MB)
	440624  -  ResidentSetSize of job (KB)
...
006 (78854871.035.000) 2026-10-03 19:22:02 Image size of job updated: 440960
	431  -  MemoryUsage of job (MB)
	440960  -  ResidentSetSize of job (KB)
...
006 (78854871.035.000) 2026-10-03 19:27:03 Image size of job updated: 440964
	431  -  MemoryUsage of job (MB)
	440964  -  ResidentSetSize of job (KB)
...
006 (78854871.035.000) 2026-10-03 19:32:04 Image size of job updated: 441492
	432  -  MemoryUsage of job (MB)
	441492  -  ResidentSetSize of job (KB)
...
006 (78854871.035.000) 2026-10-03 19:37:04 Image size of job updated: 441496
	432  -  MemoryUsage of job (MB)
	441496  -  ResidentSetSize of job (KB)
...
006 (78854871.035.000) 2026-10-03 19:42:05 Image size of job updated: 447812
	438  -  MemoryUsage of job (MB)
	447812  -  ResidentSetSize of job (KB)
...
006 (78854871.035.000) 2026-10-03 19:47:06 Image size of job updated: 447868
	438  -  MemoryUsage of job (MB)
	447868  -  ResidentSetSize of job (KB)
...
006 (78854871.035.000) 2026-10-03 19:52:06 Image size of job updated: 450176
	440  -  MemoryUsage of job (MB)
	450176  -  ResidentSetSize of job (KB)
...
006 (78854871.035.000) 2026-10-03 19:57:06 Image size of job updated: 450188
	440  -  MemoryUsage of job (MB)
	450188  -  ResidentSetSize of job (KB)
...
006 (78854871.035.000) 2026-10-03 20:02:07 Image size of job updated: 450244
	440  -  MemoryUsage of job (MB)
	450244  -  ResidentSetSize of job (KB)
...
006 (78854871.035.000) 2026-10-03 20:12:07 Image size of job updated: 450248
	440  -  MemoryUsage of job (MB)
	450248  -  ResidentSetSize of job (KB)
...
006 (78854871.035.000) 2026-10-03 20:17:08 Image size of job updated: 450256
	440  -  MemoryUsage of job (MB)
	450256  -  ResidentSetSize of job (KB)
...
006 (78854871.035.000) 2026-10-03 20:22:08 Image size of job updated: 450264
	440  -  MemoryUsage of job (MB)
	450264  -  ResidentSetSize of job (KB)
...
006 (78854871.035.000) 2026-10-03 20:32:09 Image size of job updated: 450268
	440  -  MemoryUsage of job (MB)
	450268  -  ResidentSetSize of job (KB)
...
006 (78854871.035.000) 2026-10-03 20:37:10 Image size of job updated: 450288
	440  -  MemoryUsage of job (MB)
	450288  -  ResidentSetSize of job (KB)
...
006 (78854871.035.000) 2026-10-03 20:42:10 Image size of job updated: 450292
	440  -  MemoryUsage of job (MB)
	450292  -  ResidentSetSize of job (KB)
...
006 (78854871.035.000) 2026-10-03 20:47:11 Image size of job updated: 450324
	440  -  MemoryUsage of job (MB)
	450324  -  ResidentSetSize of job (KB)
...
006 (78854871.035.000) 2026-10-03 20:57:12 Image size of job updated: 453868
	444  -  MemoryUsage of job (MB)
	453868  -  ResidentSetSize of job (KB)
...
006 (78854871.035.000) 2026-10-03 21:02:12 Image size of job updated: 453872
	444  -  MemoryUsage of job (MB)
	453872  -  ResidentSetSize of job (KB)
...
006 (78854871.035.000) 2026-10-03 21:07:13 Image size of job updated: 454352
	444  -  MemoryUsage of job (MB)
	454352  -  ResidentSetSize of job (KB)
...
006 (78854871.035.000) 2026-10-03 21:12:13 Image size of job updated: 454460
	444  -  MemoryUsage of job (MB)
	454460  -  ResidentSetSize of job (KB)
...
006 (78854871.035.000) 2026-10-03 21:17:13 Image size of job updated: 457080
	446  -  MemoryUsage of job (MB)
	456492  -  ResidentSetSize of job (KB)
...
006 (78854871.035.000) 2026-10-03 21:22:14 Image size of job updated: 457080
	446  -  MemoryUsage of job (MB)
	456496  -  ResidentSetSize of job (KB)
...
004 (78854871.035.000) 2026-10-03 21:36:36 Job was evicted. Code 1023 Subcode 0
	(0) CPU times
		Usr 0 13:28:22, Sys 0 00:00:40  -  Run Remote Usage
		Usr 0 00:00:00, Sys 0 00:00:00  -  Run Local Usage
	0  -  Run Bytes Sent By Job
	0  -  Run Bytes Received By Job
	Reason: via condor_rm (by user pratyusava.baral)
	Partitionable Resources :    Usage  Request Allocated 
	   Cpus                 :     3.11        4         4 
	   Disk (KB)            : 25000       25000     28672 
	   GPUs                 :                           0 
	   Memory (MB)          :   446       15000     15104 
	   TimeExecute (s)      : 15596                       
	   TimeSlotBusy (s)     : 15597                       
...
009 (78854871.035.000) 2026-10-03 21:36:36 Job was aborted.
	via condor_rm (by user pratyusava.baral)
...
000 (78854907.035.000) 2026-10-03 21:37:08 Job submitted from host: <10.14.0.121:9618?addrs=10.14.0.121-9618&alias=ldas-pcdev12.ligo.caltech.edu&noUDP&sock=schedd_623140_c9b4>
...
001 (78854907.035.000) 2026-10-03 21:38:42 Job executing on host: <10.14.8.184:9618?addrs=10.14.8.184-9618&alias=node1934.cluster.ldas.cit&noUDP&sock=startd_34516_aefd>
	SlotName: slot1_3@node1934.cluster.ldas.cit
	CondorScratchDir = "/var/lib/condor/execute/dir_486132/scratch"
	Cpus = 4
	Disk = 28672
	GPUs = 0
	Memory = 15104
...
006 (78854907.035.000) 2026-10-03 21:38:50 Image size of job updated: 188484
	185  -  MemoryUsage of job (MB)
	188484  -  ResidentSetSize of job (KB)
...
006 (78854907.035.000) 2026-10-03 21:43:50 Image size of job updated: 250080
	245  -  MemoryUsage of job (MB)
	250080  -  ResidentSetSize of job (KB)
...
006 (78854907.035.000) 2026-10-03 21:48:51 Image size of job updated: 371132
	363  -  MemoryUsage of job (MB)
	371132  -  ResidentSetSize of job (KB)
...
006 (78854907.035.000) 2026-10-03 21:53:52 Image size of job updated: 371444
	363  -  MemoryUsage of job (MB)
	371444  -  ResidentSetSize of job (KB)
...
006 (78854907.035.000) 2026-10-03 21:58:52 Image size of job updated: 394920
	386  -  MemoryUsage of job (MB)
	394920  -  ResidentSetSize of job (KB)
...
006 (78854907.035.000) 2026-10-03 22:03:53 Image size of job updated: 414264
	405  -  MemoryUsage of job (MB)
	414264  -  ResidentSetSize of job (KB)
...
006 (78854907.035.000) 2026-10-03 22:08:54 Image size of job updated: 421944
	413  -  MemoryUsage of job (MB)
	421944  -  ResidentSetSize of job (KB)
...
006 (78854907.035.000) 2026-10-03 22:13:54 Image size of job updated: 421996
	413  -  MemoryUsage of job (MB)
	421996  -  ResidentSetSize of job (KB)
...
006 (78854907.035.000) 2026-10-03 22:18:55 Image size of job updated: 423216
	414  -  MemoryUsage of job (MB)
	423216  -  ResidentSetSize of job (KB)
...
006 (78854907.035.000) 2026-10-03 22:23:56 Image size of job updated: 423292
	414  -  MemoryUsage of job (MB)
	423292  -  ResidentSetSize of job (KB)
...
006 (78854907.035.000) 2026-10-03 22:28:56 Image size of job updated: 428716
	419  -  MemoryUsage of job (MB)
	428716  -  ResidentSetSize of job (KB)
...
006 (78854907.035.000) 2026-10-03 22:33:56 Image size of job updated: 428728
	419  -  MemoryUsage of job (MB)
	428728  -  ResidentSetSize of job (KB)
...
006 (78854907.035.000) 2026-10-03 22:38:57 Image size of job updated: 430092
	421  -  MemoryUsage of job (MB)
	430092  -  ResidentSetSize of job (KB)
...
006 (78854907.035.000) 2026-10-03 22:43:57 Image size of job updated: 430564
	421  -  MemoryUsage of job (MB)
	430564  -  ResidentSetSize of job (KB)
...
006 (78854907.035.000) 2026-10-03 22:48:57 Image size of job updated: 452804
	421  -  MemoryUsage of job (MB)
	430668  -  ResidentSetSize of job (KB)
...
006 (78854907.035.000) 2026-10-03 22:53:58 Image size of job updated: 452804
	421  -  MemoryUsage of job (MB)
	430888  -  ResidentSetSize of job (KB)
...
006 (78854907.035.000) 2026-10-03 22:58:58 Image size of job updated: 452804
	431  -  MemoryUsage of job (MB)
	440932  -  ResidentSetSize of job (KB)
...
006 (78854907.035.000) 2026-10-03 23:03:58 Image size of job updated: 452804
	431  -  MemoryUsage of job (MB)
	440944  -  ResidentSetSize of job (KB)
...
006 (78854907.035.000) 2026-10-03 23:08:59 Image size of job updated: 452804
	433  -  MemoryUsage of job (MB)
	443072  -  ResidentSetSize of job (KB)
...
006 (78854907.035.000) 2026-10-03 23:13:59 Image size of job updated: 452804
	433  -  MemoryUsage of job (MB)
	443080  -  ResidentSetSize of job (KB)
...
006 (78854907.035.000) 2026-10-03 23:18:59 Image size of job updated: 452804
	433  -  MemoryUsage of job (MB)
	443120  -  ResidentSetSize of job (KB)
...
006 (78854907.035.000) 2026-10-03 23:24:00 Image size of job updated: 452804
	433  -  MemoryUsage of job (MB)
	443128  -  ResidentSetSize of job (KB)
...
006 (78854907.035.000) 2026-10-03 23:29:00 Image size of job updated: 452804
	433  -  MemoryUsage of job (MB)
	443144  -  ResidentSetSize of job (KB)
...
006 (78854907.035.000) 2026-10-03 23:34:00 Image size of job updated: 452804
	433  -  MemoryUsage of job (MB)
	443148  -  ResidentSetSize of job (KB)
...
006 (78854907.035.000) 2026-10-03 23:39:01 Image size of job updated: 457992
	448  -  MemoryUsage of job (MB)
	457992  -  ResidentSetSize of job (KB)
...
006 (78854907.035.000) 2026-10-03 23:44:02 Image size of job updated: 458004
	448  -  MemoryUsage of job (MB)
	458004  -  ResidentSetSize of job (KB)
...
006 (78854907.035.000) 2026-10-03 23:49:02 Image size of job updated: 458024
	448  -  MemoryUsage of job (MB)
	458024  -  ResidentSetSize of job (KB)
...
006 (78854907.035.000) 2026-10-03 23:54:03 Image size of job updated: 458028
	448  -  MemoryUsage of job (MB)
	458028  -  ResidentSetSize of job (KB)
...
006 (78854907.035.000) 2026-10-03 23:59:04 Image size of job updated: 458032
	448  -  MemoryUsage of job (MB)
	458032  -  ResidentSetSize of job (KB)
...
006 (78854907.035.000) 2026-10-04 00:04:04 Image size of job updated: 458116
	448  -  MemoryUsage of job (MB)
	458116  -  ResidentSetSize of job (KB)
...
006 (78854907.035.000) 2026-10-04 00:09:05 Image size of job updated: 458168
	448  -  MemoryUsage of job (MB)
	458168  -  ResidentSetSize of job (KB)
...
006 (78854907.035.000) 2026-10-04 00:14:06 Image size of job updated: 458204
	448  -  MemoryUsage of job (MB)
	458204  -  ResidentSetSize of job (KB)
...
006 (78854907.035.000) 2026-10-04 00:19:06 Image size of job updated: 458212
	448  -  MemoryUsage of job (MB)
	458212  -  ResidentSetSize of job (KB)
...
006 (78854907.035.000) 2026-10-04 00:34:08 Image size of job updated: 464280
	454  -  MemoryUsage of job (MB)
	464280  -  ResidentSetSize of job (KB)
...
006 (78854907.035.000) 2026-10-04 00:44:10 Image size of job updated: 469432
	459  -  MemoryUsage of job (MB)
	469432  -  ResidentSetSize of job (KB)
...
006 (78854907.035.000) 2026-10-04 00:49:10 Image size of job updated: 469468
	459  -  MemoryUsage of job (MB)
	469468  -  ResidentSetSize of job (KB)
...
006 (78854907.035.000) 2026-10-04 01:04:12 Image size of job updated: 469480
	459  -  MemoryUsage of job (MB)
	469480  -  ResidentSetSize of job (KB)
...
006 (78854907.035.000) 2026-10-04 01:14:13 Image size of job updated: 469804
	459  -  MemoryUsage of job (MB)
	469804  -  ResidentSetSize of job (KB)
...
006 (78854907.035.000) 2026-10-04 01:24:13 Image size of job updated: 475892
	465  -  MemoryUsage of job (MB)
	475892  -  ResidentSetSize of job (KB)
...
006 (78854907.035.000) 2026-10-04 01:29:14 Image size of job updated: 475900
	465  -  MemoryUsage of job (MB)
	475900  -  ResidentSetSize of job (KB)
...
006 (78854907.035.000) 2026-10-04 01:34:14 Image size of job updated: 475952
	465  -  MemoryUsage of job (MB)
	475952  -  ResidentSetSize of job (KB)
...
006 (78854907.035.000) 2026-10-04 01:39:14 Image size of job updated: 475956
	465  -  MemoryUsage of job (MB)
	475956  -  ResidentSetSize of job (KB)
...
006 (78854907.035.000) 2026-10-04 01:44:15 Image size of job updated: 475964
	465  -  MemoryUsage of job (MB)
	475964  -  ResidentSetSize of job (KB)
...
006 (78854907.035.000) 2026-10-04 01:49:15 Image size of job updated: 475972
	465  -  MemoryUsage of job (MB)
	475972  -  ResidentSetSize of job (KB)
...
006 (78854907.035.000) 2026-10-04 01:54:15 Image size of job updated: 475992
	465  -  MemoryUsage of job (MB)
	475992  -  ResidentSetSize of job (KB)
...
006 (78854907.035.000) 2026-10-04 01:59:16 Image size of job updated: 475996
	465  -  MemoryUsage of job (MB)
	475996  -  ResidentSetSize of job (KB)
...
006 (78854907.035.000) 2026-10-04 02:04:16 Image size of job updated: 476016
	465  -  MemoryUsage of job (MB)
	476016  -  ResidentSetSize of job (KB)
...
006 (78854907.035.000) 2026-10-04 02:09:16 Image size of job updated: 476020
	465  -  MemoryUsage of job (MB)
	476020  -  ResidentSetSize of job (KB)
...
006 (78854907.035.000) 2026-10-04 02:14:17 Image size of job updated: 477028
	466  -  MemoryUsage of job (MB)
	477028  -  ResidentSetSize of job (KB)
...
006 (78854907.035.000) 2026-10-04 02:19:17 Image size of job updated: 477036
	466  -  MemoryUsage of job (MB)
	477036  -  ResidentSetSize of job (KB)
...
006 (78854907.035.000) 2026-10-04 02:24:17 Image size of job updated: 477056
	466  -  MemoryUsage of job (MB)
	477056  -  ResidentSetSize of job (KB)
...
006 (78854907.035.000) 2026-10-04 02:29:18 Image size of job updated: 477092
	466  -  MemoryUsage of job (MB)
	477092  -  ResidentSetSize of job (KB)
...
006 (78854907.035.000) 2026-10-04 02:34:18 Image size of job updated: 478076
	467  -  MemoryUsage of job (MB)
	478076  -  ResidentSetSize of job (KB)
...
006 (78854907.035.000) 2026-10-04 02:44:19 Image size of job updated: 478084
	467  -  MemoryUsage of job (MB)
	478084  -  ResidentSetSize of job (KB)
...
006 (78854907.035.000) 2026-10-04 02:54:19 Image size of job updated: 478184
	467  -  MemoryUsage of job (MB)
	478184  -  ResidentSetSize of job (KB)
...
006 (78854907.035.000) 2026-10-04 03:14:22 Image size of job updated: 478280
	468  -  MemoryUsage of job (MB)
	478280  -  ResidentSetSize of job (KB)
...
006 (78854907.035.000) 2026-10-04 03:19:23 Image size of job updated: 479312
	469  -  MemoryUsage of job (MB)
	479312  -  ResidentSetSize of job (KB)
...
006 (78854907.035.000) 2026-10-04 03:39:25 Image size of job updated: 479384
	469  -  MemoryUsage of job (MB)
	479384  -  ResidentSetSize of job (KB)
...
006 (78854907.035.000) 2026-10-04 03:59:26 Image size of job updated: 479388
	469  -  MemoryUsage of job (MB)
	479388  -  ResidentSetSize of job (KB)
...
006 (78854907.035.000) 2026-10-04 04:09:27 Image size of job updated: 480396
	470  -  MemoryUsage of job (MB)
	480396  -  ResidentSetSize of job (KB)
...
006 (78854907.035.000) 2026-10-04 04:19:28 Image size of job updated: 480404
	470  -  MemoryUsage of job (MB)
	480404  -  ResidentSetSize of job (KB)
...
006 (78854907.035.000) 2026-10-04 04:29:28 Image size of job updated: 482424
	472  -  MemoryUsage of job (MB)
	482424  -  ResidentSetSize of job (KB)
...
006 (78854907.035.000) 2026-10-04 04:39:29 Image size of job updated: 482428
	472  -  MemoryUsage of job (MB)
	482428  -  ResidentSetSize of job (KB)
...
006 (78854907.035.000) 2026-10-04 04:59:30 Image size of job updated: 483436
	473  -  MemoryUsage of job (MB)
	483436  -  ResidentSetSize of job (KB)
...
006 (78854907.035.000) 2026-10-04 05:04:31 Image size of job updated: 483468
	473  -  MemoryUsage of job (MB)
	483468  -  ResidentSetSize of job (KB)
...
006 (78854907.035.000) 2026-10-04 05:19:33 Image size of job updated: 484480
	474  -  MemoryUsage of job (MB)
	484480  -  ResidentSetSize of job (KB)
...
006 (78854907.035.000) 2026-10-04 05:29:34 Image size of job updated: 485488
	475  -  MemoryUsage of job (MB)
	485488  -  ResidentSetSize of job (KB)
...
006 (78854907.035.000) 2026-10-04 05:49:37 Image size of job updated: 485524
	475  -  MemoryUsage of job (MB)
	485524  -  ResidentSetSize of job (KB)
...
006 (78854907.035.000) 2026-10-04 05:54:38 Image size of job updated: 485528
	475  -  MemoryUsage of job (MB)
	485528  -  ResidentSetSize of job (KB)
...
006 (78854907.035.000) 2026-10-04 06:34:42 Image size of job updated: 487580
	477  -  MemoryUsage of job (MB)
	487580  -  ResidentSetSize of job (KB)
...
006 (78854907.035.000) 2026-10-04 06:54:44 Image size of job updated: 488188
	477  -  MemoryUsage of job (MB)
	488188  -  ResidentSetSize of job (KB)
...
006 (78854907.035.000) 2026-10-04 07:04:44 Image size of job updated: 488192
	477  -  MemoryUsage of job (MB)
	488192  -  ResidentSetSize of job (KB)
...
006 (78854907.035.000) 2026-10-04 07:14:45 Image size of job updated: 488196
	477  -  MemoryUsage of job (MB)
	488196  -  ResidentSetSize of job (KB)
...
006 (78854907.035.000) 2026-10-04 07:34:46 Image size of job updated: 490232
	479  -  MemoryUsage of job (MB)
	490232  -  ResidentSetSize of job (KB)
...
006 (78854907.035.000) 2026-10-04 07:59:48 Image size of job updated: 490264
	479  -  MemoryUsage of job (MB)
	490264  -  ResidentSetSize of job (KB)
...
006 (78854907.035.000) 2026-10-04 08:04:48 Image size of job updated: 492888
	482  -  MemoryUsage of job (MB)
	492888  -  ResidentSetSize of job (KB)
...
006 (78854907.035.000) 2026-10-04 08:14:50 Image size of job updated: 500568
	489  -  MemoryUsage of job (MB)
	500568  -  ResidentSetSize of job (KB)
...
006 (78854907.035.000) 2026-10-04 08:34:52 Image size of job updated: 500580
	489  -  MemoryUsage of job (MB)
	500580  -  ResidentSetSize of job (KB)
...
006 (78854907.035.000) 2026-10-04 08:44:54 Image size of job updated: 503604
	491  -  MemoryUsage of job (MB)
	502580  -  ResidentSetSize of job (KB)
...
006 (78854907.035.000) 2026-10-04 08:49:54 Image size of job updated: 503604
	491  -  MemoryUsage of job (MB)
	502584  -  ResidentSetSize of job (KB)
...
006 (78854907.035.000) 2026-10-04 09:04:56 Image size of job updated: 503700
	492  -  MemoryUsage of job (MB)
	503700  -  ResidentSetSize of job (KB)
...
006 (78854907.035.000) 2026-10-04 09:30:00 Image size of job updated: 505700
	494  -  MemoryUsage of job (MB)
	505700  -  ResidentSetSize of job (KB)
...
006 (78854907.035.000) 2026-10-04 09:45:01 Image size of job updated: 505740
	494  -  MemoryUsage of job (MB)
	505740  -  ResidentSetSize of job (KB)
...
006 (78854907.035.000) 2026-10-04 09:55:01 Image size of job updated: 505744
	494  -  MemoryUsage of job (MB)
	505744  -  ResidentSetSize of job (KB)
...
006 (78854907.035.000) 2026-10-04 10:00:02 Image size of job updated: 507916
	497  -  MemoryUsage of job (MB)
	507916  -  ResidentSetSize of job (KB)
...
006 (78854907.035.000) 2026-10-04 10:20:03 Image size of job updated: 508940
	498  -  MemoryUsage of job (MB)
	508940  -  ResidentSetSize of job (KB)
...
006 (78854907.035.000) 2026-10-04 10:30:04 Image size of job updated: 508948
	498  -  MemoryUsage of job (MB)
	508948  -  ResidentSetSize of job (KB)
...
006 (78854907.035.000) 2026-10-04 10:45:05 Image size of job updated: 508952
	498  -  MemoryUsage of job (MB)
	508952  -  ResidentSetSize of job (KB)
...
006 (78854907.035.000) 2026-10-04 10:50:05 Image size of job updated: 510492
	499  -  MemoryUsage of job (MB)
	510492  -  ResidentSetSize of job (KB)
...
006 (78854907.035.000) 2026-10-04 11:00:06 Image size of job updated: 510532
	499  -  MemoryUsage of job (MB)
	510532  -  ResidentSetSize of job (KB)
...
006 (78854907.035.000) 2026-10-04 11:10:06 Image size of job updated: 512556
	501  -  MemoryUsage of job (MB)
	512556  -  ResidentSetSize of job (KB)
...
006 (78854907.035.000) 2026-10-04 11:20:08 Image size of job updated: 512572
	501  -  MemoryUsage of job (MB)
	512572  -  ResidentSetSize of job (KB)
...
006 (78854907.035.000) 2026-10-04 11:40:10 Image size of job updated: 513560
	502  -  MemoryUsage of job (MB)
	513560  -  ResidentSetSize of job (KB)
...
006 (78854907.035.000) 2026-10-04 11:45:11 Image size of job updated: 513596
	502  -  MemoryUsage of job (MB)
	513596  -  ResidentSetSize of job (KB)
...
006 (78854907.035.000) 2026-10-04 11:50:12 Image size of job updated: 522236
	510  -  MemoryUsage of job (MB)
	522236  -  ResidentSetSize of job (KB)
...
006 (78854907.035.000) 2026-10-04 12:00:13 Image size of job updated: 522244
	511  -  MemoryUsage of job (MB)
	522244  -  ResidentSetSize of job (KB)
...
006 (78854907.035.000) 2026-10-04 12:05:14 Image size of job updated: 522248
	511  -  MemoryUsage of job (MB)
	522248  -  ResidentSetSize of job (KB)
...
006 (78854907.035.000) 2026-10-04 12:15:15 Image size of job updated: 522256
	511  -  MemoryUsage of job (MB)
	522256  -  ResidentSetSize of job (KB)
...
006 (78854907.035.000) 2026-10-04 12:25:16 Image size of job updated: 522292
	511  -  MemoryUsage of job (MB)
	522292  -  ResidentSetSize of job (KB)
...
006 (78854907.035.000) 2026-10-04 12:50:20 Image size of job updated: 522296
	511  -  MemoryUsage of job (MB)
	522296  -  ResidentSetSize of job (KB)
...
006 (78854907.035.000) 2026-10-04 12:55:20 Image size of job updated: 535560
	524  -  MemoryUsage of job (MB)
	535560  -  ResidentSetSize of job (KB)
...
006 (78854907.035.000) 2026-10-04 13:05:22 Image size of job updated: 535564
	524  -  MemoryUsage of job (MB)
	535564  -  ResidentSetSize of job (KB)
...
006 (78854907.035.000) 2026-10-04 13:10:22 Image size of job updated: 535584
	524  -  MemoryUsage of job (MB)
	535584  -  ResidentSetSize of job (KB)
...
006 (78854907.035.000) 2026-10-04 13:15:22 Image size of job updated: 535588
	524  -  MemoryUsage of job (MB)
	535588  -  ResidentSetSize of job (KB)
...
006 (78854907.035.000) 2026-10-04 13:25:23 Image size of job updated: 536596
	524  -  MemoryUsage of job (MB)
	535588  -  ResidentSetSize of job (KB)
...
006 (78854907.035.000) 2026-10-04 13:30:23 Image size of job updated: 536596
	524  -  MemoryUsage of job (MB)
	535592  -  ResidentSetSize of job (KB)
...
004 (78854907.035.000) 2026-10-04 13:44:47 Job was evicted. Code 1023 Subcode 0
	(0) CPU times
		Usr 2 05:08:04, Sys 0 00:02:10  -  Run Remote Usage
		Usr 0 00:00:00, Sys 0 00:00:00  -  Run Local Usage
	0  -  Run Bytes Sent By Job
	0  -  Run Bytes Received By Job
	Reason: via condor_rm (by user pratyusava.baral)
	Partitionable Resources :    Usage  Request Allocated 
	   Cpus                 :     3.80        4         4 
	   Disk (KB)            : 25000       25000     28672 
	   GPUs                 :                           0 
	   Memory (MB)          :   524       15000     15104 
	   TimeExecute (s)      : 57965                       
	   TimeSlotBusy (s)     : 57966                       
...
009 (78854907.035.000) 2026-10-04 13:44:47 Job was aborted.
	via condor_rm (by user pratyusava.baral)
...
000 (78855136.035.000) 2026-10-04 13:45:07 Job submitted from host: <10.14.0.121:9618?addrs=10.14.0.121-9618&alias=ldas-pcdev12.ligo.caltech.edu&noUDP&sock=schedd_623140_c9b4>
...
001 (78855136.035.000) 2026-10-04 13:49:18 Job executing on host: <10.14.4.123:9618?addrs=10.14.4.123-9618&alias=node873.cluster.ldas.cit&noUDP&sock=startd_37215_f91a>
	SlotName: slot1_1@node873.cluster.ldas.cit
	CondorScratchDir = "/var/lib/condor/execute/dir_558332/scratch"
	Cpus = 4
	Disk = 28672
	GPUs = 0
	Memory = 15104
...
006 (78855136.035.000) 2026-10-04 13:49:26 Image size of job updated: 140232
	137  -  MemoryUsage of job (MB)
	140232  -  ResidentSetSize of job (KB)
...
006 (78855136.035.000) 2026-10-04 13:54:26 Image size of job updated: 268300
	263  -  MemoryUsage of job (MB)
	268300  -  ResidentSetSize of job (KB)
...
006 (78855136.035.000) 2026-10-04 13:59:26 Image size of job updated: 435188
	425  -  MemoryUsage of job (MB)
	435188  -  ResidentSetSize of job (KB)
...
006 (78855136.035.000) 2026-10-04 14:04:27 Image size of job updated: 435404
	426  -  MemoryUsage of job (MB)
	435404  -  ResidentSetSize of job (KB)
...
006 (78855136.035.000) 2026-10-04 14:09:27 Image size of job updated: 471768
	450  -  MemoryUsage of job (MB)
	460672  -  ResidentSetSize of job (KB)
...
006 (78855136.035.000) 2026-10-04 14:14:27 Image size of job updated: 471768
	451  -  MemoryUsage of job (MB)
	460848  -  ResidentSetSize of job (KB)
...
006 (78855136.035.000) 2026-10-04 14:19:28 Image size of job updated: 476700
	453  -  MemoryUsage of job (MB)
	463712  -  ResidentSetSize of job (KB)
...
006 (78855136.035.000) 2026-10-04 14:24:28 Image size of job updated: 476700
	453  -  MemoryUsage of job (MB)
	463812  -  ResidentSetSize of job (KB)
...
006 (78855136.035.000) 2026-10-04 14:29:28 Image size of job updated: 482772
	459  -  MemoryUsage of job (MB)
	469380  -  ResidentSetSize of job (KB)
...
006 (78855136.035.000) 2026-10-04 14:34:29 Image size of job updated: 482772
	459  -  MemoryUsage of job (MB)
	469492  -  ResidentSetSize of job (KB)
...
006 (78855136.035.000) 2026-10-04 14:39:29 Image size of job updated: 486132
	475  -  MemoryUsage of job (MB)
	486132  -  ResidentSetSize of job (KB)
...
006 (78855136.035.000) 2026-10-04 14:44:29 Image size of job updated: 486164
	475  -  MemoryUsage of job (MB)
	486164  -  ResidentSetSize of job (KB)
...
006 (78855136.035.000) 2026-10-04 14:49:30 Image size of job updated: 486180
	475  -  MemoryUsage of job (MB)
	486164  -  ResidentSetSize of job (KB)
...
006 (78855136.035.000) 2026-10-04 14:59:30 Image size of job updated: 506608
	489  -  MemoryUsage of job (MB)
	500112  -  ResidentSetSize of job (KB)
...
006 (78855136.035.000) 2026-10-04 15:04:31 Image size of job updated: 506608
	489  -  MemoryUsage of job (MB)
	500148  -  ResidentSetSize of job (KB)
...
006 (78855136.035.000) 2026-10-04 15:09:31 Image size of job updated: 506608
	491  -  MemoryUsage of job (MB)
	502756  -  ResidentSetSize of job (KB)
...
006 (78855136.035.000) 2026-10-04 15:14:31 Image size of job updated: 506608
	491  -  MemoryUsage of job (MB)
	502776  -  ResidentSetSize of job (KB)
...
006 (78855136.035.000) 2026-10-04 15:19:32 Image size of job updated: 506608
	494  -  MemoryUsage of job (MB)
	505028  -  ResidentSetSize of job (KB)
...
006 (78855136.035.000) 2026-10-04 15:24:32 Image size of job updated: 506608
	494  -  MemoryUsage of job (MB)
	505132  -  ResidentSetSize of job (KB)
...
006 (78855136.035.000) 2026-10-04 15:29:33 Image size of job updated: 507732
	496  -  MemoryUsage of job (MB)
	507732  -  ResidentSetSize of job (KB)
...
006 (78855136.035.000) 2026-10-04 15:34:34 Image size of job updated: 507736
	496  -  MemoryUsage of job (MB)
	507736  -  ResidentSetSize of job (KB)
...
006 (78855136.035.000) 2026-10-04 15:39:34 Image size of job updated: 510420
	499  -  MemoryUsage of job (MB)
	510420  -  ResidentSetSize of job (KB)
...
006 (78855136.035.000) 2026-10-04 15:44:34 Image size of job updated: 510444
	499  -  MemoryUsage of job (MB)
	510444  -  ResidentSetSize of job (KB)
...
006 (78855136.035.000) 2026-10-04 15:49:35 Image size of job updated: 511024
	500  -  MemoryUsage of job (MB)
	511024  -  ResidentSetSize of job (KB)
...
006 (78855136.035.000) 2026-10-04 15:54:35 Image size of job updated: 518728
	507  -  MemoryUsage of job (MB)
	518728  -  ResidentSetSize of job (KB)
...
006 (78855136.035.000) 2026-10-04 15:59:35 Image size of job updated: 528940
	517  -  MemoryUsage of job (MB)
	528940  -  ResidentSetSize of job (KB)
...
006 (78855136.035.000) 2026-10-04 16:09:19 Image size of job updated: 538540
	526  -  MemoryUsage of job (MB)
	538540  -  ResidentSetSize of job (KB)
...
006 (78855136.035.000) 2026-10-04 16:23:28 Image size of job updated: 539564
	527  -  MemoryUsage of job (MB)
	539268  -  ResidentSetSize of job (KB)
...
006 (78855136.035.000) 2026-10-04 16:34:47 Image size of job updated: 541756
	529  -  MemoryUsage of job (MB)
	540764  -  ResidentSetSize of job (KB)
...
006 (78855136.035.000) 2026-10-04 16:41:35 Image size of job updated: 542732
	531  -  MemoryUsage of job (MB)
	542732  -  ResidentSetSize of job (KB)
...
006 (78855136.035.000) 2026-10-04 16:46:35 Image size of job updated: 542744
	531  -  MemoryUsage of job (MB)
	542744  -  ResidentSetSize of job (KB)
...
006 (78855136.035.000) 2026-10-04 16:51:36 Image size of job updated: 542748
	531  -  MemoryUsage of job (MB)
	542744  -  ResidentSetSize of job (KB)
...
006 (78855136.035.000) 2026-10-04 17:01:37 Image size of job updated: 543760
	531  -  MemoryUsage of job (MB)
	542744  -  ResidentSetSize of job (KB)
...
006 (78855136.035.000) 2026-10-04 17:31:41 Image size of job updated: 546480
	533  -  MemoryUsage of job (MB)
	544892  -  ResidentSetSize of job (KB)
...
006 (78855136.035.000) 2026-10-04 17:41:43 Image size of job updated: 546480
	533  -  MemoryUsage of job (MB)
	544900  -  ResidentSetSize of job (KB)
...
006 (78855136.035.000) 2026-10-04 17:56:45 Image size of job updated: 546480
	534  -  MemoryUsage of job (MB)
	545904  -  ResidentSetSize of job (KB)
...
006 (78855136.035.000) 2026-10-04 18:01:45 Image size of job updated: 546480
	534  -  MemoryUsage of job (MB)
	545940  -  ResidentSetSize of job (KB)
...
006 (78855136.035.000) 2026-10-04 18:16:47 Image size of job updated: 546952
	535  -  MemoryUsage of job (MB)
	546952  -  ResidentSetSize of job (KB)
...
006 (78855136.035.000) 2026-10-04 18:31:49 Image size of job updated: 546960
	535  -  MemoryUsage of job (MB)
	546960  -  ResidentSetSize of job (KB)
...
006 (78855136.035.000) 2026-10-04 18:46:51 Image size of job updated: 549228
	537  -  MemoryUsage of job (MB)
	549228  -  ResidentSetSize of job (KB)
...
006 (78855136.035.000) 2026-10-04 18:51:52 Image size of job updated: 549252
	537  -  MemoryUsage of job (MB)
	549252  -  ResidentSetSize of job (KB)
...
006 (78855136.035.000) 2026-10-04 19:06:54 Image size of job updated: 549260
	537  -  MemoryUsage of job (MB)
	549252  -  ResidentSetSize of job (KB)
...
006 (78855136.035.000) 2026-10-04 19:16:54 Image size of job updated: 550096
	538  -  MemoryUsage of job (MB)
	550096  -  ResidentSetSize of job (KB)
...
006 (78855136.035.000) 2026-10-04 19:21:55 Image size of job updated: 550100
	538  -  MemoryUsage of job (MB)
	550100  -  ResidentSetSize of job (KB)
...
006 (78855136.035.000) 2026-10-04 19:31:55 Image size of job updated: 550104
	538  -  MemoryUsage of job (MB)
	550104  -  ResidentSetSize of job (KB)
...
006 (78855136.035.000) 2026-10-04 20:01:59 Image size of job updated: 551152
	538  -  MemoryUsage of job (MB)
	550104  -  ResidentSetSize of job (KB)
...
006 (78855136.035.000) 2026-10-04 20:07:00 Image size of job updated: 551152
	538  -  MemoryUsage of job (MB)
	550108  -  ResidentSetSize of job (KB)
...
006 (78855136.035.000) 2026-10-04 20:32:03 Image size of job updated: 552248
	539  -  MemoryUsage of job (MB)
	551240  -  ResidentSetSize of job (KB)
...
006 (78855136.035.000) 2026-10-04 20:42:04 Image size of job updated: 562996
	539  -  MemoryUsage of job (MB)
	551240  -  ResidentSetSize of job (KB)
...
006 (78855136.035.000) 2026-10-04 20:52:05 Image size of job updated: 562996
	542  -  MemoryUsage of job (MB)
	554176  -  ResidentSetSize of job (KB)
...
006 (78855136.035.000) 2026-10-04 20:57:05 Image size of job updated: 562996
	542  -  MemoryUsage of job (MB)
	554180  -  ResidentSetSize of job (KB)
...
006 (78855136.035.000) 2026-10-04 21:07:06 Image size of job updated: 562996
	542  -  MemoryUsage of job (MB)
	554184  -  ResidentSetSize of job (KB)
...
006 (78855136.035.000) 2026-10-04 21:12:06 Image size of job updated: 562996
	543  -  MemoryUsage of job (MB)
	555212  -  ResidentSetSize of job (KB)
...
006 (78855136.035.000) 2026-10-04 21:22:07 Image size of job updated: 562996
	543  -  MemoryUsage of job (MB)
	555216  -  ResidentSetSize of job (KB)
...
006 (78855136.035.000) 2026-10-04 21:37:08 Image size of job updated: 562996
	543  -  MemoryUsage of job (MB)
	555320  -  ResidentSetSize of job (KB)
...
006 (78855136.035.000) 2026-10-04 21:47:09 Image size of job updated: 562996
	543  -  MemoryUsage of job (MB)
	555324  -  ResidentSetSize of job (KB)
...
006 (78855136.035.000) 2026-10-04 21:57:09 Image size of job updated: 562996
	544  -  MemoryUsage of job (MB)
	556332  -  ResidentSetSize of job (KB)
...
006 (78855136.035.000) 2026-10-04 22:02:10 Image size of job updated: 562996
	544  -  MemoryUsage of job (MB)
	556344  -  ResidentSetSize of job (KB)
...
006 (78855136.035.000) 2026-10-04 22:37:14 Image size of job updated: 570152
	557  -  MemoryUsage of job (MB)
	570152  -  ResidentSetSize of job (KB)
...
006 (78855136.035.000) 2026-10-04 22:42:15 Image size of job updated: 570172
	557  -  MemoryUsage of job (MB)
	570172  -  ResidentSetSize of job (KB)
...
006 (78855136.035.000) 2026-10-04 22:47:15 Image size of job updated: 570176
	557  -  MemoryUsage of job (MB)
	570172  -  ResidentSetSize of job (KB)
...
006 (78855136.035.000) 2026-10-05 00:42:27 Image size of job updated: 574468
	557  -  MemoryUsage of job (MB)
	570172  -  ResidentSetSize of job (KB)
...
006 (78855136.035.000) 2026-10-05 01:27:31 Image size of job updated: 581692
	557  -  MemoryUsage of job (MB)
	570172  -  ResidentSetSize of job (KB)
...
006 (78855136.035.000) 2026-10-05 05:02:55 Image size of job updated: 583836
	557  -  MemoryUsage of job (MB)
	570172  -  ResidentSetSize of job (KB)
...
006 (78855136.035.000) 2026-10-05 05:58:00 Image size of job updated: 584960
	557  -  MemoryUsage of job (MB)
	570172  -  ResidentSetSize of job (KB)
...
006 (78855136.035.000) 2026-10-05 06:08:01 Image size of job updated: 584964
	557  -  MemoryUsage of job (MB)
	570172  -  ResidentSetSize of job (KB)
...
006 (78855136.035.000) 2026-10-05 07:03:06 Image size of job updated: 584964
	563  -  MemoryUsage of job (MB)
	575668  -  ResidentSetSize of job (KB)
...
006 (78855136.035.000) 2026-10-05 07:13:07 Image size of job updated: 584964
	564  -  MemoryUsage of job (MB)
	577460  -  ResidentSetSize of job (KB)
...
006 (78855136.035.000) 2026-10-05 07:23:07 Image size of job updated: 584964
	564  -  MemoryUsage of job (MB)
	577484  -  ResidentSetSize of job (KB)
...
006 (78855136.035.000) 2026-10-05 07:38:09 Image size of job updated: 584964
	564  -  MemoryUsage of job (MB)
	577488  -  ResidentSetSize of job (KB)
...
006 (78855136.035.000) 2026-10-05 07:43:10 Image size of job updated: 584964
	564  -  MemoryUsage of job (MB)
	577504  -  ResidentSetSize of job (KB)
...
006 (78855136.035.000) 2026-10-05 07:53:11 Image size of job updated: 584964
	565  -  MemoryUsage of job (MB)
	578512  -  ResidentSetSize of job (KB)
...
006 (78855136.035.000) 2026-10-05 07:58:12 Image size of job updated: 584964
	565  -  MemoryUsage of job (MB)
	578516  -  ResidentSetSize of job (KB)
...
006 (78855136.035.000) 2026-10-05 08:03:12 Image size of job updated: 584964
	566  -  MemoryUsage of job (MB)
	578924  -  ResidentSetSize of job (KB)
...
006 (78855136.035.000) 2026-10-05 08:13:14 Image size of job updated: 598556
	585  -  MemoryUsage of job (MB)
	598556  -  ResidentSetSize of job (KB)
...
006 (78855136.035.000) 2026-10-05 08:43:17 Image size of job updated: 598628
	585  -  MemoryUsage of job (MB)
	598628  -  ResidentSetSize of job (KB)
...
006 (78855136.035.000) 2026-10-05 08:58:18 Image size of job updated: 599652
	586  -  MemoryUsage of job (MB)
	599652  -  ResidentSetSize of job (KB)
...
006 (78855136.035.000) 2026-10-05 09:03:18 Image size of job updated: 599692
	586  -  MemoryUsage of job (MB)
	599692  -  ResidentSetSize of job (KB)
...
006 (78855136.035.000) 2026-10-05 09:18:19 Image size of job updated: 615300
	586  -  MemoryUsage of job (MB)
	599692  -  ResidentSetSize of job (KB)
...
006 (78855136.035.000) 2026-10-05 09:48:21 Image size of job updated: 615300
	589  -  MemoryUsage of job (MB)
	602356  -  ResidentSetSize of job (KB)
...
006 (78855136.035.000) 2026-10-05 10:33:25 Image size of job updated: 615300
	590  -  MemoryUsage of job (MB)
	603340  -  ResidentSetSize of job (KB)
...
006 (78855136.035.000) 2026-10-05 11:08:30 Image size of job updated: 615300
	591  -  MemoryUsage of job (MB)
	604336  -  ResidentSetSize of job (KB)
...
006 (78855136.035.000) 2026-10-05 11:28:31 Image size of job updated: 615300
	592  -  MemoryUsage of job (MB)
	605360  -  ResidentSetSize of job (KB)
...
006 (78855136.035.000) 2026-10-05 11:33:32 Image size of job updated: 615300
	592  -  MemoryUsage of job (MB)
	605484  -  ResidentSetSize of job (KB)
...
006 (78855136.035.000) 2026-10-05 11:48:33 Image size of job updated: 615300
	592  -  MemoryUsage of job (MB)
	605488  -  ResidentSetSize of job (KB)
...
006 (78855136.035.000) 2026-10-05 11:53:33 Image size of job updated: 615300
	592  -  MemoryUsage of job (MB)
	605492  -  ResidentSetSize of job (KB)
...
006 (78855136.035.000) 2026-10-05 12:23:36 Image size of job updated: 615300
	592  -  MemoryUsage of job (MB)
	606128  -  ResidentSetSize of job (KB)
...
006 (78855136.035.000) 2026-10-05 12:33:38 Image size of job updated: 615300
	594  -  MemoryUsage of job (MB)
	607512  -  ResidentSetSize of job (KB)
...
006 (78855136.035.000) 2026-10-05 12:38:38 Image size of job updated: 615300
	594  -  MemoryUsage of job (MB)
	607516  -  ResidentSetSize of job (KB)
...
006 (78855136.035.000) 2026-10-05 12:53:39 Image size of job updated: 615512
	594  -  MemoryUsage of job (MB)
	607516  -  ResidentSetSize of job (KB)
...
006 (78855136.035.000) 2026-10-05 13:33:42 Image size of job updated: 616572
	594  -  MemoryUsage of job (MB)
	607516  -  ResidentSetSize of job (KB)
...
