000 (78852668.036.000) 2026-10-01 10:44:08 Job submitted from host: <10.14.0.121:9618?addrs=10.14.0.121-9618&alias=ldas-pcdev12.ligo.caltech.edu&noUDP&sock=schedd_623140_c9b4>
...
001 (78852668.036.000) 2026-10-01 10:47:55 Job executing on host: <10.14.10.129:9618?addrs=10.14.10.129-9618&alias=node2379.cluster.ldas.cit&noUDP&sock=startd_2659246_25db>
	SlotName: slot1_2@node2379.cluster.ldas.cit
	CondorScratchDir = "/var/lib/condor/execute/dir_3759554/scratch"
	Cpus = 4
	Disk = 28672
	GPUs = 0
	Memory = 15104
...
006 (78852668.036.000) 2026-10-01 10:47:55 Image size of job updated: 25000
	0  -  MemoryUsage of job (MB)
	0  -  ResidentSetSize of job (KB)
...
005 (78852668.036.000) 2026-10-01 10:47:55 Job terminated.
	(1) Normal termination (return value 1)
		Usr 0 00:00:00, Sys 0 00:00:00  -  Run Remote Usage
		Usr 0 00:00:00, Sys 0 00:00:00  -  Run Local Usage
		Usr 0 00:00:00, Sys 0 00:00:00  -  Total Remote Usage
		Usr 0 00:00:00, Sys 0 00:00:00  -  Total Local Usage
	0  -  Run Bytes Sent By Job
	0  -  Run Bytes Received By Job
	0  -  Total Bytes Sent By Job
	0  -  Total Bytes Received By Job
	Partitionable Resources :    Usage  Request Allocated 
	   Cpus                 :                 4         4 
	   Disk (KB)            :    25000    25000     28672 
	   GPUs                 :                           0 
	   Memory (MB)          :        0    15000     15104 
	   TimeExecute (s)      :        0                    
	   TimeSlotBusy (s)     :        0                    
...
000 (78854871.036.000) 2026-10-03 17:15:41 Job submitted from host: <10.14.0.121:9618?addrs=10.14.0.121-9618&alias=ldas-pcdev12.ligo.caltech.edu&noUDP&sock=schedd_623140_c9b4>
...
001 (78854871.036.000) 2026-10-03 17:16:39 Job executing on host: <10.14.6.142:9618?addrs=10.14.6.142-9618&alias=node1392.cluster.ldas.cit&noUDP&sock=startd_35176_637f>
	SlotName: slot1_1@node1392.cluster.ldas.cit
	CondorScratchDir = "/var/lib/condor/execute/dir_582944/scratch"
	Cpus = 4
	Disk = 28672
	GPUs = 0
	Memory = 15104
...
006 (78854871.036.000) 2026-10-03 17:16:48 Image size of job updated: 226956
	222  -  MemoryUsage of job (MB)
	226956  -  ResidentSetSize of job (KB)
...
006 (78854871.036.000) 2026-10-03 17:21:48 Image size of job updated: 301708
	295  -  MemoryUsage of job (MB)
	301708  -  ResidentSetSize of job (KB)
...
006 (78854871.036.000) 2026-10-03 17:26:48 Image size of job updated: 315760
	309  -  MemoryUsage of job (MB)
	315760  -  ResidentSetSize of job (KB)
...
006 (78854871.036.000) 2026-10-03 17:31:49 Image size of job updated: 422976
	414  -  MemoryUsage of job (MB)
	422976  -  ResidentSetSize of job (KB)
...
006 (78854871.036.000) 2026-10-03 17:36:50 Image size of job updated: 423036
	414  -  MemoryUsage of job (MB)
	423036  -  ResidentSetSize of job (KB)
...
006 (78854871.036.000) 2026-10-03 17:41:50 Image size of job updated: 448740
	439  -  MemoryUsage of job (MB)
	448740  -  ResidentSetSize of job (KB)
...
006 (78854871.036.000) 2026-10-03 17:46:51 Image size of job updated: 455680
	445  -  MemoryUsage of job (MB)
	455680  -  ResidentSetSize of job (KB)
...
006 (78854871.036.000) 2026-10-03 17:51:52 Image size of job updated: 456752
	445  -  MemoryUsage of job (MB)
	455680  -  ResidentSetSize of job (KB)
...
006 (78854871.036.000) 2026-10-03 18:11:54 Image size of job updated: 465712
	455  -  MemoryUsage of job (MB)
	465712  -  ResidentSetSize of job (KB)
...
006 (78854871.036.000) 2026-10-03 18:16:55 Image size of job updated: 465780
	455  -  MemoryUsage of job (MB)
	465780  -  ResidentSetSize of job (KB)
...
006 (78854871.036.000) 2026-10-03 18:21:56 Image size of job updated: 469108
	458  -  MemoryUsage of job (MB)
	468012  -  ResidentSetSize of job (KB)
...
006 (78854871.036.000) 2026-10-03 18:26:56 Image size of job updated: 469108
	458  -  MemoryUsage of job (MB)
	468076  -  ResidentSetSize of job (KB)
...
006 (78854871.036.000) 2026-10-03 18:31:56 Image size of job updated: 469108
	458  -  MemoryUsage of job (MB)
	468116  -  ResidentSetSize of job (KB)
...
006 (78854871.036.000) 2026-10-03 18:36:57 Image size of job updated: 469108
	458  -  MemoryUsage of job (MB)
	468120  -  ResidentSetSize of job (KB)
...
006 (78854871.036.000) 2026-10-03 19:16:59 Image size of job updated: 469108
	458  -  MemoryUsage of job (MB)
	468236  -  ResidentSetSize of job (KB)
...
006 (78854871.036.000) 2026-10-03 19:42:02 Image size of job updated: 470264
	460  -  MemoryUsage of job (MB)
	470260  -  ResidentSetSize of job (KB)
...
006 (78854871.036.000) 2026-10-03 19:52:03 Image size of job updated: 470340
	460  -  MemoryUsage of job (MB)
	470340  -  ResidentSetSize of job (KB)
...
006 (78854871.036.000) 2026-10-03 19:57:04 Image size of job updated: 470344
	460  -  MemoryUsage of job (MB)
	470344  -  ResidentSetSize of job (KB)
...
006 (78854871.036.000) 2026-10-03 20:02:04 Image size of job updated: 472216
	462  -  MemoryUsage of job (MB)
	472216  -  ResidentSetSize of job (KB)
...
006 (78854871.036.000) 2026-10-03 20:12:06 Image size of job updated: 472424
	462  -  MemoryUsage of job (MB)
	472424  -  ResidentSetSize of job (KB)
...
006 (78854871.036.000) 2026-10-03 20:17:06 Image size of job updated: 472436
	462  -  MemoryUsage of job (MB)
	472436  -  ResidentSetSize of job (KB)
...
006 (78854871.036.000) 2026-10-03 20:22:07 Image size of job updated: 472440
	462  -  MemoryUsage of job (MB)
	472440  -  ResidentSetSize of job (KB)
...
006 (78854871.036.000) 2026-10-03 20:32:08 Image size of job updated: 472508
	462  -  MemoryUsage of job (MB)
	472508  -  ResidentSetSize of job (KB)
...
006 (78854871.036.000) 2026-10-03 20:37:09 Image size of job updated: 472520
	462  -  MemoryUsage of job (MB)
	472520  -  ResidentSetSize of job (KB)
...
006 (78854871.036.000) 2026-10-03 20:42:10 Image size of job updated: 472524
	462  -  MemoryUsage of job (MB)
	472524  -  ResidentSetSize of job (KB)
...
006 (78854871.036.000) 2026-10-03 20:47:10 Image size of job updated: 473532
	463  -  MemoryUsage of job (MB)
	473532  -  ResidentSetSize of job (KB)
...
006 (78854871.036.000) 2026-10-03 20:52:11 Image size of job updated: 473540
	463  -  MemoryUsage of job (MB)
	473540  -  ResidentSetSize of job (KB)
...
006 (78854871.036.000) 2026-10-03 20:57:12 Image size of job updated: 473568
	463  -  MemoryUsage of job (MB)
	473568  -  ResidentSetSize of job (KB)
...
006 (78854871.036.000) 2026-10-03 21:02:12 Image size of job updated: 473612
	463  -  MemoryUsage of job (MB)
	473612  -  ResidentSetSize of job (KB)
...
006 (78854871.036.000) 2026-10-03 21:07:13 Image size of job updated: 474632
	464  -  MemoryUsage of job (MB)
	474632  -  ResidentSetSize of job (KB)
...
006 (78854871.036.000) 2026-10-03 21:12:14 Image size of job updated: 474636
	464  -  MemoryUsage of job (MB)
	474636  -  ResidentSetSize of job (KB)
...
006 (78854871.036.000) 2026-10-03 21:17:14 Image size of job updated: 477208
	467  -  MemoryUsage of job (MB)
	477208  -  ResidentSetSize of job (KB)
...
006 (78854871.036.000) 2026-10-03 21:22:15 Image size of job updated: 477212
	467  -  MemoryUsage of job (MB)
	477212  -  ResidentSetSize of job (KB)
...
006 (78854871.036.000) 2026-10-03 21:27:16 Image size of job updated: 477760
	467  -  MemoryUsage of job (MB)
	477760  -  ResidentSetSize of job (KB)
...
006 (78854871.036.000) 2026-10-03 21:36:55 Image size of job updated: 477776
	467  -  MemoryUsage of job (MB)
	477760  -  ResidentSetSize of job (KB)
...
004 (78854871.036.000) 2026-10-03 21:36:55 Job was evicted. Code 1023 Subcode 0
	(0) CPU times
		Usr 0 13:55:11, Sys 0 00:01:38  -  Run Remote Usage
		Usr 0 00:00:00, Sys 0 00:00:00  -  Run Local Usage
	0  -  Run Bytes Sent By Job
	0  -  Run Bytes Received By Job
	Reason: via condor_rm (by user pratyusava.baral)
	Partitionable Resources :    Usage  Request Allocated 
	   Cpus                 :     3.76        4         4 
	   Disk (KB)            : 25000       25000     28672 
	   GPUs                 :                           0 
	   Memory (MB)          :   467       15000     15104 
	   TimeExecute (s)      : 15616                       
	   TimeSlotBusy (s)     : 15616                       
...
009 (78854871.036.000) 2026-10-03 21:36:55 Job was aborted.
	via condor_rm (by user pratyusava.baral)
...
000 (78854907.036.000) 2026-10-03 21:37:08 Job submitted from host: <10.14.0.121:9618?addrs=10.14.0.121-9618&alias=ldas-pcdev12.ligo.caltech.edu&noUDP&sock=schedd_623140_c9b4>
...
001 (78854907.036.000) 2026-10-03 21:38:42 Job executing on host: <10.14.5.127:9618?addrs=10.14.5.127-9618&alias=node1127.cluster.ldas.cit&noUDP&sock=startd_66773_4d73>
	SlotName: slot1_1@node1127.cluster.ldas.cit
	CondorScratchDir = "/var/lib/condor/execute/dir_843672/scratch"
	Cpus = 4
	Disk = 28672
	GPUs = 0
	Memory = 15104
...
006 (78854907.036.000) 2026-10-03 21:38:50 Image size of job updated: 198336
	194  -  MemoryUsage of job (MB)
	198336  -  ResidentSetSize of job (KB)
...
006 (78854907.036.000) 2026-10-03 21:43:50 Image size of job updated: 281896
	276  -  MemoryUsage of job (MB)
	281896  -  ResidentSetSize of job (KB)
...
006 (78854907.036.000) 2026-10-03 21:48:51 Image size of job updated: 414924
	406  -  MemoryUsage of job (MB)
	414924  -  ResidentSetSize of job (KB)
...
006 (78854907.036.000) 2026-10-03 21:53:52 Image size of job updated: 422936
	414  -  MemoryUsage of job (MB)
	422936  -  ResidentSetSize of job (KB)
...
006 (78854907.036.000) 2026-10-03 21:58:52 Image size of job updated: 430516
	421  -  MemoryUsage of job (MB)
	430516  -  ResidentSetSize of job (KB)
...
006 (78854907.036.000) 2026-10-03 22:03:53 Image size of job updated: 430640
	421  -  MemoryUsage of job (MB)
	430640  -  ResidentSetSize of job (KB)
...
006 (78854907.036.000) 2026-10-03 22:08:54 Image size of job updated: 436120
	426  -  MemoryUsage of job (MB)
	436120  -  ResidentSetSize of job (KB)
...
006 (78854907.036.000) 2026-10-03 22:13:54 Image size of job updated: 436196
	426  -  MemoryUsage of job (MB)
	436196  -  ResidentSetSize of job (KB)
...
006 (78854907.036.000) 2026-10-03 22:18:54 Image size of job updated: 453888
	444  -  MemoryUsage of job (MB)
	453888  -  ResidentSetSize of job (KB)
...
006 (78854907.036.000) 2026-10-03 22:23:55 Image size of job updated: 453968
	444  -  MemoryUsage of job (MB)
	453968  -  ResidentSetSize of job (KB)
...
006 (78854907.036.000) 2026-10-03 22:28:55 Image size of job updated: 461320
	444  -  MemoryUsage of job (MB)
	453968  -  ResidentSetSize of job (KB)
...
006 (78854907.036.000) 2026-10-03 22:33:55 Image size of job updated: 461320
	446  -  MemoryUsage of job (MB)
	456068  -  ResidentSetSize of job (KB)
...
006 (78854907.036.000) 2026-10-03 22:38:56 Image size of job updated: 486272
	475  -  MemoryUsage of job (MB)
	486272  -  ResidentSetSize of job (KB)
...
006 (78854907.036.000) 2026-10-03 22:43:56 Image size of job updated: 486320
	475  -  MemoryUsage of job (MB)
	486320  -  ResidentSetSize of job (KB)
...
006 (78854907.036.000) 2026-10-03 22:48:56 Image size of job updated: 496104
	485  -  MemoryUsage of job (MB)
	496104  -  ResidentSetSize of job (KB)
...
006 (78854907.036.000) 2026-10-03 22:53:57 Image size of job updated: 496120
	485  -  MemoryUsage of job (MB)
	496120  -  ResidentSetSize of job (KB)
...
006 (78854907.036.000) 2026-10-03 22:58:57 Image size of job updated: 498276
	487  -  MemoryUsage of job (MB)
	498276  -  ResidentSetSize of job (KB)
...
006 (78854907.036.000) 2026-10-03 23:03:57 Image size of job updated: 498292
	487  -  MemoryUsage of job (MB)
	498292  -  ResidentSetSize of job (KB)
...
006 (78854907.036.000) 2026-10-03 23:13:58 Image size of job updated: 498304
	487  -  MemoryUsage of job (MB)
	498304  -  ResidentSetSize of job (KB)
...
006 (78854907.036.000) 2026-10-03 23:18:58 Image size of job updated: 499344
	488  -  MemoryUsage of job (MB)
	499344  -  ResidentSetSize of job (KB)
...
006 (78854907.036.000) 2026-10-03 23:23:59 Image size of job updated: 499348
	488  -  MemoryUsage of job (MB)
	499348  -  ResidentSetSize of job (KB)
...
006 (78854907.036.000) 2026-10-03 23:28:59 Image size of job updated: 499356
	488  -  MemoryUsage of job (MB)
	499356  -  ResidentSetSize of job (KB)
...
006 (78854907.036.000) 2026-10-03 23:33:59 Image size of job updated: 500676
	488  -  MemoryUsage of job (MB)
	499660  -  ResidentSetSize of job (KB)
...
006 (78854907.036.000) 2026-10-03 23:39:00 Image size of job updated: 500676
	488  -  MemoryUsage of job (MB)
	499680  -  ResidentSetSize of job (KB)
...
006 (78854907.036.000) 2026-10-03 23:44:00 Image size of job updated: 500676
	488  -  MemoryUsage of job (MB)
	499688  -  ResidentSetSize of job (KB)
...
006 (78854907.036.000) 2026-10-03 23:49:00 Image size of job updated: 500676
	488  -  MemoryUsage of job (MB)
	499704  -  ResidentSetSize of job (KB)
...
006 (78854907.036.000) 2026-10-03 23:54:01 Image size of job updated: 501784
	491  -  MemoryUsage of job (MB)
	501784  -  ResidentSetSize of job (KB)
...
006 (78854907.036.000) 2026-10-03 23:59:01 Image size of job updated: 501836
	491  -  MemoryUsage of job (MB)
	501836  -  ResidentSetSize of job (KB)
...
006 (78854907.036.000) 2026-10-04 00:04:01 Image size of job updated: 501844
	491  -  MemoryUsage of job (MB)
	501844  -  ResidentSetSize of job (KB)
...
006 (78854907.036.000) 2026-10-04 00:09:02 Image size of job updated: 503888
	493  -  MemoryUsage of job (MB)
	503888  -  ResidentSetSize of job (KB)
...
006 (78854907.036.000) 2026-10-04 00:14:02 Image size of job updated: 505760
	494  -  MemoryUsage of job (MB)
	505760  -  ResidentSetSize of job (KB)
...
006 (78854907.036.000) 2026-10-04 00:19:02 Image size of job updated: 505776
	494  -  MemoryUsage of job (MB)
	505776  -  ResidentSetSize of job (KB)
...
006 (78854907.036.000) 2026-10-04 00:24:03 Image size of job updated: 505784
	494  -  MemoryUsage of job (MB)
	505784  -  ResidentSetSize of job (KB)
...
006 (78854907.036.000) 2026-10-04 00:29:03 Image size of job updated: 505796
	494  -  MemoryUsage of job (MB)
	505796  -  ResidentSetSize of job (KB)
...
006 (78854907.036.000) 2026-10-04 00:39:04 Image size of job updated: 505804
	494  -  MemoryUsage of job (MB)
	505804  -  ResidentSetSize of job (KB)
...
006 (78854907.036.000) 2026-10-04 00:49:04 Image size of job updated: 505812
	494  -  MemoryUsage of job (MB)
	505812  -  ResidentSetSize of job (KB)
...
006 (78854907.036.000) 2026-10-04 00:54:05 Image size of job updated: 506840
	495  -  MemoryUsage of job (MB)
	506840  -  ResidentSetSize of job (KB)
...
006 (78854907.036.000) 2026-10-04 01:04:05 Image size of job updated: 506860
	495  -  MemoryUsage of job (MB)
	506860  -  ResidentSetSize of job (KB)
...
006 (78854907.036.000) 2026-10-04 01:09:06 Image size of job updated: 506864
	495  -  MemoryUsage of job (MB)
	506864  -  ResidentSetSize of job (KB)
...
006 (78854907.036.000) 2026-10-04 01:19:06 Image size of job updated: 506872
	495  -  MemoryUsage of job (MB)
	506872  -  ResidentSetSize of job (KB)
...
006 (78854907.036.000) 2026-10-04 01:24:07 Image size of job updated: 506880
	495  -  MemoryUsage of job (MB)
	506880  -  ResidentSetSize of job (KB)
...
006 (78854907.036.000) 2026-10-04 01:34:07 Image size of job updated: 506888
	496  -  MemoryUsage of job (MB)
	506888  -  ResidentSetSize of job (KB)
...
006 (78854907.036.000) 2026-10-04 01:39:09 Image size of job updated: 506892
	496  -  MemoryUsage of job (MB)
	506892  -  ResidentSetSize of job (KB)
...
006 (78854907.036.000) 2026-10-04 01:44:09 Image size of job updated: 506900
	496  -  MemoryUsage of job (MB)
	506900  -  ResidentSetSize of job (KB)
...
006 (78854907.036.000) 2026-10-04 01:49:09 Image size of job updated: 506908
	496  -  MemoryUsage of job (MB)
	506908  -  ResidentSetSize of job (KB)
...
006 (78854907.036.000) 2026-10-04 01:54:11 Image size of job updated: 506964
	496  -  MemoryUsage of job (MB)
	506964  -  ResidentSetSize of job (KB)
...
006 (78854907.036.000) 2026-10-04 01:59:11 Image size of job updated: 506968
	496  -  MemoryUsage of job (MB)
	506968  -  ResidentSetSize of job (KB)
...
006 (78854907.036.000) 2026-10-04 02:04:11 Image size of job updated: 513484
	502  -  MemoryUsage of job (MB)
	513484  -  ResidentSetSize of job (KB)
...
006 (78854907.036.000) 2026-10-04 02:09:12 Image size of job updated: 513496
	502  -  MemoryUsage of job (MB)
	513496  -  ResidentSetSize of job (KB)
...
006 (78854907.036.000) 2026-10-04 02:14:13 Image size of job updated: 514524
	503  -  MemoryUsage of job (MB)
	514524  -  ResidentSetSize of job (KB)
...
006 (78854907.036.000) 2026-10-04 02:19:13 Image size of job updated: 514528
	503  -  MemoryUsage of job (MB)
	514528  -  ResidentSetSize of job (KB)
...
006 (78854907.036.000) 2026-10-04 02:24:14 Image size of job updated: 515560
	504  -  MemoryUsage of job (MB)
	515560  -  ResidentSetSize of job (KB)
...
006 (78854907.036.000) 2026-10-04 02:29:15 Image size of job updated: 515564
	504  -  MemoryUsage of job (MB)
	515564  -  ResidentSetSize of job (KB)
...
006 (78854907.036.000) 2026-10-04 02:34:15 Image size of job updated: 515568
	504  -  MemoryUsage of job (MB)
	515568  -  ResidentSetSize of job (KB)
...
006 (78854907.036.000) 2026-10-04 02:39:16 Image size of job updated: 515572
	504  -  MemoryUsage of job (MB)
	515572  -  ResidentSetSize of job (KB)
...
006 (78854907.036.000) 2026-10-04 02:49:17 Image size of job updated: 516592
	505  -  MemoryUsage of job (MB)
	516592  -  ResidentSetSize of job (KB)
...
006 (78854907.036.000) 2026-10-04 02:54:18 Image size of job updated: 516596
	505  -  MemoryUsage of job (MB)
	516596  -  ResidentSetSize of job (KB)
...
006 (78854907.036.000) 2026-10-04 03:04:19 Image size of job updated: 516600
	505  -  MemoryUsage of job (MB)
	516600  -  ResidentSetSize of job (KB)
...
006 (78854907.036.000) 2026-10-04 03:09:20 Image size of job updated: 516604
	505  -  MemoryUsage of job (MB)
	516604  -  ResidentSetSize of job (KB)
...
006 (78854907.036.000) 2026-10-04 03:14:21 Image size of job updated: 516608
	505  -  MemoryUsage of job (MB)
	516608  -  ResidentSetSize of job (KB)
...
006 (78854907.036.000) 2026-10-04 03:19:21 Image size of job updated: 517948
	506  -  MemoryUsage of job (MB)
	517948  -  ResidentSetSize of job (KB)
...
006 (78854907.036.000) 2026-10-04 03:29:23 Image size of job updated: 522236
	510  -  MemoryUsage of job (MB)
	522236  -  ResidentSetSize of job (KB)
...
006 (78854907.036.000) 2026-10-04 03:39:24 Image size of job updated: 522244
	511  -  MemoryUsage of job (MB)
	522244  -  ResidentSetSize of job (KB)
...
006 (78854907.036.000) 2026-10-04 03:49:25 Image size of job updated: 522276
	511  -  MemoryUsage of job (MB)
	522276  -  ResidentSetSize of job (KB)
...
006 (78854907.036.000) 2026-10-04 03:54:26 Image size of job updated: 522280
	511  -  MemoryUsage of job (MB)
	522280  -  ResidentSetSize of job (KB)
...
006 (78854907.036.000) 2026-10-04 04:04:27 Image size of job updated: 522284
	511  -  MemoryUsage of job (MB)
	522284  -  ResidentSetSize of job (KB)
...
006 (78854907.036.000) 2026-10-04 04:09:28 Image size of job updated: 523292
	512  -  MemoryUsage of job (MB)
	523292  -  ResidentSetSize of job (KB)
...
006 (78854907.036.000) 2026-10-04 04:14:29 Image size of job updated: 523296
	512  -  MemoryUsage of job (MB)
	523296  -  ResidentSetSize of job (KB)
...
006 (78854907.036.000) 2026-10-04 04:19:29 Image size of job updated: 526320
	514  -  MemoryUsage of job (MB)
	526320  -  ResidentSetSize of job (KB)
...
006 (78854907.036.000) 2026-10-04 04:29:31 Image size of job updated: 526324
	514  -  MemoryUsage of job (MB)
	526324  -  ResidentSetSize of job (KB)
...
006 (78854907.036.000) 2026-10-04 04:39:32 Image size of job updated: 526400
	515  -  MemoryUsage of job (MB)
	526400  -  ResidentSetSize of job (KB)
...
006 (78854907.036.000) 2026-10-04 04:44:33 Image size of job updated: 527424
	516  -  MemoryUsage of job (MB)
	527424  -  ResidentSetSize of job (KB)
...
006 (78854907.036.000) 2026-10-04 04:54:34 Image size of job updated: 527428
	516  -  MemoryUsage of job (MB)
	527428  -  ResidentSetSize of job (KB)
...
006 (78854907.036.000) 2026-10-04 04:59:35 Image size of job updated: 528440
	517  -  MemoryUsage of job (MB)
	528440  -  ResidentSetSize of job (KB)
...
006 (78854907.036.000) 2026-10-04 05:44:41 Image size of job updated: 530452
	519  -  MemoryUsage of job (MB)
	530452  -  ResidentSetSize of job (KB)
...
006 (78854907.036.000) 2026-10-04 05:54:41 Image size of job updated: 534004
	522  -  MemoryUsage of job (MB)
	534004  -  ResidentSetSize of job (KB)
...
006 (78854907.036.000) 2026-10-04 05:59:42 Image size of job updated: 534008
	522  -  MemoryUsage of job (MB)
	534008  -  ResidentSetSize of job (KB)
...
006 (78854907.036.000) 2026-10-04 06:04:42 Image size of job updated: 536392
	524  -  MemoryUsage of job (MB)
	536392  -  ResidentSetSize of job (KB)
...
006 (78854907.036.000) 2026-10-04 06:09:42 Image size of job updated: 536504
	524  -  MemoryUsage of job (MB)
	536504  -  ResidentSetSize of job (KB)
...
006 (78854907.036.000) 2026-10-04 06:19:43 Image size of job updated: 537532
	525  -  MemoryUsage of job (MB)
	537532  -  ResidentSetSize of job (KB)
...
006 (78854907.036.000) 2026-10-04 06:34:44 Image size of job updated: 538540
	526  -  MemoryUsage of job (MB)
	538540  -  ResidentSetSize of job (KB)
...
006 (78854907.036.000) 2026-10-04 06:44:45 Image size of job updated: 538544
	526  -  MemoryUsage of job (MB)
	538544  -  ResidentSetSize of job (KB)
...
006 (78854907.036.000) 2026-10-04 06:59:46 Image size of job updated: 538580
	526  -  MemoryUsage of job (MB)
	538580  -  ResidentSetSize of job (KB)
...
006 (78854907.036.000) 2026-10-04 07:04:46 Image size of job updated: 539588
	527  -  MemoryUsage of job (MB)
	539588  -  ResidentSetSize of job (KB)
...
006 (78854907.036.000) 2026-10-04 07:44:49 Image size of job updated: 540596
	528  -  MemoryUsage of job (MB)
	540596  -  ResidentSetSize of job (KB)
...
006 (78854907.036.000) 2026-10-04 08:04:50 Image size of job updated: 541604
	529  -  MemoryUsage of job (MB)
	541604  -  ResidentSetSize of job (KB)
...
006 (78854907.036.000) 2026-10-04 08:24:51 Image size of job updated: 541608
	529  -  MemoryUsage of job (MB)
	541608  -  ResidentSetSize of job (KB)
...
006 (78854907.036.000) 2026-10-04 08:29:52 Image size of job updated: 541640
	529  -  MemoryUsage of job (MB)
	541640  -  ResidentSetSize of job (KB)
...
006 (78854907.036.000) 2026-10-04 08:49:53 Image size of job updated: 541968
	530  -  MemoryUsage of job (MB)
	541968  -  ResidentSetSize of job (KB)
...
006 (78854907.036.000) 2026-10-04 08:59:54 Image size of job updated: 543984
	531  -  MemoryUsage of job (MB)
	542976  -  ResidentSetSize of job (KB)
...
006 (78854907.036.000) 2026-10-04 09:19:55 Image size of job updated: 543984
	531  -  MemoryUsage of job (MB)
	543008  -  ResidentSetSize of job (KB)
...
006 (78854907.036.000) 2026-10-04 09:29:56 Image size of job updated: 543984
	531  -  MemoryUsage of job (MB)
	543020  -  ResidentSetSize of job (KB)
...
006 (78854907.036.000) 2026-10-04 09:39:57 Image size of job updated: 544036
	531  -  MemoryUsage of job (MB)
	543020  -  ResidentSetSize of job (KB)
...
006 (78854907.036.000) 2026-10-04 09:49:59 Image size of job updated: 545028
	533  -  MemoryUsage of job (MB)
	545028  -  ResidentSetSize of job (KB)
...
006 (78854907.036.000) 2026-10-04 10:05:01 Image size of job updated: 545076
	533  -  MemoryUsage of job (MB)
	545076  -  ResidentSetSize of job (KB)
...
006 (78854907.036.000) 2026-10-04 10:10:01 Image size of job updated: 545200
	533  -  MemoryUsage of job (MB)
	545076  -  ResidentSetSize of job (KB)
...
006 (78854907.036.000) 2026-10-04 10:20:03 Image size of job updated: 546080
	534  -  MemoryUsage of job (MB)
	546080  -  ResidentSetSize of job (KB)
...
006 (78854907.036.000) 2026-10-04 10:25:03 Image size of job updated: 546084
	534  -  MemoryUsage of job (MB)
	546084  -  ResidentSetSize of job (KB)
...
006 (78854907.036.000) 2026-10-04 10:40:05 Image size of job updated: 549692
	537  -  MemoryUsage of job (MB)
	549692  -  ResidentSetSize of job (KB)
...
006 (78854907.036.000) 2026-10-04 10:55:07 Image size of job updated: 549696
	537  -  MemoryUsage of job (MB)
	549696  -  ResidentSetSize of job (KB)
...
006 (78854907.036.000) 2026-10-04 11:10:09 Image size of job updated: 564080
	551  -  MemoryUsage of job (MB)
	564080  -  ResidentSetSize of job (KB)
...
006 (78854907.036.000) 2026-10-04 11:25:11 Image size of job updated: 565088
	552  -  MemoryUsage of job (MB)
	565088  -  ResidentSetSize of job (KB)
...
006 (78854907.036.000) 2026-10-04 11:40:13 Image size of job updated: 565120
	552  -  MemoryUsage of job (MB)
	565120  -  ResidentSetSize of job (KB)
...
006 (78854907.036.000) 2026-10-04 12:15:18 Image size of job updated: 566128
	553  -  MemoryUsage of job (MB)
	566128  -  ResidentSetSize of job (KB)
...
006 (78854907.036.000) 2026-10-04 12:25:19 Image size of job updated: 566180
	553  -  MemoryUsage of job (MB)
	566180  -  ResidentSetSize of job (KB)
...
006 (78854907.036.000) 2026-10-04 12:45:22 Image size of job updated: 566188
	553  -  MemoryUsage of job (MB)
	566188  -  ResidentSetSize of job (KB)
...
006 (78854907.036.000) 2026-10-04 13:40:25 Image size of job updated: 568204
	555  -  MemoryUsage of job (MB)
	568204  -  ResidentSetSize of job (KB)
...
000 (78855136.036.000) 2026-10-04 13:45:07 Job submitted from host: <10.14.0.121:9618?addrs=10.14.0.121-9618&alias=ldas-pcdev12.ligo.caltech.edu&noUDP&sock=schedd_623140_c9b4>
...
006 (78854907.036.000) 2026-10-04 13:45:09 Image size of job updated: 568224
	555  -  MemoryUsage of job (MB)
	568204  -  ResidentSetSize of job (KB)
...
004 (78854907.036.000) 2026-10-04 13:45:09 Job was evicted. Code 1023 Subcode 0
	(0) CPU times
		Usr 2 05:17:17, Sys 0 00:02:14  -  Run Remote Usage
		Usr 0 00:00:00, Sys 0 00:00:00  -  Run Local Usage
	0  -  Run Bytes Sent By Job
	0  -  Run Bytes Received By Job
	Reason: via condor_rm (by user pratyusava.baral)
	Partitionable Resources :    Usage  Request Allocated 
	   Cpus                 :     4.12        4         4 
	   Disk (KB)            : 25000       25000     28672 
	   GPUs                 :                           0 
	   Memory (MB)          :   555       15000     15104 
	   TimeExecute (s)      : 57987                       
	   TimeSlotBusy (s)     : 57988                       
...
009 (78854907.036.000) 2026-10-04 13:45:09 Job was aborted.
	via condor_rm (by user pratyusava.baral)
...
001 (78855136.036.000) 2026-10-04 13:49:18 Job executing on host: <10.14.9.199:9618?addrs=10.14.9.199-9618&alias=node2199.cluster.ldas.cit&noUDP&sock=startd_1616530_b386>
	SlotName: slot1_3@node2199.cluster.ldas.cit
	CondorScratchDir = "/var/lib/condor/execute/dir_4075312/scratch"
	Cpus = 4
	Disk = 28672
	GPUs = 0
	Memory = 15104
...
006 (78855136.036.000) 2026-10-04 13:49:26 Image size of job updated: 121556
	119  -  MemoryUsage of job (MB)
	121556  -  ResidentSetSize of job (KB)
...
006 (78855136.036.000) 2026-10-04 13:54:26 Image size of job updated: 303004
	296  -  MemoryUsage of job (MB)
	303004  -  ResidentSetSize of job (KB)
...
006 (78855136.036.000) 2026-10-04 13:59:27 Image size of job updated: 447680
	438  -  MemoryUsage of job (MB)
	447680  -  ResidentSetSize of job (KB)
...
006 (78855136.036.000) 2026-10-04 14:04:28 Image size of job updated: 447880
	438  -  MemoryUsage of job (MB)
	447880  -  ResidentSetSize of job (KB)
...
006 (78855136.036.000) 2026-10-04 14:09:28 Image size of job updated: 481184
	469  -  MemoryUsage of job (MB)
	480248  -  ResidentSetSize of job (KB)
...
006 (78855136.036.000) 2026-10-04 14:14:29 Image size of job updated: 481184
	470  -  MemoryUsage of job (MB)
	480272  -  ResidentSetSize of job (KB)
...
006 (78855136.036.000) 2026-10-04 14:19:30 Image size of job updated: 500968
	482  -  MemoryUsage of job (MB)
	492548  -  ResidentSetSize of job (KB)
...
006 (78855136.036.000) 2026-10-04 14:24:30 Image size of job updated: 500968
	482  -  MemoryUsage of job (MB)
	492620  -  ResidentSetSize of job (KB)
...
006 (78855136.036.000) 2026-10-04 14:34:31 Image size of job updated: 500968
	482  -  MemoryUsage of job (MB)
	492704  -  ResidentSetSize of job (KB)
...
006 (78855136.036.000) 2026-10-04 14:39:31 Image size of job updated: 501112
	487  -  MemoryUsage of job (MB)
	498164  -  ResidentSetSize of job (KB)
...
006 (78855136.036.000) 2026-10-04 14:44:31 Image size of job updated: 501112
	487  -  MemoryUsage of job (MB)
	498196  -  ResidentSetSize of job (KB)
...
006 (78855136.036.000) 2026-10-04 14:49:32 Image size of job updated: 509544
	495  -  MemoryUsage of job (MB)
	506532  -  ResidentSetSize of job (KB)
...
006 (78855136.036.000) 2026-10-04 14:54:32 Image size of job updated: 509544
	497  -  MemoryUsage of job (MB)
	508296  -  ResidentSetSize of job (KB)
...
006 (78855136.036.000) 2026-10-04 14:59:32 Image size of job updated: 619144
	605  -  MemoryUsage of job (MB)
	619144  -  ResidentSetSize of job (KB)
...
006 (78855136.036.000) 2026-10-04 15:04:33 Image size of job updated: 810680
	792  -  MemoryUsage of job (MB)
	810680  -  ResidentSetSize of job (KB)
...
006 (78855136.036.000) 2026-10-04 15:09:34 Image size of job updated: 811832
	793  -  MemoryUsage of job (MB)
	811832  -  ResidentSetSize of job (KB)
...
006 (78855136.036.000) 2026-10-04 15:14:34 Image size of job updated: 812028
	793  -  MemoryUsage of job (MB)
	812028  -  ResidentSetSize of job (KB)
...
006 (78855136.036.000) 2026-10-04 15:19:35 Image size of job updated: 812036
	794  -  MemoryUsage of job (MB)
	812036  -  ResidentSetSize of job (KB)
...
006 (78855136.036.000) 2026-10-04 15:24:36 Image size of job updated: 823516
	804  -  MemoryUsage of job (MB)
	823048  -  ResidentSetSize of job (KB)
...
006 (78855136.036.000) 2026-10-04 15:29:36 Image size of job updated: 823516
	804  -  MemoryUsage of job (MB)
	823064  -  ResidentSetSize of job (KB)
...
006 (78855136.036.000) 2026-10-04 16:09:20 Image size of job updated: 824388
	805  -  MemoryUsage of job (MB)
	823380  -  ResidentSetSize of job (KB)
...
006 (78855136.036.000) 2026-10-04 16:23:24 Image size of job updated: 824388
	805  -  MemoryUsage of job (MB)
	823384  -  ResidentSetSize of job (KB)
...
006 (78855136.036.000) 2026-10-04 16:41:24 Image size of job updated: 832492
	805  -  MemoryUsage of job (MB)
	823384  -  ResidentSetSize of job (KB)
...
006 (78855136.036.000) 2026-10-04 17:01:27 Image size of job updated: 846780
	827  -  MemoryUsage of job (MB)
	846780  -  ResidentSetSize of job (KB)
...
006 (78855136.036.000) 2026-10-04 17:11:27 Image size of job updated: 846784
	827  -  MemoryUsage of job (MB)
	846784  -  ResidentSetSize of job (KB)
...
006 (78855136.036.000) 2026-10-04 17:26:29 Image size of job updated: 847044
	828  -  MemoryUsage of job (MB)
	847044  -  ResidentSetSize of job (KB)
...
006 (78855136.036.000) 2026-10-04 17:36:30 Image size of job updated: 847056
	828  -  MemoryUsage of job (MB)
	847056  -  ResidentSetSize of job (KB)
...
006 (78855136.036.000) 2026-10-04 17:41:31 Image size of job updated: 847088
	828  -  MemoryUsage of job (MB)
	847088  -  ResidentSetSize of job (KB)
...
006 (78855136.036.000) 2026-10-04 18:31:35 Image size of job updated: 847128
	828  -  MemoryUsage of job (MB)
	847128  -  ResidentSetSize of job (KB)
...
006 (78855136.036.000) 2026-10-04 18:41:37 Image size of job updated: 848136
	829  -  MemoryUsage of job (MB)
	848136  -  ResidentSetSize of job (KB)
...
006 (78855136.036.000) 2026-10-04 18:51:37 Image size of job updated: 848140
	829  -  MemoryUsage of job (MB)
	848140  -  ResidentSetSize of job (KB)
...
006 (78855136.036.000) 2026-10-04 19:01:38 Image size of job updated: 848144
	829  -  MemoryUsage of job (MB)
	848144  -  ResidentSetSize of job (KB)
...
006 (78855136.036.000) 2026-10-04 19:06:39 Image size of job updated: 848148
	829  -  MemoryUsage of job (MB)
	848148  -  ResidentSetSize of job (KB)
...
006 (78855136.036.000) 2026-10-04 20:01:44 Image size of job updated: 849156
	830  -  MemoryUsage of job (MB)
	849156  -  ResidentSetSize of job (KB)
...
006 (78855136.036.000) 2026-10-04 20:11:45 Image size of job updated: 849160
	830  -  MemoryUsage of job (MB)
	849160  -  ResidentSetSize of job (KB)
...
006 (78855136.036.000) 2026-10-04 20:16:45 Image size of job updated: 849164
	830  -  MemoryUsage of job (MB)
	849164  -  ResidentSetSize of job (KB)
...
006 (78855136.036.000) 2026-10-04 20:21:46 Image size of job updated: 849976
	831  -  MemoryUsage of job (MB)
	849976  -  ResidentSetSize of job (KB)
...
006 (78855136.036.000) 2026-10-04 20:26:46 Image size of job updated: 849988
	831  -  MemoryUsage of job (MB)
	849988  -  ResidentSetSize of job (KB)
...
006 (78855136.036.000) 2026-10-04 20:56:48 Image size of job updated: 851628
	832  -  MemoryUsage of job (MB)
	851628  -  ResidentSetSize of job (KB)
...
006 (78855136.036.000) 2026-10-04 21:01:48 Image size of job updated: 851632
	832  -  MemoryUsage of job (MB)
	851628  -  ResidentSetSize of job (KB)
...
006 (78855136.036.000) 2026-10-04 21:26:51 Image size of job updated: 851640
	832  -  MemoryUsage of job (MB)
	851640  -  ResidentSetSize of job (KB)
...
006 (78855136.036.000) 2026-10-04 21:41:53 Image size of job updated: 851644
	832  -  MemoryUsage of job (MB)
	851644  -  ResidentSetSize of job (KB)
...
006 (78855136.036.000) 2026-10-04 21:51:54 Image size of job updated: 851648
	832  -  MemoryUsage of job (MB)
	851648  -  ResidentSetSize of job (KB)
...
006 (78855136.036.000) 2026-10-04 21:56:55 Image size of job updated: 851652
	832  -  MemoryUsage of job (MB)
	851652  -  ResidentSetSize of job (KB)
...
006 (78855136.036.000) 2026-10-04 22:26:57 Image size of job updated: 851764
	832  -  MemoryUsage of job (MB)
	851764  -  ResidentSetSize of job (KB)
...
006 (78855136.036.000) 2026-10-04 22:46:58 Image size of job updated: 853952
	834  -  MemoryUsage of job (MB)
	853952  -  ResidentSetSize of job (KB)
...
006 (78855136.036.000) 2026-10-04 22:51:58 Image size of job updated: 853964
	834  -  MemoryUsage of job (MB)
	853964  -  ResidentSetSize of job (KB)
...
006 (78855136.036.000) 2026-10-04 22:56:59 Image size of job updated: 853968
	834  -  MemoryUsage of job (MB)
	853968  -  ResidentSetSize of job (KB)
...
006 (78855136.036.000) 2026-10-04 23:06:59 Image size of job updated: 854004
	834  -  MemoryUsage of job (MB)
	854004  -  ResidentSetSize of job (KB)
...
006 (78855136.036.000) 2026-10-04 23:12:00 Image size of job updated: 854008
	834  -  MemoryUsage of job (MB)
	854008  -  ResidentSetSize of job (KB)
...
006 (78855136.036.000) 2026-10-04 23:22:01 Image size of job updated: 854016
	834  -  MemoryUsage of job (MB)
	854016  -  ResidentSetSize of job (KB)
...
006 (78855136.036.000) 2026-10-04 23:42:03 Image size of job updated: 854988
	835  -  MemoryUsage of job (MB)
	854988  -  ResidentSetSize of job (KB)
...
006 (78855136.036.000) 2026-10-04 23:47:04 Image size of job updated: 854992
	835  -  MemoryUsage of job (MB)
	854992  -  ResidentSetSize of job (KB)
...
006 (78855136.036.000) 2026-10-05 00:02:06 Image size of job updated: 856200
	837  -  MemoryUsage of job (MB)
	856200  -  ResidentSetSize of job (KB)
...
006 (78855136.036.000) 2026-10-05 00:37:09 Image size of job updated: 856208
	837  -  MemoryUsage of job (MB)
	856208  -  ResidentSetSize of job (KB)
...
006 (78855136.036.000) 2026-10-05 00:42:10 Image size of job updated: 856212
	837  -  MemoryUsage of job (MB)
	856212  -  ResidentSetSize of job (KB)
...
006 (78855136.036.000) 2026-10-05 00:47:11 Image size of job updated: 856216
	837  -  MemoryUsage of job (MB)
	856212  -  ResidentSetSize of job (KB)
...
006 (78855136.036.000) 2026-10-05 01:07:13 Image size of job updated: 856220
	837  -  MemoryUsage of job (MB)
	856220  -  ResidentSetSize of job (KB)
...
006 (78855136.036.000) 2026-10-05 01:12:14 Image size of job updated: 856236
	837  -  MemoryUsage of job (MB)
	856236  -  ResidentSetSize of job (KB)
...
006 (78855136.036.000) 2026-10-05 01:17:14 Image size of job updated: 857248
	837  -  MemoryUsage of job (MB)
	856240  -  ResidentSetSize of job (KB)
...
006 (78855136.036.000) 2026-10-05 01:27:16 Image size of job updated: 857256
	838  -  MemoryUsage of job (MB)
	857256  -  ResidentSetSize of job (KB)
...
006 (78855136.036.000) 2026-10-05 01:37:17 Image size of job updated: 861204
	842  -  MemoryUsage of job (MB)
	861204  -  ResidentSetSize of job (KB)
...
006 (78855136.036.000) 2026-10-05 01:42:18 Image size of job updated: 861208
	842  -  MemoryUsage of job (MB)
	861208  -  ResidentSetSize of job (KB)
...
006 (78855136.036.000) 2026-10-05 02:17:22 Image size of job updated: 861224
	842  -  MemoryUsage of job (MB)
	861224  -  ResidentSetSize of job (KB)
...
006 (78855136.036.000) 2026-10-05 02:22:23 Image size of job updated: 862236
	843  -  MemoryUsage of job (MB)
	862236  -  ResidentSetSize of job (KB)
...
006 (78855136.036.000) 2026-10-05 03:22:28 Image size of job updated: 862240
	843  -  MemoryUsage of job (MB)
	862240  -  ResidentSetSize of job (KB)
...
006 (78855136.036.000) 2026-10-05 03:32:29 Image size of job updated: 862248
	843  -  MemoryUsage of job (MB)
	862248  -  ResidentSetSize of job (KB)
...
006 (78855136.036.000) 2026-10-05 04:17:33 Image size of job updated: 863240
	844  -  MemoryUsage of job (MB)
	863240  -  ResidentSetSize of job (KB)
...
006 (78855136.036.000) 2026-10-05 04:22:34 Image size of job updated: 863244
	844  -  MemoryUsage of job (MB)
	863244  -  ResidentSetSize of job (KB)
...
006 (78855136.036.000) 2026-10-05 04:32:35 Image size of job updated: 863248
	844  -  MemoryUsage of job (MB)
	863248  -  ResidentSetSize of job (KB)
...
006 (78855136.036.000) 2026-10-05 04:37:36 Image size of job updated: 863252
	844  -  MemoryUsage of job (MB)
	863252  -  ResidentSetSize of job (KB)
...
006 (78855136.036.000) 2026-10-05 05:42:43 Image size of job updated: 863364
	844  -  MemoryUsage of job (MB)
	863364  -  ResidentSetSize of job (KB)
...
006 (78855136.036.000) 2026-10-05 05:47:43 Image size of job updated: 863368
	844  -  MemoryUsage of job (MB)
	863368  -  ResidentSetSize of job (KB)
...
006 (78855136.036.000) 2026-10-05 06:02:45 Image size of job updated: 863372
	844  -  MemoryUsage of job (MB)
	863372  -  ResidentSetSize of job (KB)
...
006 (78855136.036.000) 2026-10-05 06:42:50 Image size of job updated: 863376
	844  -  MemoryUsage of job (MB)
	863376  -  ResidentSetSize of job (KB)
...
006 (78855136.036.000) 2026-10-05 07:02:52 Image size of job updated: 864312
	845  -  MemoryUsage of job (MB)
	864312  -  ResidentSetSize of job (KB)
...
006 (78855136.036.000) 2026-10-05 09:53:09 Image size of job updated: 864316
	845  -  MemoryUsage of job (MB)
	864316  -  ResidentSetSize of job (KB)
...
006 (78855136.036.000) 2026-10-05 09:58:10 Image size of job updated: 866352
	847  -  MemoryUsage of job (MB)
	866352  -  ResidentSetSize of job (KB)
...
006 (78855136.036.000) 2026-10-05 10:18:12 Image size of job updated: 866356
	847  -  MemoryUsage of job (MB)
	866356  -  ResidentSetSize of job (KB)
...
006 (78855136.036.000) 2026-10-05 10:23:12 Image size of job updated: 866360
	847  -  MemoryUsage of job (MB)
	866360  -  ResidentSetSize of job (KB)
...
006 (78855136.036.000) 2026-10-05 10:38:13 Image size of job updated: 866364
	847  -  MemoryUsage of job (MB)
	866364  -  ResidentSetSize of job (KB)
...
006 (78855136.036.000) 2026-10-05 11:33:19 Image size of job updated: 866368
	847  -  MemoryUsage of job (MB)
	866368  -  ResidentSetSize of job (KB)
...
006 (78855136.036.000) 2026-10-05 11:38:19 Image size of job updated: 866372
	847  -  MemoryUsage of job (MB)
	866372  -  ResidentSetSize of job (KB)
...
006 (78855136.036.000) 2026-10-05 11:43:19 Image size of job updated: 866376
	847  -  MemoryUsage of job (MB)
	866376  -  ResidentSetSize of job (KB)
...
006 (78855136.036.000) 2026-10-05 11:48:20 Image size of job updated: 867416
	848  -  MemoryUsage of job (MB)
	867416  -  ResidentSetSize of job (KB)
...
006 (78855136.036.000) 2026-10-05 11:58:21 Image size of job updated: 870184
	850  -  MemoryUsage of job (MB)
	870184  -  ResidentSetSize of job (KB)
...
006 (78855136.036.000) 2026-10-05 12:03:21 Image size of job updated: 870248
	850  -  MemoryUsage of job (MB)
	870248  -  ResidentSetSize of job (KB)
...
006 (78855136.036.000) 2026-10-05 12:08:21 Image size of job updated: 870256
	850  -  MemoryUsage of job (MB)
	870256  -  ResidentSetSize of job (KB)
...
006 (78855136.036.000) 2026-10-05 12:18:23 Image size of job updated: 871264
	851  -  MemoryUsage of job (MB)
	871264  -  ResidentSetSize of job (KB)
...
006 (78855136.036.000) 2026-10-05 12:23:23 Image size of job updated: 871272
	851  -  MemoryUsage of job (MB)
	871272  -  ResidentSetSize of job (KB)
...
006 (78855136.036.000) 2026-10-05 12:38:25 Image size of job updated: 871280
	851  -  MemoryUsage of job (MB)
	871280  -  ResidentSetSize of job (KB)
...
006 (78855136.036.000) 2026-10-05 13:33:30 Image size of job updated: 871788
	852  -  MemoryUsage of job (MB)
	871788  -  ResidentSetSize of job (KB)
...
006 (78855136.036.000) 2026-10-05 13:43:31 Image size of job updated: 871792
	852  -  MemoryUsage of job (MB)
	871792  -  ResidentSetSize of job (KB)
...
006 (78855136.036.000) 2026-10-05 13:48:31 Image size of job updated: 871796
	852  -  MemoryUsage of job (MB)
	871796  -  ResidentSetSize of job (KB)
...
