000 (78852668.040.000) 2026-10-01 10:44:08 Job submitted from host: <10.14.0.121:9618?addrs=10.14.0.121-9618&alias=ldas-pcdev12.ligo.caltech.edu&noUDP&sock=schedd_623140_c9b4>
...
001 (78852668.040.000) 2026-10-01 10:47:56 Job executing on host: <10.14.10.129:9618?addrs=10.14.10.129-9618&alias=node2379.cluster.ldas.cit&noUDP&sock=startd_2659246_25db>
	SlotName: slot1_2@node2379.cluster.ldas.cit
	CondorScratchDir = "/var/lib/condor/execute/dir_3759607/scratch"
	Cpus = 4
	Disk = 28672
	GPUs = 0
	Memory = 15104
...
006 (78852668.040.000) 2026-10-01 10:47:56 Image size of job updated: 25000
	0  -  MemoryUsage of job (MB)
	0  -  ResidentSetSize of job (KB)
...
005 (78852668.040.000) 2026-10-01 10:47:56 Job terminated.
	(1) Normal termination (return value 1)
		Usr 0 00:00:00, Sys 0 00:00:00  -  Run Remote Usage
		Usr 0 00:00:00, Sys 0 00:00:00  -  Run Local Usage
		Usr 0 00:00:00, Sys 0 00:00:00  -  Total Remote Usage
		Usr 0 00:00:00, Sys 0 00:00:00  -  Total Local Usage
	0  -  Run Bytes Sent By Job
	0  -  Run Bytes Received By Job
	0  -  Total Bytes Sent By Job
	0  -  Total Bytes Received By Job
	Partitionable Resources :    Usage  Request Allocated 
	   Cpus                 :                 4         4 
	   Disk (KB)            :    25000    25000     28672 
	   GPUs                 :                           0 
	   Memory (MB)          :        0    15000     15104 
	   TimeExecute (s)      :        0                    
	   TimeSlotBusy (s)     :        0                    
...
000 (78854871.040.000) 2026-10-03 17:15:41 Job submitted from host: <10.14.0.121:9618?addrs=10.14.0.121-9618&alias=ldas-pcdev12.ligo.caltech.edu&noUDP&sock=schedd_623140_c9b4>
...
001 (78854871.040.000) 2026-10-03 17:16:53 Job executing on host: <10.14.10.174:9618?addrs=10.14.10.174-9618&alias=node2424.cluster.ldas.cit&noUDP&sock=startd_2625004_fbe8>
	SlotName: slot1_1@node2424.cluster.ldas.cit
	CondorScratchDir = "/var/lib/condor/execute/dir_3240046/scratch"
	Cpus = 4
	Disk = 28672
	GPUs = 0
	Memory = 15104
...
006 (78854871.040.000) 2026-10-03 17:17:02 Image size of job updated: 25000
	19  -  MemoryUsage of job (MB)
	18556  -  ResidentSetSize of job (KB)
...
006 (78854871.040.000) 2026-10-03 17:22:03 Image size of job updated: 264052
	257  -  MemoryUsage of job (MB)
	262472  -  ResidentSetSize of job (KB)
...
006 (78854871.040.000) 2026-10-03 17:27:03 Image size of job updated: 295388
	289  -  MemoryUsage of job (MB)
	295388  -  ResidentSetSize of job (KB)
...
006 (78854871.040.000) 2026-10-03 17:32:03 Image size of job updated: 295672
	289  -  MemoryUsage of job (MB)
	295672  -  ResidentSetSize of job (KB)
...
006 (78854871.040.000) 2026-10-03 17:37:03 Image size of job updated: 362504
	355  -  MemoryUsage of job (MB)
	362504  -  ResidentSetSize of job (KB)
...
006 (78854871.040.000) 2026-10-03 17:42:03 Image size of job updated: 362532
	355  -  MemoryUsage of job (MB)
	362532  -  ResidentSetSize of job (KB)
...
006 (78854871.040.000) 2026-10-03 17:47:03 Image size of job updated: 419444
	395  -  MemoryUsage of job (MB)
	404344  -  ResidentSetSize of job (KB)
...
006 (78854871.040.000) 2026-10-03 17:52:03 Image size of job updated: 419444
	395  -  MemoryUsage of job (MB)
	404356  -  ResidentSetSize of job (KB)
...
006 (78854871.040.000) 2026-10-03 17:57:04 Image size of job updated: 419444
	407  -  MemoryUsage of job (MB)
	415976  -  ResidentSetSize of job (KB)
...
006 (78854871.040.000) 2026-10-03 18:02:04 Image size of job updated: 419444
	407  -  MemoryUsage of job (MB)
	415988  -  ResidentSetSize of job (KB)
...
006 (78854871.040.000) 2026-10-03 18:12:04 Image size of job updated: 420516
	411  -  MemoryUsage of job (MB)
	420516  -  ResidentSetSize of job (KB)
...
006 (78854871.040.000) 2026-10-03 18:17:06 Image size of job updated: 420524
	411  -  MemoryUsage of job (MB)
	420524  -  ResidentSetSize of job (KB)
...
006 (78854871.040.000) 2026-10-03 18:22:06 Image size of job updated: 423112
	414  -  MemoryUsage of job (MB)
	423112  -  ResidentSetSize of job (KB)
...
006 (78854871.040.000) 2026-10-03 18:27:07 Image size of job updated: 423216
	414  -  MemoryUsage of job (MB)
	423216  -  ResidentSetSize of job (KB)
...
006 (78854871.040.000) 2026-10-03 18:32:08 Image size of job updated: 439084
	429  -  MemoryUsage of job (MB)
	439084  -  ResidentSetSize of job (KB)
...
006 (78854871.040.000) 2026-10-03 18:37:09 Image size of job updated: 439108
	429  -  MemoryUsage of job (MB)
	439108  -  ResidentSetSize of job (KB)
...
006 (78854871.040.000) 2026-10-03 18:42:09 Image size of job updated: 441280
	429  -  MemoryUsage of job (MB)
	439108  -  ResidentSetSize of job (KB)
...
006 (78854871.040.000) 2026-10-03 19:22:13 Image size of job updated: 482052
	471  -  MemoryUsage of job (MB)
	482052  -  ResidentSetSize of job (KB)
...
006 (78854871.040.000) 2026-10-03 19:27:13 Image size of job updated: 592744
	579  -  MemoryUsage of job (MB)
	592744  -  ResidentSetSize of job (KB)
...
006 (78854871.040.000) 2026-10-03 19:32:14 Image size of job updated: 725084
	708  -  MemoryUsage of job (MB)
	724060  -  ResidentSetSize of job (KB)
...
006 (78854871.040.000) 2026-10-03 19:37:14 Image size of job updated: 725084
	708  -  MemoryUsage of job (MB)
	724064  -  ResidentSetSize of job (KB)
...
006 (78854871.040.000) 2026-10-03 19:42:14 Image size of job updated: 725084
	708  -  MemoryUsage of job (MB)
	724300  -  ResidentSetSize of job (KB)
...
006 (78854871.040.000) 2026-10-03 19:47:14 Image size of job updated: 725084
	708  -  MemoryUsage of job (MB)
	724392  -  ResidentSetSize of job (KB)
...
006 (78854871.040.000) 2026-10-03 19:52:15 Image size of job updated: 725084
	708  -  MemoryUsage of job (MB)
	724420  -  ResidentSetSize of job (KB)
...
006 (78854871.040.000) 2026-10-03 19:57:15 Image size of job updated: 725084
	708  -  MemoryUsage of job (MB)
	724440  -  ResidentSetSize of job (KB)
...
006 (78854871.040.000) 2026-10-03 20:02:15 Image size of job updated: 725084
	708  -  MemoryUsage of job (MB)
	724452  -  ResidentSetSize of job (KB)
...
006 (78854871.040.000) 2026-10-03 20:07:15 Image size of job updated: 725084
	708  -  MemoryUsage of job (MB)
	724456  -  ResidentSetSize of job (KB)
...
006 (78854871.040.000) 2026-10-03 20:12:15 Image size of job updated: 725084
	708  -  MemoryUsage of job (MB)
	724484  -  ResidentSetSize of job (KB)
...
006 (78854871.040.000) 2026-10-03 20:17:16 Image size of job updated: 725084
	708  -  MemoryUsage of job (MB)
	724496  -  ResidentSetSize of job (KB)
...
006 (78854871.040.000) 2026-10-03 20:22:17 Image size of job updated: 725084
	708  -  MemoryUsage of job (MB)
	724524  -  ResidentSetSize of job (KB)
...
006 (78854871.040.000) 2026-10-03 20:27:18 Image size of job updated: 725904
	709  -  MemoryUsage of job (MB)
	725904  -  ResidentSetSize of job (KB)
...
006 (78854871.040.000) 2026-10-03 20:32:19 Image size of job updated: 725908
	709  -  MemoryUsage of job (MB)
	725908  -  ResidentSetSize of job (KB)
...
006 (78854871.040.000) 2026-10-03 20:37:19 Image size of job updated: 726148
	710  -  MemoryUsage of job (MB)
	726148  -  ResidentSetSize of job (KB)
...
006 (78854871.040.000) 2026-10-03 20:47:20 Image size of job updated: 726152
	710  -  MemoryUsage of job (MB)
	726152  -  ResidentSetSize of job (KB)
...
006 (78854871.040.000) 2026-10-03 20:52:21 Image size of job updated: 726156
	710  -  MemoryUsage of job (MB)
	726156  -  ResidentSetSize of job (KB)
...
006 (78854871.040.000) 2026-10-03 20:57:21 Image size of job updated: 727260
	711  -  MemoryUsage of job (MB)
	727260  -  ResidentSetSize of job (KB)
...
006 (78854871.040.000) 2026-10-03 21:02:21 Image size of job updated: 727264
	711  -  MemoryUsage of job (MB)
	727264  -  ResidentSetSize of job (KB)
...
006 (78854871.040.000) 2026-10-03 21:07:21 Image size of job updated: 727564
	711  -  MemoryUsage of job (MB)
	727564  -  ResidentSetSize of job (KB)
...
006 (78854871.040.000) 2026-10-03 21:12:22 Image size of job updated: 727572
	711  -  MemoryUsage of job (MB)
	727572  -  ResidentSetSize of job (KB)
...
006 (78854871.040.000) 2026-10-03 21:17:22 Image size of job updated: 727580
	711  -  MemoryUsage of job (MB)
	727580  -  ResidentSetSize of job (KB)
...
006 (78854871.040.000) 2026-10-03 21:22:23 Image size of job updated: 728216
	712  -  MemoryUsage of job (MB)
	728216  -  ResidentSetSize of job (KB)
...
006 (78854871.040.000) 2026-10-03 21:27:25 Image size of job updated: 728224
	712  -  MemoryUsage of job (MB)
	728224  -  ResidentSetSize of job (KB)
...
006 (78854871.040.000) 2026-10-03 21:32:25 Image size of job updated: 728232
	712  -  MemoryUsage of job (MB)
	728232  -  ResidentSetSize of job (KB)
...
000 (78854907.040.000) 2026-10-03 21:37:08 Job submitted from host: <10.14.0.121:9618?addrs=10.14.0.121-9618&alias=ldas-pcdev12.ligo.caltech.edu&noUDP&sock=schedd_623140_c9b4>
...
006 (78854871.040.000) 2026-10-03 21:37:17 Image size of job updated: 728244
	712  -  MemoryUsage of job (MB)
	728232  -  ResidentSetSize of job (KB)
...
004 (78854871.040.000) 2026-10-03 21:37:17 Job was evicted. Code 1023 Subcode 0
	(0) CPU times
		Usr 0 10:23:11, Sys 0 00:14:47  -  Run Remote Usage
		Usr 0 00:00:00, Sys 0 00:00:00  -  Run Local Usage
	0  -  Run Bytes Sent By Job
	0  -  Run Bytes Received By Job
	Reason: via condor_rm (by user pratyusava.baral)
	Partitionable Resources :    Usage  Request Allocated 
	   Cpus                 :     0.97        4         4 
	   Disk (KB)            : 25000       25000     28672 
	   GPUs                 :                           0 
	   Memory (MB)          :   712       15000     15104 
	   TimeExecute (s)      : 15624                       
	   TimeSlotBusy (s)     : 15627                       
...
009 (78854871.040.000) 2026-10-03 21:37:17 Job was aborted.
	via condor_rm (by user pratyusava.baral)
...
001 (78854907.040.000) 2026-10-03 21:38:42 Job executing on host: <10.14.5.107:9618?addrs=10.14.5.107-9618&alias=node1107.cluster.ldas.cit&noUDP&sock=startd_341260_8dbe>
	SlotName: slot1_1@node1107.cluster.ldas.cit
	CondorScratchDir = "/var/lib/condor/execute/dir_1436852/scratch"
	Cpus = 4
	Disk = 28672
	GPUs = 0
	Memory = 15104
...
006 (78854907.040.000) 2026-10-03 21:38:50 Image size of job updated: 267328
	262  -  MemoryUsage of job (MB)
	267328  -  ResidentSetSize of job (KB)
...
006 (78854907.040.000) 2026-10-03 21:43:50 Image size of job updated: 276996
	271  -  MemoryUsage of job (MB)
	276996  -  ResidentSetSize of job (KB)
...
006 (78854907.040.000) 2026-10-03 21:48:51 Image size of job updated: 360092
	352  -  MemoryUsage of job (MB)
	360092  -  ResidentSetSize of job (KB)
...
006 (78854907.040.000) 2026-10-03 21:53:52 Image size of job updated: 360476
	353  -  MemoryUsage of job (MB)
	360476  -  ResidentSetSize of job (KB)
...
006 (78854907.040.000) 2026-10-03 21:58:52 Image size of job updated: 405708
	381  -  MemoryUsage of job (MB)
	389732  -  ResidentSetSize of job (KB)
...
006 (78854907.040.000) 2026-10-03 22:03:52 Image size of job updated: 405708
	381  -  MemoryUsage of job (MB)
	389836  -  ResidentSetSize of job (KB)
...
006 (78854907.040.000) 2026-10-03 22:08:53 Image size of job updated: 411292
	402  -  MemoryUsage of job (MB)
	411292  -  ResidentSetSize of job (KB)
...
006 (78854907.040.000) 2026-10-03 22:13:53 Image size of job updated: 411340
	402  -  MemoryUsage of job (MB)
	411340  -  ResidentSetSize of job (KB)
...
006 (78854907.040.000) 2026-10-03 22:18:53 Image size of job updated: 423924
	414  -  MemoryUsage of job (MB)
	423924  -  ResidentSetSize of job (KB)
...
006 (78854907.040.000) 2026-10-03 22:23:54 Image size of job updated: 423952
	415  -  MemoryUsage of job (MB)
	423952  -  ResidentSetSize of job (KB)
...
006 (78854907.040.000) 2026-10-03 22:28:54 Image size of job updated: 427404
	418  -  MemoryUsage of job (MB)
	427404  -  ResidentSetSize of job (KB)
...
006 (78854907.040.000) 2026-10-03 22:33:54 Image size of job updated: 427452
	418  -  MemoryUsage of job (MB)
	427452  -  ResidentSetSize of job (KB)
...
006 (78854907.040.000) 2026-10-03 22:38:55 Image size of job updated: 429280
	420  -  MemoryUsage of job (MB)
	429280  -  ResidentSetSize of job (KB)
...
006 (78854907.040.000) 2026-10-03 22:43:55 Image size of job updated: 429296
	420  -  MemoryUsage of job (MB)
	429296  -  ResidentSetSize of job (KB)
...
006 (78854907.040.000) 2026-10-03 22:48:55 Image size of job updated: 431388
	422  -  MemoryUsage of job (MB)
	431388  -  ResidentSetSize of job (KB)
...
006 (78854907.040.000) 2026-10-03 22:53:56 Image size of job updated: 431400
	422  -  MemoryUsage of job (MB)
	431400  -  ResidentSetSize of job (KB)
...
006 (78854907.040.000) 2026-10-03 22:58:56 Image size of job updated: 457988
	448  -  MemoryUsage of job (MB)
	457988  -  ResidentSetSize of job (KB)
...
006 (78854907.040.000) 2026-10-03 23:03:56 Image size of job updated: 458072
	448  -  MemoryUsage of job (MB)
	458072  -  ResidentSetSize of job (KB)
...
006 (78854907.040.000) 2026-10-03 23:08:57 Image size of job updated: 471512
	459  -  MemoryUsage of job (MB)
	469532  -  ResidentSetSize of job (KB)
...
006 (78854907.040.000) 2026-10-03 23:13:58 Image size of job updated: 471512
	459  -  MemoryUsage of job (MB)
	469536  -  ResidentSetSize of job (KB)
...
006 (78854907.040.000) 2026-10-03 23:18:58 Image size of job updated: 471640
	461  -  MemoryUsage of job (MB)
	471640  -  ResidentSetSize of job (KB)
...
006 (78854907.040.000) 2026-10-03 23:23:59 Image size of job updated: 471652
	461  -  MemoryUsage of job (MB)
	471652  -  ResidentSetSize of job (KB)
...
006 (78854907.040.000) 2026-10-03 23:29:00 Image size of job updated: 472580
	462  -  MemoryUsage of job (MB)
	472580  -  ResidentSetSize of job (KB)
...
006 (78854907.040.000) 2026-10-03 23:34:00 Image size of job updated: 472584
	462  -  MemoryUsage of job (MB)
	472584  -  ResidentSetSize of job (KB)
...
006 (78854907.040.000) 2026-10-03 23:39:01 Image size of job updated: 472592
	462  -  MemoryUsage of job (MB)
	472592  -  ResidentSetSize of job (KB)
...
006 (78854907.040.000) 2026-10-03 23:44:02 Image size of job updated: 472612
	462  -  MemoryUsage of job (MB)
	472612  -  ResidentSetSize of job (KB)
...
006 (78854907.040.000) 2026-10-03 23:49:02 Image size of job updated: 472660
	462  -  MemoryUsage of job (MB)
	472660  -  ResidentSetSize of job (KB)
...
006 (78854907.040.000) 2026-10-03 23:54:03 Image size of job updated: 472664
	462  -  MemoryUsage of job (MB)
	472664  -  ResidentSetSize of job (KB)
...
006 (78854907.040.000) 2026-10-04 00:04:04 Image size of job updated: 476052
	465  -  MemoryUsage of job (MB)
	476052  -  ResidentSetSize of job (KB)
...
006 (78854907.040.000) 2026-10-04 00:09:05 Image size of job updated: 476056
	465  -  MemoryUsage of job (MB)
	476056  -  ResidentSetSize of job (KB)
...
006 (78854907.040.000) 2026-10-04 00:14:06 Image size of job updated: 480568
	470  -  MemoryUsage of job (MB)
	480568  -  ResidentSetSize of job (KB)
...
006 (78854907.040.000) 2026-10-04 00:19:06 Image size of job updated: 480572
	470  -  MemoryUsage of job (MB)
	480572  -  ResidentSetSize of job (KB)
...
006 (78854907.040.000) 2026-10-04 00:24:06 Image size of job updated: 481772
	471  -  MemoryUsage of job (MB)
	481772  -  ResidentSetSize of job (KB)
...
006 (78854907.040.000) 2026-10-04 00:29:07 Image size of job updated: 481776
	471  -  MemoryUsage of job (MB)
	481776  -  ResidentSetSize of job (KB)
...
006 (78854907.040.000) 2026-10-04 00:34:07 Image size of job updated: 484340
	473  -  MemoryUsage of job (MB)
	484340  -  ResidentSetSize of job (KB)
...
006 (78854907.040.000) 2026-10-04 00:39:08 Image size of job updated: 484352
	473  -  MemoryUsage of job (MB)
	484352  -  ResidentSetSize of job (KB)
...
006 (78854907.040.000) 2026-10-04 00:44:09 Image size of job updated: 484356
	474  -  MemoryUsage of job (MB)
	484356  -  ResidentSetSize of job (KB)
...
006 (78854907.040.000) 2026-10-04 00:49:09 Image size of job updated: 484364
	474  -  MemoryUsage of job (MB)
	484364  -  ResidentSetSize of job (KB)
...
006 (78854907.040.000) 2026-10-04 00:54:10 Image size of job updated: 484368
	474  -  MemoryUsage of job (MB)
	484368  -  ResidentSetSize of job (KB)
...
006 (78854907.040.000) 2026-10-04 01:04:11 Image size of job updated: 484372
	474  -  MemoryUsage of job (MB)
	484372  -  ResidentSetSize of job (KB)
...
006 (78854907.040.000) 2026-10-04 01:09:12 Image size of job updated: 484376
	474  -  MemoryUsage of job (MB)
	484376  -  ResidentSetSize of job (KB)
...
006 (78854907.040.000) 2026-10-04 01:14:13 Image size of job updated: 488140
	477  -  MemoryUsage of job (MB)
	488140  -  ResidentSetSize of job (KB)
...
006 (78854907.040.000) 2026-10-04 01:19:13 Image size of job updated: 488148
	477  -  MemoryUsage of job (MB)
	488148  -  ResidentSetSize of job (KB)
...
006 (78854907.040.000) 2026-10-04 01:24:14 Image size of job updated: 488888
	478  -  MemoryUsage of job (MB)
	488888  -  ResidentSetSize of job (KB)
...
006 (78854907.040.000) 2026-10-04 01:29:15 Image size of job updated: 489228
	478  -  MemoryUsage of job (MB)
	489228  -  ResidentSetSize of job (KB)
...
006 (78854907.040.000) 2026-10-04 01:34:15 Image size of job updated: 490500
	480  -  MemoryUsage of job (MB)
	490500  -  ResidentSetSize of job (KB)
...
006 (78854907.040.000) 2026-10-04 01:39:16 Image size of job updated: 490504
	480  -  MemoryUsage of job (MB)
	490504  -  ResidentSetSize of job (KB)
...
006 (78854907.040.000) 2026-10-04 01:44:17 Image size of job updated: 491028
	480  -  MemoryUsage of job (MB)
	491028  -  ResidentSetSize of job (KB)
...
006 (78854907.040.000) 2026-10-04 01:49:17 Image size of job updated: 491036
	480  -  MemoryUsage of job (MB)
	491036  -  ResidentSetSize of job (KB)
...
006 (78854907.040.000) 2026-10-04 01:54:18 Image size of job updated: 494640
	484  -  MemoryUsage of job (MB)
	494640  -  ResidentSetSize of job (KB)
...
006 (78854907.040.000) 2026-10-04 02:34:23 Image size of job updated: 495708
	485  -  MemoryUsage of job (MB)
	495708  -  ResidentSetSize of job (KB)
...
006 (78854907.040.000) 2026-10-04 02:39:24 Image size of job updated: 495716
	485  -  MemoryUsage of job (MB)
	495716  -  ResidentSetSize of job (KB)
...
006 (78854907.040.000) 2026-10-04 02:44:25 Image size of job updated: 496704
	486  -  MemoryUsage of job (MB)
	496704  -  ResidentSetSize of job (KB)
...
006 (78854907.040.000) 2026-10-04 02:49:25 Image size of job updated: 496712
	486  -  MemoryUsage of job (MB)
	496712  -  ResidentSetSize of job (KB)
...
006 (78854907.040.000) 2026-10-04 02:54:25 Image size of job updated: 496796
	486  -  MemoryUsage of job (MB)
	496796  -  ResidentSetSize of job (KB)
...
006 (78854907.040.000) 2026-10-04 02:59:26 Image size of job updated: 496800
	486  -  MemoryUsage of job (MB)
	496800  -  ResidentSetSize of job (KB)
...
006 (78854907.040.000) 2026-10-04 03:04:26 Image size of job updated: 501384
	490  -  MemoryUsage of job (MB)
	501384  -  ResidentSetSize of job (KB)
...
006 (78854907.040.000) 2026-10-04 03:09:26 Image size of job updated: 501388
	490  -  MemoryUsage of job (MB)
	501388  -  ResidentSetSize of job (KB)
...
006 (78854907.040.000) 2026-10-04 03:14:27 Image size of job updated: 501392
	490  -  MemoryUsage of job (MB)
	501392  -  ResidentSetSize of job (KB)
...
006 (78854907.040.000) 2026-10-04 03:19:27 Image size of job updated: 501456
	490  -  MemoryUsage of job (MB)
	501456  -  ResidentSetSize of job (KB)
...
006 (78854907.040.000) 2026-10-04 03:24:27 Image size of job updated: 504024
	493  -  MemoryUsage of job (MB)
	504024  -  ResidentSetSize of job (KB)
...
006 (78854907.040.000) 2026-10-04 03:29:28 Image size of job updated: 504028
	493  -  MemoryUsage of job (MB)
	504028  -  ResidentSetSize of job (KB)
...
006 (78854907.040.000) 2026-10-04 03:34:28 Image size of job updated: 504492
	493  -  MemoryUsage of job (MB)
	504492  -  ResidentSetSize of job (KB)
...
006 (78854907.040.000) 2026-10-04 03:44:29 Image size of job updated: 505476
	494  -  MemoryUsage of job (MB)
	505476  -  ResidentSetSize of job (KB)
...
006 (78854907.040.000) 2026-10-04 03:49:29 Image size of job updated: 505496
	494  -  MemoryUsage of job (MB)
	505496  -  ResidentSetSize of job (KB)
...
006 (78854907.040.000) 2026-10-04 03:54:29 Image size of job updated: 505520
	494  -  MemoryUsage of job (MB)
	505520  -  ResidentSetSize of job (KB)
...
006 (78854907.040.000) 2026-10-04 03:59:30 Image size of job updated: 505524
	494  -  MemoryUsage of job (MB)
	505524  -  ResidentSetSize of job (KB)
...
006 (78854907.040.000) 2026-10-04 04:24:31 Image size of job updated: 506544
	495  -  MemoryUsage of job (MB)
	506544  -  ResidentSetSize of job (KB)
...
006 (78854907.040.000) 2026-10-04 04:34:32 Image size of job updated: 507556
	496  -  MemoryUsage of job (MB)
	507556  -  ResidentSetSize of job (KB)
...
006 (78854907.040.000) 2026-10-04 04:44:33 Image size of job updated: 507588
	496  -  MemoryUsage of job (MB)
	507588  -  ResidentSetSize of job (KB)
...
006 (78854907.040.000) 2026-10-04 04:59:34 Image size of job updated: 507592
	496  -  MemoryUsage of job (MB)
	507592  -  ResidentSetSize of job (KB)
...
006 (78854907.040.000) 2026-10-04 05:09:34 Image size of job updated: 509608
	498  -  MemoryUsage of job (MB)
	509608  -  ResidentSetSize of job (KB)
...
006 (78854907.040.000) 2026-10-04 05:14:35 Image size of job updated: 509644
	498  -  MemoryUsage of job (MB)
	509644  -  ResidentSetSize of job (KB)
...
006 (78854907.040.000) 2026-10-04 05:24:35 Image size of job updated: 509648
	498  -  MemoryUsage of job (MB)
	509648  -  ResidentSetSize of job (KB)
...
006 (78854907.040.000) 2026-10-04 05:29:36 Image size of job updated: 509748
	498  -  MemoryUsage of job (MB)
	509748  -  ResidentSetSize of job (KB)
...
006 (78854907.040.000) 2026-10-04 05:39:36 Image size of job updated: 510672
	499  -  MemoryUsage of job (MB)
	510672  -  ResidentSetSize of job (KB)
...
006 (78854907.040.000) 2026-10-04 05:49:38 Image size of job updated: 511996
	500  -  MemoryUsage of job (MB)
	511996  -  ResidentSetSize of job (KB)
...
006 (78854907.040.000) 2026-10-04 05:59:39 Image size of job updated: 514044
	502  -  MemoryUsage of job (MB)
	514044  -  ResidentSetSize of job (KB)
...
006 (78854907.040.000) 2026-10-04 06:14:41 Image size of job updated: 514052
	503  -  MemoryUsage of job (MB)
	514052  -  ResidentSetSize of job (KB)
...
006 (78854907.040.000) 2026-10-04 06:39:44 Image size of job updated: 516932
	505  -  MemoryUsage of job (MB)
	516932  -  ResidentSetSize of job (KB)
...
006 (78854907.040.000) 2026-10-04 06:44:45 Image size of job updated: 516940
	505  -  MemoryUsage of job (MB)
	516940  -  ResidentSetSize of job (KB)
...
006 (78854907.040.000) 2026-10-04 06:49:46 Image size of job updated: 517964
	506  -  MemoryUsage of job (MB)
	517964  -  ResidentSetSize of job (KB)
...
006 (78854907.040.000) 2026-10-04 07:19:50 Image size of job updated: 525880
	514  -  MemoryUsage of job (MB)
	525880  -  ResidentSetSize of job (KB)
...
006 (78854907.040.000) 2026-10-04 07:29:51 Image size of job updated: 525884
	514  -  MemoryUsage of job (MB)
	525880  -  ResidentSetSize of job (KB)
...
006 (78854907.040.000) 2026-10-04 07:59:53 Image size of job updated: 527132
	515  -  MemoryUsage of job (MB)
	526908  -  ResidentSetSize of job (KB)
...
006 (78854907.040.000) 2026-10-04 08:09:54 Image size of job updated: 527132
	515  -  MemoryUsage of job (MB)
	526912  -  ResidentSetSize of job (KB)
...
006 (78854907.040.000) 2026-10-04 08:24:55 Image size of job updated: 529084
	517  -  MemoryUsage of job (MB)
	529084  -  ResidentSetSize of job (KB)
...
006 (78854907.040.000) 2026-10-04 08:34:56 Image size of job updated: 531132
	519  -  MemoryUsage of job (MB)
	531132  -  ResidentSetSize of job (KB)
...
006 (78854907.040.000) 2026-10-04 08:54:57 Image size of job updated: 532156
	520  -  MemoryUsage of job (MB)
	532156  -  ResidentSetSize of job (KB)
...
006 (78854907.040.000) 2026-10-04 09:04:58 Image size of job updated: 532344
	520  -  MemoryUsage of job (MB)
	532344  -  ResidentSetSize of job (KB)
...
006 (78854907.040.000) 2026-10-04 09:24:59 Image size of job updated: 535600
	524  -  MemoryUsage of job (MB)
	535600  -  ResidentSetSize of job (KB)
...
006 (78854907.040.000) 2026-10-04 09:45:02 Image size of job updated: 542760
	531  -  MemoryUsage of job (MB)
	542760  -  ResidentSetSize of job (KB)
...
006 (78854907.040.000) 2026-10-04 10:00:04 Image size of job updated: 542764
	531  -  MemoryUsage of job (MB)
	542764  -  ResidentSetSize of job (KB)
...
006 (78854907.040.000) 2026-10-04 10:05:05 Image size of job updated: 543788
	532  -  MemoryUsage of job (MB)
	543788  -  ResidentSetSize of job (KB)
...
006 (78854907.040.000) 2026-10-04 10:15:06 Image size of job updated: 555472
	543  -  MemoryUsage of job (MB)
	555472  -  ResidentSetSize of job (KB)
...
006 (78854907.040.000) 2026-10-04 10:25:07 Image size of job updated: 557520
	545  -  MemoryUsage of job (MB)
	557520  -  ResidentSetSize of job (KB)
...
006 (78854907.040.000) 2026-10-04 10:30:08 Image size of job updated: 557524
	545  -  MemoryUsage of job (MB)
	557524  -  ResidentSetSize of job (KB)
...
006 (78854907.040.000) 2026-10-04 11:00:11 Image size of job updated: 558548
	546  -  MemoryUsage of job (MB)
	558548  -  ResidentSetSize of job (KB)
...
006 (78854907.040.000) 2026-10-04 11:05:12 Image size of job updated: 558552
	546  -  MemoryUsage of job (MB)
	558552  -  ResidentSetSize of job (KB)
...
006 (78854907.040.000) 2026-10-04 11:10:12 Image size of job updated: 559576
	546  -  MemoryUsage of job (MB)
	558552  -  ResidentSetSize of job (KB)
...
006 (78854907.040.000) 2026-10-04 11:20:13 Image size of job updated: 559576
	547  -  MemoryUsage of job (MB)
	559576  -  ResidentSetSize of job (KB)
...
006 (78854907.040.000) 2026-10-04 11:30:13 Image size of job updated: 560600
	548  -  MemoryUsage of job (MB)
	560600  -  ResidentSetSize of job (KB)
...
006 (78854907.040.000) 2026-10-04 11:35:14 Image size of job updated: 560604
	548  -  MemoryUsage of job (MB)
	560604  -  ResidentSetSize of job (KB)
...
006 (78854907.040.000) 2026-10-04 12:05:16 Image size of job updated: 560608
	548  -  MemoryUsage of job (MB)
	560608  -  ResidentSetSize of job (KB)
...
006 (78854907.040.000) 2026-10-04 12:20:17 Image size of job updated: 561640
	549  -  MemoryUsage of job (MB)
	561640  -  ResidentSetSize of job (KB)
...
006 (78854907.040.000) 2026-10-04 12:50:19 Image size of job updated: 562660
	550  -  MemoryUsage of job (MB)
	562660  -  ResidentSetSize of job (KB)
...
006 (78854907.040.000) 2026-10-04 12:55:19 Image size of job updated: 562664
	550  -  MemoryUsage of job (MB)
	562664  -  ResidentSetSize of job (KB)
...
006 (78854907.040.000) 2026-10-04 13:00:19 Image size of job updated: 564712
	552  -  MemoryUsage of job (MB)
	564712  -  ResidentSetSize of job (KB)
...
006 (78854907.040.000) 2026-10-04 13:35:22 Image size of job updated: 565724
	553  -  MemoryUsage of job (MB)
	565724  -  ResidentSetSize of job (KB)
...
006 (78854907.040.000) 2026-10-04 13:40:23 Image size of job updated: 565740
	553  -  MemoryUsage of job (MB)
	565740  -  ResidentSetSize of job (KB)
...
006 (78854907.040.000) 2026-10-04 13:44:52 Image size of job updated: 566772
	553  -  MemoryUsage of job (MB)
	565740  -  ResidentSetSize of job (KB)
...
004 (78854907.040.000) 2026-10-04 13:44:52 Job was evicted. Code 1023 Subcode 0
	(0) CPU times
		Usr 2 06:13:51, Sys 0 00:02:27  -  Run Remote Usage
		Usr 0 00:00:00, Sys 0 00:00:00  -  Run Local Usage
	0  -  Run Bytes Sent By Job
	0  -  Run Bytes Received By Job
	Reason: via condor_rm (by user pratyusava.baral)
	Partitionable Resources :    Usage  Request Allocated 
	   Cpus                 :     3.93        4         4 
	   Disk (KB)            : 25000       25000     28672 
	   GPUs                 :                           0 
	   Memory (MB)          :   553       15000     15104 
	   TimeExecute (s)      : 57970                       
	   TimeSlotBusy (s)     : 57971                       
...
009 (78854907.040.000) 2026-10-04 13:44:52 Job was aborted.
	via condor_rm (by user pratyusava.baral)
...
000 (78855136.040.000) 2026-10-04 13:45:07 Job submitted from host: <10.14.0.121:9618?addrs=10.14.0.121-9618&alias=ldas-pcdev12.ligo.caltech.edu&noUDP&sock=schedd_623140_c9b4>
...
001 (78855136.040.000) 2026-10-04 13:49:18 Job executing on host: <10.14.9.157:9618?addrs=10.14.9.157-9618&alias=node2157.cluster.ldas.cit&noUDP&sock=startd_4181599_ae96>
	SlotName: slot1_2@node2157.cluster.ldas.cit
	CondorScratchDir = "/var/lib/condor/execute/dir_2020931/scratch"
	Cpus = 4
	Disk = 28672
	GPUs = 0
	Memory = 15104
...
006 (78855136.040.000) 2026-10-04 13:49:18 Image size of job updated: 25000
	0  -  MemoryUsage of job (MB)
	0  -  ResidentSetSize of job (KB)
...
005 (78855136.040.000) 2026-10-04 13:49:19 Job terminated.
	(1) Normal termination (return value 1)
		Usr 0 00:00:00, Sys 0 00:00:00  -  Run Remote Usage
		Usr 0 00:00:00, Sys 0 00:00:00  -  Run Local Usage
		Usr 0 00:00:00, Sys 0 00:00:00  -  Total Remote Usage
		Usr 0 00:00:00, Sys 0 00:00:00  -  Total Local Usage
	0  -  Run Bytes Sent By Job
	0  -  Run Bytes Received By Job
	0  -  Total Bytes Sent By Job
	0  -  Total Bytes Received By Job
	Partitionable Resources :    Usage  Request Allocated 
	   Cpus                 :                 4         4 
	   Disk (KB)            :    25000    25000     28672 
	   GPUs                 :                           0 
	   Memory (MB)          :        0    15000     15104 
	   TimeExecute (s)      :        0                    
	   TimeSlotBusy (s)     :        0                    
...
