000 (78852668.045.000) 2026-10-01 10:44:08 Job submitted from host: <10.14.0.121:9618?addrs=10.14.0.121-9618&alias=ldas-pcdev12.ligo.caltech.edu&noUDP&sock=schedd_623140_c9b4>
...
001 (78852668.045.000) 2026-10-01 10:47:57 Job executing on host: <10.14.10.62:9618?addrs=10.14.10.62-9618&alias=node2312.cluster.ldas.cit&noUDP&sock=startd_2782857_032a>
	SlotName: slot1_2@node2312.cluster.ldas.cit
	CondorScratchDir = "/var/lib/condor/execute/dir_68759/scratch"
	Cpus = 4
	Disk = 28672
	GPUs = 0
	Memory = 15104
...
006 (78852668.045.000) 2026-10-01 10:47:57 Image size of job updated: 25000
	0  -  MemoryUsage of job (MB)
	0  -  ResidentSetSize of job (KB)
...
005 (78852668.045.000) 2026-10-01 10:47:57 Job terminated.
	(1) Normal termination (return value 1)
		Usr 0 00:00:00, Sys 0 00:00:00  -  Run Remote Usage
		Usr 0 00:00:00, Sys 0 00:00:00  -  Run Local Usage
		Usr 0 00:00:00, Sys 0 00:00:00  -  Total Remote Usage
		Usr 0 00:00:00, Sys 0 00:00:00  -  Total Local Usage
	0  -  Run Bytes Sent By Job
	0  -  Run Bytes Received By Job
	0  -  Total Bytes Sent By Job
	0  -  Total Bytes Received By Job
	Partitionable Resources :    Usage  Request Allocated 
	   Cpus                 :                 4         4 
	   Disk (KB)            :    25000    25000     28672 
	   GPUs                 :                           0 
	   Memory (MB)          :        0    15000     15104 
	   TimeExecute (s)      :        0                    
	   TimeSlotBusy (s)     :        0                    
...
000 (78854871.045.000) 2026-10-03 17:15:41 Job submitted from host: <10.14.0.121:9618?addrs=10.14.0.121-9618&alias=ldas-pcdev12.ligo.caltech.edu&noUDP&sock=schedd_623140_c9b4>
...
001 (78854871.045.000) 2026-10-03 17:16:40 Job executing on host: <10.14.10.9:9618?addrs=10.14.10.9-9618&alias=node2259.cluster.ldas.cit&noUDP&sock=startd_2092509_b47d>
	SlotName: slot1_1@node2259.cluster.ldas.cit
	CondorScratchDir = "/var/lib/condor/execute/dir_3922882/scratch"
	Cpus = 4
	Disk = 28672
	GPUs = 0
	Memory = 15104
...
006 (78854871.045.000) 2026-10-03 17:16:49 Image size of job updated: 226952
	222  -  MemoryUsage of job (MB)
	226952  -  ResidentSetSize of job (KB)
...
006 (78854871.045.000) 2026-10-03 17:21:50 Image size of job updated: 299408
	293  -  MemoryUsage of job (MB)
	299408  -  ResidentSetSize of job (KB)
...
006 (78854871.045.000) 2026-10-03 17:26:51 Image size of job updated: 300032
	293  -  MemoryUsage of job (MB)
	300032  -  ResidentSetSize of job (KB)
...
006 (78854871.045.000) 2026-10-03 17:31:51 Image size of job updated: 402616
	394  -  MemoryUsage of job (MB)
	402616  -  ResidentSetSize of job (KB)
...
006 (78854871.045.000) 2026-10-03 17:36:52 Image size of job updated: 416028
	407  -  MemoryUsage of job (MB)
	416028  -  ResidentSetSize of job (KB)
...
006 (78854871.045.000) 2026-10-03 17:41:52 Image size of job updated: 434880
	425  -  MemoryUsage of job (MB)
	434880  -  ResidentSetSize of job (KB)
...
006 (78854871.045.000) 2026-10-03 17:46:52 Image size of job updated: 435900
	426  -  MemoryUsage of job (MB)
	435900  -  ResidentSetSize of job (KB)
...
006 (78854871.045.000) 2026-10-03 17:51:53 Image size of job updated: 443072
	433  -  MemoryUsage of job (MB)
	443072  -  ResidentSetSize of job (KB)
...
006 (78854871.045.000) 2026-10-03 17:56:53 Image size of job updated: 443144
	433  -  MemoryUsage of job (MB)
	443144  -  ResidentSetSize of job (KB)
...
006 (78854871.045.000) 2026-10-03 18:01:54 Image size of job updated: 446956
	437  -  MemoryUsage of job (MB)
	446956  -  ResidentSetSize of job (KB)
...
006 (78854871.045.000) 2026-10-03 18:06:55 Image size of job updated: 446968
	437  -  MemoryUsage of job (MB)
	446968  -  ResidentSetSize of job (KB)
...
006 (78854871.045.000) 2026-10-03 18:11:55 Image size of job updated: 447252
	437  -  MemoryUsage of job (MB)
	447252  -  ResidentSetSize of job (KB)
...
006 (78854871.045.000) 2026-10-03 18:16:56 Image size of job updated: 447256
	437  -  MemoryUsage of job (MB)
	447256  -  ResidentSetSize of job (KB)
...
006 (78854871.045.000) 2026-10-03 18:21:56 Image size of job updated: 454628
	444  -  MemoryUsage of job (MB)
	454628  -  ResidentSetSize of job (KB)
...
006 (78854871.045.000) 2026-10-03 18:26:56 Image size of job updated: 454636
	444  -  MemoryUsage of job (MB)
	454636  -  ResidentSetSize of job (KB)
...
006 (78854871.045.000) 2026-10-03 18:31:57 Image size of job updated: 455928
	446  -  MemoryUsage of job (MB)
	455928  -  ResidentSetSize of job (KB)
...
006 (78854871.045.000) 2026-10-03 18:36:57 Image size of job updated: 455944
	446  -  MemoryUsage of job (MB)
	455944  -  ResidentSetSize of job (KB)
...
006 (78854871.045.000) 2026-10-03 18:41:57 Image size of job updated: 456308
	446  -  MemoryUsage of job (MB)
	456308  -  ResidentSetSize of job (KB)
...
006 (78854871.045.000) 2026-10-03 18:46:58 Image size of job updated: 457236
	447  -  MemoryUsage of job (MB)
	457236  -  ResidentSetSize of job (KB)
...
006 (78854871.045.000) 2026-10-03 18:51:58 Image size of job updated: 457572
	447  -  MemoryUsage of job (MB)
	457572  -  ResidentSetSize of job (KB)
...
006 (78854871.045.000) 2026-10-03 18:56:59 Image size of job updated: 457576
	447  -  MemoryUsage of job (MB)
	457576  -  ResidentSetSize of job (KB)
...
006 (78854871.045.000) 2026-10-03 19:02:00 Image size of job updated: 458676
	448  -  MemoryUsage of job (MB)
	458676  -  ResidentSetSize of job (KB)
...
006 (78854871.045.000) 2026-10-03 19:07:00 Image size of job updated: 458680
	448  -  MemoryUsage of job (MB)
	458680  -  ResidentSetSize of job (KB)
...
006 (78854871.045.000) 2026-10-03 19:12:01 Image size of job updated: 458696
	448  -  MemoryUsage of job (MB)
	458696  -  ResidentSetSize of job (KB)
...
006 (78854871.045.000) 2026-10-03 19:17:02 Image size of job updated: 458900
	449  -  MemoryUsage of job (MB)
	458900  -  ResidentSetSize of job (KB)
...
006 (78854871.045.000) 2026-10-03 19:22:02 Image size of job updated: 461968
	452  -  MemoryUsage of job (MB)
	461968  -  ResidentSetSize of job (KB)
...
006 (78854871.045.000) 2026-10-03 19:27:03 Image size of job updated: 461988
	452  -  MemoryUsage of job (MB)
	461988  -  ResidentSetSize of job (KB)
...
006 (78854871.045.000) 2026-10-03 19:32:03 Image size of job updated: 462116
	452  -  MemoryUsage of job (MB)
	462116  -  ResidentSetSize of job (KB)
...
006 (78854871.045.000) 2026-10-03 19:37:03 Image size of job updated: 462176
	452  -  MemoryUsage of job (MB)
	462176  -  ResidentSetSize of job (KB)
...
006 (78854871.045.000) 2026-10-03 19:57:06 Image size of job updated: 464444
	454  -  MemoryUsage of job (MB)
	464444  -  ResidentSetSize of job (KB)
...
006 (78854871.045.000) 2026-10-03 20:17:07 Image size of job updated: 464736
	454  -  MemoryUsage of job (MB)
	464736  -  ResidentSetSize of job (KB)
...
006 (78854871.045.000) 2026-10-03 20:22:08 Image size of job updated: 464740
	454  -  MemoryUsage of job (MB)
	464740  -  ResidentSetSize of job (KB)
...
006 (78854871.045.000) 2026-10-03 20:37:09 Image size of job updated: 466740
	454  -  MemoryUsage of job (MB)
	464740  -  ResidentSetSize of job (KB)
...
004 (78854871.045.000) 2026-10-03 21:36:38 Job was evicted. Code 1023 Subcode 0
	(0) CPU times
		Usr 0 13:38:47, Sys 0 00:00:21  -  Run Remote Usage
		Usr 0 00:00:00, Sys 0 00:00:00  -  Run Local Usage
	0  -  Run Bytes Sent By Job
	0  -  Run Bytes Received By Job
	Reason: via condor_rm (by user pratyusava.baral)
	Partitionable Resources :    Usage  Request Allocated 
	   Cpus                 :     3.11        4         4 
	   Disk (KB)            : 25000       25000     28672 
	   GPUs                 :                           0 
	   Memory (MB)          :   454       15000     15104 
	   TimeExecute (s)      : 15598                       
	   TimeSlotBusy (s)     : 15599                       
...
009 (78854871.045.000) 2026-10-03 21:36:38 Job was aborted.
	via condor_rm (by user pratyusava.baral)
...
000 (78854907.045.000) 2026-10-03 21:37:08 Job submitted from host: <10.14.0.121:9618?addrs=10.14.0.121-9618&alias=ldas-pcdev12.ligo.caltech.edu&noUDP&sock=schedd_623140_c9b4>
...
001 (78854907.045.000) 2026-10-03 21:38:42 Job executing on host: <10.14.6.153:9618?addrs=10.14.6.153-9618&alias=node1403.cluster.ldas.cit&noUDP&sock=startd_36162_b3e0>
	SlotName: slot1_1@node1403.cluster.ldas.cit
	CondorScratchDir = "/var/lib/condor/execute/dir_704025/scratch"
	Cpus = 4
	Disk = 28672
	GPUs = 0
	Memory = 15104
...
006 (78854907.045.000) 2026-10-03 21:38:50 Image size of job updated: 272048
	266  -  MemoryUsage of job (MB)
	272048  -  ResidentSetSize of job (KB)
...
006 (78854907.045.000) 2026-10-03 21:43:50 Image size of job updated: 281896
	276  -  MemoryUsage of job (MB)
	281896  -  ResidentSetSize of job (KB)
...
006 (78854907.045.000) 2026-10-03 21:48:51 Image size of job updated: 413036
	404  -  MemoryUsage of job (MB)
	413036  -  ResidentSetSize of job (KB)
...
006 (78854907.045.000) 2026-10-03 21:53:52 Image size of job updated: 413212
	404  -  MemoryUsage of job (MB)
	413212  -  ResidentSetSize of job (KB)
...
006 (78854907.045.000) 2026-10-03 21:58:52 Image size of job updated: 415896
	407  -  MemoryUsage of job (MB)
	415896  -  ResidentSetSize of job (KB)
...
006 (78854907.045.000) 2026-10-03 22:03:53 Image size of job updated: 415964
	407  -  MemoryUsage of job (MB)
	415964  -  ResidentSetSize of job (KB)
...
006 (78854907.045.000) 2026-10-03 22:08:54 Image size of job updated: 438240
	428  -  MemoryUsage of job (MB)
	438240  -  ResidentSetSize of job (KB)
...
006 (78854907.045.000) 2026-10-03 22:13:54 Image size of job updated: 438296
	429  -  MemoryUsage of job (MB)
	438296  -  ResidentSetSize of job (KB)
...
006 (78854907.045.000) 2026-10-03 22:18:54 Image size of job updated: 438324
	429  -  MemoryUsage of job (MB)
	438296  -  ResidentSetSize of job (KB)
...
006 (78854907.045.000) 2026-10-03 22:28:55 Image size of job updated: 459596
	449  -  MemoryUsage of job (MB)
	459584  -  ResidentSetSize of job (KB)
...
006 (78854907.045.000) 2026-10-03 22:33:55 Image size of job updated: 459652
	449  -  MemoryUsage of job (MB)
	459652  -  ResidentSetSize of job (KB)
...
006 (78854907.045.000) 2026-10-03 22:38:56 Image size of job updated: 459688
	449  -  MemoryUsage of job (MB)
	459652  -  ResidentSetSize of job (KB)
...
006 (78854907.045.000) 2026-10-03 22:58:57 Image size of job updated: 461168
	451  -  MemoryUsage of job (MB)
	461168  -  ResidentSetSize of job (KB)
...
006 (78854907.045.000) 2026-10-03 23:03:57 Image size of job updated: 461188
	451  -  MemoryUsage of job (MB)
	461188  -  ResidentSetSize of job (KB)
...
006 (78854907.045.000) 2026-10-03 23:08:58 Image size of job updated: 461192
	451  -  MemoryUsage of job (MB)
	461192  -  ResidentSetSize of job (KB)
...
006 (78854907.045.000) 2026-10-03 23:13:58 Image size of job updated: 467416
	457  -  MemoryUsage of job (MB)
	467416  -  ResidentSetSize of job (KB)
...
006 (78854907.045.000) 2026-10-03 23:18:58 Image size of job updated: 467424
	457  -  MemoryUsage of job (MB)
	467424  -  ResidentSetSize of job (KB)
...
006 (78854907.045.000) 2026-10-03 23:54:03 Image size of job updated: 476176
	466  -  MemoryUsage of job (MB)
	476176  -  ResidentSetSize of job (KB)
...
006 (78854907.045.000) 2026-10-04 00:04:04 Image size of job updated: 498972
	488  -  MemoryUsage of job (MB)
	498972  -  ResidentSetSize of job (KB)
...
006 (78854907.045.000) 2026-10-04 00:14:06 Image size of job updated: 499044
	488  -  MemoryUsage of job (MB)
	499044  -  ResidentSetSize of job (KB)
...
006 (78854907.045.000) 2026-10-04 00:19:06 Image size of job updated: 499096
	488  -  MemoryUsage of job (MB)
	499096  -  ResidentSetSize of job (KB)
...
006 (78854907.045.000) 2026-10-04 00:24:07 Image size of job updated: 499380
	488  -  MemoryUsage of job (MB)
	499380  -  ResidentSetSize of job (KB)
...
006 (78854907.045.000) 2026-10-04 00:29:08 Image size of job updated: 499388
	488  -  MemoryUsage of job (MB)
	499388  -  ResidentSetSize of job (KB)
...
006 (78854907.045.000) 2026-10-04 00:34:08 Image size of job updated: 501004
	490  -  MemoryUsage of job (MB)
	501004  -  ResidentSetSize of job (KB)
...
006 (78854907.045.000) 2026-10-04 00:39:09 Image size of job updated: 501016
	490  -  MemoryUsage of job (MB)
	501016  -  ResidentSetSize of job (KB)
...
006 (78854907.045.000) 2026-10-04 00:44:10 Image size of job updated: 503068
	492  -  MemoryUsage of job (MB)
	503068  -  ResidentSetSize of job (KB)
...
006 (78854907.045.000) 2026-10-04 00:49:10 Image size of job updated: 503072
	492  -  MemoryUsage of job (MB)
	503072  -  ResidentSetSize of job (KB)
...
006 (78854907.045.000) 2026-10-04 00:54:11 Image size of job updated: 504080
	493  -  MemoryUsage of job (MB)
	504080  -  ResidentSetSize of job (KB)
...
006 (78854907.045.000) 2026-10-04 00:59:12 Image size of job updated: 504088
	493  -  MemoryUsage of job (MB)
	504088  -  ResidentSetSize of job (KB)
...
006 (78854907.045.000) 2026-10-04 01:04:12 Image size of job updated: 505096
	494  -  MemoryUsage of job (MB)
	505096  -  ResidentSetSize of job (KB)
...
006 (78854907.045.000) 2026-10-04 01:09:13 Image size of job updated: 505216
	494  -  MemoryUsage of job (MB)
	505216  -  ResidentSetSize of job (KB)
...
006 (78854907.045.000) 2026-10-04 01:14:14 Image size of job updated: 505224
	494  -  MemoryUsage of job (MB)
	505224  -  ResidentSetSize of job (KB)
...
006 (78854907.045.000) 2026-10-04 01:34:15 Image size of job updated: 505228
	494  -  MemoryUsage of job (MB)
	505228  -  ResidentSetSize of job (KB)
...
006 (78854907.045.000) 2026-10-04 01:39:15 Image size of job updated: 505232
	494  -  MemoryUsage of job (MB)
	505232  -  ResidentSetSize of job (KB)
...
006 (78854907.045.000) 2026-10-04 01:59:17 Image size of job updated: 505240
	494  -  MemoryUsage of job (MB)
	505240  -  ResidentSetSize of job (KB)
...
006 (78854907.045.000) 2026-10-04 02:24:18 Image size of job updated: 505244
	494  -  MemoryUsage of job (MB)
	505244  -  ResidentSetSize of job (KB)
...
006 (78854907.045.000) 2026-10-04 02:34:19 Image size of job updated: 505248
	494  -  MemoryUsage of job (MB)
	505248  -  ResidentSetSize of job (KB)
...
006 (78854907.045.000) 2026-10-04 02:39:19 Image size of job updated: 505252
	494  -  MemoryUsage of job (MB)
	505252  -  ResidentSetSize of job (KB)
...
006 (78854907.045.000) 2026-10-04 02:44:20 Image size of job updated: 505256
	494  -  MemoryUsage of job (MB)
	505256  -  ResidentSetSize of job (KB)
...
006 (78854907.045.000) 2026-10-04 02:54:20 Image size of job updated: 507652
	496  -  MemoryUsage of job (MB)
	507652  -  ResidentSetSize of job (KB)
...
006 (78854907.045.000) 2026-10-04 03:04:22 Image size of job updated: 508104
	497  -  MemoryUsage of job (MB)
	508104  -  ResidentSetSize of job (KB)
...
006 (78854907.045.000) 2026-10-04 03:09:22 Image size of job updated: 508332
	497  -  MemoryUsage of job (MB)
	508332  -  ResidentSetSize of job (KB)
...
006 (78854907.045.000) 2026-10-04 03:14:23 Image size of job updated: 508336
	497  -  MemoryUsage of job (MB)
	508336  -  ResidentSetSize of job (KB)
...
006 (78854907.045.000) 2026-10-04 03:29:25 Image size of job updated: 508348
	497  -  MemoryUsage of job (MB)
	508348  -  ResidentSetSize of job (KB)
...
006 (78854907.045.000) 2026-10-04 03:44:27 Image size of job updated: 508352
	497  -  MemoryUsage of job (MB)
	508352  -  ResidentSetSize of job (KB)
...
006 (78854907.045.000) 2026-10-04 04:19:32 Image size of job updated: 508376
	497  -  MemoryUsage of job (MB)
	508376  -  ResidentSetSize of job (KB)
...
006 (78854907.045.000) 2026-10-04 04:24:32 Image size of job updated: 508380
	497  -  MemoryUsage of job (MB)
	508380  -  ResidentSetSize of job (KB)
...
006 (78854907.045.000) 2026-10-04 04:29:33 Image size of job updated: 510468
	499  -  MemoryUsage of job (MB)
	510468  -  ResidentSetSize of job (KB)
...
006 (78854907.045.000) 2026-10-04 04:34:34 Image size of job updated: 510472
	499  -  MemoryUsage of job (MB)
	510472  -  ResidentSetSize of job (KB)
...
006 (78854907.045.000) 2026-10-04 04:39:34 Image size of job updated: 512524
	501  -  MemoryUsage of job (MB)
	512524  -  ResidentSetSize of job (KB)
...
006 (78854907.045.000) 2026-10-04 04:44:35 Image size of job updated: 512528
	501  -  MemoryUsage of job (MB)
	512528  -  ResidentSetSize of job (KB)
...
006 (78854907.045.000) 2026-10-04 04:49:36 Image size of job updated: 513876
	502  -  MemoryUsage of job (MB)
	513876  -  ResidentSetSize of job (KB)
...
006 (78854907.045.000) 2026-10-04 04:54:36 Image size of job updated: 513880
	502  -  MemoryUsage of job (MB)
	513880  -  ResidentSetSize of job (KB)
...
006 (78854907.045.000) 2026-10-04 04:59:37 Image size of job updated: 514956
	502  -  MemoryUsage of job (MB)
	513948  -  ResidentSetSize of job (KB)
...
006 (78854907.045.000) 2026-10-04 05:04:38 Image size of job updated: 514956
	502  -  MemoryUsage of job (MB)
	513952  -  ResidentSetSize of job (KB)
...
006 (78854907.045.000) 2026-10-04 05:19:39 Image size of job updated: 514956
	502  -  MemoryUsage of job (MB)
	513956  -  ResidentSetSize of job (KB)
...
006 (78854907.045.000) 2026-10-04 05:24:39 Image size of job updated: 514956
	502  -  MemoryUsage of job (MB)
	513992  -  ResidentSetSize of job (KB)
...
006 (78854907.045.000) 2026-10-04 05:29:39 Image size of job updated: 516024
	504  -  MemoryUsage of job (MB)
	516024  -  ResidentSetSize of job (KB)
...
006 (78854907.045.000) 2026-10-04 05:39:40 Image size of job updated: 518212
	507  -  MemoryUsage of job (MB)
	518212  -  ResidentSetSize of job (KB)
...
006 (78854907.045.000) 2026-10-04 05:49:41 Image size of job updated: 519212
	508  -  MemoryUsage of job (MB)
	519212  -  ResidentSetSize of job (KB)
...
006 (78854907.045.000) 2026-10-04 05:59:41 Image size of job updated: 520268
	509  -  MemoryUsage of job (MB)
	520268  -  ResidentSetSize of job (KB)
...
006 (78854907.045.000) 2026-10-04 06:14:42 Image size of job updated: 520272
	509  -  MemoryUsage of job (MB)
	520272  -  ResidentSetSize of job (KB)
...
006 (78854907.045.000) 2026-10-04 06:34:44 Image size of job updated: 521596
	510  -  MemoryUsage of job (MB)
	521288  -  ResidentSetSize of job (KB)
...
006 (78854907.045.000) 2026-10-04 06:44:45 Image size of job updated: 522296
	511  -  MemoryUsage of job (MB)
	522296  -  ResidentSetSize of job (KB)
...
006 (78854907.045.000) 2026-10-04 06:49:46 Image size of job updated: 522300
	511  -  MemoryUsage of job (MB)
	522300  -  ResidentSetSize of job (KB)
...
006 (78854907.045.000) 2026-10-04 06:54:47 Image size of job updated: 522332
	511  -  MemoryUsage of job (MB)
	522332  -  ResidentSetSize of job (KB)
...
006 (78854907.045.000) 2026-10-04 06:59:47 Image size of job updated: 522336
	511  -  MemoryUsage of job (MB)
	522336  -  ResidentSetSize of job (KB)
...
006 (78854907.045.000) 2026-10-04 07:04:48 Image size of job updated: 522340
	511  -  MemoryUsage of job (MB)
	522340  -  ResidentSetSize of job (KB)
...
006 (78854907.045.000) 2026-10-04 07:14:49 Image size of job updated: 524356
	512  -  MemoryUsage of job (MB)
	523352  -  ResidentSetSize of job (KB)
...
006 (78854907.045.000) 2026-10-04 07:24:50 Image size of job updated: 525356
	512  -  MemoryUsage of job (MB)
	523352  -  ResidentSetSize of job (KB)
...
006 (78854907.045.000) 2026-10-04 07:34:50 Image size of job updated: 525360
	514  -  MemoryUsage of job (MB)
	525360  -  ResidentSetSize of job (KB)
...
006 (78854907.045.000) 2026-10-04 07:44:51 Image size of job updated: 526372
	515  -  MemoryUsage of job (MB)
	526372  -  ResidentSetSize of job (KB)
...
006 (78854907.045.000) 2026-10-04 07:49:51 Image size of job updated: 526376
	515  -  MemoryUsage of job (MB)
	526376  -  ResidentSetSize of job (KB)
...
006 (78854907.045.000) 2026-10-04 07:54:52 Image size of job updated: 526468
	515  -  MemoryUsage of job (MB)
	526376  -  ResidentSetSize of job (KB)
...
006 (78854907.045.000) 2026-10-04 08:04:52 Image size of job updated: 526468
	515  -  MemoryUsage of job (MB)
	526452  -  ResidentSetSize of job (KB)
...
006 (78854907.045.000) 2026-10-04 08:09:53 Image size of job updated: 526468
	515  -  MemoryUsage of job (MB)
	526456  -  ResidentSetSize of job (KB)
...
006 (78854907.045.000) 2026-10-04 08:14:53 Image size of job updated: 527464
	516  -  MemoryUsage of job (MB)
	527464  -  ResidentSetSize of job (KB)
...
006 (78854907.045.000) 2026-10-04 08:19:53 Image size of job updated: 527500
	516  -  MemoryUsage of job (MB)
	527500  -  ResidentSetSize of job (KB)
...
006 (78854907.045.000) 2026-10-04 08:24:54 Image size of job updated: 531772
	520  -  MemoryUsage of job (MB)
	531772  -  ResidentSetSize of job (KB)
...
006 (78854907.045.000) 2026-10-04 08:34:54 Image size of job updated: 531784
	520  -  MemoryUsage of job (MB)
	531784  -  ResidentSetSize of job (KB)
...
006 (78854907.045.000) 2026-10-04 08:44:55 Image size of job updated: 532792
	521  -  MemoryUsage of job (MB)
	532792  -  ResidentSetSize of job (KB)
...
006 (78854907.045.000) 2026-10-04 08:49:55 Image size of job updated: 532860
	521  -  MemoryUsage of job (MB)
	532860  -  ResidentSetSize of job (KB)
...
006 (78854907.045.000) 2026-10-04 08:54:56 Image size of job updated: 538880
	527  -  MemoryUsage of job (MB)
	538880  -  ResidentSetSize of job (KB)
...
006 (78854907.045.000) 2026-10-04 08:59:57 Image size of job updated: 538884
	527  -  MemoryUsage of job (MB)
	538884  -  ResidentSetSize of job (KB)
...
006 (78854907.045.000) 2026-10-04 09:14:59 Image size of job updated: 544192
	532  -  MemoryUsage of job (MB)
	544192  -  ResidentSetSize of job (KB)
...
006 (78854907.045.000) 2026-10-04 09:25:00 Image size of job updated: 545220
	533  -  MemoryUsage of job (MB)
	545220  -  ResidentSetSize of job (KB)
...
006 (78854907.045.000) 2026-10-04 09:40:02 Image size of job updated: 546188
	534  -  MemoryUsage of job (MB)
	546188  -  ResidentSetSize of job (KB)
...
006 (78854907.045.000) 2026-10-04 09:50:03 Image size of job updated: 547228
	535  -  MemoryUsage of job (MB)
	547228  -  ResidentSetSize of job (KB)
...
006 (78854907.045.000) 2026-10-04 09:55:04 Image size of job updated: 547232
	535  -  MemoryUsage of job (MB)
	547232  -  ResidentSetSize of job (KB)
...
006 (78854907.045.000) 2026-10-04 10:20:07 Image size of job updated: 553276
	541  -  MemoryUsage of job (MB)
	553276  -  ResidentSetSize of job (KB)
...
006 (78854907.045.000) 2026-10-04 10:25:08 Image size of job updated: 553280
	541  -  MemoryUsage of job (MB)
	553280  -  ResidentSetSize of job (KB)
...
006 (78854907.045.000) 2026-10-04 10:50:11 Image size of job updated: 554012
	542  -  MemoryUsage of job (MB)
	554012  -  ResidentSetSize of job (KB)
...
006 (78854907.045.000) 2026-10-04 11:00:13 Image size of job updated: 554856
	542  -  MemoryUsage of job (MB)
	554856  -  ResidentSetSize of job (KB)
...
006 (78854907.045.000) 2026-10-04 11:05:13 Image size of job updated: 554860
	542  -  MemoryUsage of job (MB)
	554860  -  ResidentSetSize of job (KB)
...
006 (78854907.045.000) 2026-10-04 11:10:14 Image size of job updated: 566792
	554  -  MemoryUsage of job (MB)
	566792  -  ResidentSetSize of job (KB)
...
006 (78854907.045.000) 2026-10-04 11:15:15 Image size of job updated: 566828
	554  -  MemoryUsage of job (MB)
	566828  -  ResidentSetSize of job (KB)
...
006 (78854907.045.000) 2026-10-04 11:20:15 Image size of job updated: 568844
	555  -  MemoryUsage of job (MB)
	567856  -  ResidentSetSize of job (KB)
...
006 (78854907.045.000) 2026-10-04 11:30:17 Image size of job updated: 568864
	555  -  MemoryUsage of job (MB)
	567860  -  ResidentSetSize of job (KB)
...
006 (78854907.045.000) 2026-10-04 11:40:17 Image size of job updated: 569876
	557  -  MemoryUsage of job (MB)
	569876  -  ResidentSetSize of job (KB)
...
006 (78854907.045.000) 2026-10-04 11:45:18 Image size of job updated: 569944
	557  -  MemoryUsage of job (MB)
	569944  -  ResidentSetSize of job (KB)
...
006 (78854907.045.000) 2026-10-04 11:55:18 Image size of job updated: 569948
	557  -  MemoryUsage of job (MB)
	569948  -  ResidentSetSize of job (KB)
...
006 (78854907.045.000) 2026-10-04 12:00:19 Image size of job updated: 571964
	559  -  MemoryUsage of job (MB)
	571964  -  ResidentSetSize of job (KB)
...
006 (78854907.045.000) 2026-10-04 12:05:19 Image size of job updated: 571972
	559  -  MemoryUsage of job (MB)
	571972  -  ResidentSetSize of job (KB)
...
006 (78854907.045.000) 2026-10-04 12:15:20 Image size of job updated: 572004
	559  -  MemoryUsage of job (MB)
	572004  -  ResidentSetSize of job (KB)
...
006 (78854907.045.000) 2026-10-04 12:30:21 Image size of job updated: 573004
	560  -  MemoryUsage of job (MB)
	573004  -  ResidentSetSize of job (KB)
...
006 (78854907.045.000) 2026-10-04 12:40:21 Image size of job updated: 574012
	560  -  MemoryUsage of job (MB)
	573004  -  ResidentSetSize of job (KB)
...
006 (78854907.045.000) 2026-10-04 12:45:22 Image size of job updated: 574012
	560  -  MemoryUsage of job (MB)
	573040  -  ResidentSetSize of job (KB)
...
006 (78854907.045.000) 2026-10-04 12:50:22 Image size of job updated: 574012
	560  -  MemoryUsage of job (MB)
	573044  -  ResidentSetSize of job (KB)
...
006 (78854907.045.000) 2026-10-04 12:55:22 Image size of job updated: 574012
	560  -  MemoryUsage of job (MB)
	573052  -  ResidentSetSize of job (KB)
...
006 (78854907.045.000) 2026-10-04 13:05:23 Image size of job updated: 574012
	560  -  MemoryUsage of job (MB)
	573056  -  ResidentSetSize of job (KB)
...
006 (78854907.045.000) 2026-10-04 13:15:24 Image size of job updated: 575072
	562  -  MemoryUsage of job (MB)
	575072  -  ResidentSetSize of job (KB)
...
006 (78854907.045.000) 2026-10-04 13:25:24 Image size of job updated: 575096
	562  -  MemoryUsage of job (MB)
	575096  -  ResidentSetSize of job (KB)
...
006 (78854907.045.000) 2026-10-04 13:30:25 Image size of job updated: 575100
	562  -  MemoryUsage of job (MB)
	575100  -  ResidentSetSize of job (KB)
...
006 (78854907.045.000) 2026-10-04 13:35:26 Image size of job updated: 576100
	563  -  MemoryUsage of job (MB)
	576100  -  ResidentSetSize of job (KB)
...
006 (78854907.045.000) 2026-10-04 13:40:26 Image size of job updated: 576148
	563  -  MemoryUsage of job (MB)
	576148  -  ResidentSetSize of job (KB)
...
006 (78854907.045.000) 2026-10-04 13:44:41 Image size of job updated: 576152
	563  -  MemoryUsage of job (MB)
	576148  -  ResidentSetSize of job (KB)
...
004 (78854907.045.000) 2026-10-04 13:44:41 Job was evicted. Code 1023 Subcode 0
	(0) CPU times
		Usr 2 05:57:19, Sys 0 00:02:20  -  Run Remote Usage
		Usr 0 00:00:00, Sys 0 00:00:00  -  Run Local Usage
	0  -  Run Bytes Sent By Job
	0  -  Run Bytes Received By Job
	Reason: via condor_rm (by user pratyusava.baral)
	Partitionable Resources :    Usage  Request Allocated 
	   Cpus                 :     3.89        4         4 
	   Disk (KB)            : 25000       25000     28672 
	   GPUs                 :                           0 
	   Memory (MB)          :   563       15000     15104 
	   TimeExecute (s)      : 57959                       
	   TimeSlotBusy (s)     : 57959                       
...
009 (78854907.045.000) 2026-10-04 13:44:41 Job was aborted.
	via condor_rm (by user pratyusava.baral)
...
000 (78855136.045.000) 2026-10-04 13:45:07 Job submitted from host: <10.14.0.121:9618?addrs=10.14.0.121-9618&alias=ldas-pcdev12.ligo.caltech.edu&noUDP&sock=schedd_623140_c9b4>
...
001 (78855136.045.000) 2026-10-04 13:49:18 Job executing on host: <10.14.8.217:9618?addrs=10.14.8.217-9618&alias=node1967.cluster.ldas.cit&noUDP&sock=startd_36495_1cea>
	SlotName: slot1_1@node1967.cluster.ldas.cit
	CondorScratchDir = "/var/lib/condor/execute/dir_323413/scratch"
	Cpus = 4
	Disk = 28672
	GPUs = 0
	Memory = 15104
...
006 (78855136.045.000) 2026-10-04 13:49:27 Image size of job updated: 135764
	133  -  MemoryUsage of job (MB)
	135764  -  ResidentSetSize of job (KB)
...
006 (78855136.045.000) 2026-10-04 13:54:27 Image size of job updated: 307088
	300  -  MemoryUsage of job (MB)
	307088  -  ResidentSetSize of job (KB)
...
006 (78855136.045.000) 2026-10-04 13:59:27 Image size of job updated: 448656
	439  -  MemoryUsage of job (MB)
	448656  -  ResidentSetSize of job (KB)
...
006 (78855136.045.000) 2026-10-04 14:04:28 Image size of job updated: 462944
	453  -  MemoryUsage of job (MB)
	462944  -  ResidentSetSize of job (KB)
...
006 (78855136.045.000) 2026-10-04 14:09:28 Image size of job updated: 514204
	503  -  MemoryUsage of job (MB)
	514204  -  ResidentSetSize of job (KB)
...
006 (78855136.045.000) 2026-10-04 14:14:28 Image size of job updated: 514356
	503  -  MemoryUsage of job (MB)
	514356  -  ResidentSetSize of job (KB)
...
006 (78855136.045.000) 2026-10-04 14:19:29 Image size of job updated: 532524
	511  -  MemoryUsage of job (MB)
	522808  -  ResidentSetSize of job (KB)
...
006 (78855136.045.000) 2026-10-04 14:24:30 Image size of job updated: 532524
	511  -  MemoryUsage of job (MB)
	522908  -  ResidentSetSize of job (KB)
...
006 (78855136.045.000) 2026-10-04 14:29:30 Image size of job updated: 532524
	515  -  MemoryUsage of job (MB)
	526796  -  ResidentSetSize of job (KB)
...
006 (78855136.045.000) 2026-10-04 14:34:31 Image size of job updated: 532524
	515  -  MemoryUsage of job (MB)
	526960  -  ResidentSetSize of job (KB)
...
006 (78855136.045.000) 2026-10-04 14:39:32 Image size of job updated: 534016
	518  -  MemoryUsage of job (MB)
	529724  -  ResidentSetSize of job (KB)
...
006 (78855136.045.000) 2026-10-04 14:44:32 Image size of job updated: 534016
	518  -  MemoryUsage of job (MB)
	529780  -  ResidentSetSize of job (KB)
...
006 (78855136.045.000) 2026-10-04 14:49:33 Image size of job updated: 535088
	521  -  MemoryUsage of job (MB)
	533120  -  ResidentSetSize of job (KB)
...
006 (78855136.045.000) 2026-10-04 14:54:34 Image size of job updated: 535088
	522  -  MemoryUsage of job (MB)
	533820  -  ResidentSetSize of job (KB)
...
006 (78855136.045.000) 2026-10-04 15:09:36 Image size of job updated: 535944
	522  -  MemoryUsage of job (MB)
	533952  -  ResidentSetSize of job (KB)
...
006 (78855136.045.000) 2026-10-04 15:14:36 Image size of job updated: 535944
	522  -  MemoryUsage of job (MB)
	533964  -  ResidentSetSize of job (KB)
...
006 (78855136.045.000) 2026-10-04 15:19:36 Image size of job updated: 538360
	526  -  MemoryUsage of job (MB)
	538360  -  ResidentSetSize of job (KB)
...
006 (78855136.045.000) 2026-10-04 15:24:37 Image size of job updated: 538400
	526  -  MemoryUsage of job (MB)
	538400  -  ResidentSetSize of job (KB)
...
006 (78855136.045.000) 2026-10-04 15:29:37 Image size of job updated: 541996
	529  -  MemoryUsage of job (MB)
	541020  -  ResidentSetSize of job (KB)
...
006 (78855136.045.000) 2026-10-04 15:34:37 Image size of job updated: 541996
	529  -  MemoryUsage of job (MB)
	541024  -  ResidentSetSize of job (KB)
...
006 (78855136.045.000) 2026-10-04 15:39:38 Image size of job updated: 543280
	529  -  MemoryUsage of job (MB)
	541024  -  ResidentSetSize of job (KB)
...
006 (78855136.045.000) 2026-10-04 15:49:38 Image size of job updated: 543280
	531  -  MemoryUsage of job (MB)
	543160  -  ResidentSetSize of job (KB)
...
006 (78855136.045.000) 2026-10-04 15:54:39 Image size of job updated: 543280
	531  -  MemoryUsage of job (MB)
	543168  -  ResidentSetSize of job (KB)
...
006 (78855136.045.000) 2026-10-04 15:59:39 Image size of job updated: 559704
	547  -  MemoryUsage of job (MB)
	559704  -  ResidentSetSize of job (KB)
...
006 (78855136.045.000) 2026-10-04 16:09:20 Image size of job updated: 560028
	547  -  MemoryUsage of job (MB)
	560028  -  ResidentSetSize of job (KB)
...
006 (78855136.045.000) 2026-10-04 16:23:23 Image size of job updated: 568964
	555  -  MemoryUsage of job (MB)
	567460  -  ResidentSetSize of job (KB)
...
006 (78855136.045.000) 2026-10-04 16:34:38 Image size of job updated: 572504
	557  -  MemoryUsage of job (MB)
	570284  -  ResidentSetSize of job (KB)
...
006 (78855136.045.000) 2026-10-04 16:51:25 Image size of job updated: 582276
	569  -  MemoryUsage of job (MB)
	582276  -  ResidentSetSize of job (KB)
...
006 (78855136.045.000) 2026-10-04 17:01:26 Image size of job updated: 583208
	569  -  MemoryUsage of job (MB)
	582276  -  ResidentSetSize of job (KB)
...
006 (78855136.045.000) 2026-10-04 17:11:27 Image size of job updated: 583228
	569  -  MemoryUsage of job (MB)
	582276  -  ResidentSetSize of job (KB)
...
006 (78855136.045.000) 2026-10-04 17:21:29 Image size of job updated: 584228
	571  -  MemoryUsage of job (MB)
	584228  -  ResidentSetSize of job (KB)
...
006 (78855136.045.000) 2026-10-04 17:26:29 Image size of job updated: 584240
	571  -  MemoryUsage of job (MB)
	584240  -  ResidentSetSize of job (KB)
...
006 (78855136.045.000) 2026-10-04 17:46:32 Image size of job updated: 584244
	571  -  MemoryUsage of job (MB)
	584244  -  ResidentSetSize of job (KB)
...
006 (78855136.045.000) 2026-10-04 17:56:33 Image size of job updated: 585268
	571  -  MemoryUsage of job (MB)
	584244  -  ResidentSetSize of job (KB)
...
006 (78855136.045.000) 2026-10-04 18:06:35 Image size of job updated: 585320
	572  -  MemoryUsage of job (MB)
	585320  -  ResidentSetSize of job (KB)
...
006 (78855136.045.000) 2026-10-04 18:11:35 Image size of job updated: 585328
	572  -  MemoryUsage of job (MB)
	585328  -  ResidentSetSize of job (KB)
...
006 (78855136.045.000) 2026-10-04 18:16:35 Image size of job updated: 586336
	572  -  MemoryUsage of job (MB)
	585328  -  ResidentSetSize of job (KB)
...
006 (78855136.045.000) 2026-10-04 18:26:36 Image size of job updated: 586336
	572  -  MemoryUsage of job (MB)
	585376  -  ResidentSetSize of job (KB)
...
006 (78855136.045.000) 2026-10-04 18:31:36 Image size of job updated: 586336
	572  -  MemoryUsage of job (MB)
	585392  -  ResidentSetSize of job (KB)
...
006 (78855136.045.000) 2026-10-04 18:46:37 Image size of job updated: 586488
	572  -  MemoryUsage of job (MB)
	585480  -  ResidentSetSize of job (KB)
...
006 (78855136.045.000) 2026-10-04 18:56:38 Image size of job updated: 587364
	573  -  MemoryUsage of job (MB)
	586356  -  ResidentSetSize of job (KB)
...
006 (78855136.045.000) 2026-10-04 19:01:38 Image size of job updated: 587364
	573  -  MemoryUsage of job (MB)
	586400  -  ResidentSetSize of job (KB)
...
006 (78855136.045.000) 2026-10-04 19:16:39 Image size of job updated: 588420
	574  -  MemoryUsage of job (MB)
	587412  -  ResidentSetSize of job (KB)
...
006 (78855136.045.000) 2026-10-04 19:21:40 Image size of job updated: 588420
	574  -  MemoryUsage of job (MB)
	587428  -  ResidentSetSize of job (KB)
...
006 (78855136.045.000) 2026-10-04 19:26:41 Image size of job updated: 588436
	574  -  MemoryUsage of job (MB)
	587428  -  ResidentSetSize of job (KB)
...
006 (78855136.045.000) 2026-10-04 19:41:43 Image size of job updated: 588436
	574  -  MemoryUsage of job (MB)
	587456  -  ResidentSetSize of job (KB)
...
006 (78855136.045.000) 2026-10-04 19:51:44 Image size of job updated: 588448
	574  -  MemoryUsage of job (MB)
	587640  -  ResidentSetSize of job (KB)
...
006 (78855136.045.000) 2026-10-04 20:01:45 Image size of job updated: 589456
	575  -  MemoryUsage of job (MB)
	588432  -  ResidentSetSize of job (KB)
...
006 (78855136.045.000) 2026-10-04 20:31:48 Image size of job updated: 589776
	576  -  MemoryUsage of job (MB)
	589776  -  ResidentSetSize of job (KB)
...
006 (78855136.045.000) 2026-10-04 20:41:49 Image size of job updated: 590484
	576  -  MemoryUsage of job (MB)
	589776  -  ResidentSetSize of job (KB)
...
006 (78855136.045.000) 2026-10-04 20:51:49 Image size of job updated: 591516
	578  -  MemoryUsage of job (MB)
	591516  -  ResidentSetSize of job (KB)
...
006 (78855136.045.000) 2026-10-04 20:56:50 Image size of job updated: 591544
	578  -  MemoryUsage of job (MB)
	591544  -  ResidentSetSize of job (KB)
...
006 (78855136.045.000) 2026-10-04 21:31:54 Image size of job updated: 593608
	580  -  MemoryUsage of job (MB)
	593608  -  ResidentSetSize of job (KB)
...
006 (78855136.045.000) 2026-10-04 21:36:54 Image size of job updated: 593612
	580  -  MemoryUsage of job (MB)
	593612  -  ResidentSetSize of job (KB)
...
006 (78855136.045.000) 2026-10-04 21:41:55 Image size of job updated: 593624
	580  -  MemoryUsage of job (MB)
	593624  -  ResidentSetSize of job (KB)
...
006 (78855136.045.000) 2026-10-04 21:46:56 Image size of job updated: 593668
	580  -  MemoryUsage of job (MB)
	593668  -  ResidentSetSize of job (KB)
...
006 (78855136.045.000) 2026-10-04 22:17:00 Image size of job updated: 593692
	580  -  MemoryUsage of job (MB)
	593692  -  ResidentSetSize of job (KB)
...
006 (78855136.045.000) 2026-10-04 22:37:02 Image size of job updated: 594732
	580  -  MemoryUsage of job (MB)
	593708  -  ResidentSetSize of job (KB)
...
006 (78855136.045.000) 2026-10-04 22:47:04 Image size of job updated: 594740
	581  -  MemoryUsage of job (MB)
	594740  -  ResidentSetSize of job (KB)
...
006 (78855136.045.000) 2026-10-04 22:57:05 Image size of job updated: 596756
	582  -  MemoryUsage of job (MB)
	595756  -  ResidentSetSize of job (KB)
...
006 (78855136.045.000) 2026-10-04 23:12:06 Image size of job updated: 596756
	582  -  MemoryUsage of job (MB)
	595784  -  ResidentSetSize of job (KB)
...
006 (78855136.045.000) 2026-10-04 23:17:07 Image size of job updated: 597816
	584  -  MemoryUsage of job (MB)
	597816  -  ResidentSetSize of job (KB)
...
006 (78855136.045.000) 2026-10-04 23:42:08 Image size of job updated: 597820
	584  -  MemoryUsage of job (MB)
	597820  -  ResidentSetSize of job (KB)
...
006 (78855136.045.000) 2026-10-05 00:22:14 Image size of job updated: 597856
	584  -  MemoryUsage of job (MB)
	597856  -  ResidentSetSize of job (KB)
...
006 (78855136.045.000) 2026-10-05 00:27:14 Image size of job updated: 597876
	584  -  MemoryUsage of job (MB)
	597876  -  ResidentSetSize of job (KB)
...
006 (78855136.045.000) 2026-10-05 01:02:18 Image size of job updated: 608976
	595  -  MemoryUsage of job (MB)
	608976  -  ResidentSetSize of job (KB)
...
006 (78855136.045.000) 2026-10-05 01:47:22 Image size of job updated: 609012
	595  -  MemoryUsage of job (MB)
	608976  -  ResidentSetSize of job (KB)
...
006 (78855136.045.000) 2026-10-05 01:52:23 Image size of job updated: 609012
	595  -  MemoryUsage of job (MB)
	608984  -  ResidentSetSize of job (KB)
...
006 (78855136.045.000) 2026-10-05 01:57:23 Image size of job updated: 609992
	596  -  MemoryUsage of job (MB)
	609992  -  ResidentSetSize of job (KB)
...
006 (78855136.045.000) 2026-10-05 02:27:25 Image size of job updated: 611048
	597  -  MemoryUsage of job (MB)
	611048  -  ResidentSetSize of job (KB)
...
006 (78855136.045.000) 2026-10-05 03:02:28 Image size of job updated: 611064
	597  -  MemoryUsage of job (MB)
	611064  -  ResidentSetSize of job (KB)
...
006 (78855136.045.000) 2026-10-05 03:12:30 Image size of job updated: 612072
	597  -  MemoryUsage of job (MB)
	611064  -  ResidentSetSize of job (KB)
...
006 (78855136.045.000) 2026-10-05 03:22:31 Image size of job updated: 612076
	598  -  MemoryUsage of job (MB)
	612076  -  ResidentSetSize of job (KB)
...
006 (78855136.045.000) 2026-10-05 03:52:34 Image size of job updated: 612088
	598  -  MemoryUsage of job (MB)
	612076  -  ResidentSetSize of job (KB)
...
006 (78855136.045.000) 2026-10-05 04:02:35 Image size of job updated: 613068
	599  -  MemoryUsage of job (MB)
	613068  -  ResidentSetSize of job (KB)
...
006 (78855136.045.000) 2026-10-05 04:22:36 Image size of job updated: 613084
	599  -  MemoryUsage of job (MB)
	613084  -  ResidentSetSize of job (KB)
...
006 (78855136.045.000) 2026-10-05 04:57:39 Image size of job updated: 614120
	600  -  MemoryUsage of job (MB)
	614120  -  ResidentSetSize of job (KB)
...
006 (78855136.045.000) 2026-10-05 05:37:43 Image size of job updated: 615144
	601  -  MemoryUsage of job (MB)
	615144  -  ResidentSetSize of job (KB)
...
006 (78855136.045.000) 2026-10-05 06:22:49 Image size of job updated: 616168
	601  -  MemoryUsage of job (MB)
	615144  -  ResidentSetSize of job (KB)
...
006 (78855136.045.000) 2026-10-05 06:52:51 Image size of job updated: 617160
	603  -  MemoryUsage of job (MB)
	617160  -  ResidentSetSize of job (KB)
...
006 (78855136.045.000) 2026-10-05 07:07:52 Image size of job updated: 617192
	603  -  MemoryUsage of job (MB)
	617192  -  ResidentSetSize of job (KB)
...
006 (78855136.045.000) 2026-10-05 07:57:57 Image size of job updated: 618204
	604  -  MemoryUsage of job (MB)
	618204  -  ResidentSetSize of job (KB)
...
006 (78855136.045.000) 2026-10-05 08:02:58 Image size of job updated: 618216
	604  -  MemoryUsage of job (MB)
	618216  -  ResidentSetSize of job (KB)
...
006 (78855136.045.000) 2026-10-05 08:48:02 Image size of job updated: 619192
	605  -  MemoryUsage of job (MB)
	619192  -  ResidentSetSize of job (KB)
...
006 (78855136.045.000) 2026-10-05 08:53:03 Image size of job updated: 619216
	605  -  MemoryUsage of job (MB)
	619216  -  ResidentSetSize of job (KB)
...
006 (78855136.045.000) 2026-10-05 08:58:03 Image size of job updated: 619232
	605  -  MemoryUsage of job (MB)
	619216  -  ResidentSetSize of job (KB)
...
006 (78855136.045.000) 2026-10-05 09:28:05 Image size of job updated: 620240
	605  -  MemoryUsage of job (MB)
	619232  -  ResidentSetSize of job (KB)
...
006 (78855136.045.000) 2026-10-05 09:33:05 Image size of job updated: 620240
	605  -  MemoryUsage of job (MB)
	619252  -  ResidentSetSize of job (KB)
...
006 (78855136.045.000) 2026-10-05 09:38:06 Image size of job updated: 620260
	606  -  MemoryUsage of job (MB)
	620260  -  ResidentSetSize of job (KB)
...
006 (78855136.045.000) 2026-10-05 10:08:10 Image size of job updated: 620292
	606  -  MemoryUsage of job (MB)
	620292  -  ResidentSetSize of job (KB)
...
006 (78855136.045.000) 2026-10-05 10:13:11 Image size of job updated: 621316
	607  -  MemoryUsage of job (MB)
	621316  -  ResidentSetSize of job (KB)
...
006 (78855136.045.000) 2026-10-05 10:23:12 Image size of job updated: 622344
	608  -  MemoryUsage of job (MB)
	622344  -  ResidentSetSize of job (KB)
...
006 (78855136.045.000) 2026-10-05 10:28:13 Image size of job updated: 622348
	608  -  MemoryUsage of job (MB)
	622348  -  ResidentSetSize of job (KB)
...
006 (78855136.045.000) 2026-10-05 11:38:17 Image size of job updated: 622868
	609  -  MemoryUsage of job (MB)
	622868  -  ResidentSetSize of job (KB)
...
006 (78855136.045.000) 2026-10-05 12:03:21 Image size of job updated: 623524
	609  -  MemoryUsage of job (MB)
	622868  -  ResidentSetSize of job (KB)
...
006 (78855136.045.000) 2026-10-05 12:13:22 Image size of job updated: 624376
	609  -  MemoryUsage of job (MB)
	622868  -  ResidentSetSize of job (KB)
...
006 (78855136.045.000) 2026-10-05 12:33:25 Image size of job updated: 624428
	609  -  MemoryUsage of job (MB)
	622868  -  ResidentSetSize of job (KB)
...
006 (78855136.045.000) 2026-10-05 12:43:26 Image size of job updated: 624428
	609  -  MemoryUsage of job (MB)
	623612  -  ResidentSetSize of job (KB)
...
006 (78855136.045.000) 2026-10-05 12:53:27 Image size of job updated: 625424
	610  -  MemoryUsage of job (MB)
	624400  -  ResidentSetSize of job (KB)
...
006 (78855136.045.000) 2026-10-05 13:03:29 Image size of job updated: 625424
	610  -  MemoryUsage of job (MB)
	624416  -  ResidentSetSize of job (KB)
...
006 (78855136.045.000) 2026-10-05 13:08:29 Image size of job updated: 625424
	610  -  MemoryUsage of job (MB)
	624448  -  ResidentSetSize of job (KB)
...
006 (78855136.045.000) 2026-10-05 13:13:30 Image size of job updated: 625456
	611  -  MemoryUsage of job (MB)
	625456  -  ResidentSetSize of job (KB)
...
006 (78855136.045.000) 2026-10-05 13:23:31 Image size of job updated: 625764
	612  -  MemoryUsage of job (MB)
	625764  -  ResidentSetSize of job (KB)
...
006 (78855136.045.000) 2026-10-05 13:33:33 Image size of job updated: 626468
	612  -  MemoryUsage of job (MB)
	626468  -  ResidentSetSize of job (KB)
...
