000 (78852668.047.000) 2026-10-01 10:44:08 Job submitted from host: <10.14.0.121:9618?addrs=10.14.0.121-9618&alias=ldas-pcdev12.ligo.caltech.edu&noUDP&sock=schedd_623140_c9b4>
...
001 (78852668.047.000) 2026-10-01 10:47:57 Job executing on host: <10.14.10.62:9618?addrs=10.14.10.62-9618&alias=node2312.cluster.ldas.cit&noUDP&sock=startd_2782857_032a>
	SlotName: slot1_2@node2312.cluster.ldas.cit
	CondorScratchDir = "/var/lib/condor/execute/dir_68774/scratch"
	Cpus = 4
	Disk = 28672
	GPUs = 0
	Memory = 15104
...
006 (78852668.047.000) 2026-10-01 10:47:57 Image size of job updated: 25000
	0  -  MemoryUsage of job (MB)
	0  -  ResidentSetSize of job (KB)
...
005 (78852668.047.000) 2026-10-01 10:47:57 Job terminated.
	(1) Normal termination (return value 1)
		Usr 0 00:00:00, Sys 0 00:00:00  -  Run Remote Usage
		Usr 0 00:00:00, Sys 0 00:00:00  -  Run Local Usage
		Usr 0 00:00:00, Sys 0 00:00:00  -  Total Remote Usage
		Usr 0 00:00:00, Sys 0 00:00:00  -  Total Local Usage
	0  -  Run Bytes Sent By Job
	0  -  Run Bytes Received By Job
	0  -  Total Bytes Sent By Job
	0  -  Total Bytes Received By Job
	Partitionable Resources :    Usage  Request Allocated 
	   Cpus                 :                 4         4 
	   Disk (KB)            :    25000    25000     28672 
	   GPUs                 :                           0 
	   Memory (MB)          :        0    15000     15104 
	   TimeExecute (s)      :        0                    
	   TimeSlotBusy (s)     :        0                    
...
000 (78854871.047.000) 2026-10-03 17:15:41 Job submitted from host: <10.14.0.121:9618?addrs=10.14.0.121-9618&alias=ldas-pcdev12.ligo.caltech.edu&noUDP&sock=schedd_623140_c9b4>
...
022 (78854871.047.000) 2026-10-03 18:17:00 Job disconnected, attempting to reconnect
    Socket between submit and execute hosts closed unexpectedly
    Trying to reconnect to slot1_2@node765.cluster.ldas.cit <10.14.4.15:9618?addrs=10.14.4.15-9618&alias=node765.cluster.ldas.cit&noUDP&sock=startd_3826366_6418>
...
024 (78854871.047.000) 2026-10-03 18:17:00 Job reconnection failed
    Job disconnected too long: JobLeaseDuration (2400 seconds) expired
    Can not reconnect to slot1_2@node765.cluster.ldas.cit, rescheduling job
...
004 (78854871.047.000) 2026-10-03 18:17:00 Job was evicted. Code 1008 Subcode 0
	(0) CPU times
		Usr 0 00:00:00, Sys 0 00:00:00  -  Run Remote Usage
		Usr 0 00:00:00, Sys 0 00:00:00  -  Run Local Usage
	0  -  Run Bytes Sent By Job
	0  -  Run Bytes Received By Job
	Reason: Job disconnected too long: JobLeaseDuration (2400 seconds) expired
	Partitionable Resources :    Usage  Request Allocated 
	   Cpus                 :                 4         4 
	   Disk (KB)            :    25000    25000     28672 
	   GPUs                 :                           0 
	   Memory (MB)          :             15000     15104 
...
001 (78854871.047.000) 2026-10-03 18:19:17 Job executing on host: <10.14.9.171:9618?addrs=10.14.9.171-9618&alias=node2171.cluster.ldas.cit&noUDP&sock=startd_2383760_aa73>
	SlotName: slot1_3@node2171.cluster.ldas.cit
	CondorScratchDir = "/var/lib/condor/execute/dir_345978/scratch"
	Cpus = 4
	Disk = 28672
	GPUs = 0
	Memory = 15104
...
006 (78854871.047.000) 2026-10-03 18:19:17 Image size of job updated: 25000
	0  -  MemoryUsage of job (MB)
	0  -  ResidentSetSize of job (KB)
...
005 (78854871.047.000) 2026-10-03 18:19:17 Job terminated.
	(1) Normal termination (return value 1)
		Usr 0 00:00:00, Sys 0 00:00:00  -  Run Remote Usage
		Usr 0 00:00:00, Sys 0 00:00:00  -  Run Local Usage
		Usr 0 00:00:00, Sys 0 00:00:00  -  Total Remote Usage
		Usr 0 00:00:00, Sys 0 00:00:00  -  Total Local Usage
	0  -  Run Bytes Sent By Job
	0  -  Run Bytes Received By Job
	0  -  Total Bytes Sent By Job
	0  -  Total Bytes Received By Job
	Partitionable Resources :    Usage  Request Allocated 
	   Cpus                 :        0        4         4 
	   Disk (KB)            :    25000    25000     28672 
	   GPUs                 :                           0 
	   Memory (MB)          :        0    15000     15104 
	   TimeExecute (s)      :        0                    
	   TimeSlotBusy (s)     :        1                    
...
000 (78854907.047.000) 2026-10-03 21:37:08 Job submitted from host: <10.14.0.121:9618?addrs=10.14.0.121-9618&alias=ldas-pcdev12.ligo.caltech.edu&noUDP&sock=schedd_623140_c9b4>
...
001 (78854907.047.000) 2026-10-03 21:38:42 Job executing on host: <10.14.8.230:9618?addrs=10.14.8.230-9618&alias=node1980.cluster.ldas.cit&noUDP&sock=startd_36149_c925>
	SlotName: slot1_2@node1980.cluster.ldas.cit
	CondorScratchDir = "/var/lib/condor/execute/dir_167214/scratch"
	Cpus = 4
	Disk = 28672
	GPUs = 0
	Memory = 15104
...
006 (78854907.047.000) 2026-10-03 21:38:50 Image size of job updated: 162948
	160  -  MemoryUsage of job (MB)
	162948  -  ResidentSetSize of job (KB)
...
006 (78854907.047.000) 2026-10-03 21:43:50 Image size of job updated: 227612
	223  -  MemoryUsage of job (MB)
	227612  -  ResidentSetSize of job (KB)
...
006 (78854907.047.000) 2026-10-03 21:48:51 Image size of job updated: 228412
	224  -  MemoryUsage of job (MB)
	228412  -  ResidentSetSize of job (KB)
...
006 (78854907.047.000) 2026-10-03 21:53:52 Image size of job updated: 313408
	307  -  MemoryUsage of job (MB)
	313408  -  ResidentSetSize of job (KB)
...
006 (78854907.047.000) 2026-10-03 21:58:52 Image size of job updated: 336920
	330  -  MemoryUsage of job (MB)
	336920  -  ResidentSetSize of job (KB)
...
006 (78854907.047.000) 2026-10-03 22:03:52 Image size of job updated: 378708
	370  -  MemoryUsage of job (MB)
	378708  -  ResidentSetSize of job (KB)
...
006 (78854907.047.000) 2026-10-03 22:08:53 Image size of job updated: 378840
	370  -  MemoryUsage of job (MB)
	378840  -  ResidentSetSize of job (KB)
...
006 (78854907.047.000) 2026-10-03 22:13:53 Image size of job updated: 384288
	376  -  MemoryUsage of job (MB)
	384288  -  ResidentSetSize of job (KB)
...
006 (78854907.047.000) 2026-10-03 22:18:53 Image size of job updated: 384320
	376  -  MemoryUsage of job (MB)
	384320  -  ResidentSetSize of job (KB)
...
006 (78854907.047.000) 2026-10-03 22:23:54 Image size of job updated: 403788
	395  -  MemoryUsage of job (MB)
	403788  -  ResidentSetSize of job (KB)
...
006 (78854907.047.000) 2026-10-03 22:28:54 Image size of job updated: 403804
	395  -  MemoryUsage of job (MB)
	403804  -  ResidentSetSize of job (KB)
...
006 (78854907.047.000) 2026-10-03 22:33:54 Image size of job updated: 406564
	398  -  MemoryUsage of job (MB)
	406564  -  ResidentSetSize of job (KB)
...
006 (78854907.047.000) 2026-10-03 22:38:55 Image size of job updated: 406576
	398  -  MemoryUsage of job (MB)
	406576  -  ResidentSetSize of job (KB)
...
006 (78854907.047.000) 2026-10-03 22:43:55 Image size of job updated: 407284
	398  -  MemoryUsage of job (MB)
	407284  -  ResidentSetSize of job (KB)
...
006 (78854907.047.000) 2026-10-03 22:48:55 Image size of job updated: 407292
	398  -  MemoryUsage of job (MB)
	407292  -  ResidentSetSize of job (KB)
...
006 (78854907.047.000) 2026-10-03 22:53:56 Image size of job updated: 410436
	401  -  MemoryUsage of job (MB)
	410436  -  ResidentSetSize of job (KB)
...
006 (78854907.047.000) 2026-10-03 22:58:56 Image size of job updated: 410464
	401  -  MemoryUsage of job (MB)
	410464  -  ResidentSetSize of job (KB)
...
006 (78854907.047.000) 2026-10-03 23:03:56 Image size of job updated: 411392
	402  -  MemoryUsage of job (MB)
	411392  -  ResidentSetSize of job (KB)
...
006 (78854907.047.000) 2026-10-03 23:08:57 Image size of job updated: 411400
	402  -  MemoryUsage of job (MB)
	411400  -  ResidentSetSize of job (KB)
...
006 (78854907.047.000) 2026-10-03 23:13:58 Image size of job updated: 411420
	402  -  MemoryUsage of job (MB)
	411420  -  ResidentSetSize of job (KB)
...
006 (78854907.047.000) 2026-10-03 23:18:58 Image size of job updated: 411428
	402  -  MemoryUsage of job (MB)
	411428  -  ResidentSetSize of job (KB)
...
006 (78854907.047.000) 2026-10-03 23:23:59 Image size of job updated: 431364
	422  -  MemoryUsage of job (MB)
	431364  -  ResidentSetSize of job (KB)
...
006 (78854907.047.000) 2026-10-03 23:29:00 Image size of job updated: 431476
	422  -  MemoryUsage of job (MB)
	431476  -  ResidentSetSize of job (KB)
...
006 (78854907.047.000) 2026-10-03 23:34:00 Image size of job updated: 432512
	423  -  MemoryUsage of job (MB)
	432512  -  ResidentSetSize of job (KB)
...
006 (78854907.047.000) 2026-10-03 23:39:01 Image size of job updated: 432528
	423  -  MemoryUsage of job (MB)
	432528  -  ResidentSetSize of job (KB)
...
006 (78854907.047.000) 2026-10-03 23:44:02 Image size of job updated: 432532
	423  -  MemoryUsage of job (MB)
	432528  -  ResidentSetSize of job (KB)
...
006 (78854907.047.000) 2026-10-04 00:14:05 Image size of job updated: 438528
	429  -  MemoryUsage of job (MB)
	438528  -  ResidentSetSize of job (KB)
...
006 (78854907.047.000) 2026-10-04 00:19:05 Image size of job updated: 439276
	429  -  MemoryUsage of job (MB)
	439276  -  ResidentSetSize of job (KB)
...
006 (78854907.047.000) 2026-10-04 00:24:05 Image size of job updated: 443212
	433  -  MemoryUsage of job (MB)
	443212  -  ResidentSetSize of job (KB)
...
006 (78854907.047.000) 2026-10-04 00:29:06 Image size of job updated: 443260
	433  -  MemoryUsage of job (MB)
	443260  -  ResidentSetSize of job (KB)
...
006 (78854907.047.000) 2026-10-04 00:34:06 Image size of job updated: 443272
	433  -  MemoryUsage of job (MB)
	443260  -  ResidentSetSize of job (KB)
...
006 (78854907.047.000) 2026-10-04 00:54:08 Image size of job updated: 453972
	444  -  MemoryUsage of job (MB)
	453972  -  ResidentSetSize of job (KB)
...
006 (78854907.047.000) 2026-10-04 00:59:09 Image size of job updated: 453984
	444  -  MemoryUsage of job (MB)
	453984  -  ResidentSetSize of job (KB)
...
006 (78854907.047.000) 2026-10-04 01:04:10 Image size of job updated: 453996
	444  -  MemoryUsage of job (MB)
	453984  -  ResidentSetSize of job (KB)
...
006 (78854907.047.000) 2026-10-04 01:24:12 Image size of job updated: 461136
	451  -  MemoryUsage of job (MB)
	461136  -  ResidentSetSize of job (KB)
...
006 (78854907.047.000) 2026-10-04 01:29:13 Image size of job updated: 461152
	451  -  MemoryUsage of job (MB)
	461152  -  ResidentSetSize of job (KB)
...
006 (78854907.047.000) 2026-10-04 01:34:14 Image size of job updated: 468828
	458  -  MemoryUsage of job (MB)
	468828  -  ResidentSetSize of job (KB)
...
006 (78854907.047.000) 2026-10-04 01:39:14 Image size of job updated: 468840
	458  -  MemoryUsage of job (MB)
	468840  -  ResidentSetSize of job (KB)
...
006 (78854907.047.000) 2026-10-04 01:44:15 Image size of job updated: 471256
	461  -  MemoryUsage of job (MB)
	471256  -  ResidentSetSize of job (KB)
...
006 (78854907.047.000) 2026-10-04 01:49:16 Image size of job updated: 471268
	461  -  MemoryUsage of job (MB)
	471268  -  ResidentSetSize of job (KB)
...
006 (78854907.047.000) 2026-10-04 01:54:16 Image size of job updated: 472608
	462  -  MemoryUsage of job (MB)
	472608  -  ResidentSetSize of job (KB)
...
006 (78854907.047.000) 2026-10-04 01:59:17 Image size of job updated: 472620
	462  -  MemoryUsage of job (MB)
	472620  -  ResidentSetSize of job (KB)
...
006 (78854907.047.000) 2026-10-04 02:04:18 Image size of job updated: 472632
	462  -  MemoryUsage of job (MB)
	472632  -  ResidentSetSize of job (KB)
...
006 (78854907.047.000) 2026-10-04 02:09:18 Image size of job updated: 472672
	462  -  MemoryUsage of job (MB)
	472672  -  ResidentSetSize of job (KB)
...
006 (78854907.047.000) 2026-10-04 02:14:18 Image size of job updated: 472680
	462  -  MemoryUsage of job (MB)
	472680  -  ResidentSetSize of job (KB)
...
006 (78854907.047.000) 2026-10-04 02:19:19 Image size of job updated: 474704
	464  -  MemoryUsage of job (MB)
	474704  -  ResidentSetSize of job (KB)
...
006 (78854907.047.000) 2026-10-04 02:24:19 Image size of job updated: 474712
	464  -  MemoryUsage of job (MB)
	474712  -  ResidentSetSize of job (KB)
...
006 (78854907.047.000) 2026-10-04 02:29:19 Image size of job updated: 475728
	465  -  MemoryUsage of job (MB)
	475728  -  ResidentSetSize of job (KB)
...
006 (78854907.047.000) 2026-10-04 02:34:20 Image size of job updated: 475736
	465  -  MemoryUsage of job (MB)
	475736  -  ResidentSetSize of job (KB)
...
006 (78854907.047.000) 2026-10-04 02:39:20 Image size of job updated: 476768
	466  -  MemoryUsage of job (MB)
	476768  -  ResidentSetSize of job (KB)
...
006 (78854907.047.000) 2026-10-04 02:44:20 Image size of job updated: 476876
	466  -  MemoryUsage of job (MB)
	476876  -  ResidentSetSize of job (KB)
...
006 (78854907.047.000) 2026-10-04 02:49:21 Image size of job updated: 478960
	468  -  MemoryUsage of job (MB)
	478960  -  ResidentSetSize of job (KB)
...
006 (78854907.047.000) 2026-10-04 02:54:21 Image size of job updated: 478976
	468  -  MemoryUsage of job (MB)
	478976  -  ResidentSetSize of job (KB)
...
006 (78854907.047.000) 2026-10-04 02:59:21 Image size of job updated: 483696
	473  -  MemoryUsage of job (MB)
	483696  -  ResidentSetSize of job (KB)
...
006 (78854907.047.000) 2026-10-04 03:04:22 Image size of job updated: 483812
	473  -  MemoryUsage of job (MB)
	483812  -  ResidentSetSize of job (KB)
...
006 (78854907.047.000) 2026-10-04 03:09:22 Image size of job updated: 493908
	483  -  MemoryUsage of job (MB)
	493908  -  ResidentSetSize of job (KB)
...
006 (78854907.047.000) 2026-10-04 03:14:22 Image size of job updated: 493916
	483  -  MemoryUsage of job (MB)
	493916  -  ResidentSetSize of job (KB)
...
006 (78854907.047.000) 2026-10-04 03:19:23 Image size of job updated: 494932
	484  -  MemoryUsage of job (MB)
	494932  -  ResidentSetSize of job (KB)
...
006 (78854907.047.000) 2026-10-04 03:24:24 Image size of job updated: 494944
	484  -  MemoryUsage of job (MB)
	494944  -  ResidentSetSize of job (KB)
...
006 (78854907.047.000) 2026-10-04 03:29:24 Image size of job updated: 502120
	491  -  MemoryUsage of job (MB)
	502120  -  ResidentSetSize of job (KB)
...
006 (78854907.047.000) 2026-10-04 03:34:25 Image size of job updated: 502124
	491  -  MemoryUsage of job (MB)
	502124  -  ResidentSetSize of job (KB)
...
006 (78854907.047.000) 2026-10-04 03:39:26 Image size of job updated: 503204
	492  -  MemoryUsage of job (MB)
	503204  -  ResidentSetSize of job (KB)
...
006 (78854907.047.000) 2026-10-04 03:44:26 Image size of job updated: 503208
	492  -  MemoryUsage of job (MB)
	503208  -  ResidentSetSize of job (KB)
...
006 (78854907.047.000) 2026-10-04 03:49:27 Image size of job updated: 509296
	498  -  MemoryUsage of job (MB)
	509296  -  ResidentSetSize of job (KB)
...
006 (78854907.047.000) 2026-10-04 03:54:28 Image size of job updated: 509308
	498  -  MemoryUsage of job (MB)
	509308  -  ResidentSetSize of job (KB)
...
006 (78854907.047.000) 2026-10-04 03:59:28 Image size of job updated: 510340
	499  -  MemoryUsage of job (MB)
	510340  -  ResidentSetSize of job (KB)
...
006 (78854907.047.000) 2026-10-04 04:04:29 Image size of job updated: 510344
	499  -  MemoryUsage of job (MB)
	510344  -  ResidentSetSize of job (KB)
...
006 (78854907.047.000) 2026-10-04 04:09:30 Image size of job updated: 512080
	501  -  MemoryUsage of job (MB)
	512080  -  ResidentSetSize of job (KB)
...
006 (78854907.047.000) 2026-10-04 04:14:30 Image size of job updated: 512088
	501  -  MemoryUsage of job (MB)
	512088  -  ResidentSetSize of job (KB)
...
006 (78854907.047.000) 2026-10-04 04:19:30 Image size of job updated: 525404
	514  -  MemoryUsage of job (MB)
	525404  -  ResidentSetSize of job (KB)
...
006 (78854907.047.000) 2026-10-04 04:24:31 Image size of job updated: 525420
	514  -  MemoryUsage of job (MB)
	525420  -  ResidentSetSize of job (KB)
...
006 (78854907.047.000) 2026-10-04 04:29:31 Image size of job updated: 525424
	514  -  MemoryUsage of job (MB)
	525424  -  ResidentSetSize of job (KB)
...
006 (78854907.047.000) 2026-10-04 04:34:31 Image size of job updated: 525432
	514  -  MemoryUsage of job (MB)
	525432  -  ResidentSetSize of job (KB)
...
006 (78854907.047.000) 2026-10-04 04:39:32 Image size of job updated: 526432
	515  -  MemoryUsage of job (MB)
	526432  -  ResidentSetSize of job (KB)
...
006 (78854907.047.000) 2026-10-04 04:44:32 Image size of job updated: 526436
	515  -  MemoryUsage of job (MB)
	526436  -  ResidentSetSize of job (KB)
...
006 (78854907.047.000) 2026-10-04 04:49:32 Image size of job updated: 528520
	517  -  MemoryUsage of job (MB)
	528520  -  ResidentSetSize of job (KB)
...
006 (78854907.047.000) 2026-10-04 04:54:33 Image size of job updated: 528528
	517  -  MemoryUsage of job (MB)
	528528  -  ResidentSetSize of job (KB)
...
006 (78854907.047.000) 2026-10-04 04:59:33 Image size of job updated: 528532
	517  -  MemoryUsage of job (MB)
	528532  -  ResidentSetSize of job (KB)
...
006 (78854907.047.000) 2026-10-04 05:04:33 Image size of job updated: 528540
	517  -  MemoryUsage of job (MB)
	528540  -  ResidentSetSize of job (KB)
...
006 (78854907.047.000) 2026-10-04 05:09:34 Image size of job updated: 529568
	518  -  MemoryUsage of job (MB)
	529568  -  ResidentSetSize of job (KB)
...
006 (78854907.047.000) 2026-10-04 05:14:34 Image size of job updated: 529572
	518  -  MemoryUsage of job (MB)
	529572  -  ResidentSetSize of job (KB)
...
006 (78854907.047.000) 2026-10-04 05:19:34 Image size of job updated: 530600
	519  -  MemoryUsage of job (MB)
	530600  -  ResidentSetSize of job (KB)
...
006 (78854907.047.000) 2026-10-04 05:24:35 Image size of job updated: 530608
	519  -  MemoryUsage of job (MB)
	530608  -  ResidentSetSize of job (KB)
...
006 (78854907.047.000) 2026-10-04 05:29:36 Image size of job updated: 531632
	520  -  MemoryUsage of job (MB)
	531632  -  ResidentSetSize of job (KB)
...
006 (78854907.047.000) 2026-10-04 05:34:36 Image size of job updated: 531640
	520  -  MemoryUsage of job (MB)
	531640  -  ResidentSetSize of job (KB)
...
006 (78854907.047.000) 2026-10-04 05:39:37 Image size of job updated: 534716
	523  -  MemoryUsage of job (MB)
	534716  -  ResidentSetSize of job (KB)
...
006 (78854907.047.000) 2026-10-04 05:44:38 Image size of job updated: 534720
	523  -  MemoryUsage of job (MB)
	534720  -  ResidentSetSize of job (KB)
...
006 (78854907.047.000) 2026-10-04 05:49:38 Image size of job updated: 534728
	523  -  MemoryUsage of job (MB)
	534728  -  ResidentSetSize of job (KB)
...
006 (78854907.047.000) 2026-10-04 05:54:39 Image size of job updated: 534732
	523  -  MemoryUsage of job (MB)
	534732  -  ResidentSetSize of job (KB)
...
006 (78854907.047.000) 2026-10-04 05:59:40 Image size of job updated: 534736
	523  -  MemoryUsage of job (MB)
	534736  -  ResidentSetSize of job (KB)
...
006 (78854907.047.000) 2026-10-04 06:04:40 Image size of job updated: 534740
	523  -  MemoryUsage of job (MB)
	534740  -  ResidentSetSize of job (KB)
...
006 (78854907.047.000) 2026-10-04 06:09:41 Image size of job updated: 534744
	523  -  MemoryUsage of job (MB)
	534744  -  ResidentSetSize of job (KB)
...
006 (78854907.047.000) 2026-10-04 06:14:42 Image size of job updated: 535776
	524  -  MemoryUsage of job (MB)
	535776  -  ResidentSetSize of job (KB)
...
006 (78854907.047.000) 2026-10-04 06:19:42 Image size of job updated: 535780
	524  -  MemoryUsage of job (MB)
	535780  -  ResidentSetSize of job (KB)
...
006 (78854907.047.000) 2026-10-04 06:24:43 Image size of job updated: 540668
	528  -  MemoryUsage of job (MB)
	540668  -  ResidentSetSize of job (KB)
...
006 (78854907.047.000) 2026-10-04 06:34:44 Image size of job updated: 541696
	529  -  MemoryUsage of job (MB)
	541696  -  ResidentSetSize of job (KB)
...
006 (78854907.047.000) 2026-10-04 06:39:44 Image size of job updated: 541700
	530  -  MemoryUsage of job (MB)
	541700  -  ResidentSetSize of job (KB)
...
006 (78854907.047.000) 2026-10-04 06:44:45 Image size of job updated: 542724
	530  -  MemoryUsage of job (MB)
	541704  -  ResidentSetSize of job (KB)
...
006 (78854907.047.000) 2026-10-04 06:49:45 Image size of job updated: 542724
	530  -  MemoryUsage of job (MB)
	541708  -  ResidentSetSize of job (KB)
...
006 (78854907.047.000) 2026-10-04 06:54:45 Image size of job updated: 543740
	531  -  MemoryUsage of job (MB)
	543740  -  ResidentSetSize of job (KB)
...
006 (78854907.047.000) 2026-10-04 06:59:46 Image size of job updated: 543760
	532  -  MemoryUsage of job (MB)
	543760  -  ResidentSetSize of job (KB)
...
006 (78854907.047.000) 2026-10-04 07:04:46 Image size of job updated: 543764
	532  -  MemoryUsage of job (MB)
	543764  -  ResidentSetSize of job (KB)
...
006 (78854907.047.000) 2026-10-04 07:09:46 Image size of job updated: 543768
	532  -  MemoryUsage of job (MB)
	543768  -  ResidentSetSize of job (KB)
...
006 (78854907.047.000) 2026-10-04 07:14:47 Image size of job updated: 549328
	535  -  MemoryUsage of job (MB)
	547308  -  ResidentSetSize of job (KB)
...
006 (78854907.047.000) 2026-10-04 07:19:47 Image size of job updated: 549328
	535  -  MemoryUsage of job (MB)
	547312  -  ResidentSetSize of job (KB)
...
006 (78854907.047.000) 2026-10-04 07:24:47 Image size of job updated: 549348
	537  -  MemoryUsage of job (MB)
	549348  -  ResidentSetSize of job (KB)
...
006 (78854907.047.000) 2026-10-04 07:29:48 Image size of job updated: 549352
	537  -  MemoryUsage of job (MB)
	549352  -  ResidentSetSize of job (KB)
...
006 (78854907.047.000) 2026-10-04 07:34:48 Image size of job updated: 549356
	537  -  MemoryUsage of job (MB)
	549356  -  ResidentSetSize of job (KB)
...
006 (78854907.047.000) 2026-10-04 07:39:48 Image size of job updated: 549360
	537  -  MemoryUsage of job (MB)
	549360  -  ResidentSetSize of job (KB)
...
006 (78854907.047.000) 2026-10-04 07:44:49 Image size of job updated: 549804
	537  -  MemoryUsage of job (MB)
	549804  -  ResidentSetSize of job (KB)
...
006 (78854907.047.000) 2026-10-04 07:54:50 Image size of job updated: 553444
	540  -  MemoryUsage of job (MB)
	552440  -  ResidentSetSize of job (KB)
...
006 (78854907.047.000) 2026-10-04 08:04:52 Image size of job updated: 554484
	541  -  MemoryUsage of job (MB)
	553468  -  ResidentSetSize of job (KB)
...
006 (78854907.047.000) 2026-10-04 08:09:52 Image size of job updated: 554484
	541  -  MemoryUsage of job (MB)
	553472  -  ResidentSetSize of job (KB)
...
006 (78854907.047.000) 2026-10-04 08:14:53 Image size of job updated: 554484
	541  -  MemoryUsage of job (MB)
	553476  -  ResidentSetSize of job (KB)
...
006 (78854907.047.000) 2026-10-04 08:24:54 Image size of job updated: 563116
	550  -  MemoryUsage of job (MB)
	563116  -  ResidentSetSize of job (KB)
...
006 (78854907.047.000) 2026-10-04 08:29:55 Image size of job updated: 563120
	550  -  MemoryUsage of job (MB)
	563120  -  ResidentSetSize of job (KB)
...
006 (78854907.047.000) 2026-10-04 08:34:56 Image size of job updated: 564148
	551  -  MemoryUsage of job (MB)
	564148  -  ResidentSetSize of job (KB)
...
006 (78854907.047.000) 2026-10-04 08:39:56 Image size of job updated: 564152
	551  -  MemoryUsage of job (MB)
	564152  -  ResidentSetSize of job (KB)
...
006 (78854907.047.000) 2026-10-04 08:44:57 Image size of job updated: 564588
	552  -  MemoryUsage of job (MB)
	564588  -  ResidentSetSize of job (KB)
...
006 (78854907.047.000) 2026-10-04 08:49:58 Image size of job updated: 565180
	552  -  MemoryUsage of job (MB)
	565180  -  ResidentSetSize of job (KB)
...
006 (78854907.047.000) 2026-10-04 08:54:58 Image size of job updated: 566208
	553  -  MemoryUsage of job (MB)
	566208  -  ResidentSetSize of job (KB)
...
006 (78854907.047.000) 2026-10-04 08:59:59 Image size of job updated: 566212
	553  -  MemoryUsage of job (MB)
	566212  -  ResidentSetSize of job (KB)
...
006 (78854907.047.000) 2026-10-04 09:05:00 Image size of job updated: 569284
	556  -  MemoryUsage of job (MB)
	569284  -  ResidentSetSize of job (KB)
...
006 (78854907.047.000) 2026-10-04 09:10:00 Image size of job updated: 569288
	556  -  MemoryUsage of job (MB)
	569288  -  ResidentSetSize of job (KB)
...
006 (78854907.047.000) 2026-10-04 09:15:01 Image size of job updated: 569292
	556  -  MemoryUsage of job (MB)
	569292  -  ResidentSetSize of job (KB)
...
006 (78854907.047.000) 2026-10-04 09:25:02 Image size of job updated: 569296
	556  -  MemoryUsage of job (MB)
	569296  -  ResidentSetSize of job (KB)
...
006 (78854907.047.000) 2026-10-04 09:30:03 Image size of job updated: 572196
	559  -  MemoryUsage of job (MB)
	572196  -  ResidentSetSize of job (KB)
...
006 (78854907.047.000) 2026-10-04 09:40:04 Image size of job updated: 572200
	559  -  MemoryUsage of job (MB)
	572200  -  ResidentSetSize of job (KB)
...
006 (78854907.047.000) 2026-10-04 09:50:05 Image size of job updated: 572204
	559  -  MemoryUsage of job (MB)
	572204  -  ResidentSetSize of job (KB)
...
006 (78854907.047.000) 2026-10-04 10:00:05 Image size of job updated: 572208
	559  -  MemoryUsage of job (MB)
	572208  -  ResidentSetSize of job (KB)
...
006 (78854907.047.000) 2026-10-04 10:15:06 Image size of job updated: 572212
	559  -  MemoryUsage of job (MB)
	572212  -  ResidentSetSize of job (KB)
...
006 (78854907.047.000) 2026-10-04 10:20:07 Image size of job updated: 573236
	560  -  MemoryUsage of job (MB)
	573236  -  ResidentSetSize of job (KB)
...
006 (78854907.047.000) 2026-10-04 10:30:07 Image size of job updated: 575288
	562  -  MemoryUsage of job (MB)
	575288  -  ResidentSetSize of job (KB)
...
006 (78854907.047.000) 2026-10-04 10:35:08 Image size of job updated: 575292
	562  -  MemoryUsage of job (MB)
	575292  -  ResidentSetSize of job (KB)
...
006 (78854907.047.000) 2026-10-04 10:40:08 Image size of job updated: 576316
	563  -  MemoryUsage of job (MB)
	576316  -  ResidentSetSize of job (KB)
...
006 (78854907.047.000) 2026-10-04 10:45:08 Image size of job updated: 576320
	563  -  MemoryUsage of job (MB)
	576320  -  ResidentSetSize of job (KB)
...
006 (78854907.047.000) 2026-10-04 10:55:09 Image size of job updated: 576324
	563  -  MemoryUsage of job (MB)
	576324  -  ResidentSetSize of job (KB)
...
006 (78854907.047.000) 2026-10-04 11:10:11 Image size of job updated: 577352
	564  -  MemoryUsage of job (MB)
	577352  -  ResidentSetSize of job (KB)
...
006 (78854907.047.000) 2026-10-04 11:15:11 Image size of job updated: 577356
	564  -  MemoryUsage of job (MB)
	577356  -  ResidentSetSize of job (KB)
...
006 (78854907.047.000) 2026-10-04 11:20:12 Image size of job updated: 578380
	565  -  MemoryUsage of job (MB)
	578380  -  ResidentSetSize of job (KB)
...
006 (78854907.047.000) 2026-10-04 11:25:13 Image size of job updated: 578384
	565  -  MemoryUsage of job (MB)
	578384  -  ResidentSetSize of job (KB)
...
006 (78854907.047.000) 2026-10-04 11:35:14 Image size of job updated: 578388
	565  -  MemoryUsage of job (MB)
	578388  -  ResidentSetSize of job (KB)
...
006 (78854907.047.000) 2026-10-04 11:40:15 Image size of job updated: 579412
	566  -  MemoryUsage of job (MB)
	579412  -  ResidentSetSize of job (KB)
...
006 (78854907.047.000) 2026-10-04 11:50:15 Image size of job updated: 579416
	566  -  MemoryUsage of job (MB)
	579416  -  ResidentSetSize of job (KB)
...
006 (78854907.047.000) 2026-10-04 12:20:17 Image size of job updated: 579420
	566  -  MemoryUsage of job (MB)
	579420  -  ResidentSetSize of job (KB)
...
006 (78854907.047.000) 2026-10-04 12:45:20 Image size of job updated: 580444
	567  -  MemoryUsage of job (MB)
	580444  -  ResidentSetSize of job (KB)
...
006 (78854907.047.000) 2026-10-04 12:55:21 Image size of job updated: 580448
	567  -  MemoryUsage of job (MB)
	580448  -  ResidentSetSize of job (KB)
...
006 (78854907.047.000) 2026-10-04 13:05:22 Image size of job updated: 580488
	567  -  MemoryUsage of job (MB)
	580488  -  ResidentSetSize of job (KB)
...
006 (78854907.047.000) 2026-10-04 13:15:24 Image size of job updated: 581472
	568  -  MemoryUsage of job (MB)
	581472  -  ResidentSetSize of job (KB)
...
006 (78854907.047.000) 2026-10-04 13:20:24 Image size of job updated: 581476
	568  -  MemoryUsage of job (MB)
	581476  -  ResidentSetSize of job (KB)
...
006 (78854907.047.000) 2026-10-04 13:35:26 Image size of job updated: 582504
	569  -  MemoryUsage of job (MB)
	582504  -  ResidentSetSize of job (KB)
...
006 (78854907.047.000) 2026-10-04 13:44:43 Image size of job updated: 582520
	569  -  MemoryUsage of job (MB)
	582504  -  ResidentSetSize of job (KB)
...
004 (78854907.047.000) 2026-10-04 13:44:43 Job was evicted. Code 1023 Subcode 0
	(0) CPU times
		Usr 2 05:19:40, Sys 0 00:03:24  -  Run Remote Usage
		Usr 0 00:00:00, Sys 0 00:00:00  -  Run Local Usage
	0  -  Run Bytes Sent By Job
	0  -  Run Bytes Received By Job
	Reason: via condor_rm (by user pratyusava.baral)
	Partitionable Resources :    Usage  Request Allocated 
	   Cpus                 :     2.92        4         4 
	   Disk (KB)            : 25000       25000     28672 
	   GPUs                 :                           0 
	   Memory (MB)          :   569       15000     15104 
	   TimeExecute (s)      : 57961                       
	   TimeSlotBusy (s)     : 57961                       
...
009 (78854907.047.000) 2026-10-04 13:44:43 Job was aborted.
	via condor_rm (by user pratyusava.baral)
...
000 (78855136.047.000) 2026-10-04 13:45:07 Job submitted from host: <10.14.0.121:9618?addrs=10.14.0.121-9618&alias=ldas-pcdev12.ligo.caltech.edu&noUDP&sock=schedd_623140_c9b4>
...
001 (78855136.047.000) 2026-10-04 13:49:18 Job executing on host: <10.14.8.214:9618?addrs=10.14.8.214-9618&alias=node1964.cluster.ldas.cit&noUDP&sock=startd_35431_4c25>
	SlotName: slot1_1@node1964.cluster.ldas.cit
	CondorScratchDir = "/var/lib/condor/execute/dir_347091/scratch"
	Cpus = 4
	Disk = 28672
	GPUs = 0
	Memory = 15104
...
006 (78855136.047.000) 2026-10-04 13:49:26 Image size of job updated: 110196
	108  -  MemoryUsage of job (MB)
	110196  -  ResidentSetSize of job (KB)
...
006 (78855136.047.000) 2026-10-04 13:54:26 Image size of job updated: 315468
	309  -  MemoryUsage of job (MB)
	315468  -  ResidentSetSize of job (KB)
...
006 (78855136.047.000) 2026-10-04 13:59:27 Image size of job updated: 453220
	443  -  MemoryUsage of job (MB)
	453220  -  ResidentSetSize of job (KB)
...
006 (78855136.047.000) 2026-10-04 14:04:28 Image size of job updated: 473432
	463  -  MemoryUsage of job (MB)
	473432  -  ResidentSetSize of job (KB)
...
006 (78855136.047.000) 2026-10-04 14:09:28 Image size of job updated: 504060
	493  -  MemoryUsage of job (MB)
	504060  -  ResidentSetSize of job (KB)
...
006 (78855136.047.000) 2026-10-04 14:14:28 Image size of job updated: 504168
	493  -  MemoryUsage of job (MB)
	504168  -  ResidentSetSize of job (KB)
...
006 (78855136.047.000) 2026-10-04 14:19:29 Image size of job updated: 535312
	513  -  MemoryUsage of job (MB)
	525056  -  ResidentSetSize of job (KB)
...
006 (78855136.047.000) 2026-10-04 14:24:29 Image size of job updated: 535312
	514  -  MemoryUsage of job (MB)
	525344  -  ResidentSetSize of job (KB)
...
006 (78855136.047.000) 2026-10-04 14:29:29 Image size of job updated: 545496
	533  -  MemoryUsage of job (MB)
	545496  -  ResidentSetSize of job (KB)
...
006 (78855136.047.000) 2026-10-04 14:34:30 Image size of job updated: 545676
	533  -  MemoryUsage of job (MB)
	545676  -  ResidentSetSize of job (KB)
...
006 (78855136.047.000) 2026-10-04 14:39:31 Image size of job updated: 564812
	549  -  MemoryUsage of job (MB)
	562072  -  ResidentSetSize of job (KB)
...
006 (78855136.047.000) 2026-10-04 14:44:31 Image size of job updated: 564812
	549  -  MemoryUsage of job (MB)
	562172  -  ResidentSetSize of job (KB)
...
006 (78855136.047.000) 2026-10-04 14:49:32 Image size of job updated: 567024
	551  -  MemoryUsage of job (MB)
	564180  -  ResidentSetSize of job (KB)
...
006 (78855136.047.000) 2026-10-04 14:54:33 Image size of job updated: 567024
	552  -  MemoryUsage of job (MB)
	564236  -  ResidentSetSize of job (KB)
...
006 (78855136.047.000) 2026-10-04 15:09:35 Image size of job updated: 569700
	555  -  MemoryUsage of job (MB)
	567672  -  ResidentSetSize of job (KB)
...
006 (78855136.047.000) 2026-10-04 15:14:35 Image size of job updated: 569700
	555  -  MemoryUsage of job (MB)
	567712  -  ResidentSetSize of job (KB)
...
006 (78855136.047.000) 2026-10-04 15:19:36 Image size of job updated: 570728
	557  -  MemoryUsage of job (MB)
	570328  -  ResidentSetSize of job (KB)
...
006 (78855136.047.000) 2026-10-04 15:24:37 Image size of job updated: 570728
	557  -  MemoryUsage of job (MB)
	570336  -  ResidentSetSize of job (KB)
...
006 (78855136.047.000) 2026-10-04 15:29:37 Image size of job updated: 579584
	566  -  MemoryUsage of job (MB)
	579584  -  ResidentSetSize of job (KB)
...
006 (78855136.047.000) 2026-10-04 15:34:37 Image size of job updated: 579604
	567  -  MemoryUsage of job (MB)
	579604  -  ResidentSetSize of job (KB)
...
006 (78855136.047.000) 2026-10-04 15:39:38 Image size of job updated: 583328
	569  -  MemoryUsage of job (MB)
	582388  -  ResidentSetSize of job (KB)
...
006 (78855136.047.000) 2026-10-04 15:44:38 Image size of job updated: 583328
	569  -  MemoryUsage of job (MB)
	582392  -  ResidentSetSize of job (KB)
...
006 (78855136.047.000) 2026-10-04 15:49:38 Image size of job updated: 585120
	572  -  MemoryUsage of job (MB)
	585120  -  ResidentSetSize of job (KB)
...
006 (78855136.047.000) 2026-10-04 15:54:39 Image size of job updated: 585156
	572  -  MemoryUsage of job (MB)
	585156  -  ResidentSetSize of job (KB)
...
006 (78855136.047.000) 2026-10-04 15:59:39 Image size of job updated: 586756
	574  -  MemoryUsage of job (MB)
	586756  -  ResidentSetSize of job (KB)
...
006 (78855136.047.000) 2026-10-04 16:09:20 Image size of job updated: 586776
	574  -  MemoryUsage of job (MB)
	586776  -  ResidentSetSize of job (KB)
...
006 (78855136.047.000) 2026-10-04 16:23:24 Image size of job updated: 590680
	576  -  MemoryUsage of job (MB)
	589560  -  ResidentSetSize of job (KB)
...
006 (78855136.047.000) 2026-10-04 16:34:39 Image size of job updated: 590760
	577  -  MemoryUsage of job (MB)
	590760  -  ResidentSetSize of job (KB)
...
006 (78855136.047.000) 2026-10-04 16:41:24 Image size of job updated: 591336
	578  -  MemoryUsage of job (MB)
	591336  -  ResidentSetSize of job (KB)
...
006 (78855136.047.000) 2026-10-04 16:46:25 Image size of job updated: 591344
	578  -  MemoryUsage of job (MB)
	591344  -  ResidentSetSize of job (KB)
...
006 (78855136.047.000) 2026-10-04 16:51:25 Image size of job updated: 597572
	583  -  MemoryUsage of job (MB)
	596584  -  ResidentSetSize of job (KB)
...
006 (78855136.047.000) 2026-10-04 16:56:25 Image size of job updated: 597572
	583  -  MemoryUsage of job (MB)
	596588  -  ResidentSetSize of job (KB)
...
006 (78855136.047.000) 2026-10-04 17:01:26 Image size of job updated: 597612
	584  -  MemoryUsage of job (MB)
	597076  -  ResidentSetSize of job (KB)
...
006 (78855136.047.000) 2026-10-04 17:11:26 Image size of job updated: 598648
	584  -  MemoryUsage of job (MB)
	597640  -  ResidentSetSize of job (KB)
...
006 (78855136.047.000) 2026-10-04 17:16:27 Image size of job updated: 598648
	584  -  MemoryUsage of job (MB)
	597668  -  ResidentSetSize of job (KB)
...
006 (78855136.047.000) 2026-10-04 17:21:28 Image size of job updated: 599672
	585  -  MemoryUsage of job (MB)
	598656  -  ResidentSetSize of job (KB)
...
006 (78855136.047.000) 2026-10-04 17:26:28 Image size of job updated: 599672
	585  -  MemoryUsage of job (MB)
	598712  -  ResidentSetSize of job (KB)
...
006 (78855136.047.000) 2026-10-04 17:31:29 Image size of job updated: 599672
	585  -  MemoryUsage of job (MB)
	598752  -  ResidentSetSize of job (KB)
...
006 (78855136.047.000) 2026-10-04 17:46:31 Image size of job updated: 599724
	586  -  MemoryUsage of job (MB)
	599724  -  ResidentSetSize of job (KB)
...
006 (78855136.047.000) 2026-10-04 17:51:32 Image size of job updated: 599748
	586  -  MemoryUsage of job (MB)
	599748  -  ResidentSetSize of job (KB)
...
006 (78855136.047.000) 2026-10-04 18:16:35 Image size of job updated: 606736
	592  -  MemoryUsage of job (MB)
	605712  -  ResidentSetSize of job (KB)
...
006 (78855136.047.000) 2026-10-04 18:21:36 Image size of job updated: 606736
	592  -  MemoryUsage of job (MB)
	605716  -  ResidentSetSize of job (KB)
...
006 (78855136.047.000) 2026-10-04 18:26:36 Image size of job updated: 606960
	593  -  MemoryUsage of job (MB)
	606708  -  ResidentSetSize of job (KB)
...
006 (78855136.047.000) 2026-10-04 18:31:36 Image size of job updated: 606960
	593  -  MemoryUsage of job (MB)
	606768  -  ResidentSetSize of job (KB)
...
006 (78855136.047.000) 2026-10-04 18:36:37 Image size of job updated: 607776
	593  -  MemoryUsage of job (MB)
	606768  -  ResidentSetSize of job (KB)
...
006 (78855136.047.000) 2026-10-04 18:46:37 Image size of job updated: 607776
	593  -  MemoryUsage of job (MB)
	607044  -  ResidentSetSize of job (KB)
...
006 (78855136.047.000) 2026-10-04 19:06:39 Image size of job updated: 609184
	594  -  MemoryUsage of job (MB)
	608176  -  ResidentSetSize of job (KB)
...
006 (78855136.047.000) 2026-10-04 19:11:40 Image size of job updated: 609184
	594  -  MemoryUsage of job (MB)
	608196  -  ResidentSetSize of job (KB)
...
006 (78855136.047.000) 2026-10-04 19:16:40 Image size of job updated: 609788
	595  -  MemoryUsage of job (MB)
	608776  -  ResidentSetSize of job (KB)
...
006 (78855136.047.000) 2026-10-04 19:22:16 Image size of job updated: 610876
	595  -  MemoryUsage of job (MB)
	608776  -  ResidentSetSize of job (KB)
...
005 (78855136.047.000) 2026-10-04 19:22:16 Job terminated.
	(1) Normal termination (return value 0)
		Usr 0 19:53:10, Sys 0 00:01:14  -  Run Remote Usage
		Usr 0 00:00:00, Sys 0 00:00:00  -  Run Local Usage
		Usr 0 19:53:10, Sys 0 00:01:14  -  Total Remote Usage
		Usr 0 00:00:00, Sys 0 00:00:00  -  Total Local Usage
	0  -  Run Bytes Sent By Job
	0  -  Run Bytes Received By Job
	0  -  Total Bytes Sent By Job
	0  -  Total Bytes Received By Job
	Partitionable Resources :    Usage  Request Allocated 
	   Cpus                 :     3.70        4         4 
	   Disk (KB)            : 25000       25000     28672 
	   GPUs                 :                           0 
	   Memory (MB)          :   595       15000     15104 
	   TimeExecute (s)      : 19978                       
	   TimeSlotBusy (s)     : 19979                       
...
