13:49 bilby INFO    : Waveform generator initiated with
  frequency_domain_source_model: bilby.gw.source.lal_binary_black_hole_individual_modes
  time_domain_source_model: None
  parameter_conversion: bilby.gw.conversion.convert_to_lal_binary_black_hole_parameters
/home/pratyusava.baral/Modified_Dispersion/src/bilby-x-g/bilby/gw/detector/interferometer.py:511: RuntimeWarning: divide by zero encountered in scalar power
  lambda_A = h * np.abs(A) ** (1/(a-2))
13:49 bilby INFO    : No prior given, using default BNS priors in /home/pratyusava.baral/Modified_Dispersion/src/bilby-x-g/bilby/gw/prior_files/aligned_spins_bns_tides_on.prior.
13:49 bilby INFO    : Running for label 'None', output will be saved to 'results/48'
13:49 bilby INFO    : Performing redundancy check using BBHPriorDict(self).test_redundancy
13:49 bilby INFO    : Performing redundancy check using BBHPriorDict(self).test_redundancy
13:49 bilby INFO    : Performing redundancy check using BBHPriorDict(self).test_redundancy
13:49 bilby INFO    : Performing redundancy check using BBHPriorDict(self).test_redundancy
13:49 bilby INFO    : Performing redundancy check using BBHPriorDict(self).test_redundancy
13:49 bilby INFO    : Performing redundancy check using BBHPriorDict(self).test_redundancy
13:49 bilby INFO    : Performing redundancy check using BBHPriorDict(self).test_redundancy
13:49 bilby INFO    : Performing redundancy check using BBHPriorDict(self).test_redundancy
13:49 bilby INFO    : Performing redundancy check using BBHPriorDict(self).test_redundancy
13:49 bilby INFO    : Performing redundancy check using BBHPriorDict(self).test_redundancy
13:49 bilby INFO    : Performing redundancy check using BBHPriorDict(self).test_redundancy
13:49 bilby INFO    : Performing redundancy check using BBHPriorDict(self).test_redundancy
13:49 bilby INFO    : Performing redundancy check using BBHPriorDict(self).test_redundancy
13:49 bilby INFO    : Performing redundancy check using BBHPriorDict(self).test_redundancy
13:49 bilby INFO    : Using lal version 7.7.1
13:49 bilby INFO    : Using lal git version Branch: None;Tag: lalsuite-v7.26.15;Id: 2c00d8c200308422036d0a23b7c0394f7c73faad;;Builder: Unknown User <>;Repository status: CLEAN: All modifications committed
13:49 bilby INFO    : Using lalsimulation version 6.2.1
13:49 bilby INFO    : Using lalsimulation git version Branch: None;Tag: lalsuite-v7.26.15;Id: 2c00d8c200308422036d0a23b7c0394f7c73faad;;Builder: Unknown User <>;Repository status: CLEAN: All modifications committed

[notice] A new release of pip is available: 24.0 -> 26.2.1
[notice] To update, run: /scratch/pratyusava.baral/Modified_Dispersion/src/dispersion/bin/python -m pip install --upgrade pip
13:49 bilby INFO    : Analysis priors:
13:49 bilby INFO    : mass_ratio=Uniform(minimum=0.2924246280668139, maximum=0.892424628066814, name='mass_ratio', latex_label='$q$', unit=None, boundary=None)
13:49 bilby INFO    : chirp_mass=Uniform(minimum=23.81846865452789, maximum=23.878468654527893, name='chirp_mass', latex_label='$\\mathcal{M}$', unit=None, boundary=None)
13:49 bilby INFO    : luminosity_distance=Uniform(minimum=251.1647559465215, maximum=341.1647559465215, name='luminosity_distance', latex_label='$d_L$', unit=None, boundary=None)
13:49 bilby INFO    : dec=Cosine(minimum=-1.5707963267948966, maximum=1.5707963267948966, name='dec', latex_label='$\\mathrm{DEC}$', unit=None, boundary=None)
13:49 bilby INFO    : ra=Uniform(minimum=0, maximum=6.283185307179586, name='ra', latex_label='$\\mathrm{RA}$', unit=None, boundary='periodic')
13:49 bilby INFO    : theta_jn=Sine(minimum=0, maximum=3.141592653589793, name='theta_jn', latex_label='$\\theta_{JN}$', unit=None, boundary=None)
13:49 bilby INFO    : psi=Uniform(minimum=0, maximum=3.141592653589793, name='psi', latex_label='$\\psi$', unit=None, boundary='periodic')
13:49 bilby INFO    : phase=Uniform(minimum=0, maximum=6.283185307179586, name='phase', latex_label='$\\phi$', unit=None, boundary='periodic')
13:49 bilby INFO    : chi_1=bilby.gw.prior.AlignedSpin(a_prior=Uniform(minimum=0, maximum=0.99, name=None, latex_label=None, unit=None, boundary=None), z_prior=Uniform(minimum=-1, maximum=1, name=None, latex_label=None, unit=None, boundary=None), name='chi_1', latex_label='$\\chi_1$', unit=None, boundary=None, minimum=-0.99, maximum=0.99)
13:49 bilby INFO    : chi_2=bilby.gw.prior.AlignedSpin(a_prior=Uniform(minimum=0, maximum=0.99, name=None, latex_label=None, unit=None, boundary=None), z_prior=Uniform(minimum=-1, maximum=1, name=None, latex_label=None, unit=None, boundary=None), name='chi_2', latex_label='$\\chi_2$', unit=None, boundary=None, minimum=-0.99, maximum=0.99)
13:49 bilby INFO    : A=SymmetricLogUniform(minimum=1e-05, maximum=0.1, name='A', latex_label='A', unit=None, boundary=None)
13:49 bilby INFO    : CE_time=Uniform(minimum=1922928848.3827243, maximum=1922928848.3847241, name='CE_time', latex_label='$t_{CE}$', unit='$s$', boundary=None)
13:49 bilby INFO    : a=0
13:49 bilby INFO    : fiducial=0
13:49 bilby INFO    : Analysis likelihood class: <class 'bilby.gw.likelihood.relative.RelativeBinningGravitationalWaveTransientNextGenerationModebyMode'>
13:49 bilby INFO    : Analysis likelihood noise evidence: -247945.57559522512
13:49 bilby INFO    : Single likelihood evaluation took 1.365e-02 s
13:49 bilby INFO    : Using sampler Dynesty with kwargs {'nlive': 500, 'bound': 'live', 'sample': 'acceptance-walk', 'periodic': None, 'reflective': None, 'update_interval': 600, 'first_update': None, 'npdim': None, 'rstate': None, 'queue_size': 4, 'pool': None, 'use_pool': None, 'live_points': None, 'logl_args': None, 'logl_kwargs': None, 'ptform_args': None, 'ptform_kwargs': None, 'gradient': None, 'grad_args': None, 'grad_kwargs': None, 'compute_jac': False, 'enlarge': None, 'bootstrap': None, 'walks': 100, 'facc': 0.2, 'slices': None, 'fmove': 0.9, 'max_move': 100, 'update_func': None, 'ncdim': None, 'blob': False, 'save_history': False, 'history_filename': None, 'maxiter': None, 'maxcall': None, 'dlogz': 0.01, 'logl_max': inf, 'n_effective': None, 'add_live': True, 'print_progress': True, 'print_func': <bound method Dynesty._print_func of <bilby.core.sampler.dynesty.Dynesty object at 0x1475d6ae6110>>, 'save_bounds': False, 'checkpoint_file': None, 'checkpoint_every': 60, 'resume': False, 'seed': None}
13:49 bilby INFO    : Checkpoint every check_point_delta_t = 600s
13:49 bilby INFO    : Using dynesty version 2.1.5
13:49 bilby INFO    : Using the bilby-implemented acceptance-walk sampling with an average of 16.0 accepted steps per MCMC and maximum length 5000
13:49 bilby INFO    : Setting up multiproccesing pool with 4 processes
13:49 bilby INFO    : Reading resume file results/48/None_resume.pickle
13:49 bilby INFO    : Resume file successfully loaded.
13:55 bilby INFO    : Written checkpoint file results/48/None_resume.pickle
/scratch/pratyusava.baral/Modified_Dispersion/src/dispersion/lib/python3.11/site-packages/dynesty/plotting.py:786: UserWarning: Attempting to set identical low and high ylims makes transformation singular; automatically expanding.
  ax.set_ylim([0., max(y0) * 1.05])
/scratch/pratyusava.baral/Modified_Dispersion/src/dispersion/lib/python3.11/site-packages/dynesty/plotting.py:749: UserWarning: Attempting to set identical low and high xlims makes transformation singular; automatically expanding.
  ax.set_xlim(span[i])
/scratch/pratyusava.baral/Modified_Dispersion/src/dispersion/lib/python3.11/site-packages/dynesty/plotting.py:786: UserWarning: Attempting to set identical low and high ylims makes transformation singular; automatically expanding.
  ax.set_ylim([0., max(y0) * 1.05])
/scratch/pratyusava.baral/Modified_Dispersion/src/dispersion/lib/python3.11/site-packages/dynesty/plotting.py:252: RuntimeWarning: overflow encountered in exp
  np.exp(logwt), logz if logplot else np.exp(logz)
/scratch/pratyusava.baral/Modified_Dispersion/src/dispersion/lib/python3.11/site-packages/dynesty/plotting.py:282: RuntimeWarning: overflow encountered in exp
  zspan = (0., 1.05 * np.exp(logz[-1] + 3. * logzerr[-1]))
13:55 bilby WARNING : Axis limits cannot be NaN or Inf
13:55 bilby WARNING : Failed to create dynesty run plot at checkpoint
14:05 bilby INFO    : Written checkpoint file results/48/None_resume.pickle
/scratch/pratyusava.baral/Modified_Dispersion/src/dispersion/lib/python3.11/site-packages/dynesty/plotting.py:786: UserWarning: Attempting to set identical low and high ylims makes transformation singular; automatically expanding.
  ax.set_ylim([0., max(y0) * 1.05])
/scratch/pratyusava.baral/Modified_Dispersion/src/dispersion/lib/python3.11/site-packages/dynesty/plotting.py:749: UserWarning: Attempting to set identical low and high xlims makes transformation singular; automatically expanding.
  ax.set_xlim(span[i])
/scratch/pratyusava.baral/Modified_Dispersion/src/dispersion/lib/python3.11/site-packages/dynesty/plotting.py:786: UserWarning: Attempting to set identical low and high ylims makes transformation singular; automatically expanding.
  ax.set_ylim([0., max(y0) * 1.05])
/scratch/pratyusava.baral/Modified_Dispersion/src/dispersion/lib/python3.11/site-packages/dynesty/plotting.py:252: RuntimeWarning: overflow encountered in exp
  np.exp(logwt), logz if logplot else np.exp(logz)
/scratch/pratyusava.baral/Modified_Dispersion/src/dispersion/lib/python3.11/site-packages/dynesty/plotting.py:282: RuntimeWarning: overflow encountered in exp
  zspan = (0., 1.05 * np.exp(logz[-1] + 3. * logzerr[-1]))
14:05 bilby WARNING : Axis limits cannot be NaN or Inf
14:05 bilby WARNING : Failed to create dynesty run plot at checkpoint
14:15 bilby INFO    : Written checkpoint file results/48/None_resume.pickle
/scratch/pratyusava.baral/Modified_Dispersion/src/dispersion/lib/python3.11/site-packages/dynesty/plotting.py:786: UserWarning: Attempting to set identical low and high ylims makes transformation singular; automatically expanding.
  ax.set_ylim([0., max(y0) * 1.05])
/scratch/pratyusava.baral/Modified_Dispersion/src/dispersion/lib/python3.11/site-packages/dynesty/plotting.py:749: UserWarning: Attempting to set identical low and high xlims makes transformation singular; automatically expanding.
  ax.set_xlim(span[i])
/scratch/pratyusava.baral/Modified_Dispersion/src/dispersion/lib/python3.11/site-packages/dynesty/plotting.py:786: UserWarning: Attempting to set identical low and high ylims makes transformation singular; automatically expanding.
  ax.set_ylim([0., max(y0) * 1.05])
/scratch/pratyusava.baral/Modified_Dispersion/src/dispersion/lib/python3.11/site-packages/dynesty/plotting.py:252: RuntimeWarning: overflow encountered in exp
  np.exp(logwt), logz if logplot else np.exp(logz)
/scratch/pratyusava.baral/Modified_Dispersion/src/dispersion/lib/python3.11/site-packages/dynesty/plotting.py:282: RuntimeWarning: overflow encountered in exp
  zspan = (0., 1.05 * np.exp(logz[-1] + 3. * logzerr[-1]))
14:16 bilby WARNING : Axis limits cannot be NaN or Inf
14:16 bilby WARNING : Failed to create dynesty run plot at checkpoint
14:26 bilby INFO    : Written checkpoint file results/48/None_resume.pickle
14:26 bilby WARNING : The data appears to lie in a lower-dimensional subspace of the space in which it is expressed. This has resulted in a singular data covariance matrix, which cannot be treated using the algorithms implemented in `gaussian_kde`. Consider performing principle component analysis / dimensionality reduction and using `gaussian_kde` with the transformed data.
14:26 bilby WARNING : Failed to create dynesty state plot at checkpoint
14:26 bilby WARNING : The data appears to lie in a lower-dimensional subspace of the space in which it is expressed. This has resulted in a singular data covariance matrix, which cannot be treated using the algorithms implemented in `gaussian_kde`. Consider performing principle component analysis / dimensionality reduction and using `gaussian_kde` with the transformed data.
14:26 bilby WARNING : Failed to create dynesty unit state plot at checkpoint
/scratch/pratyusava.baral/Modified_Dispersion/src/dispersion/lib/python3.11/site-packages/dynesty/plotting.py:252: RuntimeWarning: overflow encountered in exp
  np.exp(logwt), logz if logplot else np.exp(logz)
14:26 bilby WARNING : The data appears to lie in a lower-dimensional subspace of the space in which it is expressed. This has resulted in a singular data covariance matrix, which cannot be treated using the algorithms implemented in `gaussian_kde`. Consider performing principle component analysis / dimensionality reduction and using `gaussian_kde` with the transformed data.
14:26 bilby WARNING : Failed to create dynesty run plot at checkpoint
14:36 bilby INFO    : Written checkpoint file results/48/None_resume.pickle
14:36 bilby WARNING : The data appears to lie in a lower-dimensional subspace of the space in which it is expressed. This has resulted in a singular data covariance matrix, which cannot be treated using the algorithms implemented in `gaussian_kde`. Consider performing principle component analysis / dimensionality reduction and using `gaussian_kde` with the transformed data.
14:36 bilby WARNING : Failed to create dynesty state plot at checkpoint
14:36 bilby WARNING : The data appears to lie in a lower-dimensional subspace of the space in which it is expressed. This has resulted in a singular data covariance matrix, which cannot be treated using the algorithms implemented in `gaussian_kde`. Consider performing principle component analysis / dimensionality reduction and using `gaussian_kde` with the transformed data.
14:36 bilby WARNING : Failed to create dynesty unit state plot at checkpoint
/scratch/pratyusava.baral/Modified_Dispersion/src/dispersion/lib/python3.11/site-packages/dynesty/plotting.py:252: RuntimeWarning: overflow encountered in exp
  np.exp(logwt), logz if logplot else np.exp(logz)
14:36 bilby WARNING : The data appears to lie in a lower-dimensional subspace of the space in which it is expressed. This has resulted in a singular data covariance matrix, which cannot be treated using the algorithms implemented in `gaussian_kde`. Consider performing principle component analysis / dimensionality reduction and using `gaussian_kde` with the transformed data.
14:36 bilby WARNING : Failed to create dynesty run plot at checkpoint
14:47 bilby INFO    : Written checkpoint file results/48/None_resume.pickle
/scratch/pratyusava.baral/Modified_Dispersion/src/dispersion/lib/python3.11/site-packages/dynesty/plotting.py:786: UserWarning: Attempting to set identical low and high ylims makes transformation singular; automatically expanding.
  ax.set_ylim([0., max(y0) * 1.05])
/scratch/pratyusava.baral/Modified_Dispersion/src/dispersion/lib/python3.11/site-packages/dynesty/plotting.py:749: UserWarning: Attempting to set identical low and high xlims makes transformation singular; automatically expanding.
  ax.set_xlim(span[i])
/scratch/pratyusava.baral/Modified_Dispersion/src/dispersion/lib/python3.11/site-packages/dynesty/plotting.py:786: UserWarning: Attempting to set identical low and high ylims makes transformation singular; automatically expanding.
  ax.set_ylim([0., max(y0) * 1.05])
/scratch/pratyusava.baral/Modified_Dispersion/src/dispersion/lib/python3.11/site-packages/dynesty/plotting.py:252: RuntimeWarning: overflow encountered in exp
  np.exp(logwt), logz if logplot else np.exp(logz)
/scratch/pratyusava.baral/Modified_Dispersion/src/dispersion/lib/python3.11/site-packages/dynesty/plotting.py:282: RuntimeWarning: overflow encountered in exp
  zspan = (0., 1.05 * np.exp(logz[-1] + 3. * logzerr[-1]))
14:47 bilby WARNING : Axis limits cannot be NaN or Inf
14:47 bilby WARNING : Failed to create dynesty run plot at checkpoint
14:57 bilby INFO    : Written checkpoint file results/48/None_resume.pickle
/scratch/pratyusava.baral/Modified_Dispersion/src/dispersion/lib/python3.11/site-packages/dynesty/plotting.py:786: UserWarning: Attempting to set identical low and high ylims makes transformation singular; automatically expanding.
  ax.set_ylim([0., max(y0) * 1.05])
/scratch/pratyusava.baral/Modified_Dispersion/src/dispersion/lib/python3.11/site-packages/dynesty/plotting.py:749: UserWarning: Attempting to set identical low and high xlims makes transformation singular; automatically expanding.
  ax.set_xlim(span[i])
/scratch/pratyusava.baral/Modified_Dispersion/src/dispersion/lib/python3.11/site-packages/dynesty/plotting.py:786: UserWarning: Attempting to set identical low and high ylims makes transformation singular; automatically expanding.
  ax.set_ylim([0., max(y0) * 1.05])
/scratch/pratyusava.baral/Modified_Dispersion/src/dispersion/lib/python3.11/site-packages/dynesty/plotting.py:252: RuntimeWarning: overflow encountered in exp
  np.exp(logwt), logz if logplot else np.exp(logz)
/scratch/pratyusava.baral/Modified_Dispersion/src/dispersion/lib/python3.11/site-packages/dynesty/plotting.py:282: RuntimeWarning: overflow encountered in exp
  zspan = (0., 1.05 * np.exp(logz[-1] + 3. * logzerr[-1]))
14:57 bilby WARNING : Axis limits cannot be NaN or Inf
14:57 bilby WARNING : Failed to create dynesty run plot at checkpoint
15:07 bilby INFO    : Written checkpoint file results/48/None_resume.pickle
15:07 bilby WARNING : The data appears to lie in a lower-dimensional subspace of the space in which it is expressed. This has resulted in a singular data covariance matrix, which cannot be treated using the algorithms implemented in `gaussian_kde`. Consider performing principle component analysis / dimensionality reduction and using `gaussian_kde` with the transformed data.
15:07 bilby WARNING : Failed to create dynesty state plot at checkpoint
15:07 bilby WARNING : The data appears to lie in a lower-dimensional subspace of the space in which it is expressed. This has resulted in a singular data covariance matrix, which cannot be treated using the algorithms implemented in `gaussian_kde`. Consider performing principle component analysis / dimensionality reduction and using `gaussian_kde` with the transformed data.
15:07 bilby WARNING : Failed to create dynesty unit state plot at checkpoint
/scratch/pratyusava.baral/Modified_Dispersion/src/dispersion/lib/python3.11/site-packages/dynesty/plotting.py:252: RuntimeWarning: overflow encountered in exp
  np.exp(logwt), logz if logplot else np.exp(logz)
15:07 bilby WARNING : The data appears to lie in a lower-dimensional subspace of the space in which it is expressed. This has resulted in a singular data covariance matrix, which cannot be treated using the algorithms implemented in `gaussian_kde`. Consider performing principle component analysis / dimensionality reduction and using `gaussian_kde` with the transformed data.
15:07 bilby WARNING : Failed to create dynesty run plot at checkpoint
15:17 bilby INFO    : Written checkpoint file results/48/None_resume.pickle
/scratch/pratyusava.baral/Modified_Dispersion/src/dispersion/lib/python3.11/site-packages/dynesty/plotting.py:786: UserWarning: Attempting to set identical low and high ylims makes transformation singular; automatically expanding.
  ax.set_ylim([0., max(y0) * 1.05])
/scratch/pratyusava.baral/Modified_Dispersion/src/dispersion/lib/python3.11/site-packages/dynesty/plotting.py:749: UserWarning: Attempting to set identical low and high xlims makes transformation singular; automatically expanding.
  ax.set_xlim(span[i])
/scratch/pratyusava.baral/Modified_Dispersion/src/dispersion/lib/python3.11/site-packages/dynesty/plotting.py:786: UserWarning: Attempting to set identical low and high ylims makes transformation singular; automatically expanding.
  ax.set_ylim([0., max(y0) * 1.05])
/scratch/pratyusava.baral/Modified_Dispersion/src/dispersion/lib/python3.11/site-packages/dynesty/plotting.py:252: RuntimeWarning: overflow encountered in exp
  np.exp(logwt), logz if logplot else np.exp(logz)
/scratch/pratyusava.baral/Modified_Dispersion/src/dispersion/lib/python3.11/site-packages/dynesty/plotting.py:282: RuntimeWarning: overflow encountered in exp
  zspan = (0., 1.05 * np.exp(logz[-1] + 3. * logzerr[-1]))
15:17 bilby WARNING : Axis limits cannot be NaN or Inf
15:17 bilby WARNING : Failed to create dynesty run plot at checkpoint
15:28 bilby INFO    : Written checkpoint file results/48/None_resume.pickle
15:28 bilby WARNING : The data appears to lie in a lower-dimensional subspace of the space in which it is expressed. This has resulted in a singular data covariance matrix, which cannot be treated using the algorithms implemented in `gaussian_kde`. Consider performing principle component analysis / dimensionality reduction and using `gaussian_kde` with the transformed data.
15:28 bilby WARNING : Failed to create dynesty state plot at checkpoint
15:28 bilby WARNING : The data appears to lie in a lower-dimensional subspace of the space in which it is expressed. This has resulted in a singular data covariance matrix, which cannot be treated using the algorithms implemented in `gaussian_kde`. Consider performing principle component analysis / dimensionality reduction and using `gaussian_kde` with the transformed data.
15:28 bilby WARNING : Failed to create dynesty unit state plot at checkpoint
/scratch/pratyusava.baral/Modified_Dispersion/src/dispersion/lib/python3.11/site-packages/dynesty/plotting.py:252: RuntimeWarning: overflow encountered in exp
  np.exp(logwt), logz if logplot else np.exp(logz)
15:28 bilby WARNING : The data appears to lie in a lower-dimensional subspace of the space in which it is expressed. This has resulted in a singular data covariance matrix, which cannot be treated using the algorithms implemented in `gaussian_kde`. Consider performing principle component analysis / dimensionality reduction and using `gaussian_kde` with the transformed data.
15:28 bilby WARNING : Failed to create dynesty run plot at checkpoint
15:38 bilby INFO    : Written checkpoint file results/48/None_resume.pickle
/scratch/pratyusava.baral/Modified_Dispersion/src/dispersion/lib/python3.11/site-packages/dynesty/plotting.py:786: UserWarning: Attempting to set identical low and high ylims makes transformation singular; automatically expanding.
  ax.set_ylim([0., max(y0) * 1.05])
15:38 bilby WARNING : Too many bins for data range. Cannot create 500 finite-sized bins.
15:38 bilby WARNING : Failed to create dynesty state plot at checkpoint
/scratch/pratyusava.baral/Modified_Dispersion/src/dispersion/lib/python3.11/site-packages/dynesty/plotting.py:786: UserWarning: Attempting to set identical low and high ylims makes transformation singular; automatically expanding.
  ax.set_ylim([0., max(y0) * 1.05])
/scratch/pratyusava.baral/Modified_Dispersion/src/dispersion/lib/python3.11/site-packages/dynesty/plotting.py:252: RuntimeWarning: overflow encountered in exp
  np.exp(logwt), logz if logplot else np.exp(logz)
/scratch/pratyusava.baral/Modified_Dispersion/src/dispersion/lib/python3.11/site-packages/dynesty/plotting.py:282: RuntimeWarning: overflow encountered in exp
  zspan = (0., 1.05 * np.exp(logz[-1] + 3. * logzerr[-1]))
15:38 bilby WARNING : Axis limits cannot be NaN or Inf
15:38 bilby WARNING : Failed to create dynesty run plot at checkpoint
15:48 bilby INFO    : Written checkpoint file results/48/None_resume.pickle
15:48 bilby WARNING : The data appears to lie in a lower-dimensional subspace of the space in which it is expressed. This has resulted in a singular data covariance matrix, which cannot be treated using the algorithms implemented in `gaussian_kde`. Consider performing principle component analysis / dimensionality reduction and using `gaussian_kde` with the transformed data.
15:48 bilby WARNING : Failed to create dynesty state plot at checkpoint
15:48 bilby WARNING : The data appears to lie in a lower-dimensional subspace of the space in which it is expressed. This has resulted in a singular data covariance matrix, which cannot be treated using the algorithms implemented in `gaussian_kde`. Consider performing principle component analysis / dimensionality reduction and using `gaussian_kde` with the transformed data.
15:48 bilby WARNING : Failed to create dynesty unit state plot at checkpoint
/scratch/pratyusava.baral/Modified_Dispersion/src/dispersion/lib/python3.11/site-packages/dynesty/plotting.py:252: RuntimeWarning: overflow encountered in exp
  np.exp(logwt), logz if logplot else np.exp(logz)
15:48 bilby WARNING : The data appears to lie in a lower-dimensional subspace of the space in which it is expressed. This has resulted in a singular data covariance matrix, which cannot be treated using the algorithms implemented in `gaussian_kde`. Consider performing principle component analysis / dimensionality reduction and using `gaussian_kde` with the transformed data.
15:48 bilby WARNING : Failed to create dynesty run plot at checkpoint
15:58 bilby INFO    : Written checkpoint file results/48/None_resume.pickle
/scratch/pratyusava.baral/Modified_Dispersion/src/dispersion/lib/python3.11/site-packages/dynesty/plotting.py:786: UserWarning: Attempting to set identical low and high ylims makes transformation singular; automatically expanding.
  ax.set_ylim([0., max(y0) * 1.05])
15:58 bilby WARNING : Too many bins for data range. Cannot create 500 finite-sized bins.
15:58 bilby WARNING : Failed to create dynesty state plot at checkpoint
/scratch/pratyusava.baral/Modified_Dispersion/src/dispersion/lib/python3.11/site-packages/dynesty/plotting.py:786: UserWarning: Attempting to set identical low and high ylims makes transformation singular; automatically expanding.
  ax.set_ylim([0., max(y0) * 1.05])
/scratch/pratyusava.baral/Modified_Dispersion/src/dispersion/lib/python3.11/site-packages/dynesty/plotting.py:252: RuntimeWarning: overflow encountered in exp
  np.exp(logwt), logz if logplot else np.exp(logz)
/scratch/pratyusava.baral/Modified_Dispersion/src/dispersion/lib/python3.11/site-packages/dynesty/plotting.py:282: RuntimeWarning: overflow encountered in exp
  zspan = (0., 1.05 * np.exp(logz[-1] + 3. * logzerr[-1]))
15:58 bilby WARNING : Axis limits cannot be NaN or Inf
15:58 bilby WARNING : Failed to create dynesty run plot at checkpoint
16:09 bilby INFO    : Written checkpoint file results/48/None_resume.pickle
/scratch/pratyusava.baral/Modified_Dispersion/src/dispersion/lib/python3.11/site-packages/dynesty/plotting.py:786: UserWarning: Attempting to set identical low and high ylims makes transformation singular; automatically expanding.
  ax.set_ylim([0., max(y0) * 1.05])
16:09 bilby WARNING : Too many bins for data range. Cannot create 500 finite-sized bins.
16:09 bilby WARNING : Failed to create dynesty state plot at checkpoint
/scratch/pratyusava.baral/Modified_Dispersion/src/dispersion/lib/python3.11/site-packages/dynesty/plotting.py:786: UserWarning: Attempting to set identical low and high ylims makes transformation singular; automatically expanding.
  ax.set_ylim([0., max(y0) * 1.05])
/scratch/pratyusava.baral/Modified_Dispersion/src/dispersion/lib/python3.11/site-packages/dynesty/plotting.py:252: RuntimeWarning: overflow encountered in exp
  np.exp(logwt), logz if logplot else np.exp(logz)
/scratch/pratyusava.baral/Modified_Dispersion/src/dispersion/lib/python3.11/site-packages/dynesty/plotting.py:282: RuntimeWarning: overflow encountered in exp
  zspan = (0., 1.05 * np.exp(logz[-1] + 3. * logzerr[-1]))
16:09 bilby WARNING : Axis limits cannot be NaN or Inf
16:09 bilby WARNING : Failed to create dynesty run plot at checkpoint
16:19 bilby INFO    : Written checkpoint file results/48/None_resume.pickle
/scratch/pratyusava.baral/Modified_Dispersion/src/dispersion/lib/python3.11/site-packages/dynesty/plotting.py:786: UserWarning: Attempting to set identical low and high ylims makes transformation singular; automatically expanding.
  ax.set_ylim([0., max(y0) * 1.05])
/scratch/pratyusava.baral/Modified_Dispersion/src/dispersion/lib/python3.11/site-packages/dynesty/plotting.py:749: UserWarning: Attempting to set identical low and high xlims makes transformation singular; automatically expanding.
  ax.set_xlim(span[i])
/scratch/pratyusava.baral/Modified_Dispersion/src/dispersion/lib/python3.11/site-packages/dynesty/plotting.py:786: UserWarning: Attempting to set identical low and high ylims makes transformation singular; automatically expanding.
  ax.set_ylim([0., max(y0) * 1.05])
/scratch/pratyusava.baral/Modified_Dispersion/src/dispersion/lib/python3.11/site-packages/dynesty/plotting.py:252: RuntimeWarning: overflow encountered in exp
  np.exp(logwt), logz if logplot else np.exp(logz)
/scratch/pratyusava.baral/Modified_Dispersion/src/dispersion/lib/python3.11/site-packages/dynesty/plotting.py:282: RuntimeWarning: overflow encountered in exp
  zspan = (0., 1.05 * np.exp(logz[-1] + 3. * logzerr[-1]))
16:19 bilby WARNING : Axis limits cannot be NaN or Inf
16:19 bilby WARNING : Failed to create dynesty run plot at checkpoint
16:29 bilby INFO    : Written checkpoint file results/48/None_resume.pickle
/scratch/pratyusava.baral/Modified_Dispersion/src/dispersion/lib/python3.11/site-packages/dynesty/plotting.py:786: UserWarning: Attempting to set identical low and high ylims makes transformation singular; automatically expanding.
  ax.set_ylim([0., max(y0) * 1.05])
16:29 bilby WARNING : Too many bins for data range. Cannot create 500 finite-sized bins.
16:29 bilby WARNING : Failed to create dynesty state plot at checkpoint
/scratch/pratyusava.baral/Modified_Dispersion/src/dispersion/lib/python3.11/site-packages/dynesty/plotting.py:786: UserWarning: Attempting to set identical low and high ylims makes transformation singular; automatically expanding.
  ax.set_ylim([0., max(y0) * 1.05])
/scratch/pratyusava.baral/Modified_Dispersion/src/dispersion/lib/python3.11/site-packages/dynesty/plotting.py:252: RuntimeWarning: overflow encountered in exp
  np.exp(logwt), logz if logplot else np.exp(logz)
/scratch/pratyusava.baral/Modified_Dispersion/src/dispersion/lib/python3.11/site-packages/dynesty/plotting.py:282: RuntimeWarning: overflow encountered in exp
  zspan = (0., 1.05 * np.exp(logz[-1] + 3. * logzerr[-1]))
16:29 bilby WARNING : Axis limits cannot be NaN or Inf
16:29 bilby WARNING : Failed to create dynesty run plot at checkpoint
16:40 bilby INFO    : Written checkpoint file results/48/None_resume.pickle
16:40 bilby WARNING : The data appears to lie in a lower-dimensional subspace of the space in which it is expressed. This has resulted in a singular data covariance matrix, which cannot be treated using the algorithms implemented in `gaussian_kde`. Consider performing principle component analysis / dimensionality reduction and using `gaussian_kde` with the transformed data.
16:40 bilby WARNING : Failed to create dynesty state plot at checkpoint
16:40 bilby WARNING : The data appears to lie in a lower-dimensional subspace of the space in which it is expressed. This has resulted in a singular data covariance matrix, which cannot be treated using the algorithms implemented in `gaussian_kde`. Consider performing principle component analysis / dimensionality reduction and using `gaussian_kde` with the transformed data.
16:40 bilby WARNING : Failed to create dynesty unit state plot at checkpoint
/scratch/pratyusava.baral/Modified_Dispersion/src/dispersion/lib/python3.11/site-packages/dynesty/plotting.py:252: RuntimeWarning: overflow encountered in exp
  np.exp(logwt), logz if logplot else np.exp(logz)
16:40 bilby WARNING : The data appears to lie in a lower-dimensional subspace of the space in which it is expressed. This has resulted in a singular data covariance matrix, which cannot be treated using the algorithms implemented in `gaussian_kde`. Consider performing principle component analysis / dimensionality reduction and using `gaussian_kde` with the transformed data.
16:40 bilby WARNING : Failed to create dynesty run plot at checkpoint
16:50 bilby INFO    : Written checkpoint file results/48/None_resume.pickle
16:50 bilby WARNING : Too many bins for data range. Cannot create 500 finite-sized bins.
16:50 bilby WARNING : Failed to create dynesty state plot at checkpoint
/scratch/pratyusava.baral/Modified_Dispersion/src/dispersion/lib/python3.11/site-packages/dynesty/plotting.py:252: RuntimeWarning: overflow encountered in exp
  np.exp(logwt), logz if logplot else np.exp(logz)
/scratch/pratyusava.baral/Modified_Dispersion/src/dispersion/lib/python3.11/site-packages/dynesty/plotting.py:282: RuntimeWarning: overflow encountered in exp
  zspan = (0., 1.05 * np.exp(logz[-1] + 3. * logzerr[-1]))
16:50 bilby WARNING : Axis limits cannot be NaN or Inf
16:50 bilby WARNING : Failed to create dynesty run plot at checkpoint
17:00 bilby INFO    : Written checkpoint file results/48/None_resume.pickle
17:00 bilby WARNING : Too many bins for data range. Cannot create 500 finite-sized bins.
17:00 bilby WARNING : Failed to create dynesty state plot at checkpoint
/scratch/pratyusava.baral/Modified_Dispersion/src/dispersion/lib/python3.11/site-packages/dynesty/plotting.py:252: RuntimeWarning: overflow encountered in exp
  np.exp(logwt), logz if logplot else np.exp(logz)
/scratch/pratyusava.baral/Modified_Dispersion/src/dispersion/lib/python3.11/site-packages/dynesty/plotting.py:282: RuntimeWarning: overflow encountered in exp
  zspan = (0., 1.05 * np.exp(logz[-1] + 3. * logzerr[-1]))
17:00 bilby WARNING : Axis limits cannot be NaN or Inf
17:00 bilby WARNING : Failed to create dynesty run plot at checkpoint
17:10 bilby INFO    : Written checkpoint file results/48/None_resume.pickle
17:10 bilby WARNING : Too many bins for data range. Cannot create 500 finite-sized bins.
17:10 bilby WARNING : Failed to create dynesty state plot at checkpoint
/scratch/pratyusava.baral/Modified_Dispersion/src/dispersion/lib/python3.11/site-packages/dynesty/plotting.py:252: RuntimeWarning: overflow encountered in exp
  np.exp(logwt), logz if logplot else np.exp(logz)
/scratch/pratyusava.baral/Modified_Dispersion/src/dispersion/lib/python3.11/site-packages/dynesty/plotting.py:282: RuntimeWarning: overflow encountered in exp
  zspan = (0., 1.05 * np.exp(logz[-1] + 3. * logzerr[-1]))
17:10 bilby WARNING : Axis limits cannot be NaN or Inf
17:10 bilby WARNING : Failed to create dynesty run plot at checkpoint
17:21 bilby INFO    : Written checkpoint file results/48/None_resume.pickle
/scratch/pratyusava.baral/Modified_Dispersion/src/dispersion/lib/python3.11/site-packages/dynesty/plotting.py:786: UserWarning: Attempting to set identical low and high ylims makes transformation singular; automatically expanding.
  ax.set_ylim([0., max(y0) * 1.05])
17:21 bilby WARNING : Too many bins for data range. Cannot create 500 finite-sized bins.
17:21 bilby WARNING : Failed to create dynesty state plot at checkpoint
/scratch/pratyusava.baral/Modified_Dispersion/src/dispersion/lib/python3.11/site-packages/dynesty/plotting.py:786: UserWarning: Attempting to set identical low and high ylims makes transformation singular; automatically expanding.
  ax.set_ylim([0., max(y0) * 1.05])
/scratch/pratyusava.baral/Modified_Dispersion/src/dispersion/lib/python3.11/site-packages/dynesty/plotting.py:252: RuntimeWarning: overflow encountered in exp
  np.exp(logwt), logz if logplot else np.exp(logz)
/scratch/pratyusava.baral/Modified_Dispersion/src/dispersion/lib/python3.11/site-packages/dynesty/plotting.py:282: RuntimeWarning: overflow encountered in exp
  zspan = (0., 1.05 * np.exp(logz[-1] + 3. * logzerr[-1]))
17:21 bilby WARNING : Axis limits cannot be NaN or Inf
17:21 bilby WARNING : Failed to create dynesty run plot at checkpoint
17:31 bilby INFO    : Written checkpoint file results/48/None_resume.pickle
/scratch/pratyusava.baral/Modified_Dispersion/src/dispersion/lib/python3.11/site-packages/dynesty/plotting.py:786: UserWarning: Attempting to set identical low and high ylims makes transformation singular; automatically expanding.
  ax.set_ylim([0., max(y0) * 1.05])
17:31 bilby WARNING : Too many bins for data range. Cannot create 500 finite-sized bins.
17:31 bilby WARNING : Failed to create dynesty state plot at checkpoint
/scratch/pratyusava.baral/Modified_Dispersion/src/dispersion/lib/python3.11/site-packages/dynesty/plotting.py:786: UserWarning: Attempting to set identical low and high ylims makes transformation singular; automatically expanding.
  ax.set_ylim([0., max(y0) * 1.05])
/scratch/pratyusava.baral/Modified_Dispersion/src/dispersion/lib/python3.11/site-packages/dynesty/plotting.py:252: RuntimeWarning: overflow encountered in exp
  np.exp(logwt), logz if logplot else np.exp(logz)
/scratch/pratyusava.baral/Modified_Dispersion/src/dispersion/lib/python3.11/site-packages/dynesty/plotting.py:282: RuntimeWarning: overflow encountered in exp
  zspan = (0., 1.05 * np.exp(logz[-1] + 3. * logzerr[-1]))
17:31 bilby WARNING : Axis limits cannot be NaN or Inf
17:31 bilby WARNING : Failed to create dynesty run plot at checkpoint
17:42 bilby INFO    : Written checkpoint file results/48/None_resume.pickle
/scratch/pratyusava.baral/Modified_Dispersion/src/dispersion/lib/python3.11/site-packages/dynesty/plotting.py:786: UserWarning: Attempting to set identical low and high ylims makes transformation singular; automatically expanding.
  ax.set_ylim([0., max(y0) * 1.05])
/scratch/pratyusava.baral/Modified_Dispersion/src/dispersion/lib/python3.11/site-packages/dynesty/plotting.py:749: UserWarning: Attempting to set identical low and high xlims makes transformation singular; automatically expanding.
  ax.set_xlim(span[i])
/scratch/pratyusava.baral/Modified_Dispersion/src/dispersion/lib/python3.11/site-packages/dynesty/plotting.py:786: UserWarning: Attempting to set identical low and high ylims makes transformation singular; automatically expanding.
  ax.set_ylim([0., max(y0) * 1.05])
/scratch/pratyusava.baral/Modified_Dispersion/src/dispersion/lib/python3.11/site-packages/dynesty/plotting.py:252: RuntimeWarning: overflow encountered in exp
  np.exp(logwt), logz if logplot else np.exp(logz)
/scratch/pratyusava.baral/Modified_Dispersion/src/dispersion/lib/python3.11/site-packages/dynesty/plotting.py:282: RuntimeWarning: overflow encountered in exp
  zspan = (0., 1.05 * np.exp(logz[-1] + 3. * logzerr[-1]))
17:42 bilby WARNING : Axis limits cannot be NaN or Inf
17:42 bilby WARNING : Failed to create dynesty run plot at checkpoint
17:52 bilby INFO    : Written checkpoint file results/48/None_resume.pickle
/scratch/pratyusava.baral/Modified_Dispersion/src/dispersion/lib/python3.11/site-packages/dynesty/plotting.py:786: UserWarning: Attempting to set identical low and high ylims makes transformation singular; automatically expanding.
  ax.set_ylim([0., max(y0) * 1.05])
/scratch/pratyusava.baral/Modified_Dispersion/src/dispersion/lib/python3.11/site-packages/dynesty/plotting.py:749: UserWarning: Attempting to set identical low and high xlims makes transformation singular; automatically expanding.
  ax.set_xlim(span[i])
/scratch/pratyusava.baral/Modified_Dispersion/src/dispersion/lib/python3.11/site-packages/dynesty/plotting.py:786: UserWarning: Attempting to set identical low and high ylims makes transformation singular; automatically expanding.
  ax.set_ylim([0., max(y0) * 1.05])
/scratch/pratyusava.baral/Modified_Dispersion/src/dispersion/lib/python3.11/site-packages/dynesty/plotting.py:252: RuntimeWarning: overflow encountered in exp
  np.exp(logwt), logz if logplot else np.exp(logz)
/scratch/pratyusava.baral/Modified_Dispersion/src/dispersion/lib/python3.11/site-packages/dynesty/plotting.py:282: RuntimeWarning: overflow encountered in exp
  zspan = (0., 1.05 * np.exp(logz[-1] + 3. * logzerr[-1]))
17:52 bilby WARNING : Axis limits cannot be NaN or Inf
17:52 bilby WARNING : Failed to create dynesty run plot at checkpoint
18:02 bilby INFO    : Written checkpoint file results/48/None_resume.pickle
18:02 bilby WARNING : Too many bins for data range. Cannot create 500 finite-sized bins.
18:02 bilby WARNING : Failed to create dynesty state plot at checkpoint
/scratch/pratyusava.baral/Modified_Dispersion/src/dispersion/lib/python3.11/site-packages/dynesty/plotting.py:252: RuntimeWarning: overflow encountered in exp
  np.exp(logwt), logz if logplot else np.exp(logz)
/scratch/pratyusava.baral/Modified_Dispersion/src/dispersion/lib/python3.11/site-packages/dynesty/plotting.py:282: RuntimeWarning: overflow encountered in exp
  zspan = (0., 1.05 * np.exp(logz[-1] + 3. * logzerr[-1]))
18:02 bilby WARNING : Axis limits cannot be NaN or Inf
18:02 bilby WARNING : Failed to create dynesty run plot at checkpoint
18:13 bilby INFO    : Written checkpoint file results/48/None_resume.pickle
18:13 bilby WARNING : Too many bins for data range. Cannot create 500 finite-sized bins.
18:13 bilby WARNING : Failed to create dynesty state plot at checkpoint
/scratch/pratyusava.baral/Modified_Dispersion/src/dispersion/lib/python3.11/site-packages/dynesty/plotting.py:252: RuntimeWarning: overflow encountered in exp
  np.exp(logwt), logz if logplot else np.exp(logz)
/scratch/pratyusava.baral/Modified_Dispersion/src/dispersion/lib/python3.11/site-packages/dynesty/plotting.py:282: RuntimeWarning: overflow encountered in exp
  zspan = (0., 1.05 * np.exp(logz[-1] + 3. * logzerr[-1]))
18:13 bilby WARNING : Axis limits cannot be NaN or Inf
18:13 bilby WARNING : Failed to create dynesty run plot at checkpoint
18:23 bilby INFO    : Written checkpoint file results/48/None_resume.pickle
18:23 bilby WARNING : Too many bins for data range. Cannot create 500 finite-sized bins.
18:23 bilby WARNING : Failed to create dynesty state plot at checkpoint
/scratch/pratyusava.baral/Modified_Dispersion/src/dispersion/lib/python3.11/site-packages/dynesty/plotting.py:252: RuntimeWarning: overflow encountered in exp
  np.exp(logwt), logz if logplot else np.exp(logz)
/scratch/pratyusava.baral/Modified_Dispersion/src/dispersion/lib/python3.11/site-packages/dynesty/plotting.py:282: RuntimeWarning: overflow encountered in exp
  zspan = (0., 1.05 * np.exp(logz[-1] + 3. * logzerr[-1]))
18:23 bilby WARNING : Axis limits cannot be NaN or Inf
18:23 bilby WARNING : Failed to create dynesty run plot at checkpoint
18:33 bilby INFO    : Written checkpoint file results/48/None_resume.pickle
18:33 bilby WARNING : Too many bins for data range. Cannot create 500 finite-sized bins.
18:33 bilby WARNING : Failed to create dynesty state plot at checkpoint
/scratch/pratyusava.baral/Modified_Dispersion/src/dispersion/lib/python3.11/site-packages/dynesty/plotting.py:252: RuntimeWarning: overflow encountered in exp
  np.exp(logwt), logz if logplot else np.exp(logz)
/scratch/pratyusava.baral/Modified_Dispersion/src/dispersion/lib/python3.11/site-packages/dynesty/plotting.py:282: RuntimeWarning: overflow encountered in exp
  zspan = (0., 1.05 * np.exp(logz[-1] + 3. * logzerr[-1]))
18:33 bilby WARNING : Axis limits cannot be NaN or Inf
18:33 bilby WARNING : Failed to create dynesty run plot at checkpoint
18:44 bilby INFO    : Written checkpoint file results/48/None_resume.pickle
/scratch/pratyusava.baral/Modified_Dispersion/src/dispersion/lib/python3.11/site-packages/dynesty/plotting.py:252: RuntimeWarning: overflow encountered in exp
  np.exp(logwt), logz if logplot else np.exp(logz)
/scratch/pratyusava.baral/Modified_Dispersion/src/dispersion/lib/python3.11/site-packages/dynesty/plotting.py:282: RuntimeWarning: overflow encountered in exp
  zspan = (0., 1.05 * np.exp(logz[-1] + 3. * logzerr[-1]))
18:44 bilby WARNING : Axis limits cannot be NaN or Inf
18:44 bilby WARNING : Failed to create dynesty run plot at checkpoint
18:54 bilby INFO    : Written checkpoint file results/48/None_resume.pickle
18:54 bilby WARNING : The data appears to lie in a lower-dimensional subspace of the space in which it is expressed. This has resulted in a singular data covariance matrix, which cannot be treated using the algorithms implemented in `gaussian_kde`. Consider performing principle component analysis / dimensionality reduction and using `gaussian_kde` with the transformed data.
18:54 bilby WARNING : Failed to create dynesty state plot at checkpoint
18:54 bilby WARNING : The data appears to lie in a lower-dimensional subspace of the space in which it is expressed. This has resulted in a singular data covariance matrix, which cannot be treated using the algorithms implemented in `gaussian_kde`. Consider performing principle component analysis / dimensionality reduction and using `gaussian_kde` with the transformed data.
18:54 bilby WARNING : Failed to create dynesty unit state plot at checkpoint
/scratch/pratyusava.baral/Modified_Dispersion/src/dispersion/lib/python3.11/site-packages/dynesty/plotting.py:252: RuntimeWarning: overflow encountered in exp
  np.exp(logwt), logz if logplot else np.exp(logz)
18:54 bilby WARNING : The data appears to lie in a lower-dimensional subspace of the space in which it is expressed. This has resulted in a singular data covariance matrix, which cannot be treated using the algorithms implemented in `gaussian_kde`. Consider performing principle component analysis / dimensionality reduction and using `gaussian_kde` with the transformed data.
18:54 bilby WARNING : Failed to create dynesty run plot at checkpoint
19:05 bilby INFO    : Written checkpoint file results/48/None_resume.pickle
/scratch/pratyusava.baral/Modified_Dispersion/src/dispersion/lib/python3.11/site-packages/dynesty/plotting.py:786: UserWarning: Attempting to set identical low and high ylims makes transformation singular; automatically expanding.
  ax.set_ylim([0., max(y0) * 1.05])
/scratch/pratyusava.baral/Modified_Dispersion/src/dispersion/lib/python3.11/site-packages/dynesty/plotting.py:749: UserWarning: Attempting to set identical low and high xlims makes transformation singular; automatically expanding.
  ax.set_xlim(span[i])
/scratch/pratyusava.baral/Modified_Dispersion/src/dispersion/lib/python3.11/site-packages/dynesty/plotting.py:786: UserWarning: Attempting to set identical low and high ylims makes transformation singular; automatically expanding.
  ax.set_ylim([0., max(y0) * 1.05])
/scratch/pratyusava.baral/Modified_Dispersion/src/dispersion/lib/python3.11/site-packages/dynesty/plotting.py:252: RuntimeWarning: overflow encountered in exp
  np.exp(logwt), logz if logplot else np.exp(logz)
/scratch/pratyusava.baral/Modified_Dispersion/src/dispersion/lib/python3.11/site-packages/dynesty/plotting.py:282: RuntimeWarning: overflow encountered in exp
  zspan = (0., 1.05 * np.exp(logz[-1] + 3. * logzerr[-1]))
19:05 bilby WARNING : Axis limits cannot be NaN or Inf
19:05 bilby WARNING : Failed to create dynesty run plot at checkpoint
19:15 bilby INFO    : Written checkpoint file results/48/None_resume.pickle
/scratch/pratyusava.baral/Modified_Dispersion/src/dispersion/lib/python3.11/site-packages/dynesty/plotting.py:786: UserWarning: Attempting to set identical low and high ylims makes transformation singular; automatically expanding.
  ax.set_ylim([0., max(y0) * 1.05])
/scratch/pratyusava.baral/Modified_Dispersion/src/dispersion/lib/python3.11/site-packages/dynesty/plotting.py:749: UserWarning: Attempting to set identical low and high xlims makes transformation singular; automatically expanding.
  ax.set_xlim(span[i])
/scratch/pratyusava.baral/Modified_Dispersion/src/dispersion/lib/python3.11/site-packages/dynesty/plotting.py:786: UserWarning: Attempting to set identical low and high ylims makes transformation singular; automatically expanding.
  ax.set_ylim([0., max(y0) * 1.05])
/scratch/pratyusava.baral/Modified_Dispersion/src/dispersion/lib/python3.11/site-packages/dynesty/plotting.py:252: RuntimeWarning: overflow encountered in exp
  np.exp(logwt), logz if logplot else np.exp(logz)
/scratch/pratyusava.baral/Modified_Dispersion/src/dispersion/lib/python3.11/site-packages/dynesty/plotting.py:282: RuntimeWarning: overflow encountered in exp
  zspan = (0., 1.05 * np.exp(logz[-1] + 3. * logzerr[-1]))
19:15 bilby WARNING : Axis limits cannot be NaN or Inf
19:15 bilby WARNING : Failed to create dynesty run plot at checkpoint
19:26 bilby INFO    : Written checkpoint file results/48/None_resume.pickle
19:26 bilby WARNING : Too many bins for data range. Cannot create 500 finite-sized bins.
19:26 bilby WARNING : Failed to create dynesty state plot at checkpoint
/scratch/pratyusava.baral/Modified_Dispersion/src/dispersion/lib/python3.11/site-packages/dynesty/plotting.py:252: RuntimeWarning: overflow encountered in exp
  np.exp(logwt), logz if logplot else np.exp(logz)
/scratch/pratyusava.baral/Modified_Dispersion/src/dispersion/lib/python3.11/site-packages/dynesty/plotting.py:282: RuntimeWarning: overflow encountered in exp
  zspan = (0., 1.05 * np.exp(logz[-1] + 3. * logzerr[-1]))
19:26 bilby WARNING : Axis limits cannot be NaN or Inf
19:26 bilby WARNING : Failed to create dynesty run plot at checkpoint
19:36 bilby INFO    : Written checkpoint file results/48/None_resume.pickle
19:36 bilby WARNING : Too many bins for data range. Cannot create 500 finite-sized bins.
19:36 bilby WARNING : Failed to create dynesty state plot at checkpoint
/scratch/pratyusava.baral/Modified_Dispersion/src/dispersion/lib/python3.11/site-packages/dynesty/plotting.py:252: RuntimeWarning: overflow encountered in exp
  np.exp(logwt), logz if logplot else np.exp(logz)
/scratch/pratyusava.baral/Modified_Dispersion/src/dispersion/lib/python3.11/site-packages/dynesty/plotting.py:282: RuntimeWarning: overflow encountered in exp
  zspan = (0., 1.05 * np.exp(logz[-1] + 3. * logzerr[-1]))
19:36 bilby WARNING : Axis limits cannot be NaN or Inf
19:36 bilby WARNING : Failed to create dynesty run plot at checkpoint
19:46 bilby INFO    : Written checkpoint file results/48/None_resume.pickle
19:46 bilby WARNING : Too many bins for data range. Cannot create 500 finite-sized bins.
19:46 bilby WARNING : Failed to create dynesty state plot at checkpoint
/scratch/pratyusava.baral/Modified_Dispersion/src/dispersion/lib/python3.11/site-packages/dynesty/plotting.py:252: RuntimeWarning: overflow encountered in exp
  np.exp(logwt), logz if logplot else np.exp(logz)
/scratch/pratyusava.baral/Modified_Dispersion/src/dispersion/lib/python3.11/site-packages/dynesty/plotting.py:282: RuntimeWarning: overflow encountered in exp
  zspan = (0., 1.05 * np.exp(logz[-1] + 3. * logzerr[-1]))
19:46 bilby WARNING : Axis limits cannot be NaN or Inf
19:46 bilby WARNING : Failed to create dynesty run plot at checkpoint
19:56 bilby INFO    : Written checkpoint file results/48/None_resume.pickle
19:56 bilby WARNING : Too many bins for data range. Cannot create 500 finite-sized bins.
19:56 bilby WARNING : Failed to create dynesty state plot at checkpoint
/scratch/pratyusava.baral/Modified_Dispersion/src/dispersion/lib/python3.11/site-packages/dynesty/plotting.py:252: RuntimeWarning: overflow encountered in exp
  np.exp(logwt), logz if logplot else np.exp(logz)
/scratch/pratyusava.baral/Modified_Dispersion/src/dispersion/lib/python3.11/site-packages/dynesty/plotting.py:282: RuntimeWarning: overflow encountered in exp
  zspan = (0., 1.05 * np.exp(logz[-1] + 3. * logzerr[-1]))
19:56 bilby WARNING : Axis limits cannot be NaN or Inf
19:56 bilby WARNING : Failed to create dynesty run plot at checkpoint
20:07 bilby INFO    : Written checkpoint file results/48/None_resume.pickle
20:07 bilby WARNING : Too many bins for data range. Cannot create 500 finite-sized bins.
20:07 bilby WARNING : Failed to create dynesty state plot at checkpoint
/scratch/pratyusava.baral/Modified_Dispersion/src/dispersion/lib/python3.11/site-packages/dynesty/plotting.py:252: RuntimeWarning: overflow encountered in exp
  np.exp(logwt), logz if logplot else np.exp(logz)
/scratch/pratyusava.baral/Modified_Dispersion/src/dispersion/lib/python3.11/site-packages/dynesty/plotting.py:282: RuntimeWarning: overflow encountered in exp
  zspan = (0., 1.05 * np.exp(logz[-1] + 3. * logzerr[-1]))
20:07 bilby WARNING : Axis limits cannot be NaN or Inf
20:07 bilby WARNING : Failed to create dynesty run plot at checkpoint
20:17 bilby INFO    : Written checkpoint file results/48/None_resume.pickle
20:17 bilby WARNING : Too many bins for data range. Cannot create 500 finite-sized bins.
20:17 bilby WARNING : Failed to create dynesty state plot at checkpoint
/scratch/pratyusava.baral/Modified_Dispersion/src/dispersion/lib/python3.11/site-packages/dynesty/plotting.py:252: RuntimeWarning: overflow encountered in exp
  np.exp(logwt), logz if logplot else np.exp(logz)
/scratch/pratyusava.baral/Modified_Dispersion/src/dispersion/lib/python3.11/site-packages/dynesty/plotting.py:282: RuntimeWarning: overflow encountered in exp
  zspan = (0., 1.05 * np.exp(logz[-1] + 3. * logzerr[-1]))
20:17 bilby WARNING : Axis limits cannot be NaN or Inf
20:17 bilby WARNING : Failed to create dynesty run plot at checkpoint
20:27 bilby INFO    : Written checkpoint file results/48/None_resume.pickle
20:27 bilby WARNING : Too many bins for data range. Cannot create 500 finite-sized bins.
20:27 bilby WARNING : Failed to create dynesty state plot at checkpoint
/scratch/pratyusava.baral/Modified_Dispersion/src/dispersion/lib/python3.11/site-packages/dynesty/plotting.py:252: RuntimeWarning: overflow encountered in exp
  np.exp(logwt), logz if logplot else np.exp(logz)
/scratch/pratyusava.baral/Modified_Dispersion/src/dispersion/lib/python3.11/site-packages/dynesty/plotting.py:282: RuntimeWarning: overflow encountered in exp
  zspan = (0., 1.05 * np.exp(logz[-1] + 3. * logzerr[-1]))
20:27 bilby WARNING : Axis limits cannot be NaN or Inf
20:27 bilby WARNING : Failed to create dynesty run plot at checkpoint
20:37 bilby INFO    : Written checkpoint file results/48/None_resume.pickle
20:37 bilby WARNING : Too many bins for data range. Cannot create 500 finite-sized bins.
20:37 bilby WARNING : Failed to create dynesty state plot at checkpoint
/scratch/pratyusava.baral/Modified_Dispersion/src/dispersion/lib/python3.11/site-packages/dynesty/plotting.py:252: RuntimeWarning: overflow encountered in exp
  np.exp(logwt), logz if logplot else np.exp(logz)
/scratch/pratyusava.baral/Modified_Dispersion/src/dispersion/lib/python3.11/site-packages/dynesty/plotting.py:282: RuntimeWarning: overflow encountered in exp
  zspan = (0., 1.05 * np.exp(logz[-1] + 3. * logzerr[-1]))
20:38 bilby WARNING : Axis limits cannot be NaN or Inf
20:38 bilby WARNING : Failed to create dynesty run plot at checkpoint
20:48 bilby INFO    : Written checkpoint file results/48/None_resume.pickle
20:48 bilby WARNING : Too many bins for data range. Cannot create 500 finite-sized bins.
20:48 bilby WARNING : Failed to create dynesty state plot at checkpoint
20:48 bilby WARNING : The data appears to lie in a lower-dimensional subspace of the space in which it is expressed. This has resulted in a singular data covariance matrix, which cannot be treated using the algorithms implemented in `gaussian_kde`. Consider performing principle component analysis / dimensionality reduction and using `gaussian_kde` with the transformed data.
20:48 bilby WARNING : Failed to create dynesty unit state plot at checkpoint
/scratch/pratyusava.baral/Modified_Dispersion/src/dispersion/lib/python3.11/site-packages/dynesty/plotting.py:252: RuntimeWarning: overflow encountered in exp
  np.exp(logwt), logz if logplot else np.exp(logz)
20:48 bilby WARNING : The data appears to lie in a lower-dimensional subspace of the space in which it is expressed. This has resulted in a singular data covariance matrix, which cannot be treated using the algorithms implemented in `gaussian_kde`. Consider performing principle component analysis / dimensionality reduction and using `gaussian_kde` with the transformed data.
20:48 bilby WARNING : Failed to create dynesty run plot at checkpoint
20:58 bilby INFO    : Written checkpoint file results/48/None_resume.pickle
/scratch/pratyusava.baral/Modified_Dispersion/src/dispersion/lib/python3.11/site-packages/dynesty/plotting.py:786: UserWarning: Attempting to set identical low and high ylims makes transformation singular; automatically expanding.
  ax.set_ylim([0., max(y0) * 1.05])
20:58 bilby WARNING : Too many bins for data range. Cannot create 500 finite-sized bins.
20:58 bilby WARNING : Failed to create dynesty state plot at checkpoint
/scratch/pratyusava.baral/Modified_Dispersion/src/dispersion/lib/python3.11/site-packages/dynesty/plotting.py:786: UserWarning: Attempting to set identical low and high ylims makes transformation singular; automatically expanding.
  ax.set_ylim([0., max(y0) * 1.05])
/scratch/pratyusava.baral/Modified_Dispersion/src/dispersion/lib/python3.11/site-packages/dynesty/plotting.py:252: RuntimeWarning: overflow encountered in exp
  np.exp(logwt), logz if logplot else np.exp(logz)
/scratch/pratyusava.baral/Modified_Dispersion/src/dispersion/lib/python3.11/site-packages/dynesty/plotting.py:282: RuntimeWarning: overflow encountered in exp
  zspan = (0., 1.05 * np.exp(logz[-1] + 3. * logzerr[-1]))
20:58 bilby WARNING : Axis limits cannot be NaN or Inf
20:58 bilby WARNING : Failed to create dynesty run plot at checkpoint
21:09 bilby INFO    : Written checkpoint file results/48/None_resume.pickle
21:09 bilby WARNING : The data appears to lie in a lower-dimensional subspace of the space in which it is expressed. This has resulted in a singular data covariance matrix, which cannot be treated using the algorithms implemented in `gaussian_kde`. Consider performing principle component analysis / dimensionality reduction and using `gaussian_kde` with the transformed data.
21:09 bilby WARNING : Failed to create dynesty state plot at checkpoint
21:09 bilby WARNING : The data appears to lie in a lower-dimensional subspace of the space in which it is expressed. This has resulted in a singular data covariance matrix, which cannot be treated using the algorithms implemented in `gaussian_kde`. Consider performing principle component analysis / dimensionality reduction and using `gaussian_kde` with the transformed data.
21:09 bilby WARNING : Failed to create dynesty unit state plot at checkpoint
/scratch/pratyusava.baral/Modified_Dispersion/src/dispersion/lib/python3.11/site-packages/dynesty/plotting.py:252: RuntimeWarning: overflow encountered in exp
  np.exp(logwt), logz if logplot else np.exp(logz)
21:09 bilby WARNING : The data appears to lie in a lower-dimensional subspace of the space in which it is expressed. This has resulted in a singular data covariance matrix, which cannot be treated using the algorithms implemented in `gaussian_kde`. Consider performing principle component analysis / dimensionality reduction and using `gaussian_kde` with the transformed data.
21:09 bilby WARNING : Failed to create dynesty run plot at checkpoint
21:19 bilby INFO    : Written checkpoint file results/48/None_resume.pickle
/scratch/pratyusava.baral/Modified_Dispersion/src/dispersion/lib/python3.11/site-packages/dynesty/plotting.py:786: UserWarning: Attempting to set identical low and high ylims makes transformation singular; automatically expanding.
  ax.set_ylim([0., max(y0) * 1.05])
21:19 bilby WARNING : Too many bins for data range. Cannot create 500 finite-sized bins.
21:19 bilby WARNING : Failed to create dynesty state plot at checkpoint
/scratch/pratyusava.baral/Modified_Dispersion/src/dispersion/lib/python3.11/site-packages/dynesty/plotting.py:786: UserWarning: Attempting to set identical low and high ylims makes transformation singular; automatically expanding.
  ax.set_ylim([0., max(y0) * 1.05])
/scratch/pratyusava.baral/Modified_Dispersion/src/dispersion/lib/python3.11/site-packages/dynesty/plotting.py:252: RuntimeWarning: overflow encountered in exp
  np.exp(logwt), logz if logplot else np.exp(logz)
/scratch/pratyusava.baral/Modified_Dispersion/src/dispersion/lib/python3.11/site-packages/dynesty/plotting.py:282: RuntimeWarning: overflow encountered in exp
  zspan = (0., 1.05 * np.exp(logz[-1] + 3. * logzerr[-1]))
21:19 bilby WARNING : Axis limits cannot be NaN or Inf
21:19 bilby WARNING : Failed to create dynesty run plot at checkpoint
21:29 bilby INFO    : Written checkpoint file results/48/None_resume.pickle
21:29 bilby WARNING : Too many bins for data range. Cannot create 500 finite-sized bins.
21:29 bilby WARNING : Failed to create dynesty state plot at checkpoint
/scratch/pratyusava.baral/Modified_Dispersion/src/dispersion/lib/python3.11/site-packages/dynesty/plotting.py:252: RuntimeWarning: overflow encountered in exp
  np.exp(logwt), logz if logplot else np.exp(logz)
/scratch/pratyusava.baral/Modified_Dispersion/src/dispersion/lib/python3.11/site-packages/dynesty/plotting.py:282: RuntimeWarning: overflow encountered in exp
  zspan = (0., 1.05 * np.exp(logz[-1] + 3. * logzerr[-1]))
21:29 bilby WARNING : Axis limits cannot be NaN or Inf
21:29 bilby WARNING : Failed to create dynesty run plot at checkpoint
21:40 bilby INFO    : Written checkpoint file results/48/None_resume.pickle
21:40 bilby WARNING : Too many bins for data range. Cannot create 500 finite-sized bins.
21:40 bilby WARNING : Failed to create dynesty state plot at checkpoint
/scratch/pratyusava.baral/Modified_Dispersion/src/dispersion/lib/python3.11/site-packages/dynesty/plotting.py:252: RuntimeWarning: overflow encountered in exp
  np.exp(logwt), logz if logplot else np.exp(logz)
/scratch/pratyusava.baral/Modified_Dispersion/src/dispersion/lib/python3.11/site-packages/dynesty/plotting.py:282: RuntimeWarning: overflow encountered in exp
  zspan = (0., 1.05 * np.exp(logz[-1] + 3. * logzerr[-1]))
21:40 bilby WARNING : Axis limits cannot be NaN or Inf
21:40 bilby WARNING : Failed to create dynesty run plot at checkpoint
21:50 bilby INFO    : Written checkpoint file results/48/None_resume.pickle
21:50 bilby WARNING : Too many bins for data range. Cannot create 500 finite-sized bins.
21:50 bilby WARNING : Failed to create dynesty state plot at checkpoint
/scratch/pratyusava.baral/Modified_Dispersion/src/dispersion/lib/python3.11/site-packages/dynesty/plotting.py:252: RuntimeWarning: overflow encountered in exp
  np.exp(logwt), logz if logplot else np.exp(logz)
/scratch/pratyusava.baral/Modified_Dispersion/src/dispersion/lib/python3.11/site-packages/dynesty/plotting.py:282: RuntimeWarning: overflow encountered in exp
  zspan = (0., 1.05 * np.exp(logz[-1] + 3. * logzerr[-1]))
21:50 bilby WARNING : Axis limits cannot be NaN or Inf
21:50 bilby WARNING : Failed to create dynesty run plot at checkpoint
22:00 bilby INFO    : Written checkpoint file results/48/None_resume.pickle
22:00 bilby WARNING : Too many bins for data range. Cannot create 500 finite-sized bins.
22:00 bilby WARNING : Failed to create dynesty state plot at checkpoint
/scratch/pratyusava.baral/Modified_Dispersion/src/dispersion/lib/python3.11/site-packages/dynesty/plotting.py:252: RuntimeWarning: overflow encountered in exp
  np.exp(logwt), logz if logplot else np.exp(logz)
/scratch/pratyusava.baral/Modified_Dispersion/src/dispersion/lib/python3.11/site-packages/dynesty/plotting.py:282: RuntimeWarning: overflow encountered in exp
  zspan = (0., 1.05 * np.exp(logz[-1] + 3. * logzerr[-1]))
22:00 bilby WARNING : Axis limits cannot be NaN or Inf
22:00 bilby WARNING : Failed to create dynesty run plot at checkpoint
22:11 bilby INFO    : Written checkpoint file results/48/None_resume.pickle
22:11 bilby WARNING : Too many bins for data range. Cannot create 500 finite-sized bins.
22:11 bilby WARNING : Failed to create dynesty state plot at checkpoint
/scratch/pratyusava.baral/Modified_Dispersion/src/dispersion/lib/python3.11/site-packages/dynesty/plotting.py:252: RuntimeWarning: overflow encountered in exp
  np.exp(logwt), logz if logplot else np.exp(logz)
/scratch/pratyusava.baral/Modified_Dispersion/src/dispersion/lib/python3.11/site-packages/dynesty/plotting.py:282: RuntimeWarning: overflow encountered in exp
  zspan = (0., 1.05 * np.exp(logz[-1] + 3. * logzerr[-1]))
22:11 bilby WARNING : Axis limits cannot be NaN or Inf
22:11 bilby WARNING : Failed to create dynesty run plot at checkpoint
22:21 bilby INFO    : Written checkpoint file results/48/None_resume.pickle
22:21 bilby WARNING : Too many bins for data range. Cannot create 500 finite-sized bins.
22:21 bilby WARNING : Failed to create dynesty state plot at checkpoint
/scratch/pratyusava.baral/Modified_Dispersion/src/dispersion/lib/python3.11/site-packages/dynesty/plotting.py:252: RuntimeWarning: overflow encountered in exp
  np.exp(logwt), logz if logplot else np.exp(logz)
/scratch/pratyusava.baral/Modified_Dispersion/src/dispersion/lib/python3.11/site-packages/dynesty/plotting.py:282: RuntimeWarning: overflow encountered in exp
  zspan = (0., 1.05 * np.exp(logz[-1] + 3. * logzerr[-1]))
22:21 bilby WARNING : Axis limits cannot be NaN or Inf
22:21 bilby WARNING : Failed to create dynesty run plot at checkpoint
22:31 bilby INFO    : Written checkpoint file results/48/None_resume.pickle
22:31 bilby WARNING : Too many bins for data range. Cannot create 500 finite-sized bins.
22:31 bilby WARNING : Failed to create dynesty state plot at checkpoint
/scratch/pratyusava.baral/Modified_Dispersion/src/dispersion/lib/python3.11/site-packages/dynesty/plotting.py:252: RuntimeWarning: overflow encountered in exp
  np.exp(logwt), logz if logplot else np.exp(logz)
/scratch/pratyusava.baral/Modified_Dispersion/src/dispersion/lib/python3.11/site-packages/dynesty/plotting.py:282: RuntimeWarning: overflow encountered in exp
  zspan = (0., 1.05 * np.exp(logz[-1] + 3. * logzerr[-1]))
22:31 bilby WARNING : Axis limits cannot be NaN or Inf
22:31 bilby WARNING : Failed to create dynesty run plot at checkpoint
22:41 bilby INFO    : Written checkpoint file results/48/None_resume.pickle
22:41 bilby WARNING : Too many bins for data range. Cannot create 500 finite-sized bins.
22:41 bilby WARNING : Failed to create dynesty state plot at checkpoint
/scratch/pratyusava.baral/Modified_Dispersion/src/dispersion/lib/python3.11/site-packages/dynesty/plotting.py:252: RuntimeWarning: overflow encountered in exp
  np.exp(logwt), logz if logplot else np.exp(logz)
/scratch/pratyusava.baral/Modified_Dispersion/src/dispersion/lib/python3.11/site-packages/dynesty/plotting.py:282: RuntimeWarning: overflow encountered in exp
  zspan = (0., 1.05 * np.exp(logz[-1] + 3. * logzerr[-1]))
22:41 bilby WARNING : Axis limits cannot be NaN or Inf
22:41 bilby WARNING : Failed to create dynesty run plot at checkpoint
22:52 bilby INFO    : Written checkpoint file results/48/None_resume.pickle
22:52 bilby WARNING : Too many bins for data range. Cannot create 500 finite-sized bins.
22:52 bilby WARNING : Failed to create dynesty state plot at checkpoint
/scratch/pratyusava.baral/Modified_Dispersion/src/dispersion/lib/python3.11/site-packages/dynesty/plotting.py:252: RuntimeWarning: overflow encountered in exp
  np.exp(logwt), logz if logplot else np.exp(logz)
/scratch/pratyusava.baral/Modified_Dispersion/src/dispersion/lib/python3.11/site-packages/dynesty/plotting.py:282: RuntimeWarning: overflow encountered in exp
  zspan = (0., 1.05 * np.exp(logz[-1] + 3. * logzerr[-1]))
22:52 bilby WARNING : Axis limits cannot be NaN or Inf
22:52 bilby WARNING : Failed to create dynesty run plot at checkpoint
23:02 bilby INFO    : Written checkpoint file results/48/None_resume.pickle
23:02 bilby WARNING : Too many bins for data range. Cannot create 500 finite-sized bins.
23:02 bilby WARNING : Failed to create dynesty state plot at checkpoint
/scratch/pratyusava.baral/Modified_Dispersion/src/dispersion/lib/python3.11/site-packages/dynesty/plotting.py:252: RuntimeWarning: overflow encountered in exp
  np.exp(logwt), logz if logplot else np.exp(logz)
/scratch/pratyusava.baral/Modified_Dispersion/src/dispersion/lib/python3.11/site-packages/dynesty/plotting.py:282: RuntimeWarning: overflow encountered in exp
  zspan = (0., 1.05 * np.exp(logz[-1] + 3. * logzerr[-1]))
23:02 bilby WARNING : Axis limits cannot be NaN or Inf
23:02 bilby WARNING : Failed to create dynesty run plot at checkpoint
23:12 bilby INFO    : Written checkpoint file results/48/None_resume.pickle
23:12 bilby WARNING : Too many bins for data range. Cannot create 500 finite-sized bins.
23:12 bilby WARNING : Failed to create dynesty state plot at checkpoint
/scratch/pratyusava.baral/Modified_Dispersion/src/dispersion/lib/python3.11/site-packages/dynesty/plotting.py:252: RuntimeWarning: overflow encountered in exp
  np.exp(logwt), logz if logplot else np.exp(logz)
/scratch/pratyusava.baral/Modified_Dispersion/src/dispersion/lib/python3.11/site-packages/dynesty/plotting.py:282: RuntimeWarning: overflow encountered in exp
  zspan = (0., 1.05 * np.exp(logz[-1] + 3. * logzerr[-1]))
23:12 bilby WARNING : Axis limits cannot be NaN or Inf
23:12 bilby WARNING : Failed to create dynesty run plot at checkpoint
23:23 bilby INFO    : Written checkpoint file results/48/None_resume.pickle
23:23 bilby WARNING : Too many bins for data range. Cannot create 500 finite-sized bins.
23:23 bilby WARNING : Failed to create dynesty state plot at checkpoint
/scratch/pratyusava.baral/Modified_Dispersion/src/dispersion/lib/python3.11/site-packages/dynesty/plotting.py:252: RuntimeWarning: overflow encountered in exp
  np.exp(logwt), logz if logplot else np.exp(logz)
/scratch/pratyusava.baral/Modified_Dispersion/src/dispersion/lib/python3.11/site-packages/dynesty/plotting.py:282: RuntimeWarning: overflow encountered in exp
  zspan = (0., 1.05 * np.exp(logz[-1] + 3. * logzerr[-1]))
23:23 bilby WARNING : Axis limits cannot be NaN or Inf
23:23 bilby WARNING : Failed to create dynesty run plot at checkpoint
23:33 bilby INFO    : Written checkpoint file results/48/None_resume.pickle
23:33 bilby WARNING : Too many bins for data range. Cannot create 500 finite-sized bins.
23:33 bilby WARNING : Failed to create dynesty state plot at checkpoint
/scratch/pratyusava.baral/Modified_Dispersion/src/dispersion/lib/python3.11/site-packages/dynesty/plotting.py:252: RuntimeWarning: overflow encountered in exp
  np.exp(logwt), logz if logplot else np.exp(logz)
/scratch/pratyusava.baral/Modified_Dispersion/src/dispersion/lib/python3.11/site-packages/dynesty/plotting.py:282: RuntimeWarning: overflow encountered in exp
  zspan = (0., 1.05 * np.exp(logz[-1] + 3. * logzerr[-1]))
23:33 bilby WARNING : Axis limits cannot be NaN or Inf
23:33 bilby WARNING : Failed to create dynesty run plot at checkpoint
23:43 bilby INFO    : Written checkpoint file results/48/None_resume.pickle
23:43 bilby WARNING : Too many bins for data range. Cannot create 500 finite-sized bins.
23:43 bilby WARNING : Failed to create dynesty state plot at checkpoint
/scratch/pratyusava.baral/Modified_Dispersion/src/dispersion/lib/python3.11/site-packages/dynesty/plotting.py:252: RuntimeWarning: overflow encountered in exp
  np.exp(logwt), logz if logplot else np.exp(logz)
/scratch/pratyusava.baral/Modified_Dispersion/src/dispersion/lib/python3.11/site-packages/dynesty/plotting.py:282: RuntimeWarning: overflow encountered in exp
  zspan = (0., 1.05 * np.exp(logz[-1] + 3. * logzerr[-1]))
23:43 bilby WARNING : Axis limits cannot be NaN or Inf
23:43 bilby WARNING : Failed to create dynesty run plot at checkpoint
23:53 bilby INFO    : Written checkpoint file results/48/None_resume.pickle
23:53 bilby WARNING : Too many bins for data range. Cannot create 500 finite-sized bins.
23:53 bilby WARNING : Failed to create dynesty state plot at checkpoint
/scratch/pratyusava.baral/Modified_Dispersion/src/dispersion/lib/python3.11/site-packages/dynesty/plotting.py:252: RuntimeWarning: overflow encountered in exp
  np.exp(logwt), logz if logplot else np.exp(logz)
/scratch/pratyusava.baral/Modified_Dispersion/src/dispersion/lib/python3.11/site-packages/dynesty/plotting.py:282: RuntimeWarning: overflow encountered in exp
  zspan = (0., 1.05 * np.exp(logz[-1] + 3. * logzerr[-1]))
23:53 bilby WARNING : Axis limits cannot be NaN or Inf
23:53 bilby WARNING : Failed to create dynesty run plot at checkpoint
00:04 bilby INFO    : Written checkpoint file results/48/None_resume.pickle
00:04 bilby WARNING : Too many bins for data range. Cannot create 500 finite-sized bins.
00:04 bilby WARNING : Failed to create dynesty state plot at checkpoint
/scratch/pratyusava.baral/Modified_Dispersion/src/dispersion/lib/python3.11/site-packages/dynesty/plotting.py:252: RuntimeWarning: overflow encountered in exp
  np.exp(logwt), logz if logplot else np.exp(logz)
/scratch/pratyusava.baral/Modified_Dispersion/src/dispersion/lib/python3.11/site-packages/dynesty/plotting.py:282: RuntimeWarning: overflow encountered in exp
  zspan = (0., 1.05 * np.exp(logz[-1] + 3. * logzerr[-1]))
00:04 bilby WARNING : Axis limits cannot be NaN or Inf
00:04 bilby WARNING : Failed to create dynesty run plot at checkpoint
00:14 bilby INFO    : Written checkpoint file results/48/None_resume.pickle
00:14 bilby WARNING : Too many bins for data range. Cannot create 500 finite-sized bins.
00:14 bilby WARNING : Failed to create dynesty state plot at checkpoint
/scratch/pratyusava.baral/Modified_Dispersion/src/dispersion/lib/python3.11/site-packages/dynesty/plotting.py:252: RuntimeWarning: overflow encountered in exp
  np.exp(logwt), logz if logplot else np.exp(logz)
/scratch/pratyusava.baral/Modified_Dispersion/src/dispersion/lib/python3.11/site-packages/dynesty/plotting.py:282: RuntimeWarning: overflow encountered in exp
  zspan = (0., 1.05 * np.exp(logz[-1] + 3. * logzerr[-1]))
00:14 bilby WARNING : Axis limits cannot be NaN or Inf
00:14 bilby WARNING : Failed to create dynesty run plot at checkpoint
00:24 bilby INFO    : Written checkpoint file results/48/None_resume.pickle
00:24 bilby WARNING : Too many bins for data range. Cannot create 500 finite-sized bins.
00:24 bilby WARNING : Failed to create dynesty state plot at checkpoint
/scratch/pratyusava.baral/Modified_Dispersion/src/dispersion/lib/python3.11/site-packages/dynesty/plotting.py:252: RuntimeWarning: overflow encountered in exp
  np.exp(logwt), logz if logplot else np.exp(logz)
/scratch/pratyusava.baral/Modified_Dispersion/src/dispersion/lib/python3.11/site-packages/dynesty/plotting.py:282: RuntimeWarning: overflow encountered in exp
  zspan = (0., 1.05 * np.exp(logz[-1] + 3. * logzerr[-1]))
00:24 bilby WARNING : Axis limits cannot be NaN or Inf
00:24 bilby WARNING : Failed to create dynesty run plot at checkpoint
00:34 bilby INFO    : Written checkpoint file results/48/None_resume.pickle
00:34 bilby WARNING : Too many bins for data range. Cannot create 500 finite-sized bins.
00:34 bilby WARNING : Failed to create dynesty state plot at checkpoint
/scratch/pratyusava.baral/Modified_Dispersion/src/dispersion/lib/python3.11/site-packages/dynesty/plotting.py:252: RuntimeWarning: overflow encountered in exp
  np.exp(logwt), logz if logplot else np.exp(logz)
/scratch/pratyusava.baral/Modified_Dispersion/src/dispersion/lib/python3.11/site-packages/dynesty/plotting.py:282: RuntimeWarning: overflow encountered in exp
  zspan = (0., 1.05 * np.exp(logz[-1] + 3. * logzerr[-1]))
00:35 bilby WARNING : Axis limits cannot be NaN or Inf
00:35 bilby WARNING : Failed to create dynesty run plot at checkpoint
00:45 bilby INFO    : Written checkpoint file results/48/None_resume.pickle
00:45 bilby WARNING : Too many bins for data range. Cannot create 500 finite-sized bins.
00:45 bilby WARNING : Failed to create dynesty state plot at checkpoint
/scratch/pratyusava.baral/Modified_Dispersion/src/dispersion/lib/python3.11/site-packages/dynesty/plotting.py:252: RuntimeWarning: overflow encountered in exp
  np.exp(logwt), logz if logplot else np.exp(logz)
/scratch/pratyusava.baral/Modified_Dispersion/src/dispersion/lib/python3.11/site-packages/dynesty/plotting.py:282: RuntimeWarning: overflow encountered in exp
  zspan = (0., 1.05 * np.exp(logz[-1] + 3. * logzerr[-1]))
00:45 bilby WARNING : Axis limits cannot be NaN or Inf
00:45 bilby WARNING : Failed to create dynesty run plot at checkpoint
00:55 bilby INFO    : Written checkpoint file results/48/None_resume.pickle
00:55 bilby WARNING : Too many bins for data range. Cannot create 500 finite-sized bins.
00:55 bilby WARNING : Failed to create dynesty state plot at checkpoint
/scratch/pratyusava.baral/Modified_Dispersion/src/dispersion/lib/python3.11/site-packages/dynesty/plotting.py:252: RuntimeWarning: overflow encountered in exp
  np.exp(logwt), logz if logplot else np.exp(logz)
/scratch/pratyusava.baral/Modified_Dispersion/src/dispersion/lib/python3.11/site-packages/dynesty/plotting.py:282: RuntimeWarning: overflow encountered in exp
  zspan = (0., 1.05 * np.exp(logz[-1] + 3. * logzerr[-1]))
00:55 bilby WARNING : Axis limits cannot be NaN or Inf
00:55 bilby WARNING : Failed to create dynesty run plot at checkpoint
01:05 bilby INFO    : Written checkpoint file results/48/None_resume.pickle
01:05 bilby WARNING : Too many bins for data range. Cannot create 500 finite-sized bins.
01:05 bilby WARNING : Failed to create dynesty state plot at checkpoint
/scratch/pratyusava.baral/Modified_Dispersion/src/dispersion/lib/python3.11/site-packages/dynesty/plotting.py:252: RuntimeWarning: overflow encountered in exp
  np.exp(logwt), logz if logplot else np.exp(logz)
/scratch/pratyusava.baral/Modified_Dispersion/src/dispersion/lib/python3.11/site-packages/dynesty/plotting.py:282: RuntimeWarning: overflow encountered in exp
  zspan = (0., 1.05 * np.exp(logz[-1] + 3. * logzerr[-1]))
01:06 bilby WARNING : Axis limits cannot be NaN or Inf
01:06 bilby WARNING : Failed to create dynesty run plot at checkpoint
01:16 bilby INFO    : Written checkpoint file results/48/None_resume.pickle
01:16 bilby WARNING : Too many bins for data range. Cannot create 500 finite-sized bins.
01:16 bilby WARNING : Failed to create dynesty state plot at checkpoint
/scratch/pratyusava.baral/Modified_Dispersion/src/dispersion/lib/python3.11/site-packages/dynesty/plotting.py:252: RuntimeWarning: overflow encountered in exp
  np.exp(logwt), logz if logplot else np.exp(logz)
/scratch/pratyusava.baral/Modified_Dispersion/src/dispersion/lib/python3.11/site-packages/dynesty/plotting.py:282: RuntimeWarning: overflow encountered in exp
  zspan = (0., 1.05 * np.exp(logz[-1] + 3. * logzerr[-1]))
01:16 bilby WARNING : Axis limits cannot be NaN or Inf
01:16 bilby WARNING : Failed to create dynesty run plot at checkpoint
01:26 bilby INFO    : Written checkpoint file results/48/None_resume.pickle
01:26 bilby WARNING : Too many bins for data range. Cannot create 500 finite-sized bins.
01:26 bilby WARNING : Failed to create dynesty state plot at checkpoint
/scratch/pratyusava.baral/Modified_Dispersion/src/dispersion/lib/python3.11/site-packages/dynesty/plotting.py:252: RuntimeWarning: overflow encountered in exp
  np.exp(logwt), logz if logplot else np.exp(logz)
/scratch/pratyusava.baral/Modified_Dispersion/src/dispersion/lib/python3.11/site-packages/dynesty/plotting.py:282: RuntimeWarning: overflow encountered in exp
  zspan = (0., 1.05 * np.exp(logz[-1] + 3. * logzerr[-1]))
01:26 bilby WARNING : Axis limits cannot be NaN or Inf
01:26 bilby WARNING : Failed to create dynesty run plot at checkpoint
01:36 bilby INFO    : Written checkpoint file results/48/None_resume.pickle
01:36 bilby WARNING : Too many bins for data range. Cannot create 500 finite-sized bins.
01:36 bilby WARNING : Failed to create dynesty state plot at checkpoint
/scratch/pratyusava.baral/Modified_Dispersion/src/dispersion/lib/python3.11/site-packages/dynesty/plotting.py:252: RuntimeWarning: overflow encountered in exp
  np.exp(logwt), logz if logplot else np.exp(logz)
/scratch/pratyusava.baral/Modified_Dispersion/src/dispersion/lib/python3.11/site-packages/dynesty/plotting.py:282: RuntimeWarning: overflow encountered in exp
  zspan = (0., 1.05 * np.exp(logz[-1] + 3. * logzerr[-1]))
01:36 bilby WARNING : Axis limits cannot be NaN or Inf
01:36 bilby WARNING : Failed to create dynesty run plot at checkpoint
01:47 bilby INFO    : Written checkpoint file results/48/None_resume.pickle
01:47 bilby WARNING : Too many bins for data range. Cannot create 500 finite-sized bins.
01:47 bilby WARNING : Failed to create dynesty state plot at checkpoint
/scratch/pratyusava.baral/Modified_Dispersion/src/dispersion/lib/python3.11/site-packages/dynesty/plotting.py:252: RuntimeWarning: overflow encountered in exp
  np.exp(logwt), logz if logplot else np.exp(logz)
/scratch/pratyusava.baral/Modified_Dispersion/src/dispersion/lib/python3.11/site-packages/dynesty/plotting.py:282: RuntimeWarning: overflow encountered in exp
  zspan = (0., 1.05 * np.exp(logz[-1] + 3. * logzerr[-1]))
01:47 bilby WARNING : Axis limits cannot be NaN or Inf
01:47 bilby WARNING : Failed to create dynesty run plot at checkpoint
01:57 bilby INFO    : Written checkpoint file results/48/None_resume.pickle
01:57 bilby WARNING : Too many bins for data range. Cannot create 500 finite-sized bins.
01:57 bilby WARNING : Failed to create dynesty state plot at checkpoint
/scratch/pratyusava.baral/Modified_Dispersion/src/dispersion/lib/python3.11/site-packages/dynesty/plotting.py:252: RuntimeWarning: overflow encountered in exp
  np.exp(logwt), logz if logplot else np.exp(logz)
/scratch/pratyusava.baral/Modified_Dispersion/src/dispersion/lib/python3.11/site-packages/dynesty/plotting.py:282: RuntimeWarning: overflow encountered in exp
  zspan = (0., 1.05 * np.exp(logz[-1] + 3. * logzerr[-1]))
01:57 bilby WARNING : Axis limits cannot be NaN or Inf
01:57 bilby WARNING : Failed to create dynesty run plot at checkpoint
02:07 bilby INFO    : Written checkpoint file results/48/None_resume.pickle
02:07 bilby WARNING : Too many bins for data range. Cannot create 500 finite-sized bins.
02:07 bilby WARNING : Failed to create dynesty state plot at checkpoint
/scratch/pratyusava.baral/Modified_Dispersion/src/dispersion/lib/python3.11/site-packages/dynesty/plotting.py:252: RuntimeWarning: overflow encountered in exp
  np.exp(logwt), logz if logplot else np.exp(logz)
/scratch/pratyusava.baral/Modified_Dispersion/src/dispersion/lib/python3.11/site-packages/dynesty/plotting.py:282: RuntimeWarning: overflow encountered in exp
  zspan = (0., 1.05 * np.exp(logz[-1] + 3. * logzerr[-1]))
02:07 bilby WARNING : Axis limits cannot be NaN or Inf
02:07 bilby WARNING : Failed to create dynesty run plot at checkpoint
02:18 bilby INFO    : Written checkpoint file results/48/None_resume.pickle
02:18 bilby WARNING : Too many bins for data range. Cannot create 500 finite-sized bins.
02:18 bilby WARNING : Failed to create dynesty state plot at checkpoint
/scratch/pratyusava.baral/Modified_Dispersion/src/dispersion/lib/python3.11/site-packages/dynesty/plotting.py:252: RuntimeWarning: overflow encountered in exp
  np.exp(logwt), logz if logplot else np.exp(logz)
/scratch/pratyusava.baral/Modified_Dispersion/src/dispersion/lib/python3.11/site-packages/dynesty/plotting.py:282: RuntimeWarning: overflow encountered in exp
  zspan = (0., 1.05 * np.exp(logz[-1] + 3. * logzerr[-1]))
02:18 bilby WARNING : Axis limits cannot be NaN or Inf
02:18 bilby WARNING : Failed to create dynesty run plot at checkpoint
02:28 bilby INFO    : Written checkpoint file results/48/None_resume.pickle
02:28 bilby WARNING : Too many bins for data range. Cannot create 500 finite-sized bins.
02:28 bilby WARNING : Failed to create dynesty state plot at checkpoint
/scratch/pratyusava.baral/Modified_Dispersion/src/dispersion/lib/python3.11/site-packages/dynesty/plotting.py:252: RuntimeWarning: overflow encountered in exp
  np.exp(logwt), logz if logplot else np.exp(logz)
/scratch/pratyusava.baral/Modified_Dispersion/src/dispersion/lib/python3.11/site-packages/dynesty/plotting.py:282: RuntimeWarning: overflow encountered in exp
  zspan = (0., 1.05 * np.exp(logz[-1] + 3. * logzerr[-1]))
02:28 bilby WARNING : Axis limits cannot be NaN or Inf
02:28 bilby WARNING : Failed to create dynesty run plot at checkpoint
02:38 bilby INFO    : Written checkpoint file results/48/None_resume.pickle
02:38 bilby WARNING : Too many bins for data range. Cannot create 500 finite-sized bins.
02:38 bilby WARNING : Failed to create dynesty state plot at checkpoint
/scratch/pratyusava.baral/Modified_Dispersion/src/dispersion/lib/python3.11/site-packages/dynesty/plotting.py:252: RuntimeWarning: overflow encountered in exp
  np.exp(logwt), logz if logplot else np.exp(logz)
/scratch/pratyusava.baral/Modified_Dispersion/src/dispersion/lib/python3.11/site-packages/dynesty/plotting.py:282: RuntimeWarning: overflow encountered in exp
  zspan = (0., 1.05 * np.exp(logz[-1] + 3. * logzerr[-1]))
02:38 bilby WARNING : Axis limits cannot be NaN or Inf
02:38 bilby WARNING : Failed to create dynesty run plot at checkpoint
02:49 bilby INFO    : Written checkpoint file results/48/None_resume.pickle
02:49 bilby WARNING : Too many bins for data range. Cannot create 500 finite-sized bins.
02:49 bilby WARNING : Failed to create dynesty state plot at checkpoint
/scratch/pratyusava.baral/Modified_Dispersion/src/dispersion/lib/python3.11/site-packages/dynesty/plotting.py:252: RuntimeWarning: overflow encountered in exp
  np.exp(logwt), logz if logplot else np.exp(logz)
/scratch/pratyusava.baral/Modified_Dispersion/src/dispersion/lib/python3.11/site-packages/dynesty/plotting.py:282: RuntimeWarning: overflow encountered in exp
  zspan = (0., 1.05 * np.exp(logz[-1] + 3. * logzerr[-1]))
02:49 bilby WARNING : Axis limits cannot be NaN or Inf
02:49 bilby WARNING : Failed to create dynesty run plot at checkpoint
02:59 bilby INFO    : Written checkpoint file results/48/None_resume.pickle
02:59 bilby WARNING : Too many bins for data range. Cannot create 500 finite-sized bins.
02:59 bilby WARNING : Failed to create dynesty state plot at checkpoint
/scratch/pratyusava.baral/Modified_Dispersion/src/dispersion/lib/python3.11/site-packages/dynesty/plotting.py:252: RuntimeWarning: overflow encountered in exp
  np.exp(logwt), logz if logplot else np.exp(logz)
/scratch/pratyusava.baral/Modified_Dispersion/src/dispersion/lib/python3.11/site-packages/dynesty/plotting.py:282: RuntimeWarning: overflow encountered in exp
  zspan = (0., 1.05 * np.exp(logz[-1] + 3. * logzerr[-1]))
02:59 bilby WARNING : Axis limits cannot be NaN or Inf
02:59 bilby WARNING : Failed to create dynesty run plot at checkpoint
03:10 bilby INFO    : Written checkpoint file results/48/None_resume.pickle
03:10 bilby WARNING : Too many bins for data range. Cannot create 500 finite-sized bins.
03:10 bilby WARNING : Failed to create dynesty state plot at checkpoint
/scratch/pratyusava.baral/Modified_Dispersion/src/dispersion/lib/python3.11/site-packages/dynesty/plotting.py:252: RuntimeWarning: overflow encountered in exp
  np.exp(logwt), logz if logplot else np.exp(logz)
/scratch/pratyusava.baral/Modified_Dispersion/src/dispersion/lib/python3.11/site-packages/dynesty/plotting.py:282: RuntimeWarning: overflow encountered in exp
  zspan = (0., 1.05 * np.exp(logz[-1] + 3. * logzerr[-1]))
03:10 bilby WARNING : Axis limits cannot be NaN or Inf
03:10 bilby WARNING : Failed to create dynesty run plot at checkpoint
03:20 bilby INFO    : Written checkpoint file results/48/None_resume.pickle
03:20 bilby WARNING : Too many bins for data range. Cannot create 500 finite-sized bins.
03:20 bilby WARNING : Failed to create dynesty state plot at checkpoint
/scratch/pratyusava.baral/Modified_Dispersion/src/dispersion/lib/python3.11/site-packages/dynesty/plotting.py:252: RuntimeWarning: overflow encountered in exp
  np.exp(logwt), logz if logplot else np.exp(logz)
/scratch/pratyusava.baral/Modified_Dispersion/src/dispersion/lib/python3.11/site-packages/dynesty/plotting.py:282: RuntimeWarning: overflow encountered in exp
  zspan = (0., 1.05 * np.exp(logz[-1] + 3. * logzerr[-1]))
03:20 bilby WARNING : Axis limits cannot be NaN or Inf
03:20 bilby WARNING : Failed to create dynesty run plot at checkpoint
03:30 bilby INFO    : Written checkpoint file results/48/None_resume.pickle
03:31 bilby WARNING : Too many bins for data range. Cannot create 500 finite-sized bins.
03:31 bilby WARNING : Failed to create dynesty state plot at checkpoint
/scratch/pratyusava.baral/Modified_Dispersion/src/dispersion/lib/python3.11/site-packages/dynesty/plotting.py:252: RuntimeWarning: overflow encountered in exp
  np.exp(logwt), logz if logplot else np.exp(logz)
/scratch/pratyusava.baral/Modified_Dispersion/src/dispersion/lib/python3.11/site-packages/dynesty/plotting.py:282: RuntimeWarning: overflow encountered in exp
  zspan = (0., 1.05 * np.exp(logz[-1] + 3. * logzerr[-1]))
03:31 bilby WARNING : Axis limits cannot be NaN or Inf
03:31 bilby WARNING : Failed to create dynesty run plot at checkpoint
03:41 bilby INFO    : Written checkpoint file results/48/None_resume.pickle
03:41 bilby WARNING : Too many bins for data range. Cannot create 500 finite-sized bins.
03:41 bilby WARNING : Failed to create dynesty state plot at checkpoint
/scratch/pratyusava.baral/Modified_Dispersion/src/dispersion/lib/python3.11/site-packages/dynesty/plotting.py:252: RuntimeWarning: overflow encountered in exp
  np.exp(logwt), logz if logplot else np.exp(logz)
/scratch/pratyusava.baral/Modified_Dispersion/src/dispersion/lib/python3.11/site-packages/dynesty/plotting.py:282: RuntimeWarning: overflow encountered in exp
  zspan = (0., 1.05 * np.exp(logz[-1] + 3. * logzerr[-1]))
03:41 bilby WARNING : Axis limits cannot be NaN or Inf
03:41 bilby WARNING : Failed to create dynesty run plot at checkpoint
03:52 bilby INFO    : Written checkpoint file results/48/None_resume.pickle
03:52 bilby WARNING : Too many bins for data range. Cannot create 500 finite-sized bins.
03:52 bilby WARNING : Failed to create dynesty state plot at checkpoint
/scratch/pratyusava.baral/Modified_Dispersion/src/dispersion/lib/python3.11/site-packages/dynesty/plotting.py:252: RuntimeWarning: overflow encountered in exp
  np.exp(logwt), logz if logplot else np.exp(logz)
/scratch/pratyusava.baral/Modified_Dispersion/src/dispersion/lib/python3.11/site-packages/dynesty/plotting.py:282: RuntimeWarning: overflow encountered in exp
  zspan = (0., 1.05 * np.exp(logz[-1] + 3. * logzerr[-1]))
03:52 bilby WARNING : Axis limits cannot be NaN or Inf
03:52 bilby WARNING : Failed to create dynesty run plot at checkpoint
04:02 bilby INFO    : Written checkpoint file results/48/None_resume.pickle
04:02 bilby WARNING : Too many bins for data range. Cannot create 500 finite-sized bins.
04:02 bilby WARNING : Failed to create dynesty state plot at checkpoint
/scratch/pratyusava.baral/Modified_Dispersion/src/dispersion/lib/python3.11/site-packages/dynesty/plotting.py:252: RuntimeWarning: overflow encountered in exp
  np.exp(logwt), logz if logplot else np.exp(logz)
/scratch/pratyusava.baral/Modified_Dispersion/src/dispersion/lib/python3.11/site-packages/dynesty/plotting.py:282: RuntimeWarning: overflow encountered in exp
  zspan = (0., 1.05 * np.exp(logz[-1] + 3. * logzerr[-1]))
04:02 bilby WARNING : Axis limits cannot be NaN or Inf
04:02 bilby WARNING : Failed to create dynesty run plot at checkpoint
04:12 bilby INFO    : Written checkpoint file results/48/None_resume.pickle
04:12 bilby WARNING : Too many bins for data range. Cannot create 500 finite-sized bins.
04:12 bilby WARNING : Failed to create dynesty state plot at checkpoint
/scratch/pratyusava.baral/Modified_Dispersion/src/dispersion/lib/python3.11/site-packages/dynesty/plotting.py:252: RuntimeWarning: overflow encountered in exp
  np.exp(logwt), logz if logplot else np.exp(logz)
/scratch/pratyusava.baral/Modified_Dispersion/src/dispersion/lib/python3.11/site-packages/dynesty/plotting.py:282: RuntimeWarning: overflow encountered in exp
  zspan = (0., 1.05 * np.exp(logz[-1] + 3. * logzerr[-1]))
04:12 bilby WARNING : Axis limits cannot be NaN or Inf
04:12 bilby WARNING : Failed to create dynesty run plot at checkpoint
04:22 bilby INFO    : Written checkpoint file results/48/None_resume.pickle
04:22 bilby WARNING : Too many bins for data range. Cannot create 500 finite-sized bins.
04:22 bilby WARNING : Failed to create dynesty state plot at checkpoint
/scratch/pratyusava.baral/Modified_Dispersion/src/dispersion/lib/python3.11/site-packages/dynesty/plotting.py:252: RuntimeWarning: overflow encountered in exp
  np.exp(logwt), logz if logplot else np.exp(logz)
/scratch/pratyusava.baral/Modified_Dispersion/src/dispersion/lib/python3.11/site-packages/dynesty/plotting.py:282: RuntimeWarning: overflow encountered in exp
  zspan = (0., 1.05 * np.exp(logz[-1] + 3. * logzerr[-1]))
04:22 bilby WARNING : Axis limits cannot be NaN or Inf
04:22 bilby WARNING : Failed to create dynesty run plot at checkpoint
04:33 bilby INFO    : Written checkpoint file results/48/None_resume.pickle
04:33 bilby WARNING : Too many bins for data range. Cannot create 500 finite-sized bins.
04:33 bilby WARNING : Failed to create dynesty state plot at checkpoint
/scratch/pratyusava.baral/Modified_Dispersion/src/dispersion/lib/python3.11/site-packages/dynesty/plotting.py:252: RuntimeWarning: overflow encountered in exp
  np.exp(logwt), logz if logplot else np.exp(logz)
/scratch/pratyusava.baral/Modified_Dispersion/src/dispersion/lib/python3.11/site-packages/dynesty/plotting.py:282: RuntimeWarning: overflow encountered in exp
  zspan = (0., 1.05 * np.exp(logz[-1] + 3. * logzerr[-1]))
04:33 bilby WARNING : Axis limits cannot be NaN or Inf
04:33 bilby WARNING : Failed to create dynesty run plot at checkpoint
04:43 bilby INFO    : Written checkpoint file results/48/None_resume.pickle
04:43 bilby WARNING : Too many bins for data range. Cannot create 500 finite-sized bins.
04:43 bilby WARNING : Failed to create dynesty state plot at checkpoint
/scratch/pratyusava.baral/Modified_Dispersion/src/dispersion/lib/python3.11/site-packages/dynesty/plotting.py:252: RuntimeWarning: overflow encountered in exp
  np.exp(logwt), logz if logplot else np.exp(logz)
/scratch/pratyusava.baral/Modified_Dispersion/src/dispersion/lib/python3.11/site-packages/dynesty/plotting.py:282: RuntimeWarning: overflow encountered in exp
  zspan = (0., 1.05 * np.exp(logz[-1] + 3. * logzerr[-1]))
04:43 bilby WARNING : Axis limits cannot be NaN or Inf
04:43 bilby WARNING : Failed to create dynesty run plot at checkpoint
04:54 bilby INFO    : Written checkpoint file results/48/None_resume.pickle
04:54 bilby WARNING : Too many bins for data range. Cannot create 500 finite-sized bins.
04:54 bilby WARNING : Failed to create dynesty state plot at checkpoint
/scratch/pratyusava.baral/Modified_Dispersion/src/dispersion/lib/python3.11/site-packages/dynesty/plotting.py:252: RuntimeWarning: overflow encountered in exp
  np.exp(logwt), logz if logplot else np.exp(logz)
/scratch/pratyusava.baral/Modified_Dispersion/src/dispersion/lib/python3.11/site-packages/dynesty/plotting.py:282: RuntimeWarning: overflow encountered in exp
  zspan = (0., 1.05 * np.exp(logz[-1] + 3. * logzerr[-1]))
04:54 bilby WARNING : Axis limits cannot be NaN or Inf
04:54 bilby WARNING : Failed to create dynesty run plot at checkpoint
05:04 bilby INFO    : Written checkpoint file results/48/None_resume.pickle
05:04 bilby WARNING : Too many bins for data range. Cannot create 500 finite-sized bins.
05:04 bilby WARNING : Failed to create dynesty state plot at checkpoint
/scratch/pratyusava.baral/Modified_Dispersion/src/dispersion/lib/python3.11/site-packages/dynesty/plotting.py:252: RuntimeWarning: overflow encountered in exp
  np.exp(logwt), logz if logplot else np.exp(logz)
/scratch/pratyusava.baral/Modified_Dispersion/src/dispersion/lib/python3.11/site-packages/dynesty/plotting.py:282: RuntimeWarning: overflow encountered in exp
  zspan = (0., 1.05 * np.exp(logz[-1] + 3. * logzerr[-1]))
05:04 bilby WARNING : Axis limits cannot be NaN or Inf
05:04 bilby WARNING : Failed to create dynesty run plot at checkpoint
05:15 bilby INFO    : Written checkpoint file results/48/None_resume.pickle
05:15 bilby WARNING : Too many bins for data range. Cannot create 500 finite-sized bins.
05:15 bilby WARNING : Failed to create dynesty state plot at checkpoint
/scratch/pratyusava.baral/Modified_Dispersion/src/dispersion/lib/python3.11/site-packages/dynesty/plotting.py:252: RuntimeWarning: overflow encountered in exp
  np.exp(logwt), logz if logplot else np.exp(logz)
/scratch/pratyusava.baral/Modified_Dispersion/src/dispersion/lib/python3.11/site-packages/dynesty/plotting.py:282: RuntimeWarning: overflow encountered in exp
  zspan = (0., 1.05 * np.exp(logz[-1] + 3. * logzerr[-1]))
05:15 bilby WARNING : Axis limits cannot be NaN or Inf
05:15 bilby WARNING : Failed to create dynesty run plot at checkpoint
05:24 bilby INFO    : Written checkpoint file results/48/None_resume.pickle
05:24 bilby WARNING : Too many bins for data range. Cannot create 500 finite-sized bins.
05:24 bilby WARNING : Failed to create dynesty state plot at checkpoint
/scratch/pratyusava.baral/Modified_Dispersion/src/dispersion/lib/python3.11/site-packages/dynesty/plotting.py:252: RuntimeWarning: overflow encountered in exp
  np.exp(logwt), logz if logplot else np.exp(logz)
/scratch/pratyusava.baral/Modified_Dispersion/src/dispersion/lib/python3.11/site-packages/dynesty/plotting.py:282: RuntimeWarning: overflow encountered in exp
  zspan = (0., 1.05 * np.exp(logz[-1] + 3. * logzerr[-1]))
05:24 bilby WARNING : Axis limits cannot be NaN or Inf
05:24 bilby WARNING : Failed to create dynesty run plot at checkpoint
05:24 bilby INFO    : Starting to close worker pool.
05:24 bilby INFO    : Finished closing worker pool.
05:24 bilby INFO    : Rejection sampling nested samples to obtain 3439 posterior samples
05:24 bilby INFO    : Sampling time: 1 day, 11:58:12.900499
05:24 bilby INFO    : Summary of results:
nsamples: 3439
ln_noise_evidence: -247945.576
ln_evidence: -1056.421 +/-  0.351
ln_bayes_factor: 246889.155 +/-  0.351

