000 (78852668.052.000) 2026-10-01 10:44:08 Job submitted from host: <10.14.0.121:9618?addrs=10.14.0.121-9618&alias=ldas-pcdev12.ligo.caltech.edu&noUDP&sock=schedd_623140_c9b4>
...
001 (78852668.052.000) 2026-10-01 10:47:58 Job executing on host: <10.14.10.129:9618?addrs=10.14.10.129-9618&alias=node2379.cluster.ldas.cit&noUDP&sock=startd_2659246_25db>
	SlotName: slot1_2@node2379.cluster.ldas.cit
	CondorScratchDir = "/var/lib/condor/execute/dir_3759752/scratch"
	Cpus = 4
	Disk = 28672
	GPUs = 0
	Memory = 15104
...
006 (78852668.052.000) 2026-10-01 10:47:58 Image size of job updated: 25000
	0  -  MemoryUsage of job (MB)
	0  -  ResidentSetSize of job (KB)
...
005 (78852668.052.000) 2026-10-01 10:47:58 Job terminated.
	(1) Normal termination (return value 1)
		Usr 0 00:00:00, Sys 0 00:00:00  -  Run Remote Usage
		Usr 0 00:00:00, Sys 0 00:00:00  -  Run Local Usage
		Usr 0 00:00:00, Sys 0 00:00:00  -  Total Remote Usage
		Usr 0 00:00:00, Sys 0 00:00:00  -  Total Local Usage
	0  -  Run Bytes Sent By Job
	0  -  Run Bytes Received By Job
	0  -  Total Bytes Sent By Job
	0  -  Total Bytes Received By Job
	Partitionable Resources :    Usage  Request Allocated 
	   Cpus                 :                 4         4 
	   Disk (KB)            :    25000    25000     28672 
	   GPUs                 :                           0 
	   Memory (MB)          :        0    15000     15104 
	   TimeExecute (s)      :        0                    
	   TimeSlotBusy (s)     :        0                    
...
000 (78854871.052.000) 2026-10-03 17:15:42 Job submitted from host: <10.14.0.121:9618?addrs=10.14.0.121-9618&alias=ldas-pcdev12.ligo.caltech.edu&noUDP&sock=schedd_623140_c9b4>
...
001 (78854871.052.000) 2026-10-03 17:16:40 Job executing on host: <10.14.10.46:9618?addrs=10.14.10.46-9618&alias=node2296.cluster.ldas.cit&noUDP&sock=startd_2225718_ffcb>
	SlotName: slot1_11@node2296.cluster.ldas.cit
	CondorScratchDir = "/var/lib/condor/execute/dir_3279003/scratch"
	Cpus = 4
	Disk = 28672
	GPUs = 0
	Memory = 15104
...
006 (78854871.052.000) 2026-10-03 17:16:49 Image size of job updated: 225968
	221  -  MemoryUsage of job (MB)
	225968  -  ResidentSetSize of job (KB)
...
006 (78854871.052.000) 2026-10-03 17:21:50 Image size of job updated: 299612
	293  -  MemoryUsage of job (MB)
	299612  -  ResidentSetSize of job (KB)
...
006 (78854871.052.000) 2026-10-03 17:26:51 Image size of job updated: 301344
	295  -  MemoryUsage of job (MB)
	301344  -  ResidentSetSize of job (KB)
...
006 (78854871.052.000) 2026-10-03 17:31:51 Image size of job updated: 405208
	396  -  MemoryUsage of job (MB)
	405208  -  ResidentSetSize of job (KB)
...
006 (78854871.052.000) 2026-10-03 17:36:52 Image size of job updated: 405252
	396  -  MemoryUsage of job (MB)
	405252  -  ResidentSetSize of job (KB)
...
006 (78854871.052.000) 2026-10-03 17:41:53 Image size of job updated: 421676
	412  -  MemoryUsage of job (MB)
	421676  -  ResidentSetSize of job (KB)
...
006 (78854871.052.000) 2026-10-03 17:46:53 Image size of job updated: 563904
	551  -  MemoryUsage of job (MB)
	563904  -  ResidentSetSize of job (KB)
...
006 (78854871.052.000) 2026-10-03 17:51:53 Image size of job updated: 732780
	716  -  MemoryUsage of job (MB)
	732780  -  ResidentSetSize of job (KB)
...
006 (78854871.052.000) 2026-10-03 17:56:54 Image size of job updated: 732792
	716  -  MemoryUsage of job (MB)
	732792  -  ResidentSetSize of job (KB)
...
006 (78854871.052.000) 2026-10-03 18:01:54 Image size of job updated: 735624
	719  -  MemoryUsage of job (MB)
	735624  -  ResidentSetSize of job (KB)
...
006 (78854871.052.000) 2026-10-03 18:06:54 Image size of job updated: 735636
	719  -  MemoryUsage of job (MB)
	735636  -  ResidentSetSize of job (KB)
...
006 (78854871.052.000) 2026-10-03 18:11:55 Image size of job updated: 736892
	720  -  MemoryUsage of job (MB)
	736892  -  ResidentSetSize of job (KB)
...
006 (78854871.052.000) 2026-10-03 18:16:55 Image size of job updated: 736896
	720  -  MemoryUsage of job (MB)
	736896  -  ResidentSetSize of job (KB)
...
006 (78854871.052.000) 2026-10-03 18:21:55 Image size of job updated: 750640
	731  -  MemoryUsage of job (MB)
	747624  -  ResidentSetSize of job (KB)
...
006 (78854871.052.000) 2026-10-03 18:26:56 Image size of job updated: 750640
	731  -  MemoryUsage of job (MB)
	747628  -  ResidentSetSize of job (KB)
...
006 (78854871.052.000) 2026-10-03 18:31:57 Image size of job updated: 750640
	732  -  MemoryUsage of job (MB)
	748640  -  ResidentSetSize of job (KB)
...
006 (78854871.052.000) 2026-10-03 18:36:57 Image size of job updated: 750640
	732  -  MemoryUsage of job (MB)
	748644  -  ResidentSetSize of job (KB)
...
006 (78854871.052.000) 2026-10-03 18:41:58 Image size of job updated: 760136
	743  -  MemoryUsage of job (MB)
	760136  -  ResidentSetSize of job (KB)
...
006 (78854871.052.000) 2026-10-03 18:51:59 Image size of job updated: 775032
	757  -  MemoryUsage of job (MB)
	775032  -  ResidentSetSize of job (KB)
...
006 (78854871.052.000) 2026-10-03 18:57:00 Image size of job updated: 775040
	757  -  MemoryUsage of job (MB)
	775040  -  ResidentSetSize of job (KB)
...
006 (78854871.052.000) 2026-10-03 19:02:01 Image size of job updated: 775060
	757  -  MemoryUsage of job (MB)
	775060  -  ResidentSetSize of job (KB)
...
006 (78854871.052.000) 2026-10-03 19:07:01 Image size of job updated: 775064
	757  -  MemoryUsage of job (MB)
	775064  -  ResidentSetSize of job (KB)
...
006 (78854871.052.000) 2026-10-03 19:12:02 Image size of job updated: 775068
	757  -  MemoryUsage of job (MB)
	775068  -  ResidentSetSize of job (KB)
...
006 (78854871.052.000) 2026-10-03 19:17:03 Image size of job updated: 775072
	757  -  MemoryUsage of job (MB)
	775072  -  ResidentSetSize of job (KB)
...
006 (78854871.052.000) 2026-10-03 19:22:03 Image size of job updated: 775084
	757  -  MemoryUsage of job (MB)
	775084  -  ResidentSetSize of job (KB)
...
006 (78854871.052.000) 2026-10-03 19:27:03 Image size of job updated: 775088
	757  -  MemoryUsage of job (MB)
	775088  -  ResidentSetSize of job (KB)
...
006 (78854871.052.000) 2026-10-03 19:32:04 Image size of job updated: 776100
	758  -  MemoryUsage of job (MB)
	776100  -  ResidentSetSize of job (KB)
...
006 (78854871.052.000) 2026-10-03 19:42:04 Image size of job updated: 776104
	758  -  MemoryUsage of job (MB)
	776104  -  ResidentSetSize of job (KB)
...
006 (78854871.052.000) 2026-10-03 19:52:06 Image size of job updated: 777120
	759  -  MemoryUsage of job (MB)
	777120  -  ResidentSetSize of job (KB)
...
006 (78854871.052.000) 2026-10-03 19:57:06 Image size of job updated: 777124
	759  -  MemoryUsage of job (MB)
	777124  -  ResidentSetSize of job (KB)
...
006 (78854871.052.000) 2026-10-03 20:02:07 Image size of job updated: 778140
	760  -  MemoryUsage of job (MB)
	778140  -  ResidentSetSize of job (KB)
...
006 (78854871.052.000) 2026-10-03 20:07:08 Image size of job updated: 778300
	761  -  MemoryUsage of job (MB)
	778300  -  ResidentSetSize of job (KB)
...
006 (78854871.052.000) 2026-10-03 20:12:08 Image size of job updated: 779312
	762  -  MemoryUsage of job (MB)
	779312  -  ResidentSetSize of job (KB)
...
006 (78854871.052.000) 2026-10-03 20:17:09 Image size of job updated: 781356
	764  -  MemoryUsage of job (MB)
	781356  -  ResidentSetSize of job (KB)
...
006 (78854871.052.000) 2026-10-03 20:22:10 Image size of job updated: 782932
	765  -  MemoryUsage of job (MB)
	782932  -  ResidentSetSize of job (KB)
...
006 (78854871.052.000) 2026-10-03 20:27:10 Image size of job updated: 782936
	765  -  MemoryUsage of job (MB)
	782936  -  ResidentSetSize of job (KB)
...
006 (78854871.052.000) 2026-10-03 20:32:11 Image size of job updated: 786532
	767  -  MemoryUsage of job (MB)
	784516  -  ResidentSetSize of job (KB)
...
006 (78854871.052.000) 2026-10-03 20:42:12 Image size of job updated: 786532
	768  -  MemoryUsage of job (MB)
	786424  -  ResidentSetSize of job (KB)
...
006 (78854871.052.000) 2026-10-03 21:02:15 Image size of job updated: 787436
	769  -  MemoryUsage of job (MB)
	787436  -  ResidentSetSize of job (KB)
...
006 (78854871.052.000) 2026-10-03 21:07:15 Image size of job updated: 787440
	769  -  MemoryUsage of job (MB)
	787440  -  ResidentSetSize of job (KB)
...
006 (78854871.052.000) 2026-10-03 21:22:16 Image size of job updated: 789472
	770  -  MemoryUsage of job (MB)
	788464  -  ResidentSetSize of job (KB)
...
004 (78854871.052.000) 2026-10-03 21:36:42 Job was evicted. Code 1023 Subcode 0
	(0) CPU times
		Usr 0 13:50:13, Sys 0 00:00:41  -  Run Remote Usage
		Usr 0 00:00:00, Sys 0 00:00:00  -  Run Local Usage
	0  -  Run Bytes Sent By Job
	0  -  Run Bytes Received By Job
	Reason: via condor_rm (by user pratyusava.baral)
	Partitionable Resources :    Usage  Request Allocated 
	   Cpus                 :     3.97        4         4 
	   Disk (KB)            : 25000       25000     28672 
	   GPUs                 :                           0 
	   Memory (MB)          :   770       15000     15104 
	   TimeExecute (s)      : 15602                       
	   TimeSlotBusy (s)     : 15603                       
...
009 (78854871.052.000) 2026-10-03 21:36:42 Job was aborted.
	via condor_rm (by user pratyusava.baral)
...
000 (78854907.052.000) 2026-10-03 21:37:08 Job submitted from host: <10.14.0.121:9618?addrs=10.14.0.121-9618&alias=ldas-pcdev12.ligo.caltech.edu&noUDP&sock=schedd_623140_c9b4>
...
001 (78854907.052.000) 2026-10-03 21:38:42 Job executing on host: <10.14.6.240:9618?addrs=10.14.6.240-9618&alias=node1490.cluster.ldas.cit&noUDP&sock=startd_34754_ee87>
	SlotName: slot1_2@node1490.cluster.ldas.cit
	CondorScratchDir = "/var/lib/condor/execute/dir_799706/scratch"
	Cpus = 4
	Disk = 28672
	GPUs = 0
	Memory = 15104
...
006 (78854907.052.000) 2026-10-03 21:38:50 Image size of job updated: 209532
	205  -  MemoryUsage of job (MB)
	209532  -  ResidentSetSize of job (KB)
...
006 (78854907.052.000) 2026-10-03 21:43:50 Image size of job updated: 281288
	275  -  MemoryUsage of job (MB)
	281288  -  ResidentSetSize of job (KB)
...
006 (78854907.052.000) 2026-10-03 21:48:51 Image size of job updated: 405908
	397  -  MemoryUsage of job (MB)
	405908  -  ResidentSetSize of job (KB)
...
006 (78854907.052.000) 2026-10-03 21:53:52 Image size of job updated: 414060
	405  -  MemoryUsage of job (MB)
	414060  -  ResidentSetSize of job (KB)
...
006 (78854907.052.000) 2026-10-03 21:58:52 Image size of job updated: 436960
	427  -  MemoryUsage of job (MB)
	436960  -  ResidentSetSize of job (KB)
...
006 (78854907.052.000) 2026-10-03 22:03:53 Image size of job updated: 442016
	432  -  MemoryUsage of job (MB)
	442016  -  ResidentSetSize of job (KB)
...
006 (78854907.052.000) 2026-10-03 22:08:54 Image size of job updated: 446840
	437  -  MemoryUsage of job (MB)
	446840  -  ResidentSetSize of job (KB)
...
006 (78854907.052.000) 2026-10-03 22:13:54 Image size of job updated: 446984
	437  -  MemoryUsage of job (MB)
	446984  -  ResidentSetSize of job (KB)
...
006 (78854907.052.000) 2026-10-03 22:18:55 Image size of job updated: 471368
	461  -  MemoryUsage of job (MB)
	471368  -  ResidentSetSize of job (KB)
...
006 (78854907.052.000) 2026-10-03 22:23:56 Image size of job updated: 471456
	461  -  MemoryUsage of job (MB)
	471456  -  ResidentSetSize of job (KB)
...
006 (78854907.052.000) 2026-10-03 22:28:56 Image size of job updated: 478004
	467  -  MemoryUsage of job (MB)
	478004  -  ResidentSetSize of job (KB)
...
006 (78854907.052.000) 2026-10-03 22:33:57 Image size of job updated: 478100
	467  -  MemoryUsage of job (MB)
	478100  -  ResidentSetSize of job (KB)
...
006 (78854907.052.000) 2026-10-03 22:38:58 Image size of job updated: 478136
	467  -  MemoryUsage of job (MB)
	478136  -  ResidentSetSize of job (KB)
...
006 (78854907.052.000) 2026-10-03 22:43:58 Image size of job updated: 478176
	467  -  MemoryUsage of job (MB)
	478176  -  ResidentSetSize of job (KB)
...
006 (78854907.052.000) 2026-10-03 22:48:59 Image size of job updated: 478204
	467  -  MemoryUsage of job (MB)
	478204  -  ResidentSetSize of job (KB)
...
006 (78854907.052.000) 2026-10-03 22:54:00 Image size of job updated: 478228
	468  -  MemoryUsage of job (MB)
	478228  -  ResidentSetSize of job (KB)
...
006 (78854907.052.000) 2026-10-03 22:59:00 Image size of job updated: 478248
	468  -  MemoryUsage of job (MB)
	478248  -  ResidentSetSize of job (KB)
...
006 (78854907.052.000) 2026-10-03 23:04:00 Image size of job updated: 478372
	468  -  MemoryUsage of job (MB)
	478372  -  ResidentSetSize of job (KB)
...
006 (78854907.052.000) 2026-10-03 23:09:01 Image size of job updated: 478400
	468  -  MemoryUsage of job (MB)
	478400  -  ResidentSetSize of job (KB)
...
006 (78854907.052.000) 2026-10-03 23:14:01 Image size of job updated: 478412
	468  -  MemoryUsage of job (MB)
	478412  -  ResidentSetSize of job (KB)
...
006 (78854907.052.000) 2026-10-03 23:19:01 Image size of job updated: 478432
	468  -  MemoryUsage of job (MB)
	478432  -  ResidentSetSize of job (KB)
...
006 (78854907.052.000) 2026-10-03 23:24:02 Image size of job updated: 484120
	473  -  MemoryUsage of job (MB)
	484120  -  ResidentSetSize of job (KB)
...
006 (78854907.052.000) 2026-10-03 23:29:02 Image size of job updated: 484128
	473  -  MemoryUsage of job (MB)
	484128  -  ResidentSetSize of job (KB)
...
006 (78854907.052.000) 2026-10-03 23:34:02 Image size of job updated: 484192
	473  -  MemoryUsage of job (MB)
	484192  -  ResidentSetSize of job (KB)
...
006 (78854907.052.000) 2026-10-03 23:39:03 Image size of job updated: 484204
	473  -  MemoryUsage of job (MB)
	484204  -  ResidentSetSize of job (KB)
...
006 (78854907.052.000) 2026-10-03 23:44:03 Image size of job updated: 484208
	473  -  MemoryUsage of job (MB)
	484204  -  ResidentSetSize of job (KB)
...
006 (78854907.052.000) 2026-10-03 23:54:04 Image size of job updated: 485928
	474  -  MemoryUsage of job (MB)
	484908  -  ResidentSetSize of job (KB)
...
006 (78854907.052.000) 2026-10-03 23:59:04 Image size of job updated: 485928
	474  -  MemoryUsage of job (MB)
	484928  -  ResidentSetSize of job (KB)
...
006 (78854907.052.000) 2026-10-04 00:04:04 Image size of job updated: 485928
	474  -  MemoryUsage of job (MB)
	484932  -  ResidentSetSize of job (KB)
...
006 (78854907.052.000) 2026-10-04 00:09:05 Image size of job updated: 485928
	474  -  MemoryUsage of job (MB)
	484936  -  ResidentSetSize of job (KB)
...
006 (78854907.052.000) 2026-10-04 00:14:05 Image size of job updated: 485928
	475  -  MemoryUsage of job (MB)
	485812  -  ResidentSetSize of job (KB)
...
006 (78854907.052.000) 2026-10-04 00:19:05 Image size of job updated: 485928
	475  -  MemoryUsage of job (MB)
	485836  -  ResidentSetSize of job (KB)
...
006 (78854907.052.000) 2026-10-04 00:24:06 Image size of job updated: 487440
	477  -  MemoryUsage of job (MB)
	487440  -  ResidentSetSize of job (KB)
...
006 (78854907.052.000) 2026-10-04 00:29:06 Image size of job updated: 487444
	477  -  MemoryUsage of job (MB)
	487444  -  ResidentSetSize of job (KB)
...
006 (78854907.052.000) 2026-10-04 00:44:07 Image size of job updated: 491692
	481  -  MemoryUsage of job (MB)
	491692  -  ResidentSetSize of job (KB)
...
006 (78854907.052.000) 2026-10-04 00:49:07 Image size of job updated: 491700
	481  -  MemoryUsage of job (MB)
	491700  -  ResidentSetSize of job (KB)
...
006 (78854907.052.000) 2026-10-04 00:54:08 Image size of job updated: 491708
	481  -  MemoryUsage of job (MB)
	491700  -  ResidentSetSize of job (KB)
...
006 (78854907.052.000) 2026-10-04 01:14:10 Image size of job updated: 492020
	481  -  MemoryUsage of job (MB)
	492020  -  ResidentSetSize of job (KB)
...
006 (78854907.052.000) 2026-10-04 01:19:10 Image size of job updated: 492224
	481  -  MemoryUsage of job (MB)
	492224  -  ResidentSetSize of job (KB)
...
006 (78854907.052.000) 2026-10-04 01:29:12 Image size of job updated: 492852
	482  -  MemoryUsage of job (MB)
	492852  -  ResidentSetSize of job (KB)
...
006 (78854907.052.000) 2026-10-04 01:34:12 Image size of job updated: 494596
	484  -  MemoryUsage of job (MB)
	494596  -  ResidentSetSize of job (KB)
...
006 (78854907.052.000) 2026-10-04 01:39:13 Image size of job updated: 494600
	484  -  MemoryUsage of job (MB)
	494600  -  ResidentSetSize of job (KB)
...
006 (78854907.052.000) 2026-10-04 01:44:14 Image size of job updated: 494612
	484  -  MemoryUsage of job (MB)
	494600  -  ResidentSetSize of job (KB)
...
006 (78854907.052.000) 2026-10-04 02:49:21 Image size of job updated: 496924
	486  -  MemoryUsage of job (MB)
	496924  -  ResidentSetSize of job (KB)
...
006 (78854907.052.000) 2026-10-04 02:54:21 Image size of job updated: 497008
	486  -  MemoryUsage of job (MB)
	497008  -  ResidentSetSize of job (KB)
...
006 (78854907.052.000) 2026-10-04 02:59:22 Image size of job updated: 500172
	489  -  MemoryUsage of job (MB)
	500172  -  ResidentSetSize of job (KB)
...
006 (78854907.052.000) 2026-10-04 03:04:22 Image size of job updated: 500176
	489  -  MemoryUsage of job (MB)
	500176  -  ResidentSetSize of job (KB)
...
006 (78854907.052.000) 2026-10-04 03:09:22 Image size of job updated: 507208
	489  -  MemoryUsage of job (MB)
	500176  -  ResidentSetSize of job (KB)
...
006 (78854907.052.000) 2026-10-04 03:19:23 Image size of job updated: 507208
	490  -  MemoryUsage of job (MB)
	501416  -  ResidentSetSize of job (KB)
...
006 (78854907.052.000) 2026-10-04 03:24:23 Image size of job updated: 507208
	490  -  MemoryUsage of job (MB)
	501420  -  ResidentSetSize of job (KB)
...
006 (78854907.052.000) 2026-10-04 03:49:25 Image size of job updated: 512052
	501  -  MemoryUsage of job (MB)
	512052  -  ResidentSetSize of job (KB)
...
006 (78854907.052.000) 2026-10-04 03:54:25 Image size of job updated: 512060
	501  -  MemoryUsage of job (MB)
	512060  -  ResidentSetSize of job (KB)
...
006 (78854907.052.000) 2026-10-04 03:59:26 Image size of job updated: 522068
	510  -  MemoryUsage of job (MB)
	522068  -  ResidentSetSize of job (KB)
...
006 (78854907.052.000) 2026-10-04 04:04:26 Image size of job updated: 522076
	510  -  MemoryUsage of job (MB)
	522076  -  ResidentSetSize of job (KB)
...
006 (78854907.052.000) 2026-10-04 04:09:26 Image size of job updated: 522080
	510  -  MemoryUsage of job (MB)
	522080  -  ResidentSetSize of job (KB)
...
006 (78854907.052.000) 2026-10-04 04:14:28 Image size of job updated: 522084
	510  -  MemoryUsage of job (MB)
	522084  -  ResidentSetSize of job (KB)
...
006 (78854907.052.000) 2026-10-04 04:19:28 Image size of job updated: 523100
	511  -  MemoryUsage of job (MB)
	523100  -  ResidentSetSize of job (KB)
...
006 (78854907.052.000) 2026-10-04 04:24:28 Image size of job updated: 523104
	511  -  MemoryUsage of job (MB)
	523104  -  ResidentSetSize of job (KB)
...
006 (78854907.052.000) 2026-10-04 04:29:29 Image size of job updated: 525180
	512  -  MemoryUsage of job (MB)
	524172  -  ResidentSetSize of job (KB)
...
006 (78854907.052.000) 2026-10-04 04:34:30 Image size of job updated: 525180
	512  -  MemoryUsage of job (MB)
	524200  -  ResidentSetSize of job (KB)
...
006 (78854907.052.000) 2026-10-04 04:39:30 Image size of job updated: 525184
	512  -  MemoryUsage of job (MB)
	524200  -  ResidentSetSize of job (KB)
...
006 (78854907.052.000) 2026-10-04 04:49:32 Image size of job updated: 527248
	513  -  MemoryUsage of job (MB)
	525232  -  ResidentSetSize of job (KB)
...
006 (78854907.052.000) 2026-10-04 04:54:32 Image size of job updated: 527248
	513  -  MemoryUsage of job (MB)
	525236  -  ResidentSetSize of job (KB)
...
006 (78854907.052.000) 2026-10-04 04:59:33 Image size of job updated: 527252
	514  -  MemoryUsage of job (MB)
	526248  -  ResidentSetSize of job (KB)
...
006 (78854907.052.000) 2026-10-04 05:04:34 Image size of job updated: 527252
	514  -  MemoryUsage of job (MB)
	526252  -  ResidentSetSize of job (KB)
...
006 (78854907.052.000) 2026-10-04 05:09:34 Image size of job updated: 528272
	516  -  MemoryUsage of job (MB)
	528272  -  ResidentSetSize of job (KB)
...
006 (78854907.052.000) 2026-10-04 05:14:35 Image size of job updated: 528340
	516  -  MemoryUsage of job (MB)
	528340  -  ResidentSetSize of job (KB)
...
006 (78854907.052.000) 2026-10-04 05:19:36 Image size of job updated: 529360
	517  -  MemoryUsage of job (MB)
	529360  -  ResidentSetSize of job (KB)
...
006 (78854907.052.000) 2026-10-04 05:24:36 Image size of job updated: 529364
	517  -  MemoryUsage of job (MB)
	529364  -  ResidentSetSize of job (KB)
...
006 (78854907.052.000) 2026-10-04 05:29:36 Image size of job updated: 530096
	517  -  MemoryUsage of job (MB)
	529364  -  ResidentSetSize of job (KB)
...
006 (78854907.052.000) 2026-10-04 05:39:37 Image size of job updated: 530104
	518  -  MemoryUsage of job (MB)
	530104  -  ResidentSetSize of job (KB)
...
006 (78854907.052.000) 2026-10-04 05:49:38 Image size of job updated: 530108
	518  -  MemoryUsage of job (MB)
	530108  -  ResidentSetSize of job (KB)
...
006 (78854907.052.000) 2026-10-04 05:54:38 Image size of job updated: 532436
	520  -  MemoryUsage of job (MB)
	532148  -  ResidentSetSize of job (KB)
...
006 (78854907.052.000) 2026-10-04 06:14:39 Image size of job updated: 538288
	526  -  MemoryUsage of job (MB)
	538288  -  ResidentSetSize of job (KB)
...
006 (78854907.052.000) 2026-10-04 06:19:41 Image size of job updated: 538292
	526  -  MemoryUsage of job (MB)
	538292  -  ResidentSetSize of job (KB)
...
006 (78854907.052.000) 2026-10-04 06:29:41 Image size of job updated: 538296
	526  -  MemoryUsage of job (MB)
	538296  -  ResidentSetSize of job (KB)
...
006 (78854907.052.000) 2026-10-04 06:34:42 Image size of job updated: 539308
	527  -  MemoryUsage of job (MB)
	539308  -  ResidentSetSize of job (KB)
...
006 (78854907.052.000) 2026-10-04 06:39:43 Image size of job updated: 539356
	527  -  MemoryUsage of job (MB)
	539356  -  ResidentSetSize of job (KB)
...
006 (78854907.052.000) 2026-10-04 06:44:43 Image size of job updated: 544996
	533  -  MemoryUsage of job (MB)
	544996  -  ResidentSetSize of job (KB)
...
006 (78854907.052.000) 2026-10-04 06:54:45 Image size of job updated: 547016
	534  -  MemoryUsage of job (MB)
	546008  -  ResidentSetSize of job (KB)
...
006 (78854907.052.000) 2026-10-04 06:59:45 Image size of job updated: 547016
	534  -  MemoryUsage of job (MB)
	546012  -  ResidentSetSize of job (KB)
...
006 (78854907.052.000) 2026-10-04 07:04:46 Image size of job updated: 547016
	534  -  MemoryUsage of job (MB)
	546016  -  ResidentSetSize of job (KB)
...
006 (78854907.052.000) 2026-10-04 07:14:47 Image size of job updated: 547016
	534  -  MemoryUsage of job (MB)
	546020  -  ResidentSetSize of job (KB)
...
006 (78854907.052.000) 2026-10-04 07:24:49 Image size of job updated: 548104
	536  -  MemoryUsage of job (MB)
	548104  -  ResidentSetSize of job (KB)
...
006 (78854907.052.000) 2026-10-04 07:34:50 Image size of job updated: 549116
	536  -  MemoryUsage of job (MB)
	548104  -  ResidentSetSize of job (KB)
...
006 (78854907.052.000) 2026-10-04 07:39:51 Image size of job updated: 549116
	536  -  MemoryUsage of job (MB)
	548108  -  ResidentSetSize of job (KB)
...
006 (78854907.052.000) 2026-10-04 07:44:51 Image size of job updated: 549116
	537  -  MemoryUsage of job (MB)
	549108  -  ResidentSetSize of job (KB)
...
006 (78854907.052.000) 2026-10-04 07:54:53 Image size of job updated: 549116
	537  -  MemoryUsage of job (MB)
	549112  -  ResidentSetSize of job (KB)
...
006 (78854907.052.000) 2026-10-04 08:04:54 Image size of job updated: 550152
	538  -  MemoryUsage of job (MB)
	550152  -  ResidentSetSize of job (KB)
...
006 (78854907.052.000) 2026-10-04 08:09:55 Image size of job updated: 551232
	539  -  MemoryUsage of job (MB)
	551232  -  ResidentSetSize of job (KB)
...
006 (78854907.052.000) 2026-10-04 08:14:55 Image size of job updated: 552244
	539  -  MemoryUsage of job (MB)
	551232  -  ResidentSetSize of job (KB)
...
006 (78854907.052.000) 2026-10-04 08:44:58 Image size of job updated: 572184
	539  -  MemoryUsage of job (MB)
	551232  -  ResidentSetSize of job (KB)
...
006 (78854907.052.000) 2026-10-04 09:35:03 Image size of job updated: 572184
	543  -  MemoryUsage of job (MB)
	555276  -  ResidentSetSize of job (KB)
...
006 (78854907.052.000) 2026-10-04 09:45:04 Image size of job updated: 572184
	543  -  MemoryUsage of job (MB)
	555344  -  ResidentSetSize of job (KB)
...
006 (78854907.052.000) 2026-10-04 10:00:06 Image size of job updated: 572184
	544  -  MemoryUsage of job (MB)
	556360  -  ResidentSetSize of job (KB)
...
006 (78854907.052.000) 2026-10-04 10:20:09 Image size of job updated: 578712
	544  -  MemoryUsage of job (MB)
	556360  -  ResidentSetSize of job (KB)
...
006 (78854907.052.000) 2026-10-04 10:40:12 Image size of job updated: 578712
	550  -  MemoryUsage of job (MB)
	562512  -  ResidentSetSize of job (KB)
...
006 (78854907.052.000) 2026-10-04 10:50:12 Image size of job updated: 578712
	550  -  MemoryUsage of job (MB)
	562700  -  ResidentSetSize of job (KB)
...
006 (78854907.052.000) 2026-10-04 10:55:13 Image size of job updated: 578712
	550  -  MemoryUsage of job (MB)
	562704  -  ResidentSetSize of job (KB)
...
006 (78854907.052.000) 2026-10-04 11:00:13 Image size of job updated: 578712
	562  -  MemoryUsage of job (MB)
	575364  -  ResidentSetSize of job (KB)
...
006 (78854907.052.000) 2026-10-04 11:20:14 Image size of job updated: 578712
	563  -  MemoryUsage of job (MB)
	576376  -  ResidentSetSize of job (KB)
...
006 (78854907.052.000) 2026-10-04 11:30:15 Image size of job updated: 578712
	563  -  MemoryUsage of job (MB)
	576380  -  ResidentSetSize of job (KB)
...
006 (78854907.052.000) 2026-10-04 11:40:16 Image size of job updated: 578712
	563  -  MemoryUsage of job (MB)
	576388  -  ResidentSetSize of job (KB)
...
006 (78854907.052.000) 2026-10-04 11:50:16 Image size of job updated: 578712
	564  -  MemoryUsage of job (MB)
	577388  -  ResidentSetSize of job (KB)
...
006 (78854907.052.000) 2026-10-04 11:55:17 Image size of job updated: 578712
	564  -  MemoryUsage of job (MB)
	577392  -  ResidentSetSize of job (KB)
...
006 (78854907.052.000) 2026-10-04 12:00:17 Image size of job updated: 578712
	564  -  MemoryUsage of job (MB)
	577460  -  ResidentSetSize of job (KB)
...
006 (78854907.052.000) 2026-10-04 12:10:18 Image size of job updated: 579508
	566  -  MemoryUsage of job (MB)
	579508  -  ResidentSetSize of job (KB)
...
006 (78854907.052.000) 2026-10-04 12:20:18 Image size of job updated: 580520
	567  -  MemoryUsage of job (MB)
	580520  -  ResidentSetSize of job (KB)
...
006 (78854907.052.000) 2026-10-04 12:30:19 Image size of job updated: 590760
	577  -  MemoryUsage of job (MB)
	590760  -  ResidentSetSize of job (KB)
...
006 (78854907.052.000) 2026-10-04 13:00:23 Image size of job updated: 590764
	577  -  MemoryUsage of job (MB)
	590764  -  ResidentSetSize of job (KB)
...
006 (78854907.052.000) 2026-10-04 13:15:25 Image size of job updated: 591788
	578  -  MemoryUsage of job (MB)
	591788  -  ResidentSetSize of job (KB)
...
006 (78854907.052.000) 2026-10-04 13:25:26 Image size of job updated: 593836
	580  -  MemoryUsage of job (MB)
	593836  -  ResidentSetSize of job (KB)
...
006 (78854907.052.000) 2026-10-04 13:45:01 Image size of job updated: 593852
	580  -  MemoryUsage of job (MB)
	593836  -  ResidentSetSize of job (KB)
...
004 (78854907.052.000) 2026-10-04 13:45:01 Job was evicted. Code 1023 Subcode 0
	(0) CPU times
		Usr 2 05:24:07, Sys 0 00:02:03  -  Run Remote Usage
		Usr 0 00:00:00, Sys 0 00:00:00  -  Run Local Usage
	0  -  Run Bytes Sent By Job
	0  -  Run Bytes Received By Job
	Reason: via condor_rm (by user pratyusava.baral)
	Partitionable Resources :    Usage  Request Allocated 
	   Cpus                 :     3.72        4         4 
	   Disk (KB)            : 25000       25000     28672 
	   GPUs                 :                           0 
	   Memory (MB)          :   580       15000     15104 
	   TimeExecute (s)      : 57979                       
	   TimeSlotBusy (s)     : 57979                       
...
009 (78854907.052.000) 2026-10-04 13:45:01 Job was aborted.
	via condor_rm (by user pratyusava.baral)
...
000 (78855136.052.000) 2026-10-04 13:45:07 Job submitted from host: <10.14.0.121:9618?addrs=10.14.0.121-9618&alias=ldas-pcdev12.ligo.caltech.edu&noUDP&sock=schedd_623140_c9b4>
...
001 (78855136.052.000) 2026-10-04 13:49:18 Job executing on host: <10.14.10.12:9618?addrs=10.14.10.12-9618&alias=node2262.cluster.ldas.cit&noUDP&sock=startd_1734628_1b37>
	SlotName: slot1_3@node2262.cluster.ldas.cit
	CondorScratchDir = "/var/lib/condor/execute/dir_39831/scratch"
	Cpus = 4
	Disk = 28672
	GPUs = 0
	Memory = 15104
...
006 (78855136.052.000) 2026-10-04 13:49:26 Image size of job updated: 121100
	119  -  MemoryUsage of job (MB)
	121100  -  ResidentSetSize of job (KB)
...
006 (78855136.052.000) 2026-10-04 13:54:26 Image size of job updated: 311396
	305  -  MemoryUsage of job (MB)
	311396  -  ResidentSetSize of job (KB)
...
006 (78855136.052.000) 2026-10-04 13:59:26 Image size of job updated: 454068
	444  -  MemoryUsage of job (MB)
	454068  -  ResidentSetSize of job (KB)
...
006 (78855136.052.000) 2026-10-04 14:04:27 Image size of job updated: 454204
	444  -  MemoryUsage of job (MB)
	454204  -  ResidentSetSize of job (KB)
...
006 (78855136.052.000) 2026-10-04 14:09:27 Image size of job updated: 533720
	522  -  MemoryUsage of job (MB)
	533720  -  ResidentSetSize of job (KB)
...
006 (78855136.052.000) 2026-10-04 14:14:27 Image size of job updated: 697656
	682  -  MemoryUsage of job (MB)
	697656  -  ResidentSetSize of job (KB)
...
006 (78855136.052.000) 2026-10-04 14:19:28 Image size of job updated: 814864
	782  -  MemoryUsage of job (MB)
	800032  -  ResidentSetSize of job (KB)
...
006 (78855136.052.000) 2026-10-04 14:24:29 Image size of job updated: 814864
	782  -  MemoryUsage of job (MB)
	800080  -  ResidentSetSize of job (KB)
...
006 (78855136.052.000) 2026-10-04 14:29:29 Image size of job updated: 833996
	812  -  MemoryUsage of job (MB)
	830980  -  ResidentSetSize of job (KB)
...
006 (78855136.052.000) 2026-10-04 14:34:29 Image size of job updated: 833996
	812  -  MemoryUsage of job (MB)
	831004  -  ResidentSetSize of job (KB)
...
006 (78855136.052.000) 2026-10-04 14:49:31 Image size of job updated: 860200
	841  -  MemoryUsage of job (MB)
	860200  -  ResidentSetSize of job (KB)
...
006 (78855136.052.000) 2026-10-04 14:54:32 Image size of job updated: 860228
	841  -  MemoryUsage of job (MB)
	860224  -  ResidentSetSize of job (KB)
...
006 (78855136.052.000) 2026-10-04 15:49:38 Image size of job updated: 860712
	841  -  MemoryUsage of job (MB)
	860712  -  ResidentSetSize of job (KB)
...
006 (78855136.052.000) 2026-10-04 15:54:38 Image size of job updated: 861580
	841  -  MemoryUsage of job (MB)
	860712  -  ResidentSetSize of job (KB)
...
006 (78855136.052.000) 2026-10-04 16:09:18 Image size of job updated: 865760
	843  -  MemoryUsage of job (MB)
	862844  -  ResidentSetSize of job (KB)
...
006 (78855136.052.000) 2026-10-04 16:23:16 Image size of job updated: 865760
	845  -  MemoryUsage of job (MB)
	864816  -  ResidentSetSize of job (KB)
...
006 (78855136.052.000) 2026-10-04 16:34:26 Image size of job updated: 865832
	845  -  MemoryUsage of job (MB)
	864816  -  ResidentSetSize of job (KB)
...
006 (78855136.052.000) 2026-10-04 16:56:09 Image size of job updated: 865832
	845  -  MemoryUsage of job (MB)
	865068  -  ResidentSetSize of job (KB)
...
006 (78855136.052.000) 2026-10-04 17:01:10 Image size of job updated: 865832
	845  -  MemoryUsage of job (MB)
	865072  -  ResidentSetSize of job (KB)
...
006 (78855136.052.000) 2026-10-04 17:21:13 Image size of job updated: 865952
	845  -  MemoryUsage of job (MB)
	865072  -  ResidentSetSize of job (KB)
...
006 (78855136.052.000) 2026-10-04 17:51:15 Image size of job updated: 866940
	847  -  MemoryUsage of job (MB)
	866940  -  ResidentSetSize of job (KB)
...
006 (78855136.052.000) 2026-10-04 18:11:17 Image size of job updated: 868064
	848  -  MemoryUsage of job (MB)
	868064  -  ResidentSetSize of job (KB)
...
006 (78855136.052.000) 2026-10-04 18:31:19 Image size of job updated: 869076
	849  -  MemoryUsage of job (MB)
	869076  -  ResidentSetSize of job (KB)
...
006 (78855136.052.000) 2026-10-04 18:36:19 Image size of job updated: 869080
	849  -  MemoryUsage of job (MB)
	869080  -  ResidentSetSize of job (KB)
...
006 (78855136.052.000) 2026-10-04 18:51:20 Image size of job updated: 869272
	849  -  MemoryUsage of job (MB)
	869272  -  ResidentSetSize of job (KB)
...
006 (78855136.052.000) 2026-10-04 18:56:20 Image size of job updated: 869304
	849  -  MemoryUsage of job (MB)
	869304  -  ResidentSetSize of job (KB)
...
006 (78855136.052.000) 2026-10-04 19:01:21 Image size of job updated: 871320
	851  -  MemoryUsage of job (MB)
	871320  -  ResidentSetSize of job (KB)
...
006 (78855136.052.000) 2026-10-04 19:06:22 Image size of job updated: 871324
	851  -  MemoryUsage of job (MB)
	871324  -  ResidentSetSize of job (KB)
...
006 (78855136.052.000) 2026-10-04 19:11:22 Image size of job updated: 871328
	851  -  MemoryUsage of job (MB)
	871328  -  ResidentSetSize of job (KB)
...
006 (78855136.052.000) 2026-10-04 20:41:32 Image size of job updated: 871380
	851  -  MemoryUsage of job (MB)
	871380  -  ResidentSetSize of job (KB)
...
006 (78855136.052.000) 2026-10-04 21:21:36 Image size of job updated: 872332
	851  -  MemoryUsage of job (MB)
	871380  -  ResidentSetSize of job (KB)
...
006 (78855136.052.000) 2026-10-04 21:31:36 Image size of job updated: 882204
	862  -  MemoryUsage of job (MB)
	882204  -  ResidentSetSize of job (KB)
...
006 (78855136.052.000) 2026-10-04 22:06:40 Image size of job updated: 882284
	862  -  MemoryUsage of job (MB)
	882284  -  ResidentSetSize of job (KB)
...
006 (78855136.052.000) 2026-10-04 22:11:41 Image size of job updated: 882288
	862  -  MemoryUsage of job (MB)
	882288  -  ResidentSetSize of job (KB)
...
006 (78855136.052.000) 2026-10-04 22:16:41 Image size of job updated: 883196
	863  -  MemoryUsage of job (MB)
	883196  -  ResidentSetSize of job (KB)
...
006 (78855136.052.000) 2026-10-04 22:21:41 Image size of job updated: 883300
	863  -  MemoryUsage of job (MB)
	883300  -  ResidentSetSize of job (KB)
...
006 (78855136.052.000) 2026-10-04 22:26:42 Image size of job updated: 884788
	863  -  MemoryUsage of job (MB)
	883300  -  ResidentSetSize of job (KB)
...
006 (78855136.052.000) 2026-10-04 22:56:44 Image size of job updated: 884788
	864  -  MemoryUsage of job (MB)
	884248  -  ResidentSetSize of job (KB)
...
006 (78855136.052.000) 2026-10-04 23:26:47 Image size of job updated: 885256
	864  -  MemoryUsage of job (MB)
	884248  -  ResidentSetSize of job (KB)
...
006 (78855136.052.000) 2026-10-04 23:41:49 Image size of job updated: 885256
	865  -  MemoryUsage of job (MB)
	885240  -  ResidentSetSize of job (KB)
...
006 (78855136.052.000) 2026-10-05 00:01:50 Image size of job updated: 885256
	865  -  MemoryUsage of job (MB)
	885256  -  ResidentSetSize of job (KB)
...
006 (78855136.052.000) 2026-10-05 00:16:52 Image size of job updated: 885364
	865  -  MemoryUsage of job (MB)
	885364  -  ResidentSetSize of job (KB)
...
006 (78855136.052.000) 2026-10-05 00:56:56 Image size of job updated: 885432
	865  -  MemoryUsage of job (MB)
	885432  -  ResidentSetSize of job (KB)
...
006 (78855136.052.000) 2026-10-05 01:06:57 Image size of job updated: 888344
	868  -  MemoryUsage of job (MB)
	888344  -  ResidentSetSize of job (KB)
...
006 (78855136.052.000) 2026-10-05 01:26:59 Image size of job updated: 888884
	868  -  MemoryUsage of job (MB)
	888344  -  ResidentSetSize of job (KB)
...
006 (78855136.052.000) 2026-10-05 01:57:02 Image size of job updated: 889332
	868  -  MemoryUsage of job (MB)
	888344  -  ResidentSetSize of job (KB)
...
006 (78855136.052.000) 2026-10-05 02:12:04 Image size of job updated: 889332
	868  -  MemoryUsage of job (MB)
	888432  -  ResidentSetSize of job (KB)
...
006 (78855136.052.000) 2026-10-05 03:02:10 Image size of job updated: 889416
	869  -  MemoryUsage of job (MB)
	889416  -  ResidentSetSize of job (KB)
...
006 (78855136.052.000) 2026-10-05 04:27:18 Image size of job updated: 890344
	870  -  MemoryUsage of job (MB)
	890344  -  ResidentSetSize of job (KB)
...
006 (78855136.052.000) 2026-10-05 04:32:18 Image size of job updated: 890536
	870  -  MemoryUsage of job (MB)
	890536  -  ResidentSetSize of job (KB)
...
006 (78855136.052.000) 2026-10-05 04:37:18 Image size of job updated: 892552
	871  -  MemoryUsage of job (MB)
	891544  -  ResidentSetSize of job (KB)
...
006 (78855136.052.000) 2026-10-05 05:07:21 Image size of job updated: 893560
	873  -  MemoryUsage of job (MB)
	893560  -  ResidentSetSize of job (KB)
...
006 (78855136.052.000) 2026-10-05 07:47:38 Image size of job updated: 894484
	873  -  MemoryUsage of job (MB)
	893560  -  ResidentSetSize of job (KB)
...
006 (78855136.052.000) 2026-10-05 07:57:38 Image size of job updated: 895492
	874  -  MemoryUsage of job (MB)
	894484  -  ResidentSetSize of job (KB)
...
006 (78855136.052.000) 2026-10-05 08:02:39 Image size of job updated: 895492
	874  -  MemoryUsage of job (MB)
	894616  -  ResidentSetSize of job (KB)
...
006 (78855136.052.000) 2026-10-05 08:27:41 Image size of job updated: 895492
	874  -  MemoryUsage of job (MB)
	894712  -  ResidentSetSize of job (KB)
...
006 (78855136.052.000) 2026-10-05 08:37:42 Image size of job updated: 895592
	875  -  MemoryUsage of job (MB)
	895592  -  ResidentSetSize of job (KB)
...
006 (78855136.052.000) 2026-10-05 09:12:46 Image size of job updated: 895704
	875  -  MemoryUsage of job (MB)
	895704  -  ResidentSetSize of job (KB)
...
006 (78855136.052.000) 2026-10-05 09:22:47 Image size of job updated: 896532
	876  -  MemoryUsage of job (MB)
	896532  -  ResidentSetSize of job (KB)
...
006 (78855136.052.000) 2026-10-05 09:42:49 Image size of job updated: 896560
	876  -  MemoryUsage of job (MB)
	896532  -  ResidentSetSize of job (KB)
...
006 (78855136.052.000) 2026-10-05 09:52:50 Image size of job updated: 897512
	876  -  MemoryUsage of job (MB)
	896532  -  ResidentSetSize of job (KB)
...
006 (78855136.052.000) 2026-10-05 10:12:51 Image size of job updated: 897512
	877  -  MemoryUsage of job (MB)
	897496  -  ResidentSetSize of job (KB)
...
006 (78855136.052.000) 2026-10-05 10:17:52 Image size of job updated: 897512
	877  -  MemoryUsage of job (MB)
	897500  -  ResidentSetSize of job (KB)
...
006 (78855136.052.000) 2026-10-05 10:37:54 Image size of job updated: 898692
	877  -  MemoryUsage of job (MB)
	897500  -  ResidentSetSize of job (KB)
...
006 (78855136.052.000) 2026-10-05 11:12:58 Image size of job updated: 898692
	878  -  MemoryUsage of job (MB)
	898656  -  ResidentSetSize of job (KB)
...
006 (78855136.052.000) 2026-10-05 11:22:58 Image size of job updated: 899664
	879  -  MemoryUsage of job (MB)
	899664  -  ResidentSetSize of job (KB)
...
006 (78855136.052.000) 2026-10-05 11:43:00 Image size of job updated: 899668
	879  -  MemoryUsage of job (MB)
	899668  -  ResidentSetSize of job (KB)
...
006 (78855136.052.000) 2026-10-05 11:58:01 Image size of job updated: 900676
	879  -  MemoryUsage of job (MB)
	899668  -  ResidentSetSize of job (KB)
...
006 (78855136.052.000) 2026-10-05 12:38:06 Image size of job updated: 900720
	880  -  MemoryUsage of job (MB)
	900720  -  ResidentSetSize of job (KB)
...
006 (78855136.052.000) 2026-10-05 12:43:06 Image size of job updated: 900724
	880  -  MemoryUsage of job (MB)
	900724  -  ResidentSetSize of job (KB)
...
006 (78855136.052.000) 2026-10-05 12:48:07 Image size of job updated: 900908
	880  -  MemoryUsage of job (MB)
	900724  -  ResidentSetSize of job (KB)
...
006 (78855136.052.000) 2026-10-05 13:08:09 Image size of job updated: 901308
	880  -  MemoryUsage of job (MB)
	900724  -  ResidentSetSize of job (KB)
...
006 (78855136.052.000) 2026-10-05 13:23:11 Image size of job updated: 901540
	880  -  MemoryUsage of job (MB)
	900724  -  ResidentSetSize of job (KB)
...
006 (78855136.052.000) 2026-10-05 13:33:11 Image size of job updated: 901692
	880  -  MemoryUsage of job (MB)
	900724  -  ResidentSetSize of job (KB)
...
006 (78855136.052.000) 2026-10-05 13:43:13 Image size of job updated: 902668
	880  -  MemoryUsage of job (MB)
	900724  -  ResidentSetSize of job (KB)
...
