000 (78852668.056.000) 2026-10-01 10:44:08 Job submitted from host: <10.14.0.121:9618?addrs=10.14.0.121-9618&alias=ldas-pcdev12.ligo.caltech.edu&noUDP&sock=schedd_623140_c9b4>
...
001 (78852668.056.000) 2026-10-01 10:47:59 Job executing on host: <10.14.10.129:9618?addrs=10.14.10.129-9618&alias=node2379.cluster.ldas.cit&noUDP&sock=startd_2659246_25db>
	SlotName: slot1_2@node2379.cluster.ldas.cit
	CondorScratchDir = "/var/lib/condor/execute/dir_3759800/scratch"
	Cpus = 4
	Disk = 28672
	GPUs = 0
	Memory = 15104
...
006 (78852668.056.000) 2026-10-01 10:47:59 Image size of job updated: 25000
	0  -  MemoryUsage of job (MB)
	0  -  ResidentSetSize of job (KB)
...
005 (78852668.056.000) 2026-10-01 10:47:59 Job terminated.
	(1) Normal termination (return value 1)
		Usr 0 00:00:00, Sys 0 00:00:00  -  Run Remote Usage
		Usr 0 00:00:00, Sys 0 00:00:00  -  Run Local Usage
		Usr 0 00:00:00, Sys 0 00:00:00  -  Total Remote Usage
		Usr 0 00:00:00, Sys 0 00:00:00  -  Total Local Usage
	0  -  Run Bytes Sent By Job
	0  -  Run Bytes Received By Job
	0  -  Total Bytes Sent By Job
	0  -  Total Bytes Received By Job
	Partitionable Resources :    Usage  Request Allocated 
	   Cpus                 :                 4         4 
	   Disk (KB)            :    25000    25000     28672 
	   GPUs                 :                           0 
	   Memory (MB)          :        0    15000     15104 
	   TimeExecute (s)      :        0                    
	   TimeSlotBusy (s)     :        0                    
...
000 (78854871.056.000) 2026-10-03 17:15:42 Job submitted from host: <10.14.0.121:9618?addrs=10.14.0.121-9618&alias=ldas-pcdev12.ligo.caltech.edu&noUDP&sock=schedd_623140_c9b4>
...
001 (78854871.056.000) 2026-10-03 17:16:41 Job executing on host: <10.14.4.66:9618?addrs=10.14.4.66-9618&alias=node816.cluster.ldas.cit&noUDP&sock=startd_3937485_c853>
	SlotName: slot1_13@node816.cluster.ldas.cit
	CondorScratchDir = "/var/lib/condor/execute/dir_421065/scratch"
	Cpus = 4
	Disk = 28672
	GPUs = 0
	Memory = 15104
...
006 (78854871.056.000) 2026-10-03 17:16:50 Image size of job updated: 442068
	432  -  MemoryUsage of job (MB)
	442068  -  ResidentSetSize of job (KB)
...
006 (78854871.056.000) 2026-10-03 17:21:51 Image size of job updated: 779232
	761  -  MemoryUsage of job (MB)
	779232  -  ResidentSetSize of job (KB)
...
006 (78854871.056.000) 2026-10-03 17:26:51 Image size of job updated: 782304
	764  -  MemoryUsage of job (MB)
	782304  -  ResidentSetSize of job (KB)
...
006 (78854871.056.000) 2026-10-03 17:31:52 Image size of job updated: 852856
	833  -  MemoryUsage of job (MB)
	852856  -  ResidentSetSize of job (KB)
...
006 (78854871.056.000) 2026-10-03 17:36:53 Image size of job updated: 853636
	834  -  MemoryUsage of job (MB)
	853636  -  ResidentSetSize of job (KB)
...
006 (78854871.056.000) 2026-10-03 17:41:53 Image size of job updated: 894172
	874  -  MemoryUsage of job (MB)
	894172  -  ResidentSetSize of job (KB)
...
006 (78854871.056.000) 2026-10-03 17:46:54 Image size of job updated: 896168
	876  -  MemoryUsage of job (MB)
	896168  -  ResidentSetSize of job (KB)
...
006 (78854871.056.000) 2026-10-03 17:51:55 Image size of job updated: 896232
	876  -  MemoryUsage of job (MB)
	896232  -  ResidentSetSize of job (KB)
...
006 (78854871.056.000) 2026-10-03 17:56:55 Image size of job updated: 908688
	888  -  MemoryUsage of job (MB)
	908688  -  ResidentSetSize of job (KB)
...
006 (78854871.056.000) 2026-10-03 18:01:56 Image size of job updated: 908816
	888  -  MemoryUsage of job (MB)
	908816  -  ResidentSetSize of job (KB)
...
006 (78854871.056.000) 2026-10-03 18:16:57 Image size of job updated: 919896
	899  -  MemoryUsage of job (MB)
	919896  -  ResidentSetSize of job (KB)
...
006 (78854871.056.000) 2026-10-03 18:21:58 Image size of job updated: 973172
	951  -  MemoryUsage of job (MB)
	973172  -  ResidentSetSize of job (KB)
...
006 (78854871.056.000) 2026-10-03 18:26:58 Image size of job updated: 1047772
	1024  -  MemoryUsage of job (MB)
	1047772  -  ResidentSetSize of job (KB)
...
006 (78854871.056.000) 2026-10-03 18:31:58 Image size of job updated: 1113216
	1088  -  MemoryUsage of job (MB)
	1113216  -  ResidentSetSize of job (KB)
...
006 (78854871.056.000) 2026-10-03 18:36:59 Image size of job updated: 1141908
	1116  -  MemoryUsage of job (MB)
	1141908  -  ResidentSetSize of job (KB)
...
006 (78854871.056.000) 2026-10-03 18:41:59 Image size of job updated: 1216376
	1188  -  MemoryUsage of job (MB)
	1216376  -  ResidentSetSize of job (KB)
...
006 (78854871.056.000) 2026-10-03 18:46:59 Image size of job updated: 1244572
	1216  -  MemoryUsage of job (MB)
	1244572  -  ResidentSetSize of job (KB)
...
006 (78854871.056.000) 2026-10-03 18:57:00 Image size of job updated: 1245580
	1217  -  MemoryUsage of job (MB)
	1245580  -  ResidentSetSize of job (KB)
...
006 (78854871.056.000) 2026-10-03 19:02:00 Image size of job updated: 1245584
	1217  -  MemoryUsage of job (MB)
	1245584  -  ResidentSetSize of job (KB)
...
006 (78854871.056.000) 2026-10-03 19:07:01 Image size of job updated: 1246960
	1218  -  MemoryUsage of job (MB)
	1246960  -  ResidentSetSize of job (KB)
...
006 (78854871.056.000) 2026-10-03 19:17:01 Image size of job updated: 1246964
	1218  -  MemoryUsage of job (MB)
	1246964  -  ResidentSetSize of job (KB)
...
006 (78854871.056.000) 2026-10-03 19:27:02 Image size of job updated: 1246968
	1218  -  MemoryUsage of job (MB)
	1246968  -  ResidentSetSize of job (KB)
...
006 (78854871.056.000) 2026-10-03 19:32:02 Image size of job updated: 1246972
	1218  -  MemoryUsage of job (MB)
	1246972  -  ResidentSetSize of job (KB)
...
006 (78854871.056.000) 2026-10-03 19:37:03 Image size of job updated: 1247080
	1218  -  MemoryUsage of job (MB)
	1247080  -  ResidentSetSize of job (KB)
...
006 (78854871.056.000) 2026-10-03 19:42:03 Image size of job updated: 1247088
	1218  -  MemoryUsage of job (MB)
	1247088  -  ResidentSetSize of job (KB)
...
006 (78854871.056.000) 2026-10-03 19:47:03 Image size of job updated: 1248880
	1220  -  MemoryUsage of job (MB)
	1248880  -  ResidentSetSize of job (KB)
...
006 (78854871.056.000) 2026-10-03 19:57:04 Image size of job updated: 1248892
	1220  -  MemoryUsage of job (MB)
	1248892  -  ResidentSetSize of job (KB)
...
006 (78854871.056.000) 2026-10-03 20:02:04 Image size of job updated: 1253508
	1225  -  MemoryUsage of job (MB)
	1253508  -  ResidentSetSize of job (KB)
...
006 (78854871.056.000) 2026-10-03 21:27:11 Image size of job updated: 1253520
	1225  -  MemoryUsage of job (MB)
	1253520  -  ResidentSetSize of job (KB)
...
000 (78854907.056.000) 2026-10-03 21:37:08 Job submitted from host: <10.14.0.121:9618?addrs=10.14.0.121-9618&alias=ldas-pcdev12.ligo.caltech.edu&noUDP&sock=schedd_623140_c9b4>
...
006 (78854871.056.000) 2026-10-03 21:37:12 Image size of job updated: 1253524
	1225  -  MemoryUsage of job (MB)
	1253524  -  ResidentSetSize of job (KB)
...
004 (78854871.056.000) 2026-10-03 21:37:16 Job was evicted. Code 1023 Subcode 0
	(0) CPU times
		Usr 0 13:45:35, Sys 0 00:00:25  -  Run Remote Usage
		Usr 0 00:00:00, Sys 0 00:00:00  -  Run Local Usage
	0  -  Run Bytes Sent By Job
	0  -  Run Bytes Received By Job
	Reason: via condor_rm (by user pratyusava.baral)
	Partitionable Resources :    Usage  Request Allocated 
	   Cpus                 :     1.95        4         4 
	   Disk (KB)            : 25000       25000     28672 
	   GPUs                 :                           0 
	   Memory (MB)          :  1225       15000     15104 
	   TimeExecute (s)      : 15635                       
	   TimeSlotBusy (s)     : 15635                       
...
009 (78854871.056.000) 2026-10-03 21:37:16 Job was aborted.
	via condor_rm (by user pratyusava.baral)
...
001 (78854907.056.000) 2026-10-03 21:38:42 Job executing on host: <10.14.8.180:9618?addrs=10.14.8.180-9618&alias=node1930.cluster.ldas.cit&noUDP&sock=startd_34268_9380>
	SlotName: slot1_1@node1930.cluster.ldas.cit
	CondorScratchDir = "/var/lib/condor/execute/dir_291211/scratch"
	Cpus = 4
	Disk = 28672
	GPUs = 0
	Memory = 15104
...
006 (78854907.056.000) 2026-10-03 21:38:50 Image size of job updated: 478872
	468  -  MemoryUsage of job (MB)
	478872  -  ResidentSetSize of job (KB)
...
006 (78854907.056.000) 2026-10-03 21:43:50 Image size of job updated: 681260
	666  -  MemoryUsage of job (MB)
	681260  -  ResidentSetSize of job (KB)
...
006 (78854907.056.000) 2026-10-03 21:48:51 Image size of job updated: 803340
	785  -  MemoryUsage of job (MB)
	803340  -  ResidentSetSize of job (KB)
...
006 (78854907.056.000) 2026-10-03 21:53:52 Image size of job updated: 810068
	792  -  MemoryUsage of job (MB)
	810068  -  ResidentSetSize of job (KB)
...
006 (78854907.056.000) 2026-10-03 21:58:52 Image size of job updated: 826260
	807  -  MemoryUsage of job (MB)
	826260  -  ResidentSetSize of job (KB)
...
006 (78854907.056.000) 2026-10-03 22:03:53 Image size of job updated: 832208
	813  -  MemoryUsage of job (MB)
	832208  -  ResidentSetSize of job (KB)
...
006 (78854907.056.000) 2026-10-03 22:08:54 Image size of job updated: 857256
	838  -  MemoryUsage of job (MB)
	857256  -  ResidentSetSize of job (KB)
...
006 (78854907.056.000) 2026-10-03 22:13:54 Image size of job updated: 862736
	843  -  MemoryUsage of job (MB)
	862736  -  ResidentSetSize of job (KB)
...
006 (78854907.056.000) 2026-10-03 22:18:55 Image size of job updated: 866792
	847  -  MemoryUsage of job (MB)
	866792  -  ResidentSetSize of job (KB)
...
006 (78854907.056.000) 2026-10-03 22:23:56 Image size of job updated: 867656
	848  -  MemoryUsage of job (MB)
	867656  -  ResidentSetSize of job (KB)
...
006 (78854907.056.000) 2026-10-03 22:28:56 Image size of job updated: 867696
	848  -  MemoryUsage of job (MB)
	867696  -  ResidentSetSize of job (KB)
...
006 (78854907.056.000) 2026-10-03 22:33:57 Image size of job updated: 867720
	848  -  MemoryUsage of job (MB)
	867720  -  ResidentSetSize of job (KB)
...
006 (78854907.056.000) 2026-10-03 22:38:58 Image size of job updated: 867740
	848  -  MemoryUsage of job (MB)
	867740  -  ResidentSetSize of job (KB)
...
006 (78854907.056.000) 2026-10-03 22:43:58 Image size of job updated: 870240
	850  -  MemoryUsage of job (MB)
	870240  -  ResidentSetSize of job (KB)
...
006 (78854907.056.000) 2026-10-03 22:48:59 Image size of job updated: 870308
	850  -  MemoryUsage of job (MB)
	870308  -  ResidentSetSize of job (KB)
...
006 (78854907.056.000) 2026-10-03 22:54:00 Image size of job updated: 871332
	851  -  MemoryUsage of job (MB)
	871332  -  ResidentSetSize of job (KB)
...
006 (78854907.056.000) 2026-10-03 22:59:00 Image size of job updated: 871348
	851  -  MemoryUsage of job (MB)
	871348  -  ResidentSetSize of job (KB)
...
006 (78854907.056.000) 2026-10-03 23:04:00 Image size of job updated: 871412
	851  -  MemoryUsage of job (MB)
	871412  -  ResidentSetSize of job (KB)
...
006 (78854907.056.000) 2026-10-03 23:09:01 Image size of job updated: 871424
	851  -  MemoryUsage of job (MB)
	871424  -  ResidentSetSize of job (KB)
...
006 (78854907.056.000) 2026-10-03 23:14:01 Image size of job updated: 871432
	852  -  MemoryUsage of job (MB)
	871432  -  ResidentSetSize of job (KB)
...
006 (78854907.056.000) 2026-10-03 23:19:01 Image size of job updated: 871436
	852  -  MemoryUsage of job (MB)
	871436  -  ResidentSetSize of job (KB)
...
006 (78854907.056.000) 2026-10-03 23:24:02 Image size of job updated: 875532
	854  -  MemoryUsage of job (MB)
	873488  -  ResidentSetSize of job (KB)
...
006 (78854907.056.000) 2026-10-03 23:29:02 Image size of job updated: 875532
	854  -  MemoryUsage of job (MB)
	873492  -  ResidentSetSize of job (KB)
...
006 (78854907.056.000) 2026-10-03 23:34:02 Image size of job updated: 877600
	858  -  MemoryUsage of job (MB)
	877600  -  ResidentSetSize of job (KB)
...
006 (78854907.056.000) 2026-10-03 23:39:03 Image size of job updated: 877936
	858  -  MemoryUsage of job (MB)
	877936  -  ResidentSetSize of job (KB)
...
006 (78854907.056.000) 2026-10-03 23:44:03 Image size of job updated: 890708
	870  -  MemoryUsage of job (MB)
	890708  -  ResidentSetSize of job (KB)
...
006 (78854907.056.000) 2026-10-03 23:49:03 Image size of job updated: 890748
	870  -  MemoryUsage of job (MB)
	890748  -  ResidentSetSize of job (KB)
...
006 (78854907.056.000) 2026-10-03 23:54:04 Image size of job updated: 890780
	870  -  MemoryUsage of job (MB)
	890780  -  ResidentSetSize of job (KB)
...
006 (78854907.056.000) 2026-10-03 23:59:04 Image size of job updated: 890788
	870  -  MemoryUsage of job (MB)
	890788  -  ResidentSetSize of job (KB)
...
006 (78854907.056.000) 2026-10-04 00:04:04 Image size of job updated: 890796
	870  -  MemoryUsage of job (MB)
	890788  -  ResidentSetSize of job (KB)
...
006 (78854907.056.000) 2026-10-04 01:29:14 Image size of job updated: 890888
	871  -  MemoryUsage of job (MB)
	890888  -  ResidentSetSize of job (KB)
...
006 (78854907.056.000) 2026-10-04 01:39:14 Image size of job updated: 892932
	873  -  MemoryUsage of job (MB)
	892932  -  ResidentSetSize of job (KB)
...
006 (78854907.056.000) 2026-10-04 01:59:16 Image size of job updated: 892936
	873  -  MemoryUsage of job (MB)
	892936  -  ResidentSetSize of job (KB)
...
006 (78854907.056.000) 2026-10-04 02:19:18 Image size of job updated: 892940
	873  -  MemoryUsage of job (MB)
	892940  -  ResidentSetSize of job (KB)
...
006 (78854907.056.000) 2026-10-04 02:29:19 Image size of job updated: 893628
	873  -  MemoryUsage of job (MB)
	893616  -  ResidentSetSize of job (KB)
...
006 (78854907.056.000) 2026-10-04 02:34:20 Image size of job updated: 893628
	873  -  MemoryUsage of job (MB)
	893620  -  ResidentSetSize of job (KB)
...
006 (78854907.056.000) 2026-10-04 02:39:20 Image size of job updated: 893972
	874  -  MemoryUsage of job (MB)
	893972  -  ResidentSetSize of job (KB)
...
006 (78854907.056.000) 2026-10-04 02:49:22 Image size of job updated: 896064
	876  -  MemoryUsage of job (MB)
	896064  -  ResidentSetSize of job (KB)
...
006 (78854907.056.000) 2026-10-04 03:09:24 Image size of job updated: 898072
	878  -  MemoryUsage of job (MB)
	898072  -  ResidentSetSize of job (KB)
...
006 (78854907.056.000) 2026-10-04 03:29:27 Image size of job updated: 900152
	879  -  MemoryUsage of job (MB)
	899128  -  ResidentSetSize of job (KB)
...
006 (78854907.056.000) 2026-10-04 03:39:28 Image size of job updated: 900152
	879  -  MemoryUsage of job (MB)
	899136  -  ResidentSetSize of job (KB)
...
006 (78854907.056.000) 2026-10-04 04:44:33 Image size of job updated: 900184
	880  -  MemoryUsage of job (MB)
	900184  -  ResidentSetSize of job (KB)
...
006 (78854907.056.000) 2026-10-04 04:49:34 Image size of job updated: 900188
	880  -  MemoryUsage of job (MB)
	900188  -  ResidentSetSize of job (KB)
...
006 (78854907.056.000) 2026-10-04 04:54:35 Image size of job updated: 902236
	882  -  MemoryUsage of job (MB)
	902236  -  ResidentSetSize of job (KB)
...
006 (78854907.056.000) 2026-10-04 04:59:35 Image size of job updated: 902240
	882  -  MemoryUsage of job (MB)
	902240  -  ResidentSetSize of job (KB)
...
006 (78854907.056.000) 2026-10-04 05:14:37 Image size of job updated: 903264
	882  -  MemoryUsage of job (MB)
	902240  -  ResidentSetSize of job (KB)
...
006 (78854907.056.000) 2026-10-04 05:29:39 Image size of job updated: 903264
	883  -  MemoryUsage of job (MB)
	903264  -  ResidentSetSize of job (KB)
...
006 (78854907.056.000) 2026-10-04 05:34:40 Image size of job updated: 903268
	883  -  MemoryUsage of job (MB)
	903268  -  ResidentSetSize of job (KB)
...
006 (78854907.056.000) 2026-10-04 05:39:41 Image size of job updated: 903320
	883  -  MemoryUsage of job (MB)
	903320  -  ResidentSetSize of job (KB)
...
006 (78854907.056.000) 2026-10-04 05:59:43 Image size of job updated: 904104
	883  -  MemoryUsage of job (MB)
	904104  -  ResidentSetSize of job (KB)
...
006 (78854907.056.000) 2026-10-04 06:09:44 Image size of job updated: 904292
	884  -  MemoryUsage of job (MB)
	904292  -  ResidentSetSize of job (KB)
...
006 (78854907.056.000) 2026-10-04 07:24:50 Image size of job updated: 905332
	885  -  MemoryUsage of job (MB)
	905332  -  ResidentSetSize of job (KB)
...
006 (78854907.056.000) 2026-10-04 07:34:51 Image size of job updated: 905336
	885  -  MemoryUsage of job (MB)
	905332  -  ResidentSetSize of job (KB)
...
006 (78854907.056.000) 2026-10-04 10:10:05 Image size of job updated: 905348
	885  -  MemoryUsage of job (MB)
	905348  -  ResidentSetSize of job (KB)
...
006 (78854907.056.000) 2026-10-04 10:50:10 Image size of job updated: 908420
	888  -  MemoryUsage of job (MB)
	908420  -  ResidentSetSize of job (KB)
...
006 (78854907.056.000) 2026-10-04 11:05:11 Image size of job updated: 908424
	888  -  MemoryUsage of job (MB)
	908424  -  ResidentSetSize of job (KB)
...
006 (78854907.056.000) 2026-10-04 11:10:11 Image size of job updated: 908432
	888  -  MemoryUsage of job (MB)
	908432  -  ResidentSetSize of job (KB)
...
006 (78854907.056.000) 2026-10-04 12:00:14 Image size of job updated: 915068
	894  -  MemoryUsage of job (MB)
	915068  -  ResidentSetSize of job (KB)
...
006 (78854907.056.000) 2026-10-04 12:15:15 Image size of job updated: 922800
	902  -  MemoryUsage of job (MB)
	922800  -  ResidentSetSize of job (KB)
...
006 (78854907.056.000) 2026-10-04 12:35:17 Image size of job updated: 923248
	902  -  MemoryUsage of job (MB)
	923248  -  ResidentSetSize of job (KB)
...
006 (78854907.056.000) 2026-10-04 12:40:17 Image size of job updated: 923824
	903  -  MemoryUsage of job (MB)
	923824  -  ResidentSetSize of job (KB)
...
006 (78854907.056.000) 2026-10-04 12:45:17 Image size of job updated: 923828
	903  -  MemoryUsage of job (MB)
	923828  -  ResidentSetSize of job (KB)
...
006 (78854907.056.000) 2026-10-04 13:20:20 Image size of job updated: 923836
	903  -  MemoryUsage of job (MB)
	923836  -  ResidentSetSize of job (KB)
...
004 (78854907.056.000) 2026-10-04 13:44:40 Job was evicted. Code 1023 Subcode 0
	(0) CPU times
		Usr 2 05:10:47, Sys 0 00:02:20  -  Run Remote Usage
		Usr 0 00:00:00, Sys 0 00:00:00  -  Run Local Usage
	0  -  Run Bytes Sent By Job
	0  -  Run Bytes Received By Job
	Reason: via condor_rm (by user pratyusava.baral)
	Partitionable Resources :    Usage  Request Allocated 
	   Cpus                 :     3.34        4         4 
	   Disk (KB)            : 25000       25000     28672 
	   GPUs                 :                           0 
	   Memory (MB)          :   903       15000     15104 
	   TimeExecute (s)      : 57958                       
	   TimeSlotBusy (s)     : 57958                       
...
009 (78854907.056.000) 2026-10-04 13:44:40 Job was aborted.
	via condor_rm (by user pratyusava.baral)
...
000 (78855136.056.000) 2026-10-04 13:45:07 Job submitted from host: <10.14.0.121:9618?addrs=10.14.0.121-9618&alias=ldas-pcdev12.ligo.caltech.edu&noUDP&sock=schedd_623140_c9b4>
...
001 (78855136.056.000) 2026-10-04 13:49:18 Job executing on host: <10.14.5.158:9618?addrs=10.14.5.158-9618&alias=node1158.cluster.ldas.cit&noUDP&sock=startd_158311_c1b9>
	SlotName: slot1_1@node1158.cluster.ldas.cit
	CondorScratchDir = "/var/lib/condor/execute/dir_481501/scratch"
	Cpus = 4
	Disk = 28672
	GPUs = 0
	Memory = 15104
...
006 (78855136.056.000) 2026-10-04 13:49:27 Image size of job updated: 255528
	250  -  MemoryUsage of job (MB)
	255528  -  ResidentSetSize of job (KB)
...
006 (78855136.056.000) 2026-10-04 13:54:28 Image size of job updated: 696024
	680  -  MemoryUsage of job (MB)
	696024  -  ResidentSetSize of job (KB)
...
006 (78855136.056.000) 2026-10-04 13:59:28 Image size of job updated: 874452
	854  -  MemoryUsage of job (MB)
	874452  -  ResidentSetSize of job (KB)
...
006 (78855136.056.000) 2026-10-04 14:04:28 Image size of job updated: 877432
	857  -  MemoryUsage of job (MB)
	877432  -  ResidentSetSize of job (KB)
...
006 (78855136.056.000) 2026-10-04 14:09:29 Image size of job updated: 877440
	857  -  MemoryUsage of job (MB)
	877432  -  ResidentSetSize of job (KB)
...
006 (78855136.056.000) 2026-10-04 14:19:29 Image size of job updated: 884488
	864  -  MemoryUsage of job (MB)
	884488  -  ResidentSetSize of job (KB)
...
006 (78855136.056.000) 2026-10-04 14:24:30 Image size of job updated: 884576
	864  -  MemoryUsage of job (MB)
	884576  -  ResidentSetSize of job (KB)
...
006 (78855136.056.000) 2026-10-04 14:29:30 Image size of job updated: 884592
	864  -  MemoryUsage of job (MB)
	884576  -  ResidentSetSize of job (KB)
...
006 (78855136.056.000) 2026-10-04 14:39:31 Image size of job updated: 902168
	882  -  MemoryUsage of job (MB)
	902168  -  ResidentSetSize of job (KB)
...
006 (78855136.056.000) 2026-10-04 14:44:31 Image size of job updated: 905672
	885  -  MemoryUsage of job (MB)
	905672  -  ResidentSetSize of job (KB)
...
006 (78855136.056.000) 2026-10-04 14:49:31 Image size of job updated: 912816
	892  -  MemoryUsage of job (MB)
	912816  -  ResidentSetSize of job (KB)
...
006 (78855136.056.000) 2026-10-04 14:54:32 Image size of job updated: 912864
	892  -  MemoryUsage of job (MB)
	912864  -  ResidentSetSize of job (KB)
...
006 (78855136.056.000) 2026-10-04 14:59:32 Image size of job updated: 912880
	892  -  MemoryUsage of job (MB)
	912864  -  ResidentSetSize of job (KB)
...
006 (78855136.056.000) 2026-10-04 15:19:33 Image size of job updated: 913348
	892  -  MemoryUsage of job (MB)
	912864  -  ResidentSetSize of job (KB)
...
006 (78855136.056.000) 2026-10-04 15:29:34 Image size of job updated: 922456
	901  -  MemoryUsage of job (MB)
	922456  -  ResidentSetSize of job (KB)
...
006 (78855136.056.000) 2026-10-04 15:34:34 Image size of job updated: 922496
	901  -  MemoryUsage of job (MB)
	922496  -  ResidentSetSize of job (KB)
...
006 (78855136.056.000) 2026-10-04 15:39:35 Image size of job updated: 922508
	901  -  MemoryUsage of job (MB)
	922508  -  ResidentSetSize of job (KB)
...
006 (78855136.056.000) 2026-10-04 15:44:35 Image size of job updated: 922532
	901  -  MemoryUsage of job (MB)
	922532  -  ResidentSetSize of job (KB)
...
006 (78855136.056.000) 2026-10-04 15:49:35 Image size of job updated: 922544
	901  -  MemoryUsage of job (MB)
	922532  -  ResidentSetSize of job (KB)
...
006 (78855136.056.000) 2026-10-04 18:06:53 Image size of job updated: 924440
	901  -  MemoryUsage of job (MB)
	922532  -  ResidentSetSize of job (KB)
...
006 (78855136.056.000) 2026-10-04 20:17:05 Image size of job updated: 931464
	910  -  MemoryUsage of job (MB)
	931464  -  ResidentSetSize of job (KB)
...
006 (78855136.056.000) 2026-10-04 20:22:06 Image size of job updated: 931468
	910  -  MemoryUsage of job (MB)
	931468  -  ResidentSetSize of job (KB)
...
006 (78855136.056.000) 2026-10-04 20:32:06 Image size of job updated: 931500
	910  -  MemoryUsage of job (MB)
	931500  -  ResidentSetSize of job (KB)
...
006 (78855136.056.000) 2026-10-04 20:37:07 Image size of job updated: 931528
	910  -  MemoryUsage of job (MB)
	931528  -  ResidentSetSize of job (KB)
...
006 (78855136.056.000) 2026-10-05 01:52:36 Image size of job updated: 940096
	910  -  MemoryUsage of job (MB)
	931528  -  ResidentSetSize of job (KB)
...
006 (78855136.056.000) 2026-10-05 02:12:39 Image size of job updated: 941344
	910  -  MemoryUsage of job (MB)
	931528  -  ResidentSetSize of job (KB)
...
006 (78855136.056.000) 2026-10-05 02:32:41 Image size of job updated: 941344
	911  -  MemoryUsage of job (MB)
	932676  -  ResidentSetSize of job (KB)
...
006 (78855136.056.000) 2026-10-05 02:37:42 Image size of job updated: 941344
	911  -  MemoryUsage of job (MB)
	932780  -  ResidentSetSize of job (KB)
...
006 (78855136.056.000) 2026-10-05 02:42:43 Image size of job updated: 941992
	920  -  MemoryUsage of job (MB)
	941992  -  ResidentSetSize of job (KB)
...
006 (78855136.056.000) 2026-10-05 03:57:49 Image size of job updated: 944080
	922  -  MemoryUsage of job (MB)
	944080  -  ResidentSetSize of job (KB)
...
006 (78855136.056.000) 2026-10-05 04:42:54 Image size of job updated: 945132
	923  -  MemoryUsage of job (MB)
	945132  -  ResidentSetSize of job (KB)
...
006 (78855136.056.000) 2026-10-05 04:57:55 Image size of job updated: 945136
	923  -  MemoryUsage of job (MB)
	945136  -  ResidentSetSize of job (KB)
...
006 (78855136.056.000) 2026-10-05 05:02:55 Image size of job updated: 945196
	924  -  MemoryUsage of job (MB)
	945196  -  ResidentSetSize of job (KB)
...
006 (78855136.056.000) 2026-10-05 05:22:57 Image size of job updated: 946804
	925  -  MemoryUsage of job (MB)
	946804  -  ResidentSetSize of job (KB)
...
006 (78855136.056.000) 2026-10-05 05:32:57 Image size of job updated: 963464
	941  -  MemoryUsage of job (MB)
	963464  -  ResidentSetSize of job (KB)
...
006 (78855136.056.000) 2026-10-05 05:42:58 Image size of job updated: 963468
	941  -  MemoryUsage of job (MB)
	963468  -  ResidentSetSize of job (KB)
...
006 (78855136.056.000) 2026-10-05 06:08:01 Image size of job updated: 963516
	941  -  MemoryUsage of job (MB)
	963516  -  ResidentSetSize of job (KB)
...
006 (78855136.056.000) 2026-10-05 06:18:01 Image size of job updated: 963576
	941  -  MemoryUsage of job (MB)
	963576  -  ResidentSetSize of job (KB)
...
006 (78855136.056.000) 2026-10-05 06:28:03 Image size of job updated: 966860
	945  -  MemoryUsage of job (MB)
	966860  -  ResidentSetSize of job (KB)
...
006 (78855136.056.000) 2026-10-05 06:48:05 Image size of job updated: 966880
	945  -  MemoryUsage of job (MB)
	966880  -  ResidentSetSize of job (KB)
...
006 (78855136.056.000) 2026-10-05 06:53:06 Image size of job updated: 966884
	945  -  MemoryUsage of job (MB)
	966884  -  ResidentSetSize of job (KB)
...
006 (78855136.056.000) 2026-10-05 07:08:08 Image size of job updated: 967892
	946  -  MemoryUsage of job (MB)
	967892  -  ResidentSetSize of job (KB)
...
006 (78855136.056.000) 2026-10-05 07:28:11 Image size of job updated: 968900
	947  -  MemoryUsage of job (MB)
	968900  -  ResidentSetSize of job (KB)
...
006 (78855136.056.000) 2026-10-05 07:33:11 Image size of job updated: 968936
	947  -  MemoryUsage of job (MB)
	968936  -  ResidentSetSize of job (KB)
...
006 (78855136.056.000) 2026-10-05 08:38:20 Image size of job updated: 970264
	948  -  MemoryUsage of job (MB)
	970264  -  ResidentSetSize of job (KB)
...
006 (78855136.056.000) 2026-10-05 08:48:21 Image size of job updated: 971272
	948  -  MemoryUsage of job (MB)
	970264  -  ResidentSetSize of job (KB)
...
006 (78855136.056.000) 2026-10-05 09:18:25 Image size of job updated: 971296
	949  -  MemoryUsage of job (MB)
	971296  -  ResidentSetSize of job (KB)
...
006 (78855136.056.000) 2026-10-05 09:38:28 Image size of job updated: 971472
	949  -  MemoryUsage of job (MB)
	971472  -  ResidentSetSize of job (KB)
...
006 (78855136.056.000) 2026-10-05 10:03:31 Image size of job updated: 972404
	950  -  MemoryUsage of job (MB)
	972404  -  ResidentSetSize of job (KB)
...
006 (78855136.056.000) 2026-10-05 10:08:32 Image size of job updated: 972456
	950  -  MemoryUsage of job (MB)
	972456  -  ResidentSetSize of job (KB)
...
006 (78855136.056.000) 2026-10-05 10:23:34 Image size of job updated: 973448
	951  -  MemoryUsage of job (MB)
	973448  -  ResidentSetSize of job (KB)
...
006 (78855136.056.000) 2026-10-05 10:48:37 Image size of job updated: 973472
	951  -  MemoryUsage of job (MB)
	973472  -  ResidentSetSize of job (KB)
...
006 (78855136.056.000) 2026-10-05 11:23:42 Image size of job updated: 973488
	951  -  MemoryUsage of job (MB)
	973488  -  ResidentSetSize of job (KB)
...
006 (78855136.056.000) 2026-10-05 11:43:44 Image size of job updated: 974480
	951  -  MemoryUsage of job (MB)
	973488  -  ResidentSetSize of job (KB)
...
006 (78855136.056.000) 2026-10-05 12:08:46 Image size of job updated: 975480
	951  -  MemoryUsage of job (MB)
	973488  -  ResidentSetSize of job (KB)
...
006 (78855136.056.000) 2026-10-05 12:18:46 Image size of job updated: 975480
	952  -  MemoryUsage of job (MB)
	974472  -  ResidentSetSize of job (KB)
...
006 (78855136.056.000) 2026-10-05 12:38:49 Image size of job updated: 975480
	952  -  MemoryUsage of job (MB)
	974504  -  ResidentSetSize of job (KB)
...
006 (78855136.056.000) 2026-10-05 12:58:50 Image size of job updated: 975496
	952  -  MemoryUsage of job (MB)
	974504  -  ResidentSetSize of job (KB)
...
006 (78855136.056.000) 2026-10-05 13:18:51 Image size of job updated: 979948
	957  -  MemoryUsage of job (MB)
	979948  -  ResidentSetSize of job (KB)
...
006 (78855136.056.000) 2026-10-05 13:48:53 Image size of job updated: 980032
	958  -  MemoryUsage of job (MB)
	980032  -  ResidentSetSize of job (KB)
...
