000 (78852668.060.000) 2026-10-01 10:44:08 Job submitted from host: <10.14.0.121:9618?addrs=10.14.0.121-9618&alias=ldas-pcdev12.ligo.caltech.edu&noUDP&sock=schedd_623140_c9b4>
...
001 (78852668.060.000) 2026-10-01 10:48:00 Job executing on host: <10.14.10.129:9618?addrs=10.14.10.129-9618&alias=node2379.cluster.ldas.cit&noUDP&sock=startd_2659246_25db>
	SlotName: slot1_2@node2379.cluster.ldas.cit
	CondorScratchDir = "/var/lib/condor/execute/dir_3759849/scratch"
	Cpus = 4
	Disk = 28672
	GPUs = 0
	Memory = 15104
...
006 (78852668.060.000) 2026-10-01 10:48:00 Image size of job updated: 25000
	0  -  MemoryUsage of job (MB)
	0  -  ResidentSetSize of job (KB)
...
005 (78852668.060.000) 2026-10-01 10:48:00 Job terminated.
	(1) Normal termination (return value 1)
		Usr 0 00:00:00, Sys 0 00:00:00  -  Run Remote Usage
		Usr 0 00:00:00, Sys 0 00:00:00  -  Run Local Usage
		Usr 0 00:00:00, Sys 0 00:00:00  -  Total Remote Usage
		Usr 0 00:00:00, Sys 0 00:00:00  -  Total Local Usage
	0  -  Run Bytes Sent By Job
	0  -  Run Bytes Received By Job
	0  -  Total Bytes Sent By Job
	0  -  Total Bytes Received By Job
	Partitionable Resources :    Usage  Request Allocated 
	   Cpus                 :                 4         4 
	   Disk (KB)            :    25000    25000     28672 
	   GPUs                 :                           0 
	   Memory (MB)          :        0    15000     15104 
	   TimeExecute (s)      :        0                    
	   TimeSlotBusy (s)     :        0                    
...
000 (78854871.060.000) 2026-10-03 17:15:42 Job submitted from host: <10.14.0.121:9618?addrs=10.14.0.121-9618&alias=ldas-pcdev12.ligo.caltech.edu&noUDP&sock=schedd_623140_c9b4>
...
001 (78854871.060.000) 2026-10-03 17:16:40 Job executing on host: <10.14.3.247:9618?addrs=10.14.3.247-9618&alias=node747.cluster.ldas.cit&noUDP&sock=startd_292485_f5eb>
	SlotName: slot1_15@node747.cluster.ldas.cit
	CondorScratchDir = "/var/lib/condor/execute/dir_1081151/scratch"
	Cpus = 4
	Disk = 28672
	GPUs = 0
	Memory = 15104
...
006 (78854871.060.000) 2026-10-03 17:16:49 Image size of job updated: 227916
	223  -  MemoryUsage of job (MB)
	227916  -  ResidentSetSize of job (KB)
...
006 (78854871.060.000) 2026-10-03 17:21:50 Image size of job updated: 299464
	293  -  MemoryUsage of job (MB)
	299464  -  ResidentSetSize of job (KB)
...
006 (78854871.060.000) 2026-10-03 17:26:50 Image size of job updated: 299716
	293  -  MemoryUsage of job (MB)
	299716  -  ResidentSetSize of job (KB)
...
006 (78854871.060.000) 2026-10-03 17:31:51 Image size of job updated: 371228
	363  -  MemoryUsage of job (MB)
	371228  -  ResidentSetSize of job (KB)
...
006 (78854871.060.000) 2026-10-03 17:36:52 Image size of job updated: 435852
	426  -  MemoryUsage of job (MB)
	435852  -  ResidentSetSize of job (KB)
...
006 (78854871.060.000) 2026-10-03 17:41:52 Image size of job updated: 642144
	628  -  MemoryUsage of job (MB)
	642144  -  ResidentSetSize of job (KB)
...
006 (78854871.060.000) 2026-10-03 17:46:53 Image size of job updated: 689404
	674  -  MemoryUsage of job (MB)
	689404  -  ResidentSetSize of job (KB)
...
006 (78854871.060.000) 2026-10-03 17:51:54 Image size of job updated: 717288
	701  -  MemoryUsage of job (MB)
	717288  -  ResidentSetSize of job (KB)
...
006 (78854871.060.000) 2026-10-03 17:56:54 Image size of job updated: 717300
	701  -  MemoryUsage of job (MB)
	717300  -  ResidentSetSize of job (KB)
...
006 (78854871.060.000) 2026-10-03 18:01:55 Image size of job updated: 726956
	710  -  MemoryUsage of job (MB)
	726956  -  ResidentSetSize of job (KB)
...
006 (78854871.060.000) 2026-10-03 18:06:56 Image size of job updated: 726984
	710  -  MemoryUsage of job (MB)
	726984  -  ResidentSetSize of job (KB)
...
006 (78854871.060.000) 2026-10-03 18:11:56 Image size of job updated: 736832
	720  -  MemoryUsage of job (MB)
	736832  -  ResidentSetSize of job (KB)
...
006 (78854871.060.000) 2026-10-03 18:16:57 Image size of job updated: 736840
	720  -  MemoryUsage of job (MB)
	736840  -  ResidentSetSize of job (KB)
...
006 (78854871.060.000) 2026-10-03 18:21:58 Image size of job updated: 737696
	721  -  MemoryUsage of job (MB)
	737696  -  ResidentSetSize of job (KB)
...
006 (78854871.060.000) 2026-10-03 18:26:58 Image size of job updated: 737704
	721  -  MemoryUsage of job (MB)
	737704  -  ResidentSetSize of job (KB)
...
006 (78854871.060.000) 2026-10-03 18:31:58 Image size of job updated: 737732
	721  -  MemoryUsage of job (MB)
	737732  -  ResidentSetSize of job (KB)
...
006 (78854871.060.000) 2026-10-03 18:36:59 Image size of job updated: 737736
	721  -  MemoryUsage of job (MB)
	737736  -  ResidentSetSize of job (KB)
...
006 (78854871.060.000) 2026-10-03 18:41:59 Image size of job updated: 737744
	721  -  MemoryUsage of job (MB)
	737744  -  ResidentSetSize of job (KB)
...
006 (78854871.060.000) 2026-10-03 18:46:59 Image size of job updated: 737748
	721  -  MemoryUsage of job (MB)
	737748  -  ResidentSetSize of job (KB)
...
006 (78854871.060.000) 2026-10-03 18:52:00 Image size of job updated: 737752
	721  -  MemoryUsage of job (MB)
	737752  -  ResidentSetSize of job (KB)
...
006 (78854871.060.000) 2026-10-03 18:57:00 Image size of job updated: 737760
	721  -  MemoryUsage of job (MB)
	737760  -  ResidentSetSize of job (KB)
...
006 (78854871.060.000) 2026-10-03 19:07:01 Image size of job updated: 737764
	721  -  MemoryUsage of job (MB)
	737764  -  ResidentSetSize of job (KB)
...
006 (78854871.060.000) 2026-10-03 19:12:01 Image size of job updated: 746968
	730  -  MemoryUsage of job (MB)
	746968  -  ResidentSetSize of job (KB)
...
006 (78854871.060.000) 2026-10-03 19:17:01 Image size of job updated: 746984
	730  -  MemoryUsage of job (MB)
	746984  -  ResidentSetSize of job (KB)
...
006 (78854871.060.000) 2026-10-03 19:22:02 Image size of job updated: 748108
	731  -  MemoryUsage of job (MB)
	748108  -  ResidentSetSize of job (KB)
...
006 (78854871.060.000) 2026-10-03 19:27:02 Image size of job updated: 748112
	731  -  MemoryUsage of job (MB)
	748112  -  ResidentSetSize of job (KB)
...
006 (78854871.060.000) 2026-10-03 19:42:03 Image size of job updated: 753596
	736  -  MemoryUsage of job (MB)
	753596  -  ResidentSetSize of job (KB)
...
006 (78854871.060.000) 2026-10-03 19:47:03 Image size of job updated: 753600
	736  -  MemoryUsage of job (MB)
	753600  -  ResidentSetSize of job (KB)
...
006 (78854871.060.000) 2026-10-03 19:52:04 Image size of job updated: 757508
	736  -  MemoryUsage of job (MB)
	753600  -  ResidentSetSize of job (KB)
...
006 (78854871.060.000) 2026-10-03 20:02:04 Image size of job updated: 760532
	743  -  MemoryUsage of job (MB)
	760532  -  ResidentSetSize of job (KB)
...
006 (78854871.060.000) 2026-10-03 20:07:05 Image size of job updated: 760536
	743  -  MemoryUsage of job (MB)
	760536  -  ResidentSetSize of job (KB)
...
006 (78854871.060.000) 2026-10-03 20:12:06 Image size of job updated: 760540
	743  -  MemoryUsage of job (MB)
	760536  -  ResidentSetSize of job (KB)
...
004 (78854871.060.000) 2026-10-03 21:36:55 Job was evicted. Code 1023 Subcode 0
	(0) CPU times
		Usr 0 14:02:58, Sys 0 00:00:14  -  Run Remote Usage
		Usr 0 00:00:00, Sys 0 00:00:00  -  Run Local Usage
	0  -  Run Bytes Sent By Job
	0  -  Run Bytes Received By Job
	Reason: via condor_rm (by user pratyusava.baral)
	Partitionable Resources :    Usage  Request Allocated 
	   Cpus                 :     2.88        4         4 
	   Disk (KB)            : 25000       25000     28672 
	   GPUs                 :                           0 
	   Memory (MB)          :   743       15000     15104 
	   TimeExecute (s)      : 15615                       
	   TimeSlotBusy (s)     : 15615                       
...
009 (78854871.060.000) 2026-10-03 21:36:55 Job was aborted.
	via condor_rm (by user pratyusava.baral)
...
000 (78854907.060.000) 2026-10-03 21:37:08 Job submitted from host: <10.14.0.121:9618?addrs=10.14.0.121-9618&alias=ldas-pcdev12.ligo.caltech.edu&noUDP&sock=schedd_623140_c9b4>
...
001 (78854907.060.000) 2026-10-03 21:38:42 Job executing on host: <10.14.5.179:9618?addrs=10.14.5.179-9618&alias=node1179.cluster.ldas.cit&noUDP&sock=startd_80036_9e0b>
	SlotName: slot1_2@node1179.cluster.ldas.cit
	CondorScratchDir = "/var/lib/condor/execute/dir_495931/scratch"
	Cpus = 4
	Disk = 28672
	GPUs = 0
	Memory = 15104
...
006 (78854907.060.000) 2026-10-03 21:38:50 Image size of job updated: 217128
	213  -  MemoryUsage of job (MB)
	217128  -  ResidentSetSize of job (KB)
...
006 (78854907.060.000) 2026-10-03 21:43:50 Image size of job updated: 279024
	273  -  MemoryUsage of job (MB)
	279024  -  ResidentSetSize of job (KB)
...
006 (78854907.060.000) 2026-10-03 21:48:51 Image size of job updated: 398112
	389  -  MemoryUsage of job (MB)
	398112  -  ResidentSetSize of job (KB)
...
006 (78854907.060.000) 2026-10-03 21:53:51 Image size of job updated: 413944
	405  -  MemoryUsage of job (MB)
	413944  -  ResidentSetSize of job (KB)
...
006 (78854907.060.000) 2026-10-03 21:58:51 Image size of job updated: 438972
	429  -  MemoryUsage of job (MB)
	438972  -  ResidentSetSize of job (KB)
...
006 (78854907.060.000) 2026-10-03 22:03:52 Image size of job updated: 441368
	432  -  MemoryUsage of job (MB)
	441368  -  ResidentSetSize of job (KB)
...
006 (78854907.060.000) 2026-10-03 22:08:53 Image size of job updated: 452108
	442  -  MemoryUsage of job (MB)
	452108  -  ResidentSetSize of job (KB)
...
006 (78854907.060.000) 2026-10-03 22:13:53 Image size of job updated: 452204
	442  -  MemoryUsage of job (MB)
	452204  -  ResidentSetSize of job (KB)
...
006 (78854907.060.000) 2026-10-03 22:18:54 Image size of job updated: 458872
	449  -  MemoryUsage of job (MB)
	458872  -  ResidentSetSize of job (KB)
...
006 (78854907.060.000) 2026-10-03 22:23:55 Image size of job updated: 458944
	449  -  MemoryUsage of job (MB)
	458944  -  ResidentSetSize of job (KB)
...
006 (78854907.060.000) 2026-10-03 22:28:55 Image size of job updated: 459640
	449  -  MemoryUsage of job (MB)
	458944  -  ResidentSetSize of job (KB)
...
006 (78854907.060.000) 2026-10-03 22:48:58 Image size of job updated: 460400
	450  -  MemoryUsage of job (MB)
	460400  -  ResidentSetSize of job (KB)
...
006 (78854907.060.000) 2026-10-03 22:53:59 Image size of job updated: 460460
	450  -  MemoryUsage of job (MB)
	460460  -  ResidentSetSize of job (KB)
...
006 (78854907.060.000) 2026-10-03 22:58:59 Image size of job updated: 477692
	467  -  MemoryUsage of job (MB)
	477692  -  ResidentSetSize of job (KB)
...
006 (78854907.060.000) 2026-10-03 23:04:00 Image size of job updated: 477708
	467  -  MemoryUsage of job (MB)
	477708  -  ResidentSetSize of job (KB)
...
006 (78854907.060.000) 2026-10-03 23:09:01 Image size of job updated: 477736
	467  -  MemoryUsage of job (MB)
	477708  -  ResidentSetSize of job (KB)
...
006 (78854907.060.000) 2026-10-04 00:34:08 Image size of job updated: 481504
	471  -  MemoryUsage of job (MB)
	481504  -  ResidentSetSize of job (KB)
...
006 (78854907.060.000) 2026-10-04 00:39:09 Image size of job updated: 481516
	471  -  MemoryUsage of job (MB)
	481516  -  ResidentSetSize of job (KB)
...
006 (78854907.060.000) 2026-10-04 00:49:09 Image size of job updated: 481528
	471  -  MemoryUsage of job (MB)
	481528  -  ResidentSetSize of job (KB)
...
006 (78854907.060.000) 2026-10-04 00:54:10 Image size of job updated: 481548
	471  -  MemoryUsage of job (MB)
	481528  -  ResidentSetSize of job (KB)
...
006 (78854907.060.000) 2026-10-04 01:54:17 Image size of job updated: 492628
	482  -  MemoryUsage of job (MB)
	492628  -  ResidentSetSize of job (KB)
...
006 (78854907.060.000) 2026-10-04 01:59:18 Image size of job updated: 492632
	482  -  MemoryUsage of job (MB)
	492632  -  ResidentSetSize of job (KB)
...
006 (78854907.060.000) 2026-10-04 02:04:18 Image size of job updated: 497348
	486  -  MemoryUsage of job (MB)
	497348  -  ResidentSetSize of job (KB)
...
006 (78854907.060.000) 2026-10-04 02:09:19 Image size of job updated: 497352
	486  -  MemoryUsage of job (MB)
	497352  -  ResidentSetSize of job (KB)
...
006 (78854907.060.000) 2026-10-04 02:14:20 Image size of job updated: 497380
	486  -  MemoryUsage of job (MB)
	497380  -  ResidentSetSize of job (KB)
...
006 (78854907.060.000) 2026-10-04 02:19:20 Image size of job updated: 497388
	486  -  MemoryUsage of job (MB)
	497388  -  ResidentSetSize of job (KB)
...
006 (78854907.060.000) 2026-10-04 02:24:21 Image size of job updated: 498412
	487  -  MemoryUsage of job (MB)
	498412  -  ResidentSetSize of job (KB)
...
006 (78854907.060.000) 2026-10-04 02:29:22 Image size of job updated: 498416
	487  -  MemoryUsage of job (MB)
	498416  -  ResidentSetSize of job (KB)
...
006 (78854907.060.000) 2026-10-04 02:34:22 Image size of job updated: 499444
	488  -  MemoryUsage of job (MB)
	499444  -  ResidentSetSize of job (KB)
...
006 (78854907.060.000) 2026-10-04 02:49:24 Image size of job updated: 499448
	488  -  MemoryUsage of job (MB)
	499448  -  ResidentSetSize of job (KB)
...
006 (78854907.060.000) 2026-10-04 02:54:25 Image size of job updated: 500480
	489  -  MemoryUsage of job (MB)
	500480  -  ResidentSetSize of job (KB)
...
006 (78854907.060.000) 2026-10-04 03:04:26 Image size of job updated: 503240
	492  -  MemoryUsage of job (MB)
	503240  -  ResidentSetSize of job (KB)
...
006 (78854907.060.000) 2026-10-04 03:09:26 Image size of job updated: 503244
	492  -  MemoryUsage of job (MB)
	503244  -  ResidentSetSize of job (KB)
...
006 (78854907.060.000) 2026-10-04 03:14:27 Image size of job updated: 510332
	499  -  MemoryUsage of job (MB)
	510332  -  ResidentSetSize of job (KB)
...
006 (78854907.060.000) 2026-10-04 03:24:27 Image size of job updated: 510372
	499  -  MemoryUsage of job (MB)
	510372  -  ResidentSetSize of job (KB)
...
006 (78854907.060.000) 2026-10-04 03:29:28 Image size of job updated: 510376
	499  -  MemoryUsage of job (MB)
	510376  -  ResidentSetSize of job (KB)
...
006 (78854907.060.000) 2026-10-04 03:39:28 Image size of job updated: 511388
	500  -  MemoryUsage of job (MB)
	511388  -  ResidentSetSize of job (KB)
...
006 (78854907.060.000) 2026-10-04 03:44:29 Image size of job updated: 511392
	500  -  MemoryUsage of job (MB)
	511392  -  ResidentSetSize of job (KB)
...
006 (78854907.060.000) 2026-10-04 03:54:29 Image size of job updated: 511396
	500  -  MemoryUsage of job (MB)
	511396  -  ResidentSetSize of job (KB)
...
006 (78854907.060.000) 2026-10-04 03:59:30 Image size of job updated: 511404
	500  -  MemoryUsage of job (MB)
	511404  -  ResidentSetSize of job (KB)
...
006 (78854907.060.000) 2026-10-04 04:09:30 Image size of job updated: 511408
	500  -  MemoryUsage of job (MB)
	511408  -  ResidentSetSize of job (KB)
...
006 (78854907.060.000) 2026-10-04 04:19:31 Image size of job updated: 512420
	501  -  MemoryUsage of job (MB)
	512420  -  ResidentSetSize of job (KB)
...
006 (78854907.060.000) 2026-10-04 04:29:32 Image size of job updated: 512500
	501  -  MemoryUsage of job (MB)
	512420  -  ResidentSetSize of job (KB)
...
006 (78854907.060.000) 2026-10-04 04:39:32 Image size of job updated: 512500
	501  -  MemoryUsage of job (MB)
	512440  -  ResidentSetSize of job (KB)
...
006 (78854907.060.000) 2026-10-04 04:49:33 Image size of job updated: 512500
	501  -  MemoryUsage of job (MB)
	512444  -  ResidentSetSize of job (KB)
...
006 (78854907.060.000) 2026-10-04 04:59:34 Image size of job updated: 519052
	507  -  MemoryUsage of job (MB)
	519052  -  ResidentSetSize of job (KB)
...
006 (78854907.060.000) 2026-10-04 05:09:35 Image size of job updated: 520064
	508  -  MemoryUsage of job (MB)
	520064  -  ResidentSetSize of job (KB)
...
006 (78854907.060.000) 2026-10-04 05:14:36 Image size of job updated: 520068
	508  -  MemoryUsage of job (MB)
	520068  -  ResidentSetSize of job (KB)
...
006 (78854907.060.000) 2026-10-04 05:19:37 Image size of job updated: 520136
	508  -  MemoryUsage of job (MB)
	520136  -  ResidentSetSize of job (KB)
...
006 (78854907.060.000) 2026-10-04 05:24:37 Image size of job updated: 520140
	508  -  MemoryUsage of job (MB)
	520140  -  ResidentSetSize of job (KB)
...
006 (78854907.060.000) 2026-10-04 05:29:38 Image size of job updated: 522156
	509  -  MemoryUsage of job (MB)
	521148  -  ResidentSetSize of job (KB)
...
006 (78854907.060.000) 2026-10-04 05:39:39 Image size of job updated: 522156
	509  -  MemoryUsage of job (MB)
	521156  -  ResidentSetSize of job (KB)
...
006 (78854907.060.000) 2026-10-04 05:54:41 Image size of job updated: 522156
	509  -  MemoryUsage of job (MB)
	521160  -  ResidentSetSize of job (KB)
...
006 (78854907.060.000) 2026-10-04 05:59:42 Image size of job updated: 522156
	510  -  MemoryUsage of job (MB)
	522152  -  ResidentSetSize of job (KB)
...
006 (78854907.060.000) 2026-10-04 06:04:43 Image size of job updated: 522156
	510  -  MemoryUsage of job (MB)
	522156  -  ResidentSetSize of job (KB)
...
006 (78854907.060.000) 2026-10-04 06:09:43 Image size of job updated: 523168
	511  -  MemoryUsage of job (MB)
	523168  -  ResidentSetSize of job (KB)
...
006 (78854907.060.000) 2026-10-04 06:14:44 Image size of job updated: 523172
	511  -  MemoryUsage of job (MB)
	523172  -  ResidentSetSize of job (KB)
...
006 (78854907.060.000) 2026-10-04 06:29:45 Image size of job updated: 524264
	512  -  MemoryUsage of job (MB)
	524264  -  ResidentSetSize of job (KB)
...
006 (78854907.060.000) 2026-10-04 06:39:46 Image size of job updated: 524268
	512  -  MemoryUsage of job (MB)
	524268  -  ResidentSetSize of job (KB)
...
006 (78854907.060.000) 2026-10-04 06:44:46 Image size of job updated: 524272
	512  -  MemoryUsage of job (MB)
	524272  -  ResidentSetSize of job (KB)
...
006 (78854907.060.000) 2026-10-04 06:49:47 Image size of job updated: 524276
	512  -  MemoryUsage of job (MB)
	524276  -  ResidentSetSize of job (KB)
...
006 (78854907.060.000) 2026-10-04 06:59:47 Image size of job updated: 524280
	512  -  MemoryUsage of job (MB)
	524280  -  ResidentSetSize of job (KB)
...
006 (78854907.060.000) 2026-10-04 07:04:48 Image size of job updated: 524288
	512  -  MemoryUsage of job (MB)
	524288  -  ResidentSetSize of job (KB)
...
006 (78854907.060.000) 2026-10-04 07:14:48 Image size of job updated: 526304
	514  -  MemoryUsage of job (MB)
	526304  -  ResidentSetSize of job (KB)
...
006 (78854907.060.000) 2026-10-04 07:19:49 Image size of job updated: 526308
	514  -  MemoryUsage of job (MB)
	526308  -  ResidentSetSize of job (KB)
...
006 (78854907.060.000) 2026-10-04 07:24:49 Image size of job updated: 527316
	515  -  MemoryUsage of job (MB)
	527316  -  ResidentSetSize of job (KB)
...
006 (78854907.060.000) 2026-10-04 07:29:49 Image size of job updated: 527324
	515  -  MemoryUsage of job (MB)
	527324  -  ResidentSetSize of job (KB)
...
006 (78854907.060.000) 2026-10-04 07:39:50 Image size of job updated: 527328
	515  -  MemoryUsage of job (MB)
	527328  -  ResidentSetSize of job (KB)
...
006 (78854907.060.000) 2026-10-04 07:44:50 Image size of job updated: 528400
	517  -  MemoryUsage of job (MB)
	528400  -  ResidentSetSize of job (KB)
...
006 (78854907.060.000) 2026-10-04 07:54:51 Image size of job updated: 529412
	518  -  MemoryUsage of job (MB)
	529412  -  ResidentSetSize of job (KB)
...
006 (78854907.060.000) 2026-10-04 08:14:53 Image size of job updated: 529416
	518  -  MemoryUsage of job (MB)
	529416  -  ResidentSetSize of job (KB)
...
006 (78854907.060.000) 2026-10-04 08:24:55 Image size of job updated: 530428
	518  -  MemoryUsage of job (MB)
	530428  -  ResidentSetSize of job (KB)
...
006 (78854907.060.000) 2026-10-04 08:34:56 Image size of job updated: 530440
	519  -  MemoryUsage of job (MB)
	530440  -  ResidentSetSize of job (KB)
...
006 (78854907.060.000) 2026-10-04 08:39:57 Image size of job updated: 530444
	519  -  MemoryUsage of job (MB)
	530444  -  ResidentSetSize of job (KB)
...
006 (78854907.060.000) 2026-10-04 08:44:57 Image size of job updated: 549992
	538  -  MemoryUsage of job (MB)
	549992  -  ResidentSetSize of job (KB)
...
006 (78854907.060.000) 2026-10-04 08:54:59 Image size of job updated: 550416
	538  -  MemoryUsage of job (MB)
	550416  -  ResidentSetSize of job (KB)
...
006 (78854907.060.000) 2026-10-04 08:59:59 Image size of job updated: 550456
	538  -  MemoryUsage of job (MB)
	550456  -  ResidentSetSize of job (KB)
...
006 (78854907.060.000) 2026-10-04 09:05:00 Image size of job updated: 552472
	540  -  MemoryUsage of job (MB)
	552472  -  ResidentSetSize of job (KB)
...
006 (78854907.060.000) 2026-10-04 09:10:01 Image size of job updated: 552584
	540  -  MemoryUsage of job (MB)
	552584  -  ResidentSetSize of job (KB)
...
006 (78854907.060.000) 2026-10-04 09:20:02 Image size of job updated: 552596
	540  -  MemoryUsage of job (MB)
	552596  -  ResidentSetSize of job (KB)
...
006 (78854907.060.000) 2026-10-04 09:25:03 Image size of job updated: 553604
	541  -  MemoryUsage of job (MB)
	553604  -  ResidentSetSize of job (KB)
...
006 (78854907.060.000) 2026-10-04 09:35:03 Image size of job updated: 554684
	541  -  MemoryUsage of job (MB)
	553676  -  ResidentSetSize of job (KB)
...
006 (78854907.060.000) 2026-10-04 09:40:04 Image size of job updated: 554684
	541  -  MemoryUsage of job (MB)
	553696  -  ResidentSetSize of job (KB)
...
006 (78854907.060.000) 2026-10-04 09:55:05 Image size of job updated: 554708
	542  -  MemoryUsage of job (MB)
	554708  -  ResidentSetSize of job (KB)
...
006 (78854907.060.000) 2026-10-04 10:10:06 Image size of job updated: 556724
	544  -  MemoryUsage of job (MB)
	556724  -  ResidentSetSize of job (KB)
...
006 (78854907.060.000) 2026-10-04 10:30:07 Image size of job updated: 557736
	545  -  MemoryUsage of job (MB)
	557736  -  ResidentSetSize of job (KB)
...
006 (78854907.060.000) 2026-10-04 10:40:08 Image size of job updated: 558100
	546  -  MemoryUsage of job (MB)
	558100  -  ResidentSetSize of job (KB)
...
006 (78854907.060.000) 2026-10-04 10:50:08 Image size of job updated: 560536
	548  -  MemoryUsage of job (MB)
	560536  -  ResidentSetSize of job (KB)
...
006 (78854907.060.000) 2026-10-04 10:55:10 Image size of job updated: 560564
	548  -  MemoryUsage of job (MB)
	560564  -  ResidentSetSize of job (KB)
...
006 (78854907.060.000) 2026-10-04 11:00:10 Image size of job updated: 561576
	549  -  MemoryUsage of job (MB)
	561576  -  ResidentSetSize of job (KB)
...
006 (78854907.060.000) 2026-10-04 11:10:11 Image size of job updated: 563608
	551  -  MemoryUsage of job (MB)
	563608  -  ResidentSetSize of job (KB)
...
006 (78854907.060.000) 2026-10-04 11:25:13 Image size of job updated: 563616
	551  -  MemoryUsage of job (MB)
	563616  -  ResidentSetSize of job (KB)
...
006 (78854907.060.000) 2026-10-04 11:30:14 Image size of job updated: 564628
	552  -  MemoryUsage of job (MB)
	564628  -  ResidentSetSize of job (KB)
...
006 (78854907.060.000) 2026-10-04 11:35:14 Image size of job updated: 564724
	552  -  MemoryUsage of job (MB)
	564724  -  ResidentSetSize of job (KB)
...
006 (78854907.060.000) 2026-10-04 11:40:15 Image size of job updated: 566396
	554  -  MemoryUsage of job (MB)
	566396  -  ResidentSetSize of job (KB)
...
006 (78854907.060.000) 2026-10-04 12:00:18 Image size of job updated: 567392
	555  -  MemoryUsage of job (MB)
	567392  -  ResidentSetSize of job (KB)
...
006 (78854907.060.000) 2026-10-04 12:10:19 Image size of job updated: 572172
	559  -  MemoryUsage of job (MB)
	572172  -  ResidentSetSize of job (KB)
...
006 (78854907.060.000) 2026-10-04 12:20:20 Image size of job updated: 572176
	559  -  MemoryUsage of job (MB)
	572176  -  ResidentSetSize of job (KB)
...
006 (78854907.060.000) 2026-10-04 12:30:22 Image size of job updated: 573184
	560  -  MemoryUsage of job (MB)
	573184  -  ResidentSetSize of job (KB)
...
006 (78854907.060.000) 2026-10-04 13:00:26 Image size of job updated: 573196
	560  -  MemoryUsage of job (MB)
	573196  -  ResidentSetSize of job (KB)
...
006 (78854907.060.000) 2026-10-04 13:15:27 Image size of job updated: 573208
	560  -  MemoryUsage of job (MB)
	573208  -  ResidentSetSize of job (KB)
...
006 (78854907.060.000) 2026-10-04 13:25:27 Image size of job updated: 573252
	560  -  MemoryUsage of job (MB)
	573252  -  ResidentSetSize of job (KB)
...
006 (78854907.060.000) 2026-10-04 13:35:28 Image size of job updated: 575240
	561  -  MemoryUsage of job (MB)
	574256  -  ResidentSetSize of job (KB)
...
006 (78854907.060.000) 2026-10-04 13:45:00 Image size of job updated: 576272
	561  -  MemoryUsage of job (MB)
	574256  -  ResidentSetSize of job (KB)
...
004 (78854907.060.000) 2026-10-04 13:45:00 Job was evicted. Code 1023 Subcode 0
	(0) CPU times
		Usr 2 04:56:30, Sys 0 00:02:04  -  Run Remote Usage
		Usr 0 00:00:00, Sys 0 00:00:00  -  Run Local Usage
	0  -  Run Bytes Sent By Job
	0  -  Run Bytes Received By Job
	Reason: via condor_rm (by user pratyusava.baral)
	Partitionable Resources :    Usage  Request Allocated 
	   Cpus                 :     4.01        4         4 
	   Disk (KB)            : 25000       25000     28672 
	   GPUs                 :                           0 
	   Memory (MB)          :   561       15000     15104 
	   TimeExecute (s)      : 57978                       
	   TimeSlotBusy (s)     : 57978                       
...
009 (78854907.060.000) 2026-10-04 13:45:00 Job was aborted.
	via condor_rm (by user pratyusava.baral)
...
000 (78855136.060.000) 2026-10-04 13:45:07 Job submitted from host: <10.14.0.121:9618?addrs=10.14.0.121-9618&alias=ldas-pcdev12.ligo.caltech.edu&noUDP&sock=schedd_623140_c9b4>
...
001 (78855136.060.000) 2026-10-04 13:49:18 Job executing on host: <10.14.8.180:9618?addrs=10.14.8.180-9618&alias=node1930.cluster.ldas.cit&noUDP&sock=startd_34268_9380>
	SlotName: slot1_1@node1930.cluster.ldas.cit
	CondorScratchDir = "/var/lib/condor/execute/dir_423376/scratch"
	Cpus = 4
	Disk = 28672
	GPUs = 0
	Memory = 15104
...
006 (78855136.060.000) 2026-10-04 13:49:26 Image size of job updated: 299448
	293  -  MemoryUsage of job (MB)
	299448  -  ResidentSetSize of job (KB)
...
006 (78855136.060.000) 2026-10-04 13:54:26 Image size of job updated: 304412
	298  -  MemoryUsage of job (MB)
	304412  -  ResidentSetSize of job (KB)
...
006 (78855136.060.000) 2026-10-04 13:59:26 Image size of job updated: 412804
	404  -  MemoryUsage of job (MB)
	412804  -  ResidentSetSize of job (KB)
...
006 (78855136.060.000) 2026-10-04 14:04:27 Image size of job updated: 427964
	418  -  MemoryUsage of job (MB)
	427964  -  ResidentSetSize of job (KB)
...
006 (78855136.060.000) 2026-10-04 14:09:27 Image size of job updated: 524448
	513  -  MemoryUsage of job (MB)
	524448  -  ResidentSetSize of job (KB)
...
006 (78855136.060.000) 2026-10-04 14:14:27 Image size of job updated: 527192
	515  -  MemoryUsage of job (MB)
	527192  -  ResidentSetSize of job (KB)
...
006 (78855136.060.000) 2026-10-04 14:19:28 Image size of job updated: 553056
	541  -  MemoryUsage of job (MB)
	553056  -  ResidentSetSize of job (KB)
...
006 (78855136.060.000) 2026-10-04 14:24:28 Image size of job updated: 553104
	541  -  MemoryUsage of job (MB)
	553104  -  ResidentSetSize of job (KB)
...
006 (78855136.060.000) 2026-10-04 14:29:28 Image size of job updated: 564832
	552  -  MemoryUsage of job (MB)
	564832  -  ResidentSetSize of job (KB)
...
006 (78855136.060.000) 2026-10-04 14:34:29 Image size of job updated: 564904
	552  -  MemoryUsage of job (MB)
	564904  -  ResidentSetSize of job (KB)
...
006 (78855136.060.000) 2026-10-04 14:39:29 Image size of job updated: 574364
	553  -  MemoryUsage of job (MB)
	565296  -  ResidentSetSize of job (KB)
...
006 (78855136.060.000) 2026-10-04 14:44:29 Image size of job updated: 574364
	553  -  MemoryUsage of job (MB)
	565360  -  ResidentSetSize of job (KB)
...
006 (78855136.060.000) 2026-10-04 14:49:30 Image size of job updated: 574364
	555  -  MemoryUsage of job (MB)
	568016  -  ResidentSetSize of job (KB)
...
006 (78855136.060.000) 2026-10-04 14:54:30 Image size of job updated: 574364
	555  -  MemoryUsage of job (MB)
	568068  -  ResidentSetSize of job (KB)
...
006 (78855136.060.000) 2026-10-04 14:59:30 Image size of job updated: 574364
	558  -  MemoryUsage of job (MB)
	570680  -  ResidentSetSize of job (KB)
...
006 (78855136.060.000) 2026-10-04 15:04:31 Image size of job updated: 574364
	558  -  MemoryUsage of job (MB)
	570692  -  ResidentSetSize of job (KB)
...
006 (78855136.060.000) 2026-10-04 15:09:31 Image size of job updated: 574364
	560  -  MemoryUsage of job (MB)
	573268  -  ResidentSetSize of job (KB)
...
006 (78855136.060.000) 2026-10-04 15:14:31 Image size of job updated: 574364
	560  -  MemoryUsage of job (MB)
	573320  -  ResidentSetSize of job (KB)
...
006 (78855136.060.000) 2026-10-04 15:19:32 Image size of job updated: 575872
	563  -  MemoryUsage of job (MB)
	575872  -  ResidentSetSize of job (KB)
...
006 (78855136.060.000) 2026-10-04 15:24:32 Image size of job updated: 575916
	563  -  MemoryUsage of job (MB)
	575916  -  ResidentSetSize of job (KB)
...
006 (78855136.060.000) 2026-10-04 15:29:32 Image size of job updated: 577460
	563  -  MemoryUsage of job (MB)
	576440  -  ResidentSetSize of job (KB)
...
006 (78855136.060.000) 2026-10-04 15:34:33 Image size of job updated: 577460
	563  -  MemoryUsage of job (MB)
	576452  -  ResidentSetSize of job (KB)
...
006 (78855136.060.000) 2026-10-04 15:39:33 Image size of job updated: 578488
	565  -  MemoryUsage of job (MB)
	578488  -  ResidentSetSize of job (KB)
...
006 (78855136.060.000) 2026-10-04 15:44:33 Image size of job updated: 578496
	565  -  MemoryUsage of job (MB)
	578496  -  ResidentSetSize of job (KB)
...
006 (78855136.060.000) 2026-10-04 15:49:34 Image size of job updated: 580536
	567  -  MemoryUsage of job (MB)
	580536  -  ResidentSetSize of job (KB)
...
006 (78855136.060.000) 2026-10-04 15:54:34 Image size of job updated: 580540
	567  -  MemoryUsage of job (MB)
	580540  -  ResidentSetSize of job (KB)
...
006 (78855136.060.000) 2026-10-04 15:59:34 Image size of job updated: 582668
	570  -  MemoryUsage of job (MB)
	582668  -  ResidentSetSize of job (KB)
...
006 (78855136.060.000) 2026-10-04 16:09:18 Image size of job updated: 582680
	570  -  MemoryUsage of job (MB)
	582680  -  ResidentSetSize of job (KB)
...
006 (78855136.060.000) 2026-10-04 16:23:27 Image size of job updated: 584928
	571  -  MemoryUsage of job (MB)
	583920  -  ResidentSetSize of job (KB)
...
006 (78855136.060.000) 2026-10-04 16:41:34 Image size of job updated: 584928
	572  -  MemoryUsage of job (MB)
	584928  -  ResidentSetSize of job (KB)
...
006 (78855136.060.000) 2026-10-04 16:46:34 Image size of job updated: 584940
	572  -  MemoryUsage of job (MB)
	584940  -  ResidentSetSize of job (KB)
...
006 (78855136.060.000) 2026-10-04 16:51:35 Image size of job updated: 585980
	572  -  MemoryUsage of job (MB)
	584956  -  ResidentSetSize of job (KB)
...
006 (78855136.060.000) 2026-10-04 16:56:36 Image size of job updated: 585980
	572  -  MemoryUsage of job (MB)
	584964  -  ResidentSetSize of job (KB)
...
006 (78855136.060.000) 2026-10-04 17:01:36 Image size of job updated: 586044
	573  -  MemoryUsage of job (MB)
	586044  -  ResidentSetSize of job (KB)
...
006 (78855136.060.000) 2026-10-04 17:11:38 Image size of job updated: 586048
	573  -  MemoryUsage of job (MB)
	586048  -  ResidentSetSize of job (KB)
...
006 (78855136.060.000) 2026-10-04 17:21:38 Image size of job updated: 588100
	575  -  MemoryUsage of job (MB)
	588100  -  ResidentSetSize of job (KB)
...
006 (78855136.060.000) 2026-10-04 17:31:39 Image size of job updated: 588112
	575  -  MemoryUsage of job (MB)
	588112  -  ResidentSetSize of job (KB)
...
006 (78855136.060.000) 2026-10-04 17:56:42 Image size of job updated: 590160
	576  -  MemoryUsage of job (MB)
	589152  -  ResidentSetSize of job (KB)
...
006 (78855136.060.000) 2026-10-04 18:06:42 Image size of job updated: 592708
	579  -  MemoryUsage of job (MB)
	592708  -  ResidentSetSize of job (KB)
...
006 (78855136.060.000) 2026-10-04 18:11:43 Image size of job updated: 592712
	579  -  MemoryUsage of job (MB)
	592712  -  ResidentSetSize of job (KB)
...
006 (78855136.060.000) 2026-10-04 18:46:46 Image size of job updated: 596440
	583  -  MemoryUsage of job (MB)
	596440  -  ResidentSetSize of job (KB)
...
006 (78855136.060.000) 2026-10-04 18:51:46 Image size of job updated: 596444
	583  -  MemoryUsage of job (MB)
	596444  -  ResidentSetSize of job (KB)
...
006 (78855136.060.000) 2026-10-04 18:56:47 Image size of job updated: 596448
	583  -  MemoryUsage of job (MB)
	596444  -  ResidentSetSize of job (KB)
...
006 (78855136.060.000) 2026-10-04 19:06:48 Image size of job updated: 596456
	583  -  MemoryUsage of job (MB)
	596456  -  ResidentSetSize of job (KB)
...
006 (78855136.060.000) 2026-10-04 19:11:49 Image size of job updated: 596460
	583  -  MemoryUsage of job (MB)
	596460  -  ResidentSetSize of job (KB)
...
006 (78855136.060.000) 2026-10-04 19:16:50 Image size of job updated: 597468
	583  -  MemoryUsage of job (MB)
	596460  -  ResidentSetSize of job (KB)
...
006 (78855136.060.000) 2026-10-04 19:36:52 Image size of job updated: 597468
	583  -  MemoryUsage of job (MB)
	596472  -  ResidentSetSize of job (KB)
...
006 (78855136.060.000) 2026-10-04 19:41:53 Image size of job updated: 598520
	584  -  MemoryUsage of job (MB)
	597500  -  ResidentSetSize of job (KB)
...
006 (78855136.060.000) 2026-10-04 19:56:55 Image size of job updated: 598520
	584  -  MemoryUsage of job (MB)
	597504  -  ResidentSetSize of job (KB)
...
006 (78855136.060.000) 2026-10-04 20:06:56 Image size of job updated: 598520
	584  -  MemoryUsage of job (MB)
	597512  -  ResidentSetSize of job (KB)
...
006 (78855136.060.000) 2026-10-04 20:11:56 Image size of job updated: 599544
	584  -  MemoryUsage of job (MB)
	597528  -  ResidentSetSize of job (KB)
...
006 (78855136.060.000) 2026-10-04 20:16:57 Image size of job updated: 599544
	584  -  MemoryUsage of job (MB)
	597532  -  ResidentSetSize of job (KB)
...
006 (78855136.060.000) 2026-10-04 20:21:57 Image size of job updated: 600604
	587  -  MemoryUsage of job (MB)
	600604  -  ResidentSetSize of job (KB)
...
006 (78855136.060.000) 2026-10-04 20:41:58 Image size of job updated: 601628
	587  -  MemoryUsage of job (MB)
	600604  -  ResidentSetSize of job (KB)
...
006 (78855136.060.000) 2026-10-04 21:22:01 Image size of job updated: 601628
	587  -  MemoryUsage of job (MB)
	600844  -  ResidentSetSize of job (KB)
...
006 (78855136.060.000) 2026-10-04 21:27:01 Image size of job updated: 601628
	587  -  MemoryUsage of job (MB)
	600856  -  ResidentSetSize of job (KB)
...
006 (78855136.060.000) 2026-10-04 21:42:02 Image size of job updated: 605352
	592  -  MemoryUsage of job (MB)
	605352  -  ResidentSetSize of job (KB)
...
006 (78855136.060.000) 2026-10-04 21:47:03 Image size of job updated: 605356
	592  -  MemoryUsage of job (MB)
	605356  -  ResidentSetSize of job (KB)
...
006 (78855136.060.000) 2026-10-04 21:52:03 Image size of job updated: 605628
	592  -  MemoryUsage of job (MB)
	605628  -  ResidentSetSize of job (KB)
...
006 (78855136.060.000) 2026-10-04 22:07:04 Image size of job updated: 606668
	593  -  MemoryUsage of job (MB)
	606668  -  ResidentSetSize of job (KB)
...
006 (78855136.060.000) 2026-10-04 22:22:05 Image size of job updated: 606672
	593  -  MemoryUsage of job (MB)
	606672  -  ResidentSetSize of job (KB)
...
006 (78855136.060.000) 2026-10-04 22:57:08 Image size of job updated: 608720
	593  -  MemoryUsage of job (MB)
	606688  -  ResidentSetSize of job (KB)
...
006 (78855136.060.000) 2026-10-04 23:02:09 Image size of job updated: 608720
	593  -  MemoryUsage of job (MB)
	606692  -  ResidentSetSize of job (KB)
...
006 (78855136.060.000) 2026-10-04 23:32:13 Image size of job updated: 608720
	595  -  MemoryUsage of job (MB)
	608684  -  ResidentSetSize of job (KB)
...
006 (78855136.060.000) 2026-10-04 23:37:14 Image size of job updated: 608720
	595  -  MemoryUsage of job (MB)
	608688  -  ResidentSetSize of job (KB)
...
006 (78855136.060.000) 2026-10-04 23:52:16 Image size of job updated: 608720
	595  -  MemoryUsage of job (MB)
	608696  -  ResidentSetSize of job (KB)
...
006 (78855136.060.000) 2026-10-05 00:12:18 Image size of job updated: 608720
	595  -  MemoryUsage of job (MB)
	608704  -  ResidentSetSize of job (KB)
...
006 (78855136.060.000) 2026-10-05 00:17:19 Image size of job updated: 608720
	595  -  MemoryUsage of job (MB)
	608708  -  ResidentSetSize of job (KB)
...
006 (78855136.060.000) 2026-10-05 00:22:20 Image size of job updated: 609716
	595  -  MemoryUsage of job (MB)
	608708  -  ResidentSetSize of job (KB)
...
006 (78855136.060.000) 2026-10-05 00:32:21 Image size of job updated: 609716
	596  -  MemoryUsage of job (MB)
	609716  -  ResidentSetSize of job (KB)
...
006 (78855136.060.000) 2026-10-05 00:47:23 Image size of job updated: 609788
	596  -  MemoryUsage of job (MB)
	609788  -  ResidentSetSize of job (KB)
...
006 (78855136.060.000) 2026-10-05 00:52:24 Image size of job updated: 609792
	596  -  MemoryUsage of job (MB)
	609792  -  ResidentSetSize of job (KB)
...
006 (78855136.060.000) 2026-10-05 01:07:26 Image size of job updated: 611840
	597  -  MemoryUsage of job (MB)
	610816  -  ResidentSetSize of job (KB)
...
006 (78855136.060.000) 2026-10-05 01:27:28 Image size of job updated: 612832
	597  -  MemoryUsage of job (MB)
	610816  -  ResidentSetSize of job (KB)
...
006 (78855136.060.000) 2026-10-05 01:47:31 Image size of job updated: 612832
	598  -  MemoryUsage of job (MB)
	611808  -  ResidentSetSize of job (KB)
...
006 (78855136.060.000) 2026-10-05 01:57:32 Image size of job updated: 612832
	598  -  MemoryUsage of job (MB)
	611812  -  ResidentSetSize of job (KB)
...
006 (78855136.060.000) 2026-10-05 02:52:40 Image size of job updated: 613964
	600  -  MemoryUsage of job (MB)
	613964  -  ResidentSetSize of job (KB)
...
006 (78855136.060.000) 2026-10-05 03:12:42 Image size of job updated: 613996
	600  -  MemoryUsage of job (MB)
	613996  -  ResidentSetSize of job (KB)
...
006 (78855136.060.000) 2026-10-05 03:27:44 Image size of job updated: 616044
	601  -  MemoryUsage of job (MB)
	615020  -  ResidentSetSize of job (KB)
...
006 (78855136.060.000) 2026-10-05 04:27:51 Image size of job updated: 616044
	601  -  MemoryUsage of job (MB)
	615024  -  ResidentSetSize of job (KB)
...
006 (78855136.060.000) 2026-10-05 04:47:54 Image size of job updated: 616044
	601  -  MemoryUsage of job (MB)
	615028  -  ResidentSetSize of job (KB)
...
006 (78855136.060.000) 2026-10-05 05:02:56 Image size of job updated: 616044
	602  -  MemoryUsage of job (MB)
	616040  -  ResidentSetSize of job (KB)
...
006 (78855136.060.000) 2026-10-05 05:07:57 Image size of job updated: 616076
	602  -  MemoryUsage of job (MB)
	616076  -  ResidentSetSize of job (KB)
...
006 (78855136.060.000) 2026-10-05 05:17:58 Image size of job updated: 616128
	602  -  MemoryUsage of job (MB)
	616128  -  ResidentSetSize of job (KB)
...
006 (78855136.060.000) 2026-10-05 05:22:59 Image size of job updated: 616136
	602  -  MemoryUsage of job (MB)
	616136  -  ResidentSetSize of job (KB)
...
006 (78855136.060.000) 2026-10-05 05:48:01 Image size of job updated: 617144
	603  -  MemoryUsage of job (MB)
	617144  -  ResidentSetSize of job (KB)
...
006 (78855136.060.000) 2026-10-05 06:08:03 Image size of job updated: 617160
	603  -  MemoryUsage of job (MB)
	617160  -  ResidentSetSize of job (KB)
...
006 (78855136.060.000) 2026-10-05 06:23:04 Image size of job updated: 617164
	603  -  MemoryUsage of job (MB)
	617164  -  ResidentSetSize of job (KB)
...
006 (78855136.060.000) 2026-10-05 06:43:05 Image size of job updated: 618188
	603  -  MemoryUsage of job (MB)
	617164  -  ResidentSetSize of job (KB)
...
006 (78855136.060.000) 2026-10-05 06:53:06 Image size of job updated: 618188
	604  -  MemoryUsage of job (MB)
	618188  -  ResidentSetSize of job (KB)
...
006 (78855136.060.000) 2026-10-05 07:03:06 Image size of job updated: 619212
	604  -  MemoryUsage of job (MB)
	618188  -  ResidentSetSize of job (KB)
...
006 (78855136.060.000) 2026-10-05 07:23:08 Image size of job updated: 620100
	606  -  MemoryUsage of job (MB)
	620100  -  ResidentSetSize of job (KB)
...
006 (78855136.060.000) 2026-10-05 08:08:11 Image size of job updated: 620104
	606  -  MemoryUsage of job (MB)
	620104  -  ResidentSetSize of job (KB)
...
006 (78855136.060.000) 2026-10-05 08:18:11 Image size of job updated: 622168
	607  -  MemoryUsage of job (MB)
	621144  -  ResidentSetSize of job (KB)
...
006 (78855136.060.000) 2026-10-05 08:23:12 Image size of job updated: 622168
	607  -  MemoryUsage of job (MB)
	621184  -  ResidentSetSize of job (KB)
...
006 (78855136.060.000) 2026-10-05 09:43:17 Image size of job updated: 622208
	607  -  MemoryUsage of job (MB)
	621184  -  ResidentSetSize of job (KB)
...
006 (78855136.060.000) 2026-10-05 09:53:19 Image size of job updated: 622208
	607  -  MemoryUsage of job (MB)
	621188  -  ResidentSetSize of job (KB)
...
006 (78855136.060.000) 2026-10-05 10:13:21 Image size of job updated: 622244
	607  -  MemoryUsage of job (MB)
	621220  -  ResidentSetSize of job (KB)
...
006 (78855136.060.000) 2026-10-05 10:23:22 Image size of job updated: 622496
	607  -  MemoryUsage of job (MB)
	621468  -  ResidentSetSize of job (KB)
...
006 (78855136.060.000) 2026-10-05 10:33:23 Image size of job updated: 623224
	607  -  MemoryUsage of job (MB)
	621468  -  ResidentSetSize of job (KB)
...
006 (78855136.060.000) 2026-10-05 10:43:25 Image size of job updated: 623224
	608  -  MemoryUsage of job (MB)
	621876  -  ResidentSetSize of job (KB)
...
006 (78855136.060.000) 2026-10-05 11:18:29 Image size of job updated: 624244
	610  -  MemoryUsage of job (MB)
	624244  -  ResidentSetSize of job (KB)
...
006 (78855136.060.000) 2026-10-05 11:23:30 Image size of job updated: 624276
	610  -  MemoryUsage of job (MB)
	624276  -  ResidentSetSize of job (KB)
...
006 (78855136.060.000) 2026-10-05 11:28:31 Image size of job updated: 624280
	610  -  MemoryUsage of job (MB)
	624276  -  ResidentSetSize of job (KB)
...
006 (78855136.060.000) 2026-10-05 11:33:31 Image size of job updated: 624280
	610  -  MemoryUsage of job (MB)
	624280  -  ResidentSetSize of job (KB)
...
006 (78855136.060.000) 2026-10-05 12:03:33 Image size of job updated: 626076
	611  -  MemoryUsage of job (MB)
	625052  -  ResidentSetSize of job (KB)
...
006 (78855136.060.000) 2026-10-05 12:13:34 Image size of job updated: 626820
	613  -  MemoryUsage of job (MB)
	626820  -  ResidentSetSize of job (KB)
...
006 (78855136.060.000) 2026-10-05 12:18:34 Image size of job updated: 626828
	613  -  MemoryUsage of job (MB)
	626828  -  ResidentSetSize of job (KB)
...
006 (78855136.060.000) 2026-10-05 12:28:36 Image size of job updated: 626832
	613  -  MemoryUsage of job (MB)
	626832  -  ResidentSetSize of job (KB)
...
006 (78855136.060.000) 2026-10-05 12:33:36 Image size of job updated: 626836
	613  -  MemoryUsage of job (MB)
	626836  -  ResidentSetSize of job (KB)
...
006 (78855136.060.000) 2026-10-05 12:43:38 Image size of job updated: 628884
	615  -  MemoryUsage of job (MB)
	628884  -  ResidentSetSize of job (KB)
...
