000 (78852668.061.000) 2026-10-01 10:44:08 Job submitted from host: <10.14.0.121:9618?addrs=10.14.0.121-9618&alias=ldas-pcdev12.ligo.caltech.edu&noUDP&sock=schedd_623140_c9b4>
...
001 (78852668.061.000) 2026-10-01 10:48:00 Job executing on host: <10.14.10.62:9618?addrs=10.14.10.62-9618&alias=node2312.cluster.ldas.cit&noUDP&sock=startd_2782857_032a>
	SlotName: slot1_2@node2312.cluster.ldas.cit
	CondorScratchDir = "/var/lib/condor/execute/dir_68892/scratch"
	Cpus = 4
	Disk = 28672
	GPUs = 0
	Memory = 15104
...
006 (78852668.061.000) 2026-10-01 10:48:00 Image size of job updated: 25000
	0  -  MemoryUsage of job (MB)
	0  -  ResidentSetSize of job (KB)
...
005 (78852668.061.000) 2026-10-01 10:48:00 Job terminated.
	(1) Normal termination (return value 1)
		Usr 0 00:00:00, Sys 0 00:00:00  -  Run Remote Usage
		Usr 0 00:00:00, Sys 0 00:00:00  -  Run Local Usage
		Usr 0 00:00:00, Sys 0 00:00:00  -  Total Remote Usage
		Usr 0 00:00:00, Sys 0 00:00:00  -  Total Local Usage
	0  -  Run Bytes Sent By Job
	0  -  Run Bytes Received By Job
	0  -  Total Bytes Sent By Job
	0  -  Total Bytes Received By Job
	Partitionable Resources :    Usage  Request Allocated 
	   Cpus                 :                 4         4 
	   Disk (KB)            :    25000    25000     28672 
	   GPUs                 :                           0 
	   Memory (MB)          :        0    15000     15104 
	   TimeExecute (s)      :        0                    
	   TimeSlotBusy (s)     :        0                    
...
000 (78854871.061.000) 2026-10-03 17:15:42 Job submitted from host: <10.14.0.121:9618?addrs=10.14.0.121-9618&alias=ldas-pcdev12.ligo.caltech.edu&noUDP&sock=schedd_623140_c9b4>
...
001 (78854871.061.000) 2026-10-03 17:16:41 Job executing on host: <10.14.4.44:9618?addrs=10.14.4.44-9618&alias=node794.cluster.ldas.cit&noUDP&sock=startd_2129714_3d8f>
	SlotName: slot1_3@node794.cluster.ldas.cit
	CondorScratchDir = "/var/lib/condor/execute/dir_2743681/scratch"
	Cpus = 4
	Disk = 28672
	GPUs = 0
	Memory = 15104
...
006 (78854871.061.000) 2026-10-03 17:16:49 Image size of job updated: 225964
	221  -  MemoryUsage of job (MB)
	225964  -  ResidentSetSize of job (KB)
...
006 (78854871.061.000) 2026-10-03 17:21:49 Image size of job updated: 299632
	293  -  MemoryUsage of job (MB)
	299632  -  ResidentSetSize of job (KB)
...
006 (78854871.061.000) 2026-10-03 17:26:50 Image size of job updated: 300264
	294  -  MemoryUsage of job (MB)
	300264  -  ResidentSetSize of job (KB)
...
006 (78854871.061.000) 2026-10-03 17:31:50 Image size of job updated: 371296
	363  -  MemoryUsage of job (MB)
	371296  -  ResidentSetSize of job (KB)
...
006 (78854871.061.000) 2026-10-03 17:36:50 Image size of job updated: 371604
	363  -  MemoryUsage of job (MB)
	371604  -  ResidentSetSize of job (KB)
...
006 (78854871.061.000) 2026-10-03 17:41:51 Image size of job updated: 413608
	404  -  MemoryUsage of job (MB)
	413608  -  ResidentSetSize of job (KB)
...
006 (78854871.061.000) 2026-10-03 17:46:51 Image size of job updated: 413712
	405  -  MemoryUsage of job (MB)
	413712  -  ResidentSetSize of job (KB)
...
006 (78854871.061.000) 2026-10-03 17:51:51 Image size of job updated: 430616
	421  -  MemoryUsage of job (MB)
	430616  -  ResidentSetSize of job (KB)
...
006 (78854871.061.000) 2026-10-03 17:56:52 Image size of job updated: 430660
	421  -  MemoryUsage of job (MB)
	430660  -  ResidentSetSize of job (KB)
...
006 (78854871.061.000) 2026-10-03 18:21:54 Image size of job updated: 434456
	425  -  MemoryUsage of job (MB)
	434456  -  ResidentSetSize of job (KB)
...
006 (78854871.061.000) 2026-10-03 18:26:55 Image size of job updated: 434472
	425  -  MemoryUsage of job (MB)
	434472  -  ResidentSetSize of job (KB)
...
006 (78854871.061.000) 2026-10-03 18:31:56 Image size of job updated: 440540
	431  -  MemoryUsage of job (MB)
	440540  -  ResidentSetSize of job (KB)
...
006 (78854871.061.000) 2026-10-03 18:36:56 Image size of job updated: 543632
	531  -  MemoryUsage of job (MB)
	543632  -  ResidentSetSize of job (KB)
...
006 (78854871.061.000) 2026-10-03 18:41:57 Image size of job updated: 735644
	719  -  MemoryUsage of job (MB)
	735644  -  ResidentSetSize of job (KB)
...
006 (78854871.061.000) 2026-10-03 18:46:58 Image size of job updated: 745032
	728  -  MemoryUsage of job (MB)
	745032  -  ResidentSetSize of job (KB)
...
006 (78854871.061.000) 2026-10-03 18:51:58 Image size of job updated: 747048
	730  -  MemoryUsage of job (MB)
	747048  -  ResidentSetSize of job (KB)
...
006 (78854871.061.000) 2026-10-03 19:02:00 Image size of job updated: 747124
	730  -  MemoryUsage of job (MB)
	747124  -  ResidentSetSize of job (KB)
...
006 (78854871.061.000) 2026-10-03 19:12:01 Image size of job updated: 747128
	730  -  MemoryUsage of job (MB)
	747128  -  ResidentSetSize of job (KB)
...
006 (78854871.061.000) 2026-10-03 19:17:02 Image size of job updated: 747136
	730  -  MemoryUsage of job (MB)
	747136  -  ResidentSetSize of job (KB)
...
006 (78854871.061.000) 2026-10-03 19:22:02 Image size of job updated: 748356
	731  -  MemoryUsage of job (MB)
	748356  -  ResidentSetSize of job (KB)
...
006 (78854871.061.000) 2026-10-03 19:32:04 Image size of job updated: 755784
	738  -  MemoryUsage of job (MB)
	754780  -  ResidentSetSize of job (KB)
...
006 (78854871.061.000) 2026-10-03 19:42:04 Image size of job updated: 767088
	750  -  MemoryUsage of job (MB)
	767088  -  ResidentSetSize of job (KB)
...
006 (78854871.061.000) 2026-10-03 19:47:05 Image size of job updated: 767184
	750  -  MemoryUsage of job (MB)
	767184  -  ResidentSetSize of job (KB)
...
006 (78854871.061.000) 2026-10-03 19:52:05 Image size of job updated: 781112
	761  -  MemoryUsage of job (MB)
	779084  -  ResidentSetSize of job (KB)
...
006 (78854871.061.000) 2026-10-03 20:02:06 Image size of job updated: 781112
	762  -  MemoryUsage of job (MB)
	780096  -  ResidentSetSize of job (KB)
...
006 (78854871.061.000) 2026-10-03 20:17:07 Image size of job updated: 781112
	762  -  MemoryUsage of job (MB)
	780160  -  ResidentSetSize of job (KB)
...
006 (78854871.061.000) 2026-10-03 20:32:08 Image size of job updated: 781492
	763  -  MemoryUsage of job (MB)
	780484  -  ResidentSetSize of job (KB)
...
006 (78854871.061.000) 2026-10-03 20:37:08 Image size of job updated: 781492
	763  -  MemoryUsage of job (MB)
	780488  -  ResidentSetSize of job (KB)
...
006 (78854871.061.000) 2026-10-03 20:42:08 Image size of job updated: 781492
	763  -  MemoryUsage of job (MB)
	781172  -  ResidentSetSize of job (KB)
...
006 (78854871.061.000) 2026-10-03 20:57:09 Image size of job updated: 781492
	763  -  MemoryUsage of job (MB)
	781176  -  ResidentSetSize of job (KB)
...
006 (78854871.061.000) 2026-10-03 21:07:11 Image size of job updated: 781492
	763  -  MemoryUsage of job (MB)
	781180  -  ResidentSetSize of job (KB)
...
006 (78854871.061.000) 2026-10-03 21:36:35 Image size of job updated: 783228
	763  -  MemoryUsage of job (MB)
	781180  -  ResidentSetSize of job (KB)
...
004 (78854871.061.000) 2026-10-03 21:36:35 Job was evicted. Code 1023 Subcode 0
	(0) CPU times
		Usr 0 13:40:27, Sys 0 00:00:22  -  Run Remote Usage
		Usr 0 00:00:00, Sys 0 00:00:00  -  Run Local Usage
	0  -  Run Bytes Sent By Job
	0  -  Run Bytes Received By Job
	Reason: via condor_rm (by user pratyusava.baral)
	Partitionable Resources :    Usage  Request Allocated 
	   Cpus                 :     3.04        4         4 
	   Disk (KB)            : 25000       25000     28672 
	   GPUs                 :                           0 
	   Memory (MB)          :   763       15000     15104 
	   TimeExecute (s)      : 15594                       
	   TimeSlotBusy (s)     : 15595                       
...
009 (78854871.061.000) 2026-10-03 21:36:35 Job was aborted.
	via condor_rm (by user pratyusava.baral)
...
000 (78854907.061.000) 2026-10-03 21:37:08 Job submitted from host: <10.14.0.121:9618?addrs=10.14.0.121-9618&alias=ldas-pcdev12.ligo.caltech.edu&noUDP&sock=schedd_623140_c9b4>
...
001 (78854907.061.000) 2026-10-03 21:38:42 Job executing on host: <10.14.5.228:9618?addrs=10.14.5.228-9618&alias=node1228.cluster.ldas.cit&noUDP&sock=startd_204251_c68e>
	SlotName: slot1_2@node1228.cluster.ldas.cit
	CondorScratchDir = "/var/lib/condor/execute/dir_727031/scratch"
	Cpus = 4
	Disk = 28672
	GPUs = 0
	Memory = 15104
...
006 (78854907.061.000) 2026-10-03 21:38:50 Image size of job updated: 217104
	213  -  MemoryUsage of job (MB)
	217104  -  ResidentSetSize of job (KB)
...
006 (78854907.061.000) 2026-10-03 21:43:50 Image size of job updated: 278768
	273  -  MemoryUsage of job (MB)
	278768  -  ResidentSetSize of job (KB)
...
006 (78854907.061.000) 2026-10-03 21:48:51 Image size of job updated: 364668
	357  -  MemoryUsage of job (MB)
	364668  -  ResidentSetSize of job (KB)
...
006 (78854907.061.000) 2026-10-03 21:53:51 Image size of job updated: 365792
	358  -  MemoryUsage of job (MB)
	365792  -  ResidentSetSize of job (KB)
...
006 (78854907.061.000) 2026-10-03 21:58:51 Image size of job updated: 408924
	400  -  MemoryUsage of job (MB)
	408924  -  ResidentSetSize of job (KB)
...
006 (78854907.061.000) 2026-10-03 22:03:52 Image size of job updated: 419196
	410  -  MemoryUsage of job (MB)
	419196  -  ResidentSetSize of job (KB)
...
006 (78854907.061.000) 2026-10-03 22:08:52 Image size of job updated: 432488
	423  -  MemoryUsage of job (MB)
	432488  -  ResidentSetSize of job (KB)
...
006 (78854907.061.000) 2026-10-03 22:13:52 Image size of job updated: 432524
	423  -  MemoryUsage of job (MB)
	432524  -  ResidentSetSize of job (KB)
...
006 (78854907.061.000) 2026-10-03 22:18:53 Image size of job updated: 438600
	429  -  MemoryUsage of job (MB)
	438600  -  ResidentSetSize of job (KB)
...
006 (78854907.061.000) 2026-10-03 22:23:53 Image size of job updated: 440008
	430  -  MemoryUsage of job (MB)
	440008  -  ResidentSetSize of job (KB)
...
006 (78854907.061.000) 2026-10-03 22:28:53 Image size of job updated: 443720
	434  -  MemoryUsage of job (MB)
	443720  -  ResidentSetSize of job (KB)
...
006 (78854907.061.000) 2026-10-03 22:33:54 Image size of job updated: 443732
	434  -  MemoryUsage of job (MB)
	443732  -  ResidentSetSize of job (KB)
...
006 (78854907.061.000) 2026-10-03 22:38:55 Image size of job updated: 446576
	437  -  MemoryUsage of job (MB)
	446576  -  ResidentSetSize of job (KB)
...
006 (78854907.061.000) 2026-10-03 22:43:55 Image size of job updated: 446592
	437  -  MemoryUsage of job (MB)
	446592  -  ResidentSetSize of job (KB)
...
006 (78854907.061.000) 2026-10-03 22:48:56 Image size of job updated: 452056
	442  -  MemoryUsage of job (MB)
	452056  -  ResidentSetSize of job (KB)
...
006 (78854907.061.000) 2026-10-03 22:53:57 Image size of job updated: 452704
	443  -  MemoryUsage of job (MB)
	452704  -  ResidentSetSize of job (KB)
...
006 (78854907.061.000) 2026-10-03 22:58:57 Image size of job updated: 472304
	462  -  MemoryUsage of job (MB)
	472304  -  ResidentSetSize of job (KB)
...
006 (78854907.061.000) 2026-10-03 23:08:59 Image size of job updated: 472812
	462  -  MemoryUsage of job (MB)
	472812  -  ResidentSetSize of job (KB)
...
006 (78854907.061.000) 2026-10-03 23:13:59 Image size of job updated: 472816
	462  -  MemoryUsage of job (MB)
	472816  -  ResidentSetSize of job (KB)
...
006 (78854907.061.000) 2026-10-03 23:19:00 Image size of job updated: 472820
	462  -  MemoryUsage of job (MB)
	472816  -  ResidentSetSize of job (KB)
...
006 (78854907.061.000) 2026-10-03 23:24:01 Image size of job updated: 479260
	469  -  MemoryUsage of job (MB)
	479260  -  ResidentSetSize of job (KB)
...
006 (78854907.061.000) 2026-10-03 23:29:01 Image size of job updated: 479268
	469  -  MemoryUsage of job (MB)
	479268  -  ResidentSetSize of job (KB)
...
006 (78854907.061.000) 2026-10-03 23:34:01 Image size of job updated: 482892
	472  -  MemoryUsage of job (MB)
	482892  -  ResidentSetSize of job (KB)
...
006 (78854907.061.000) 2026-10-03 23:39:02 Image size of job updated: 482908
	472  -  MemoryUsage of job (MB)
	482908  -  ResidentSetSize of job (KB)
...
006 (78854907.061.000) 2026-10-03 23:44:02 Image size of job updated: 486264
	475  -  MemoryUsage of job (MB)
	486264  -  ResidentSetSize of job (KB)
...
006 (78854907.061.000) 2026-10-03 23:49:02 Image size of job updated: 486276
	475  -  MemoryUsage of job (MB)
	486276  -  ResidentSetSize of job (KB)
...
006 (78854907.061.000) 2026-10-03 23:54:03 Image size of job updated: 489820
	479  -  MemoryUsage of job (MB)
	489820  -  ResidentSetSize of job (KB)
...
006 (78854907.061.000) 2026-10-04 00:04:03 Image size of job updated: 495540
	483  -  MemoryUsage of job (MB)
	494532  -  ResidentSetSize of job (KB)
...
006 (78854907.061.000) 2026-10-04 00:09:04 Image size of job updated: 495540
	483  -  MemoryUsage of job (MB)
	494568  -  ResidentSetSize of job (KB)
...
006 (78854907.061.000) 2026-10-04 00:14:04 Image size of job updated: 495540
	484  -  MemoryUsage of job (MB)
	494656  -  ResidentSetSize of job (KB)
...
006 (78854907.061.000) 2026-10-04 00:19:04 Image size of job updated: 495540
	484  -  MemoryUsage of job (MB)
	494684  -  ResidentSetSize of job (KB)
...
006 (78854907.061.000) 2026-10-04 00:24:05 Image size of job updated: 497720
	487  -  MemoryUsage of job (MB)
	497720  -  ResidentSetSize of job (KB)
...
006 (78854907.061.000) 2026-10-04 00:34:05 Image size of job updated: 498700
	488  -  MemoryUsage of job (MB)
	498700  -  ResidentSetSize of job (KB)
...
006 (78854907.061.000) 2026-10-04 00:44:07 Image size of job updated: 498792
	488  -  MemoryUsage of job (MB)
	498792  -  ResidentSetSize of job (KB)
...
006 (78854907.061.000) 2026-10-04 00:54:08 Image size of job updated: 499724
	489  -  MemoryUsage of job (MB)
	499724  -  ResidentSetSize of job (KB)
...
006 (78854907.061.000) 2026-10-04 00:59:09 Image size of job updated: 499732
	489  -  MemoryUsage of job (MB)
	499732  -  ResidentSetSize of job (KB)
...
006 (78854907.061.000) 2026-10-04 01:09:10 Image size of job updated: 499764
	489  -  MemoryUsage of job (MB)
	499764  -  ResidentSetSize of job (KB)
...
006 (78854907.061.000) 2026-10-04 01:14:11 Image size of job updated: 499768
	489  -  MemoryUsage of job (MB)
	499764  -  ResidentSetSize of job (KB)
...
006 (78854907.061.000) 2026-10-04 01:34:13 Image size of job updated: 499780
	489  -  MemoryUsage of job (MB)
	499780  -  ResidentSetSize of job (KB)
...
006 (78854907.061.000) 2026-10-04 01:44:15 Image size of job updated: 499784
	489  -  MemoryUsage of job (MB)
	499784  -  ResidentSetSize of job (KB)
...
006 (78854907.061.000) 2026-10-04 01:49:15 Image size of job updated: 499788
	489  -  MemoryUsage of job (MB)
	499788  -  ResidentSetSize of job (KB)
...
006 (78854907.061.000) 2026-10-04 01:54:15 Image size of job updated: 499796
	489  -  MemoryUsage of job (MB)
	499796  -  ResidentSetSize of job (KB)
...
006 (78854907.061.000) 2026-10-04 01:59:16 Image size of job updated: 499800
	489  -  MemoryUsage of job (MB)
	499800  -  ResidentSetSize of job (KB)
...
006 (78854907.061.000) 2026-10-04 02:04:16 Image size of job updated: 500808
	490  -  MemoryUsage of job (MB)
	500808  -  ResidentSetSize of job (KB)
...
006 (78854907.061.000) 2026-10-04 02:14:17 Image size of job updated: 501820
	491  -  MemoryUsage of job (MB)
	501820  -  ResidentSetSize of job (KB)
...
006 (78854907.061.000) 2026-10-04 02:24:17 Image size of job updated: 502884
	492  -  MemoryUsage of job (MB)
	502884  -  ResidentSetSize of job (KB)
...
006 (78854907.061.000) 2026-10-04 02:29:18 Image size of job updated: 502984
	492  -  MemoryUsage of job (MB)
	502984  -  ResidentSetSize of job (KB)
...
006 (78854907.061.000) 2026-10-04 02:54:20 Image size of job updated: 504624
	493  -  MemoryUsage of job (MB)
	504624  -  ResidentSetSize of job (KB)
...
006 (78854907.061.000) 2026-10-04 02:59:21 Image size of job updated: 504648
	493  -  MemoryUsage of job (MB)
	504648  -  ResidentSetSize of job (KB)
...
006 (78854907.061.000) 2026-10-04 03:04:22 Image size of job updated: 512620
	500  -  MemoryUsage of job (MB)
	511612  -  ResidentSetSize of job (KB)
...
006 (78854907.061.000) 2026-10-04 03:29:25 Image size of job updated: 512624
	501  -  MemoryUsage of job (MB)
	512624  -  ResidentSetSize of job (KB)
...
006 (78854907.061.000) 2026-10-04 03:39:26 Image size of job updated: 512640
	501  -  MemoryUsage of job (MB)
	512640  -  ResidentSetSize of job (KB)
...
006 (78854907.061.000) 2026-10-04 03:44:26 Image size of job updated: 512644
	501  -  MemoryUsage of job (MB)
	512644  -  ResidentSetSize of job (KB)
...
006 (78854907.061.000) 2026-10-04 03:49:27 Image size of job updated: 512652
	501  -  MemoryUsage of job (MB)
	512652  -  ResidentSetSize of job (KB)
...
006 (78854907.061.000) 2026-10-04 03:54:27 Image size of job updated: 512656
	501  -  MemoryUsage of job (MB)
	512656  -  ResidentSetSize of job (KB)
...
006 (78854907.061.000) 2026-10-04 03:59:27 Image size of job updated: 514676
	503  -  MemoryUsage of job (MB)
	514676  -  ResidentSetSize of job (KB)
...
006 (78854907.061.000) 2026-10-04 04:04:28 Image size of job updated: 514680
	503  -  MemoryUsage of job (MB)
	514680  -  ResidentSetSize of job (KB)
...
006 (78854907.061.000) 2026-10-04 04:09:28 Image size of job updated: 514692
	503  -  MemoryUsage of job (MB)
	514692  -  ResidentSetSize of job (KB)
...
006 (78854907.061.000) 2026-10-04 04:14:28 Image size of job updated: 514700
	503  -  MemoryUsage of job (MB)
	514700  -  ResidentSetSize of job (KB)
...
006 (78854907.061.000) 2026-10-04 04:19:29 Image size of job updated: 515716
	504  -  MemoryUsage of job (MB)
	515716  -  ResidentSetSize of job (KB)
...
006 (78854907.061.000) 2026-10-04 04:24:29 Image size of job updated: 515756
	504  -  MemoryUsage of job (MB)
	515756  -  ResidentSetSize of job (KB)
...
006 (78854907.061.000) 2026-10-04 04:29:29 Image size of job updated: 516768
	505  -  MemoryUsage of job (MB)
	516768  -  ResidentSetSize of job (KB)
...
006 (78854907.061.000) 2026-10-04 04:34:30 Image size of job updated: 516776
	505  -  MemoryUsage of job (MB)
	516776  -  ResidentSetSize of job (KB)
...
006 (78854907.061.000) 2026-10-04 04:39:30 Image size of job updated: 518792
	507  -  MemoryUsage of job (MB)
	518792  -  ResidentSetSize of job (KB)
...
006 (78854907.061.000) 2026-10-04 04:44:30 Image size of job updated: 518804
	507  -  MemoryUsage of job (MB)
	518804  -  ResidentSetSize of job (KB)
...
006 (78854907.061.000) 2026-10-04 04:49:32 Image size of job updated: 518836
	507  -  MemoryUsage of job (MB)
	518836  -  ResidentSetSize of job (KB)
...
006 (78854907.061.000) 2026-10-04 04:54:32 Image size of job updated: 518840
	507  -  MemoryUsage of job (MB)
	518840  -  ResidentSetSize of job (KB)
...
006 (78854907.061.000) 2026-10-04 04:59:32 Image size of job updated: 520860
	509  -  MemoryUsage of job (MB)
	520860  -  ResidentSetSize of job (KB)
...
006 (78854907.061.000) 2026-10-04 05:04:33 Image size of job updated: 520864
	509  -  MemoryUsage of job (MB)
	520864  -  ResidentSetSize of job (KB)
...
006 (78854907.061.000) 2026-10-04 05:14:34 Image size of job updated: 520872
	509  -  MemoryUsage of job (MB)
	520872  -  ResidentSetSize of job (KB)
...
006 (78854907.061.000) 2026-10-04 05:19:35 Image size of job updated: 521952
	510  -  MemoryUsage of job (MB)
	521952  -  ResidentSetSize of job (KB)
...
006 (78854907.061.000) 2026-10-04 05:24:36 Image size of job updated: 521960
	510  -  MemoryUsage of job (MB)
	521960  -  ResidentSetSize of job (KB)
...
006 (78854907.061.000) 2026-10-04 05:29:36 Image size of job updated: 521964
	510  -  MemoryUsage of job (MB)
	521964  -  ResidentSetSize of job (KB)
...
006 (78854907.061.000) 2026-10-04 05:34:37 Image size of job updated: 521968
	510  -  MemoryUsage of job (MB)
	521968  -  ResidentSetSize of job (KB)
...
006 (78854907.061.000) 2026-10-04 05:39:38 Image size of job updated: 522960
	511  -  MemoryUsage of job (MB)
	522960  -  ResidentSetSize of job (KB)
...
006 (78854907.061.000) 2026-10-04 05:44:38 Image size of job updated: 522964
	511  -  MemoryUsage of job (MB)
	522964  -  ResidentSetSize of job (KB)
...
006 (78854907.061.000) 2026-10-04 05:49:38 Image size of job updated: 524008
	512  -  MemoryUsage of job (MB)
	524008  -  ResidentSetSize of job (KB)
...
006 (78854907.061.000) 2026-10-04 05:54:39 Image size of job updated: 524012
	512  -  MemoryUsage of job (MB)
	524012  -  ResidentSetSize of job (KB)
...
006 (78854907.061.000) 2026-10-04 05:59:39 Image size of job updated: 525024
	512  -  MemoryUsage of job (MB)
	524012  -  ResidentSetSize of job (KB)
...
006 (78854907.061.000) 2026-10-04 06:09:40 Image size of job updated: 526020
	513  -  MemoryUsage of job (MB)
	525016  -  ResidentSetSize of job (KB)
...
006 (78854907.061.000) 2026-10-04 06:14:40 Image size of job updated: 526020
	513  -  MemoryUsage of job (MB)
	525024  -  ResidentSetSize of job (KB)
...
006 (78854907.061.000) 2026-10-04 06:19:40 Image size of job updated: 526096
	514  -  MemoryUsage of job (MB)
	526096  -  ResidentSetSize of job (KB)
...
006 (78854907.061.000) 2026-10-04 06:24:41 Image size of job updated: 526100
	514  -  MemoryUsage of job (MB)
	526100  -  ResidentSetSize of job (KB)
...
006 (78854907.061.000) 2026-10-04 06:29:41 Image size of job updated: 533280
	521  -  MemoryUsage of job (MB)
	533280  -  ResidentSetSize of job (KB)
...
006 (78854907.061.000) 2026-10-04 06:34:41 Image size of job updated: 533284
	521  -  MemoryUsage of job (MB)
	533284  -  ResidentSetSize of job (KB)
...
006 (78854907.061.000) 2026-10-04 06:39:42 Image size of job updated: 535904
	524  -  MemoryUsage of job (MB)
	535904  -  ResidentSetSize of job (KB)
...
006 (78854907.061.000) 2026-10-04 06:44:43 Image size of job updated: 535988
	524  -  MemoryUsage of job (MB)
	535988  -  ResidentSetSize of job (KB)
...
006 (78854907.061.000) 2026-10-04 06:49:43 Image size of job updated: 535992
	524  -  MemoryUsage of job (MB)
	535988  -  ResidentSetSize of job (KB)
...
006 (78854907.061.000) 2026-10-04 06:59:45 Image size of job updated: 535996
	524  -  MemoryUsage of job (MB)
	535996  -  ResidentSetSize of job (KB)
...
006 (78854907.061.000) 2026-10-04 07:04:45 Image size of job updated: 536000
	524  -  MemoryUsage of job (MB)
	536000  -  ResidentSetSize of job (KB)
...
006 (78854907.061.000) 2026-10-04 07:09:46 Image size of job updated: 537736
	526  -  MemoryUsage of job (MB)
	537736  -  ResidentSetSize of job (KB)
...
006 (78854907.061.000) 2026-10-04 07:14:47 Image size of job updated: 537740
	526  -  MemoryUsage of job (MB)
	537740  -  ResidentSetSize of job (KB)
...
006 (78854907.061.000) 2026-10-04 07:19:47 Image size of job updated: 538712
	527  -  MemoryUsage of job (MB)
	538712  -  ResidentSetSize of job (KB)
...
006 (78854907.061.000) 2026-10-04 07:24:48 Image size of job updated: 538720
	527  -  MemoryUsage of job (MB)
	538720  -  ResidentSetSize of job (KB)
...
006 (78854907.061.000) 2026-10-04 07:29:49 Image size of job updated: 538724
	527  -  MemoryUsage of job (MB)
	538724  -  ResidentSetSize of job (KB)
...
006 (78854907.061.000) 2026-10-04 07:34:49 Image size of job updated: 539716
	528  -  MemoryUsage of job (MB)
	539716  -  ResidentSetSize of job (KB)
...
006 (78854907.061.000) 2026-10-04 07:44:51 Image size of job updated: 545684
	533  -  MemoryUsage of job (MB)
	545684  -  ResidentSetSize of job (KB)
...
006 (78854907.061.000) 2026-10-04 07:54:52 Image size of job updated: 556472
	544  -  MemoryUsage of job (MB)
	556472  -  ResidentSetSize of job (KB)
...
006 (78854907.061.000) 2026-10-04 07:59:52 Image size of job updated: 556476
	544  -  MemoryUsage of job (MB)
	556476  -  ResidentSetSize of job (KB)
...
006 (78854907.061.000) 2026-10-04 08:04:52 Image size of job updated: 559500
	547  -  MemoryUsage of job (MB)
	559500  -  ResidentSetSize of job (KB)
...
006 (78854907.061.000) 2026-10-04 08:09:53 Image size of job updated: 559580
	547  -  MemoryUsage of job (MB)
	559580  -  ResidentSetSize of job (KB)
...
006 (78854907.061.000) 2026-10-04 08:54:59 Image size of job updated: 560600
	548  -  MemoryUsage of job (MB)
	560600  -  ResidentSetSize of job (KB)
...
006 (78854907.061.000) 2026-10-04 09:05:00 Image size of job updated: 562632
	550  -  MemoryUsage of job (MB)
	562632  -  ResidentSetSize of job (KB)
...
006 (78854907.061.000) 2026-10-04 09:10:01 Image size of job updated: 562648
	550  -  MemoryUsage of job (MB)
	562648  -  ResidentSetSize of job (KB)
...
006 (78854907.061.000) 2026-10-04 09:15:02 Image size of job updated: 563672
	550  -  MemoryUsage of job (MB)
	562648  -  ResidentSetSize of job (KB)
...
006 (78854907.061.000) 2026-10-04 09:45:06 Image size of job updated: 571136
	557  -  MemoryUsage of job (MB)
	570028  -  ResidentSetSize of job (KB)
...
006 (78854907.061.000) 2026-10-04 09:55:07 Image size of job updated: 571136
	557  -  MemoryUsage of job (MB)
	570060  -  ResidentSetSize of job (KB)
...
006 (78854907.061.000) 2026-10-04 10:05:08 Image size of job updated: 573100
	560  -  MemoryUsage of job (MB)
	573100  -  ResidentSetSize of job (KB)
...
006 (78854907.061.000) 2026-10-04 10:25:11 Image size of job updated: 574132
	561  -  MemoryUsage of job (MB)
	574132  -  ResidentSetSize of job (KB)
...
006 (78854907.061.000) 2026-10-04 10:30:12 Image size of job updated: 574136
	561  -  MemoryUsage of job (MB)
	574136  -  ResidentSetSize of job (KB)
...
006 (78854907.061.000) 2026-10-04 10:45:13 Image size of job updated: 575144
	562  -  MemoryUsage of job (MB)
	575144  -  ResidentSetSize of job (KB)
...
006 (78854907.061.000) 2026-10-04 11:10:14 Image size of job updated: 575196
	562  -  MemoryUsage of job (MB)
	575196  -  ResidentSetSize of job (KB)
...
006 (78854907.061.000) 2026-10-04 11:20:15 Image size of job updated: 576144
	563  -  MemoryUsage of job (MB)
	576144  -  ResidentSetSize of job (KB)
...
006 (78854907.061.000) 2026-10-04 11:35:16 Image size of job updated: 576216
	563  -  MemoryUsage of job (MB)
	576216  -  ResidentSetSize of job (KB)
...
006 (78854907.061.000) 2026-10-04 11:40:16 Image size of job updated: 576328
	563  -  MemoryUsage of job (MB)
	576216  -  ResidentSetSize of job (KB)
...
006 (78854907.061.000) 2026-10-04 11:50:17 Image size of job updated: 578268
	564  -  MemoryUsage of job (MB)
	577248  -  ResidentSetSize of job (KB)
...
006 (78854907.061.000) 2026-10-04 12:10:19 Image size of job updated: 578268
	565  -  MemoryUsage of job (MB)
	578256  -  ResidentSetSize of job (KB)
...
006 (78854907.061.000) 2026-10-04 12:40:23 Image size of job updated: 579280
	566  -  MemoryUsage of job (MB)
	579280  -  ResidentSetSize of job (KB)
...
006 (78854907.061.000) 2026-10-04 12:45:24 Image size of job updated: 579284
	566  -  MemoryUsage of job (MB)
	579284  -  ResidentSetSize of job (KB)
...
006 (78854907.061.000) 2026-10-04 13:30:28 Image size of job updated: 582352
	569  -  MemoryUsage of job (MB)
	582352  -  ResidentSetSize of job (KB)
...
006 (78854907.061.000) 2026-10-04 13:40:29 Image size of job updated: 582368
	569  -  MemoryUsage of job (MB)
	582368  -  ResidentSetSize of job (KB)
...
006 (78854907.061.000) 2026-10-04 13:44:55 Image size of job updated: 583376
	569  -  MemoryUsage of job (MB)
	582368  -  ResidentSetSize of job (KB)
...
004 (78854907.061.000) 2026-10-04 13:44:55 Job was evicted. Code 1023 Subcode 0
	(0) CPU times
		Usr 2 05:57:33, Sys 0 00:02:40  -  Run Remote Usage
		Usr 0 00:00:00, Sys 0 00:00:00  -  Run Local Usage
	0  -  Run Bytes Sent By Job
	0  -  Run Bytes Received By Job
	Reason: via condor_rm (by user pratyusava.baral)
	Partitionable Resources :    Usage  Request Allocated 
	   Cpus                 :     3.06        4         4 
	   Disk (KB)            : 25000       25000     28672 
	   GPUs                 :                           0 
	   Memory (MB)          :   569       15000     15104 
	   TimeExecute (s)      : 57973                       
	   TimeSlotBusy (s)     : 57973                       
...
009 (78854907.061.000) 2026-10-04 13:44:55 Job was aborted.
	via condor_rm (by user pratyusava.baral)
...
000 (78855136.061.000) 2026-10-04 13:45:07 Job submitted from host: <10.14.0.121:9618?addrs=10.14.0.121-9618&alias=ldas-pcdev12.ligo.caltech.edu&noUDP&sock=schedd_623140_c9b4>
...
001 (78855136.061.000) 2026-10-04 13:49:18 Job executing on host: <10.14.8.192:9618?addrs=10.14.8.192-9618&alias=node1942.cluster.ldas.cit&noUDP&sock=startd_35330_0515>
	SlotName: slot1_1@node1942.cluster.ldas.cit
	CondorScratchDir = "/var/lib/condor/execute/dir_393180/scratch"
	Cpus = 4
	Disk = 28672
	GPUs = 0
	Memory = 15104
...
006 (78855136.061.000) 2026-10-04 13:49:26 Image size of job updated: 303340
	297  -  MemoryUsage of job (MB)
	303340  -  ResidentSetSize of job (KB)
...
006 (78855136.061.000) 2026-10-04 13:54:26 Image size of job updated: 308628
	302  -  MemoryUsage of job (MB)
	308628  -  ResidentSetSize of job (KB)
...
006 (78855136.061.000) 2026-10-04 13:59:26 Image size of job updated: 464048
	454  -  MemoryUsage of job (MB)
	464048  -  ResidentSetSize of job (KB)
...
006 (78855136.061.000) 2026-10-04 14:04:27 Image size of job updated: 480824
	470  -  MemoryUsage of job (MB)
	480824  -  ResidentSetSize of job (KB)
...
006 (78855136.061.000) 2026-10-04 14:09:27 Image size of job updated: 526024
	514  -  MemoryUsage of job (MB)
	526024  -  ResidentSetSize of job (KB)
...
006 (78855136.061.000) 2026-10-04 14:14:27 Image size of job updated: 529416
	518  -  MemoryUsage of job (MB)
	529416  -  ResidentSetSize of job (KB)
...
006 (78855136.061.000) 2026-10-04 14:19:28 Image size of job updated: 539952
	525  -  MemoryUsage of job (MB)
	537000  -  ResidentSetSize of job (KB)
...
006 (78855136.061.000) 2026-10-04 14:24:28 Image size of job updated: 539952
	525  -  MemoryUsage of job (MB)
	537120  -  ResidentSetSize of job (KB)
...
006 (78855136.061.000) 2026-10-04 14:29:28 Image size of job updated: 543100
	529  -  MemoryUsage of job (MB)
	541404  -  ResidentSetSize of job (KB)
...
006 (78855136.061.000) 2026-10-04 14:34:29 Image size of job updated: 543100
	529  -  MemoryUsage of job (MB)
	541468  -  ResidentSetSize of job (KB)
...
006 (78855136.061.000) 2026-10-04 14:49:30 Image size of job updated: 548508
	535  -  MemoryUsage of job (MB)
	547492  -  ResidentSetSize of job (KB)
...
006 (78855136.061.000) 2026-10-04 14:54:30 Image size of job updated: 548508
	536  -  MemoryUsage of job (MB)
	548432  -  ResidentSetSize of job (KB)
...
006 (78855136.061.000) 2026-10-04 15:29:32 Image size of job updated: 548836
	536  -  MemoryUsage of job (MB)
	548836  -  ResidentSetSize of job (KB)
...
006 (78855136.061.000) 2026-10-04 15:34:33 Image size of job updated: 548848
	536  -  MemoryUsage of job (MB)
	548848  -  ResidentSetSize of job (KB)
...
006 (78855136.061.000) 2026-10-04 15:39:33 Image size of job updated: 556740
	544  -  MemoryUsage of job (MB)
	556740  -  ResidentSetSize of job (KB)
...
006 (78855136.061.000) 2026-10-04 15:44:33 Image size of job updated: 556776
	544  -  MemoryUsage of job (MB)
	556776  -  ResidentSetSize of job (KB)
...
006 (78855136.061.000) 2026-10-04 15:49:34 Image size of job updated: 559780
	547  -  MemoryUsage of job (MB)
	559780  -  ResidentSetSize of job (KB)
...
006 (78855136.061.000) 2026-10-04 15:54:35 Image size of job updated: 559804
	547  -  MemoryUsage of job (MB)
	559804  -  ResidentSetSize of job (KB)
...
006 (78855136.061.000) 2026-10-04 15:59:35 Image size of job updated: 559820
	547  -  MemoryUsage of job (MB)
	559820  -  ResidentSetSize of job (KB)
...
006 (78855136.061.000) 2026-10-04 16:23:33 Image size of job updated: 559844
	547  -  MemoryUsage of job (MB)
	559820  -  ResidentSetSize of job (KB)
...
006 (78855136.061.000) 2026-10-04 17:46:52 Image size of job updated: 564380
	552  -  MemoryUsage of job (MB)
	564380  -  ResidentSetSize of job (KB)
...
006 (78855136.061.000) 2026-10-04 17:51:52 Image size of job updated: 564384
	552  -  MemoryUsage of job (MB)
	564384  -  ResidentSetSize of job (KB)
...
006 (78855136.061.000) 2026-10-04 18:26:57 Image size of job updated: 568144
	552  -  MemoryUsage of job (MB)
	564384  -  ResidentSetSize of job (KB)
...
006 (78855136.061.000) 2026-10-04 18:47:00 Image size of job updated: 586120
	552  -  MemoryUsage of job (MB)
	564384  -  ResidentSetSize of job (KB)
...
006 (78855136.061.000) 2026-10-04 20:02:05 Image size of job updated: 586120
	552  -  MemoryUsage of job (MB)
	564600  -  ResidentSetSize of job (KB)
...
006 (78855136.061.000) 2026-10-04 20:12:05 Image size of job updated: 586120
	552  -  MemoryUsage of job (MB)
	564728  -  ResidentSetSize of job (KB)
...
006 (78855136.061.000) 2026-10-04 20:17:06 Image size of job updated: 586120
	552  -  MemoryUsage of job (MB)
	564748  -  ResidentSetSize of job (KB)
...
006 (78855136.061.000) 2026-10-04 20:22:06 Image size of job updated: 586120
	553  -  MemoryUsage of job (MB)
	565660  -  ResidentSetSize of job (KB)
...
006 (78855136.061.000) 2026-10-04 20:32:07 Image size of job updated: 586120
	554  -  MemoryUsage of job (MB)
	566784  -  ResidentSetSize of job (KB)
...
006 (78855136.061.000) 2026-10-04 20:37:07 Image size of job updated: 586120
	554  -  MemoryUsage of job (MB)
	566792  -  ResidentSetSize of job (KB)
...
006 (78855136.061.000) 2026-10-04 20:57:08 Image size of job updated: 586120
	554  -  MemoryUsage of job (MB)
	566796  -  ResidentSetSize of job (KB)
...
006 (78855136.061.000) 2026-10-04 21:02:09 Image size of job updated: 586120
	557  -  MemoryUsage of job (MB)
	569568  -  ResidentSetSize of job (KB)
...
006 (78855136.061.000) 2026-10-04 21:12:09 Image size of job updated: 586120
	558  -  MemoryUsage of job (MB)
	570468  -  ResidentSetSize of job (KB)
...
006 (78855136.061.000) 2026-10-04 21:17:10 Image size of job updated: 586120
	558  -  MemoryUsage of job (MB)
	570488  -  ResidentSetSize of job (KB)
...
006 (78855136.061.000) 2026-10-04 21:22:11 Image size of job updated: 596392
	558  -  MemoryUsage of job (MB)
	570488  -  ResidentSetSize of job (KB)
...
006 (78855136.061.000) 2026-10-04 21:42:13 Image size of job updated: 596392
	558  -  MemoryUsage of job (MB)
	570584  -  ResidentSetSize of job (KB)
...
006 (78855136.061.000) 2026-10-04 21:47:14 Image size of job updated: 596392
	558  -  MemoryUsage of job (MB)
	570600  -  ResidentSetSize of job (KB)
...
006 (78855136.061.000) 2026-10-04 21:52:15 Image size of job updated: 596392
	559  -  MemoryUsage of job (MB)
	571624  -  ResidentSetSize of job (KB)
...
006 (78855136.061.000) 2026-10-04 22:12:17 Image size of job updated: 596392
	560  -  MemoryUsage of job (MB)
	572524  -  ResidentSetSize of job (KB)
...
006 (78855136.061.000) 2026-10-04 22:17:18 Image size of job updated: 596392
	560  -  MemoryUsage of job (MB)
	572528  -  ResidentSetSize of job (KB)
...
006 (78855136.061.000) 2026-10-04 22:32:20 Image size of job updated: 596392
	560  -  MemoryUsage of job (MB)
	572652  -  ResidentSetSize of job (KB)
...
006 (78855136.061.000) 2026-10-04 22:47:21 Image size of job updated: 596392
	561  -  MemoryUsage of job (MB)
	573552  -  ResidentSetSize of job (KB)
...
006 (78855136.061.000) 2026-10-04 23:07:23 Image size of job updated: 596392
	561  -  MemoryUsage of job (MB)
	573680  -  ResidentSetSize of job (KB)
...
006 (78855136.061.000) 2026-10-04 23:17:23 Image size of job updated: 596392
	561  -  MemoryUsage of job (MB)
	573684  -  ResidentSetSize of job (KB)
...
006 (78855136.061.000) 2026-10-04 23:27:24 Image size of job updated: 596392
	562  -  MemoryUsage of job (MB)
	574700  -  ResidentSetSize of job (KB)
...
006 (78855136.061.000) 2026-10-04 23:37:25 Image size of job updated: 596392
	562  -  MemoryUsage of job (MB)
	574712  -  ResidentSetSize of job (KB)
...
006 (78855136.061.000) 2026-10-05 00:07:28 Image size of job updated: 596392
	564  -  MemoryUsage of job (MB)
	576640  -  ResidentSetSize of job (KB)
...
006 (78855136.061.000) 2026-10-05 00:17:29 Image size of job updated: 596392
	565  -  MemoryUsage of job (MB)
	577664  -  ResidentSetSize of job (KB)
...
006 (78855136.061.000) 2026-10-05 01:42:40 Image size of job updated: 596392
	567  -  MemoryUsage of job (MB)
	579844  -  ResidentSetSize of job (KB)
...
006 (78855136.061.000) 2026-10-05 02:02:41 Image size of job updated: 596392
	567  -  MemoryUsage of job (MB)
	579872  -  ResidentSetSize of job (KB)
...
006 (78855136.061.000) 2026-10-05 02:12:42 Image size of job updated: 597848
	568  -  MemoryUsage of job (MB)
	580684  -  ResidentSetSize of job (KB)
...
006 (78855136.061.000) 2026-10-05 02:22:42 Image size of job updated: 597848
	568  -  MemoryUsage of job (MB)
	580688  -  ResidentSetSize of job (KB)
...
006 (78855136.061.000) 2026-10-05 02:42:46 Image size of job updated: 597848
	571  -  MemoryUsage of job (MB)
	583952  -  ResidentSetSize of job (KB)
...
006 (78855136.061.000) 2026-10-05 03:12:49 Image size of job updated: 597848
	574  -  MemoryUsage of job (MB)
	587436  -  ResidentSetSize of job (KB)
...
006 (78855136.061.000) 2026-10-05 03:27:51 Image size of job updated: 598468
	574  -  MemoryUsage of job (MB)
	587436  -  ResidentSetSize of job (KB)
...
006 (78855136.061.000) 2026-10-05 03:47:54 Image size of job updated: 604312
	574  -  MemoryUsage of job (MB)
	587436  -  ResidentSetSize of job (KB)
...
006 (78855136.061.000) 2026-10-05 04:58:03 Image size of job updated: 604312
	575  -  MemoryUsage of job (MB)
	588020  -  ResidentSetSize of job (KB)
...
006 (78855136.061.000) 2026-10-05 05:33:07 Image size of job updated: 604312
	575  -  MemoryUsage of job (MB)
	588024  -  ResidentSetSize of job (KB)
...
006 (78855136.061.000) 2026-10-05 05:43:08 Image size of job updated: 604312
	576  -  MemoryUsage of job (MB)
	589044  -  ResidentSetSize of job (KB)
...
006 (78855136.061.000) 2026-10-05 05:58:09 Image size of job updated: 604312
	576  -  MemoryUsage of job (MB)
	589048  -  ResidentSetSize of job (KB)
...
006 (78855136.061.000) 2026-10-05 06:13:10 Image size of job updated: 604312
	577  -  MemoryUsage of job (MB)
	590072  -  ResidentSetSize of job (KB)
...
006 (78855136.061.000) 2026-10-05 06:33:13 Image size of job updated: 605276
	577  -  MemoryUsage of job (MB)
	590072  -  ResidentSetSize of job (KB)
...
006 (78855136.061.000) 2026-10-05 06:43:14 Image size of job updated: 605276
	578  -  MemoryUsage of job (MB)
	591288  -  ResidentSetSize of job (KB)
...
006 (78855136.061.000) 2026-10-05 07:08:17 Image size of job updated: 605276
	579  -  MemoryUsage of job (MB)
	592772  -  ResidentSetSize of job (KB)
...
006 (78855136.061.000) 2026-10-05 07:13:17 Image size of job updated: 605276
	579  -  MemoryUsage of job (MB)
	592776  -  ResidentSetSize of job (KB)
...
006 (78855136.061.000) 2026-10-05 07:38:20 Image size of job updated: 605276
	580  -  MemoryUsage of job (MB)
	593080  -  ResidentSetSize of job (KB)
...
006 (78855136.061.000) 2026-10-05 07:58:23 Image size of job updated: 605276
	582  -  MemoryUsage of job (MB)
	595348  -  ResidentSetSize of job (KB)
...
006 (78855136.061.000) 2026-10-05 09:23:32 Image size of job updated: 606984
	583  -  MemoryUsage of job (MB)
	596196  -  ResidentSetSize of job (KB)
...
006 (78855136.061.000) 2026-10-05 09:28:32 Image size of job updated: 606984
	583  -  MemoryUsage of job (MB)
	596200  -  ResidentSetSize of job (KB)
...
006 (78855136.061.000) 2026-10-05 09:53:35 Image size of job updated: 606984
	584  -  MemoryUsage of job (MB)
	597752  -  ResidentSetSize of job (KB)
...
006 (78855136.061.000) 2026-10-05 10:08:37 Image size of job updated: 609948
	596  -  MemoryUsage of job (MB)
	609948  -  ResidentSetSize of job (KB)
...
006 (78855136.061.000) 2026-10-05 10:28:39 Image size of job updated: 610596
	596  -  MemoryUsage of job (MB)
	609948  -  ResidentSetSize of job (KB)
...
006 (78855136.061.000) 2026-10-05 12:03:48 Image size of job updated: 613148
	596  -  MemoryUsage of job (MB)
	609948  -  ResidentSetSize of job (KB)
...
006 (78855136.061.000) 2026-10-05 12:33:50 Image size of job updated: 614312
	596  -  MemoryUsage of job (MB)
	609948  -  ResidentSetSize of job (KB)
...
006 (78855136.061.000) 2026-10-05 12:43:51 Image size of job updated: 622848
	596  -  MemoryUsage of job (MB)
	609948  -  ResidentSetSize of job (KB)
...
