000 (78852668.062.000) 2026-10-01 10:44:08 Job submitted from host: <10.14.0.121:9618?addrs=10.14.0.121-9618&alias=ldas-pcdev12.ligo.caltech.edu&noUDP&sock=schedd_623140_c9b4>
...
001 (78852668.062.000) 2026-10-01 10:48:00 Job executing on host: <10.14.10.129:9618?addrs=10.14.10.129-9618&alias=node2379.cluster.ldas.cit&noUDP&sock=startd_2659246_25db>
	SlotName: slot1_2@node2379.cluster.ldas.cit
	CondorScratchDir = "/var/lib/condor/execute/dir_3759872/scratch"
	Cpus = 4
	Disk = 28672
	GPUs = 0
	Memory = 15104
...
006 (78852668.062.000) 2026-10-01 10:48:00 Image size of job updated: 25000
	0  -  MemoryUsage of job (MB)
	0  -  ResidentSetSize of job (KB)
...
005 (78852668.062.000) 2026-10-01 10:48:00 Job terminated.
	(1) Normal termination (return value 1)
		Usr 0 00:00:00, Sys 0 00:00:00  -  Run Remote Usage
		Usr 0 00:00:00, Sys 0 00:00:00  -  Run Local Usage
		Usr 0 00:00:00, Sys 0 00:00:00  -  Total Remote Usage
		Usr 0 00:00:00, Sys 0 00:00:00  -  Total Local Usage
	0  -  Run Bytes Sent By Job
	0  -  Run Bytes Received By Job
	0  -  Total Bytes Sent By Job
	0  -  Total Bytes Received By Job
	Partitionable Resources :    Usage  Request Allocated 
	   Cpus                 :                 4         4 
	   Disk (KB)            :    25000    25000     28672 
	   GPUs                 :                           0 
	   Memory (MB)          :        0    15000     15104 
	   TimeExecute (s)      :        0                    
	   TimeSlotBusy (s)     :        0                    
...
000 (78854871.062.000) 2026-10-03 17:15:42 Job submitted from host: <10.14.0.121:9618?addrs=10.14.0.121-9618&alias=ldas-pcdev12.ligo.caltech.edu&noUDP&sock=schedd_623140_c9b4>
...
001 (78854871.062.000) 2026-10-03 17:16:41 Job executing on host: <10.14.10.27:9618?addrs=10.14.10.27-9618&alias=node2277.cluster.ldas.cit&noUDP&sock=startd_780585_f652>
	SlotName: slot1_3@node2277.cluster.ldas.cit
	CondorScratchDir = "/var/lib/condor/execute/dir_2932923/scratch"
	Cpus = 4
	Disk = 28672
	GPUs = 0
	Memory = 15104
...
006 (78854871.062.000) 2026-10-03 17:16:50 Image size of job updated: 227984
	223  -  MemoryUsage of job (MB)
	227984  -  ResidentSetSize of job (KB)
...
006 (78854871.062.000) 2026-10-03 17:21:50 Image size of job updated: 302540
	296  -  MemoryUsage of job (MB)
	302540  -  ResidentSetSize of job (KB)
...
006 (78854871.062.000) 2026-10-03 17:26:50 Image size of job updated: 303256
	297  -  MemoryUsage of job (MB)
	303256  -  ResidentSetSize of job (KB)
...
006 (78854871.062.000) 2026-10-03 17:31:51 Image size of job updated: 373384
	365  -  MemoryUsage of job (MB)
	373384  -  ResidentSetSize of job (KB)
...
006 (78854871.062.000) 2026-10-03 17:36:51 Image size of job updated: 373600
	365  -  MemoryUsage of job (MB)
	373600  -  ResidentSetSize of job (KB)
...
006 (78854871.062.000) 2026-10-03 17:41:51 Image size of job updated: 388304
	380  -  MemoryUsage of job (MB)
	388304  -  ResidentSetSize of job (KB)
...
006 (78854871.062.000) 2026-10-03 17:46:52 Image size of job updated: 388340
	380  -  MemoryUsage of job (MB)
	388340  -  ResidentSetSize of job (KB)
...
006 (78854871.062.000) 2026-10-03 17:51:52 Image size of job updated: 390972
	382  -  MemoryUsage of job (MB)
	390972  -  ResidentSetSize of job (KB)
...
006 (78854871.062.000) 2026-10-03 17:56:53 Image size of job updated: 390992
	382  -  MemoryUsage of job (MB)
	390992  -  ResidentSetSize of job (KB)
...
006 (78854871.062.000) 2026-10-03 18:01:54 Image size of job updated: 427776
	418  -  MemoryUsage of job (MB)
	427776  -  ResidentSetSize of job (KB)
...
006 (78854871.062.000) 2026-10-03 18:06:54 Image size of job updated: 427792
	418  -  MemoryUsage of job (MB)
	427792  -  ResidentSetSize of job (KB)
...
006 (78854871.062.000) 2026-10-03 18:11:54 Image size of job updated: 442496
	433  -  MemoryUsage of job (MB)
	442496  -  ResidentSetSize of job (KB)
...
006 (78854871.062.000) 2026-10-03 18:16:55 Image size of job updated: 442500
	433  -  MemoryUsage of job (MB)
	442500  -  ResidentSetSize of job (KB)
...
006 (78854871.062.000) 2026-10-03 18:21:55 Image size of job updated: 445900
	433  -  MemoryUsage of job (MB)
	442500  -  ResidentSetSize of job (KB)
...
006 (78854871.062.000) 2026-10-03 18:36:56 Image size of job updated: 573404
	560  -  MemoryUsage of job (MB)
	573404  -  ResidentSetSize of job (KB)
...
006 (78854871.062.000) 2026-10-03 18:41:56 Image size of job updated: 738268
	721  -  MemoryUsage of job (MB)
	738268  -  ResidentSetSize of job (KB)
...
006 (78854871.062.000) 2026-10-03 18:46:57 Image size of job updated: 738280
	721  -  MemoryUsage of job (MB)
	738280  -  ResidentSetSize of job (KB)
...
006 (78854871.062.000) 2026-10-03 18:51:58 Image size of job updated: 744408
	721  -  MemoryUsage of job (MB)
	738280  -  ResidentSetSize of job (KB)
...
006 (78854871.062.000) 2026-10-03 19:01:59 Image size of job updated: 756520
	739  -  MemoryUsage of job (MB)
	756520  -  ResidentSetSize of job (KB)
...
006 (78854871.062.000) 2026-10-03 19:07:00 Image size of job updated: 756580
	739  -  MemoryUsage of job (MB)
	756580  -  ResidentSetSize of job (KB)
...
006 (78854871.062.000) 2026-10-03 19:12:00 Image size of job updated: 757700
	740  -  MemoryUsage of job (MB)
	757700  -  ResidentSetSize of job (KB)
...
006 (78854871.062.000) 2026-10-03 19:17:01 Image size of job updated: 757704
	740  -  MemoryUsage of job (MB)
	757704  -  ResidentSetSize of job (KB)
...
006 (78854871.062.000) 2026-10-03 19:22:02 Image size of job updated: 758720
	741  -  MemoryUsage of job (MB)
	758720  -  ResidentSetSize of job (KB)
...
006 (78854871.062.000) 2026-10-03 19:32:02 Image size of job updated: 762116
	745  -  MemoryUsage of job (MB)
	762116  -  ResidentSetSize of job (KB)
...
006 (78854871.062.000) 2026-10-03 19:37:03 Image size of job updated: 762128
	745  -  MemoryUsage of job (MB)
	762128  -  ResidentSetSize of job (KB)
...
006 (78854871.062.000) 2026-10-03 19:42:03 Image size of job updated: 778372
	761  -  MemoryUsage of job (MB)
	778372  -  ResidentSetSize of job (KB)
...
006 (78854871.062.000) 2026-10-03 19:47:03 Image size of job updated: 778376
	761  -  MemoryUsage of job (MB)
	778376  -  ResidentSetSize of job (KB)
...
006 (78854871.062.000) 2026-10-03 19:52:04 Image size of job updated: 779372
	762  -  MemoryUsage of job (MB)
	779372  -  ResidentSetSize of job (KB)
...
006 (78854871.062.000) 2026-10-03 19:57:04 Image size of job updated: 779376
	762  -  MemoryUsage of job (MB)
	779376  -  ResidentSetSize of job (KB)
...
006 (78854871.062.000) 2026-10-03 20:02:04 Image size of job updated: 780448
	763  -  MemoryUsage of job (MB)
	780448  -  ResidentSetSize of job (KB)
...
006 (78854871.062.000) 2026-10-03 20:07:05 Image size of job updated: 780452
	763  -  MemoryUsage of job (MB)
	780452  -  ResidentSetSize of job (KB)
...
006 (78854871.062.000) 2026-10-03 20:12:06 Image size of job updated: 784636
	766  -  MemoryUsage of job (MB)
	783432  -  ResidentSetSize of job (KB)
...
006 (78854871.062.000) 2026-10-03 20:17:06 Image size of job updated: 784636
	766  -  MemoryUsage of job (MB)
	783436  -  ResidentSetSize of job (KB)
...
006 (78854871.062.000) 2026-10-03 20:42:09 Image size of job updated: 784636
	766  -  MemoryUsage of job (MB)
	783548  -  ResidentSetSize of job (KB)
...
006 (78854871.062.000) 2026-10-03 20:47:09 Image size of job updated: 784636
	766  -  MemoryUsage of job (MB)
	783552  -  ResidentSetSize of job (KB)
...
006 (78854871.062.000) 2026-10-03 20:52:09 Image size of job updated: 786512
	769  -  MemoryUsage of job (MB)
	786512  -  ResidentSetSize of job (KB)
...
006 (78854871.062.000) 2026-10-03 20:57:10 Image size of job updated: 786520
	769  -  MemoryUsage of job (MB)
	786520  -  ResidentSetSize of job (KB)
...
006 (78854871.062.000) 2026-10-03 21:02:10 Image size of job updated: 787596
	770  -  MemoryUsage of job (MB)
	787596  -  ResidentSetSize of job (KB)
...
006 (78854871.062.000) 2026-10-03 21:07:10 Image size of job updated: 787608
	770  -  MemoryUsage of job (MB)
	787608  -  ResidentSetSize of job (KB)
...
006 (78854871.062.000) 2026-10-03 21:12:11 Image size of job updated: 787620
	770  -  MemoryUsage of job (MB)
	787620  -  ResidentSetSize of job (KB)
...
006 (78854871.062.000) 2026-10-03 21:17:12 Image size of job updated: 789640
	772  -  MemoryUsage of job (MB)
	789640  -  ResidentSetSize of job (KB)
...
006 (78854871.062.000) 2026-10-03 21:22:12 Image size of job updated: 789644
	772  -  MemoryUsage of job (MB)
	789644  -  ResidentSetSize of job (KB)
...
006 (78854871.062.000) 2026-10-03 21:32:14 Image size of job updated: 789648
	772  -  MemoryUsage of job (MB)
	789648  -  ResidentSetSize of job (KB)
...
006 (78854871.062.000) 2026-10-03 21:36:43 Image size of job updated: 792684
	772  -  MemoryUsage of job (MB)
	789648  -  ResidentSetSize of job (KB)
...
004 (78854871.062.000) 2026-10-03 21:36:43 Job was evicted. Code 1023 Subcode 0
	(0) CPU times
		Usr 0 14:00:21, Sys 0 00:00:29  -  Run Remote Usage
		Usr 0 00:00:00, Sys 0 00:00:00  -  Run Local Usage
	0  -  Run Bytes Sent By Job
	0  -  Run Bytes Received By Job
	Reason: via condor_rm (by user pratyusava.baral)
	Partitionable Resources :    Usage  Request Allocated 
	   Cpus                 :     3.20        4         4 
	   Disk (KB)            : 25000       25000     28672 
	   GPUs                 :                           0 
	   Memory (MB)          :   772       15000     15104 
	   TimeExecute (s)      : 15602                       
	   TimeSlotBusy (s)     : 15603                       
...
009 (78854871.062.000) 2026-10-03 21:36:43 Job was aborted.
	via condor_rm (by user pratyusava.baral)
...
000 (78854907.062.000) 2026-10-03 21:37:08 Job submitted from host: <10.14.0.121:9618?addrs=10.14.0.121-9618&alias=ldas-pcdev12.ligo.caltech.edu&noUDP&sock=schedd_623140_c9b4>
...
001 (78854907.062.000) 2026-10-03 21:38:42 Job executing on host: <10.14.8.203:9618?addrs=10.14.8.203-9618&alias=node1953.cluster.ldas.cit&noUDP&sock=startd_33717_a2d1>
	SlotName: slot1_1@node1953.cluster.ldas.cit
	CondorScratchDir = "/var/lib/condor/execute/dir_332277/scratch"
	Cpus = 4
	Disk = 28672
	GPUs = 0
	Memory = 15104
...
006 (78854907.062.000) 2026-10-03 21:38:50 Image size of job updated: 207428
	203  -  MemoryUsage of job (MB)
	207428  -  ResidentSetSize of job (KB)
...
006 (78854907.062.000) 2026-10-03 21:43:50 Image size of job updated: 283932
	278  -  MemoryUsage of job (MB)
	283932  -  ResidentSetSize of job (KB)
...
006 (78854907.062.000) 2026-10-03 21:48:51 Image size of job updated: 392852
	384  -  MemoryUsage of job (MB)
	392852  -  ResidentSetSize of job (KB)
...
006 (78854907.062.000) 2026-10-03 21:53:52 Image size of job updated: 398648
	390  -  MemoryUsage of job (MB)
	398648  -  ResidentSetSize of job (KB)
...
006 (78854907.062.000) 2026-10-03 21:58:52 Image size of job updated: 447148
	437  -  MemoryUsage of job (MB)
	447148  -  ResidentSetSize of job (KB)
...
006 (78854907.062.000) 2026-10-03 22:03:53 Image size of job updated: 458792
	449  -  MemoryUsage of job (MB)
	458792  -  ResidentSetSize of job (KB)
...
006 (78854907.062.000) 2026-10-03 22:08:54 Image size of job updated: 489436
	478  -  MemoryUsage of job (MB)
	489436  -  ResidentSetSize of job (KB)
...
006 (78854907.062.000) 2026-10-03 22:13:54 Image size of job updated: 489548
	479  -  MemoryUsage of job (MB)
	489548  -  ResidentSetSize of job (KB)
...
006 (78854907.062.000) 2026-10-03 22:18:55 Image size of job updated: 496592
	485  -  MemoryUsage of job (MB)
	496592  -  ResidentSetSize of job (KB)
...
006 (78854907.062.000) 2026-10-03 22:23:56 Image size of job updated: 496668
	486  -  MemoryUsage of job (MB)
	496668  -  ResidentSetSize of job (KB)
...
006 (78854907.062.000) 2026-10-03 22:28:56 Image size of job updated: 498756
	488  -  MemoryUsage of job (MB)
	498756  -  ResidentSetSize of job (KB)
...
006 (78854907.062.000) 2026-10-03 22:33:57 Image size of job updated: 498812
	488  -  MemoryUsage of job (MB)
	498812  -  ResidentSetSize of job (KB)
...
006 (78854907.062.000) 2026-10-03 22:38:58 Image size of job updated: 500856
	489  -  MemoryUsage of job (MB)
	499848  -  ResidentSetSize of job (KB)
...
006 (78854907.062.000) 2026-10-03 22:43:58 Image size of job updated: 500856
	489  -  MemoryUsage of job (MB)
	499896  -  ResidentSetSize of job (KB)
...
006 (78854907.062.000) 2026-10-03 22:48:58 Image size of job updated: 500980
	490  -  MemoryUsage of job (MB)
	500980  -  ResidentSetSize of job (KB)
...
006 (78854907.062.000) 2026-10-03 22:53:59 Image size of job updated: 500992
	490  -  MemoryUsage of job (MB)
	500992  -  ResidentSetSize of job (KB)
...
006 (78854907.062.000) 2026-10-03 22:58:59 Image size of job updated: 501108
	490  -  MemoryUsage of job (MB)
	501108  -  ResidentSetSize of job (KB)
...
006 (78854907.062.000) 2026-10-03 23:03:59 Image size of job updated: 501116
	490  -  MemoryUsage of job (MB)
	501116  -  ResidentSetSize of job (KB)
...
006 (78854907.062.000) 2026-10-03 23:09:00 Image size of job updated: 502144
	491  -  MemoryUsage of job (MB)
	502144  -  ResidentSetSize of job (KB)
...
006 (78854907.062.000) 2026-10-03 23:14:00 Image size of job updated: 502160
	491  -  MemoryUsage of job (MB)
	502160  -  ResidentSetSize of job (KB)
...
006 (78854907.062.000) 2026-10-03 23:19:00 Image size of job updated: 502172
	491  -  MemoryUsage of job (MB)
	502172  -  ResidentSetSize of job (KB)
...
006 (78854907.062.000) 2026-10-03 23:24:01 Image size of job updated: 502180
	491  -  MemoryUsage of job (MB)
	502180  -  ResidentSetSize of job (KB)
...
006 (78854907.062.000) 2026-10-03 23:29:01 Image size of job updated: 503208
	492  -  MemoryUsage of job (MB)
	503208  -  ResidentSetSize of job (KB)
...
006 (78854907.062.000) 2026-10-03 23:34:01 Image size of job updated: 505324
	494  -  MemoryUsage of job (MB)
	505324  -  ResidentSetSize of job (KB)
...
006 (78854907.062.000) 2026-10-03 23:39:02 Image size of job updated: 505340
	494  -  MemoryUsage of job (MB)
	505340  -  ResidentSetSize of job (KB)
...
006 (78854907.062.000) 2026-10-03 23:44:02 Image size of job updated: 506976
	496  -  MemoryUsage of job (MB)
	506976  -  ResidentSetSize of job (KB)
...
006 (78854907.062.000) 2026-10-03 23:49:02 Image size of job updated: 506988
	496  -  MemoryUsage of job (MB)
	506988  -  ResidentSetSize of job (KB)
...
006 (78854907.062.000) 2026-10-03 23:54:03 Image size of job updated: 508448
	497  -  MemoryUsage of job (MB)
	508448  -  ResidentSetSize of job (KB)
...
006 (78854907.062.000) 2026-10-03 23:59:03 Image size of job updated: 508464
	497  -  MemoryUsage of job (MB)
	508464  -  ResidentSetSize of job (KB)
...
006 (78854907.062.000) 2026-10-04 00:04:03 Image size of job updated: 508476
	497  -  MemoryUsage of job (MB)
	508472  -  ResidentSetSize of job (KB)
...
006 (78854907.062.000) 2026-10-04 00:09:04 Image size of job updated: 508476
	497  -  MemoryUsage of job (MB)
	508476  -  ResidentSetSize of job (KB)
...
006 (78854907.062.000) 2026-10-04 00:14:05 Image size of job updated: 509564
	498  -  MemoryUsage of job (MB)
	509564  -  ResidentSetSize of job (KB)
...
006 (78854907.062.000) 2026-10-04 00:24:06 Image size of job updated: 510588
	499  -  MemoryUsage of job (MB)
	510588  -  ResidentSetSize of job (KB)
...
006 (78854907.062.000) 2026-10-04 00:34:07 Image size of job updated: 512664
	501  -  MemoryUsage of job (MB)
	512664  -  ResidentSetSize of job (KB)
...
006 (78854907.062.000) 2026-10-04 00:44:09 Image size of job updated: 518928
	507  -  MemoryUsage of job (MB)
	518928  -  ResidentSetSize of job (KB)
...
006 (78854907.062.000) 2026-10-04 00:54:10 Image size of job updated: 518932
	507  -  MemoryUsage of job (MB)
	518932  -  ResidentSetSize of job (KB)
...
006 (78854907.062.000) 2026-10-04 00:59:11 Image size of job updated: 518936
	507  -  MemoryUsage of job (MB)
	518936  -  ResidentSetSize of job (KB)
...
006 (78854907.062.000) 2026-10-04 01:04:11 Image size of job updated: 518948
	507  -  MemoryUsage of job (MB)
	518948  -  ResidentSetSize of job (KB)
...
006 (78854907.062.000) 2026-10-04 01:09:12 Image size of job updated: 518952
	507  -  MemoryUsage of job (MB)
	518952  -  ResidentSetSize of job (KB)
...
006 (78854907.062.000) 2026-10-04 01:14:13 Image size of job updated: 520796
	509  -  MemoryUsage of job (MB)
	520796  -  ResidentSetSize of job (KB)
...
006 (78854907.062.000) 2026-10-04 01:19:13 Image size of job updated: 520800
	509  -  MemoryUsage of job (MB)
	520800  -  ResidentSetSize of job (KB)
...
006 (78854907.062.000) 2026-10-04 01:24:14 Image size of job updated: 523000
	510  -  MemoryUsage of job (MB)
	521996  -  ResidentSetSize of job (KB)
...
006 (78854907.062.000) 2026-10-04 01:29:15 Image size of job updated: 523000
	510  -  MemoryUsage of job (MB)
	522000  -  ResidentSetSize of job (KB)
...
006 (78854907.062.000) 2026-10-04 01:39:16 Image size of job updated: 523000
	510  -  MemoryUsage of job (MB)
	522004  -  ResidentSetSize of job (KB)
...
006 (78854907.062.000) 2026-10-04 01:44:17 Image size of job updated: 523016
	511  -  MemoryUsage of job (MB)
	523016  -  ResidentSetSize of job (KB)
...
006 (78854907.062.000) 2026-10-04 01:49:17 Image size of job updated: 523024
	511  -  MemoryUsage of job (MB)
	523024  -  ResidentSetSize of job (KB)
...
006 (78854907.062.000) 2026-10-04 01:59:19 Image size of job updated: 523028
	511  -  MemoryUsage of job (MB)
	523028  -  ResidentSetSize of job (KB)
...
006 (78854907.062.000) 2026-10-04 02:04:19 Image size of job updated: 524068
	512  -  MemoryUsage of job (MB)
	524068  -  ResidentSetSize of job (KB)
...
006 (78854907.062.000) 2026-10-04 02:14:21 Image size of job updated: 524072
	512  -  MemoryUsage of job (MB)
	524072  -  ResidentSetSize of job (KB)
...
006 (78854907.062.000) 2026-10-04 02:19:21 Image size of job updated: 524080
	512  -  MemoryUsage of job (MB)
	524080  -  ResidentSetSize of job (KB)
...
006 (78854907.062.000) 2026-10-04 02:29:22 Image size of job updated: 525092
	513  -  MemoryUsage of job (MB)
	525092  -  ResidentSetSize of job (KB)
...
006 (78854907.062.000) 2026-10-04 02:34:22 Image size of job updated: 525124
	513  -  MemoryUsage of job (MB)
	525124  -  ResidentSetSize of job (KB)
...
006 (78854907.062.000) 2026-10-04 02:39:22 Image size of job updated: 527140
	514  -  MemoryUsage of job (MB)
	526140  -  ResidentSetSize of job (KB)
...
006 (78854907.062.000) 2026-10-04 02:44:23 Image size of job updated: 527140
	514  -  MemoryUsage of job (MB)
	526148  -  ResidentSetSize of job (KB)
...
006 (78854907.062.000) 2026-10-04 02:49:23 Image size of job updated: 527160
	515  -  MemoryUsage of job (MB)
	527160  -  ResidentSetSize of job (KB)
...
006 (78854907.062.000) 2026-10-04 02:54:23 Image size of job updated: 527164
	515  -  MemoryUsage of job (MB)
	527164  -  ResidentSetSize of job (KB)
...
006 (78854907.062.000) 2026-10-04 02:59:24 Image size of job updated: 527168
	515  -  MemoryUsage of job (MB)
	527168  -  ResidentSetSize of job (KB)
...
006 (78854907.062.000) 2026-10-04 03:04:24 Image size of job updated: 527204
	515  -  MemoryUsage of job (MB)
	527204  -  ResidentSetSize of job (KB)
...
006 (78854907.062.000) 2026-10-04 03:14:25 Image size of job updated: 527208
	515  -  MemoryUsage of job (MB)
	527208  -  ResidentSetSize of job (KB)
...
006 (78854907.062.000) 2026-10-04 03:19:25 Image size of job updated: 527212
	515  -  MemoryUsage of job (MB)
	527212  -  ResidentSetSize of job (KB)
...
006 (78854907.062.000) 2026-10-04 03:24:25 Image size of job updated: 527216
	515  -  MemoryUsage of job (MB)
	527216  -  ResidentSetSize of job (KB)
...
006 (78854907.062.000) 2026-10-04 03:29:26 Image size of job updated: 528260
	516  -  MemoryUsage of job (MB)
	528260  -  ResidentSetSize of job (KB)
...
006 (78854907.062.000) 2026-10-04 03:34:26 Image size of job updated: 528264
	516  -  MemoryUsage of job (MB)
	528264  -  ResidentSetSize of job (KB)
...
006 (78854907.062.000) 2026-10-04 03:39:26 Image size of job updated: 529272
	517  -  MemoryUsage of job (MB)
	529272  -  ResidentSetSize of job (KB)
...
006 (78854907.062.000) 2026-10-04 03:44:27 Image size of job updated: 529276
	517  -  MemoryUsage of job (MB)
	529276  -  ResidentSetSize of job (KB)
...
006 (78854907.062.000) 2026-10-04 03:49:27 Image size of job updated: 529280
	517  -  MemoryUsage of job (MB)
	529280  -  ResidentSetSize of job (KB)
...
006 (78854907.062.000) 2026-10-04 03:54:27 Image size of job updated: 529284
	517  -  MemoryUsage of job (MB)
	529284  -  ResidentSetSize of job (KB)
...
006 (78854907.062.000) 2026-10-04 03:59:28 Image size of job updated: 530296
	518  -  MemoryUsage of job (MB)
	530296  -  ResidentSetSize of job (KB)
...
006 (78854907.062.000) 2026-10-04 04:04:28 Image size of job updated: 530300
	518  -  MemoryUsage of job (MB)
	530300  -  ResidentSetSize of job (KB)
...
006 (78854907.062.000) 2026-10-04 04:09:28 Image size of job updated: 531960
	520  -  MemoryUsage of job (MB)
	531960  -  ResidentSetSize of job (KB)
...
006 (78854907.062.000) 2026-10-04 04:14:29 Image size of job updated: 531964
	520  -  MemoryUsage of job (MB)
	531964  -  ResidentSetSize of job (KB)
...
006 (78854907.062.000) 2026-10-04 04:19:29 Image size of job updated: 536548
	524  -  MemoryUsage of job (MB)
	536548  -  ResidentSetSize of job (KB)
...
006 (78854907.062.000) 2026-10-04 04:24:29 Image size of job updated: 536612
	525  -  MemoryUsage of job (MB)
	536612  -  ResidentSetSize of job (KB)
...
006 (78854907.062.000) 2026-10-04 04:29:30 Image size of job updated: 537624
	526  -  MemoryUsage of job (MB)
	537624  -  ResidentSetSize of job (KB)
...
006 (78854907.062.000) 2026-10-04 04:39:30 Image size of job updated: 543740
	531  -  MemoryUsage of job (MB)
	543740  -  ResidentSetSize of job (KB)
...
006 (78854907.062.000) 2026-10-04 04:44:31 Image size of job updated: 543744
	531  -  MemoryUsage of job (MB)
	543744  -  ResidentSetSize of job (KB)
...
006 (78854907.062.000) 2026-10-04 04:54:31 Image size of job updated: 543812
	532  -  MemoryUsage of job (MB)
	543812  -  ResidentSetSize of job (KB)
...
006 (78854907.062.000) 2026-10-04 04:59:32 Image size of job updated: 543816
	532  -  MemoryUsage of job (MB)
	543816  -  ResidentSetSize of job (KB)
...
006 (78854907.062.000) 2026-10-04 05:09:32 Image size of job updated: 546092
	534  -  MemoryUsage of job (MB)
	546092  -  ResidentSetSize of job (KB)
...
006 (78854907.062.000) 2026-10-04 05:19:33 Image size of job updated: 546100
	534  -  MemoryUsage of job (MB)
	546100  -  ResidentSetSize of job (KB)
...
006 (78854907.062.000) 2026-10-04 05:24:33 Image size of job updated: 546116
	534  -  MemoryUsage of job (MB)
	546116  -  ResidentSetSize of job (KB)
...
006 (78854907.062.000) 2026-10-04 05:29:34 Image size of job updated: 549140
	537  -  MemoryUsage of job (MB)
	549140  -  ResidentSetSize of job (KB)
...
006 (78854907.062.000) 2026-10-04 05:34:34 Image size of job updated: 549144
	537  -  MemoryUsage of job (MB)
	549144  -  ResidentSetSize of job (KB)
...
006 (78854907.062.000) 2026-10-04 05:44:35 Image size of job updated: 549148
	537  -  MemoryUsage of job (MB)
	549148  -  ResidentSetSize of job (KB)
...
006 (78854907.062.000) 2026-10-04 05:49:35 Image size of job updated: 551380
	539  -  MemoryUsage of job (MB)
	551380  -  ResidentSetSize of job (KB)
...
006 (78854907.062.000) 2026-10-04 05:54:35 Image size of job updated: 551384
	539  -  MemoryUsage of job (MB)
	551384  -  ResidentSetSize of job (KB)
...
006 (78854907.062.000) 2026-10-04 06:04:37 Image size of job updated: 553400
	541  -  MemoryUsage of job (MB)
	553400  -  ResidentSetSize of job (KB)
...
006 (78854907.062.000) 2026-10-04 06:09:37 Image size of job updated: 553404
	541  -  MemoryUsage of job (MB)
	553404  -  ResidentSetSize of job (KB)
...
006 (78854907.062.000) 2026-10-04 06:24:39 Image size of job updated: 554448
	542  -  MemoryUsage of job (MB)
	554448  -  ResidentSetSize of job (KB)
...
006 (78854907.062.000) 2026-10-04 06:54:43 Image size of job updated: 554644
	542  -  MemoryUsage of job (MB)
	554644  -  ResidentSetSize of job (KB)
...
006 (78854907.062.000) 2026-10-04 07:04:45 Image size of job updated: 566348
	554  -  MemoryUsage of job (MB)
	566348  -  ResidentSetSize of job (KB)
...
006 (78854907.062.000) 2026-10-04 07:14:46 Image size of job updated: 566380
	554  -  MemoryUsage of job (MB)
	566380  -  ResidentSetSize of job (KB)
...
006 (78854907.062.000) 2026-10-04 07:24:47 Image size of job updated: 567716
	555  -  MemoryUsage of job (MB)
	567716  -  ResidentSetSize of job (KB)
...
006 (78854907.062.000) 2026-10-04 07:34:49 Image size of job updated: 569736
	556  -  MemoryUsage of job (MB)
	568728  -  ResidentSetSize of job (KB)
...
006 (78854907.062.000) 2026-10-04 07:44:50 Image size of job updated: 569736
	556  -  MemoryUsage of job (MB)
	568732  -  ResidentSetSize of job (KB)
...
006 (78854907.062.000) 2026-10-04 08:04:53 Image size of job updated: 575032
	562  -  MemoryUsage of job (MB)
	575032  -  ResidentSetSize of job (KB)
...
006 (78854907.062.000) 2026-10-04 08:14:54 Image size of job updated: 576076
	562  -  MemoryUsage of job (MB)
	575064  -  ResidentSetSize of job (KB)
...
006 (78854907.062.000) 2026-10-04 09:14:59 Image size of job updated: 581776
	569  -  MemoryUsage of job (MB)
	581776  -  ResidentSetSize of job (KB)
...
006 (78854907.062.000) 2026-10-04 09:25:00 Image size of job updated: 583792
	571  -  MemoryUsage of job (MB)
	583792  -  ResidentSetSize of job (KB)
...
006 (78854907.062.000) 2026-10-04 09:40:02 Image size of job updated: 583888
	571  -  MemoryUsage of job (MB)
	583888  -  ResidentSetSize of job (KB)
...
006 (78854907.062.000) 2026-10-04 09:45:02 Image size of job updated: 583892
	571  -  MemoryUsage of job (MB)
	583892  -  ResidentSetSize of job (KB)
...
006 (78854907.062.000) 2026-10-04 09:50:03 Image size of job updated: 584900
	572  -  MemoryUsage of job (MB)
	584900  -  ResidentSetSize of job (KB)
...
006 (78854907.062.000) 2026-10-04 10:00:04 Image size of job updated: 590424
	577  -  MemoryUsage of job (MB)
	590424  -  ResidentSetSize of job (KB)
...
006 (78854907.062.000) 2026-10-04 10:50:10 Image size of job updated: 591424
	578  -  MemoryUsage of job (MB)
	591424  -  ResidentSetSize of job (KB)
...
006 (78854907.062.000) 2026-10-04 11:00:11 Image size of job updated: 591432
	578  -  MemoryUsage of job (MB)
	591424  -  ResidentSetSize of job (KB)
...
006 (78854907.062.000) 2026-10-04 11:10:13 Image size of job updated: 592460
	579  -  MemoryUsage of job (MB)
	592460  -  ResidentSetSize of job (KB)
...
006 (78854907.062.000) 2026-10-04 11:15:13 Image size of job updated: 592464
	579  -  MemoryUsage of job (MB)
	592464  -  ResidentSetSize of job (KB)
...
006 (78854907.062.000) 2026-10-04 11:30:15 Image size of job updated: 596100
	583  -  MemoryUsage of job (MB)
	596100  -  ResidentSetSize of job (KB)
...
006 (78854907.062.000) 2026-10-04 11:35:16 Image size of job updated: 596148
	583  -  MemoryUsage of job (MB)
	596148  -  ResidentSetSize of job (KB)
...
006 (78854907.062.000) 2026-10-04 12:00:19 Image size of job updated: 597156
	584  -  MemoryUsage of job (MB)
	597156  -  ResidentSetSize of job (KB)
...
006 (78854907.062.000) 2026-10-04 12:10:21 Image size of job updated: 598168
	585  -  MemoryUsage of job (MB)
	598168  -  ResidentSetSize of job (KB)
...
006 (78854907.062.000) 2026-10-04 12:15:21 Image size of job updated: 598172
	585  -  MemoryUsage of job (MB)
	598172  -  ResidentSetSize of job (KB)
...
006 (78854907.062.000) 2026-10-04 12:45:25 Image size of job updated: 599196
	586  -  MemoryUsage of job (MB)
	599196  -  ResidentSetSize of job (KB)
...
006 (78854907.062.000) 2026-10-04 13:15:28 Image size of job updated: 601212
	587  -  MemoryUsage of job (MB)
	600204  -  ResidentSetSize of job (KB)
...
006 (78854907.062.000) 2026-10-04 13:35:29 Image size of job updated: 604696
	591  -  MemoryUsage of job (MB)
	604696  -  ResidentSetSize of job (KB)
...
006 (78854907.062.000) 2026-10-04 13:44:42 Image size of job updated: 608780
	591  -  MemoryUsage of job (MB)
	604696  -  ResidentSetSize of job (KB)
...
004 (78854907.062.000) 2026-10-04 13:44:42 Job was evicted. Code 1023 Subcode 0
	(0) CPU times
		Usr 2 07:25:12, Sys 0 00:02:27  -  Run Remote Usage
		Usr 0 00:00:00, Sys 0 00:00:00  -  Run Local Usage
	0  -  Run Bytes Sent By Job
	0  -  Run Bytes Received By Job
	Reason: via condor_rm (by user pratyusava.baral)
	Partitionable Resources :    Usage  Request Allocated 
	   Cpus                 :     3.32        4         4 
	   Disk (KB)            : 25000       25000     28672 
	   GPUs                 :                           0 
	   Memory (MB)          :   591       15000     15104 
	   TimeExecute (s)      : 57960                       
	   TimeSlotBusy (s)     : 57960                       
...
009 (78854907.062.000) 2026-10-04 13:44:42 Job was aborted.
	via condor_rm (by user pratyusava.baral)
...
000 (78855136.062.000) 2026-10-04 13:45:07 Job submitted from host: <10.14.0.121:9618?addrs=10.14.0.121-9618&alias=ldas-pcdev12.ligo.caltech.edu&noUDP&sock=schedd_623140_c9b4>
...
001 (78855136.062.000) 2026-10-04 13:49:18 Job executing on host: <10.14.5.157:9618?addrs=10.14.5.157-9618&alias=node1157.cluster.ldas.cit&noUDP&sock=startd_76689_da8f>
	SlotName: slot1_1@node1157.cluster.ldas.cit
	CondorScratchDir = "/var/lib/condor/execute/dir_864602/scratch"
	Cpus = 4
	Disk = 28672
	GPUs = 0
	Memory = 15104
...
006 (78855136.062.000) 2026-10-04 13:49:26 Image size of job updated: 305620
	299  -  MemoryUsage of job (MB)
	305620  -  ResidentSetSize of job (KB)
...
006 (78855136.062.000) 2026-10-04 13:54:26 Image size of job updated: 310764
	304  -  MemoryUsage of job (MB)
	310764  -  ResidentSetSize of job (KB)
...
006 (78855136.062.000) 2026-10-04 13:59:26 Image size of job updated: 443492
	397  -  MemoryUsage of job (MB)
	406012  -  ResidentSetSize of job (KB)
...
006 (78855136.062.000) 2026-10-04 14:04:27 Image size of job updated: 443492
	411  -  MemoryUsage of job (MB)
	420116  -  ResidentSetSize of job (KB)
...
006 (78855136.062.000) 2026-10-04 14:09:27 Image size of job updated: 527648
	516  -  MemoryUsage of job (MB)
	527648  -  ResidentSetSize of job (KB)
...
006 (78855136.062.000) 2026-10-04 14:14:27 Image size of job updated: 527948
	516  -  MemoryUsage of job (MB)
	527948  -  ResidentSetSize of job (KB)
...
006 (78855136.062.000) 2026-10-04 14:19:28 Image size of job updated: 553300
	525  -  MemoryUsage of job (MB)
	537084  -  ResidentSetSize of job (KB)
...
006 (78855136.062.000) 2026-10-04 14:24:28 Image size of job updated: 553300
	525  -  MemoryUsage of job (MB)
	537144  -  ResidentSetSize of job (KB)
...
006 (78855136.062.000) 2026-10-04 14:29:29 Image size of job updated: 568372
	533  -  MemoryUsage of job (MB)
	545180  -  ResidentSetSize of job (KB)
...
006 (78855136.062.000) 2026-10-04 14:34:30 Image size of job updated: 568372
	533  -  MemoryUsage of job (MB)
	545216  -  ResidentSetSize of job (KB)
...
006 (78855136.062.000) 2026-10-04 14:39:30 Image size of job updated: 568372
	536  -  MemoryUsage of job (MB)
	547928  -  ResidentSetSize of job (KB)
...
006 (78855136.062.000) 2026-10-04 14:44:30 Image size of job updated: 568372
	536  -  MemoryUsage of job (MB)
	547980  -  ResidentSetSize of job (KB)
...
006 (78855136.062.000) 2026-10-04 14:49:31 Image size of job updated: 568372
	550  -  MemoryUsage of job (MB)
	562280  -  ResidentSetSize of job (KB)
...
006 (78855136.062.000) 2026-10-04 14:54:31 Image size of job updated: 568372
	551  -  MemoryUsage of job (MB)
	563256  -  ResidentSetSize of job (KB)
...
006 (78855136.062.000) 2026-10-04 14:59:31 Image size of job updated: 570304
	551  -  MemoryUsage of job (MB)
	563256  -  ResidentSetSize of job (KB)
...
006 (78855136.062.000) 2026-10-04 15:09:32 Image size of job updated: 571644
	551  -  MemoryUsage of job (MB)
	563608  -  ResidentSetSize of job (KB)
...
006 (78855136.062.000) 2026-10-04 15:14:32 Image size of job updated: 571644
	551  -  MemoryUsage of job (MB)
	563620  -  ResidentSetSize of job (KB)
...
006 (78855136.062.000) 2026-10-04 15:19:33 Image size of job updated: 572640
	560  -  MemoryUsage of job (MB)
	572640  -  ResidentSetSize of job (KB)
...
006 (78855136.062.000) 2026-10-04 15:24:33 Image size of job updated: 572652
	560  -  MemoryUsage of job (MB)
	572652  -  ResidentSetSize of job (KB)
...
006 (78855136.062.000) 2026-10-04 15:29:33 Image size of job updated: 576036
	563  -  MemoryUsage of job (MB)
	576036  -  ResidentSetSize of job (KB)
...
006 (78855136.062.000) 2026-10-04 15:34:34 Image size of job updated: 576056
	563  -  MemoryUsage of job (MB)
	576056  -  ResidentSetSize of job (KB)
...
006 (78855136.062.000) 2026-10-04 15:39:34 Image size of job updated: 579836
	564  -  MemoryUsage of job (MB)
	577452  -  ResidentSetSize of job (KB)
...
006 (78855136.062.000) 2026-10-04 15:44:34 Image size of job updated: 579836
	564  -  MemoryUsage of job (MB)
	577456  -  ResidentSetSize of job (KB)
...
006 (78855136.062.000) 2026-10-04 15:49:35 Image size of job updated: 579996
	567  -  MemoryUsage of job (MB)
	579996  -  ResidentSetSize of job (KB)
...
006 (78855136.062.000) 2026-10-04 15:59:35 Image size of job updated: 582872
	568  -  MemoryUsage of job (MB)
	581564  -  ResidentSetSize of job (KB)
...
006 (78855136.062.000) 2026-10-04 16:09:21 Image size of job updated: 582872
	568  -  MemoryUsage of job (MB)
	581572  -  ResidentSetSize of job (KB)
...
006 (78855136.062.000) 2026-10-04 16:23:36 Image size of job updated: 586156
	571  -  MemoryUsage of job (MB)
	584192  -  ResidentSetSize of job (KB)
...
006 (78855136.062.000) 2026-10-04 16:35:01 Image size of job updated: 586172
	571  -  MemoryUsage of job (MB)
	584260  -  ResidentSetSize of job (KB)
...
006 (78855136.062.000) 2026-10-04 16:41:52 Image size of job updated: 586692
	572  -  MemoryUsage of job (MB)
	585668  -  ResidentSetSize of job (KB)
...
006 (78855136.062.000) 2026-10-04 16:46:52 Image size of job updated: 586692
	572  -  MemoryUsage of job (MB)
	585680  -  ResidentSetSize of job (KB)
...
006 (78855136.062.000) 2026-10-04 16:51:52 Image size of job updated: 587216
	574  -  MemoryUsage of job (MB)
	587208  -  ResidentSetSize of job (KB)
...
006 (78855136.062.000) 2026-10-04 16:56:53 Image size of job updated: 587220
	574  -  MemoryUsage of job (MB)
	587220  -  ResidentSetSize of job (KB)
...
006 (78855136.062.000) 2026-10-04 17:01:53 Image size of job updated: 587312
	574  -  MemoryUsage of job (MB)
	587220  -  ResidentSetSize of job (KB)
...
006 (78855136.062.000) 2026-10-04 17:11:54 Image size of job updated: 587376
	574  -  MemoryUsage of job (MB)
	587336  -  ResidentSetSize of job (KB)
...
006 (78855136.062.000) 2026-10-04 17:16:54 Image size of job updated: 587376
	574  -  MemoryUsage of job (MB)
	587340  -  ResidentSetSize of job (KB)
...
006 (78855136.062.000) 2026-10-04 17:21:54 Image size of job updated: 598228
	584  -  MemoryUsage of job (MB)
	597204  -  ResidentSetSize of job (KB)
...
006 (78855136.062.000) 2026-10-04 17:26:55 Image size of job updated: 598228
	584  -  MemoryUsage of job (MB)
	597748  -  ResidentSetSize of job (KB)
...
006 (78855136.062.000) 2026-10-04 17:41:56 Image size of job updated: 598268
	584  -  MemoryUsage of job (MB)
	597748  -  ResidentSetSize of job (KB)
...
006 (78855136.062.000) 2026-10-04 18:21:58 Image size of job updated: 598284
	585  -  MemoryUsage of job (MB)
	598284  -  ResidentSetSize of job (KB)
...
006 (78855136.062.000) 2026-10-04 18:32:00 Image size of job updated: 599816
	586  -  MemoryUsage of job (MB)
	599816  -  ResidentSetSize of job (KB)
...
006 (78855136.062.000) 2026-10-04 18:37:00 Image size of job updated: 601820
	586  -  MemoryUsage of job (MB)
	599816  -  ResidentSetSize of job (KB)
...
006 (78855136.062.000) 2026-10-04 18:47:02 Image size of job updated: 604472
	588  -  MemoryUsage of job (MB)
	601736  -  ResidentSetSize of job (KB)
...
006 (78855136.062.000) 2026-10-04 18:52:02 Image size of job updated: 604472
	588  -  MemoryUsage of job (MB)
	601840  -  ResidentSetSize of job (KB)
...
006 (78855136.062.000) 2026-10-04 19:27:07 Image size of job updated: 604472
	590  -  MemoryUsage of job (MB)
	603308  -  ResidentSetSize of job (KB)
...
006 (78855136.062.000) 2026-10-04 19:32:08 Image size of job updated: 604472
	590  -  MemoryUsage of job (MB)
	603312  -  ResidentSetSize of job (KB)
...
006 (78855136.062.000) 2026-10-04 19:37:08 Image size of job updated: 605872
	592  -  MemoryUsage of job (MB)
	605872  -  ResidentSetSize of job (KB)
...
006 (78855136.062.000) 2026-10-04 20:07:11 Image size of job updated: 606612
	592  -  MemoryUsage of job (MB)
	605872  -  ResidentSetSize of job (KB)
...
006 (78855136.062.000) 2026-10-04 20:27:12 Image size of job updated: 607560
	594  -  MemoryUsage of job (MB)
	607560  -  ResidentSetSize of job (KB)
...
006 (78855136.062.000) 2026-10-04 20:37:13 Image size of job updated: 608116
	594  -  MemoryUsage of job (MB)
	608116  -  ResidentSetSize of job (KB)
...
006 (78855136.062.000) 2026-10-04 20:47:14 Image size of job updated: 609080
	594  -  MemoryUsage of job (MB)
	608116  -  ResidentSetSize of job (KB)
...
006 (78855136.062.000) 2026-10-04 21:07:15 Image size of job updated: 609936
	594  -  MemoryUsage of job (MB)
	608116  -  ResidentSetSize of job (KB)
...
006 (78855136.062.000) 2026-10-04 21:22:16 Image size of job updated: 609936
	595  -  MemoryUsage of job (MB)
	608520  -  ResidentSetSize of job (KB)
...
006 (78855136.062.000) 2026-10-04 21:27:16 Image size of job updated: 609936
	595  -  MemoryUsage of job (MB)
	608524  -  ResidentSetSize of job (KB)
...
006 (78855136.062.000) 2026-10-04 21:32:17 Image size of job updated: 611088
	595  -  MemoryUsage of job (MB)
	608524  -  ResidentSetSize of job (KB)
...
006 (78855136.062.000) 2026-10-04 21:42:18 Image size of job updated: 611492
	597  -  MemoryUsage of job (MB)
	611140  -  ResidentSetSize of job (KB)
...
006 (78855136.062.000) 2026-10-04 21:47:19 Image size of job updated: 611492
	597  -  MemoryUsage of job (MB)
	611144  -  ResidentSetSize of job (KB)
...
006 (78855136.062.000) 2026-10-04 22:22:24 Image size of job updated: 613480
	597  -  MemoryUsage of job (MB)
	611144  -  ResidentSetSize of job (KB)
...
006 (78855136.062.000) 2026-10-04 22:37:26 Image size of job updated: 613480
	597  -  MemoryUsage of job (MB)
	611200  -  ResidentSetSize of job (KB)
...
006 (78855136.062.000) 2026-10-04 22:42:26 Image size of job updated: 613480
	599  -  MemoryUsage of job (MB)
	613140  -  ResidentSetSize of job (KB)
...
006 (78855136.062.000) 2026-10-04 22:47:27 Image size of job updated: 613480
	599  -  MemoryUsage of job (MB)
	613144  -  ResidentSetSize of job (KB)
...
006 (78855136.062.000) 2026-10-04 23:02:28 Image size of job updated: 616548
	599  -  MemoryUsage of job (MB)
	613144  -  ResidentSetSize of job (KB)
...
006 (78855136.062.000) 2026-10-04 23:22:30 Image size of job updated: 616548
	599  -  MemoryUsage of job (MB)
	613352  -  ResidentSetSize of job (KB)
...
006 (78855136.062.000) 2026-10-04 23:42:31 Image size of job updated: 618244
	599  -  MemoryUsage of job (MB)
	613352  -  ResidentSetSize of job (KB)
...
006 (78855136.062.000) 2026-10-04 23:52:32 Image size of job updated: 618900
	605  -  MemoryUsage of job (MB)
	618900  -  ResidentSetSize of job (KB)
...
006 (78855136.062.000) 2026-10-04 23:57:32 Image size of job updated: 618904
	605  -  MemoryUsage of job (MB)
	618904  -  ResidentSetSize of job (KB)
...
006 (78855136.062.000) 2026-10-05 00:02:32 Image size of job updated: 620308
	606  -  MemoryUsage of job (MB)
	620308  -  ResidentSetSize of job (KB)
...
006 (78855136.062.000) 2026-10-05 00:57:39 Image size of job updated: 626444
	610  -  MemoryUsage of job (MB)
	623944  -  ResidentSetSize of job (KB)
...
006 (78855136.062.000) 2026-10-05 01:02:39 Image size of job updated: 626444
	610  -  MemoryUsage of job (MB)
	624492  -  ResidentSetSize of job (KB)
...
006 (78855136.062.000) 2026-10-05 01:07:40 Image size of job updated: 627392
	610  -  MemoryUsage of job (MB)
	624492  -  ResidentSetSize of job (KB)
...
006 (78855136.062.000) 2026-10-05 01:17:41 Image size of job updated: 627392
	613  -  MemoryUsage of job (MB)
	626860  -  ResidentSetSize of job (KB)
...
006 (78855136.062.000) 2026-10-05 01:27:43 Image size of job updated: 628496
	613  -  MemoryUsage of job (MB)
	626860  -  ResidentSetSize of job (KB)
...
006 (78855136.062.000) 2026-10-05 01:37:44 Image size of job updated: 628872
	614  -  MemoryUsage of job (MB)
	627864  -  ResidentSetSize of job (KB)
...
006 (78855136.062.000) 2026-10-05 01:42:45 Image size of job updated: 628872
	614  -  MemoryUsage of job (MB)
	628600  -  ResidentSetSize of job (KB)
...
006 (78855136.062.000) 2026-10-05 02:17:47 Image size of job updated: 628924
	614  -  MemoryUsage of job (MB)
	628600  -  ResidentSetSize of job (KB)
...
006 (78855136.062.000) 2026-10-05 02:37:48 Image size of job updated: 629580
	614  -  MemoryUsage of job (MB)
	628600  -  ResidentSetSize of job (KB)
...
006 (78855136.062.000) 2026-10-05 02:47:49 Image size of job updated: 629580
	614  -  MemoryUsage of job (MB)
	628672  -  ResidentSetSize of job (KB)
...
006 (78855136.062.000) 2026-10-05 03:02:50 Image size of job updated: 629580
	615  -  MemoryUsage of job (MB)
	628772  -  ResidentSetSize of job (KB)
...
006 (78855136.062.000) 2026-10-05 03:07:50 Image size of job updated: 629580
	615  -  MemoryUsage of job (MB)
	628776  -  ResidentSetSize of job (KB)
...
006 (78855136.062.000) 2026-10-05 03:12:51 Image size of job updated: 630348
	616  -  MemoryUsage of job (MB)
	630348  -  ResidentSetSize of job (KB)
...
006 (78855136.062.000) 2026-10-05 03:22:51 Image size of job updated: 631828
	617  -  MemoryUsage of job (MB)
	631768  -  ResidentSetSize of job (KB)
...
006 (78855136.062.000) 2026-10-05 03:32:53 Image size of job updated: 634460
	619  -  MemoryUsage of job (MB)
	633436  -  ResidentSetSize of job (KB)
...
006 (78855136.062.000) 2026-10-05 03:37:53 Image size of job updated: 634460
	619  -  MemoryUsage of job (MB)
	633440  -  ResidentSetSize of job (KB)
...
006 (78855136.062.000) 2026-10-05 03:52:55 Image size of job updated: 635384
	620  -  MemoryUsage of job (MB)
	634360  -  ResidentSetSize of job (KB)
...
006 (78855136.062.000) 2026-10-05 03:57:56 Image size of job updated: 635384
	620  -  MemoryUsage of job (MB)
	634804  -  ResidentSetSize of job (KB)
...
006 (78855136.062.000) 2026-10-05 04:02:57 Image size of job updated: 636076
	622  -  MemoryUsage of job (MB)
	636076  -  ResidentSetSize of job (KB)
...
006 (78855136.062.000) 2026-10-05 04:12:58 Image size of job updated: 636804
	622  -  MemoryUsage of job (MB)
	636456  -  ResidentSetSize of job (KB)
...
006 (78855136.062.000) 2026-10-05 04:22:59 Image size of job updated: 637812
	622  -  MemoryUsage of job (MB)
	636788  -  ResidentSetSize of job (KB)
...
006 (78855136.062.000) 2026-10-05 04:33:01 Image size of job updated: 639992
	622  -  MemoryUsage of job (MB)
	636788  -  ResidentSetSize of job (KB)
...
006 (78855136.062.000) 2026-10-05 04:43:02 Image size of job updated: 639992
	624  -  MemoryUsage of job (MB)
	638436  -  ResidentSetSize of job (KB)
...
006 (78855136.062.000) 2026-10-05 04:53:03 Image size of job updated: 641368
	625  -  MemoryUsage of job (MB)
	639320  -  ResidentSetSize of job (KB)
...
006 (78855136.062.000) 2026-10-05 05:08:05 Image size of job updated: 641368
	626  -  MemoryUsage of job (MB)
	640440  -  ResidentSetSize of job (KB)
...
006 (78855136.062.000) 2026-10-05 05:18:06 Image size of job updated: 641432
	626  -  MemoryUsage of job (MB)
	640440  -  ResidentSetSize of job (KB)
...
006 (78855136.062.000) 2026-10-05 05:58:08 Image size of job updated: 641764
	626  -  MemoryUsage of job (MB)
	640760  -  ResidentSetSize of job (KB)
...
006 (78855136.062.000) 2026-10-05 06:08:09 Image size of job updated: 685536
	628  -  MemoryUsage of job (MB)
	642540  -  ResidentSetSize of job (KB)
...
006 (78855136.062.000) 2026-10-05 06:13:09 Image size of job updated: 685536
	629  -  MemoryUsage of job (MB)
	643524  -  ResidentSetSize of job (KB)
...
006 (78855136.062.000) 2026-10-05 06:38:11 Image size of job updated: 685536
	629  -  MemoryUsage of job (MB)
	643952  -  ResidentSetSize of job (KB)
...
006 (78855136.062.000) 2026-10-05 06:43:11 Image size of job updated: 685536
	630  -  MemoryUsage of job (MB)
	644552  -  ResidentSetSize of job (KB)
...
006 (78855136.062.000) 2026-10-05 06:48:12 Image size of job updated: 685536
	630  -  MemoryUsage of job (MB)
	644728  -  ResidentSetSize of job (KB)
...
006 (78855136.062.000) 2026-10-05 06:58:13 Image size of job updated: 685536
	632  -  MemoryUsage of job (MB)
	646212  -  ResidentSetSize of job (KB)
...
006 (78855136.062.000) 2026-10-05 07:18:16 Image size of job updated: 686856
	632  -  MemoryUsage of job (MB)
	646212  -  ResidentSetSize of job (KB)
...
006 (78855136.062.000) 2026-10-05 07:53:21 Image size of job updated: 686856
	632  -  MemoryUsage of job (MB)
	646636  -  ResidentSetSize of job (KB)
...
006 (78855136.062.000) 2026-10-05 08:03:22 Image size of job updated: 691668
	634  -  MemoryUsage of job (MB)
	648688  -  ResidentSetSize of job (KB)
...
006 (78855136.062.000) 2026-10-05 09:33:30 Image size of job updated: 700024
	634  -  MemoryUsage of job (MB)
	648688  -  ResidentSetSize of job (KB)
...
006 (78855136.062.000) 2026-10-05 09:43:32 Image size of job updated: 700024
	635  -  MemoryUsage of job (MB)
	649612  -  ResidentSetSize of job (KB)
...
006 (78855136.062.000) 2026-10-05 09:48:32 Image size of job updated: 700024
	635  -  MemoryUsage of job (MB)
	649840  -  ResidentSetSize of job (KB)
...
006 (78855136.062.000) 2026-10-05 10:48:37 Image size of job updated: 700024
	637  -  MemoryUsage of job (MB)
	652248  -  ResidentSetSize of job (KB)
...
006 (78855136.062.000) 2026-10-05 11:23:41 Image size of job updated: 700024
	641  -  MemoryUsage of job (MB)
	655620  -  ResidentSetSize of job (KB)
...
006 (78855136.062.000) 2026-10-05 12:23:48 Image size of job updated: 700024
	683  -  MemoryUsage of job (MB)
	698804  -  ResidentSetSize of job (KB)
...
006 (78855136.062.000) 2026-10-05 12:28:48 Image size of job updated: 700024
	683  -  MemoryUsage of job (MB)
	698828  -  ResidentSetSize of job (KB)
...
006 (78855136.062.000) 2026-10-05 12:38:49 Image size of job updated: 700408
	683  -  MemoryUsage of job (MB)
	698828  -  ResidentSetSize of job (KB)
...
