13:49 bilby INFO    : Waveform generator initiated with
  frequency_domain_source_model: bilby.gw.source.lal_binary_black_hole_individual_modes
  time_domain_source_model: None
  parameter_conversion: bilby.gw.conversion.convert_to_lal_binary_black_hole_parameters
/home/pratyusava.baral/Modified_Dispersion/src/bilby-x-g/bilby/gw/detector/interferometer.py:511: RuntimeWarning: divide by zero encountered in scalar power
  lambda_A = h * np.abs(A) ** (1/(a-2))
13:49 bilby INFO    : No prior given, using default BNS priors in /home/pratyusava.baral/Modified_Dispersion/src/bilby-x-g/bilby/gw/prior_files/aligned_spins_bns_tides_on.prior.
13:49 bilby INFO    : Running for label 'None', output will be saved to 'results/66'
13:49 bilby INFO    : Performing redundancy check using BBHPriorDict(self).test_redundancy
13:49 bilby INFO    : Performing redundancy check using BBHPriorDict(self).test_redundancy
13:49 bilby INFO    : Performing redundancy check using BBHPriorDict(self).test_redundancy
13:49 bilby INFO    : Performing redundancy check using BBHPriorDict(self).test_redundancy
13:49 bilby INFO    : Performing redundancy check using BBHPriorDict(self).test_redundancy
13:49 bilby INFO    : Performing redundancy check using BBHPriorDict(self).test_redundancy
13:49 bilby INFO    : Performing redundancy check using BBHPriorDict(self).test_redundancy
13:49 bilby INFO    : Performing redundancy check using BBHPriorDict(self).test_redundancy
13:49 bilby INFO    : Performing redundancy check using BBHPriorDict(self).test_redundancy
13:49 bilby INFO    : Performing redundancy check using BBHPriorDict(self).test_redundancy
13:49 bilby INFO    : Performing redundancy check using BBHPriorDict(self).test_redundancy
13:49 bilby INFO    : Performing redundancy check using BBHPriorDict(self).test_redundancy
13:49 bilby INFO    : Performing redundancy check using BBHPriorDict(self).test_redundancy
13:49 bilby INFO    : Performing redundancy check using BBHPriorDict(self).test_redundancy
13:49 bilby INFO    : Using lal version 7.7.1
13:49 bilby INFO    : Using lal git version Branch: None;Tag: lalsuite-v7.26.15;Id: 2c00d8c200308422036d0a23b7c0394f7c73faad;;Builder: Unknown User <>;Repository status: CLEAN: All modifications committed
13:49 bilby INFO    : Using lalsimulation version 6.2.1
13:49 bilby INFO    : Using lalsimulation git version Branch: None;Tag: lalsuite-v7.26.15;Id: 2c00d8c200308422036d0a23b7c0394f7c73faad;;Builder: Unknown User <>;Repository status: CLEAN: All modifications committed

[notice] A new release of pip is available: 24.0 -> 26.2.1
[notice] To update, run: /scratch/pratyusava.baral/Modified_Dispersion/src/dispersion/bin/python -m pip install --upgrade pip
13:49 bilby INFO    : Analysis priors:
13:49 bilby INFO    : mass_ratio=Uniform(minimum=0.34873627581942546, maximum=0.9487362758194255, name='mass_ratio', latex_label='$q$', unit=None, boundary=None)
13:49 bilby INFO    : chirp_mass=Uniform(minimum=34.3571257733892, maximum=34.4171257733892, name='chirp_mass', latex_label='$\\mathcal{M}$', unit=None, boundary=None)
13:49 bilby INFO    : luminosity_distance=Uniform(minimum=1721.4117591448235, maximum=1811.4117591448235, name='luminosity_distance', latex_label='$d_L$', unit=None, boundary=None)
13:49 bilby INFO    : dec=Cosine(minimum=-1.5707963267948966, maximum=1.5707963267948966, name='dec', latex_label='$\\mathrm{DEC}$', unit=None, boundary=None)
13:49 bilby INFO    : ra=Uniform(minimum=0, maximum=6.283185307179586, name='ra', latex_label='$\\mathrm{RA}$', unit=None, boundary='periodic')
13:49 bilby INFO    : theta_jn=Sine(minimum=0, maximum=3.141592653589793, name='theta_jn', latex_label='$\\theta_{JN}$', unit=None, boundary=None)
13:49 bilby INFO    : psi=Uniform(minimum=0, maximum=3.141592653589793, name='psi', latex_label='$\\psi$', unit=None, boundary='periodic')
13:49 bilby INFO    : phase=Uniform(minimum=0, maximum=6.283185307179586, name='phase', latex_label='$\\phi$', unit=None, boundary='periodic')
13:49 bilby INFO    : chi_1=bilby.gw.prior.AlignedSpin(a_prior=Uniform(minimum=0, maximum=0.99, name=None, latex_label=None, unit=None, boundary=None), z_prior=Uniform(minimum=-1, maximum=1, name=None, latex_label=None, unit=None, boundary=None), name='chi_1', latex_label='$\\chi_1$', unit=None, boundary=None, minimum=-0.99, maximum=0.99)
13:49 bilby INFO    : chi_2=bilby.gw.prior.AlignedSpin(a_prior=Uniform(minimum=0, maximum=0.99, name=None, latex_label=None, unit=None, boundary=None), z_prior=Uniform(minimum=-1, maximum=1, name=None, latex_label=None, unit=None, boundary=None), name='chi_2', latex_label='$\\chi_2$', unit=None, boundary=None, minimum=-0.99, maximum=0.99)
13:49 bilby INFO    : A=SymmetricLogUniform(minimum=1e-05, maximum=0.1, name='A', latex_label='A', unit=None, boundary=None)
13:49 bilby INFO    : CE_time=Uniform(minimum=1920340161.9100997, maximum=1920340161.9120996, name='CE_time', latex_label='$t_{CE}$', unit='$s$', boundary=None)
13:49 bilby INFO    : a=0
13:49 bilby INFO    : fiducial=0
13:49 bilby INFO    : Analysis likelihood class: <class 'bilby.gw.likelihood.relative.RelativeBinningGravitationalWaveTransientNextGenerationModebyMode'>
13:49 bilby INFO    : Analysis likelihood noise evidence: -229103.38983532885
13:49 bilby INFO    : Single likelihood evaluation took 1.260e-02 s
13:49 bilby INFO    : Using sampler Dynesty with kwargs {'nlive': 500, 'bound': 'live', 'sample': 'acceptance-walk', 'periodic': None, 'reflective': None, 'update_interval': 600, 'first_update': None, 'npdim': None, 'rstate': None, 'queue_size': 4, 'pool': None, 'use_pool': None, 'live_points': None, 'logl_args': None, 'logl_kwargs': None, 'ptform_args': None, 'ptform_kwargs': None, 'gradient': None, 'grad_args': None, 'grad_kwargs': None, 'compute_jac': False, 'enlarge': None, 'bootstrap': None, 'walks': 100, 'facc': 0.2, 'slices': None, 'fmove': 0.9, 'max_move': 100, 'update_func': None, 'ncdim': None, 'blob': False, 'save_history': False, 'history_filename': None, 'maxiter': None, 'maxcall': None, 'dlogz': 0.01, 'logl_max': inf, 'n_effective': None, 'add_live': True, 'print_progress': True, 'print_func': <bound method Dynesty._print_func of <bilby.core.sampler.dynesty.Dynesty object at 0x145654a8c710>>, 'save_bounds': False, 'checkpoint_file': None, 'checkpoint_every': 60, 'resume': False, 'seed': None}
13:49 bilby INFO    : Checkpoint every check_point_delta_t = 600s
13:49 bilby INFO    : Using dynesty version 2.1.5
13:49 bilby INFO    : Using the bilby-implemented acceptance-walk sampling with an average of 16.0 accepted steps per MCMC and maximum length 5000
13:49 bilby INFO    : Setting up multiproccesing pool with 4 processes
13:49 bilby INFO    : Reading resume file results/66/None_resume.pickle
13:49 bilby INFO    : Resume file successfully loaded.
13:55 bilby INFO    : Written checkpoint file results/66/None_resume.pickle
/scratch/pratyusava.baral/Modified_Dispersion/src/dispersion/lib/python3.11/site-packages/dynesty/plotting.py:252: RuntimeWarning: overflow encountered in exp
  np.exp(logwt), logz if logplot else np.exp(logz)
/scratch/pratyusava.baral/Modified_Dispersion/src/dispersion/lib/python3.11/site-packages/dynesty/plotting.py:282: RuntimeWarning: overflow encountered in exp
  zspan = (0., 1.05 * np.exp(logz[-1] + 3. * logzerr[-1]))
13:55 bilby WARNING : Axis limits cannot be NaN or Inf
13:55 bilby WARNING : Failed to create dynesty run plot at checkpoint
14:05 bilby INFO    : Written checkpoint file results/66/None_resume.pickle
/scratch/pratyusava.baral/Modified_Dispersion/src/dispersion/lib/python3.11/site-packages/dynesty/plotting.py:252: RuntimeWarning: overflow encountered in exp
  np.exp(logwt), logz if logplot else np.exp(logz)
/scratch/pratyusava.baral/Modified_Dispersion/src/dispersion/lib/python3.11/site-packages/dynesty/plotting.py:282: RuntimeWarning: overflow encountered in exp
  zspan = (0., 1.05 * np.exp(logz[-1] + 3. * logzerr[-1]))
14:05 bilby WARNING : Axis limits cannot be NaN or Inf
14:05 bilby WARNING : Failed to create dynesty run plot at checkpoint
14:15 bilby INFO    : Written checkpoint file results/66/None_resume.pickle
14:15 bilby WARNING : Too many bins for data range. Cannot create 500 finite-sized bins.
14:15 bilby WARNING : Failed to create dynesty state plot at checkpoint
/scratch/pratyusava.baral/Modified_Dispersion/src/dispersion/lib/python3.11/site-packages/dynesty/plotting.py:252: RuntimeWarning: overflow encountered in exp
  np.exp(logwt), logz if logplot else np.exp(logz)
/scratch/pratyusava.baral/Modified_Dispersion/src/dispersion/lib/python3.11/site-packages/dynesty/plotting.py:282: RuntimeWarning: overflow encountered in exp
  zspan = (0., 1.05 * np.exp(logz[-1] + 3. * logzerr[-1]))
14:15 bilby WARNING : Axis limits cannot be NaN or Inf
14:15 bilby WARNING : Failed to create dynesty run plot at checkpoint
14:25 bilby INFO    : Written checkpoint file results/66/None_resume.pickle
14:25 bilby WARNING : Too many bins for data range. Cannot create 500 finite-sized bins.
14:25 bilby WARNING : Failed to create dynesty state plot at checkpoint
/scratch/pratyusava.baral/Modified_Dispersion/src/dispersion/lib/python3.11/site-packages/dynesty/plotting.py:252: RuntimeWarning: overflow encountered in exp
  np.exp(logwt), logz if logplot else np.exp(logz)
/scratch/pratyusava.baral/Modified_Dispersion/src/dispersion/lib/python3.11/site-packages/dynesty/plotting.py:282: RuntimeWarning: overflow encountered in exp
  zspan = (0., 1.05 * np.exp(logz[-1] + 3. * logzerr[-1]))
14:25 bilby WARNING : Axis limits cannot be NaN or Inf
14:25 bilby WARNING : Failed to create dynesty run plot at checkpoint
14:35 bilby INFO    : Written checkpoint file results/66/None_resume.pickle
14:35 bilby WARNING : Too many bins for data range. Cannot create 500 finite-sized bins.
14:35 bilby WARNING : Failed to create dynesty state plot at checkpoint
/scratch/pratyusava.baral/Modified_Dispersion/src/dispersion/lib/python3.11/site-packages/dynesty/plotting.py:252: RuntimeWarning: overflow encountered in exp
  np.exp(logwt), logz if logplot else np.exp(logz)
/scratch/pratyusava.baral/Modified_Dispersion/src/dispersion/lib/python3.11/site-packages/dynesty/plotting.py:282: RuntimeWarning: overflow encountered in exp
  zspan = (0., 1.05 * np.exp(logz[-1] + 3. * logzerr[-1]))
14:35 bilby WARNING : Axis limits cannot be NaN or Inf
14:35 bilby WARNING : Failed to create dynesty run plot at checkpoint
14:46 bilby INFO    : Written checkpoint file results/66/None_resume.pickle
14:46 bilby WARNING : Too many bins for data range. Cannot create 500 finite-sized bins.
14:46 bilby WARNING : Failed to create dynesty state plot at checkpoint
/scratch/pratyusava.baral/Modified_Dispersion/src/dispersion/lib/python3.11/site-packages/dynesty/plotting.py:252: RuntimeWarning: overflow encountered in exp
  np.exp(logwt), logz if logplot else np.exp(logz)
/scratch/pratyusava.baral/Modified_Dispersion/src/dispersion/lib/python3.11/site-packages/dynesty/plotting.py:282: RuntimeWarning: overflow encountered in exp
  zspan = (0., 1.05 * np.exp(logz[-1] + 3. * logzerr[-1]))
14:46 bilby WARNING : Axis limits cannot be NaN or Inf
14:46 bilby WARNING : Failed to create dynesty run plot at checkpoint
14:56 bilby INFO    : Written checkpoint file results/66/None_resume.pickle
14:56 bilby WARNING : Too many bins for data range. Cannot create 500 finite-sized bins.
14:56 bilby WARNING : Failed to create dynesty state plot at checkpoint
/scratch/pratyusava.baral/Modified_Dispersion/src/dispersion/lib/python3.11/site-packages/dynesty/plotting.py:252: RuntimeWarning: overflow encountered in exp
  np.exp(logwt), logz if logplot else np.exp(logz)
/scratch/pratyusava.baral/Modified_Dispersion/src/dispersion/lib/python3.11/site-packages/dynesty/plotting.py:282: RuntimeWarning: overflow encountered in exp
  zspan = (0., 1.05 * np.exp(logz[-1] + 3. * logzerr[-1]))
14:56 bilby WARNING : Axis limits cannot be NaN or Inf
14:56 bilby WARNING : Failed to create dynesty run plot at checkpoint
15:06 bilby INFO    : Written checkpoint file results/66/None_resume.pickle
/scratch/pratyusava.baral/Modified_Dispersion/src/dispersion/lib/python3.11/site-packages/dynesty/plotting.py:252: RuntimeWarning: overflow encountered in exp
  np.exp(logwt), logz if logplot else np.exp(logz)
/scratch/pratyusava.baral/Modified_Dispersion/src/dispersion/lib/python3.11/site-packages/dynesty/plotting.py:282: RuntimeWarning: overflow encountered in exp
  zspan = (0., 1.05 * np.exp(logz[-1] + 3. * logzerr[-1]))
15:06 bilby WARNING : Axis limits cannot be NaN or Inf
15:06 bilby WARNING : Failed to create dynesty run plot at checkpoint
15:16 bilby INFO    : Written checkpoint file results/66/None_resume.pickle
/scratch/pratyusava.baral/Modified_Dispersion/src/dispersion/lib/python3.11/site-packages/dynesty/plotting.py:252: RuntimeWarning: overflow encountered in exp
  np.exp(logwt), logz if logplot else np.exp(logz)
/scratch/pratyusava.baral/Modified_Dispersion/src/dispersion/lib/python3.11/site-packages/dynesty/plotting.py:282: RuntimeWarning: overflow encountered in exp
  zspan = (0., 1.05 * np.exp(logz[-1] + 3. * logzerr[-1]))
15:17 bilby WARNING : Axis limits cannot be NaN or Inf
15:17 bilby WARNING : Failed to create dynesty run plot at checkpoint
15:27 bilby INFO    : Written checkpoint file results/66/None_resume.pickle
/scratch/pratyusava.baral/Modified_Dispersion/src/dispersion/lib/python3.11/site-packages/dynesty/plotting.py:252: RuntimeWarning: overflow encountered in exp
  np.exp(logwt), logz if logplot else np.exp(logz)
/scratch/pratyusava.baral/Modified_Dispersion/src/dispersion/lib/python3.11/site-packages/dynesty/plotting.py:282: RuntimeWarning: overflow encountered in exp
  zspan = (0., 1.05 * np.exp(logz[-1] + 3. * logzerr[-1]))
15:27 bilby WARNING : Axis limits cannot be NaN or Inf
15:27 bilby WARNING : Failed to create dynesty run plot at checkpoint
15:37 bilby INFO    : Written checkpoint file results/66/None_resume.pickle
/scratch/pratyusava.baral/Modified_Dispersion/src/dispersion/lib/python3.11/site-packages/dynesty/plotting.py:252: RuntimeWarning: overflow encountered in exp
  np.exp(logwt), logz if logplot else np.exp(logz)
/scratch/pratyusava.baral/Modified_Dispersion/src/dispersion/lib/python3.11/site-packages/dynesty/plotting.py:282: RuntimeWarning: overflow encountered in exp
  zspan = (0., 1.05 * np.exp(logz[-1] + 3. * logzerr[-1]))
15:37 bilby WARNING : Axis limits cannot be NaN or Inf
15:37 bilby WARNING : Failed to create dynesty run plot at checkpoint
15:47 bilby INFO    : Written checkpoint file results/66/None_resume.pickle
/scratch/pratyusava.baral/Modified_Dispersion/src/dispersion/lib/python3.11/site-packages/dynesty/plotting.py:252: RuntimeWarning: overflow encountered in exp
  np.exp(logwt), logz if logplot else np.exp(logz)
/scratch/pratyusava.baral/Modified_Dispersion/src/dispersion/lib/python3.11/site-packages/dynesty/plotting.py:282: RuntimeWarning: overflow encountered in exp
  zspan = (0., 1.05 * np.exp(logz[-1] + 3. * logzerr[-1]))
15:47 bilby WARNING : Axis limits cannot be NaN or Inf
15:47 bilby WARNING : Failed to create dynesty run plot at checkpoint
15:57 bilby INFO    : Written checkpoint file results/66/None_resume.pickle
15:57 bilby WARNING : Too many bins for data range. Cannot create 500 finite-sized bins.
15:57 bilby WARNING : Failed to create dynesty state plot at checkpoint
/scratch/pratyusava.baral/Modified_Dispersion/src/dispersion/lib/python3.11/site-packages/dynesty/plotting.py:252: RuntimeWarning: overflow encountered in exp
  np.exp(logwt), logz if logplot else np.exp(logz)
/scratch/pratyusava.baral/Modified_Dispersion/src/dispersion/lib/python3.11/site-packages/dynesty/plotting.py:282: RuntimeWarning: overflow encountered in exp
  zspan = (0., 1.05 * np.exp(logz[-1] + 3. * logzerr[-1]))
15:57 bilby WARNING : Axis limits cannot be NaN or Inf
15:57 bilby WARNING : Failed to create dynesty run plot at checkpoint
16:07 bilby INFO    : Written checkpoint file results/66/None_resume.pickle
16:07 bilby WARNING : Too many bins for data range. Cannot create 500 finite-sized bins.
16:07 bilby WARNING : Failed to create dynesty state plot at checkpoint
/scratch/pratyusava.baral/Modified_Dispersion/src/dispersion/lib/python3.11/site-packages/dynesty/plotting.py:252: RuntimeWarning: overflow encountered in exp
  np.exp(logwt), logz if logplot else np.exp(logz)
/scratch/pratyusava.baral/Modified_Dispersion/src/dispersion/lib/python3.11/site-packages/dynesty/plotting.py:282: RuntimeWarning: overflow encountered in exp
  zspan = (0., 1.05 * np.exp(logz[-1] + 3. * logzerr[-1]))
16:08 bilby WARNING : Axis limits cannot be NaN or Inf
16:08 bilby WARNING : Failed to create dynesty run plot at checkpoint
16:18 bilby INFO    : Written checkpoint file results/66/None_resume.pickle
16:18 bilby WARNING : Too many bins for data range. Cannot create 500 finite-sized bins.
16:18 bilby WARNING : Failed to create dynesty state plot at checkpoint
/scratch/pratyusava.baral/Modified_Dispersion/src/dispersion/lib/python3.11/site-packages/dynesty/plotting.py:252: RuntimeWarning: overflow encountered in exp
  np.exp(logwt), logz if logplot else np.exp(logz)
/scratch/pratyusava.baral/Modified_Dispersion/src/dispersion/lib/python3.11/site-packages/dynesty/plotting.py:282: RuntimeWarning: overflow encountered in exp
  zspan = (0., 1.05 * np.exp(logz[-1] + 3. * logzerr[-1]))
16:18 bilby WARNING : Axis limits cannot be NaN or Inf
16:18 bilby WARNING : Failed to create dynesty run plot at checkpoint
16:28 bilby INFO    : Written checkpoint file results/66/None_resume.pickle
16:28 bilby WARNING : Too many bins for data range. Cannot create 500 finite-sized bins.
16:28 bilby WARNING : Failed to create dynesty state plot at checkpoint
/scratch/pratyusava.baral/Modified_Dispersion/src/dispersion/lib/python3.11/site-packages/dynesty/plotting.py:252: RuntimeWarning: overflow encountered in exp
  np.exp(logwt), logz if logplot else np.exp(logz)
/scratch/pratyusava.baral/Modified_Dispersion/src/dispersion/lib/python3.11/site-packages/dynesty/plotting.py:282: RuntimeWarning: overflow encountered in exp
  zspan = (0., 1.05 * np.exp(logz[-1] + 3. * logzerr[-1]))
16:28 bilby WARNING : Axis limits cannot be NaN or Inf
16:28 bilby WARNING : Failed to create dynesty run plot at checkpoint
16:39 bilby INFO    : Written checkpoint file results/66/None_resume.pickle
16:39 bilby WARNING : Too many bins for data range. Cannot create 500 finite-sized bins.
16:39 bilby WARNING : Failed to create dynesty state plot at checkpoint
/scratch/pratyusava.baral/Modified_Dispersion/src/dispersion/lib/python3.11/site-packages/dynesty/plotting.py:252: RuntimeWarning: overflow encountered in exp
  np.exp(logwt), logz if logplot else np.exp(logz)
/scratch/pratyusava.baral/Modified_Dispersion/src/dispersion/lib/python3.11/site-packages/dynesty/plotting.py:282: RuntimeWarning: overflow encountered in exp
  zspan = (0., 1.05 * np.exp(logz[-1] + 3. * logzerr[-1]))
16:39 bilby WARNING : Axis limits cannot be NaN or Inf
16:39 bilby WARNING : Failed to create dynesty run plot at checkpoint
16:49 bilby INFO    : Written checkpoint file results/66/None_resume.pickle
16:49 bilby WARNING : Too many bins for data range. Cannot create 500 finite-sized bins.
16:49 bilby WARNING : Failed to create dynesty state plot at checkpoint
/scratch/pratyusava.baral/Modified_Dispersion/src/dispersion/lib/python3.11/site-packages/dynesty/plotting.py:252: RuntimeWarning: overflow encountered in exp
  np.exp(logwt), logz if logplot else np.exp(logz)
/scratch/pratyusava.baral/Modified_Dispersion/src/dispersion/lib/python3.11/site-packages/dynesty/plotting.py:282: RuntimeWarning: overflow encountered in exp
  zspan = (0., 1.05 * np.exp(logz[-1] + 3. * logzerr[-1]))
16:49 bilby WARNING : Axis limits cannot be NaN or Inf
16:49 bilby WARNING : Failed to create dynesty run plot at checkpoint
16:59 bilby INFO    : Written checkpoint file results/66/None_resume.pickle
16:59 bilby WARNING : Too many bins for data range. Cannot create 500 finite-sized bins.
16:59 bilby WARNING : Failed to create dynesty state plot at checkpoint
/scratch/pratyusava.baral/Modified_Dispersion/src/dispersion/lib/python3.11/site-packages/dynesty/plotting.py:252: RuntimeWarning: overflow encountered in exp
  np.exp(logwt), logz if logplot else np.exp(logz)
/scratch/pratyusava.baral/Modified_Dispersion/src/dispersion/lib/python3.11/site-packages/dynesty/plotting.py:282: RuntimeWarning: overflow encountered in exp
  zspan = (0., 1.05 * np.exp(logz[-1] + 3. * logzerr[-1]))
16:59 bilby WARNING : Axis limits cannot be NaN or Inf
16:59 bilby WARNING : Failed to create dynesty run plot at checkpoint
17:10 bilby INFO    : Written checkpoint file results/66/None_resume.pickle
/scratch/pratyusava.baral/Modified_Dispersion/src/dispersion/lib/python3.11/site-packages/dynesty/plotting.py:252: RuntimeWarning: overflow encountered in exp
  np.exp(logwt), logz if logplot else np.exp(logz)
/scratch/pratyusava.baral/Modified_Dispersion/src/dispersion/lib/python3.11/site-packages/dynesty/plotting.py:282: RuntimeWarning: overflow encountered in exp
  zspan = (0., 1.05 * np.exp(logz[-1] + 3. * logzerr[-1]))
17:10 bilby WARNING : Axis limits cannot be NaN or Inf
17:10 bilby WARNING : Failed to create dynesty run plot at checkpoint
17:20 bilby INFO    : Written checkpoint file results/66/None_resume.pickle
/scratch/pratyusava.baral/Modified_Dispersion/src/dispersion/lib/python3.11/site-packages/dynesty/plotting.py:252: RuntimeWarning: overflow encountered in exp
  np.exp(logwt), logz if logplot else np.exp(logz)
/scratch/pratyusava.baral/Modified_Dispersion/src/dispersion/lib/python3.11/site-packages/dynesty/plotting.py:282: RuntimeWarning: overflow encountered in exp
  zspan = (0., 1.05 * np.exp(logz[-1] + 3. * logzerr[-1]))
17:20 bilby WARNING : Axis limits cannot be NaN or Inf
17:20 bilby WARNING : Failed to create dynesty run plot at checkpoint
17:30 bilby INFO    : Written checkpoint file results/66/None_resume.pickle
/scratch/pratyusava.baral/Modified_Dispersion/src/dispersion/lib/python3.11/site-packages/dynesty/plotting.py:252: RuntimeWarning: overflow encountered in exp
  np.exp(logwt), logz if logplot else np.exp(logz)
/scratch/pratyusava.baral/Modified_Dispersion/src/dispersion/lib/python3.11/site-packages/dynesty/plotting.py:282: RuntimeWarning: overflow encountered in exp
  zspan = (0., 1.05 * np.exp(logz[-1] + 3. * logzerr[-1]))
17:31 bilby WARNING : Axis limits cannot be NaN or Inf
17:31 bilby WARNING : Failed to create dynesty run plot at checkpoint
17:41 bilby INFO    : Written checkpoint file results/66/None_resume.pickle
/scratch/pratyusava.baral/Modified_Dispersion/src/dispersion/lib/python3.11/site-packages/dynesty/plotting.py:252: RuntimeWarning: overflow encountered in exp
  np.exp(logwt), logz if logplot else np.exp(logz)
/scratch/pratyusava.baral/Modified_Dispersion/src/dispersion/lib/python3.11/site-packages/dynesty/plotting.py:282: RuntimeWarning: overflow encountered in exp
  zspan = (0., 1.05 * np.exp(logz[-1] + 3. * logzerr[-1]))
17:41 bilby WARNING : Axis limits cannot be NaN or Inf
17:41 bilby WARNING : Failed to create dynesty run plot at checkpoint
17:51 bilby INFO    : Written checkpoint file results/66/None_resume.pickle
/scratch/pratyusava.baral/Modified_Dispersion/src/dispersion/lib/python3.11/site-packages/dynesty/plotting.py:252: RuntimeWarning: overflow encountered in exp
  np.exp(logwt), logz if logplot else np.exp(logz)
/scratch/pratyusava.baral/Modified_Dispersion/src/dispersion/lib/python3.11/site-packages/dynesty/plotting.py:282: RuntimeWarning: overflow encountered in exp
  zspan = (0., 1.05 * np.exp(logz[-1] + 3. * logzerr[-1]))
17:51 bilby WARNING : Axis limits cannot be NaN or Inf
17:51 bilby WARNING : Failed to create dynesty run plot at checkpoint
18:01 bilby INFO    : Written checkpoint file results/66/None_resume.pickle
/scratch/pratyusava.baral/Modified_Dispersion/src/dispersion/lib/python3.11/site-packages/dynesty/plotting.py:252: RuntimeWarning: overflow encountered in exp
  np.exp(logwt), logz if logplot else np.exp(logz)
/scratch/pratyusava.baral/Modified_Dispersion/src/dispersion/lib/python3.11/site-packages/dynesty/plotting.py:282: RuntimeWarning: overflow encountered in exp
  zspan = (0., 1.05 * np.exp(logz[-1] + 3. * logzerr[-1]))
18:01 bilby WARNING : Axis limits cannot be NaN or Inf
18:01 bilby WARNING : Failed to create dynesty run plot at checkpoint
18:11 bilby INFO    : Written checkpoint file results/66/None_resume.pickle
/scratch/pratyusava.baral/Modified_Dispersion/src/dispersion/lib/python3.11/site-packages/dynesty/plotting.py:252: RuntimeWarning: overflow encountered in exp
  np.exp(logwt), logz if logplot else np.exp(logz)
/scratch/pratyusava.baral/Modified_Dispersion/src/dispersion/lib/python3.11/site-packages/dynesty/plotting.py:282: RuntimeWarning: overflow encountered in exp
  zspan = (0., 1.05 * np.exp(logz[-1] + 3. * logzerr[-1]))
18:12 bilby WARNING : Axis limits cannot be NaN or Inf
18:12 bilby WARNING : Failed to create dynesty run plot at checkpoint
18:22 bilby INFO    : Written checkpoint file results/66/None_resume.pickle
/scratch/pratyusava.baral/Modified_Dispersion/src/dispersion/lib/python3.11/site-packages/dynesty/plotting.py:252: RuntimeWarning: overflow encountered in exp
  np.exp(logwt), logz if logplot else np.exp(logz)
/scratch/pratyusava.baral/Modified_Dispersion/src/dispersion/lib/python3.11/site-packages/dynesty/plotting.py:282: RuntimeWarning: overflow encountered in exp
  zspan = (0., 1.05 * np.exp(logz[-1] + 3. * logzerr[-1]))
18:22 bilby WARNING : Axis limits cannot be NaN or Inf
18:22 bilby WARNING : Failed to create dynesty run plot at checkpoint
18:33 bilby INFO    : Written checkpoint file results/66/None_resume.pickle
/scratch/pratyusava.baral/Modified_Dispersion/src/dispersion/lib/python3.11/site-packages/dynesty/plotting.py:252: RuntimeWarning: overflow encountered in exp
  np.exp(logwt), logz if logplot else np.exp(logz)
/scratch/pratyusava.baral/Modified_Dispersion/src/dispersion/lib/python3.11/site-packages/dynesty/plotting.py:282: RuntimeWarning: overflow encountered in exp
  zspan = (0., 1.05 * np.exp(logz[-1] + 3. * logzerr[-1]))
18:33 bilby WARNING : Axis limits cannot be NaN or Inf
18:33 bilby WARNING : Failed to create dynesty run plot at checkpoint
18:43 bilby INFO    : Written checkpoint file results/66/None_resume.pickle
/scratch/pratyusava.baral/Modified_Dispersion/src/dispersion/lib/python3.11/site-packages/dynesty/plotting.py:252: RuntimeWarning: overflow encountered in exp
  np.exp(logwt), logz if logplot else np.exp(logz)
/scratch/pratyusava.baral/Modified_Dispersion/src/dispersion/lib/python3.11/site-packages/dynesty/plotting.py:282: RuntimeWarning: overflow encountered in exp
  zspan = (0., 1.05 * np.exp(logz[-1] + 3. * logzerr[-1]))
18:43 bilby WARNING : Axis limits cannot be NaN or Inf
18:43 bilby WARNING : Failed to create dynesty run plot at checkpoint
18:53 bilby INFO    : Written checkpoint file results/66/None_resume.pickle
/scratch/pratyusava.baral/Modified_Dispersion/src/dispersion/lib/python3.11/site-packages/dynesty/plotting.py:252: RuntimeWarning: overflow encountered in exp
  np.exp(logwt), logz if logplot else np.exp(logz)
/scratch/pratyusava.baral/Modified_Dispersion/src/dispersion/lib/python3.11/site-packages/dynesty/plotting.py:282: RuntimeWarning: overflow encountered in exp
  zspan = (0., 1.05 * np.exp(logz[-1] + 3. * logzerr[-1]))
18:53 bilby WARNING : Axis limits cannot be NaN or Inf
18:53 bilby WARNING : Failed to create dynesty run plot at checkpoint
19:03 bilby INFO    : Written checkpoint file results/66/None_resume.pickle
19:03 bilby WARNING : Too many bins for data range. Cannot create 500 finite-sized bins.
19:03 bilby WARNING : Failed to create dynesty state plot at checkpoint
/scratch/pratyusava.baral/Modified_Dispersion/src/dispersion/lib/python3.11/site-packages/dynesty/plotting.py:252: RuntimeWarning: overflow encountered in exp
  np.exp(logwt), logz if logplot else np.exp(logz)
/scratch/pratyusava.baral/Modified_Dispersion/src/dispersion/lib/python3.11/site-packages/dynesty/plotting.py:282: RuntimeWarning: overflow encountered in exp
  zspan = (0., 1.05 * np.exp(logz[-1] + 3. * logzerr[-1]))
19:03 bilby WARNING : Axis limits cannot be NaN or Inf
19:03 bilby WARNING : Failed to create dynesty run plot at checkpoint
19:14 bilby INFO    : Written checkpoint file results/66/None_resume.pickle
19:14 bilby WARNING : Too many bins for data range. Cannot create 500 finite-sized bins.
19:14 bilby WARNING : Failed to create dynesty state plot at checkpoint
/scratch/pratyusava.baral/Modified_Dispersion/src/dispersion/lib/python3.11/site-packages/dynesty/plotting.py:252: RuntimeWarning: overflow encountered in exp
  np.exp(logwt), logz if logplot else np.exp(logz)
/scratch/pratyusava.baral/Modified_Dispersion/src/dispersion/lib/python3.11/site-packages/dynesty/plotting.py:282: RuntimeWarning: overflow encountered in exp
  zspan = (0., 1.05 * np.exp(logz[-1] + 3. * logzerr[-1]))
19:14 bilby WARNING : Axis limits cannot be NaN or Inf
19:14 bilby WARNING : Failed to create dynesty run plot at checkpoint
19:24 bilby INFO    : Written checkpoint file results/66/None_resume.pickle
19:24 bilby WARNING : Too many bins for data range. Cannot create 500 finite-sized bins.
19:24 bilby WARNING : Failed to create dynesty state plot at checkpoint
/scratch/pratyusava.baral/Modified_Dispersion/src/dispersion/lib/python3.11/site-packages/dynesty/plotting.py:252: RuntimeWarning: overflow encountered in exp
  np.exp(logwt), logz if logplot else np.exp(logz)
/scratch/pratyusava.baral/Modified_Dispersion/src/dispersion/lib/python3.11/site-packages/dynesty/plotting.py:282: RuntimeWarning: overflow encountered in exp
  zspan = (0., 1.05 * np.exp(logz[-1] + 3. * logzerr[-1]))
19:24 bilby WARNING : Axis limits cannot be NaN or Inf
19:24 bilby WARNING : Failed to create dynesty run plot at checkpoint
19:34 bilby INFO    : Written checkpoint file results/66/None_resume.pickle
19:34 bilby WARNING : Too many bins for data range. Cannot create 500 finite-sized bins.
19:34 bilby WARNING : Failed to create dynesty state plot at checkpoint
/scratch/pratyusava.baral/Modified_Dispersion/src/dispersion/lib/python3.11/site-packages/dynesty/plotting.py:252: RuntimeWarning: overflow encountered in exp
  np.exp(logwt), logz if logplot else np.exp(logz)
/scratch/pratyusava.baral/Modified_Dispersion/src/dispersion/lib/python3.11/site-packages/dynesty/plotting.py:282: RuntimeWarning: overflow encountered in exp
  zspan = (0., 1.05 * np.exp(logz[-1] + 3. * logzerr[-1]))
19:34 bilby WARNING : Axis limits cannot be NaN or Inf
19:34 bilby WARNING : Failed to create dynesty run plot at checkpoint
19:44 bilby INFO    : Written checkpoint file results/66/None_resume.pickle
19:44 bilby WARNING : Too many bins for data range. Cannot create 500 finite-sized bins.
19:44 bilby WARNING : Failed to create dynesty state plot at checkpoint
/scratch/pratyusava.baral/Modified_Dispersion/src/dispersion/lib/python3.11/site-packages/dynesty/plotting.py:252: RuntimeWarning: overflow encountered in exp
  np.exp(logwt), logz if logplot else np.exp(logz)
/scratch/pratyusava.baral/Modified_Dispersion/src/dispersion/lib/python3.11/site-packages/dynesty/plotting.py:282: RuntimeWarning: overflow encountered in exp
  zspan = (0., 1.05 * np.exp(logz[-1] + 3. * logzerr[-1]))
19:44 bilby WARNING : Axis limits cannot be NaN or Inf
19:44 bilby WARNING : Failed to create dynesty run plot at checkpoint
19:55 bilby INFO    : Written checkpoint file results/66/None_resume.pickle
19:55 bilby WARNING : Too many bins for data range. Cannot create 500 finite-sized bins.
19:55 bilby WARNING : Failed to create dynesty state plot at checkpoint
/scratch/pratyusava.baral/Modified_Dispersion/src/dispersion/lib/python3.11/site-packages/dynesty/plotting.py:252: RuntimeWarning: overflow encountered in exp
  np.exp(logwt), logz if logplot else np.exp(logz)
/scratch/pratyusava.baral/Modified_Dispersion/src/dispersion/lib/python3.11/site-packages/dynesty/plotting.py:282: RuntimeWarning: overflow encountered in exp
  zspan = (0., 1.05 * np.exp(logz[-1] + 3. * logzerr[-1]))
19:55 bilby WARNING : Axis limits cannot be NaN or Inf
19:55 bilby WARNING : Failed to create dynesty run plot at checkpoint
20:05 bilby INFO    : Written checkpoint file results/66/None_resume.pickle
20:05 bilby WARNING : Too many bins for data range. Cannot create 500 finite-sized bins.
20:05 bilby WARNING : Failed to create dynesty state plot at checkpoint
/scratch/pratyusava.baral/Modified_Dispersion/src/dispersion/lib/python3.11/site-packages/dynesty/plotting.py:252: RuntimeWarning: overflow encountered in exp
  np.exp(logwt), logz if logplot else np.exp(logz)
/scratch/pratyusava.baral/Modified_Dispersion/src/dispersion/lib/python3.11/site-packages/dynesty/plotting.py:282: RuntimeWarning: overflow encountered in exp
  zspan = (0., 1.05 * np.exp(logz[-1] + 3. * logzerr[-1]))
20:05 bilby WARNING : Axis limits cannot be NaN or Inf
20:05 bilby WARNING : Failed to create dynesty run plot at checkpoint
20:15 bilby INFO    : Written checkpoint file results/66/None_resume.pickle
20:15 bilby WARNING : Too many bins for data range. Cannot create 500 finite-sized bins.
20:15 bilby WARNING : Failed to create dynesty state plot at checkpoint
/scratch/pratyusava.baral/Modified_Dispersion/src/dispersion/lib/python3.11/site-packages/dynesty/plotting.py:252: RuntimeWarning: overflow encountered in exp
  np.exp(logwt), logz if logplot else np.exp(logz)
/scratch/pratyusava.baral/Modified_Dispersion/src/dispersion/lib/python3.11/site-packages/dynesty/plotting.py:282: RuntimeWarning: overflow encountered in exp
  zspan = (0., 1.05 * np.exp(logz[-1] + 3. * logzerr[-1]))
20:15 bilby WARNING : Axis limits cannot be NaN or Inf
20:15 bilby WARNING : Failed to create dynesty run plot at checkpoint
20:26 bilby INFO    : Written checkpoint file results/66/None_resume.pickle
20:26 bilby WARNING : Too many bins for data range. Cannot create 500 finite-sized bins.
20:26 bilby WARNING : Failed to create dynesty state plot at checkpoint
/scratch/pratyusava.baral/Modified_Dispersion/src/dispersion/lib/python3.11/site-packages/dynesty/plotting.py:252: RuntimeWarning: overflow encountered in exp
  np.exp(logwt), logz if logplot else np.exp(logz)
/scratch/pratyusava.baral/Modified_Dispersion/src/dispersion/lib/python3.11/site-packages/dynesty/plotting.py:282: RuntimeWarning: overflow encountered in exp
  zspan = (0., 1.05 * np.exp(logz[-1] + 3. * logzerr[-1]))
20:26 bilby WARNING : Axis limits cannot be NaN or Inf
20:26 bilby WARNING : Failed to create dynesty run plot at checkpoint
20:36 bilby INFO    : Written checkpoint file results/66/None_resume.pickle
20:36 bilby WARNING : Too many bins for data range. Cannot create 500 finite-sized bins.
20:36 bilby WARNING : Failed to create dynesty state plot at checkpoint
/scratch/pratyusava.baral/Modified_Dispersion/src/dispersion/lib/python3.11/site-packages/dynesty/plotting.py:252: RuntimeWarning: overflow encountered in exp
  np.exp(logwt), logz if logplot else np.exp(logz)
/scratch/pratyusava.baral/Modified_Dispersion/src/dispersion/lib/python3.11/site-packages/dynesty/plotting.py:282: RuntimeWarning: overflow encountered in exp
  zspan = (0., 1.05 * np.exp(logz[-1] + 3. * logzerr[-1]))
20:36 bilby WARNING : Axis limits cannot be NaN or Inf
20:36 bilby WARNING : Failed to create dynesty run plot at checkpoint
20:46 bilby INFO    : Written checkpoint file results/66/None_resume.pickle
20:46 bilby WARNING : Too many bins for data range. Cannot create 500 finite-sized bins.
20:46 bilby WARNING : Failed to create dynesty state plot at checkpoint
/scratch/pratyusava.baral/Modified_Dispersion/src/dispersion/lib/python3.11/site-packages/dynesty/plotting.py:252: RuntimeWarning: overflow encountered in exp
  np.exp(logwt), logz if logplot else np.exp(logz)
/scratch/pratyusava.baral/Modified_Dispersion/src/dispersion/lib/python3.11/site-packages/dynesty/plotting.py:282: RuntimeWarning: overflow encountered in exp
  zspan = (0., 1.05 * np.exp(logz[-1] + 3. * logzerr[-1]))
20:46 bilby WARNING : Axis limits cannot be NaN or Inf
20:46 bilby WARNING : Failed to create dynesty run plot at checkpoint
20:57 bilby INFO    : Written checkpoint file results/66/None_resume.pickle
20:57 bilby WARNING : Too many bins for data range. Cannot create 500 finite-sized bins.
20:57 bilby WARNING : Failed to create dynesty state plot at checkpoint
/scratch/pratyusava.baral/Modified_Dispersion/src/dispersion/lib/python3.11/site-packages/dynesty/plotting.py:252: RuntimeWarning: overflow encountered in exp
  np.exp(logwt), logz if logplot else np.exp(logz)
/scratch/pratyusava.baral/Modified_Dispersion/src/dispersion/lib/python3.11/site-packages/dynesty/plotting.py:282: RuntimeWarning: overflow encountered in exp
  zspan = (0., 1.05 * np.exp(logz[-1] + 3. * logzerr[-1]))
20:57 bilby WARNING : Axis limits cannot be NaN or Inf
20:57 bilby WARNING : Failed to create dynesty run plot at checkpoint
21:07 bilby INFO    : Written checkpoint file results/66/None_resume.pickle
21:07 bilby WARNING : Too many bins for data range. Cannot create 500 finite-sized bins.
21:07 bilby WARNING : Failed to create dynesty state plot at checkpoint
/scratch/pratyusava.baral/Modified_Dispersion/src/dispersion/lib/python3.11/site-packages/dynesty/plotting.py:252: RuntimeWarning: overflow encountered in exp
  np.exp(logwt), logz if logplot else np.exp(logz)
/scratch/pratyusava.baral/Modified_Dispersion/src/dispersion/lib/python3.11/site-packages/dynesty/plotting.py:282: RuntimeWarning: overflow encountered in exp
  zspan = (0., 1.05 * np.exp(logz[-1] + 3. * logzerr[-1]))
21:07 bilby WARNING : Axis limits cannot be NaN or Inf
21:07 bilby WARNING : Failed to create dynesty run plot at checkpoint
21:17 bilby INFO    : Written checkpoint file results/66/None_resume.pickle
21:17 bilby WARNING : Too many bins for data range. Cannot create 500 finite-sized bins.
21:17 bilby WARNING : Failed to create dynesty state plot at checkpoint
/scratch/pratyusava.baral/Modified_Dispersion/src/dispersion/lib/python3.11/site-packages/dynesty/plotting.py:252: RuntimeWarning: overflow encountered in exp
  np.exp(logwt), logz if logplot else np.exp(logz)
/scratch/pratyusava.baral/Modified_Dispersion/src/dispersion/lib/python3.11/site-packages/dynesty/plotting.py:282: RuntimeWarning: overflow encountered in exp
  zspan = (0., 1.05 * np.exp(logz[-1] + 3. * logzerr[-1]))
21:17 bilby WARNING : Axis limits cannot be NaN or Inf
21:17 bilby WARNING : Failed to create dynesty run plot at checkpoint
21:28 bilby INFO    : Written checkpoint file results/66/None_resume.pickle
21:28 bilby WARNING : Too many bins for data range. Cannot create 500 finite-sized bins.
21:28 bilby WARNING : Failed to create dynesty state plot at checkpoint
/scratch/pratyusava.baral/Modified_Dispersion/src/dispersion/lib/python3.11/site-packages/dynesty/plotting.py:252: RuntimeWarning: overflow encountered in exp
  np.exp(logwt), logz if logplot else np.exp(logz)
/scratch/pratyusava.baral/Modified_Dispersion/src/dispersion/lib/python3.11/site-packages/dynesty/plotting.py:282: RuntimeWarning: overflow encountered in exp
  zspan = (0., 1.05 * np.exp(logz[-1] + 3. * logzerr[-1]))
21:28 bilby WARNING : Axis limits cannot be NaN or Inf
21:28 bilby WARNING : Failed to create dynesty run plot at checkpoint
21:38 bilby INFO    : Written checkpoint file results/66/None_resume.pickle
21:38 bilby WARNING : Too many bins for data range. Cannot create 500 finite-sized bins.
21:38 bilby WARNING : Failed to create dynesty state plot at checkpoint
/scratch/pratyusava.baral/Modified_Dispersion/src/dispersion/lib/python3.11/site-packages/dynesty/plotting.py:252: RuntimeWarning: overflow encountered in exp
  np.exp(logwt), logz if logplot else np.exp(logz)
/scratch/pratyusava.baral/Modified_Dispersion/src/dispersion/lib/python3.11/site-packages/dynesty/plotting.py:282: RuntimeWarning: overflow encountered in exp
  zspan = (0., 1.05 * np.exp(logz[-1] + 3. * logzerr[-1]))
21:38 bilby WARNING : Axis limits cannot be NaN or Inf
21:38 bilby WARNING : Failed to create dynesty run plot at checkpoint
21:48 bilby INFO    : Written checkpoint file results/66/None_resume.pickle
21:48 bilby WARNING : Too many bins for data range. Cannot create 500 finite-sized bins.
21:48 bilby WARNING : Failed to create dynesty state plot at checkpoint
/scratch/pratyusava.baral/Modified_Dispersion/src/dispersion/lib/python3.11/site-packages/dynesty/plotting.py:252: RuntimeWarning: overflow encountered in exp
  np.exp(logwt), logz if logplot else np.exp(logz)
/scratch/pratyusava.baral/Modified_Dispersion/src/dispersion/lib/python3.11/site-packages/dynesty/plotting.py:282: RuntimeWarning: overflow encountered in exp
  zspan = (0., 1.05 * np.exp(logz[-1] + 3. * logzerr[-1]))
21:48 bilby WARNING : Axis limits cannot be NaN or Inf
21:48 bilby WARNING : Failed to create dynesty run plot at checkpoint
21:58 bilby INFO    : Written checkpoint file results/66/None_resume.pickle
21:58 bilby WARNING : Too many bins for data range. Cannot create 500 finite-sized bins.
21:58 bilby WARNING : Failed to create dynesty state plot at checkpoint
/scratch/pratyusava.baral/Modified_Dispersion/src/dispersion/lib/python3.11/site-packages/dynesty/plotting.py:252: RuntimeWarning: overflow encountered in exp
  np.exp(logwt), logz if logplot else np.exp(logz)
/scratch/pratyusava.baral/Modified_Dispersion/src/dispersion/lib/python3.11/site-packages/dynesty/plotting.py:282: RuntimeWarning: overflow encountered in exp
  zspan = (0., 1.05 * np.exp(logz[-1] + 3. * logzerr[-1]))
21:58 bilby WARNING : Axis limits cannot be NaN or Inf
21:58 bilby WARNING : Failed to create dynesty run plot at checkpoint
22:09 bilby INFO    : Written checkpoint file results/66/None_resume.pickle
22:09 bilby WARNING : Too many bins for data range. Cannot create 500 finite-sized bins.
22:09 bilby WARNING : Failed to create dynesty state plot at checkpoint
/scratch/pratyusava.baral/Modified_Dispersion/src/dispersion/lib/python3.11/site-packages/dynesty/plotting.py:252: RuntimeWarning: overflow encountered in exp
  np.exp(logwt), logz if logplot else np.exp(logz)
/scratch/pratyusava.baral/Modified_Dispersion/src/dispersion/lib/python3.11/site-packages/dynesty/plotting.py:282: RuntimeWarning: overflow encountered in exp
  zspan = (0., 1.05 * np.exp(logz[-1] + 3. * logzerr[-1]))
22:09 bilby WARNING : Axis limits cannot be NaN or Inf
22:09 bilby WARNING : Failed to create dynesty run plot at checkpoint
22:19 bilby INFO    : Written checkpoint file results/66/None_resume.pickle
22:19 bilby WARNING : Too many bins for data range. Cannot create 500 finite-sized bins.
22:19 bilby WARNING : Failed to create dynesty state plot at checkpoint
/scratch/pratyusava.baral/Modified_Dispersion/src/dispersion/lib/python3.11/site-packages/dynesty/plotting.py:252: RuntimeWarning: overflow encountered in exp
  np.exp(logwt), logz if logplot else np.exp(logz)
/scratch/pratyusava.baral/Modified_Dispersion/src/dispersion/lib/python3.11/site-packages/dynesty/plotting.py:282: RuntimeWarning: overflow encountered in exp
  zspan = (0., 1.05 * np.exp(logz[-1] + 3. * logzerr[-1]))
22:20 bilby WARNING : Axis limits cannot be NaN or Inf
22:20 bilby WARNING : Failed to create dynesty run plot at checkpoint
22:30 bilby INFO    : Written checkpoint file results/66/None_resume.pickle
22:30 bilby WARNING : Too many bins for data range. Cannot create 500 finite-sized bins.
22:30 bilby WARNING : Failed to create dynesty state plot at checkpoint
/scratch/pratyusava.baral/Modified_Dispersion/src/dispersion/lib/python3.11/site-packages/dynesty/plotting.py:252: RuntimeWarning: overflow encountered in exp
  np.exp(logwt), logz if logplot else np.exp(logz)
/scratch/pratyusava.baral/Modified_Dispersion/src/dispersion/lib/python3.11/site-packages/dynesty/plotting.py:282: RuntimeWarning: overflow encountered in exp
  zspan = (0., 1.05 * np.exp(logz[-1] + 3. * logzerr[-1]))
22:30 bilby WARNING : Axis limits cannot be NaN or Inf
22:30 bilby WARNING : Failed to create dynesty run plot at checkpoint
22:40 bilby INFO    : Written checkpoint file results/66/None_resume.pickle
22:40 bilby WARNING : Too many bins for data range. Cannot create 500 finite-sized bins.
22:40 bilby WARNING : Failed to create dynesty state plot at checkpoint
/scratch/pratyusava.baral/Modified_Dispersion/src/dispersion/lib/python3.11/site-packages/dynesty/plotting.py:252: RuntimeWarning: overflow encountered in exp
  np.exp(logwt), logz if logplot else np.exp(logz)
/scratch/pratyusava.baral/Modified_Dispersion/src/dispersion/lib/python3.11/site-packages/dynesty/plotting.py:282: RuntimeWarning: overflow encountered in exp
  zspan = (0., 1.05 * np.exp(logz[-1] + 3. * logzerr[-1]))
22:40 bilby WARNING : Axis limits cannot be NaN or Inf
22:40 bilby WARNING : Failed to create dynesty run plot at checkpoint
22:50 bilby INFO    : Written checkpoint file results/66/None_resume.pickle
22:50 bilby WARNING : Too many bins for data range. Cannot create 500 finite-sized bins.
22:50 bilby WARNING : Failed to create dynesty state plot at checkpoint
/scratch/pratyusava.baral/Modified_Dispersion/src/dispersion/lib/python3.11/site-packages/dynesty/plotting.py:252: RuntimeWarning: overflow encountered in exp
  np.exp(logwt), logz if logplot else np.exp(logz)
/scratch/pratyusava.baral/Modified_Dispersion/src/dispersion/lib/python3.11/site-packages/dynesty/plotting.py:282: RuntimeWarning: overflow encountered in exp
  zspan = (0., 1.05 * np.exp(logz[-1] + 3. * logzerr[-1]))
22:51 bilby WARNING : Axis limits cannot be NaN or Inf
22:51 bilby WARNING : Failed to create dynesty run plot at checkpoint
23:01 bilby INFO    : Written checkpoint file results/66/None_resume.pickle
23:01 bilby WARNING : Too many bins for data range. Cannot create 500 finite-sized bins.
23:01 bilby WARNING : Failed to create dynesty state plot at checkpoint
/scratch/pratyusava.baral/Modified_Dispersion/src/dispersion/lib/python3.11/site-packages/dynesty/plotting.py:252: RuntimeWarning: overflow encountered in exp
  np.exp(logwt), logz if logplot else np.exp(logz)
/scratch/pratyusava.baral/Modified_Dispersion/src/dispersion/lib/python3.11/site-packages/dynesty/plotting.py:282: RuntimeWarning: overflow encountered in exp
  zspan = (0., 1.05 * np.exp(logz[-1] + 3. * logzerr[-1]))
23:01 bilby WARNING : Axis limits cannot be NaN or Inf
23:01 bilby WARNING : Failed to create dynesty run plot at checkpoint
23:11 bilby INFO    : Written checkpoint file results/66/None_resume.pickle
23:11 bilby WARNING : Too many bins for data range. Cannot create 500 finite-sized bins.
23:11 bilby WARNING : Failed to create dynesty state plot at checkpoint
/scratch/pratyusava.baral/Modified_Dispersion/src/dispersion/lib/python3.11/site-packages/dynesty/plotting.py:252: RuntimeWarning: overflow encountered in exp
  np.exp(logwt), logz if logplot else np.exp(logz)
/scratch/pratyusava.baral/Modified_Dispersion/src/dispersion/lib/python3.11/site-packages/dynesty/plotting.py:282: RuntimeWarning: overflow encountered in exp
  zspan = (0., 1.05 * np.exp(logz[-1] + 3. * logzerr[-1]))
23:12 bilby WARNING : Axis limits cannot be NaN or Inf
23:12 bilby WARNING : Failed to create dynesty run plot at checkpoint
23:22 bilby INFO    : Written checkpoint file results/66/None_resume.pickle
23:22 bilby WARNING : Too many bins for data range. Cannot create 500 finite-sized bins.
23:22 bilby WARNING : Failed to create dynesty state plot at checkpoint
/scratch/pratyusava.baral/Modified_Dispersion/src/dispersion/lib/python3.11/site-packages/dynesty/plotting.py:252: RuntimeWarning: overflow encountered in exp
  np.exp(logwt), logz if logplot else np.exp(logz)
/scratch/pratyusava.baral/Modified_Dispersion/src/dispersion/lib/python3.11/site-packages/dynesty/plotting.py:282: RuntimeWarning: overflow encountered in exp
  zspan = (0., 1.05 * np.exp(logz[-1] + 3. * logzerr[-1]))
23:22 bilby WARNING : Axis limits cannot be NaN or Inf
23:22 bilby WARNING : Failed to create dynesty run plot at checkpoint
23:33 bilby INFO    : Written checkpoint file results/66/None_resume.pickle
23:33 bilby WARNING : Too many bins for data range. Cannot create 500 finite-sized bins.
23:33 bilby WARNING : Failed to create dynesty state plot at checkpoint
/scratch/pratyusava.baral/Modified_Dispersion/src/dispersion/lib/python3.11/site-packages/dynesty/plotting.py:252: RuntimeWarning: overflow encountered in exp
  np.exp(logwt), logz if logplot else np.exp(logz)
/scratch/pratyusava.baral/Modified_Dispersion/src/dispersion/lib/python3.11/site-packages/dynesty/plotting.py:282: RuntimeWarning: overflow encountered in exp
  zspan = (0., 1.05 * np.exp(logz[-1] + 3. * logzerr[-1]))
23:33 bilby WARNING : Axis limits cannot be NaN or Inf
23:33 bilby WARNING : Failed to create dynesty run plot at checkpoint
23:43 bilby INFO    : Written checkpoint file results/66/None_resume.pickle
23:43 bilby WARNING : Too many bins for data range. Cannot create 500 finite-sized bins.
23:43 bilby WARNING : Failed to create dynesty state plot at checkpoint
/scratch/pratyusava.baral/Modified_Dispersion/src/dispersion/lib/python3.11/site-packages/dynesty/plotting.py:252: RuntimeWarning: overflow encountered in exp
  np.exp(logwt), logz if logplot else np.exp(logz)
/scratch/pratyusava.baral/Modified_Dispersion/src/dispersion/lib/python3.11/site-packages/dynesty/plotting.py:282: RuntimeWarning: overflow encountered in exp
  zspan = (0., 1.05 * np.exp(logz[-1] + 3. * logzerr[-1]))
23:43 bilby WARNING : Axis limits cannot be NaN or Inf
23:43 bilby WARNING : Failed to create dynesty run plot at checkpoint
23:53 bilby INFO    : Written checkpoint file results/66/None_resume.pickle
23:53 bilby WARNING : Too many bins for data range. Cannot create 500 finite-sized bins.
23:53 bilby WARNING : Failed to create dynesty state plot at checkpoint
/scratch/pratyusava.baral/Modified_Dispersion/src/dispersion/lib/python3.11/site-packages/dynesty/plotting.py:252: RuntimeWarning: overflow encountered in exp
  np.exp(logwt), logz if logplot else np.exp(logz)
/scratch/pratyusava.baral/Modified_Dispersion/src/dispersion/lib/python3.11/site-packages/dynesty/plotting.py:282: RuntimeWarning: overflow encountered in exp
  zspan = (0., 1.05 * np.exp(logz[-1] + 3. * logzerr[-1]))
23:54 bilby WARNING : Axis limits cannot be NaN or Inf
23:54 bilby WARNING : Failed to create dynesty run plot at checkpoint
00:04 bilby INFO    : Written checkpoint file results/66/None_resume.pickle
00:04 bilby WARNING : Too many bins for data range. Cannot create 500 finite-sized bins.
00:04 bilby WARNING : Failed to create dynesty state plot at checkpoint
/scratch/pratyusava.baral/Modified_Dispersion/src/dispersion/lib/python3.11/site-packages/dynesty/plotting.py:252: RuntimeWarning: overflow encountered in exp
  np.exp(logwt), logz if logplot else np.exp(logz)
/scratch/pratyusava.baral/Modified_Dispersion/src/dispersion/lib/python3.11/site-packages/dynesty/plotting.py:282: RuntimeWarning: overflow encountered in exp
  zspan = (0., 1.05 * np.exp(logz[-1] + 3. * logzerr[-1]))
00:04 bilby WARNING : Axis limits cannot be NaN or Inf
00:04 bilby WARNING : Failed to create dynesty run plot at checkpoint
00:14 bilby INFO    : Written checkpoint file results/66/None_resume.pickle
00:14 bilby WARNING : Too many bins for data range. Cannot create 500 finite-sized bins.
00:14 bilby WARNING : Failed to create dynesty state plot at checkpoint
/scratch/pratyusava.baral/Modified_Dispersion/src/dispersion/lib/python3.11/site-packages/dynesty/plotting.py:252: RuntimeWarning: overflow encountered in exp
  np.exp(logwt), logz if logplot else np.exp(logz)
/scratch/pratyusava.baral/Modified_Dispersion/src/dispersion/lib/python3.11/site-packages/dynesty/plotting.py:282: RuntimeWarning: overflow encountered in exp
  zspan = (0., 1.05 * np.exp(logz[-1] + 3. * logzerr[-1]))
00:14 bilby WARNING : Axis limits cannot be NaN or Inf
00:14 bilby WARNING : Failed to create dynesty run plot at checkpoint
00:24 bilby INFO    : Written checkpoint file results/66/None_resume.pickle
00:24 bilby WARNING : Too many bins for data range. Cannot create 500 finite-sized bins.
00:24 bilby WARNING : Failed to create dynesty state plot at checkpoint
/scratch/pratyusava.baral/Modified_Dispersion/src/dispersion/lib/python3.11/site-packages/dynesty/plotting.py:252: RuntimeWarning: overflow encountered in exp
  np.exp(logwt), logz if logplot else np.exp(logz)
/scratch/pratyusava.baral/Modified_Dispersion/src/dispersion/lib/python3.11/site-packages/dynesty/plotting.py:282: RuntimeWarning: overflow encountered in exp
  zspan = (0., 1.05 * np.exp(logz[-1] + 3. * logzerr[-1]))
00:24 bilby WARNING : Axis limits cannot be NaN or Inf
00:24 bilby WARNING : Failed to create dynesty run plot at checkpoint
00:35 bilby INFO    : Written checkpoint file results/66/None_resume.pickle
00:35 bilby WARNING : Too many bins for data range. Cannot create 500 finite-sized bins.
00:35 bilby WARNING : Failed to create dynesty state plot at checkpoint
/scratch/pratyusava.baral/Modified_Dispersion/src/dispersion/lib/python3.11/site-packages/dynesty/plotting.py:252: RuntimeWarning: overflow encountered in exp
  np.exp(logwt), logz if logplot else np.exp(logz)
/scratch/pratyusava.baral/Modified_Dispersion/src/dispersion/lib/python3.11/site-packages/dynesty/plotting.py:282: RuntimeWarning: overflow encountered in exp
  zspan = (0., 1.05 * np.exp(logz[-1] + 3. * logzerr[-1]))
00:35 bilby WARNING : Axis limits cannot be NaN or Inf
00:35 bilby WARNING : Failed to create dynesty run plot at checkpoint
00:46 bilby INFO    : Written checkpoint file results/66/None_resume.pickle
00:46 bilby WARNING : Too many bins for data range. Cannot create 500 finite-sized bins.
00:46 bilby WARNING : Failed to create dynesty state plot at checkpoint
/scratch/pratyusava.baral/Modified_Dispersion/src/dispersion/lib/python3.11/site-packages/dynesty/plotting.py:252: RuntimeWarning: overflow encountered in exp
  np.exp(logwt), logz if logplot else np.exp(logz)
/scratch/pratyusava.baral/Modified_Dispersion/src/dispersion/lib/python3.11/site-packages/dynesty/plotting.py:282: RuntimeWarning: overflow encountered in exp
  zspan = (0., 1.05 * np.exp(logz[-1] + 3. * logzerr[-1]))
00:46 bilby WARNING : Axis limits cannot be NaN or Inf
00:46 bilby WARNING : Failed to create dynesty run plot at checkpoint
00:56 bilby INFO    : Written checkpoint file results/66/None_resume.pickle
00:56 bilby WARNING : Too many bins for data range. Cannot create 500 finite-sized bins.
00:56 bilby WARNING : Failed to create dynesty state plot at checkpoint
/scratch/pratyusava.baral/Modified_Dispersion/src/dispersion/lib/python3.11/site-packages/dynesty/plotting.py:252: RuntimeWarning: overflow encountered in exp
  np.exp(logwt), logz if logplot else np.exp(logz)
/scratch/pratyusava.baral/Modified_Dispersion/src/dispersion/lib/python3.11/site-packages/dynesty/plotting.py:282: RuntimeWarning: overflow encountered in exp
  zspan = (0., 1.05 * np.exp(logz[-1] + 3. * logzerr[-1]))
00:56 bilby WARNING : Axis limits cannot be NaN or Inf
00:56 bilby WARNING : Failed to create dynesty run plot at checkpoint
01:06 bilby INFO    : Written checkpoint file results/66/None_resume.pickle
01:06 bilby WARNING : Too many bins for data range. Cannot create 500 finite-sized bins.
01:06 bilby WARNING : Failed to create dynesty state plot at checkpoint
/scratch/pratyusava.baral/Modified_Dispersion/src/dispersion/lib/python3.11/site-packages/dynesty/plotting.py:252: RuntimeWarning: overflow encountered in exp
  np.exp(logwt), logz if logplot else np.exp(logz)
/scratch/pratyusava.baral/Modified_Dispersion/src/dispersion/lib/python3.11/site-packages/dynesty/plotting.py:282: RuntimeWarning: overflow encountered in exp
  zspan = (0., 1.05 * np.exp(logz[-1] + 3. * logzerr[-1]))
01:06 bilby WARNING : Axis limits cannot be NaN or Inf
01:06 bilby WARNING : Failed to create dynesty run plot at checkpoint
01:16 bilby INFO    : Written checkpoint file results/66/None_resume.pickle
01:16 bilby WARNING : Too many bins for data range. Cannot create 500 finite-sized bins.
01:16 bilby WARNING : Failed to create dynesty state plot at checkpoint
/scratch/pratyusava.baral/Modified_Dispersion/src/dispersion/lib/python3.11/site-packages/dynesty/plotting.py:252: RuntimeWarning: overflow encountered in exp
  np.exp(logwt), logz if logplot else np.exp(logz)
/scratch/pratyusava.baral/Modified_Dispersion/src/dispersion/lib/python3.11/site-packages/dynesty/plotting.py:282: RuntimeWarning: overflow encountered in exp
  zspan = (0., 1.05 * np.exp(logz[-1] + 3. * logzerr[-1]))
01:17 bilby WARNING : Axis limits cannot be NaN or Inf
01:17 bilby WARNING : Failed to create dynesty run plot at checkpoint
01:27 bilby INFO    : Written checkpoint file results/66/None_resume.pickle
01:27 bilby WARNING : Too many bins for data range. Cannot create 500 finite-sized bins.
01:27 bilby WARNING : Failed to create dynesty state plot at checkpoint
/scratch/pratyusava.baral/Modified_Dispersion/src/dispersion/lib/python3.11/site-packages/dynesty/plotting.py:252: RuntimeWarning: overflow encountered in exp
  np.exp(logwt), logz if logplot else np.exp(logz)
/scratch/pratyusava.baral/Modified_Dispersion/src/dispersion/lib/python3.11/site-packages/dynesty/plotting.py:282: RuntimeWarning: overflow encountered in exp
  zspan = (0., 1.05 * np.exp(logz[-1] + 3. * logzerr[-1]))
01:27 bilby WARNING : Axis limits cannot be NaN or Inf
01:27 bilby WARNING : Failed to create dynesty run plot at checkpoint
01:37 bilby INFO    : Written checkpoint file results/66/None_resume.pickle
01:37 bilby WARNING : Too many bins for data range. Cannot create 500 finite-sized bins.
01:37 bilby WARNING : Failed to create dynesty state plot at checkpoint
/scratch/pratyusava.baral/Modified_Dispersion/src/dispersion/lib/python3.11/site-packages/dynesty/plotting.py:252: RuntimeWarning: overflow encountered in exp
  np.exp(logwt), logz if logplot else np.exp(logz)
/scratch/pratyusava.baral/Modified_Dispersion/src/dispersion/lib/python3.11/site-packages/dynesty/plotting.py:282: RuntimeWarning: overflow encountered in exp
  zspan = (0., 1.05 * np.exp(logz[-1] + 3. * logzerr[-1]))
01:38 bilby WARNING : Axis limits cannot be NaN or Inf
01:38 bilby WARNING : Failed to create dynesty run plot at checkpoint
01:48 bilby INFO    : Written checkpoint file results/66/None_resume.pickle
01:48 bilby WARNING : Too many bins for data range. Cannot create 500 finite-sized bins.
01:48 bilby WARNING : Failed to create dynesty state plot at checkpoint
/scratch/pratyusava.baral/Modified_Dispersion/src/dispersion/lib/python3.11/site-packages/dynesty/plotting.py:252: RuntimeWarning: overflow encountered in exp
  np.exp(logwt), logz if logplot else np.exp(logz)
/scratch/pratyusava.baral/Modified_Dispersion/src/dispersion/lib/python3.11/site-packages/dynesty/plotting.py:282: RuntimeWarning: overflow encountered in exp
  zspan = (0., 1.05 * np.exp(logz[-1] + 3. * logzerr[-1]))
01:48 bilby WARNING : Axis limits cannot be NaN or Inf
01:48 bilby WARNING : Failed to create dynesty run plot at checkpoint
01:58 bilby INFO    : Written checkpoint file results/66/None_resume.pickle
01:58 bilby WARNING : Too many bins for data range. Cannot create 500 finite-sized bins.
01:58 bilby WARNING : Failed to create dynesty state plot at checkpoint
/scratch/pratyusava.baral/Modified_Dispersion/src/dispersion/lib/python3.11/site-packages/dynesty/plotting.py:252: RuntimeWarning: overflow encountered in exp
  np.exp(logwt), logz if logplot else np.exp(logz)
/scratch/pratyusava.baral/Modified_Dispersion/src/dispersion/lib/python3.11/site-packages/dynesty/plotting.py:282: RuntimeWarning: overflow encountered in exp
  zspan = (0., 1.05 * np.exp(logz[-1] + 3. * logzerr[-1]))
01:58 bilby WARNING : Axis limits cannot be NaN or Inf
01:58 bilby WARNING : Failed to create dynesty run plot at checkpoint
02:08 bilby INFO    : Written checkpoint file results/66/None_resume.pickle
02:08 bilby WARNING : Too many bins for data range. Cannot create 500 finite-sized bins.
02:08 bilby WARNING : Failed to create dynesty state plot at checkpoint
/scratch/pratyusava.baral/Modified_Dispersion/src/dispersion/lib/python3.11/site-packages/dynesty/plotting.py:252: RuntimeWarning: overflow encountered in exp
  np.exp(logwt), logz if logplot else np.exp(logz)
/scratch/pratyusava.baral/Modified_Dispersion/src/dispersion/lib/python3.11/site-packages/dynesty/plotting.py:282: RuntimeWarning: overflow encountered in exp
  zspan = (0., 1.05 * np.exp(logz[-1] + 3. * logzerr[-1]))
02:08 bilby WARNING : Axis limits cannot be NaN or Inf
02:08 bilby WARNING : Failed to create dynesty run plot at checkpoint
02:19 bilby INFO    : Written checkpoint file results/66/None_resume.pickle
02:19 bilby WARNING : Too many bins for data range. Cannot create 500 finite-sized bins.
02:19 bilby WARNING : Failed to create dynesty state plot at checkpoint
/scratch/pratyusava.baral/Modified_Dispersion/src/dispersion/lib/python3.11/site-packages/dynesty/plotting.py:252: RuntimeWarning: overflow encountered in exp
  np.exp(logwt), logz if logplot else np.exp(logz)
/scratch/pratyusava.baral/Modified_Dispersion/src/dispersion/lib/python3.11/site-packages/dynesty/plotting.py:282: RuntimeWarning: overflow encountered in exp
  zspan = (0., 1.05 * np.exp(logz[-1] + 3. * logzerr[-1]))
02:19 bilby WARNING : Axis limits cannot be NaN or Inf
02:19 bilby WARNING : Failed to create dynesty run plot at checkpoint
02:29 bilby INFO    : Written checkpoint file results/66/None_resume.pickle
02:29 bilby WARNING : Too many bins for data range. Cannot create 500 finite-sized bins.
02:29 bilby WARNING : Failed to create dynesty state plot at checkpoint
/scratch/pratyusava.baral/Modified_Dispersion/src/dispersion/lib/python3.11/site-packages/dynesty/plotting.py:252: RuntimeWarning: overflow encountered in exp
  np.exp(logwt), logz if logplot else np.exp(logz)
/scratch/pratyusava.baral/Modified_Dispersion/src/dispersion/lib/python3.11/site-packages/dynesty/plotting.py:282: RuntimeWarning: overflow encountered in exp
  zspan = (0., 1.05 * np.exp(logz[-1] + 3. * logzerr[-1]))
02:29 bilby WARNING : Axis limits cannot be NaN or Inf
02:29 bilby WARNING : Failed to create dynesty run plot at checkpoint
02:39 bilby INFO    : Written checkpoint file results/66/None_resume.pickle
02:39 bilby WARNING : Too many bins for data range. Cannot create 500 finite-sized bins.
02:39 bilby WARNING : Failed to create dynesty state plot at checkpoint
/scratch/pratyusava.baral/Modified_Dispersion/src/dispersion/lib/python3.11/site-packages/dynesty/plotting.py:252: RuntimeWarning: overflow encountered in exp
  np.exp(logwt), logz if logplot else np.exp(logz)
/scratch/pratyusava.baral/Modified_Dispersion/src/dispersion/lib/python3.11/site-packages/dynesty/plotting.py:282: RuntimeWarning: overflow encountered in exp
  zspan = (0., 1.05 * np.exp(logz[-1] + 3. * logzerr[-1]))
02:39 bilby WARNING : Axis limits cannot be NaN or Inf
02:39 bilby WARNING : Failed to create dynesty run plot at checkpoint
02:49 bilby INFO    : Written checkpoint file results/66/None_resume.pickle
02:49 bilby WARNING : Too many bins for data range. Cannot create 500 finite-sized bins.
02:49 bilby WARNING : Failed to create dynesty state plot at checkpoint
/scratch/pratyusava.baral/Modified_Dispersion/src/dispersion/lib/python3.11/site-packages/dynesty/plotting.py:252: RuntimeWarning: overflow encountered in exp
  np.exp(logwt), logz if logplot else np.exp(logz)
/scratch/pratyusava.baral/Modified_Dispersion/src/dispersion/lib/python3.11/site-packages/dynesty/plotting.py:282: RuntimeWarning: overflow encountered in exp
  zspan = (0., 1.05 * np.exp(logz[-1] + 3. * logzerr[-1]))
02:50 bilby WARNING : Axis limits cannot be NaN or Inf
02:50 bilby WARNING : Failed to create dynesty run plot at checkpoint
03:00 bilby INFO    : Written checkpoint file results/66/None_resume.pickle
03:00 bilby WARNING : Too many bins for data range. Cannot create 500 finite-sized bins.
03:00 bilby WARNING : Failed to create dynesty state plot at checkpoint
/scratch/pratyusava.baral/Modified_Dispersion/src/dispersion/lib/python3.11/site-packages/dynesty/plotting.py:252: RuntimeWarning: overflow encountered in exp
  np.exp(logwt), logz if logplot else np.exp(logz)
/scratch/pratyusava.baral/Modified_Dispersion/src/dispersion/lib/python3.11/site-packages/dynesty/plotting.py:282: RuntimeWarning: overflow encountered in exp
  zspan = (0., 1.05 * np.exp(logz[-1] + 3. * logzerr[-1]))
03:00 bilby WARNING : Axis limits cannot be NaN or Inf
03:00 bilby WARNING : Failed to create dynesty run plot at checkpoint
03:10 bilby INFO    : Written checkpoint file results/66/None_resume.pickle
03:10 bilby WARNING : Too many bins for data range. Cannot create 500 finite-sized bins.
03:10 bilby WARNING : Failed to create dynesty state plot at checkpoint
/scratch/pratyusava.baral/Modified_Dispersion/src/dispersion/lib/python3.11/site-packages/dynesty/plotting.py:252: RuntimeWarning: overflow encountered in exp
  np.exp(logwt), logz if logplot else np.exp(logz)
/scratch/pratyusava.baral/Modified_Dispersion/src/dispersion/lib/python3.11/site-packages/dynesty/plotting.py:282: RuntimeWarning: overflow encountered in exp
  zspan = (0., 1.05 * np.exp(logz[-1] + 3. * logzerr[-1]))
03:10 bilby WARNING : Axis limits cannot be NaN or Inf
03:10 bilby WARNING : Failed to create dynesty run plot at checkpoint
03:20 bilby INFO    : Written checkpoint file results/66/None_resume.pickle
03:20 bilby WARNING : Too many bins for data range. Cannot create 500 finite-sized bins.
03:20 bilby WARNING : Failed to create dynesty state plot at checkpoint
/scratch/pratyusava.baral/Modified_Dispersion/src/dispersion/lib/python3.11/site-packages/dynesty/plotting.py:252: RuntimeWarning: overflow encountered in exp
  np.exp(logwt), logz if logplot else np.exp(logz)
/scratch/pratyusava.baral/Modified_Dispersion/src/dispersion/lib/python3.11/site-packages/dynesty/plotting.py:282: RuntimeWarning: overflow encountered in exp
  zspan = (0., 1.05 * np.exp(logz[-1] + 3. * logzerr[-1]))
03:20 bilby WARNING : Axis limits cannot be NaN or Inf
03:20 bilby WARNING : Failed to create dynesty run plot at checkpoint
03:31 bilby INFO    : Written checkpoint file results/66/None_resume.pickle
03:31 bilby WARNING : Too many bins for data range. Cannot create 500 finite-sized bins.
03:31 bilby WARNING : Failed to create dynesty state plot at checkpoint
/scratch/pratyusava.baral/Modified_Dispersion/src/dispersion/lib/python3.11/site-packages/dynesty/plotting.py:252: RuntimeWarning: overflow encountered in exp
  np.exp(logwt), logz if logplot else np.exp(logz)
/scratch/pratyusava.baral/Modified_Dispersion/src/dispersion/lib/python3.11/site-packages/dynesty/plotting.py:282: RuntimeWarning: overflow encountered in exp
  zspan = (0., 1.05 * np.exp(logz[-1] + 3. * logzerr[-1]))
03:31 bilby WARNING : Axis limits cannot be NaN or Inf
03:31 bilby WARNING : Failed to create dynesty run plot at checkpoint
03:41 bilby INFO    : Written checkpoint file results/66/None_resume.pickle
03:41 bilby WARNING : Too many bins for data range. Cannot create 500 finite-sized bins.
03:41 bilby WARNING : Failed to create dynesty state plot at checkpoint
/scratch/pratyusava.baral/Modified_Dispersion/src/dispersion/lib/python3.11/site-packages/dynesty/plotting.py:252: RuntimeWarning: overflow encountered in exp
  np.exp(logwt), logz if logplot else np.exp(logz)
/scratch/pratyusava.baral/Modified_Dispersion/src/dispersion/lib/python3.11/site-packages/dynesty/plotting.py:282: RuntimeWarning: overflow encountered in exp
  zspan = (0., 1.05 * np.exp(logz[-1] + 3. * logzerr[-1]))
03:41 bilby WARNING : Axis limits cannot be NaN or Inf
03:41 bilby WARNING : Failed to create dynesty run plot at checkpoint
03:51 bilby INFO    : Written checkpoint file results/66/None_resume.pickle
03:51 bilby WARNING : Too many bins for data range. Cannot create 500 finite-sized bins.
03:51 bilby WARNING : Failed to create dynesty state plot at checkpoint
/scratch/pratyusava.baral/Modified_Dispersion/src/dispersion/lib/python3.11/site-packages/dynesty/plotting.py:252: RuntimeWarning: overflow encountered in exp
  np.exp(logwt), logz if logplot else np.exp(logz)
/scratch/pratyusava.baral/Modified_Dispersion/src/dispersion/lib/python3.11/site-packages/dynesty/plotting.py:282: RuntimeWarning: overflow encountered in exp
  zspan = (0., 1.05 * np.exp(logz[-1] + 3. * logzerr[-1]))
03:51 bilby WARNING : Axis limits cannot be NaN or Inf
03:51 bilby WARNING : Failed to create dynesty run plot at checkpoint
04:02 bilby INFO    : Written checkpoint file results/66/None_resume.pickle
04:02 bilby WARNING : Too many bins for data range. Cannot create 500 finite-sized bins.
04:02 bilby WARNING : Failed to create dynesty state plot at checkpoint
/scratch/pratyusava.baral/Modified_Dispersion/src/dispersion/lib/python3.11/site-packages/dynesty/plotting.py:252: RuntimeWarning: overflow encountered in exp
  np.exp(logwt), logz if logplot else np.exp(logz)
/scratch/pratyusava.baral/Modified_Dispersion/src/dispersion/lib/python3.11/site-packages/dynesty/plotting.py:282: RuntimeWarning: overflow encountered in exp
  zspan = (0., 1.05 * np.exp(logz[-1] + 3. * logzerr[-1]))
04:02 bilby WARNING : Axis limits cannot be NaN or Inf
04:02 bilby WARNING : Failed to create dynesty run plot at checkpoint
04:12 bilby INFO    : Written checkpoint file results/66/None_resume.pickle
04:12 bilby WARNING : Too many bins for data range. Cannot create 500 finite-sized bins.
04:12 bilby WARNING : Failed to create dynesty state plot at checkpoint
/scratch/pratyusava.baral/Modified_Dispersion/src/dispersion/lib/python3.11/site-packages/dynesty/plotting.py:252: RuntimeWarning: overflow encountered in exp
  np.exp(logwt), logz if logplot else np.exp(logz)
/scratch/pratyusava.baral/Modified_Dispersion/src/dispersion/lib/python3.11/site-packages/dynesty/plotting.py:282: RuntimeWarning: overflow encountered in exp
  zspan = (0., 1.05 * np.exp(logz[-1] + 3. * logzerr[-1]))
04:12 bilby WARNING : Axis limits cannot be NaN or Inf
04:12 bilby WARNING : Failed to create dynesty run plot at checkpoint
04:22 bilby INFO    : Written checkpoint file results/66/None_resume.pickle
04:22 bilby WARNING : Too many bins for data range. Cannot create 500 finite-sized bins.
04:22 bilby WARNING : Failed to create dynesty state plot at checkpoint
/scratch/pratyusava.baral/Modified_Dispersion/src/dispersion/lib/python3.11/site-packages/dynesty/plotting.py:252: RuntimeWarning: overflow encountered in exp
  np.exp(logwt), logz if logplot else np.exp(logz)
/scratch/pratyusava.baral/Modified_Dispersion/src/dispersion/lib/python3.11/site-packages/dynesty/plotting.py:282: RuntimeWarning: overflow encountered in exp
  zspan = (0., 1.05 * np.exp(logz[-1] + 3. * logzerr[-1]))
04:23 bilby WARNING : Axis limits cannot be NaN or Inf
04:23 bilby WARNING : Failed to create dynesty run plot at checkpoint
04:33 bilby INFO    : Written checkpoint file results/66/None_resume.pickle
04:33 bilby WARNING : Too many bins for data range. Cannot create 500 finite-sized bins.
04:33 bilby WARNING : Failed to create dynesty state plot at checkpoint
/scratch/pratyusava.baral/Modified_Dispersion/src/dispersion/lib/python3.11/site-packages/dynesty/plotting.py:252: RuntimeWarning: overflow encountered in exp
  np.exp(logwt), logz if logplot else np.exp(logz)
/scratch/pratyusava.baral/Modified_Dispersion/src/dispersion/lib/python3.11/site-packages/dynesty/plotting.py:282: RuntimeWarning: overflow encountered in exp
  zspan = (0., 1.05 * np.exp(logz[-1] + 3. * logzerr[-1]))
04:33 bilby WARNING : Axis limits cannot be NaN or Inf
04:33 bilby WARNING : Failed to create dynesty run plot at checkpoint
04:43 bilby INFO    : Written checkpoint file results/66/None_resume.pickle
04:43 bilby WARNING : Too many bins for data range. Cannot create 500 finite-sized bins.
04:43 bilby WARNING : Failed to create dynesty state plot at checkpoint
/scratch/pratyusava.baral/Modified_Dispersion/src/dispersion/lib/python3.11/site-packages/dynesty/plotting.py:252: RuntimeWarning: overflow encountered in exp
  np.exp(logwt), logz if logplot else np.exp(logz)
/scratch/pratyusava.baral/Modified_Dispersion/src/dispersion/lib/python3.11/site-packages/dynesty/plotting.py:282: RuntimeWarning: overflow encountered in exp
  zspan = (0., 1.05 * np.exp(logz[-1] + 3. * logzerr[-1]))
04:43 bilby WARNING : Axis limits cannot be NaN or Inf
04:43 bilby WARNING : Failed to create dynesty run plot at checkpoint
04:54 bilby INFO    : Written checkpoint file results/66/None_resume.pickle
04:54 bilby WARNING : Too many bins for data range. Cannot create 500 finite-sized bins.
04:54 bilby WARNING : Failed to create dynesty state plot at checkpoint
/scratch/pratyusava.baral/Modified_Dispersion/src/dispersion/lib/python3.11/site-packages/dynesty/plotting.py:252: RuntimeWarning: overflow encountered in exp
  np.exp(logwt), logz if logplot else np.exp(logz)
/scratch/pratyusava.baral/Modified_Dispersion/src/dispersion/lib/python3.11/site-packages/dynesty/plotting.py:282: RuntimeWarning: overflow encountered in exp
  zspan = (0., 1.05 * np.exp(logz[-1] + 3. * logzerr[-1]))
04:54 bilby WARNING : Axis limits cannot be NaN or Inf
04:54 bilby WARNING : Failed to create dynesty run plot at checkpoint
04:54 bilby INFO    : Written checkpoint file results/66/None_resume.pickle
04:54 bilby WARNING : Too many bins for data range. Cannot create 500 finite-sized bins.
04:54 bilby WARNING : Failed to create dynesty state plot at checkpoint
/scratch/pratyusava.baral/Modified_Dispersion/src/dispersion/lib/python3.11/site-packages/dynesty/plotting.py:252: RuntimeWarning: overflow encountered in exp
  np.exp(logwt), logz if logplot else np.exp(logz)
/scratch/pratyusava.baral/Modified_Dispersion/src/dispersion/lib/python3.11/site-packages/dynesty/plotting.py:282: RuntimeWarning: overflow encountered in exp
  zspan = (0., 1.05 * np.exp(logz[-1] + 3. * logzerr[-1]))
04:54 bilby WARNING : Axis limits cannot be NaN or Inf
04:54 bilby WARNING : Failed to create dynesty run plot at checkpoint
04:54 bilby INFO    : Starting to close worker pool.
04:54 bilby INFO    : Finished closing worker pool.
04:54 bilby INFO    : Rejection sampling nested samples to obtain 2839 posterior samples
04:54 bilby INFO    : Sampling time: 1 day, 11:29:45.035632
04:54 bilby INFO    : Summary of results:
nsamples: 2839
ln_noise_evidence: -229103.390
ln_evidence: -693.195 +/-  0.320
ln_bayes_factor: 228410.195 +/-  0.320

