000 (78852668.066.000) 2026-10-01 10:44:08 Job submitted from host: <10.14.0.121:9618?addrs=10.14.0.121-9618&alias=ldas-pcdev12.ligo.caltech.edu&noUDP&sock=schedd_623140_c9b4>
...
001 (78852668.066.000) 2026-10-01 10:48:01 Job executing on host: <10.14.10.129:9618?addrs=10.14.10.129-9618&alias=node2379.cluster.ldas.cit&noUDP&sock=startd_2659246_25db>
	SlotName: slot1_2@node2379.cluster.ldas.cit
	CondorScratchDir = "/var/lib/condor/execute/dir_3759922/scratch"
	Cpus = 4
	Disk = 28672
	GPUs = 0
	Memory = 15104
...
006 (78852668.066.000) 2026-10-01 10:48:01 Image size of job updated: 25000
	0  -  MemoryUsage of job (MB)
	0  -  ResidentSetSize of job (KB)
...
005 (78852668.066.000) 2026-10-01 10:48:01 Job terminated.
	(1) Normal termination (return value 1)
		Usr 0 00:00:00, Sys 0 00:00:00  -  Run Remote Usage
		Usr 0 00:00:00, Sys 0 00:00:00  -  Run Local Usage
		Usr 0 00:00:00, Sys 0 00:00:00  -  Total Remote Usage
		Usr 0 00:00:00, Sys 0 00:00:00  -  Total Local Usage
	0  -  Run Bytes Sent By Job
	0  -  Run Bytes Received By Job
	0  -  Total Bytes Sent By Job
	0  -  Total Bytes Received By Job
	Partitionable Resources :    Usage  Request Allocated 
	   Cpus                 :                 4         4 
	   Disk (KB)            :    25000    25000     28672 
	   GPUs                 :                           0 
	   Memory (MB)          :        0    15000     15104 
	   TimeExecute (s)      :        0                    
	   TimeSlotBusy (s)     :        0                    
...
000 (78854871.066.000) 2026-10-03 17:15:42 Job submitted from host: <10.14.0.121:9618?addrs=10.14.0.121-9618&alias=ldas-pcdev12.ligo.caltech.edu&noUDP&sock=schedd_623140_c9b4>
...
001 (78854871.066.000) 2026-10-03 17:16:40 Job executing on host: <10.14.4.36:9618?addrs=10.14.4.36-9618&alias=node786.cluster.ldas.cit&noUDP&sock=startd_1398677_a9dc>
	SlotName: slot1_16@node786.cluster.ldas.cit
	CondorScratchDir = "/var/lib/condor/execute/dir_2102546/scratch"
	Cpus = 4
	Disk = 28672
	GPUs = 0
	Memory = 15104
...
006 (78854871.066.000) 2026-10-03 17:16:49 Image size of job updated: 225980
	221  -  MemoryUsage of job (MB)
	225980  -  ResidentSetSize of job (KB)
...
006 (78854871.066.000) 2026-10-03 17:21:50 Image size of job updated: 299612
	293  -  MemoryUsage of job (MB)
	299612  -  ResidentSetSize of job (KB)
...
006 (78854871.066.000) 2026-10-03 17:26:50 Image size of job updated: 299956
	293  -  MemoryUsage of job (MB)
	299956  -  ResidentSetSize of job (KB)
...
006 (78854871.066.000) 2026-10-03 17:31:51 Image size of job updated: 370364
	362  -  MemoryUsage of job (MB)
	370364  -  ResidentSetSize of job (KB)
...
006 (78854871.066.000) 2026-10-03 17:36:52 Image size of job updated: 370432
	362  -  MemoryUsage of job (MB)
	370432  -  ResidentSetSize of job (KB)
...
006 (78854871.066.000) 2026-10-03 17:41:52 Image size of job updated: 413860
	405  -  MemoryUsage of job (MB)
	413860  -  ResidentSetSize of job (KB)
...
006 (78854871.066.000) 2026-10-03 17:46:52 Image size of job updated: 414016
	405  -  MemoryUsage of job (MB)
	414016  -  ResidentSetSize of job (KB)
...
006 (78854871.066.000) 2026-10-03 17:51:53 Image size of job updated: 430276
	420  -  MemoryUsage of job (MB)
	429424  -  ResidentSetSize of job (KB)
...
006 (78854871.066.000) 2026-10-03 17:56:53 Image size of job updated: 430276
	420  -  MemoryUsage of job (MB)
	429476  -  ResidentSetSize of job (KB)
...
006 (78854871.066.000) 2026-10-03 18:01:53 Image size of job updated: 433500
	423  -  MemoryUsage of job (MB)
	432724  -  ResidentSetSize of job (KB)
...
006 (78854871.066.000) 2026-10-03 18:06:54 Image size of job updated: 433500
	423  -  MemoryUsage of job (MB)
	432744  -  ResidentSetSize of job (KB)
...
006 (78854871.066.000) 2026-10-03 18:11:54 Image size of job updated: 438700
	429  -  MemoryUsage of job (MB)
	438700  -  ResidentSetSize of job (KB)
...
006 (78854871.066.000) 2026-10-03 18:16:54 Image size of job updated: 438716
	429  -  MemoryUsage of job (MB)
	438716  -  ResidentSetSize of job (KB)
...
006 (78854871.066.000) 2026-10-03 18:21:55 Image size of job updated: 439744
	429  -  MemoryUsage of job (MB)
	438716  -  ResidentSetSize of job (KB)
...
006 (78854871.066.000) 2026-10-03 18:31:55 Image size of job updated: 453224
	443  -  MemoryUsage of job (MB)
	453224  -  ResidentSetSize of job (KB)
...
006 (78854871.066.000) 2026-10-03 18:36:56 Image size of job updated: 453228
	443  -  MemoryUsage of job (MB)
	453228  -  ResidentSetSize of job (KB)
...
006 (78854871.066.000) 2026-10-03 18:41:57 Image size of job updated: 455724
	446  -  MemoryUsage of job (MB)
	455724  -  ResidentSetSize of job (KB)
...
006 (78854871.066.000) 2026-10-03 18:46:57 Image size of job updated: 455912
	446  -  MemoryUsage of job (MB)
	455912  -  ResidentSetSize of job (KB)
...
006 (78854871.066.000) 2026-10-03 18:51:58 Image size of job updated: 457972
	448  -  MemoryUsage of job (MB)
	457972  -  ResidentSetSize of job (KB)
...
006 (78854871.066.000) 2026-10-03 18:56:59 Image size of job updated: 457976
	448  -  MemoryUsage of job (MB)
	457976  -  ResidentSetSize of job (KB)
...
006 (78854871.066.000) 2026-10-03 19:01:59 Image size of job updated: 457992
	448  -  MemoryUsage of job (MB)
	457992  -  ResidentSetSize of job (KB)
...
006 (78854871.066.000) 2026-10-03 19:07:00 Image size of job updated: 457996
	448  -  MemoryUsage of job (MB)
	457996  -  ResidentSetSize of job (KB)
...
006 (78854871.066.000) 2026-10-03 19:12:01 Image size of job updated: 508588
	497  -  MemoryUsage of job (MB)
	508588  -  ResidentSetSize of job (KB)
...
006 (78854871.066.000) 2026-10-03 19:17:01 Image size of job updated: 681428
	666  -  MemoryUsage of job (MB)
	681428  -  ResidentSetSize of job (KB)
...
006 (78854871.066.000) 2026-10-03 19:22:02 Image size of job updated: 786376
	768  -  MemoryUsage of job (MB)
	786376  -  ResidentSetSize of job (KB)
...
006 (78854871.066.000) 2026-10-03 19:27:03 Image size of job updated: 786380
	768  -  MemoryUsage of job (MB)
	786380  -  ResidentSetSize of job (KB)
...
006 (78854871.066.000) 2026-10-03 19:32:03 Image size of job updated: 787408
	769  -  MemoryUsage of job (MB)
	787408  -  ResidentSetSize of job (KB)
...
006 (78854871.066.000) 2026-10-03 19:42:04 Image size of job updated: 787416
	769  -  MemoryUsage of job (MB)
	787416  -  ResidentSetSize of job (KB)
...
006 (78854871.066.000) 2026-10-03 19:57:05 Image size of job updated: 787424
	769  -  MemoryUsage of job (MB)
	787424  -  ResidentSetSize of job (KB)
...
006 (78854871.066.000) 2026-10-03 20:07:05 Image size of job updated: 787432
	769  -  MemoryUsage of job (MB)
	787432  -  ResidentSetSize of job (KB)
...
006 (78854871.066.000) 2026-10-03 20:17:06 Image size of job updated: 787436
	769  -  MemoryUsage of job (MB)
	787436  -  ResidentSetSize of job (KB)
...
006 (78854871.066.000) 2026-10-03 20:22:06 Image size of job updated: 787856
	770  -  MemoryUsage of job (MB)
	787856  -  ResidentSetSize of job (KB)
...
006 (78854871.066.000) 2026-10-03 20:32:07 Image size of job updated: 792160
	772  -  MemoryUsage of job (MB)
	790512  -  ResidentSetSize of job (KB)
...
006 (78854871.066.000) 2026-10-03 20:42:08 Image size of job updated: 792748
	775  -  MemoryUsage of job (MB)
	792748  -  ResidentSetSize of job (KB)
...
006 (78854871.066.000) 2026-10-03 20:52:09 Image size of job updated: 793148
	775  -  MemoryUsage of job (MB)
	792748  -  ResidentSetSize of job (KB)
...
004 (78854871.066.000) 2026-10-03 21:36:50 Job was evicted. Code 1023 Subcode 0
	(0) CPU times
		Usr 0 14:06:36, Sys 0 00:00:19  -  Run Remote Usage
		Usr 0 00:00:00, Sys 0 00:00:00  -  Run Local Usage
	0  -  Run Bytes Sent By Job
	0  -  Run Bytes Received By Job
	Reason: via condor_rm (by user pratyusava.baral)
	Partitionable Resources :    Usage  Request Allocated 
	   Cpus                 :     2.00        4         4 
	   Disk (KB)            : 25000       25000     28672 
	   GPUs                 :                           0 
	   Memory (MB)          :   775       15000     15104 
	   TimeExecute (s)      : 15610                       
	   TimeSlotBusy (s)     : 15610                       
...
009 (78854871.066.000) 2026-10-03 21:36:50 Job was aborted.
	via condor_rm (by user pratyusava.baral)
...
000 (78854907.066.000) 2026-10-03 21:37:08 Job submitted from host: <10.14.0.121:9618?addrs=10.14.0.121-9618&alias=ldas-pcdev12.ligo.caltech.edu&noUDP&sock=schedd_623140_c9b4>
...
001 (78854907.066.000) 2026-10-03 21:38:42 Job executing on host: <10.14.6.170:9618?addrs=10.14.6.170-9618&alias=node1420.cluster.ldas.cit&noUDP&sock=startd_34328_bb2f>
	SlotName: slot1_1@node1420.cluster.ldas.cit
	CondorScratchDir = "/var/lib/condor/execute/dir_570690/scratch"
	Cpus = 4
	Disk = 28672
	GPUs = 0
	Memory = 15104
...
006 (78854907.066.000) 2026-10-03 21:38:50 Image size of job updated: 213084
	209  -  MemoryUsage of job (MB)
	213084  -  ResidentSetSize of job (KB)
...
006 (78854907.066.000) 2026-10-03 21:43:50 Image size of job updated: 278624
	273  -  MemoryUsage of job (MB)
	278624  -  ResidentSetSize of job (KB)
...
006 (78854907.066.000) 2026-10-03 21:48:51 Image size of job updated: 394352
	386  -  MemoryUsage of job (MB)
	394352  -  ResidentSetSize of job (KB)
...
006 (78854907.066.000) 2026-10-03 21:53:52 Image size of job updated: 394620
	386  -  MemoryUsage of job (MB)
	394620  -  ResidentSetSize of job (KB)
...
006 (78854907.066.000) 2026-10-03 21:58:52 Image size of job updated: 420912
	412  -  MemoryUsage of job (MB)
	420912  -  ResidentSetSize of job (KB)
...
006 (78854907.066.000) 2026-10-03 22:03:53 Image size of job updated: 432540
	423  -  MemoryUsage of job (MB)
	432540  -  ResidentSetSize of job (KB)
...
006 (78854907.066.000) 2026-10-03 22:08:54 Image size of job updated: 456176
	446  -  MemoryUsage of job (MB)
	456176  -  ResidentSetSize of job (KB)
...
006 (78854907.066.000) 2026-10-03 22:13:54 Image size of job updated: 456228
	446  -  MemoryUsage of job (MB)
	456228  -  ResidentSetSize of job (KB)
...
006 (78854907.066.000) 2026-10-03 22:18:54 Image size of job updated: 460580
	450  -  MemoryUsage of job (MB)
	460580  -  ResidentSetSize of job (KB)
...
006 (78854907.066.000) 2026-10-03 22:23:55 Image size of job updated: 460600
	450  -  MemoryUsage of job (MB)
	460600  -  ResidentSetSize of job (KB)
...
006 (78854907.066.000) 2026-10-03 22:28:55 Image size of job updated: 467624
	453  -  MemoryUsage of job (MB)
	463680  -  ResidentSetSize of job (KB)
...
006 (78854907.066.000) 2026-10-03 22:33:55 Image size of job updated: 467624
	453  -  MemoryUsage of job (MB)
	463700  -  ResidentSetSize of job (KB)
...
006 (78854907.066.000) 2026-10-03 22:58:58 Image size of job updated: 467624
	454  -  MemoryUsage of job (MB)
	464596  -  ResidentSetSize of job (KB)
...
006 (78854907.066.000) 2026-10-03 23:03:58 Image size of job updated: 467624
	454  -  MemoryUsage of job (MB)
	464608  -  ResidentSetSize of job (KB)
...
006 (78854907.066.000) 2026-10-03 23:24:01 Image size of job updated: 481452
	471  -  MemoryUsage of job (MB)
	481452  -  ResidentSetSize of job (KB)
...
006 (78854907.066.000) 2026-10-03 23:29:02 Image size of job updated: 481460
	471  -  MemoryUsage of job (MB)
	481460  -  ResidentSetSize of job (KB)
...
006 (78854907.066.000) 2026-10-03 23:34:02 Image size of job updated: 492152
	481  -  MemoryUsage of job (MB)
	492152  -  ResidentSetSize of job (KB)
...
006 (78854907.066.000) 2026-10-03 23:39:03 Image size of job updated: 492204
	481  -  MemoryUsage of job (MB)
	492204  -  ResidentSetSize of job (KB)
...
006 (78854907.066.000) 2026-10-03 23:44:04 Image size of job updated: 494236
	483  -  MemoryUsage of job (MB)
	494236  -  ResidentSetSize of job (KB)
...
006 (78854907.066.000) 2026-10-03 23:54:05 Image size of job updated: 495520
	484  -  MemoryUsage of job (MB)
	495520  -  ResidentSetSize of job (KB)
...
006 (78854907.066.000) 2026-10-04 00:04:06 Image size of job updated: 495528
	484  -  MemoryUsage of job (MB)
	495528  -  ResidentSetSize of job (KB)
...
006 (78854907.066.000) 2026-10-04 00:09:06 Image size of job updated: 495544
	484  -  MemoryUsage of job (MB)
	495544  -  ResidentSetSize of job (KB)
...
006 (78854907.066.000) 2026-10-04 00:14:07 Image size of job updated: 495560
	484  -  MemoryUsage of job (MB)
	495560  -  ResidentSetSize of job (KB)
...
006 (78854907.066.000) 2026-10-04 00:19:07 Image size of job updated: 495564
	484  -  MemoryUsage of job (MB)
	495564  -  ResidentSetSize of job (KB)
...
006 (78854907.066.000) 2026-10-04 00:24:07 Image size of job updated: 495568
	484  -  MemoryUsage of job (MB)
	495568  -  ResidentSetSize of job (KB)
...
006 (78854907.066.000) 2026-10-04 00:29:08 Image size of job updated: 495576
	484  -  MemoryUsage of job (MB)
	495576  -  ResidentSetSize of job (KB)
...
006 (78854907.066.000) 2026-10-04 00:39:08 Image size of job updated: 495588
	484  -  MemoryUsage of job (MB)
	495588  -  ResidentSetSize of job (KB)
...
006 (78854907.066.000) 2026-10-04 00:44:09 Image size of job updated: 496356
	485  -  MemoryUsage of job (MB)
	496356  -  ResidentSetSize of job (KB)
...
006 (78854907.066.000) 2026-10-04 00:49:09 Image size of job updated: 496364
	485  -  MemoryUsage of job (MB)
	496364  -  ResidentSetSize of job (KB)
...
006 (78854907.066.000) 2026-10-04 00:54:09 Image size of job updated: 497868
	487  -  MemoryUsage of job (MB)
	497868  -  ResidentSetSize of job (KB)
...
006 (78854907.066.000) 2026-10-04 01:04:11 Image size of job updated: 497880
	487  -  MemoryUsage of job (MB)
	497880  -  ResidentSetSize of job (KB)
...
006 (78854907.066.000) 2026-10-04 01:14:12 Image size of job updated: 499764
	489  -  MemoryUsage of job (MB)
	499764  -  ResidentSetSize of job (KB)
...
006 (78854907.066.000) 2026-10-04 01:24:13 Image size of job updated: 499924
	489  -  MemoryUsage of job (MB)
	499924  -  ResidentSetSize of job (KB)
...
006 (78854907.066.000) 2026-10-04 01:29:14 Image size of job updated: 499932
	489  -  MemoryUsage of job (MB)
	499932  -  ResidentSetSize of job (KB)
...
006 (78854907.066.000) 2026-10-04 01:44:16 Image size of job updated: 499936
	489  -  MemoryUsage of job (MB)
	499936  -  ResidentSetSize of job (KB)
...
006 (78854907.066.000) 2026-10-04 01:49:17 Image size of job updated: 499976
	489  -  MemoryUsage of job (MB)
	499976  -  ResidentSetSize of job (KB)
...
006 (78854907.066.000) 2026-10-04 01:54:17 Image size of job updated: 499980
	489  -  MemoryUsage of job (MB)
	499980  -  ResidentSetSize of job (KB)
...
006 (78854907.066.000) 2026-10-04 01:59:18 Image size of job updated: 499992
	489  -  MemoryUsage of job (MB)
	499992  -  ResidentSetSize of job (KB)
...
006 (78854907.066.000) 2026-10-04 02:04:19 Image size of job updated: 499996
	489  -  MemoryUsage of job (MB)
	499996  -  ResidentSetSize of job (KB)
...
006 (78854907.066.000) 2026-10-04 02:14:19 Image size of job updated: 500008
	489  -  MemoryUsage of job (MB)
	500008  -  ResidentSetSize of job (KB)
...
006 (78854907.066.000) 2026-10-04 02:19:20 Image size of job updated: 500872
	490  -  MemoryUsage of job (MB)
	500872  -  ResidentSetSize of job (KB)
...
006 (78854907.066.000) 2026-10-04 02:24:20 Image size of job updated: 500880
	490  -  MemoryUsage of job (MB)
	500880  -  ResidentSetSize of job (KB)
...
006 (78854907.066.000) 2026-10-04 02:29:20 Image size of job updated: 501060
	490  -  MemoryUsage of job (MB)
	501060  -  ResidentSetSize of job (KB)
...
006 (78854907.066.000) 2026-10-04 02:39:21 Image size of job updated: 502100
	491  -  MemoryUsage of job (MB)
	502100  -  ResidentSetSize of job (KB)
...
006 (78854907.066.000) 2026-10-04 02:44:21 Image size of job updated: 502112
	491  -  MemoryUsage of job (MB)
	502112  -  ResidentSetSize of job (KB)
...
006 (78854907.066.000) 2026-10-04 02:54:23 Image size of job updated: 502116
	491  -  MemoryUsage of job (MB)
	502116  -  ResidentSetSize of job (KB)
...
006 (78854907.066.000) 2026-10-04 03:09:25 Image size of job updated: 503192
	492  -  MemoryUsage of job (MB)
	503192  -  ResidentSetSize of job (KB)
...
006 (78854907.066.000) 2026-10-04 03:14:25 Image size of job updated: 503196
	492  -  MemoryUsage of job (MB)
	503196  -  ResidentSetSize of job (KB)
...
006 (78854907.066.000) 2026-10-04 03:24:27 Image size of job updated: 503200
	492  -  MemoryUsage of job (MB)
	503200  -  ResidentSetSize of job (KB)
...
006 (78854907.066.000) 2026-10-04 03:29:27 Image size of job updated: 504212
	493  -  MemoryUsage of job (MB)
	504212  -  ResidentSetSize of job (KB)
...
006 (78854907.066.000) 2026-10-04 03:39:29 Image size of job updated: 504220
	493  -  MemoryUsage of job (MB)
	504220  -  ResidentSetSize of job (KB)
...
006 (78854907.066.000) 2026-10-04 03:49:30 Image size of job updated: 506512
	495  -  MemoryUsage of job (MB)
	506512  -  ResidentSetSize of job (KB)
...
006 (78854907.066.000) 2026-10-04 03:59:31 Image size of job updated: 514488
	502  -  MemoryUsage of job (MB)
	513480  -  ResidentSetSize of job (KB)
...
006 (78854907.066.000) 2026-10-04 04:04:32 Image size of job updated: 514488
	502  -  MemoryUsage of job (MB)
	513504  -  ResidentSetSize of job (KB)
...
006 (78854907.066.000) 2026-10-04 04:09:33 Image size of job updated: 514512
	503  -  MemoryUsage of job (MB)
	514512  -  ResidentSetSize of job (KB)
...
006 (78854907.066.000) 2026-10-04 04:19:33 Image size of job updated: 515744
	504  -  MemoryUsage of job (MB)
	515744  -  ResidentSetSize of job (KB)
...
006 (78854907.066.000) 2026-10-04 04:29:34 Image size of job updated: 516568
	505  -  MemoryUsage of job (MB)
	516568  -  ResidentSetSize of job (KB)
...
006 (78854907.066.000) 2026-10-04 04:44:35 Image size of job updated: 516572
	505  -  MemoryUsage of job (MB)
	516572  -  ResidentSetSize of job (KB)
...
006 (78854907.066.000) 2026-10-04 04:49:35 Image size of job updated: 516576
	505  -  MemoryUsage of job (MB)
	516576  -  ResidentSetSize of job (KB)
...
006 (78854907.066.000) 2026-10-04 05:09:37 Image size of job updated: 517588
	506  -  MemoryUsage of job (MB)
	517588  -  ResidentSetSize of job (KB)
...
006 (78854907.066.000) 2026-10-04 05:24:38 Image size of job updated: 517592
	506  -  MemoryUsage of job (MB)
	517592  -  ResidentSetSize of job (KB)
...
006 (78854907.066.000) 2026-10-04 05:39:39 Image size of job updated: 517624
	506  -  MemoryUsage of job (MB)
	517624  -  ResidentSetSize of job (KB)
...
006 (78854907.066.000) 2026-10-04 05:44:40 Image size of job updated: 518636
	507  -  MemoryUsage of job (MB)
	518636  -  ResidentSetSize of job (KB)
...
006 (78854907.066.000) 2026-10-04 05:54:41 Image size of job updated: 519644
	508  -  MemoryUsage of job (MB)
	519644  -  ResidentSetSize of job (KB)
...
006 (78854907.066.000) 2026-10-04 05:59:42 Image size of job updated: 519648
	508  -  MemoryUsage of job (MB)
	519648  -  ResidentSetSize of job (KB)
...
006 (78854907.066.000) 2026-10-04 06:09:43 Image size of job updated: 519684
	508  -  MemoryUsage of job (MB)
	519684  -  ResidentSetSize of job (KB)
...
006 (78854907.066.000) 2026-10-04 06:14:44 Image size of job updated: 520692
	509  -  MemoryUsage of job (MB)
	520692  -  ResidentSetSize of job (KB)
...
006 (78854907.066.000) 2026-10-04 06:19:44 Image size of job updated: 520696
	509  -  MemoryUsage of job (MB)
	520696  -  ResidentSetSize of job (KB)
...
006 (78854907.066.000) 2026-10-04 06:29:46 Image size of job updated: 520704
	509  -  MemoryUsage of job (MB)
	520704  -  ResidentSetSize of job (KB)
...
006 (78854907.066.000) 2026-10-04 06:34:46 Image size of job updated: 520720
	509  -  MemoryUsage of job (MB)
	520720  -  ResidentSetSize of job (KB)
...
006 (78854907.066.000) 2026-10-04 06:44:48 Image size of job updated: 522740
	511  -  MemoryUsage of job (MB)
	522740  -  ResidentSetSize of job (KB)
...
006 (78854907.066.000) 2026-10-04 06:54:49 Image size of job updated: 522744
	511  -  MemoryUsage of job (MB)
	522740  -  ResidentSetSize of job (KB)
...
006 (78854907.066.000) 2026-10-04 07:04:50 Image size of job updated: 522752
	511  -  MemoryUsage of job (MB)
	522752  -  ResidentSetSize of job (KB)
...
006 (78854907.066.000) 2026-10-04 07:14:51 Image size of job updated: 522792
	511  -  MemoryUsage of job (MB)
	522792  -  ResidentSetSize of job (KB)
...
006 (78854907.066.000) 2026-10-04 07:24:51 Image size of job updated: 529104
	517  -  MemoryUsage of job (MB)
	529104  -  ResidentSetSize of job (KB)
...
006 (78854907.066.000) 2026-10-04 07:29:52 Image size of job updated: 529108
	517  -  MemoryUsage of job (MB)
	529108  -  ResidentSetSize of job (KB)
...
006 (78854907.066.000) 2026-10-04 07:34:52 Image size of job updated: 531276
	519  -  MemoryUsage of job (MB)
	531144  -  ResidentSetSize of job (KB)
...
006 (78854907.066.000) 2026-10-04 07:39:52 Image size of job updated: 531276
	519  -  MemoryUsage of job (MB)
	531148  -  ResidentSetSize of job (KB)
...
006 (78854907.066.000) 2026-10-04 07:44:53 Image size of job updated: 531276
	519  -  MemoryUsage of job (MB)
	531184  -  ResidentSetSize of job (KB)
...
006 (78854907.066.000) 2026-10-04 07:49:54 Image size of job updated: 531276
	519  -  MemoryUsage of job (MB)
	531212  -  ResidentSetSize of job (KB)
...
006 (78854907.066.000) 2026-10-04 07:59:55 Image size of job updated: 531276
	519  -  MemoryUsage of job (MB)
	531216  -  ResidentSetSize of job (KB)
...
006 (78854907.066.000) 2026-10-04 08:04:56 Image size of job updated: 533232
	521  -  MemoryUsage of job (MB)
	533232  -  ResidentSetSize of job (KB)
...
006 (78854907.066.000) 2026-10-04 08:09:56 Image size of job updated: 533280
	521  -  MemoryUsage of job (MB)
	533280  -  ResidentSetSize of job (KB)
...
006 (78854907.066.000) 2026-10-04 08:14:57 Image size of job updated: 533308
	521  -  MemoryUsage of job (MB)
	533308  -  ResidentSetSize of job (KB)
...
006 (78854907.066.000) 2026-10-04 08:19:58 Image size of job updated: 534320
	522  -  MemoryUsage of job (MB)
	534320  -  ResidentSetSize of job (KB)
...
006 (78854907.066.000) 2026-10-04 08:24:58 Image size of job updated: 534328
	522  -  MemoryUsage of job (MB)
	534328  -  ResidentSetSize of job (KB)
...
006 (78854907.066.000) 2026-10-04 08:29:59 Image size of job updated: 534332
	522  -  MemoryUsage of job (MB)
	534332  -  ResidentSetSize of job (KB)
...
006 (78854907.066.000) 2026-10-04 08:35:00 Image size of job updated: 534336
	522  -  MemoryUsage of job (MB)
	534336  -  ResidentSetSize of job (KB)
...
006 (78854907.066.000) 2026-10-04 08:40:00 Image size of job updated: 535344
	522  -  MemoryUsage of job (MB)
	534352  -  ResidentSetSize of job (KB)
...
006 (78854907.066.000) 2026-10-04 08:45:00 Image size of job updated: 535344
	522  -  MemoryUsage of job (MB)
	534356  -  ResidentSetSize of job (KB)
...
006 (78854907.066.000) 2026-10-04 08:55:01 Image size of job updated: 535344
	522  -  MemoryUsage of job (MB)
	534364  -  ResidentSetSize of job (KB)
...
006 (78854907.066.000) 2026-10-04 09:00:01 Image size of job updated: 536380
	524  -  MemoryUsage of job (MB)
	536380  -  ResidentSetSize of job (KB)
...
006 (78854907.066.000) 2026-10-04 09:05:02 Image size of job updated: 536384
	524  -  MemoryUsage of job (MB)
	536384  -  ResidentSetSize of job (KB)
...
006 (78854907.066.000) 2026-10-04 09:10:02 Image size of job updated: 536432
	524  -  MemoryUsage of job (MB)
	536432  -  ResidentSetSize of job (KB)
...
006 (78854907.066.000) 2026-10-04 09:15:02 Image size of job updated: 536436
	524  -  MemoryUsage of job (MB)
	536436  -  ResidentSetSize of job (KB)
...
006 (78854907.066.000) 2026-10-04 09:20:04 Image size of job updated: 537444
	525  -  MemoryUsage of job (MB)
	537444  -  ResidentSetSize of job (KB)
...
006 (78854907.066.000) 2026-10-04 09:40:06 Image size of job updated: 537448
	525  -  MemoryUsage of job (MB)
	537448  -  ResidentSetSize of job (KB)
...
006 (78854907.066.000) 2026-10-04 09:45:06 Image size of job updated: 537476
	525  -  MemoryUsage of job (MB)
	537476  -  ResidentSetSize of job (KB)
...
006 (78854907.066.000) 2026-10-04 10:00:08 Image size of job updated: 540512
	528  -  MemoryUsage of job (MB)
	540512  -  ResidentSetSize of job (KB)
...
006 (78854907.066.000) 2026-10-04 10:20:11 Image size of job updated: 544120
	532  -  MemoryUsage of job (MB)
	544120  -  ResidentSetSize of job (KB)
...
006 (78854907.066.000) 2026-10-04 10:30:12 Image size of job updated: 544136
	532  -  MemoryUsage of job (MB)
	544136  -  ResidentSetSize of job (KB)
...
006 (78854907.066.000) 2026-10-04 10:35:12 Image size of job updated: 544140
	532  -  MemoryUsage of job (MB)
	544140  -  ResidentSetSize of job (KB)
...
006 (78854907.066.000) 2026-10-04 10:40:13 Image size of job updated: 558204
	546  -  MemoryUsage of job (MB)
	558204  -  ResidentSetSize of job (KB)
...
006 (78854907.066.000) 2026-10-04 10:45:13 Image size of job updated: 558212
	546  -  MemoryUsage of job (MB)
	558212  -  ResidentSetSize of job (KB)
...
006 (78854907.066.000) 2026-10-04 10:50:13 Image size of job updated: 559220
	547  -  MemoryUsage of job (MB)
	559220  -  ResidentSetSize of job (KB)
...
006 (78854907.066.000) 2026-10-04 10:55:14 Image size of job updated: 559224
	547  -  MemoryUsage of job (MB)
	559224  -  ResidentSetSize of job (KB)
...
006 (78854907.066.000) 2026-10-04 11:00:14 Image size of job updated: 561276
	549  -  MemoryUsage of job (MB)
	561276  -  ResidentSetSize of job (KB)
...
006 (78854907.066.000) 2026-10-04 11:05:14 Image size of job updated: 561280
	549  -  MemoryUsage of job (MB)
	561280  -  ResidentSetSize of job (KB)
...
006 (78854907.066.000) 2026-10-04 11:10:15 Image size of job updated: 562304
	549  -  MemoryUsage of job (MB)
	561280  -  ResidentSetSize of job (KB)
...
006 (78854907.066.000) 2026-10-04 11:20:15 Image size of job updated: 562304
	550  -  MemoryUsage of job (MB)
	562292  -  ResidentSetSize of job (KB)
...
006 (78854907.066.000) 2026-10-04 11:30:16 Image size of job updated: 563300
	551  -  MemoryUsage of job (MB)
	563300  -  ResidentSetSize of job (KB)
...
006 (78854907.066.000) 2026-10-04 11:40:17 Image size of job updated: 564328
	551  -  MemoryUsage of job (MB)
	563304  -  ResidentSetSize of job (KB)
...
006 (78854907.066.000) 2026-10-04 11:50:18 Image size of job updated: 564328
	551  -  MemoryUsage of job (MB)
	563308  -  ResidentSetSize of job (KB)
...
006 (78854907.066.000) 2026-10-04 12:00:20 Image size of job updated: 564340
	552  -  MemoryUsage of job (MB)
	564340  -  ResidentSetSize of job (KB)
...
006 (78854907.066.000) 2026-10-04 12:10:21 Image size of job updated: 564356
	552  -  MemoryUsage of job (MB)
	564356  -  ResidentSetSize of job (KB)
...
006 (78854907.066.000) 2026-10-04 12:15:22 Image size of job updated: 564360
	552  -  MemoryUsage of job (MB)
	564360  -  ResidentSetSize of job (KB)
...
006 (78854907.066.000) 2026-10-04 12:30:24 Image size of job updated: 564364
	552  -  MemoryUsage of job (MB)
	564364  -  ResidentSetSize of job (KB)
...
006 (78854907.066.000) 2026-10-04 12:45:26 Image size of job updated: 568724
	556  -  MemoryUsage of job (MB)
	568724  -  ResidentSetSize of job (KB)
...
006 (78854907.066.000) 2026-10-04 12:55:27 Image size of job updated: 568728
	556  -  MemoryUsage of job (MB)
	568728  -  ResidentSetSize of job (KB)
...
006 (78854907.066.000) 2026-10-04 13:05:28 Image size of job updated: 568732
	556  -  MemoryUsage of job (MB)
	568732  -  ResidentSetSize of job (KB)
...
006 (78854907.066.000) 2026-10-04 13:10:28 Image size of job updated: 568764
	556  -  MemoryUsage of job (MB)
	568764  -  ResidentSetSize of job (KB)
...
006 (78854907.066.000) 2026-10-04 13:15:29 Image size of job updated: 568808
	556  -  MemoryUsage of job (MB)
	568808  -  ResidentSetSize of job (KB)
...
006 (78854907.066.000) 2026-10-04 13:20:29 Image size of job updated: 568812
	556  -  MemoryUsage of job (MB)
	568812  -  ResidentSetSize of job (KB)
...
006 (78854907.066.000) 2026-10-04 13:25:29 Image size of job updated: 571792
	559  -  MemoryUsage of job (MB)
	571792  -  ResidentSetSize of job (KB)
...
006 (78854907.066.000) 2026-10-04 13:30:30 Image size of job updated: 571796
	559  -  MemoryUsage of job (MB)
	571796  -  ResidentSetSize of job (KB)
...
004 (78854907.066.000) 2026-10-04 13:44:48 Job was evicted. Code 1023 Subcode 0
	(0) CPU times
		Usr 2 06:05:32, Sys 0 00:02:22  -  Run Remote Usage
		Usr 0 00:00:00, Sys 0 00:00:00  -  Run Local Usage
	0  -  Run Bytes Sent By Job
	0  -  Run Bytes Received By Job
	Reason: via condor_rm (by user pratyusava.baral)
	Partitionable Resources :    Usage  Request Allocated 
	   Cpus                 :     3.48        4         4 
	   Disk (KB)            : 25000       25000     28672 
	   GPUs                 :                           0 
	   Memory (MB)          :   559       15000     15104 
	   TimeExecute (s)      : 57966                       
	   TimeSlotBusy (s)     : 57966                       
...
009 (78854907.066.000) 2026-10-04 13:44:48 Job was aborted.
	via condor_rm (by user pratyusava.baral)
...
000 (78855136.066.000) 2026-10-04 13:45:07 Job submitted from host: <10.14.0.121:9618?addrs=10.14.0.121-9618&alias=ldas-pcdev12.ligo.caltech.edu&noUDP&sock=schedd_623140_c9b4>
...
001 (78855136.066.000) 2026-10-04 13:49:18 Job executing on host: <10.14.5.168:9618?addrs=10.14.5.168-9618&alias=node1168.cluster.ldas.cit&noUDP&sock=startd_217648_00d7>
	SlotName: slot1_1@node1168.cluster.ldas.cit
	CondorScratchDir = "/var/lib/condor/execute/dir_650227/scratch"
	Cpus = 4
	Disk = 28672
	GPUs = 0
	Memory = 15104
...
006 (78855136.066.000) 2026-10-04 13:49:27 Image size of job updated: 136812
	134  -  MemoryUsage of job (MB)
	136812  -  ResidentSetSize of job (KB)
...
006 (78855136.066.000) 2026-10-04 13:54:27 Image size of job updated: 308272
	302  -  MemoryUsage of job (MB)
	308272  -  ResidentSetSize of job (KB)
...
006 (78855136.066.000) 2026-10-04 13:59:27 Image size of job updated: 466904
	456  -  MemoryUsage of job (MB)
	466904  -  ResidentSetSize of job (KB)
...
006 (78855136.066.000) 2026-10-04 14:04:28 Image size of job updated: 482392
	472  -  MemoryUsage of job (MB)
	482392  -  ResidentSetSize of job (KB)
...
006 (78855136.066.000) 2026-10-04 14:09:28 Image size of job updated: 534008
	522  -  MemoryUsage of job (MB)
	534008  -  ResidentSetSize of job (KB)
...
006 (78855136.066.000) 2026-10-04 14:14:28 Image size of job updated: 536504
	524  -  MemoryUsage of job (MB)
	536504  -  ResidentSetSize of job (KB)
...
006 (78855136.066.000) 2026-10-04 14:19:29 Image size of job updated: 568552
	554  -  MemoryUsage of job (MB)
	567248  -  ResidentSetSize of job (KB)
...
006 (78855136.066.000) 2026-10-04 14:24:29 Image size of job updated: 568552
	555  -  MemoryUsage of job (MB)
	567404  -  ResidentSetSize of job (KB)
...
006 (78855136.066.000) 2026-10-04 14:29:29 Image size of job updated: 573232
	555  -  MemoryUsage of job (MB)
	567404  -  ResidentSetSize of job (KB)
...
006 (78855136.066.000) 2026-10-04 15:39:36 Image size of job updated: 581964
	569  -  MemoryUsage of job (MB)
	581964  -  ResidentSetSize of job (KB)
...
006 (78855136.066.000) 2026-10-04 15:44:36 Image size of job updated: 581972
	569  -  MemoryUsage of job (MB)
	581972  -  ResidentSetSize of job (KB)
...
006 (78855136.066.000) 2026-10-04 15:49:36 Image size of job updated: 583404
	569  -  MemoryUsage of job (MB)
	582388  -  ResidentSetSize of job (KB)
...
006 (78855136.066.000) 2026-10-04 15:59:37 Image size of job updated: 583560
	569  -  MemoryUsage of job (MB)
	582552  -  ResidentSetSize of job (KB)
...
006 (78855136.066.000) 2026-10-04 16:09:20 Image size of job updated: 583560
	569  -  MemoryUsage of job (MB)
	582560  -  ResidentSetSize of job (KB)
...
006 (78855136.066.000) 2026-10-04 16:23:30 Image size of job updated: 585528
	571  -  MemoryUsage of job (MB)
	584556  -  ResidentSetSize of job (KB)
...
006 (78855136.066.000) 2026-10-04 16:34:50 Image size of job updated: 586640
	573  -  MemoryUsage of job (MB)
	586640  -  ResidentSetSize of job (KB)
...
006 (78855136.066.000) 2026-10-04 16:46:39 Image size of job updated: 586644
	573  -  MemoryUsage of job (MB)
	586644  -  ResidentSetSize of job (KB)
...
006 (78855136.066.000) 2026-10-04 16:56:39 Image size of job updated: 586648
	573  -  MemoryUsage of job (MB)
	586648  -  ResidentSetSize of job (KB)
...
006 (78855136.066.000) 2026-10-04 17:01:40 Image size of job updated: 586652
	573  -  MemoryUsage of job (MB)
	586648  -  ResidentSetSize of job (KB)
...
006 (78855136.066.000) 2026-10-04 17:11:40 Image size of job updated: 587684
	573  -  MemoryUsage of job (MB)
	586660  -  ResidentSetSize of job (KB)
...
006 (78855136.066.000) 2026-10-04 17:16:41 Image size of job updated: 587684
	573  -  MemoryUsage of job (MB)
	586664  -  ResidentSetSize of job (KB)
...
006 (78855136.066.000) 2026-10-04 17:21:41 Image size of job updated: 588368
	575  -  MemoryUsage of job (MB)
	588368  -  ResidentSetSize of job (KB)
...
006 (78855136.066.000) 2026-10-04 17:26:41 Image size of job updated: 588372
	575  -  MemoryUsage of job (MB)
	588372  -  ResidentSetSize of job (KB)
...
006 (78855136.066.000) 2026-10-04 17:31:42 Image size of job updated: 589168
	576  -  MemoryUsage of job (MB)
	589168  -  ResidentSetSize of job (KB)
...
006 (78855136.066.000) 2026-10-04 17:36:42 Image size of job updated: 589180
	576  -  MemoryUsage of job (MB)
	589180  -  ResidentSetSize of job (KB)
...
006 (78855136.066.000) 2026-10-04 17:41:42 Image size of job updated: 590788
	577  -  MemoryUsage of job (MB)
	590788  -  ResidentSetSize of job (KB)
...
006 (78855136.066.000) 2026-10-04 17:46:43 Image size of job updated: 590792
	577  -  MemoryUsage of job (MB)
	590792  -  ResidentSetSize of job (KB)
...
006 (78855136.066.000) 2026-10-04 17:51:44 Image size of job updated: 593868
	580  -  MemoryUsage of job (MB)
	593868  -  ResidentSetSize of job (KB)
...
006 (78855136.066.000) 2026-10-04 18:01:45 Image size of job updated: 593872
	580  -  MemoryUsage of job (MB)
	593868  -  ResidentSetSize of job (KB)
...
006 (78855136.066.000) 2026-10-04 18:16:47 Image size of job updated: 593880
	580  -  MemoryUsage of job (MB)
	593868  -  ResidentSetSize of job (KB)
...
006 (78855136.066.000) 2026-10-04 18:26:48 Image size of job updated: 593900
	580  -  MemoryUsage of job (MB)
	593900  -  ResidentSetSize of job (KB)
...
006 (78855136.066.000) 2026-10-04 18:36:49 Image size of job updated: 593908
	580  -  MemoryUsage of job (MB)
	593908  -  ResidentSetSize of job (KB)
...
006 (78855136.066.000) 2026-10-04 18:46:49 Image size of job updated: 594932
	580  -  MemoryUsage of job (MB)
	593912  -  ResidentSetSize of job (KB)
...
006 (78855136.066.000) 2026-10-04 18:56:50 Image size of job updated: 596068
	583  -  MemoryUsage of job (MB)
	596068  -  ResidentSetSize of job (KB)
...
006 (78855136.066.000) 2026-10-04 19:06:51 Image size of job updated: 597076
	583  -  MemoryUsage of job (MB)
	596068  -  ResidentSetSize of job (KB)
...
006 (78855136.066.000) 2026-10-04 19:46:53 Image size of job updated: 597556
	584  -  MemoryUsage of job (MB)
	597556  -  ResidentSetSize of job (KB)
...
006 (78855136.066.000) 2026-10-04 19:51:54 Image size of job updated: 597564
	584  -  MemoryUsage of job (MB)
	597564  -  ResidentSetSize of job (KB)
...
006 (78855136.066.000) 2026-10-04 19:56:55 Image size of job updated: 599104
	586  -  MemoryUsage of job (MB)
	599104  -  ResidentSetSize of job (KB)
...
006 (78855136.066.000) 2026-10-04 20:01:55 Image size of job updated: 599108
	586  -  MemoryUsage of job (MB)
	599108  -  ResidentSetSize of job (KB)
...
006 (78855136.066.000) 2026-10-04 20:06:56 Image size of job updated: 599808
	586  -  MemoryUsage of job (MB)
	599108  -  ResidentSetSize of job (KB)
...
006 (78855136.066.000) 2026-10-04 20:26:59 Image size of job updated: 599808
	586  -  MemoryUsage of job (MB)
	599140  -  ResidentSetSize of job (KB)
...
006 (78855136.066.000) 2026-10-04 20:31:59 Image size of job updated: 599808
	586  -  MemoryUsage of job (MB)
	599192  -  ResidentSetSize of job (KB)
...
006 (78855136.066.000) 2026-10-04 20:37:00 Image size of job updated: 601880
	588  -  MemoryUsage of job (MB)
	601880  -  ResidentSetSize of job (KB)
...
006 (78855136.066.000) 2026-10-04 20:42:01 Image size of job updated: 601884
	588  -  MemoryUsage of job (MB)
	601884  -  ResidentSetSize of job (KB)
...
006 (78855136.066.000) 2026-10-04 20:47:01 Image size of job updated: 613416
	599  -  MemoryUsage of job (MB)
	612392  -  ResidentSetSize of job (KB)
...
006 (78855136.066.000) 2026-10-04 20:52:01 Image size of job updated: 613416
	599  -  MemoryUsage of job (MB)
	612396  -  ResidentSetSize of job (KB)
...
006 (78855136.066.000) 2026-10-04 20:57:02 Image size of job updated: 613416
	599  -  MemoryUsage of job (MB)
	612492  -  ResidentSetSize of job (KB)
...
006 (78855136.066.000) 2026-10-04 21:02:02 Image size of job updated: 613416
	599  -  MemoryUsage of job (MB)
	612500  -  ResidentSetSize of job (KB)
...
006 (78855136.066.000) 2026-10-04 21:12:03 Image size of job updated: 613432
	600  -  MemoryUsage of job (MB)
	613432  -  ResidentSetSize of job (KB)
...
006 (78855136.066.000) 2026-10-04 21:17:03 Image size of job updated: 613436
	600  -  MemoryUsage of job (MB)
	613436  -  ResidentSetSize of job (KB)
...
006 (78855136.066.000) 2026-10-04 21:32:04 Image size of job updated: 614548
	600  -  MemoryUsage of job (MB)
	613528  -  ResidentSetSize of job (KB)
...
006 (78855136.066.000) 2026-10-04 21:42:05 Image size of job updated: 615480
	602  -  MemoryUsage of job (MB)
	615480  -  ResidentSetSize of job (KB)
...
006 (78855136.066.000) 2026-10-04 21:47:06 Image size of job updated: 615484
	602  -  MemoryUsage of job (MB)
	615484  -  ResidentSetSize of job (KB)
...
006 (78855136.066.000) 2026-10-04 21:52:06 Image size of job updated: 616524
	603  -  MemoryUsage of job (MB)
	616524  -  ResidentSetSize of job (KB)
...
006 (78855136.066.000) 2026-10-04 21:57:07 Image size of job updated: 616532
	603  -  MemoryUsage of job (MB)
	616532  -  ResidentSetSize of job (KB)
...
006 (78855136.066.000) 2026-10-04 22:02:08 Image size of job updated: 616804
	603  -  MemoryUsage of job (MB)
	616532  -  ResidentSetSize of job (KB)
...
006 (78855136.066.000) 2026-10-04 22:12:09 Image size of job updated: 618580
	605  -  MemoryUsage of job (MB)
	618580  -  ResidentSetSize of job (KB)
...
006 (78855136.066.000) 2026-10-04 22:17:10 Image size of job updated: 618584
	605  -  MemoryUsage of job (MB)
	618584  -  ResidentSetSize of job (KB)
...
006 (78855136.066.000) 2026-10-04 22:22:10 Image size of job updated: 619612
	605  -  MemoryUsage of job (MB)
	618600  -  ResidentSetSize of job (KB)
...
006 (78855136.066.000) 2026-10-04 22:32:12 Image size of job updated: 620636
	605  -  MemoryUsage of job (MB)
	618600  -  ResidentSetSize of job (KB)
...
006 (78855136.066.000) 2026-10-04 22:52:13 Image size of job updated: 623136
	606  -  MemoryUsage of job (MB)
	620012  -  ResidentSetSize of job (KB)
...
006 (78855136.066.000) 2026-10-04 22:57:13 Image size of job updated: 623136
	606  -  MemoryUsage of job (MB)
	620016  -  ResidentSetSize of job (KB)
...
006 (78855136.066.000) 2026-10-04 23:02:14 Image size of job updated: 625496
	609  -  MemoryUsage of job (MB)
	623452  -  ResidentSetSize of job (KB)
...
006 (78855136.066.000) 2026-10-04 23:07:14 Image size of job updated: 625496
	609  -  MemoryUsage of job (MB)
	623460  -  ResidentSetSize of job (KB)
...
006 (78855136.066.000) 2026-10-04 23:12:14 Image size of job updated: 625496
	610  -  MemoryUsage of job (MB)
	624392  -  ResidentSetSize of job (KB)
...
006 (78855136.066.000) 2026-10-04 23:17:16 Image size of job updated: 625496
	610  -  MemoryUsage of job (MB)
	624396  -  ResidentSetSize of job (KB)
...
006 (78855136.066.000) 2026-10-04 23:22:16 Image size of job updated: 625496
	610  -  MemoryUsage of job (MB)
	624412  -  ResidentSetSize of job (KB)
...
006 (78855136.066.000) 2026-10-04 23:27:16 Image size of job updated: 625496
	611  -  MemoryUsage of job (MB)
	625124  -  ResidentSetSize of job (KB)
...
006 (78855136.066.000) 2026-10-04 23:32:17 Image size of job updated: 625496
	611  -  MemoryUsage of job (MB)
	625128  -  ResidentSetSize of job (KB)
...
006 (78855136.066.000) 2026-10-04 23:37:18 Image size of job updated: 627584
	613  -  MemoryUsage of job (MB)
	627584  -  ResidentSetSize of job (KB)
...
006 (78855136.066.000) 2026-10-04 23:42:18 Image size of job updated: 627588
	613  -  MemoryUsage of job (MB)
	627588  -  ResidentSetSize of job (KB)
...
006 (78855136.066.000) 2026-10-04 23:47:19 Image size of job updated: 627604
	613  -  MemoryUsage of job (MB)
	627588  -  ResidentSetSize of job (KB)
...
006 (78855136.066.000) 2026-10-04 23:52:20 Image size of job updated: 627604
	613  -  MemoryUsage of job (MB)
	627604  -  ResidentSetSize of job (KB)
...
006 (78855136.066.000) 2026-10-04 23:57:20 Image size of job updated: 627608
	613  -  MemoryUsage of job (MB)
	627608  -  ResidentSetSize of job (KB)
...
006 (78855136.066.000) 2026-10-05 00:02:21 Image size of job updated: 627612
	613  -  MemoryUsage of job (MB)
	627612  -  ResidentSetSize of job (KB)
...
006 (78855136.066.000) 2026-10-05 00:07:22 Image size of job updated: 629660
	613  -  MemoryUsage of job (MB)
	627616  -  ResidentSetSize of job (KB)
...
006 (78855136.066.000) 2026-10-05 00:17:23 Image size of job updated: 629984
	616  -  MemoryUsage of job (MB)
	629984  -  ResidentSetSize of job (KB)
...
006 (78855136.066.000) 2026-10-05 00:22:24 Image size of job updated: 630696
	616  -  MemoryUsage of job (MB)
	630696  -  ResidentSetSize of job (KB)
...
006 (78855136.066.000) 2026-10-05 00:27:24 Image size of job updated: 631724
	617  -  MemoryUsage of job (MB)
	631724  -  ResidentSetSize of job (KB)
...
006 (78855136.066.000) 2026-10-05 00:47:26 Image size of job updated: 632756
	617  -  MemoryUsage of job (MB)
	631732  -  ResidentSetSize of job (KB)
...
006 (78855136.066.000) 2026-10-05 00:52:27 Image size of job updated: 632756
	617  -  MemoryUsage of job (MB)
	631740  -  ResidentSetSize of job (KB)
...
006 (78855136.066.000) 2026-10-05 00:57:27 Image size of job updated: 632756
	618  -  MemoryUsage of job (MB)
	632236  -  ResidentSetSize of job (KB)
...
006 (78855136.066.000) 2026-10-05 01:02:27 Image size of job updated: 632756
	618  -  MemoryUsage of job (MB)
	632240  -  ResidentSetSize of job (KB)
...
006 (78855136.066.000) 2026-10-05 01:07:28 Image size of job updated: 634284
	619  -  MemoryUsage of job (MB)
	633264  -  ResidentSetSize of job (KB)
...
006 (78855136.066.000) 2026-10-05 01:12:28 Image size of job updated: 634284
	619  -  MemoryUsage of job (MB)
	633268  -  ResidentSetSize of job (KB)
...
006 (78855136.066.000) 2026-10-05 01:17:28 Image size of job updated: 634836
	619  -  MemoryUsage of job (MB)
	633268  -  ResidentSetSize of job (KB)
...
006 (78855136.066.000) 2026-10-05 01:27:30 Image size of job updated: 638564
	624  -  MemoryUsage of job (MB)
	638564  -  ResidentSetSize of job (KB)
...
006 (78855136.066.000) 2026-10-05 01:52:33 Image size of job updated: 639488
	625  -  MemoryUsage of job (MB)
	639488  -  ResidentSetSize of job (KB)
...
006 (78855136.066.000) 2026-10-05 01:57:34 Image size of job updated: 639508
	625  -  MemoryUsage of job (MB)
	639508  -  ResidentSetSize of job (KB)
...
006 (78855136.066.000) 2026-10-05 02:02:34 Image size of job updated: 641596
	625  -  MemoryUsage of job (MB)
	639576  -  ResidentSetSize of job (KB)
...
006 (78855136.066.000) 2026-10-05 02:07:35 Image size of job updated: 641596
	625  -  MemoryUsage of job (MB)
	639608  -  ResidentSetSize of job (KB)
...
006 (78855136.066.000) 2026-10-05 02:12:36 Image size of job updated: 641596
	627  -  MemoryUsage of job (MB)
	641532  -  ResidentSetSize of job (KB)
...
006 (78855136.066.000) 2026-10-05 02:17:36 Image size of job updated: 641596
	627  -  MemoryUsage of job (MB)
	641556  -  ResidentSetSize of job (KB)
...
006 (78855136.066.000) 2026-10-05 02:22:36 Image size of job updated: 642500
	627  -  MemoryUsage of job (MB)
	641556  -  ResidentSetSize of job (KB)
...
006 (78855136.066.000) 2026-10-05 02:42:38 Image size of job updated: 642540
	628  -  MemoryUsage of job (MB)
	642316  -  ResidentSetSize of job (KB)
...
006 (78855136.066.000) 2026-10-05 02:47:38 Image size of job updated: 642540
	628  -  MemoryUsage of job (MB)
	642320  -  ResidentSetSize of job (KB)
...
006 (78855136.066.000) 2026-10-05 02:52:38 Image size of job updated: 646044
	629  -  MemoryUsage of job (MB)
	644056  -  ResidentSetSize of job (KB)
...
006 (78855136.066.000) 2026-10-05 02:57:39 Image size of job updated: 646044
	629  -  MemoryUsage of job (MB)
	644068  -  ResidentSetSize of job (KB)
...
006 (78855136.066.000) 2026-10-05 03:02:39 Image size of job updated: 646044
	630  -  MemoryUsage of job (MB)
	644876  -  ResidentSetSize of job (KB)
...
006 (78855136.066.000) 2026-10-05 03:07:39 Image size of job updated: 646044
	630  -  MemoryUsage of job (MB)
	644904  -  ResidentSetSize of job (KB)
...
006 (78855136.066.000) 2026-10-05 03:12:40 Image size of job updated: 646760
	630  -  MemoryUsage of job (MB)
	644904  -  ResidentSetSize of job (KB)
...
006 (78855136.066.000) 2026-10-05 03:17:40 Image size of job updated: 646760
	631  -  MemoryUsage of job (MB)
	645788  -  ResidentSetSize of job (KB)
...
006 (78855136.066.000) 2026-10-05 03:32:41 Image size of job updated: 647632
	633  -  MemoryUsage of job (MB)
	647620  -  ResidentSetSize of job (KB)
...
006 (78855136.066.000) 2026-10-05 03:37:41 Image size of job updated: 647632
	633  -  MemoryUsage of job (MB)
	647624  -  ResidentSetSize of job (KB)
...
006 (78855136.066.000) 2026-10-05 03:42:42 Image size of job updated: 649732
	633  -  MemoryUsage of job (MB)
	647688  -  ResidentSetSize of job (KB)
...
006 (78855136.066.000) 2026-10-05 03:47:43 Image size of job updated: 649732
	633  -  MemoryUsage of job (MB)
	647692  -  ResidentSetSize of job (KB)
...
006 (78855136.066.000) 2026-10-05 03:52:43 Image size of job updated: 650728
	636  -  MemoryUsage of job (MB)
	650728  -  ResidentSetSize of job (KB)
...
006 (78855136.066.000) 2026-10-05 03:57:44 Image size of job updated: 650732
	636  -  MemoryUsage of job (MB)
	650732  -  ResidentSetSize of job (KB)
...
006 (78855136.066.000) 2026-10-05 04:02:45 Image size of job updated: 652024
	636  -  MemoryUsage of job (MB)
	650732  -  ResidentSetSize of job (KB)
...
006 (78855136.066.000) 2026-10-05 04:12:46 Image size of job updated: 655316
	636  -  MemoryUsage of job (MB)
	650732  -  ResidentSetSize of job (KB)
...
006 (78855136.066.000) 2026-10-05 04:27:48 Image size of job updated: 678192
	636  -  MemoryUsage of job (MB)
	650732  -  ResidentSetSize of job (KB)
...
006 (78855136.066.000) 2026-10-05 04:47:51 Image size of job updated: 690872
	636  -  MemoryUsage of job (MB)
	650968  -  ResidentSetSize of job (KB)
...
006 (78855136.066.000) 2026-10-05 04:52:51 Image size of job updated: 690872
	636  -  MemoryUsage of job (MB)
	651124  -  ResidentSetSize of job (KB)
...
006 (78855136.066.000) 2026-10-05 04:54:46 Image size of job updated: 748032
	636  -  MemoryUsage of job (MB)
	651124  -  ResidentSetSize of job (KB)
...
005 (78855136.066.000) 2026-10-05 04:54:46 Job terminated.
	(1) Normal termination (return value 0)
		Usr 2 03:16:14, Sys 0 00:02:36  -  Run Remote Usage
		Usr 0 00:00:00, Sys 0 00:00:00  -  Run Local Usage
		Usr 2 03:16:14, Sys 0 00:02:36  -  Total Remote Usage
		Usr 0 00:00:00, Sys 0 00:00:00  -  Total Local Usage
	0  -  Run Bytes Sent By Job
	0  -  Run Bytes Received By Job
	0  -  Total Bytes Sent By Job
	0  -  Total Bytes Received By Job
	Partitionable Resources :    Usage  Request Allocated 
	   Cpus                 :     3.49        4         4 
	   Disk (KB)            : 25000       25000     28672 
	   GPUs                 :                           0 
	   Memory (MB)          :   636       15000     15104 
	   TimeExecute (s)      : 54328                       
	   TimeSlotBusy (s)     : 54328                       
...
