13:49 bilby INFO    : Waveform generator initiated with
  frequency_domain_source_model: bilby.gw.source.lal_binary_black_hole_individual_modes
  time_domain_source_model: None
  parameter_conversion: bilby.gw.conversion.convert_to_lal_binary_black_hole_parameters
/home/pratyusava.baral/Modified_Dispersion/src/bilby-x-g/bilby/gw/detector/interferometer.py:511: RuntimeWarning: divide by zero encountered in scalar power
  lambda_A = h * np.abs(A) ** (1/(a-2))
13:49 bilby INFO    : No prior given, using default BNS priors in /home/pratyusava.baral/Modified_Dispersion/src/bilby-x-g/bilby/gw/prior_files/aligned_spins_bns_tides_on.prior.
13:49 bilby INFO    : Running for label 'None', output will be saved to 'results/7'
13:49 bilby INFO    : Performing redundancy check using BBHPriorDict(self).test_redundancy
13:49 bilby INFO    : Performing redundancy check using BBHPriorDict(self).test_redundancy
13:49 bilby INFO    : Performing redundancy check using BBHPriorDict(self).test_redundancy
13:49 bilby INFO    : Performing redundancy check using BBHPriorDict(self).test_redundancy
13:49 bilby INFO    : Performing redundancy check using BBHPriorDict(self).test_redundancy
13:49 bilby INFO    : Performing redundancy check using BBHPriorDict(self).test_redundancy
13:49 bilby INFO    : Performing redundancy check using BBHPriorDict(self).test_redundancy
13:49 bilby INFO    : Performing redundancy check using BBHPriorDict(self).test_redundancy
13:49 bilby INFO    : Performing redundancy check using BBHPriorDict(self).test_redundancy
13:49 bilby INFO    : Performing redundancy check using BBHPriorDict(self).test_redundancy
13:49 bilby INFO    : Performing redundancy check using BBHPriorDict(self).test_redundancy
13:49 bilby INFO    : Performing redundancy check using BBHPriorDict(self).test_redundancy
13:49 bilby INFO    : Performing redundancy check using BBHPriorDict(self).test_redundancy
13:49 bilby INFO    : Performing redundancy check using BBHPriorDict(self).test_redundancy
13:49 bilby INFO    : Using lal version 7.7.1
13:49 bilby INFO    : Using lal git version Branch: None;Tag: lalsuite-v7.26.15;Id: 2c00d8c200308422036d0a23b7c0394f7c73faad;;Builder: Unknown User <>;Repository status: CLEAN: All modifications committed
13:49 bilby INFO    : Using lalsimulation version 6.2.1
13:49 bilby INFO    : Using lalsimulation git version Branch: None;Tag: lalsuite-v7.26.15;Id: 2c00d8c200308422036d0a23b7c0394f7c73faad;;Builder: Unknown User <>;Repository status: CLEAN: All modifications committed

[notice] A new release of pip is available: 24.0 -> 26.2.1
[notice] To update, run: /scratch/pratyusava.baral/Modified_Dispersion/src/dispersion/bin/python -m pip install --upgrade pip
13:49 bilby INFO    : Analysis priors:
13:49 bilby INFO    : mass_ratio=Uniform(minimum=0.5689212139188817, maximum=1, name='mass_ratio', latex_label='$q$', unit=None, boundary=None)
13:49 bilby INFO    : chirp_mass=Uniform(minimum=33.08608207082994, maximum=33.14608207082994, name='chirp_mass', latex_label='$\\mathcal{M}$', unit=None, boundary=None)
13:49 bilby INFO    : luminosity_distance=Uniform(minimum=904.7525961620261, maximum=994.7525961620261, name='luminosity_distance', latex_label='$d_L$', unit=None, boundary=None)
13:49 bilby INFO    : dec=Cosine(minimum=-1.5707963267948966, maximum=1.5707963267948966, name='dec', latex_label='$\\mathrm{DEC}$', unit=None, boundary=None)
13:49 bilby INFO    : ra=Uniform(minimum=0, maximum=6.283185307179586, name='ra', latex_label='$\\mathrm{RA}$', unit=None, boundary='periodic')
13:49 bilby INFO    : theta_jn=Sine(minimum=0, maximum=3.141592653589793, name='theta_jn', latex_label='$\\theta_{JN}$', unit=None, boundary=None)
13:49 bilby INFO    : psi=Uniform(minimum=0, maximum=3.141592653589793, name='psi', latex_label='$\\psi$', unit=None, boundary='periodic')
13:49 bilby INFO    : phase=Uniform(minimum=0, maximum=6.283185307179586, name='phase', latex_label='$\\phi$', unit=None, boundary='periodic')
13:49 bilby INFO    : chi_1=bilby.gw.prior.AlignedSpin(a_prior=Uniform(minimum=0, maximum=0.99, name=None, latex_label=None, unit=None, boundary=None), z_prior=Uniform(minimum=-1, maximum=1, name=None, latex_label=None, unit=None, boundary=None), name='chi_1', latex_label='$\\chi_1$', unit=None, boundary=None, minimum=-0.99, maximum=0.99)
13:49 bilby INFO    : chi_2=bilby.gw.prior.AlignedSpin(a_prior=Uniform(minimum=0, maximum=0.99, name=None, latex_label=None, unit=None, boundary=None), z_prior=Uniform(minimum=-1, maximum=1, name=None, latex_label=None, unit=None, boundary=None), name='chi_2', latex_label='$\\chi_2$', unit=None, boundary=None, minimum=-0.99, maximum=0.99)
13:49 bilby INFO    : A=SymmetricLogUniform(minimum=1e-05, maximum=0.1, name='A', latex_label='A', unit=None, boundary=None)
13:49 bilby INFO    : CE_time=Uniform(minimum=1929389069.6725552, maximum=1929389069.674555, name='CE_time', latex_label='$t_{CE}$', unit='$s$', boundary=None)
13:49 bilby INFO    : a=0
13:49 bilby INFO    : fiducial=0
13:49 bilby INFO    : Analysis likelihood class: <class 'bilby.gw.likelihood.relative.RelativeBinningGravitationalWaveTransientNextGenerationModebyMode'>
13:49 bilby INFO    : Analysis likelihood noise evidence: -346309.3155684153
13:49 bilby INFO    : Single likelihood evaluation took 1.472e-02 s
13:49 bilby INFO    : Using sampler Dynesty with kwargs {'nlive': 500, 'bound': 'live', 'sample': 'acceptance-walk', 'periodic': None, 'reflective': None, 'update_interval': 600, 'first_update': None, 'npdim': None, 'rstate': None, 'queue_size': 4, 'pool': None, 'use_pool': None, 'live_points': None, 'logl_args': None, 'logl_kwargs': None, 'ptform_args': None, 'ptform_kwargs': None, 'gradient': None, 'grad_args': None, 'grad_kwargs': None, 'compute_jac': False, 'enlarge': None, 'bootstrap': None, 'walks': 100, 'facc': 0.2, 'slices': None, 'fmove': 0.9, 'max_move': 100, 'update_func': None, 'ncdim': None, 'blob': False, 'save_history': False, 'history_filename': None, 'maxiter': None, 'maxcall': None, 'dlogz': 0.01, 'logl_max': inf, 'n_effective': None, 'add_live': True, 'print_progress': True, 'print_func': <bound method Dynesty._print_func of <bilby.core.sampler.dynesty.Dynesty object at 0x1469053caa10>>, 'save_bounds': False, 'checkpoint_file': None, 'checkpoint_every': 60, 'resume': False, 'seed': None}
13:49 bilby INFO    : Checkpoint every check_point_delta_t = 600s
13:49 bilby INFO    : Using dynesty version 2.1.5
13:49 bilby INFO    : Using the bilby-implemented acceptance-walk sampling with an average of 16.0 accepted steps per MCMC and maximum length 5000
13:49 bilby INFO    : Setting up multiproccesing pool with 4 processes
13:49 bilby INFO    : Reading resume file results/7/None_resume.pickle
13:49 bilby INFO    : Resume file successfully loaded.
13:55 bilby INFO    : Written checkpoint file results/7/None_resume.pickle
13:55 bilby WARNING : Too many bins for data range. Cannot create 500 finite-sized bins.
13:55 bilby WARNING : Failed to create dynesty state plot at checkpoint
/scratch/pratyusava.baral/Modified_Dispersion/src/dispersion/lib/python3.11/site-packages/dynesty/plotting.py:252: RuntimeWarning: overflow encountered in exp
  np.exp(logwt), logz if logplot else np.exp(logz)
/scratch/pratyusava.baral/Modified_Dispersion/src/dispersion/lib/python3.11/site-packages/dynesty/plotting.py:282: RuntimeWarning: overflow encountered in exp
  zspan = (0., 1.05 * np.exp(logz[-1] + 3. * logzerr[-1]))
13:55 bilby WARNING : Axis limits cannot be NaN or Inf
13:55 bilby WARNING : Failed to create dynesty run plot at checkpoint
14:06 bilby INFO    : Written checkpoint file results/7/None_resume.pickle
14:06 bilby WARNING : Too many bins for data range. Cannot create 500 finite-sized bins.
14:06 bilby WARNING : Failed to create dynesty state plot at checkpoint
/scratch/pratyusava.baral/Modified_Dispersion/src/dispersion/lib/python3.11/site-packages/dynesty/plotting.py:252: RuntimeWarning: overflow encountered in exp
  np.exp(logwt), logz if logplot else np.exp(logz)
/scratch/pratyusava.baral/Modified_Dispersion/src/dispersion/lib/python3.11/site-packages/dynesty/plotting.py:282: RuntimeWarning: overflow encountered in exp
  zspan = (0., 1.05 * np.exp(logz[-1] + 3. * logzerr[-1]))
14:06 bilby WARNING : Axis limits cannot be NaN or Inf
14:06 bilby WARNING : Failed to create dynesty run plot at checkpoint
14:16 bilby INFO    : Written checkpoint file results/7/None_resume.pickle
14:16 bilby WARNING : Too many bins for data range. Cannot create 500 finite-sized bins.
14:16 bilby WARNING : Failed to create dynesty state plot at checkpoint
/scratch/pratyusava.baral/Modified_Dispersion/src/dispersion/lib/python3.11/site-packages/dynesty/plotting.py:252: RuntimeWarning: overflow encountered in exp
  np.exp(logwt), logz if logplot else np.exp(logz)
/scratch/pratyusava.baral/Modified_Dispersion/src/dispersion/lib/python3.11/site-packages/dynesty/plotting.py:282: RuntimeWarning: overflow encountered in exp
  zspan = (0., 1.05 * np.exp(logz[-1] + 3. * logzerr[-1]))
14:16 bilby WARNING : Axis limits cannot be NaN or Inf
14:16 bilby WARNING : Failed to create dynesty run plot at checkpoint
14:27 bilby INFO    : Written checkpoint file results/7/None_resume.pickle
14:27 bilby WARNING : Too many bins for data range. Cannot create 500 finite-sized bins.
14:27 bilby WARNING : Failed to create dynesty state plot at checkpoint
/scratch/pratyusava.baral/Modified_Dispersion/src/dispersion/lib/python3.11/site-packages/dynesty/plotting.py:252: RuntimeWarning: overflow encountered in exp
  np.exp(logwt), logz if logplot else np.exp(logz)
/scratch/pratyusava.baral/Modified_Dispersion/src/dispersion/lib/python3.11/site-packages/dynesty/plotting.py:282: RuntimeWarning: overflow encountered in exp
  zspan = (0., 1.05 * np.exp(logz[-1] + 3. * logzerr[-1]))
14:27 bilby WARNING : Axis limits cannot be NaN or Inf
14:27 bilby WARNING : Failed to create dynesty run plot at checkpoint
14:37 bilby INFO    : Written checkpoint file results/7/None_resume.pickle
14:37 bilby WARNING : Too many bins for data range. Cannot create 500 finite-sized bins.
14:37 bilby WARNING : Failed to create dynesty state plot at checkpoint
/scratch/pratyusava.baral/Modified_Dispersion/src/dispersion/lib/python3.11/site-packages/dynesty/plotting.py:252: RuntimeWarning: overflow encountered in exp
  np.exp(logwt), logz if logplot else np.exp(logz)
/scratch/pratyusava.baral/Modified_Dispersion/src/dispersion/lib/python3.11/site-packages/dynesty/plotting.py:282: RuntimeWarning: overflow encountered in exp
  zspan = (0., 1.05 * np.exp(logz[-1] + 3. * logzerr[-1]))
14:37 bilby WARNING : Axis limits cannot be NaN or Inf
14:37 bilby WARNING : Failed to create dynesty run plot at checkpoint
14:48 bilby INFO    : Written checkpoint file results/7/None_resume.pickle
14:48 bilby WARNING : Too many bins for data range. Cannot create 500 finite-sized bins.
14:48 bilby WARNING : Failed to create dynesty state plot at checkpoint
/scratch/pratyusava.baral/Modified_Dispersion/src/dispersion/lib/python3.11/site-packages/dynesty/plotting.py:252: RuntimeWarning: overflow encountered in exp
  np.exp(logwt), logz if logplot else np.exp(logz)
/scratch/pratyusava.baral/Modified_Dispersion/src/dispersion/lib/python3.11/site-packages/dynesty/plotting.py:282: RuntimeWarning: overflow encountered in exp
  zspan = (0., 1.05 * np.exp(logz[-1] + 3. * logzerr[-1]))
14:48 bilby WARNING : Axis limits cannot be NaN or Inf
14:48 bilby WARNING : Failed to create dynesty run plot at checkpoint
14:58 bilby INFO    : Written checkpoint file results/7/None_resume.pickle
14:58 bilby WARNING : Too many bins for data range. Cannot create 500 finite-sized bins.
14:58 bilby WARNING : Failed to create dynesty state plot at checkpoint
/scratch/pratyusava.baral/Modified_Dispersion/src/dispersion/lib/python3.11/site-packages/dynesty/plotting.py:252: RuntimeWarning: overflow encountered in exp
  np.exp(logwt), logz if logplot else np.exp(logz)
/scratch/pratyusava.baral/Modified_Dispersion/src/dispersion/lib/python3.11/site-packages/dynesty/plotting.py:282: RuntimeWarning: overflow encountered in exp
  zspan = (0., 1.05 * np.exp(logz[-1] + 3. * logzerr[-1]))
14:58 bilby WARNING : Axis limits cannot be NaN or Inf
14:58 bilby WARNING : Failed to create dynesty run plot at checkpoint
15:09 bilby INFO    : Written checkpoint file results/7/None_resume.pickle
15:09 bilby WARNING : Too many bins for data range. Cannot create 500 finite-sized bins.
15:09 bilby WARNING : Failed to create dynesty state plot at checkpoint
/scratch/pratyusava.baral/Modified_Dispersion/src/dispersion/lib/python3.11/site-packages/dynesty/plotting.py:252: RuntimeWarning: overflow encountered in exp
  np.exp(logwt), logz if logplot else np.exp(logz)
/scratch/pratyusava.baral/Modified_Dispersion/src/dispersion/lib/python3.11/site-packages/dynesty/plotting.py:282: RuntimeWarning: overflow encountered in exp
  zspan = (0., 1.05 * np.exp(logz[-1] + 3. * logzerr[-1]))
15:09 bilby WARNING : Axis limits cannot be NaN or Inf
15:09 bilby WARNING : Failed to create dynesty run plot at checkpoint
15:19 bilby INFO    : Written checkpoint file results/7/None_resume.pickle
15:19 bilby WARNING : Too many bins for data range. Cannot create 500 finite-sized bins.
15:19 bilby WARNING : Failed to create dynesty state plot at checkpoint
/scratch/pratyusava.baral/Modified_Dispersion/src/dispersion/lib/python3.11/site-packages/dynesty/plotting.py:252: RuntimeWarning: overflow encountered in exp
  np.exp(logwt), logz if logplot else np.exp(logz)
/scratch/pratyusava.baral/Modified_Dispersion/src/dispersion/lib/python3.11/site-packages/dynesty/plotting.py:282: RuntimeWarning: overflow encountered in exp
  zspan = (0., 1.05 * np.exp(logz[-1] + 3. * logzerr[-1]))
15:19 bilby WARNING : Axis limits cannot be NaN or Inf
15:19 bilby WARNING : Failed to create dynesty run plot at checkpoint
15:29 bilby INFO    : Written checkpoint file results/7/None_resume.pickle
15:29 bilby WARNING : Too many bins for data range. Cannot create 500 finite-sized bins.
15:29 bilby WARNING : Failed to create dynesty state plot at checkpoint
/scratch/pratyusava.baral/Modified_Dispersion/src/dispersion/lib/python3.11/site-packages/dynesty/plotting.py:252: RuntimeWarning: overflow encountered in exp
  np.exp(logwt), logz if logplot else np.exp(logz)
/scratch/pratyusava.baral/Modified_Dispersion/src/dispersion/lib/python3.11/site-packages/dynesty/plotting.py:282: RuntimeWarning: overflow encountered in exp
  zspan = (0., 1.05 * np.exp(logz[-1] + 3. * logzerr[-1]))
15:29 bilby WARNING : Axis limits cannot be NaN or Inf
15:29 bilby WARNING : Failed to create dynesty run plot at checkpoint
15:40 bilby INFO    : Written checkpoint file results/7/None_resume.pickle
15:40 bilby WARNING : Too many bins for data range. Cannot create 500 finite-sized bins.
15:40 bilby WARNING : Failed to create dynesty state plot at checkpoint
/scratch/pratyusava.baral/Modified_Dispersion/src/dispersion/lib/python3.11/site-packages/dynesty/plotting.py:252: RuntimeWarning: overflow encountered in exp
  np.exp(logwt), logz if logplot else np.exp(logz)
/scratch/pratyusava.baral/Modified_Dispersion/src/dispersion/lib/python3.11/site-packages/dynesty/plotting.py:282: RuntimeWarning: overflow encountered in exp
  zspan = (0., 1.05 * np.exp(logz[-1] + 3. * logzerr[-1]))
15:40 bilby WARNING : Axis limits cannot be NaN or Inf
15:40 bilby WARNING : Failed to create dynesty run plot at checkpoint
15:51 bilby INFO    : Written checkpoint file results/7/None_resume.pickle
15:51 bilby WARNING : Too many bins for data range. Cannot create 500 finite-sized bins.
15:51 bilby WARNING : Failed to create dynesty state plot at checkpoint
/scratch/pratyusava.baral/Modified_Dispersion/src/dispersion/lib/python3.11/site-packages/dynesty/plotting.py:252: RuntimeWarning: overflow encountered in exp
  np.exp(logwt), logz if logplot else np.exp(logz)
/scratch/pratyusava.baral/Modified_Dispersion/src/dispersion/lib/python3.11/site-packages/dynesty/plotting.py:282: RuntimeWarning: overflow encountered in exp
  zspan = (0., 1.05 * np.exp(logz[-1] + 3. * logzerr[-1]))
15:51 bilby WARNING : Axis limits cannot be NaN or Inf
15:51 bilby WARNING : Failed to create dynesty run plot at checkpoint
16:02 bilby INFO    : Written checkpoint file results/7/None_resume.pickle
16:02 bilby WARNING : Too many bins for data range. Cannot create 500 finite-sized bins.
16:02 bilby WARNING : Failed to create dynesty state plot at checkpoint
/scratch/pratyusava.baral/Modified_Dispersion/src/dispersion/lib/python3.11/site-packages/dynesty/plotting.py:252: RuntimeWarning: overflow encountered in exp
  np.exp(logwt), logz if logplot else np.exp(logz)
/scratch/pratyusava.baral/Modified_Dispersion/src/dispersion/lib/python3.11/site-packages/dynesty/plotting.py:282: RuntimeWarning: overflow encountered in exp
  zspan = (0., 1.05 * np.exp(logz[-1] + 3. * logzerr[-1]))
16:02 bilby WARNING : Axis limits cannot be NaN or Inf
16:02 bilby WARNING : Failed to create dynesty run plot at checkpoint
16:12 bilby INFO    : Written checkpoint file results/7/None_resume.pickle
16:12 bilby WARNING : Too many bins for data range. Cannot create 500 finite-sized bins.
16:12 bilby WARNING : Failed to create dynesty state plot at checkpoint
/scratch/pratyusava.baral/Modified_Dispersion/src/dispersion/lib/python3.11/site-packages/dynesty/plotting.py:252: RuntimeWarning: overflow encountered in exp
  np.exp(logwt), logz if logplot else np.exp(logz)
/scratch/pratyusava.baral/Modified_Dispersion/src/dispersion/lib/python3.11/site-packages/dynesty/plotting.py:282: RuntimeWarning: overflow encountered in exp
  zspan = (0., 1.05 * np.exp(logz[-1] + 3. * logzerr[-1]))
16:12 bilby WARNING : Axis limits cannot be NaN or Inf
16:12 bilby WARNING : Failed to create dynesty run plot at checkpoint
16:23 bilby INFO    : Written checkpoint file results/7/None_resume.pickle
16:23 bilby WARNING : Too many bins for data range. Cannot create 500 finite-sized bins.
16:23 bilby WARNING : Failed to create dynesty state plot at checkpoint
/scratch/pratyusava.baral/Modified_Dispersion/src/dispersion/lib/python3.11/site-packages/dynesty/plotting.py:252: RuntimeWarning: overflow encountered in exp
  np.exp(logwt), logz if logplot else np.exp(logz)
/scratch/pratyusava.baral/Modified_Dispersion/src/dispersion/lib/python3.11/site-packages/dynesty/plotting.py:282: RuntimeWarning: overflow encountered in exp
  zspan = (0., 1.05 * np.exp(logz[-1] + 3. * logzerr[-1]))
16:23 bilby WARNING : Axis limits cannot be NaN or Inf
16:23 bilby WARNING : Failed to create dynesty run plot at checkpoint
16:33 bilby INFO    : Written checkpoint file results/7/None_resume.pickle
16:33 bilby WARNING : Too many bins for data range. Cannot create 500 finite-sized bins.
16:33 bilby WARNING : Failed to create dynesty state plot at checkpoint
/scratch/pratyusava.baral/Modified_Dispersion/src/dispersion/lib/python3.11/site-packages/dynesty/plotting.py:252: RuntimeWarning: overflow encountered in exp
  np.exp(logwt), logz if logplot else np.exp(logz)
/scratch/pratyusava.baral/Modified_Dispersion/src/dispersion/lib/python3.11/site-packages/dynesty/plotting.py:282: RuntimeWarning: overflow encountered in exp
  zspan = (0., 1.05 * np.exp(logz[-1] + 3. * logzerr[-1]))
16:33 bilby WARNING : Axis limits cannot be NaN or Inf
16:33 bilby WARNING : Failed to create dynesty run plot at checkpoint
16:43 bilby INFO    : Written checkpoint file results/7/None_resume.pickle
16:43 bilby WARNING : Too many bins for data range. Cannot create 500 finite-sized bins.
16:43 bilby WARNING : Failed to create dynesty state plot at checkpoint
/scratch/pratyusava.baral/Modified_Dispersion/src/dispersion/lib/python3.11/site-packages/dynesty/plotting.py:252: RuntimeWarning: overflow encountered in exp
  np.exp(logwt), logz if logplot else np.exp(logz)
/scratch/pratyusava.baral/Modified_Dispersion/src/dispersion/lib/python3.11/site-packages/dynesty/plotting.py:282: RuntimeWarning: overflow encountered in exp
  zspan = (0., 1.05 * np.exp(logz[-1] + 3. * logzerr[-1]))
16:43 bilby WARNING : Axis limits cannot be NaN or Inf
16:43 bilby WARNING : Failed to create dynesty run plot at checkpoint
16:54 bilby INFO    : Written checkpoint file results/7/None_resume.pickle
16:54 bilby WARNING : Too many bins for data range. Cannot create 500 finite-sized bins.
16:54 bilby WARNING : Failed to create dynesty state plot at checkpoint
/scratch/pratyusava.baral/Modified_Dispersion/src/dispersion/lib/python3.11/site-packages/dynesty/plotting.py:252: RuntimeWarning: overflow encountered in exp
  np.exp(logwt), logz if logplot else np.exp(logz)
/scratch/pratyusava.baral/Modified_Dispersion/src/dispersion/lib/python3.11/site-packages/dynesty/plotting.py:282: RuntimeWarning: overflow encountered in exp
  zspan = (0., 1.05 * np.exp(logz[-1] + 3. * logzerr[-1]))
16:54 bilby WARNING : Axis limits cannot be NaN or Inf
16:54 bilby WARNING : Failed to create dynesty run plot at checkpoint
17:04 bilby INFO    : Written checkpoint file results/7/None_resume.pickle
17:04 bilby WARNING : Too many bins for data range. Cannot create 500 finite-sized bins.
17:04 bilby WARNING : Failed to create dynesty state plot at checkpoint
/scratch/pratyusava.baral/Modified_Dispersion/src/dispersion/lib/python3.11/site-packages/dynesty/plotting.py:252: RuntimeWarning: overflow encountered in exp
  np.exp(logwt), logz if logplot else np.exp(logz)
/scratch/pratyusava.baral/Modified_Dispersion/src/dispersion/lib/python3.11/site-packages/dynesty/plotting.py:282: RuntimeWarning: overflow encountered in exp
  zspan = (0., 1.05 * np.exp(logz[-1] + 3. * logzerr[-1]))
17:04 bilby WARNING : Axis limits cannot be NaN or Inf
17:04 bilby WARNING : Failed to create dynesty run plot at checkpoint
17:14 bilby INFO    : Written checkpoint file results/7/None_resume.pickle
17:14 bilby WARNING : Too many bins for data range. Cannot create 500 finite-sized bins.
17:14 bilby WARNING : Failed to create dynesty state plot at checkpoint
/scratch/pratyusava.baral/Modified_Dispersion/src/dispersion/lib/python3.11/site-packages/dynesty/plotting.py:252: RuntimeWarning: overflow encountered in exp
  np.exp(logwt), logz if logplot else np.exp(logz)
/scratch/pratyusava.baral/Modified_Dispersion/src/dispersion/lib/python3.11/site-packages/dynesty/plotting.py:282: RuntimeWarning: overflow encountered in exp
  zspan = (0., 1.05 * np.exp(logz[-1] + 3. * logzerr[-1]))
17:14 bilby WARNING : Axis limits cannot be NaN or Inf
17:14 bilby WARNING : Failed to create dynesty run plot at checkpoint
17:24 bilby INFO    : Written checkpoint file results/7/None_resume.pickle
17:24 bilby WARNING : Too many bins for data range. Cannot create 500 finite-sized bins.
17:24 bilby WARNING : Failed to create dynesty state plot at checkpoint
/scratch/pratyusava.baral/Modified_Dispersion/src/dispersion/lib/python3.11/site-packages/dynesty/plotting.py:252: RuntimeWarning: overflow encountered in exp
  np.exp(logwt), logz if logplot else np.exp(logz)
/scratch/pratyusava.baral/Modified_Dispersion/src/dispersion/lib/python3.11/site-packages/dynesty/plotting.py:282: RuntimeWarning: overflow encountered in exp
  zspan = (0., 1.05 * np.exp(logz[-1] + 3. * logzerr[-1]))
17:24 bilby WARNING : Axis limits cannot be NaN or Inf
17:24 bilby WARNING : Failed to create dynesty run plot at checkpoint
17:35 bilby INFO    : Written checkpoint file results/7/None_resume.pickle
17:35 bilby WARNING : Too many bins for data range. Cannot create 500 finite-sized bins.
17:35 bilby WARNING : Failed to create dynesty state plot at checkpoint
/scratch/pratyusava.baral/Modified_Dispersion/src/dispersion/lib/python3.11/site-packages/dynesty/plotting.py:252: RuntimeWarning: overflow encountered in exp
  np.exp(logwt), logz if logplot else np.exp(logz)
/scratch/pratyusava.baral/Modified_Dispersion/src/dispersion/lib/python3.11/site-packages/dynesty/plotting.py:282: RuntimeWarning: overflow encountered in exp
  zspan = (0., 1.05 * np.exp(logz[-1] + 3. * logzerr[-1]))
17:35 bilby WARNING : Axis limits cannot be NaN or Inf
17:35 bilby WARNING : Failed to create dynesty run plot at checkpoint
17:45 bilby INFO    : Written checkpoint file results/7/None_resume.pickle
17:45 bilby WARNING : Too many bins for data range. Cannot create 500 finite-sized bins.
17:45 bilby WARNING : Failed to create dynesty state plot at checkpoint
/scratch/pratyusava.baral/Modified_Dispersion/src/dispersion/lib/python3.11/site-packages/dynesty/plotting.py:252: RuntimeWarning: overflow encountered in exp
  np.exp(logwt), logz if logplot else np.exp(logz)
/scratch/pratyusava.baral/Modified_Dispersion/src/dispersion/lib/python3.11/site-packages/dynesty/plotting.py:282: RuntimeWarning: overflow encountered in exp
  zspan = (0., 1.05 * np.exp(logz[-1] + 3. * logzerr[-1]))
17:45 bilby WARNING : Axis limits cannot be NaN or Inf
17:45 bilby WARNING : Failed to create dynesty run plot at checkpoint
17:55 bilby INFO    : Written checkpoint file results/7/None_resume.pickle
17:55 bilby WARNING : Too many bins for data range. Cannot create 500 finite-sized bins.
17:55 bilby WARNING : Failed to create dynesty state plot at checkpoint
/scratch/pratyusava.baral/Modified_Dispersion/src/dispersion/lib/python3.11/site-packages/dynesty/plotting.py:252: RuntimeWarning: overflow encountered in exp
  np.exp(logwt), logz if logplot else np.exp(logz)
/scratch/pratyusava.baral/Modified_Dispersion/src/dispersion/lib/python3.11/site-packages/dynesty/plotting.py:282: RuntimeWarning: overflow encountered in exp
  zspan = (0., 1.05 * np.exp(logz[-1] + 3. * logzerr[-1]))
17:56 bilby WARNING : Axis limits cannot be NaN or Inf
17:56 bilby WARNING : Failed to create dynesty run plot at checkpoint
18:06 bilby INFO    : Written checkpoint file results/7/None_resume.pickle
18:06 bilby WARNING : Too many bins for data range. Cannot create 500 finite-sized bins.
18:06 bilby WARNING : Failed to create dynesty state plot at checkpoint
/scratch/pratyusava.baral/Modified_Dispersion/src/dispersion/lib/python3.11/site-packages/dynesty/plotting.py:252: RuntimeWarning: overflow encountered in exp
  np.exp(logwt), logz if logplot else np.exp(logz)
/scratch/pratyusava.baral/Modified_Dispersion/src/dispersion/lib/python3.11/site-packages/dynesty/plotting.py:282: RuntimeWarning: overflow encountered in exp
  zspan = (0., 1.05 * np.exp(logz[-1] + 3. * logzerr[-1]))
18:06 bilby WARNING : Axis limits cannot be NaN or Inf
18:06 bilby WARNING : Failed to create dynesty run plot at checkpoint
18:16 bilby INFO    : Written checkpoint file results/7/None_resume.pickle
18:16 bilby WARNING : Too many bins for data range. Cannot create 500 finite-sized bins.
18:16 bilby WARNING : Failed to create dynesty state plot at checkpoint
/scratch/pratyusava.baral/Modified_Dispersion/src/dispersion/lib/python3.11/site-packages/dynesty/plotting.py:252: RuntimeWarning: overflow encountered in exp
  np.exp(logwt), logz if logplot else np.exp(logz)
/scratch/pratyusava.baral/Modified_Dispersion/src/dispersion/lib/python3.11/site-packages/dynesty/plotting.py:282: RuntimeWarning: overflow encountered in exp
  zspan = (0., 1.05 * np.exp(logz[-1] + 3. * logzerr[-1]))
18:16 bilby WARNING : Axis limits cannot be NaN or Inf
18:16 bilby WARNING : Failed to create dynesty run plot at checkpoint
18:27 bilby INFO    : Written checkpoint file results/7/None_resume.pickle
18:27 bilby WARNING : Too many bins for data range. Cannot create 500 finite-sized bins.
18:27 bilby WARNING : Failed to create dynesty state plot at checkpoint
/scratch/pratyusava.baral/Modified_Dispersion/src/dispersion/lib/python3.11/site-packages/dynesty/plotting.py:252: RuntimeWarning: overflow encountered in exp
  np.exp(logwt), logz if logplot else np.exp(logz)
/scratch/pratyusava.baral/Modified_Dispersion/src/dispersion/lib/python3.11/site-packages/dynesty/plotting.py:282: RuntimeWarning: overflow encountered in exp
  zspan = (0., 1.05 * np.exp(logz[-1] + 3. * logzerr[-1]))
18:27 bilby WARNING : Axis limits cannot be NaN or Inf
18:27 bilby WARNING : Failed to create dynesty run plot at checkpoint
18:37 bilby INFO    : Written checkpoint file results/7/None_resume.pickle
18:37 bilby WARNING : Too many bins for data range. Cannot create 500 finite-sized bins.
18:37 bilby WARNING : Failed to create dynesty state plot at checkpoint
/scratch/pratyusava.baral/Modified_Dispersion/src/dispersion/lib/python3.11/site-packages/dynesty/plotting.py:252: RuntimeWarning: overflow encountered in exp
  np.exp(logwt), logz if logplot else np.exp(logz)
/scratch/pratyusava.baral/Modified_Dispersion/src/dispersion/lib/python3.11/site-packages/dynesty/plotting.py:282: RuntimeWarning: overflow encountered in exp
  zspan = (0., 1.05 * np.exp(logz[-1] + 3. * logzerr[-1]))
18:37 bilby WARNING : Axis limits cannot be NaN or Inf
18:37 bilby WARNING : Failed to create dynesty run plot at checkpoint
18:48 bilby INFO    : Written checkpoint file results/7/None_resume.pickle
18:48 bilby WARNING : Too many bins for data range. Cannot create 500 finite-sized bins.
18:48 bilby WARNING : Failed to create dynesty state plot at checkpoint
/scratch/pratyusava.baral/Modified_Dispersion/src/dispersion/lib/python3.11/site-packages/dynesty/plotting.py:252: RuntimeWarning: overflow encountered in exp
  np.exp(logwt), logz if logplot else np.exp(logz)
/scratch/pratyusava.baral/Modified_Dispersion/src/dispersion/lib/python3.11/site-packages/dynesty/plotting.py:282: RuntimeWarning: overflow encountered in exp
  zspan = (0., 1.05 * np.exp(logz[-1] + 3. * logzerr[-1]))
18:48 bilby WARNING : Axis limits cannot be NaN or Inf
18:48 bilby WARNING : Failed to create dynesty run plot at checkpoint
18:58 bilby INFO    : Written checkpoint file results/7/None_resume.pickle
18:58 bilby WARNING : Too many bins for data range. Cannot create 500 finite-sized bins.
18:58 bilby WARNING : Failed to create dynesty state plot at checkpoint
/scratch/pratyusava.baral/Modified_Dispersion/src/dispersion/lib/python3.11/site-packages/dynesty/plotting.py:252: RuntimeWarning: overflow encountered in exp
  np.exp(logwt), logz if logplot else np.exp(logz)
/scratch/pratyusava.baral/Modified_Dispersion/src/dispersion/lib/python3.11/site-packages/dynesty/plotting.py:282: RuntimeWarning: overflow encountered in exp
  zspan = (0., 1.05 * np.exp(logz[-1] + 3. * logzerr[-1]))
18:58 bilby WARNING : Axis limits cannot be NaN or Inf
18:58 bilby WARNING : Failed to create dynesty run plot at checkpoint
19:08 bilby INFO    : Written checkpoint file results/7/None_resume.pickle
19:08 bilby WARNING : Too many bins for data range. Cannot create 500 finite-sized bins.
19:08 bilby WARNING : Failed to create dynesty state plot at checkpoint
/scratch/pratyusava.baral/Modified_Dispersion/src/dispersion/lib/python3.11/site-packages/dynesty/plotting.py:252: RuntimeWarning: overflow encountered in exp
  np.exp(logwt), logz if logplot else np.exp(logz)
/scratch/pratyusava.baral/Modified_Dispersion/src/dispersion/lib/python3.11/site-packages/dynesty/plotting.py:282: RuntimeWarning: overflow encountered in exp
  zspan = (0., 1.05 * np.exp(logz[-1] + 3. * logzerr[-1]))
19:08 bilby WARNING : Axis limits cannot be NaN or Inf
19:08 bilby WARNING : Failed to create dynesty run plot at checkpoint
19:19 bilby INFO    : Written checkpoint file results/7/None_resume.pickle
19:19 bilby WARNING : Too many bins for data range. Cannot create 500 finite-sized bins.
19:19 bilby WARNING : Failed to create dynesty state plot at checkpoint
/scratch/pratyusava.baral/Modified_Dispersion/src/dispersion/lib/python3.11/site-packages/dynesty/plotting.py:252: RuntimeWarning: overflow encountered in exp
  np.exp(logwt), logz if logplot else np.exp(logz)
/scratch/pratyusava.baral/Modified_Dispersion/src/dispersion/lib/python3.11/site-packages/dynesty/plotting.py:282: RuntimeWarning: overflow encountered in exp
  zspan = (0., 1.05 * np.exp(logz[-1] + 3. * logzerr[-1]))
19:19 bilby WARNING : Axis limits cannot be NaN or Inf
19:19 bilby WARNING : Failed to create dynesty run plot at checkpoint
19:29 bilby INFO    : Written checkpoint file results/7/None_resume.pickle
19:29 bilby WARNING : Too many bins for data range. Cannot create 500 finite-sized bins.
19:29 bilby WARNING : Failed to create dynesty state plot at checkpoint
/scratch/pratyusava.baral/Modified_Dispersion/src/dispersion/lib/python3.11/site-packages/dynesty/plotting.py:252: RuntimeWarning: overflow encountered in exp
  np.exp(logwt), logz if logplot else np.exp(logz)
/scratch/pratyusava.baral/Modified_Dispersion/src/dispersion/lib/python3.11/site-packages/dynesty/plotting.py:282: RuntimeWarning: overflow encountered in exp
  zspan = (0., 1.05 * np.exp(logz[-1] + 3. * logzerr[-1]))
19:29 bilby WARNING : Axis limits cannot be NaN or Inf
19:29 bilby WARNING : Failed to create dynesty run plot at checkpoint
19:39 bilby INFO    : Written checkpoint file results/7/None_resume.pickle
19:39 bilby WARNING : Too many bins for data range. Cannot create 500 finite-sized bins.
19:39 bilby WARNING : Failed to create dynesty state plot at checkpoint
/scratch/pratyusava.baral/Modified_Dispersion/src/dispersion/lib/python3.11/site-packages/dynesty/plotting.py:252: RuntimeWarning: overflow encountered in exp
  np.exp(logwt), logz if logplot else np.exp(logz)
/scratch/pratyusava.baral/Modified_Dispersion/src/dispersion/lib/python3.11/site-packages/dynesty/plotting.py:282: RuntimeWarning: overflow encountered in exp
  zspan = (0., 1.05 * np.exp(logz[-1] + 3. * logzerr[-1]))
19:39 bilby WARNING : Axis limits cannot be NaN or Inf
19:39 bilby WARNING : Failed to create dynesty run plot at checkpoint
19:49 bilby INFO    : Written checkpoint file results/7/None_resume.pickle
19:49 bilby WARNING : Too many bins for data range. Cannot create 500 finite-sized bins.
19:49 bilby WARNING : Failed to create dynesty state plot at checkpoint
/scratch/pratyusava.baral/Modified_Dispersion/src/dispersion/lib/python3.11/site-packages/dynesty/plotting.py:252: RuntimeWarning: overflow encountered in exp
  np.exp(logwt), logz if logplot else np.exp(logz)
/scratch/pratyusava.baral/Modified_Dispersion/src/dispersion/lib/python3.11/site-packages/dynesty/plotting.py:282: RuntimeWarning: overflow encountered in exp
  zspan = (0., 1.05 * np.exp(logz[-1] + 3. * logzerr[-1]))
19:49 bilby WARNING : Axis limits cannot be NaN or Inf
19:49 bilby WARNING : Failed to create dynesty run plot at checkpoint
19:59 bilby INFO    : Written checkpoint file results/7/None_resume.pickle
20:00 bilby WARNING : Too many bins for data range. Cannot create 500 finite-sized bins.
20:00 bilby WARNING : Failed to create dynesty state plot at checkpoint
/scratch/pratyusava.baral/Modified_Dispersion/src/dispersion/lib/python3.11/site-packages/dynesty/plotting.py:252: RuntimeWarning: overflow encountered in exp
  np.exp(logwt), logz if logplot else np.exp(logz)
/scratch/pratyusava.baral/Modified_Dispersion/src/dispersion/lib/python3.11/site-packages/dynesty/plotting.py:282: RuntimeWarning: overflow encountered in exp
  zspan = (0., 1.05 * np.exp(logz[-1] + 3. * logzerr[-1]))
20:00 bilby WARNING : Axis limits cannot be NaN or Inf
20:00 bilby WARNING : Failed to create dynesty run plot at checkpoint
20:10 bilby INFO    : Written checkpoint file results/7/None_resume.pickle
20:10 bilby WARNING : Too many bins for data range. Cannot create 500 finite-sized bins.
20:10 bilby WARNING : Failed to create dynesty state plot at checkpoint
/scratch/pratyusava.baral/Modified_Dispersion/src/dispersion/lib/python3.11/site-packages/dynesty/plotting.py:252: RuntimeWarning: overflow encountered in exp
  np.exp(logwt), logz if logplot else np.exp(logz)
/scratch/pratyusava.baral/Modified_Dispersion/src/dispersion/lib/python3.11/site-packages/dynesty/plotting.py:282: RuntimeWarning: overflow encountered in exp
  zspan = (0., 1.05 * np.exp(logz[-1] + 3. * logzerr[-1]))
20:10 bilby WARNING : Axis limits cannot be NaN or Inf
20:10 bilby WARNING : Failed to create dynesty run plot at checkpoint
20:21 bilby INFO    : Written checkpoint file results/7/None_resume.pickle
20:21 bilby WARNING : Too many bins for data range. Cannot create 500 finite-sized bins.
20:21 bilby WARNING : Failed to create dynesty state plot at checkpoint
/scratch/pratyusava.baral/Modified_Dispersion/src/dispersion/lib/python3.11/site-packages/dynesty/plotting.py:252: RuntimeWarning: overflow encountered in exp
  np.exp(logwt), logz if logplot else np.exp(logz)
/scratch/pratyusava.baral/Modified_Dispersion/src/dispersion/lib/python3.11/site-packages/dynesty/plotting.py:282: RuntimeWarning: overflow encountered in exp
  zspan = (0., 1.05 * np.exp(logz[-1] + 3. * logzerr[-1]))
20:21 bilby WARNING : Axis limits cannot be NaN or Inf
20:21 bilby WARNING : Failed to create dynesty run plot at checkpoint
20:31 bilby INFO    : Written checkpoint file results/7/None_resume.pickle
20:31 bilby WARNING : Too many bins for data range. Cannot create 500 finite-sized bins.
20:31 bilby WARNING : Failed to create dynesty state plot at checkpoint
/scratch/pratyusava.baral/Modified_Dispersion/src/dispersion/lib/python3.11/site-packages/dynesty/plotting.py:252: RuntimeWarning: overflow encountered in exp
  np.exp(logwt), logz if logplot else np.exp(logz)
/scratch/pratyusava.baral/Modified_Dispersion/src/dispersion/lib/python3.11/site-packages/dynesty/plotting.py:282: RuntimeWarning: overflow encountered in exp
  zspan = (0., 1.05 * np.exp(logz[-1] + 3. * logzerr[-1]))
20:31 bilby WARNING : Axis limits cannot be NaN or Inf
20:31 bilby WARNING : Failed to create dynesty run plot at checkpoint
20:41 bilby INFO    : Written checkpoint file results/7/None_resume.pickle
20:41 bilby WARNING : Too many bins for data range. Cannot create 500 finite-sized bins.
20:41 bilby WARNING : Failed to create dynesty state plot at checkpoint
/scratch/pratyusava.baral/Modified_Dispersion/src/dispersion/lib/python3.11/site-packages/dynesty/plotting.py:252: RuntimeWarning: overflow encountered in exp
  np.exp(logwt), logz if logplot else np.exp(logz)
/scratch/pratyusava.baral/Modified_Dispersion/src/dispersion/lib/python3.11/site-packages/dynesty/plotting.py:282: RuntimeWarning: overflow encountered in exp
  zspan = (0., 1.05 * np.exp(logz[-1] + 3. * logzerr[-1]))
20:41 bilby WARNING : Axis limits cannot be NaN or Inf
20:41 bilby WARNING : Failed to create dynesty run plot at checkpoint
20:52 bilby INFO    : Written checkpoint file results/7/None_resume.pickle
20:52 bilby WARNING : Too many bins for data range. Cannot create 500 finite-sized bins.
20:52 bilby WARNING : Failed to create dynesty state plot at checkpoint
/scratch/pratyusava.baral/Modified_Dispersion/src/dispersion/lib/python3.11/site-packages/dynesty/plotting.py:252: RuntimeWarning: overflow encountered in exp
  np.exp(logwt), logz if logplot else np.exp(logz)
/scratch/pratyusava.baral/Modified_Dispersion/src/dispersion/lib/python3.11/site-packages/dynesty/plotting.py:282: RuntimeWarning: overflow encountered in exp
  zspan = (0., 1.05 * np.exp(logz[-1] + 3. * logzerr[-1]))
20:52 bilby WARNING : Axis limits cannot be NaN or Inf
20:52 bilby WARNING : Failed to create dynesty run plot at checkpoint
21:02 bilby INFO    : Written checkpoint file results/7/None_resume.pickle
21:02 bilby WARNING : Too many bins for data range. Cannot create 500 finite-sized bins.
21:02 bilby WARNING : Failed to create dynesty state plot at checkpoint
/scratch/pratyusava.baral/Modified_Dispersion/src/dispersion/lib/python3.11/site-packages/dynesty/plotting.py:252: RuntimeWarning: overflow encountered in exp
  np.exp(logwt), logz if logplot else np.exp(logz)
/scratch/pratyusava.baral/Modified_Dispersion/src/dispersion/lib/python3.11/site-packages/dynesty/plotting.py:282: RuntimeWarning: overflow encountered in exp
  zspan = (0., 1.05 * np.exp(logz[-1] + 3. * logzerr[-1]))
21:02 bilby WARNING : Axis limits cannot be NaN or Inf
21:02 bilby WARNING : Failed to create dynesty run plot at checkpoint
21:12 bilby INFO    : Written checkpoint file results/7/None_resume.pickle
21:12 bilby WARNING : Too many bins for data range. Cannot create 500 finite-sized bins.
21:12 bilby WARNING : Failed to create dynesty state plot at checkpoint
/scratch/pratyusava.baral/Modified_Dispersion/src/dispersion/lib/python3.11/site-packages/dynesty/plotting.py:252: RuntimeWarning: overflow encountered in exp
  np.exp(logwt), logz if logplot else np.exp(logz)
/scratch/pratyusava.baral/Modified_Dispersion/src/dispersion/lib/python3.11/site-packages/dynesty/plotting.py:282: RuntimeWarning: overflow encountered in exp
  zspan = (0., 1.05 * np.exp(logz[-1] + 3. * logzerr[-1]))
21:12 bilby WARNING : Axis limits cannot be NaN or Inf
21:12 bilby WARNING : Failed to create dynesty run plot at checkpoint
21:23 bilby INFO    : Written checkpoint file results/7/None_resume.pickle
21:23 bilby WARNING : Too many bins for data range. Cannot create 500 finite-sized bins.
21:23 bilby WARNING : Failed to create dynesty state plot at checkpoint
/scratch/pratyusava.baral/Modified_Dispersion/src/dispersion/lib/python3.11/site-packages/dynesty/plotting.py:252: RuntimeWarning: overflow encountered in exp
  np.exp(logwt), logz if logplot else np.exp(logz)
/scratch/pratyusava.baral/Modified_Dispersion/src/dispersion/lib/python3.11/site-packages/dynesty/plotting.py:282: RuntimeWarning: overflow encountered in exp
  zspan = (0., 1.05 * np.exp(logz[-1] + 3. * logzerr[-1]))
21:23 bilby WARNING : Axis limits cannot be NaN or Inf
21:23 bilby WARNING : Failed to create dynesty run plot at checkpoint
21:33 bilby INFO    : Written checkpoint file results/7/None_resume.pickle
21:33 bilby WARNING : Too many bins for data range. Cannot create 500 finite-sized bins.
21:33 bilby WARNING : Failed to create dynesty state plot at checkpoint
/scratch/pratyusava.baral/Modified_Dispersion/src/dispersion/lib/python3.11/site-packages/dynesty/plotting.py:252: RuntimeWarning: overflow encountered in exp
  np.exp(logwt), logz if logplot else np.exp(logz)
/scratch/pratyusava.baral/Modified_Dispersion/src/dispersion/lib/python3.11/site-packages/dynesty/plotting.py:282: RuntimeWarning: overflow encountered in exp
  zspan = (0., 1.05 * np.exp(logz[-1] + 3. * logzerr[-1]))
21:33 bilby WARNING : Axis limits cannot be NaN or Inf
21:33 bilby WARNING : Failed to create dynesty run plot at checkpoint
21:43 bilby INFO    : Written checkpoint file results/7/None_resume.pickle
21:43 bilby WARNING : Too many bins for data range. Cannot create 500 finite-sized bins.
21:43 bilby WARNING : Failed to create dynesty state plot at checkpoint
/scratch/pratyusava.baral/Modified_Dispersion/src/dispersion/lib/python3.11/site-packages/dynesty/plotting.py:252: RuntimeWarning: overflow encountered in exp
  np.exp(logwt), logz if logplot else np.exp(logz)
/scratch/pratyusava.baral/Modified_Dispersion/src/dispersion/lib/python3.11/site-packages/dynesty/plotting.py:282: RuntimeWarning: overflow encountered in exp
  zspan = (0., 1.05 * np.exp(logz[-1] + 3. * logzerr[-1]))
21:43 bilby WARNING : Axis limits cannot be NaN or Inf
21:43 bilby WARNING : Failed to create dynesty run plot at checkpoint
21:54 bilby INFO    : Written checkpoint file results/7/None_resume.pickle
21:54 bilby WARNING : Too many bins for data range. Cannot create 500 finite-sized bins.
21:54 bilby WARNING : Failed to create dynesty state plot at checkpoint
/scratch/pratyusava.baral/Modified_Dispersion/src/dispersion/lib/python3.11/site-packages/dynesty/plotting.py:252: RuntimeWarning: overflow encountered in exp
  np.exp(logwt), logz if logplot else np.exp(logz)
/scratch/pratyusava.baral/Modified_Dispersion/src/dispersion/lib/python3.11/site-packages/dynesty/plotting.py:282: RuntimeWarning: overflow encountered in exp
  zspan = (0., 1.05 * np.exp(logz[-1] + 3. * logzerr[-1]))
21:54 bilby WARNING : Axis limits cannot be NaN or Inf
21:54 bilby WARNING : Failed to create dynesty run plot at checkpoint
22:04 bilby INFO    : Written checkpoint file results/7/None_resume.pickle
22:04 bilby WARNING : Too many bins for data range. Cannot create 500 finite-sized bins.
22:04 bilby WARNING : Failed to create dynesty state plot at checkpoint
/scratch/pratyusava.baral/Modified_Dispersion/src/dispersion/lib/python3.11/site-packages/dynesty/plotting.py:252: RuntimeWarning: overflow encountered in exp
  np.exp(logwt), logz if logplot else np.exp(logz)
/scratch/pratyusava.baral/Modified_Dispersion/src/dispersion/lib/python3.11/site-packages/dynesty/plotting.py:282: RuntimeWarning: overflow encountered in exp
  zspan = (0., 1.05 * np.exp(logz[-1] + 3. * logzerr[-1]))
22:04 bilby WARNING : Axis limits cannot be NaN or Inf
22:04 bilby WARNING : Failed to create dynesty run plot at checkpoint
22:08 bilby INFO    : Written checkpoint file results/7/None_resume.pickle
22:08 bilby WARNING : Too many bins for data range. Cannot create 500 finite-sized bins.
22:08 bilby WARNING : Failed to create dynesty state plot at checkpoint
/scratch/pratyusava.baral/Modified_Dispersion/src/dispersion/lib/python3.11/site-packages/dynesty/plotting.py:252: RuntimeWarning: overflow encountered in exp
  np.exp(logwt), logz if logplot else np.exp(logz)
/scratch/pratyusava.baral/Modified_Dispersion/src/dispersion/lib/python3.11/site-packages/dynesty/plotting.py:282: RuntimeWarning: overflow encountered in exp
  zspan = (0., 1.05 * np.exp(logz[-1] + 3. * logzerr[-1]))
22:08 bilby WARNING : Axis limits cannot be NaN or Inf
22:08 bilby WARNING : Failed to create dynesty run plot at checkpoint
22:08 bilby INFO    : Starting to close worker pool.
22:08 bilby INFO    : Finished closing worker pool.
22:08 bilby INFO    : Rejection sampling nested samples to obtain 2880 posterior samples
22:08 bilby INFO    : Sampling time: 3 days, 11:02:38.685774
22:08 bilby INFO    : Summary of results:
nsamples: 2880
ln_noise_evidence: -346309.316
ln_evidence: -55.508 +/-  0.323
ln_bayes_factor: 346253.807 +/-  0.323

