000 (78852668.071.000) 2026-10-01 10:44:08 Job submitted from host: <10.14.0.121:9618?addrs=10.14.0.121-9618&alias=ldas-pcdev12.ligo.caltech.edu&noUDP&sock=schedd_623140_c9b4>
...
001 (78852668.071.000) 2026-10-01 10:48:02 Job executing on host: <10.14.10.62:9618?addrs=10.14.10.62-9618&alias=node2312.cluster.ldas.cit&noUDP&sock=startd_2782857_032a>
	SlotName: slot1_2@node2312.cluster.ldas.cit
	CondorScratchDir = "/var/lib/condor/execute/dir_68970/scratch"
	Cpus = 4
	Disk = 28672
	GPUs = 0
	Memory = 15104
...
006 (78852668.071.000) 2026-10-01 10:48:02 Image size of job updated: 25000
	0  -  MemoryUsage of job (MB)
	0  -  ResidentSetSize of job (KB)
...
005 (78852668.071.000) 2026-10-01 10:48:02 Job terminated.
	(1) Normal termination (return value 1)
		Usr 0 00:00:00, Sys 0 00:00:00  -  Run Remote Usage
		Usr 0 00:00:00, Sys 0 00:00:00  -  Run Local Usage
		Usr 0 00:00:00, Sys 0 00:00:00  -  Total Remote Usage
		Usr 0 00:00:00, Sys 0 00:00:00  -  Total Local Usage
	0  -  Run Bytes Sent By Job
	0  -  Run Bytes Received By Job
	0  -  Total Bytes Sent By Job
	0  -  Total Bytes Received By Job
	Partitionable Resources :    Usage  Request Allocated 
	   Cpus                 :                 4         4 
	   Disk (KB)            :    25000    25000     28672 
	   GPUs                 :                           0 
	   Memory (MB)          :        0    15000     15104 
	   TimeExecute (s)      :        0                    
	   TimeSlotBusy (s)     :        0                    
...
000 (78854871.071.000) 2026-10-03 17:15:42 Job submitted from host: <10.14.0.121:9618?addrs=10.14.0.121-9618&alias=ldas-pcdev12.ligo.caltech.edu&noUDP&sock=schedd_623140_c9b4>
...
001 (78854871.071.000) 2026-10-03 17:16:40 Job executing on host: <10.14.10.102:9618?addrs=10.14.10.102-9618&alias=node2352.cluster.ldas.cit&noUDP&sock=startd_40614_6783>
	SlotName: slot1_14@node2352.cluster.ldas.cit
	CondorScratchDir = "/var/lib/condor/execute/dir_2647705/scratch"
	Cpus = 4
	Disk = 28672
	GPUs = 0
	Memory = 15104
...
006 (78854871.071.000) 2026-10-03 17:16:41 Image size of job updated: 25000
	0  -  MemoryUsage of job (MB)
	0  -  ResidentSetSize of job (KB)
...
005 (78854871.071.000) 2026-10-03 17:16:41 Job terminated.
	(1) Normal termination (return value 1)
		Usr 0 00:00:00, Sys 0 00:00:00  -  Run Remote Usage
		Usr 0 00:00:00, Sys 0 00:00:00  -  Run Local Usage
		Usr 0 00:00:00, Sys 0 00:00:00  -  Total Remote Usage
		Usr 0 00:00:00, Sys 0 00:00:00  -  Total Local Usage
	0  -  Run Bytes Sent By Job
	0  -  Run Bytes Received By Job
	0  -  Total Bytes Sent By Job
	0  -  Total Bytes Received By Job
	Partitionable Resources :    Usage  Request Allocated 
	   Cpus                 :                 4         4 
	   Disk (KB)            :    25000    25000     28672 
	   GPUs                 :                           0 
	   Memory (MB)          :        0    15000     15104 
	   TimeExecute (s)      :        1                    
	   TimeSlotBusy (s)     :        1                    
...
000 (78854907.071.000) 2026-10-03 21:37:08 Job submitted from host: <10.14.0.121:9618?addrs=10.14.0.121-9618&alias=ldas-pcdev12.ligo.caltech.edu&noUDP&sock=schedd_623140_c9b4>
...
001 (78854907.071.000) 2026-10-03 21:38:42 Job executing on host: <10.14.7.1:9618?addrs=10.14.7.1-9618&alias=node1501.cluster.ldas.cit&noUDP&sock=startd_30755_f34c>
	SlotName: slot1_2@node1501.cluster.ldas.cit
	CondorScratchDir = "/var/lib/condor/execute/dir_524775/scratch"
	Cpus = 4
	Disk = 28672
	GPUs = 0
	Memory = 15104
...
006 (78854907.071.000) 2026-10-03 21:38:50 Image size of job updated: 182880
	179  -  MemoryUsage of job (MB)
	182880  -  ResidentSetSize of job (KB)
...
006 (78854907.071.000) 2026-10-03 21:43:50 Image size of job updated: 253840
	248  -  MemoryUsage of job (MB)
	253840  -  ResidentSetSize of job (KB)
...
006 (78854907.071.000) 2026-10-03 21:48:51 Image size of job updated: 254496
	249  -  MemoryUsage of job (MB)
	254496  -  ResidentSetSize of job (KB)
...
006 (78854907.071.000) 2026-10-03 21:53:52 Image size of job updated: 365140
	357  -  MemoryUsage of job (MB)
	365140  -  ResidentSetSize of job (KB)
...
006 (78854907.071.000) 2026-10-03 21:58:52 Image size of job updated: 385536
	377  -  MemoryUsage of job (MB)
	385536  -  ResidentSetSize of job (KB)
...
006 (78854907.071.000) 2026-10-03 22:03:53 Image size of job updated: 410996
	402  -  MemoryUsage of job (MB)
	410996  -  ResidentSetSize of job (KB)
...
006 (78854907.071.000) 2026-10-03 22:08:54 Image size of job updated: 411028
	402  -  MemoryUsage of job (MB)
	411028  -  ResidentSetSize of job (KB)
...
006 (78854907.071.000) 2026-10-03 22:13:54 Image size of job updated: 416280
	407  -  MemoryUsage of job (MB)
	416280  -  ResidentSetSize of job (KB)
...
006 (78854907.071.000) 2026-10-03 22:18:55 Image size of job updated: 416292
	407  -  MemoryUsage of job (MB)
	416292  -  ResidentSetSize of job (KB)
...
006 (78854907.071.000) 2026-10-03 22:23:56 Image size of job updated: 429712
	420  -  MemoryUsage of job (MB)
	429712  -  ResidentSetSize of job (KB)
...
006 (78854907.071.000) 2026-10-03 22:28:56 Image size of job updated: 429788
	420  -  MemoryUsage of job (MB)
	429788  -  ResidentSetSize of job (KB)
...
006 (78854907.071.000) 2026-10-03 22:33:56 Image size of job updated: 429792
	420  -  MemoryUsage of job (MB)
	429788  -  ResidentSetSize of job (KB)
...
006 (78854907.071.000) 2026-10-03 22:43:57 Image size of job updated: 433632
	424  -  MemoryUsage of job (MB)
	433632  -  ResidentSetSize of job (KB)
...
006 (78854907.071.000) 2026-10-03 22:48:57 Image size of job updated: 433640
	424  -  MemoryUsage of job (MB)
	433640  -  ResidentSetSize of job (KB)
...
006 (78854907.071.000) 2026-10-03 22:53:58 Image size of job updated: 433648
	424  -  MemoryUsage of job (MB)
	433640  -  ResidentSetSize of job (KB)
...
006 (78854907.071.000) 2026-10-03 23:03:58 Image size of job updated: 434696
	424  -  MemoryUsage of job (MB)
	433680  -  ResidentSetSize of job (KB)
...
006 (78854907.071.000) 2026-10-03 23:09:00 Image size of job updated: 434696
	424  -  MemoryUsage of job (MB)
	433684  -  ResidentSetSize of job (KB)
...
006 (78854907.071.000) 2026-10-03 23:14:00 Image size of job updated: 434696
	424  -  MemoryUsage of job (MB)
	433688  -  ResidentSetSize of job (KB)
...
006 (78854907.071.000) 2026-10-03 23:19:00 Image size of job updated: 434696
	424  -  MemoryUsage of job (MB)
	433692  -  ResidentSetSize of job (KB)
...
006 (78854907.071.000) 2026-10-03 23:24:01 Image size of job updated: 434696
	424  -  MemoryUsage of job (MB)
	433756  -  ResidentSetSize of job (KB)
...
006 (78854907.071.000) 2026-10-03 23:29:02 Image size of job updated: 434696
	424  -  MemoryUsage of job (MB)
	433760  -  ResidentSetSize of job (KB)
...
006 (78854907.071.000) 2026-10-03 23:34:02 Image size of job updated: 451740
	442  -  MemoryUsage of job (MB)
	451740  -  ResidentSetSize of job (KB)
...
006 (78854907.071.000) 2026-10-03 23:39:03 Image size of job updated: 451796
	442  -  MemoryUsage of job (MB)
	451796  -  ResidentSetSize of job (KB)
...
006 (78854907.071.000) 2026-10-03 23:44:04 Image size of job updated: 452004
	442  -  MemoryUsage of job (MB)
	452004  -  ResidentSetSize of job (KB)
...
006 (78854907.071.000) 2026-10-03 23:49:04 Image size of job updated: 452008
	442  -  MemoryUsage of job (MB)
	452008  -  ResidentSetSize of job (KB)
...
006 (78854907.071.000) 2026-10-03 23:54:05 Image size of job updated: 455112
	445  -  MemoryUsage of job (MB)
	455112  -  ResidentSetSize of job (KB)
...
006 (78854907.071.000) 2026-10-03 23:59:06 Image size of job updated: 455496
	445  -  MemoryUsage of job (MB)
	455496  -  ResidentSetSize of job (KB)
...
006 (78854907.071.000) 2026-10-04 00:04:06 Image size of job updated: 456880
	447  -  MemoryUsage of job (MB)
	456880  -  ResidentSetSize of job (KB)
...
006 (78854907.071.000) 2026-10-04 00:09:07 Image size of job updated: 457052
	447  -  MemoryUsage of job (MB)
	457052  -  ResidentSetSize of job (KB)
...
006 (78854907.071.000) 2026-10-04 00:14:08 Image size of job updated: 461820
	451  -  MemoryUsage of job (MB)
	461820  -  ResidentSetSize of job (KB)
...
006 (78854907.071.000) 2026-10-04 00:19:08 Image size of job updated: 461824
	451  -  MemoryUsage of job (MB)
	461824  -  ResidentSetSize of job (KB)
...
006 (78854907.071.000) 2026-10-04 00:24:08 Image size of job updated: 461836
	451  -  MemoryUsage of job (MB)
	461824  -  ResidentSetSize of job (KB)
...
006 (78854907.071.000) 2026-10-04 00:59:11 Image size of job updated: 470904
	459  -  MemoryUsage of job (MB)
	469884  -  ResidentSetSize of job (KB)
...
006 (78854907.071.000) 2026-10-04 01:04:11 Image size of job updated: 470904
	459  -  MemoryUsage of job (MB)
	469888  -  ResidentSetSize of job (KB)
...
006 (78854907.071.000) 2026-10-04 01:14:12 Image size of job updated: 470904
	459  -  MemoryUsage of job (MB)
	469892  -  ResidentSetSize of job (KB)
...
006 (78854907.071.000) 2026-10-04 01:24:12 Image size of job updated: 470904
	460  -  MemoryUsage of job (MB)
	470064  -  ResidentSetSize of job (KB)
...
006 (78854907.071.000) 2026-10-04 01:34:13 Image size of job updated: 470904
	460  -  MemoryUsage of job (MB)
	470068  -  ResidentSetSize of job (KB)
...
006 (78854907.071.000) 2026-10-04 01:39:13 Image size of job updated: 480604
	470  -  MemoryUsage of job (MB)
	480604  -  ResidentSetSize of job (KB)
...
006 (78854907.071.000) 2026-10-04 01:49:15 Image size of job updated: 481660
	471  -  MemoryUsage of job (MB)
	481660  -  ResidentSetSize of job (KB)
...
006 (78854907.071.000) 2026-10-04 01:59:16 Image size of job updated: 481664
	471  -  MemoryUsage of job (MB)
	481664  -  ResidentSetSize of job (KB)
...
006 (78854907.071.000) 2026-10-04 02:04:17 Image size of job updated: 481668
	471  -  MemoryUsage of job (MB)
	481668  -  ResidentSetSize of job (KB)
...
006 (78854907.071.000) 2026-10-04 02:14:18 Image size of job updated: 481672
	471  -  MemoryUsage of job (MB)
	481672  -  ResidentSetSize of job (KB)
...
006 (78854907.071.000) 2026-10-04 02:19:18 Image size of job updated: 482868
	472  -  MemoryUsage of job (MB)
	482868  -  ResidentSetSize of job (KB)
...
006 (78854907.071.000) 2026-10-04 02:24:18 Image size of job updated: 482872
	472  -  MemoryUsage of job (MB)
	482872  -  ResidentSetSize of job (KB)
...
006 (78854907.071.000) 2026-10-04 02:29:19 Image size of job updated: 485772
	475  -  MemoryUsage of job (MB)
	485772  -  ResidentSetSize of job (KB)
...
006 (78854907.071.000) 2026-10-04 02:34:19 Image size of job updated: 485776
	475  -  MemoryUsage of job (MB)
	485776  -  ResidentSetSize of job (KB)
...
006 (78854907.071.000) 2026-10-04 02:39:19 Image size of job updated: 485780
	475  -  MemoryUsage of job (MB)
	485780  -  ResidentSetSize of job (KB)
...
006 (78854907.071.000) 2026-10-04 02:44:20 Image size of job updated: 485784
	475  -  MemoryUsage of job (MB)
	485784  -  ResidentSetSize of job (KB)
...
006 (78854907.071.000) 2026-10-04 02:49:20 Image size of job updated: 485792
	475  -  MemoryUsage of job (MB)
	485792  -  ResidentSetSize of job (KB)
...
006 (78854907.071.000) 2026-10-04 02:54:20 Image size of job updated: 485800
	475  -  MemoryUsage of job (MB)
	485800  -  ResidentSetSize of job (KB)
...
006 (78854907.071.000) 2026-10-04 02:59:21 Image size of job updated: 489396
	478  -  MemoryUsage of job (MB)
	489396  -  ResidentSetSize of job (KB)
...
006 (78854907.071.000) 2026-10-04 03:04:21 Image size of job updated: 489400
	478  -  MemoryUsage of job (MB)
	489400  -  ResidentSetSize of job (KB)
...
006 (78854907.071.000) 2026-10-04 03:09:21 Image size of job updated: 495548
	484  -  MemoryUsage of job (MB)
	495548  -  ResidentSetSize of job (KB)
...
006 (78854907.071.000) 2026-10-04 03:14:22 Image size of job updated: 495552
	484  -  MemoryUsage of job (MB)
	495552  -  ResidentSetSize of job (KB)
...
006 (78854907.071.000) 2026-10-04 03:19:22 Image size of job updated: 495556
	484  -  MemoryUsage of job (MB)
	495556  -  ResidentSetSize of job (KB)
...
006 (78854907.071.000) 2026-10-04 03:24:22 Image size of job updated: 495560
	484  -  MemoryUsage of job (MB)
	495560  -  ResidentSetSize of job (KB)
...
006 (78854907.071.000) 2026-10-04 03:29:23 Image size of job updated: 495584
	484  -  MemoryUsage of job (MB)
	495584  -  ResidentSetSize of job (KB)
...
006 (78854907.071.000) 2026-10-04 03:34:23 Image size of job updated: 495588
	484  -  MemoryUsage of job (MB)
	495588  -  ResidentSetSize of job (KB)
...
006 (78854907.071.000) 2026-10-04 03:39:23 Image size of job updated: 497644
	486  -  MemoryUsage of job (MB)
	497644  -  ResidentSetSize of job (KB)
...
006 (78854907.071.000) 2026-10-04 03:44:24 Image size of job updated: 497648
	486  -  MemoryUsage of job (MB)
	497648  -  ResidentSetSize of job (KB)
...
006 (78854907.071.000) 2026-10-04 03:49:25 Image size of job updated: 498676
	487  -  MemoryUsage of job (MB)
	498676  -  ResidentSetSize of job (KB)
...
006 (78854907.071.000) 2026-10-04 03:54:25 Image size of job updated: 498680
	487  -  MemoryUsage of job (MB)
	498680  -  ResidentSetSize of job (KB)
...
006 (78854907.071.000) 2026-10-04 03:59:26 Image size of job updated: 498736
	488  -  MemoryUsage of job (MB)
	498736  -  ResidentSetSize of job (KB)
...
006 (78854907.071.000) 2026-10-04 04:04:27 Image size of job updated: 498740
	488  -  MemoryUsage of job (MB)
	498740  -  ResidentSetSize of job (KB)
...
006 (78854907.071.000) 2026-10-04 04:09:27 Image size of job updated: 501372
	490  -  MemoryUsage of job (MB)
	501372  -  ResidentSetSize of job (KB)
...
006 (78854907.071.000) 2026-10-04 04:14:28 Image size of job updated: 501376
	490  -  MemoryUsage of job (MB)
	501376  -  ResidentSetSize of job (KB)
...
006 (78854907.071.000) 2026-10-04 04:19:29 Image size of job updated: 501776
	491  -  MemoryUsage of job (MB)
	501776  -  ResidentSetSize of job (KB)
...
006 (78854907.071.000) 2026-10-04 04:29:30 Image size of job updated: 502788
	491  -  MemoryUsage of job (MB)
	501780  -  ResidentSetSize of job (KB)
...
006 (78854907.071.000) 2026-10-04 04:34:31 Image size of job updated: 502788
	491  -  MemoryUsage of job (MB)
	501784  -  ResidentSetSize of job (KB)
...
006 (78854907.071.000) 2026-10-04 04:39:31 Image size of job updated: 502796
	492  -  MemoryUsage of job (MB)
	502796  -  ResidentSetSize of job (KB)
...
006 (78854907.071.000) 2026-10-04 04:44:31 Image size of job updated: 502800
	492  -  MemoryUsage of job (MB)
	502800  -  ResidentSetSize of job (KB)
...
006 (78854907.071.000) 2026-10-04 04:49:32 Image size of job updated: 503840
	493  -  MemoryUsage of job (MB)
	503840  -  ResidentSetSize of job (KB)
...
006 (78854907.071.000) 2026-10-04 04:54:32 Image size of job updated: 503844
	493  -  MemoryUsage of job (MB)
	503844  -  ResidentSetSize of job (KB)
...
006 (78854907.071.000) 2026-10-04 05:09:33 Image size of job updated: 503848
	493  -  MemoryUsage of job (MB)
	503848  -  ResidentSetSize of job (KB)
...
006 (78854907.071.000) 2026-10-04 05:14:33 Image size of job updated: 504856
	494  -  MemoryUsage of job (MB)
	504856  -  ResidentSetSize of job (KB)
...
006 (78854907.071.000) 2026-10-04 05:19:34 Image size of job updated: 504892
	494  -  MemoryUsage of job (MB)
	504892  -  ResidentSetSize of job (KB)
...
006 (78854907.071.000) 2026-10-04 05:24:34 Image size of job updated: 504896
	494  -  MemoryUsage of job (MB)
	504896  -  ResidentSetSize of job (KB)
...
006 (78854907.071.000) 2026-10-04 05:34:35 Image size of job updated: 505908
	495  -  MemoryUsage of job (MB)
	505908  -  ResidentSetSize of job (KB)
...
006 (78854907.071.000) 2026-10-04 05:44:35 Image size of job updated: 505912
	495  -  MemoryUsage of job (MB)
	505912  -  ResidentSetSize of job (KB)
...
006 (78854907.071.000) 2026-10-04 05:54:36 Image size of job updated: 506920
	496  -  MemoryUsage of job (MB)
	506920  -  ResidentSetSize of job (KB)
...
006 (78854907.071.000) 2026-10-04 05:59:36 Image size of job updated: 506924
	496  -  MemoryUsage of job (MB)
	506924  -  ResidentSetSize of job (KB)
...
006 (78854907.071.000) 2026-10-04 06:04:37 Image size of job updated: 507952
	497  -  MemoryUsage of job (MB)
	507952  -  ResidentSetSize of job (KB)
...
006 (78854907.071.000) 2026-10-04 06:09:37 Image size of job updated: 507956
	497  -  MemoryUsage of job (MB)
	507956  -  ResidentSetSize of job (KB)
...
006 (78854907.071.000) 2026-10-04 06:14:37 Image size of job updated: 509016
	498  -  MemoryUsage of job (MB)
	509016  -  ResidentSetSize of job (KB)
...
006 (78854907.071.000) 2026-10-04 06:24:38 Image size of job updated: 515148
	504  -  MemoryUsage of job (MB)
	515148  -  ResidentSetSize of job (KB)
...
006 (78854907.071.000) 2026-10-04 06:34:39 Image size of job updated: 515152
	504  -  MemoryUsage of job (MB)
	515152  -  ResidentSetSize of job (KB)
...
006 (78854907.071.000) 2026-10-04 06:44:39 Image size of job updated: 516164
	504  -  MemoryUsage of job (MB)
	515156  -  ResidentSetSize of job (KB)
...
006 (78854907.071.000) 2026-10-04 06:49:40 Image size of job updated: 516164
	504  -  MemoryUsage of job (MB)
	515160  -  ResidentSetSize of job (KB)
...
006 (78854907.071.000) 2026-10-04 06:59:40 Image size of job updated: 516164
	504  -  MemoryUsage of job (MB)
	515164  -  ResidentSetSize of job (KB)
...
006 (78854907.071.000) 2026-10-04 07:04:41 Image size of job updated: 516172
	505  -  MemoryUsage of job (MB)
	516172  -  ResidentSetSize of job (KB)
...
006 (78854907.071.000) 2026-10-04 07:09:41 Image size of job updated: 516176
	505  -  MemoryUsage of job (MB)
	516176  -  ResidentSetSize of job (KB)
...
006 (78854907.071.000) 2026-10-04 07:14:41 Image size of job updated: 517216
	506  -  MemoryUsage of job (MB)
	517216  -  ResidentSetSize of job (KB)
...
006 (78854907.071.000) 2026-10-04 07:19:42 Image size of job updated: 517220
	506  -  MemoryUsage of job (MB)
	517220  -  ResidentSetSize of job (KB)
...
006 (78854907.071.000) 2026-10-04 07:34:43 Image size of job updated: 519240
	508  -  MemoryUsage of job (MB)
	519240  -  ResidentSetSize of job (KB)
...
006 (78854907.071.000) 2026-10-04 07:39:43 Image size of job updated: 519272
	508  -  MemoryUsage of job (MB)
	519272  -  ResidentSetSize of job (KB)
...
006 (78854907.071.000) 2026-10-04 07:44:43 Image size of job updated: 519736
	508  -  MemoryUsage of job (MB)
	519736  -  ResidentSetSize of job (KB)
...
006 (78854907.071.000) 2026-10-04 07:54:45 Image size of job updated: 521756
	509  -  MemoryUsage of job (MB)
	520732  -  ResidentSetSize of job (KB)
...
006 (78854907.071.000) 2026-10-04 07:59:45 Image size of job updated: 521756
	509  -  MemoryUsage of job (MB)
	520736  -  ResidentSetSize of job (KB)
...
006 (78854907.071.000) 2026-10-04 08:09:47 Image size of job updated: 521824
	510  -  MemoryUsage of job (MB)
	521824  -  ResidentSetSize of job (KB)
...
006 (78854907.071.000) 2026-10-04 08:19:48 Image size of job updated: 521828
	510  -  MemoryUsage of job (MB)
	521828  -  ResidentSetSize of job (KB)
...
006 (78854907.071.000) 2026-10-04 08:29:49 Image size of job updated: 527032
	515  -  MemoryUsage of job (MB)
	527032  -  ResidentSetSize of job (KB)
...
006 (78854907.071.000) 2026-10-04 08:34:50 Image size of job updated: 527048
	515  -  MemoryUsage of job (MB)
	527048  -  ResidentSetSize of job (KB)
...
006 (78854907.071.000) 2026-10-04 08:39:51 Image size of job updated: 530780
	519  -  MemoryUsage of job (MB)
	530780  -  ResidentSetSize of job (KB)
...
006 (78854907.071.000) 2026-10-04 08:49:52 Image size of job updated: 530784
	519  -  MemoryUsage of job (MB)
	530784  -  ResidentSetSize of job (KB)
...
006 (78854907.071.000) 2026-10-04 08:54:53 Image size of job updated: 530788
	519  -  MemoryUsage of job (MB)
	530788  -  ResidentSetSize of job (KB)
...
006 (78854907.071.000) 2026-10-04 09:04:54 Image size of job updated: 530824
	519  -  MemoryUsage of job (MB)
	530824  -  ResidentSetSize of job (KB)
...
006 (78854907.071.000) 2026-10-04 09:09:55 Image size of job updated: 531832
	520  -  MemoryUsage of job (MB)
	531832  -  ResidentSetSize of job (KB)
...
006 (78854907.071.000) 2026-10-04 09:14:55 Image size of job updated: 531836
	520  -  MemoryUsage of job (MB)
	531836  -  ResidentSetSize of job (KB)
...
006 (78854907.071.000) 2026-10-04 09:24:57 Image size of job updated: 531840
	520  -  MemoryUsage of job (MB)
	531840  -  ResidentSetSize of job (KB)
...
006 (78854907.071.000) 2026-10-04 09:29:57 Image size of job updated: 532884
	521  -  MemoryUsage of job (MB)
	532884  -  ResidentSetSize of job (KB)
...
006 (78854907.071.000) 2026-10-04 09:39:59 Image size of job updated: 532888
	521  -  MemoryUsage of job (MB)
	532888  -  ResidentSetSize of job (KB)
...
006 (78854907.071.000) 2026-10-04 10:10:03 Image size of job updated: 543332
	531  -  MemoryUsage of job (MB)
	543332  -  ResidentSetSize of job (KB)
...
006 (78854907.071.000) 2026-10-04 10:15:03 Image size of job updated: 543336
	531  -  MemoryUsage of job (MB)
	543336  -  ResidentSetSize of job (KB)
...
006 (78854907.071.000) 2026-10-04 10:25:05 Image size of job updated: 543340
	531  -  MemoryUsage of job (MB)
	543340  -  ResidentSetSize of job (KB)
...
006 (78854907.071.000) 2026-10-04 10:30:05 Image size of job updated: 543356
	531  -  MemoryUsage of job (MB)
	543340  -  ResidentSetSize of job (KB)
...
006 (78854907.071.000) 2026-10-04 11:20:12 Image size of job updated: 548508
	531  -  MemoryUsage of job (MB)
	543340  -  ResidentSetSize of job (KB)
...
006 (78854907.071.000) 2026-10-04 12:05:15 Image size of job updated: 548508
	535  -  MemoryUsage of job (MB)
	547728  -  ResidentSetSize of job (KB)
...
006 (78854907.071.000) 2026-10-04 12:10:16 Image size of job updated: 548508
	535  -  MemoryUsage of job (MB)
	547732  -  ResidentSetSize of job (KB)
...
006 (78854907.071.000) 2026-10-04 12:15:16 Image size of job updated: 550788
	538  -  MemoryUsage of job (MB)
	550788  -  ResidentSetSize of job (KB)
...
006 (78854907.071.000) 2026-10-04 12:20:16 Image size of job updated: 550792
	538  -  MemoryUsage of job (MB)
	550792  -  ResidentSetSize of job (KB)
...
006 (78854907.071.000) 2026-10-04 12:30:17 Image size of job updated: 550828
	538  -  MemoryUsage of job (MB)
	550828  -  ResidentSetSize of job (KB)
...
006 (78854907.071.000) 2026-10-04 12:45:18 Image size of job updated: 550832
	538  -  MemoryUsage of job (MB)
	550828  -  ResidentSetSize of job (KB)
...
006 (78854907.071.000) 2026-10-04 12:55:19 Image size of job updated: 550832
	538  -  MemoryUsage of job (MB)
	550832  -  ResidentSetSize of job (KB)
...
006 (78854907.071.000) 2026-10-04 13:05:19 Image size of job updated: 552896
	539  -  MemoryUsage of job (MB)
	551872  -  ResidentSetSize of job (KB)
...
006 (78854907.071.000) 2026-10-04 13:10:20 Image size of job updated: 552896
	539  -  MemoryUsage of job (MB)
	551876  -  ResidentSetSize of job (KB)
...
006 (78854907.071.000) 2026-10-04 13:25:21 Image size of job updated: 552904
	540  -  MemoryUsage of job (MB)
	552904  -  ResidentSetSize of job (KB)
...
006 (78854907.071.000) 2026-10-04 13:35:22 Image size of job updated: 552936
	540  -  MemoryUsage of job (MB)
	552936  -  ResidentSetSize of job (KB)
...
006 (78854907.071.000) 2026-10-04 13:44:52 Image size of job updated: 552944
	540  -  MemoryUsage of job (MB)
	552936  -  ResidentSetSize of job (KB)
...
004 (78854907.071.000) 2026-10-04 13:44:52 Job was evicted. Code 1023 Subcode 0
	(0) CPU times
		Usr 2 05:57:48, Sys 0 00:03:01  -  Run Remote Usage
		Usr 0 00:00:00, Sys 0 00:00:00  -  Run Local Usage
	0  -  Run Bytes Sent By Job
	0  -  Run Bytes Received By Job
	Reason: via condor_rm (by user pratyusava.baral)
	Partitionable Resources :    Usage  Request Allocated 
	   Cpus                 :     3.52        4         4 
	   Disk (KB)            : 25000       25000     28672 
	   GPUs                 :                           0 
	   Memory (MB)          :   540       15000     15104 
	   TimeExecute (s)      : 57970                       
	   TimeSlotBusy (s)     : 57970                       
...
009 (78854907.071.000) 2026-10-04 13:44:52 Job was aborted.
	via condor_rm (by user pratyusava.baral)
...
000 (78855136.071.000) 2026-10-04 13:45:07 Job submitted from host: <10.14.0.121:9618?addrs=10.14.0.121-9618&alias=ldas-pcdev12.ligo.caltech.edu&noUDP&sock=schedd_623140_c9b4>
...
001 (78855136.071.000) 2026-10-04 13:49:18 Job executing on host: <10.14.5.164:9618?addrs=10.14.5.164-9618&alias=node1164.cluster.ldas.cit&noUDP&sock=startd_70946_a229>
	SlotName: slot1_1@node1164.cluster.ldas.cit
	CondorScratchDir = "/var/lib/condor/execute/dir_786023/scratch"
	Cpus = 4
	Disk = 28672
	GPUs = 0
	Memory = 15104
...
006 (78855136.071.000) 2026-10-04 13:49:26 Image size of job updated: 268000
	262  -  MemoryUsage of job (MB)
	268000  -  ResidentSetSize of job (KB)
...
006 (78855136.071.000) 2026-10-04 13:54:26 Image size of job updated: 274420
	268  -  MemoryUsage of job (MB)
	274420  -  ResidentSetSize of job (KB)
...
006 (78855136.071.000) 2026-10-04 13:59:26 Image size of job updated: 460132
	450  -  MemoryUsage of job (MB)
	460132  -  ResidentSetSize of job (KB)
...
006 (78855136.071.000) 2026-10-04 14:04:27 Image size of job updated: 469920
	459  -  MemoryUsage of job (MB)
	469920  -  ResidentSetSize of job (KB)
...
006 (78855136.071.000) 2026-10-04 14:09:27 Image size of job updated: 498296
	487  -  MemoryUsage of job (MB)
	498296  -  ResidentSetSize of job (KB)
...
006 (78855136.071.000) 2026-10-04 14:14:27 Image size of job updated: 498364
	487  -  MemoryUsage of job (MB)
	498364  -  ResidentSetSize of job (KB)
...
006 (78855136.071.000) 2026-10-04 14:19:28 Image size of job updated: 529084
	517  -  MemoryUsage of job (MB)
	529084  -  ResidentSetSize of job (KB)
...
006 (78855136.071.000) 2026-10-04 14:24:28 Image size of job updated: 529692
	518  -  MemoryUsage of job (MB)
	529692  -  ResidentSetSize of job (KB)
...
006 (78855136.071.000) 2026-10-04 14:29:28 Image size of job updated: 529696
	518  -  MemoryUsage of job (MB)
	529692  -  ResidentSetSize of job (KB)
...
006 (78855136.071.000) 2026-10-04 14:49:30 Image size of job updated: 530852
	519  -  MemoryUsage of job (MB)
	530852  -  ResidentSetSize of job (KB)
...
006 (78855136.071.000) 2026-10-04 14:54:31 Image size of job updated: 530900
	519  -  MemoryUsage of job (MB)
	530900  -  ResidentSetSize of job (KB)
...
006 (78855136.071.000) 2026-10-04 14:59:31 Image size of job updated: 533680
	521  -  MemoryUsage of job (MB)
	532864  -  ResidentSetSize of job (KB)
...
006 (78855136.071.000) 2026-10-04 15:04:32 Image size of job updated: 533680
	521  -  MemoryUsage of job (MB)
	532880  -  ResidentSetSize of job (KB)
...
006 (78855136.071.000) 2026-10-04 15:09:33 Image size of job updated: 534680
	522  -  MemoryUsage of job (MB)
	533688  -  ResidentSetSize of job (KB)
...
006 (78855136.071.000) 2026-10-04 15:14:33 Image size of job updated: 534680
	522  -  MemoryUsage of job (MB)
	533728  -  ResidentSetSize of job (KB)
...
006 (78855136.071.000) 2026-10-04 15:19:33 Image size of job updated: 543576
	531  -  MemoryUsage of job (MB)
	543576  -  ResidentSetSize of job (KB)
...
006 (78855136.071.000) 2026-10-04 15:24:34 Image size of job updated: 543616
	531  -  MemoryUsage of job (MB)
	543616  -  ResidentSetSize of job (KB)
...
006 (78855136.071.000) 2026-10-04 15:29:34 Image size of job updated: 546432
	531  -  MemoryUsage of job (MB)
	543616  -  ResidentSetSize of job (KB)
...
006 (78855136.071.000) 2026-10-04 15:49:35 Image size of job updated: 551448
	538  -  MemoryUsage of job (MB)
	550440  -  ResidentSetSize of job (KB)
...
006 (78855136.071.000) 2026-10-04 15:54:36 Image size of job updated: 551448
	538  -  MemoryUsage of job (MB)
	550444  -  ResidentSetSize of job (KB)
...
006 (78855136.071.000) 2026-10-04 15:59:36 Image size of job updated: 569860
	556  -  MemoryUsage of job (MB)
	568836  -  ResidentSetSize of job (KB)
...
006 (78855136.071.000) 2026-10-04 20:07:03 Image size of job updated: 571144
	558  -  MemoryUsage of job (MB)
	570376  -  ResidentSetSize of job (KB)
...
006 (78855136.071.000) 2026-10-04 20:12:04 Image size of job updated: 571144
	558  -  MemoryUsage of job (MB)
	570380  -  ResidentSetSize of job (KB)
...
006 (78855136.071.000) 2026-10-04 20:22:05 Image size of job updated: 572160
	558  -  MemoryUsage of job (MB)
	571208  -  ResidentSetSize of job (KB)
...
006 (78855136.071.000) 2026-10-04 20:32:06 Image size of job updated: 572216
	559  -  MemoryUsage of job (MB)
	572216  -  ResidentSetSize of job (KB)
...
006 (78855136.071.000) 2026-10-04 20:37:07 Image size of job updated: 572228
	559  -  MemoryUsage of job (MB)
	572228  -  ResidentSetSize of job (KB)
...
006 (78855136.071.000) 2026-10-04 20:42:08 Image size of job updated: 573296
	560  -  MemoryUsage of job (MB)
	573296  -  ResidentSetSize of job (KB)
...
006 (78855136.071.000) 2026-10-04 21:02:10 Image size of job updated: 583240
	570  -  MemoryUsage of job (MB)
	583156  -  ResidentSetSize of job (KB)
...
006 (78855136.071.000) 2026-10-04 21:07:11 Image size of job updated: 583240
	570  -  MemoryUsage of job (MB)
	583180  -  ResidentSetSize of job (KB)
...
006 (78855136.071.000) 2026-10-04 21:12:12 Image size of job updated: 584172
	570  -  MemoryUsage of job (MB)
	583180  -  ResidentSetSize of job (KB)
...
006 (78855136.071.000) 2026-10-05 00:52:41 Image size of job updated: 597984
	581  -  MemoryUsage of job (MB)
	594884  -  ResidentSetSize of job (KB)
...
006 (78855136.071.000) 2026-10-05 00:57:41 Image size of job updated: 597984
	582  -  MemoryUsage of job (MB)
	594996  -  ResidentSetSize of job (KB)
...
006 (78855136.071.000) 2026-10-05 01:47:44 Image size of job updated: 614888
	600  -  MemoryUsage of job (MB)
	613952  -  ResidentSetSize of job (KB)
...
006 (78855136.071.000) 2026-10-05 01:52:45 Image size of job updated: 614888
	600  -  MemoryUsage of job (MB)
	613972  -  ResidentSetSize of job (KB)
...
006 (78855136.071.000) 2026-10-05 01:57:45 Image size of job updated: 614980
	601  -  MemoryUsage of job (MB)
	614980  -  ResidentSetSize of job (KB)
...
006 (78855136.071.000) 2026-10-05 02:17:46 Image size of job updated: 615164
	601  -  MemoryUsage of job (MB)
	615164  -  ResidentSetSize of job (KB)
...
006 (78855136.071.000) 2026-10-05 02:27:47 Image size of job updated: 615928
	601  -  MemoryUsage of job (MB)
	615164  -  ResidentSetSize of job (KB)
...
006 (78855136.071.000) 2026-10-05 02:37:48 Image size of job updated: 615928
	602  -  MemoryUsage of job (MB)
	615912  -  ResidentSetSize of job (KB)
...
006 (78855136.071.000) 2026-10-05 02:42:48 Image size of job updated: 615964
	602  -  MemoryUsage of job (MB)
	615964  -  ResidentSetSize of job (KB)
...
006 (78855136.071.000) 2026-10-05 02:47:48 Image size of job updated: 617032
	602  -  MemoryUsage of job (MB)
	615964  -  ResidentSetSize of job (KB)
...
006 (78855136.071.000) 2026-10-05 03:22:51 Image size of job updated: 620168
	606  -  MemoryUsage of job (MB)
	620168  -  ResidentSetSize of job (KB)
...
006 (78855136.071.000) 2026-10-05 06:53:05 Image size of job updated: 630280
	606  -  MemoryUsage of job (MB)
	620168  -  ResidentSetSize of job (KB)
...
006 (78855136.071.000) 2026-10-05 07:58:09 Image size of job updated: 630280
	607  -  MemoryUsage of job (MB)
	621060  -  ResidentSetSize of job (KB)
...
006 (78855136.071.000) 2026-10-05 08:18:10 Image size of job updated: 630280
	608  -  MemoryUsage of job (MB)
	622044  -  ResidentSetSize of job (KB)
...
006 (78855136.071.000) 2026-10-05 08:38:13 Image size of job updated: 636864
	608  -  MemoryUsage of job (MB)
	622044  -  ResidentSetSize of job (KB)
...
006 (78855136.071.000) 2026-10-05 09:53:23 Image size of job updated: 636864
	615  -  MemoryUsage of job (MB)
	629248  -  ResidentSetSize of job (KB)
...
006 (78855136.071.000) 2026-10-05 10:03:24 Image size of job updated: 636864
	616  -  MemoryUsage of job (MB)
	630196  -  ResidentSetSize of job (KB)
...
006 (78855136.071.000) 2026-10-05 10:08:25 Image size of job updated: 636864
	616  -  MemoryUsage of job (MB)
	630200  -  ResidentSetSize of job (KB)
...
006 (78855136.071.000) 2026-10-05 10:13:26 Image size of job updated: 636864
	617  -  MemoryUsage of job (MB)
	631252  -  ResidentSetSize of job (KB)
...
006 (78855136.071.000) 2026-10-05 10:43:30 Image size of job updated: 644828
	617  -  MemoryUsage of job (MB)
	631252  -  ResidentSetSize of job (KB)
...
006 (78855136.071.000) 2026-10-05 11:18:34 Image size of job updated: 644828
	620  -  MemoryUsage of job (MB)
	634152  -  ResidentSetSize of job (KB)
...
006 (78855136.071.000) 2026-10-05 11:23:35 Image size of job updated: 644828
	621  -  MemoryUsage of job (MB)
	635040  -  ResidentSetSize of job (KB)
...
006 (78855136.071.000) 2026-10-05 11:53:39 Image size of job updated: 644828
	621  -  MemoryUsage of job (MB)
	635180  -  ResidentSetSize of job (KB)
...
006 (78855136.071.000) 2026-10-05 12:03:40 Image size of job updated: 651228
	621  -  MemoryUsage of job (MB)
	635180  -  ResidentSetSize of job (KB)
...
006 (78855136.071.000) 2026-10-05 12:43:46 Image size of job updated: 666160
	621  -  MemoryUsage of job (MB)
	635180  -  ResidentSetSize of job (KB)
...
006 (78855136.071.000) 2026-10-05 13:13:48 Image size of job updated: 668172
	621  -  MemoryUsage of job (MB)
	635180  -  ResidentSetSize of job (KB)
...
