000 (78852668.073.000) 2026-10-01 10:44:08 Job submitted from host: <10.14.0.121:9618?addrs=10.14.0.121-9618&alias=ldas-pcdev12.ligo.caltech.edu&noUDP&sock=schedd_623140_c9b4>
...
001 (78852668.073.000) 2026-10-01 10:48:02 Job executing on host: <10.14.10.62:9618?addrs=10.14.10.62-9618&alias=node2312.cluster.ldas.cit&noUDP&sock=startd_2782857_032a>
	SlotName: slot1_2@node2312.cluster.ldas.cit
	CondorScratchDir = "/var/lib/condor/execute/dir_68988/scratch"
	Cpus = 4
	Disk = 28672
	GPUs = 0
	Memory = 15104
...
006 (78852668.073.000) 2026-10-01 10:48:03 Image size of job updated: 25000
	0  -  MemoryUsage of job (MB)
	0  -  ResidentSetSize of job (KB)
...
005 (78852668.073.000) 2026-10-01 10:48:03 Job terminated.
	(1) Normal termination (return value 1)
		Usr 0 00:00:00, Sys 0 00:00:00  -  Run Remote Usage
		Usr 0 00:00:00, Sys 0 00:00:00  -  Run Local Usage
		Usr 0 00:00:00, Sys 0 00:00:00  -  Total Remote Usage
		Usr 0 00:00:00, Sys 0 00:00:00  -  Total Local Usage
	0  -  Run Bytes Sent By Job
	0  -  Run Bytes Received By Job
	0  -  Total Bytes Sent By Job
	0  -  Total Bytes Received By Job
	Partitionable Resources :    Usage  Request Allocated 
	   Cpus                 :                 4         4 
	   Disk (KB)            :    25000    25000     28672 
	   GPUs                 :                           0 
	   Memory (MB)          :        0    15000     15104 
	   TimeExecute (s)      :        1                    
	   TimeSlotBusy (s)     :        1                    
...
000 (78854871.073.000) 2026-10-03 17:15:42 Job submitted from host: <10.14.0.121:9618?addrs=10.14.0.121-9618&alias=ldas-pcdev12.ligo.caltech.edu&noUDP&sock=schedd_623140_c9b4>
...
001 (78854871.073.000) 2026-10-03 17:16:40 Job executing on host: <10.14.10.134:9618?addrs=10.14.10.134-9618&alias=node2384.cluster.ldas.cit&noUDP&sock=startd_38994_3816>
	SlotName: slot1_14@node2384.cluster.ldas.cit
	CondorScratchDir = "/var/lib/condor/execute/dir_423410/scratch"
	Cpus = 4
	Disk = 28672
	GPUs = 0
	Memory = 15104
...
006 (78854871.073.000) 2026-10-03 17:16:41 Image size of job updated: 25000
	0  -  MemoryUsage of job (MB)
	0  -  ResidentSetSize of job (KB)
...
005 (78854871.073.000) 2026-10-03 17:16:41 Job terminated.
	(1) Normal termination (return value 1)
		Usr 0 00:00:00, Sys 0 00:00:00  -  Run Remote Usage
		Usr 0 00:00:00, Sys 0 00:00:00  -  Run Local Usage
		Usr 0 00:00:00, Sys 0 00:00:00  -  Total Remote Usage
		Usr 0 00:00:00, Sys 0 00:00:00  -  Total Local Usage
	0  -  Run Bytes Sent By Job
	0  -  Run Bytes Received By Job
	0  -  Total Bytes Sent By Job
	0  -  Total Bytes Received By Job
	Partitionable Resources :    Usage  Request Allocated 
	   Cpus                 :        0        4         4 
	   Disk (KB)            :    25000    25000     28672 
	   GPUs                 :                           0 
	   Memory (MB)          :        0    15000     15104 
	   TimeExecute (s)      :        1                    
	   TimeSlotBusy (s)     :        1                    
...
000 (78854907.073.000) 2026-10-03 21:37:08 Job submitted from host: <10.14.0.121:9618?addrs=10.14.0.121-9618&alias=ldas-pcdev12.ligo.caltech.edu&noUDP&sock=schedd_623140_c9b4>
...
001 (78854907.073.000) 2026-10-03 21:38:42 Job executing on host: <10.14.7.36:9618?addrs=10.14.7.36-9618&alias=node1536.cluster.ldas.cit&noUDP&sock=startd_30179_dcbf>
	SlotName: slot1_2@node1536.cluster.ldas.cit
	CondorScratchDir = "/var/lib/condor/execute/dir_350807/scratch"
	Cpus = 4
	Disk = 28672
	GPUs = 0
	Memory = 15104
...
006 (78854907.073.000) 2026-10-03 21:38:50 Image size of job updated: 228000
	223  -  MemoryUsage of job (MB)
	228000  -  ResidentSetSize of job (KB)
...
006 (78854907.073.000) 2026-10-03 21:43:50 Image size of job updated: 307772
	301  -  MemoryUsage of job (MB)
	307772  -  ResidentSetSize of job (KB)
...
006 (78854907.073.000) 2026-10-03 21:48:51 Image size of job updated: 314308
	307  -  MemoryUsage of job (MB)
	314308  -  ResidentSetSize of job (KB)
...
006 (78854907.073.000) 2026-10-03 21:53:52 Image size of job updated: 417548
	408  -  MemoryUsage of job (MB)
	417548  -  ResidentSetSize of job (KB)
...
006 (78854907.073.000) 2026-10-03 21:58:52 Image size of job updated: 417912
	409  -  MemoryUsage of job (MB)
	417912  -  ResidentSetSize of job (KB)
...
006 (78854907.073.000) 2026-10-03 22:03:53 Image size of job updated: 418780
	409  -  MemoryUsage of job (MB)
	418780  -  ResidentSetSize of job (KB)
...
006 (78854907.073.000) 2026-10-03 22:08:54 Image size of job updated: 418824
	410  -  MemoryUsage of job (MB)
	418824  -  ResidentSetSize of job (KB)
...
006 (78854907.073.000) 2026-10-03 22:13:54 Image size of job updated: 426568
	417  -  MemoryUsage of job (MB)
	426568  -  ResidentSetSize of job (KB)
...
006 (78854907.073.000) 2026-10-03 22:18:55 Image size of job updated: 435812
	426  -  MemoryUsage of job (MB)
	435812  -  ResidentSetSize of job (KB)
...
006 (78854907.073.000) 2026-10-03 22:23:56 Image size of job updated: 452624
	443  -  MemoryUsage of job (MB)
	452624  -  ResidentSetSize of job (KB)
...
006 (78854907.073.000) 2026-10-03 22:28:56 Image size of job updated: 454676
	445  -  MemoryUsage of job (MB)
	454676  -  ResidentSetSize of job (KB)
...
006 (78854907.073.000) 2026-10-03 22:33:57 Image size of job updated: 456176
	446  -  MemoryUsage of job (MB)
	456176  -  ResidentSetSize of job (KB)
...
006 (78854907.073.000) 2026-10-03 22:38:58 Image size of job updated: 456204
	446  -  MemoryUsage of job (MB)
	456204  -  ResidentSetSize of job (KB)
...
006 (78854907.073.000) 2026-10-03 22:43:58 Image size of job updated: 467500
	457  -  MemoryUsage of job (MB)
	467500  -  ResidentSetSize of job (KB)
...
006 (78854907.073.000) 2026-10-03 22:48:59 Image size of job updated: 467516
	457  -  MemoryUsage of job (MB)
	467516  -  ResidentSetSize of job (KB)
...
006 (78854907.073.000) 2026-10-03 22:54:00 Image size of job updated: 467556
	457  -  MemoryUsage of job (MB)
	467556  -  ResidentSetSize of job (KB)
...
006 (78854907.073.000) 2026-10-03 22:59:00 Image size of job updated: 467564
	457  -  MemoryUsage of job (MB)
	467564  -  ResidentSetSize of job (KB)
...
006 (78854907.073.000) 2026-10-03 23:04:01 Image size of job updated: 470660
	460  -  MemoryUsage of job (MB)
	470660  -  ResidentSetSize of job (KB)
...
006 (78854907.073.000) 2026-10-03 23:09:02 Image size of job updated: 470680
	460  -  MemoryUsage of job (MB)
	470680  -  ResidentSetSize of job (KB)
...
006 (78854907.073.000) 2026-10-03 23:14:02 Image size of job updated: 471508
	461  -  MemoryUsage of job (MB)
	471508  -  ResidentSetSize of job (KB)
...
006 (78854907.073.000) 2026-10-03 23:19:03 Image size of job updated: 471516
	461  -  MemoryUsage of job (MB)
	471516  -  ResidentSetSize of job (KB)
...
006 (78854907.073.000) 2026-10-03 23:24:04 Image size of job updated: 473980
	463  -  MemoryUsage of job (MB)
	473980  -  ResidentSetSize of job (KB)
...
006 (78854907.073.000) 2026-10-03 23:29:04 Image size of job updated: 473988
	463  -  MemoryUsage of job (MB)
	473988  -  ResidentSetSize of job (KB)
...
006 (78854907.073.000) 2026-10-03 23:34:05 Image size of job updated: 473992
	463  -  MemoryUsage of job (MB)
	473988  -  ResidentSetSize of job (KB)
...
006 (78854907.073.000) 2026-10-04 00:04:07 Image size of job updated: 475528
	465  -  MemoryUsage of job (MB)
	475528  -  ResidentSetSize of job (KB)
...
006 (78854907.073.000) 2026-10-04 00:09:08 Image size of job updated: 475536
	465  -  MemoryUsage of job (MB)
	475536  -  ResidentSetSize of job (KB)
...
006 (78854907.073.000) 2026-10-04 00:14:08 Image size of job updated: 477016
	466  -  MemoryUsage of job (MB)
	477016  -  ResidentSetSize of job (KB)
...
006 (78854907.073.000) 2026-10-04 00:19:08 Image size of job updated: 477028
	466  -  MemoryUsage of job (MB)
	477028  -  ResidentSetSize of job (KB)
...
006 (78854907.073.000) 2026-10-04 00:24:09 Image size of job updated: 480404
	470  -  MemoryUsage of job (MB)
	480404  -  ResidentSetSize of job (KB)
...
006 (78854907.073.000) 2026-10-04 00:29:09 Image size of job updated: 480408
	470  -  MemoryUsage of job (MB)
	480408  -  ResidentSetSize of job (KB)
...
006 (78854907.073.000) 2026-10-04 00:34:09 Image size of job updated: 481112
	470  -  MemoryUsage of job (MB)
	480408  -  ResidentSetSize of job (KB)
...
006 (78854907.073.000) 2026-10-04 00:44:10 Image size of job updated: 482844
	471  -  MemoryUsage of job (MB)
	481820  -  ResidentSetSize of job (KB)
...
006 (78854907.073.000) 2026-10-04 00:49:10 Image size of job updated: 482844
	471  -  MemoryUsage of job (MB)
	481828  -  ResidentSetSize of job (KB)
...
006 (78854907.073.000) 2026-10-04 00:54:11 Image size of job updated: 482844
	472  -  MemoryUsage of job (MB)
	482500  -  ResidentSetSize of job (KB)
...
006 (78854907.073.000) 2026-10-04 00:59:11 Image size of job updated: 482844
	472  -  MemoryUsage of job (MB)
	482504  -  ResidentSetSize of job (KB)
...
006 (78854907.073.000) 2026-10-04 01:04:11 Image size of job updated: 483532
	473  -  MemoryUsage of job (MB)
	483532  -  ResidentSetSize of job (KB)
...
006 (78854907.073.000) 2026-10-04 01:09:12 Image size of job updated: 483552
	473  -  MemoryUsage of job (MB)
	483552  -  ResidentSetSize of job (KB)
...
006 (78854907.073.000) 2026-10-04 01:19:12 Image size of job updated: 484568
	474  -  MemoryUsage of job (MB)
	484568  -  ResidentSetSize of job (KB)
...
006 (78854907.073.000) 2026-10-04 01:29:13 Image size of job updated: 490736
	480  -  MemoryUsage of job (MB)
	490736  -  ResidentSetSize of job (KB)
...
006 (78854907.073.000) 2026-10-04 01:34:13 Image size of job updated: 490744
	480  -  MemoryUsage of job (MB)
	490744  -  ResidentSetSize of job (KB)
...
006 (78854907.073.000) 2026-10-04 01:39:14 Image size of job updated: 490776
	480  -  MemoryUsage of job (MB)
	490744  -  ResidentSetSize of job (KB)
...
006 (78854907.073.000) 2026-10-04 01:59:16 Image size of job updated: 491200
	480  -  MemoryUsage of job (MB)
	491200  -  ResidentSetSize of job (KB)
...
006 (78854907.073.000) 2026-10-04 02:04:16 Image size of job updated: 491204
	480  -  MemoryUsage of job (MB)
	491204  -  ResidentSetSize of job (KB)
...
006 (78854907.073.000) 2026-10-04 02:09:17 Image size of job updated: 497976
	487  -  MemoryUsage of job (MB)
	497976  -  ResidentSetSize of job (KB)
...
006 (78854907.073.000) 2026-10-04 02:19:18 Image size of job updated: 504988
	494  -  MemoryUsage of job (MB)
	504988  -  ResidentSetSize of job (KB)
...
006 (78854907.073.000) 2026-10-04 02:29:20 Image size of job updated: 512896
	501  -  MemoryUsage of job (MB)
	512896  -  ResidentSetSize of job (KB)
...
006 (78854907.073.000) 2026-10-04 02:34:20 Image size of job updated: 512900
	501  -  MemoryUsage of job (MB)
	512900  -  ResidentSetSize of job (KB)
...
006 (78854907.073.000) 2026-10-04 02:49:22 Image size of job updated: 513380
	502  -  MemoryUsage of job (MB)
	513380  -  ResidentSetSize of job (KB)
...
006 (78854907.073.000) 2026-10-04 02:54:23 Image size of job updated: 513392
	502  -  MemoryUsage of job (MB)
	513392  -  ResidentSetSize of job (KB)
...
006 (78854907.073.000) 2026-10-04 02:59:23 Image size of job updated: 516956
	505  -  MemoryUsage of job (MB)
	516956  -  ResidentSetSize of job (KB)
...
006 (78854907.073.000) 2026-10-04 03:09:25 Image size of job updated: 516960
	505  -  MemoryUsage of job (MB)
	516956  -  ResidentSetSize of job (KB)
...
006 (78854907.073.000) 2026-10-04 03:49:27 Image size of job updated: 520148
	508  -  MemoryUsage of job (MB)
	520148  -  ResidentSetSize of job (KB)
...
006 (78854907.073.000) 2026-10-04 03:54:28 Image size of job updated: 520152
	508  -  MemoryUsage of job (MB)
	520152  -  ResidentSetSize of job (KB)
...
006 (78854907.073.000) 2026-10-04 03:59:28 Image size of job updated: 522200
	510  -  MemoryUsage of job (MB)
	522200  -  ResidentSetSize of job (KB)
...
006 (78854907.073.000) 2026-10-04 04:14:29 Image size of job updated: 522576
	511  -  MemoryUsage of job (MB)
	522576  -  ResidentSetSize of job (KB)
...
006 (78854907.073.000) 2026-10-04 04:24:30 Image size of job updated: 527628
	516  -  MemoryUsage of job (MB)
	527628  -  ResidentSetSize of job (KB)
...
006 (78854907.073.000) 2026-10-04 04:34:30 Image size of job updated: 531188
	519  -  MemoryUsage of job (MB)
	530496  -  ResidentSetSize of job (KB)
...
006 (78854907.073.000) 2026-10-04 04:39:31 Image size of job updated: 531188
	519  -  MemoryUsage of job (MB)
	530500  -  ResidentSetSize of job (KB)
...
006 (78854907.073.000) 2026-10-04 04:49:31 Image size of job updated: 531188
	519  -  MemoryUsage of job (MB)
	530504  -  ResidentSetSize of job (KB)
...
006 (78854907.073.000) 2026-10-04 04:59:32 Image size of job updated: 531188
	519  -  MemoryUsage of job (MB)
	530508  -  ResidentSetSize of job (KB)
...
006 (78854907.073.000) 2026-10-04 05:09:33 Image size of job updated: 531188
	519  -  MemoryUsage of job (MB)
	530512  -  ResidentSetSize of job (KB)
...
006 (78854907.073.000) 2026-10-04 05:19:33 Image size of job updated: 531188
	519  -  MemoryUsage of job (MB)
	530516  -  ResidentSetSize of job (KB)
...
006 (78854907.073.000) 2026-10-04 05:34:34 Image size of job updated: 531188
	519  -  MemoryUsage of job (MB)
	530568  -  ResidentSetSize of job (KB)
...
006 (78854907.073.000) 2026-10-04 05:39:35 Image size of job updated: 531188
	519  -  MemoryUsage of job (MB)
	530572  -  ResidentSetSize of job (KB)
...
006 (78854907.073.000) 2026-10-04 05:44:35 Image size of job updated: 531188
	519  -  MemoryUsage of job (MB)
	530576  -  ResidentSetSize of job (KB)
...
006 (78854907.073.000) 2026-10-04 06:09:37 Image size of job updated: 531188
	519  -  MemoryUsage of job (MB)
	530600  -  ResidentSetSize of job (KB)
...
006 (78854907.073.000) 2026-10-04 06:19:38 Image size of job updated: 532636
	521  -  MemoryUsage of job (MB)
	532636  -  ResidentSetSize of job (KB)
...
006 (78854907.073.000) 2026-10-04 06:39:41 Image size of job updated: 532640
	521  -  MemoryUsage of job (MB)
	532640  -  ResidentSetSize of job (KB)
...
006 (78854907.073.000) 2026-10-04 06:44:41 Image size of job updated: 532644
	521  -  MemoryUsage of job (MB)
	532644  -  ResidentSetSize of job (KB)
...
006 (78854907.073.000) 2026-10-04 07:14:45 Image size of job updated: 532648
	521  -  MemoryUsage of job (MB)
	532648  -  ResidentSetSize of job (KB)
...
006 (78854907.073.000) 2026-10-04 07:24:47 Image size of job updated: 532656
	521  -  MemoryUsage of job (MB)
	532656  -  ResidentSetSize of job (KB)
...
006 (78854907.073.000) 2026-10-04 07:44:49 Image size of job updated: 532660
	521  -  MemoryUsage of job (MB)
	532660  -  ResidentSetSize of job (KB)
...
006 (78854907.073.000) 2026-10-04 07:59:51 Image size of job updated: 532664
	521  -  MemoryUsage of job (MB)
	532664  -  ResidentSetSize of job (KB)
...
006 (78854907.073.000) 2026-10-04 08:19:54 Image size of job updated: 535724
	524  -  MemoryUsage of job (MB)
	535724  -  ResidentSetSize of job (KB)
...
006 (78854907.073.000) 2026-10-04 08:29:55 Image size of job updated: 535728
	524  -  MemoryUsage of job (MB)
	535724  -  ResidentSetSize of job (KB)
...
006 (78854907.073.000) 2026-10-04 08:39:57 Image size of job updated: 536736
	524  -  MemoryUsage of job (MB)
	535724  -  ResidentSetSize of job (KB)
...
006 (78854907.073.000) 2026-10-04 09:05:00 Image size of job updated: 537760
	526  -  MemoryUsage of job (MB)
	537760  -  ResidentSetSize of job (KB)
...
006 (78854907.073.000) 2026-10-04 09:10:01 Image size of job updated: 537768
	526  -  MemoryUsage of job (MB)
	537768  -  ResidentSetSize of job (KB)
...
006 (78854907.073.000) 2026-10-04 09:25:03 Image size of job updated: 537772
	526  -  MemoryUsage of job (MB)
	537772  -  ResidentSetSize of job (KB)
...
006 (78854907.073.000) 2026-10-04 09:35:04 Image size of job updated: 539800
	526  -  MemoryUsage of job (MB)
	537788  -  ResidentSetSize of job (KB)
...
006 (78854907.073.000) 2026-10-04 09:45:05 Image size of job updated: 541068
	529  -  MemoryUsage of job (MB)
	541068  -  ResidentSetSize of job (KB)
...
006 (78854907.073.000) 2026-10-04 09:50:06 Image size of job updated: 541112
	529  -  MemoryUsage of job (MB)
	541112  -  ResidentSetSize of job (KB)
...
006 (78854907.073.000) 2026-10-04 09:55:07 Image size of job updated: 541116
	529  -  MemoryUsage of job (MB)
	541116  -  ResidentSetSize of job (KB)
...
006 (78854907.073.000) 2026-10-04 10:05:08 Image size of job updated: 542128
	530  -  MemoryUsage of job (MB)
	542128  -  ResidentSetSize of job (KB)
...
006 (78854907.073.000) 2026-10-04 10:15:09 Image size of job updated: 547252
	535  -  MemoryUsage of job (MB)
	547252  -  ResidentSetSize of job (KB)
...
006 (78854907.073.000) 2026-10-04 10:20:10 Image size of job updated: 547256
	535  -  MemoryUsage of job (MB)
	547256  -  ResidentSetSize of job (KB)
...
006 (78854907.073.000) 2026-10-04 10:25:11 Image size of job updated: 547260
	535  -  MemoryUsage of job (MB)
	547260  -  ResidentSetSize of job (KB)
...
006 (78854907.073.000) 2026-10-04 10:30:11 Image size of job updated: 547264
	535  -  MemoryUsage of job (MB)
	547264  -  ResidentSetSize of job (KB)
...
006 (78854907.073.000) 2026-10-04 10:35:12 Image size of job updated: 549316
	537  -  MemoryUsage of job (MB)
	549316  -  ResidentSetSize of job (KB)
...
006 (78854907.073.000) 2026-10-04 10:45:13 Image size of job updated: 549320
	537  -  MemoryUsage of job (MB)
	549320  -  ResidentSetSize of job (KB)
...
006 (78854907.073.000) 2026-10-04 10:55:15 Image size of job updated: 549324
	537  -  MemoryUsage of job (MB)
	549324  -  ResidentSetSize of job (KB)
...
006 (78854907.073.000) 2026-10-04 11:05:16 Image size of job updated: 549328
	537  -  MemoryUsage of job (MB)
	549328  -  ResidentSetSize of job (KB)
...
006 (78854907.073.000) 2026-10-04 11:10:17 Image size of job updated: 550336
	538  -  MemoryUsage of job (MB)
	550336  -  ResidentSetSize of job (KB)
...
006 (78854907.073.000) 2026-10-04 11:20:18 Image size of job updated: 550340
	538  -  MemoryUsage of job (MB)
	550340  -  ResidentSetSize of job (KB)
...
006 (78854907.073.000) 2026-10-04 11:25:18 Image size of job updated: 550376
	538  -  MemoryUsage of job (MB)
	550376  -  ResidentSetSize of job (KB)
...
006 (78854907.073.000) 2026-10-04 11:30:18 Image size of job updated: 551384
	539  -  MemoryUsage of job (MB)
	551384  -  ResidentSetSize of job (KB)
...
006 (78854907.073.000) 2026-10-04 11:40:19 Image size of job updated: 553404
	541  -  MemoryUsage of job (MB)
	553404  -  ResidentSetSize of job (KB)
...
006 (78854907.073.000) 2026-10-04 11:50:20 Image size of job updated: 553416
	541  -  MemoryUsage of job (MB)
	553416  -  ResidentSetSize of job (KB)
...
006 (78854907.073.000) 2026-10-04 12:00:20 Image size of job updated: 553428
	541  -  MemoryUsage of job (MB)
	553428  -  ResidentSetSize of job (KB)
...
006 (78854907.073.000) 2026-10-04 12:10:21 Image size of job updated: 554500
	542  -  MemoryUsage of job (MB)
	554500  -  ResidentSetSize of job (KB)
...
006 (78854907.073.000) 2026-10-04 12:15:21 Image size of job updated: 554504
	542  -  MemoryUsage of job (MB)
	554504  -  ResidentSetSize of job (KB)
...
006 (78854907.073.000) 2026-10-04 12:20:22 Image size of job updated: 554516
	542  -  MemoryUsage of job (MB)
	554516  -  ResidentSetSize of job (KB)
...
006 (78854907.073.000) 2026-10-04 12:30:22 Image size of job updated: 555532
	543  -  MemoryUsage of job (MB)
	555532  -  ResidentSetSize of job (KB)
...
006 (78854907.073.000) 2026-10-04 12:35:23 Image size of job updated: 555536
	543  -  MemoryUsage of job (MB)
	555536  -  ResidentSetSize of job (KB)
...
006 (78854907.073.000) 2026-10-04 12:40:23 Image size of job updated: 555548
	543  -  MemoryUsage of job (MB)
	555548  -  ResidentSetSize of job (KB)
...
006 (78854907.073.000) 2026-10-04 12:45:23 Image size of job updated: 555584
	543  -  MemoryUsage of job (MB)
	555584  -  ResidentSetSize of job (KB)
...
006 (78854907.073.000) 2026-10-04 12:50:24 Image size of job updated: 555588
	543  -  MemoryUsage of job (MB)
	555588  -  ResidentSetSize of job (KB)
...
006 (78854907.073.000) 2026-10-04 13:00:25 Image size of job updated: 555596
	543  -  MemoryUsage of job (MB)
	555596  -  ResidentSetSize of job (KB)
...
006 (78854907.073.000) 2026-10-04 13:05:26 Image size of job updated: 561904
	549  -  MemoryUsage of job (MB)
	561904  -  ResidentSetSize of job (KB)
...
006 (78854907.073.000) 2026-10-04 13:10:27 Image size of job updated: 561908
	549  -  MemoryUsage of job (MB)
	561908  -  ResidentSetSize of job (KB)
...
006 (78854907.073.000) 2026-10-04 13:15:27 Image size of job updated: 562916
	550  -  MemoryUsage of job (MB)
	562916  -  ResidentSetSize of job (KB)
...
006 (78854907.073.000) 2026-10-04 13:20:28 Image size of job updated: 562920
	550  -  MemoryUsage of job (MB)
	562920  -  ResidentSetSize of job (KB)
...
006 (78854907.073.000) 2026-10-04 13:25:29 Image size of job updated: 564868
	552  -  MemoryUsage of job (MB)
	564868  -  ResidentSetSize of job (KB)
...
006 (78854907.073.000) 2026-10-04 13:35:30 Image size of job updated: 567924
	555  -  MemoryUsage of job (MB)
	567924  -  ResidentSetSize of job (KB)
...
006 (78854907.073.000) 2026-10-04 13:40:31 Image size of job updated: 567928
	555  -  MemoryUsage of job (MB)
	567928  -  ResidentSetSize of job (KB)
...
004 (78854907.073.000) 2026-10-04 13:44:42 Job was evicted. Code 1023 Subcode 0
	(0) CPU times
		Usr 2 05:36:19, Sys 0 00:04:49  -  Run Remote Usage
		Usr 0 00:00:00, Sys 0 00:00:00  -  Run Local Usage
	0  -  Run Bytes Sent By Job
	0  -  Run Bytes Received By Job
	Reason: via condor_rm (by user pratyusava.baral)
	Partitionable Resources :    Usage  Request Allocated 
	   Cpus                 :     3.47        4         4 
	   Disk (KB)            : 25000       25000     28672 
	   GPUs                 :                           0 
	   Memory (MB)          :   555       15000     15104 
	   TimeExecute (s)      : 57960                       
	   TimeSlotBusy (s)     : 57960                       
...
009 (78854907.073.000) 2026-10-04 13:44:42 Job was aborted.
	via condor_rm (by user pratyusava.baral)
...
000 (78855136.073.000) 2026-10-04 13:45:07 Job submitted from host: <10.14.0.121:9618?addrs=10.14.0.121-9618&alias=ldas-pcdev12.ligo.caltech.edu&noUDP&sock=schedd_623140_c9b4>
...
001 (78855136.073.000) 2026-10-04 13:49:18 Job executing on host: <10.14.5.98:9618?addrs=10.14.5.98-9618&alias=node1098.cluster.ldas.cit&noUDP&sock=startd_174712_7a82>
	SlotName: slot1_1@node1098.cluster.ldas.cit
	CondorScratchDir = "/var/lib/condor/execute/dir_776422/scratch"
	Cpus = 4
	Disk = 28672
	GPUs = 0
	Memory = 15104
...
006 (78855136.073.000) 2026-10-04 13:49:27 Image size of job updated: 136396
	134  -  MemoryUsage of job (MB)
	136396  -  ResidentSetSize of job (KB)
...
006 (78855136.073.000) 2026-10-04 13:54:27 Image size of job updated: 302540
	296  -  MemoryUsage of job (MB)
	302540  -  ResidentSetSize of job (KB)
...
006 (78855136.073.000) 2026-10-04 13:59:27 Image size of job updated: 454564
	444  -  MemoryUsage of job (MB)
	454564  -  ResidentSetSize of job (KB)
...
006 (78855136.073.000) 2026-10-04 14:04:28 Image size of job updated: 466404
	456  -  MemoryUsage of job (MB)
	466404  -  ResidentSetSize of job (KB)
...
006 (78855136.073.000) 2026-10-04 14:09:28 Image size of job updated: 514248
	500  -  MemoryUsage of job (MB)
	511600  -  ResidentSetSize of job (KB)
...
006 (78855136.073.000) 2026-10-04 14:14:28 Image size of job updated: 514248
	500  -  MemoryUsage of job (MB)
	511660  -  ResidentSetSize of job (KB)
...
006 (78855136.073.000) 2026-10-04 14:19:29 Image size of job updated: 519820
	502  -  MemoryUsage of job (MB)
	513996  -  ResidentSetSize of job (KB)
...
006 (78855136.073.000) 2026-10-04 14:24:29 Image size of job updated: 519820
	503  -  MemoryUsage of job (MB)
	514068  -  ResidentSetSize of job (KB)
...
006 (78855136.073.000) 2026-10-04 14:29:29 Image size of job updated: 526384
	514  -  MemoryUsage of job (MB)
	525396  -  ResidentSetSize of job (KB)
...
006 (78855136.073.000) 2026-10-04 14:34:30 Image size of job updated: 526384
	514  -  MemoryUsage of job (MB)
	525420  -  ResidentSetSize of job (KB)
...
006 (78855136.073.000) 2026-10-04 14:39:30 Image size of job updated: 529668
	515  -  MemoryUsage of job (MB)
	526620  -  ResidentSetSize of job (KB)
...
006 (78855136.073.000) 2026-10-04 14:44:30 Image size of job updated: 529668
	515  -  MemoryUsage of job (MB)
	526640  -  ResidentSetSize of job (KB)
...
006 (78855136.073.000) 2026-10-04 14:49:31 Image size of job updated: 529668
	516  -  MemoryUsage of job (MB)
	527912  -  ResidentSetSize of job (KB)
...
006 (78855136.073.000) 2026-10-04 14:54:32 Image size of job updated: 529668
	516  -  MemoryUsage of job (MB)
	528292  -  ResidentSetSize of job (KB)
...
006 (78855136.073.000) 2026-10-04 14:59:32 Image size of job updated: 533332
	519  -  MemoryUsage of job (MB)
	531344  -  ResidentSetSize of job (KB)
...
006 (78855136.073.000) 2026-10-04 15:04:33 Image size of job updated: 533332
	519  -  MemoryUsage of job (MB)
	531356  -  ResidentSetSize of job (KB)
...
006 (78855136.073.000) 2026-10-04 15:09:34 Image size of job updated: 552028
	539  -  MemoryUsage of job (MB)
	551044  -  ResidentSetSize of job (KB)
...
006 (78855136.073.000) 2026-10-04 15:14:34 Image size of job updated: 552028
	539  -  MemoryUsage of job (MB)
	551052  -  ResidentSetSize of job (KB)
...
006 (78855136.073.000) 2026-10-04 16:51:12 Image size of job updated: 552328
	539  -  MemoryUsage of job (MB)
	551364  -  ResidentSetSize of job (KB)
...
006 (78855136.073.000) 2026-10-04 17:01:14 Image size of job updated: 552328
	539  -  MemoryUsage of job (MB)
	551368  -  ResidentSetSize of job (KB)
...
006 (78855136.073.000) 2026-10-04 17:06:14 Image size of job updated: 552328
	539  -  MemoryUsage of job (MB)
	551432  -  ResidentSetSize of job (KB)
...
006 (78855136.073.000) 2026-10-04 17:11:15 Image size of job updated: 552444
	540  -  MemoryUsage of job (MB)
	552444  -  ResidentSetSize of job (KB)
...
006 (78855136.073.000) 2026-10-04 17:16:16 Image size of job updated: 552448
	540  -  MemoryUsage of job (MB)
	552448  -  ResidentSetSize of job (KB)
...
006 (78855136.073.000) 2026-10-04 17:21:16 Image size of job updated: 554120
	542  -  MemoryUsage of job (MB)
	554120  -  ResidentSetSize of job (KB)
...
006 (78855136.073.000) 2026-10-04 17:26:17 Image size of job updated: 554124
	542  -  MemoryUsage of job (MB)
	554124  -  ResidentSetSize of job (KB)
...
006 (78855136.073.000) 2026-10-04 17:31:18 Image size of job updated: 558368
	546  -  MemoryUsage of job (MB)
	558336  -  ResidentSetSize of job (KB)
...
006 (78855136.073.000) 2026-10-04 17:36:18 Image size of job updated: 558376
	546  -  MemoryUsage of job (MB)
	558376  -  ResidentSetSize of job (KB)
...
006 (78855136.073.000) 2026-10-04 17:41:19 Image size of job updated: 559384
	547  -  MemoryUsage of job (MB)
	559384  -  ResidentSetSize of job (KB)
...
006 (78855136.073.000) 2026-10-04 17:46:20 Image size of job updated: 559388
	547  -  MemoryUsage of job (MB)
	559388  -  ResidentSetSize of job (KB)
...
006 (78855136.073.000) 2026-10-04 17:51:20 Image size of job updated: 559604
	547  -  MemoryUsage of job (MB)
	559604  -  ResidentSetSize of job (KB)
...
006 (78855136.073.000) 2026-10-04 17:56:21 Image size of job updated: 559608
	547  -  MemoryUsage of job (MB)
	559608  -  ResidentSetSize of job (KB)
...
006 (78855136.073.000) 2026-10-04 18:01:22 Image size of job updated: 559624
	547  -  MemoryUsage of job (MB)
	559608  -  ResidentSetSize of job (KB)
...
006 (78855136.073.000) 2026-10-04 18:16:24 Image size of job updated: 577264
	547  -  MemoryUsage of job (MB)
	559608  -  ResidentSetSize of job (KB)
...
006 (78855136.073.000) 2026-10-04 18:26:25 Image size of job updated: 577264
	550  -  MemoryUsage of job (MB)
	562384  -  ResidentSetSize of job (KB)
...
006 (78855136.073.000) 2026-10-04 18:31:26 Image size of job updated: 577264
	550  -  MemoryUsage of job (MB)
	562432  -  ResidentSetSize of job (KB)
...
006 (78855136.073.000) 2026-10-04 19:01:28 Image size of job updated: 577264
	550  -  MemoryUsage of job (MB)
	562504  -  ResidentSetSize of job (KB)
...
006 (78855136.073.000) 2026-10-04 19:26:31 Image size of job updated: 577264
	550  -  MemoryUsage of job (MB)
	562900  -  ResidentSetSize of job (KB)
...
006 (78855136.073.000) 2026-10-04 19:31:32 Image size of job updated: 577264
	551  -  MemoryUsage of job (MB)
	563504  -  ResidentSetSize of job (KB)
...
006 (78855136.073.000) 2026-10-04 19:36:33 Image size of job updated: 577264
	555  -  MemoryUsage of job (MB)
	567304  -  ResidentSetSize of job (KB)
...
006 (78855136.073.000) 2026-10-04 19:46:34 Image size of job updated: 577264
	556  -  MemoryUsage of job (MB)
	568972  -  ResidentSetSize of job (KB)
...
006 (78855136.073.000) 2026-10-04 19:51:35 Image size of job updated: 577264
	556  -  MemoryUsage of job (MB)
	568976  -  ResidentSetSize of job (KB)
...
006 (78855136.073.000) 2026-10-04 19:56:35 Image size of job updated: 577264
	557  -  MemoryUsage of job (MB)
	570348  -  ResidentSetSize of job (KB)
...
006 (78855136.073.000) 2026-10-04 20:01:36 Image size of job updated: 577264
	558  -  MemoryUsage of job (MB)
	570380  -  ResidentSetSize of job (KB)
...
006 (78855136.073.000) 2026-10-04 20:06:37 Image size of job updated: 577264
	558  -  MemoryUsage of job (MB)
	571384  -  ResidentSetSize of job (KB)
...
006 (78855136.073.000) 2026-10-04 20:16:37 Image size of job updated: 577264
	559  -  MemoryUsage of job (MB)
	572392  -  ResidentSetSize of job (KB)
...
006 (78855136.073.000) 2026-10-04 20:21:38 Image size of job updated: 577264
	559  -  MemoryUsage of job (MB)
	572400  -  ResidentSetSize of job (KB)
...
006 (78855136.073.000) 2026-10-04 20:26:38 Image size of job updated: 577264
	560  -  MemoryUsage of job (MB)
	572468  -  ResidentSetSize of job (KB)
...
006 (78855136.073.000) 2026-10-04 20:31:38 Image size of job updated: 577264
	560  -  MemoryUsage of job (MB)
	572472  -  ResidentSetSize of job (KB)
...
006 (78855136.073.000) 2026-10-04 20:46:39 Image size of job updated: 577264
	562  -  MemoryUsage of job (MB)
	574976  -  ResidentSetSize of job (KB)
...
006 (78855136.073.000) 2026-10-04 20:51:40 Image size of job updated: 577264
	562  -  MemoryUsage of job (MB)
	574980  -  ResidentSetSize of job (KB)
...
006 (78855136.073.000) 2026-10-04 20:56:40 Image size of job updated: 577264
	563  -  MemoryUsage of job (MB)
	575684  -  ResidentSetSize of job (KB)
...
006 (78855136.073.000) 2026-10-04 21:01:40 Image size of job updated: 577264
	563  -  MemoryUsage of job (MB)
	575688  -  ResidentSetSize of job (KB)
...
006 (78855136.073.000) 2026-10-04 21:16:41 Image size of job updated: 577264
	563  -  MemoryUsage of job (MB)
	575704  -  ResidentSetSize of job (KB)
...
006 (78855136.073.000) 2026-10-04 21:21:42 Image size of job updated: 577264
	563  -  MemoryUsage of job (MB)
	575708  -  ResidentSetSize of job (KB)
...
006 (78855136.073.000) 2026-10-04 21:26:43 Image size of job updated: 577264
	563  -  MemoryUsage of job (MB)
	576324  -  ResidentSetSize of job (KB)
...
006 (78855136.073.000) 2026-10-04 21:31:43 Image size of job updated: 577264
	563  -  MemoryUsage of job (MB)
	576328  -  ResidentSetSize of job (KB)
...
006 (78855136.073.000) 2026-10-04 21:36:44 Image size of job updated: 578680
	563  -  MemoryUsage of job (MB)
	576328  -  ResidentSetSize of job (KB)
...
006 (78855136.073.000) 2026-10-04 21:46:45 Image size of job updated: 578680
	565  -  MemoryUsage of job (MB)
	577576  -  ResidentSetSize of job (KB)
...
006 (78855136.073.000) 2026-10-04 21:51:46 Image size of job updated: 578680
	565  -  MemoryUsage of job (MB)
	577592  -  ResidentSetSize of job (KB)
...
006 (78855136.073.000) 2026-10-04 21:56:47 Image size of job updated: 578680
	565  -  MemoryUsage of job (MB)
	577772  -  ResidentSetSize of job (KB)
...
006 (78855136.073.000) 2026-10-04 22:21:49 Image size of job updated: 579484
	566  -  MemoryUsage of job (MB)
	579484  -  ResidentSetSize of job (KB)
...
006 (78855136.073.000) 2026-10-04 22:26:50 Image size of job updated: 579692
	567  -  MemoryUsage of job (MB)
	579692  -  ResidentSetSize of job (KB)
...
006 (78855136.073.000) 2026-10-04 22:31:50 Image size of job updated: 581144
	567  -  MemoryUsage of job (MB)
	579692  -  ResidentSetSize of job (KB)
...
006 (78855136.073.000) 2026-10-04 22:51:51 Image size of job updated: 581160
	567  -  MemoryUsage of job (MB)
	580152  -  ResidentSetSize of job (KB)
...
006 (78855136.073.000) 2026-10-04 22:56:52 Image size of job updated: 581160
	567  -  MemoryUsage of job (MB)
	580208  -  ResidentSetSize of job (KB)
...
006 (78855136.073.000) 2026-10-04 23:11:53 Image size of job updated: 581460
	567  -  MemoryUsage of job (MB)
	580208  -  ResidentSetSize of job (KB)
...
006 (78855136.073.000) 2026-10-04 23:51:57 Image size of job updated: 583880
	567  -  MemoryUsage of job (MB)
	580344  -  ResidentSetSize of job (KB)
...
006 (78855136.073.000) 2026-10-05 00:01:59 Image size of job updated: 585788
	569  -  MemoryUsage of job (MB)
	581756  -  ResidentSetSize of job (KB)
...
006 (78855136.073.000) 2026-10-05 00:06:59 Image size of job updated: 585788
	569  -  MemoryUsage of job (MB)
	581964  -  ResidentSetSize of job (KB)
...
006 (78855136.073.000) 2026-10-05 00:12:00 Image size of job updated: 585788
	569  -  MemoryUsage of job (MB)
	582172  -  ResidentSetSize of job (KB)
...
006 (78855136.073.000) 2026-10-05 00:17:01 Image size of job updated: 585788
	569  -  MemoryUsage of job (MB)
	582188  -  ResidentSetSize of job (KB)
...
006 (78855136.073.000) 2026-10-05 00:52:05 Image size of job updated: 588212
	574  -  MemoryUsage of job (MB)
	587204  -  ResidentSetSize of job (KB)
...
006 (78855136.073.000) 2026-10-05 00:57:06 Image size of job updated: 588212
	574  -  MemoryUsage of job (MB)
	587208  -  ResidentSetSize of job (KB)
...
006 (78855136.073.000) 2026-10-05 01:02:07 Image size of job updated: 589140
	576  -  MemoryUsage of job (MB)
	589140  -  ResidentSetSize of job (KB)
...
006 (78855136.073.000) 2026-10-05 01:27:08 Image size of job updated: 589936
	576  -  MemoryUsage of job (MB)
	589140  -  ResidentSetSize of job (KB)
...
006 (78855136.073.000) 2026-10-05 01:37:09 Image size of job updated: 594148
	576  -  MemoryUsage of job (MB)
	589140  -  ResidentSetSize of job (KB)
...
006 (78855136.073.000) 2026-10-05 02:07:12 Image size of job updated: 595500
	576  -  MemoryUsage of job (MB)
	589140  -  ResidentSetSize of job (KB)
...
006 (78855136.073.000) 2026-10-05 03:07:20 Image size of job updated: 599680
	576  -  MemoryUsage of job (MB)
	589140  -  ResidentSetSize of job (KB)
...
006 (78855136.073.000) 2026-10-05 04:12:24 Image size of job updated: 617644
	576  -  MemoryUsage of job (MB)
	589140  -  ResidentSetSize of job (KB)
...
006 (78855136.073.000) 2026-10-05 04:22:25 Image size of job updated: 617644
	576  -  MemoryUsage of job (MB)
	589764  -  ResidentSetSize of job (KB)
...
006 (78855136.073.000) 2026-10-05 04:32:25 Image size of job updated: 617644
	586  -  MemoryUsage of job (MB)
	599744  -  ResidentSetSize of job (KB)
...
006 (78855136.073.000) 2026-10-05 05:02:29 Image size of job updated: 617644
	590  -  MemoryUsage of job (MB)
	604128  -  ResidentSetSize of job (KB)
...
006 (78855136.073.000) 2026-10-05 05:07:30 Image size of job updated: 617644
	590  -  MemoryUsage of job (MB)
	604140  -  ResidentSetSize of job (KB)
...
006 (78855136.073.000) 2026-10-05 05:12:31 Image size of job updated: 627140
	590  -  MemoryUsage of job (MB)
	604140  -  ResidentSetSize of job (KB)
...
006 (78855136.073.000) 2026-10-05 05:52:36 Image size of job updated: 627140
	592  -  MemoryUsage of job (MB)
	606024  -  ResidentSetSize of job (KB)
...
006 (78855136.073.000) 2026-10-05 05:57:37 Image size of job updated: 627140
	592  -  MemoryUsage of job (MB)
	606032  -  ResidentSetSize of job (KB)
...
006 (78855136.073.000) 2026-10-05 06:12:39 Image size of job updated: 627140
	596  -  MemoryUsage of job (MB)
	609468  -  ResidentSetSize of job (KB)
...
006 (78855136.073.000) 2026-10-05 07:07:46 Image size of job updated: 627140
	596  -  MemoryUsage of job (MB)
	610104  -  ResidentSetSize of job (KB)
...
006 (78855136.073.000) 2026-10-05 07:12:47 Image size of job updated: 627140
	596  -  MemoryUsage of job (MB)
	610108  -  ResidentSetSize of job (KB)
...
006 (78855136.073.000) 2026-10-05 07:17:47 Image size of job updated: 627140
	600  -  MemoryUsage of job (MB)
	614392  -  ResidentSetSize of job (KB)
...
006 (78855136.073.000) 2026-10-05 07:22:48 Image size of job updated: 627140
	601  -  MemoryUsage of job (MB)
	614504  -  ResidentSetSize of job (KB)
...
006 (78855136.073.000) 2026-10-05 07:27:49 Image size of job updated: 657812
	604  -  MemoryUsage of job (MB)
	617956  -  ResidentSetSize of job (KB)
...
006 (78855136.073.000) 2026-10-05 07:32:49 Image size of job updated: 657812
	604  -  MemoryUsage of job (MB)
	617972  -  ResidentSetSize of job (KB)
...
006 (78855136.073.000) 2026-10-05 07:37:50 Image size of job updated: 657812
	604  -  MemoryUsage of job (MB)
	618372  -  ResidentSetSize of job (KB)
...
006 (78855136.073.000) 2026-10-05 07:42:51 Image size of job updated: 657812
	604  -  MemoryUsage of job (MB)
	618456  -  ResidentSetSize of job (KB)
...
006 (78855136.073.000) 2026-10-05 08:07:53 Image size of job updated: 657812
	605  -  MemoryUsage of job (MB)
	618528  -  ResidentSetSize of job (KB)
...
006 (78855136.073.000) 2026-10-05 08:12:54 Image size of job updated: 657812
	605  -  MemoryUsage of job (MB)
	618608  -  ResidentSetSize of job (KB)
...
006 (78855136.073.000) 2026-10-05 08:17:54 Image size of job updated: 657812
	608  -  MemoryUsage of job (MB)
	621608  -  ResidentSetSize of job (KB)
...
006 (78855136.073.000) 2026-10-05 08:22:54 Image size of job updated: 657812
	608  -  MemoryUsage of job (MB)
	621628  -  ResidentSetSize of job (KB)
...
006 (78855136.073.000) 2026-10-05 08:27:55 Image size of job updated: 657812
	608  -  MemoryUsage of job (MB)
	621632  -  ResidentSetSize of job (KB)
...
006 (78855136.073.000) 2026-10-05 11:13:14 Image size of job updated: 669796
	609  -  MemoryUsage of job (MB)
	622944  -  ResidentSetSize of job (KB)
...
006 (78855136.073.000) 2026-10-05 11:18:14 Image size of job updated: 669796
	609  -  MemoryUsage of job (MB)
	622976  -  ResidentSetSize of job (KB)
...
006 (78855136.073.000) 2026-10-05 11:46:40 Image size of job updated: 740452
	609  -  MemoryUsage of job (MB)
	622976  -  ResidentSetSize of job (KB)
...
005 (78855136.073.000) 2026-10-05 11:46:40 Job terminated.
	(1) Normal termination (return value 0)
		Usr 2 19:28:13, Sys 0 00:02:55  -  Run Remote Usage
		Usr 0 00:00:00, Sys 0 00:00:00  -  Run Local Usage
		Usr 2 19:28:13, Sys 0 00:02:55  -  Total Remote Usage
		Usr 0 00:00:00, Sys 0 00:00:00  -  Total Local Usage
	0  -  Run Bytes Sent By Job
	0  -  Run Bytes Received By Job
	0  -  Total Bytes Sent By Job
	0  -  Total Bytes Received By Job
	Partitionable Resources :    Usage  Request Allocated 
	   Cpus                 :     3.50        4         4 
	   Disk (KB)            : 25000       25000     28672 
	   GPUs                 :                           0 
	   Memory (MB)          :   609       15000     15104 
	   TimeExecute (s)      : 79042                       
	   TimeSlotBusy (s)     : 79043                       
...
