000 (78852668.074.000) 2026-10-01 10:44:08 Job submitted from host: <10.14.0.121:9618?addrs=10.14.0.121-9618&alias=ldas-pcdev12.ligo.caltech.edu&noUDP&sock=schedd_623140_c9b4>
...
001 (78852668.074.000) 2026-10-01 10:48:03 Job executing on host: <10.14.10.129:9618?addrs=10.14.10.129-9618&alias=node2379.cluster.ldas.cit&noUDP&sock=startd_2659246_25db>
	SlotName: slot1_2@node2379.cluster.ldas.cit
	CondorScratchDir = "/var/lib/condor/execute/dir_3760020/scratch"
	Cpus = 4
	Disk = 28672
	GPUs = 0
	Memory = 15104
...
006 (78852668.074.000) 2026-10-01 10:48:03 Image size of job updated: 25000
	0  -  MemoryUsage of job (MB)
	0  -  ResidentSetSize of job (KB)
...
005 (78852668.074.000) 2026-10-01 10:48:03 Job terminated.
	(1) Normal termination (return value 1)
		Usr 0 00:00:00, Sys 0 00:00:00  -  Run Remote Usage
		Usr 0 00:00:00, Sys 0 00:00:00  -  Run Local Usage
		Usr 0 00:00:00, Sys 0 00:00:00  -  Total Remote Usage
		Usr 0 00:00:00, Sys 0 00:00:00  -  Total Local Usage
	0  -  Run Bytes Sent By Job
	0  -  Run Bytes Received By Job
	0  -  Total Bytes Sent By Job
	0  -  Total Bytes Received By Job
	Partitionable Resources :    Usage  Request Allocated 
	   Cpus                 :                 4         4 
	   Disk (KB)            :    25000    25000     28672 
	   GPUs                 :                           0 
	   Memory (MB)          :        0    15000     15104 
	   TimeExecute (s)      :        0                    
	   TimeSlotBusy (s)     :        0                    
...
000 (78854871.074.000) 2026-10-03 17:15:42 Job submitted from host: <10.14.0.121:9618?addrs=10.14.0.121-9618&alias=ldas-pcdev12.ligo.caltech.edu&noUDP&sock=schedd_623140_c9b4>
...
001 (78854871.074.000) 2026-10-03 17:16:40 Job executing on host: <10.14.10.66:9618?addrs=10.14.10.66-9618&alias=node2316.cluster.ldas.cit&noUDP&sock=startd_4060791_713f>
	SlotName: slot1_14@node2316.cluster.ldas.cit
	CondorScratchDir = "/var/lib/condor/execute/dir_3258113/scratch"
	Cpus = 4
	Disk = 28672
	GPUs = 0
	Memory = 15104
...
006 (78854871.074.000) 2026-10-03 17:16:41 Image size of job updated: 25000
	0  -  MemoryUsage of job (MB)
	0  -  ResidentSetSize of job (KB)
...
005 (78854871.074.000) 2026-10-03 17:16:41 Job terminated.
	(1) Normal termination (return value 1)
		Usr 0 00:00:00, Sys 0 00:00:00  -  Run Remote Usage
		Usr 0 00:00:00, Sys 0 00:00:00  -  Run Local Usage
		Usr 0 00:00:00, Sys 0 00:00:00  -  Total Remote Usage
		Usr 0 00:00:00, Sys 0 00:00:00  -  Total Local Usage
	0  -  Run Bytes Sent By Job
	0  -  Run Bytes Received By Job
	0  -  Total Bytes Sent By Job
	0  -  Total Bytes Received By Job
	Partitionable Resources :    Usage  Request Allocated 
	   Cpus                 :                 4         4 
	   Disk (KB)            :    25000    25000     28672 
	   GPUs                 :                           0 
	   Memory (MB)          :        0    15000     15104 
	   TimeExecute (s)      :        1                    
	   TimeSlotBusy (s)     :        1                    
...
000 (78854907.074.000) 2026-10-03 21:37:08 Job submitted from host: <10.14.0.121:9618?addrs=10.14.0.121-9618&alias=ldas-pcdev12.ligo.caltech.edu&noUDP&sock=schedd_623140_c9b4>
...
001 (78854907.074.000) 2026-10-03 21:38:42 Job executing on host: <10.14.5.223:9618?addrs=10.14.5.223-9618&alias=node1223.cluster.ldas.cit&noUDP&sock=startd_157829_2513>
	SlotName: slot1_1@node1223.cluster.ldas.cit
	CondorScratchDir = "/var/lib/condor/execute/dir_632026/scratch"
	Cpus = 4
	Disk = 28672
	GPUs = 0
	Memory = 15104
...
006 (78854907.074.000) 2026-10-03 21:38:50 Image size of job updated: 310620
	304  -  MemoryUsage of job (MB)
	310620  -  ResidentSetSize of job (KB)
...
006 (78854907.074.000) 2026-10-03 21:43:50 Image size of job updated: 373668
	365  -  MemoryUsage of job (MB)
	373668  -  ResidentSetSize of job (KB)
...
006 (78854907.074.000) 2026-10-03 21:48:51 Image size of job updated: 374508
	366  -  MemoryUsage of job (MB)
	374508  -  ResidentSetSize of job (KB)
...
006 (78854907.074.000) 2026-10-03 21:53:52 Image size of job updated: 478644
	468  -  MemoryUsage of job (MB)
	478644  -  ResidentSetSize of job (KB)
...
006 (78854907.074.000) 2026-10-03 21:58:52 Image size of job updated: 478920
	468  -  MemoryUsage of job (MB)
	478920  -  ResidentSetSize of job (KB)
...
006 (78854907.074.000) 2026-10-03 22:03:53 Image size of job updated: 499272
	488  -  MemoryUsage of job (MB)
	499272  -  ResidentSetSize of job (KB)
...
006 (78854907.074.000) 2026-10-03 22:08:54 Image size of job updated: 512280
	501  -  MemoryUsage of job (MB)
	512280  -  ResidentSetSize of job (KB)
...
006 (78854907.074.000) 2026-10-03 22:13:54 Image size of job updated: 540700
	529  -  MemoryUsage of job (MB)
	540700  -  ResidentSetSize of job (KB)
...
006 (78854907.074.000) 2026-10-03 22:18:55 Image size of job updated: 544352
	532  -  MemoryUsage of job (MB)
	544352  -  ResidentSetSize of job (KB)
...
006 (78854907.074.000) 2026-10-03 22:23:56 Image size of job updated: 558244
	546  -  MemoryUsage of job (MB)
	558244  -  ResidentSetSize of job (KB)
...
006 (78854907.074.000) 2026-10-03 22:28:56 Image size of job updated: 558252
	546  -  MemoryUsage of job (MB)
	558252  -  ResidentSetSize of job (KB)
...
006 (78854907.074.000) 2026-10-03 22:33:57 Image size of job updated: 561200
	549  -  MemoryUsage of job (MB)
	561200  -  ResidentSetSize of job (KB)
...
006 (78854907.074.000) 2026-10-03 22:38:58 Image size of job updated: 561212
	549  -  MemoryUsage of job (MB)
	561212  -  ResidentSetSize of job (KB)
...
006 (78854907.074.000) 2026-10-03 22:43:58 Image size of job updated: 562796
	550  -  MemoryUsage of job (MB)
	562796  -  ResidentSetSize of job (KB)
...
006 (78854907.074.000) 2026-10-03 22:48:59 Image size of job updated: 564732
	552  -  MemoryUsage of job (MB)
	564732  -  ResidentSetSize of job (KB)
...
006 (78854907.074.000) 2026-10-03 22:54:00 Image size of job updated: 564748
	552  -  MemoryUsage of job (MB)
	564748  -  ResidentSetSize of job (KB)
...
006 (78854907.074.000) 2026-10-03 22:59:00 Image size of job updated: 564756
	552  -  MemoryUsage of job (MB)
	564756  -  ResidentSetSize of job (KB)
...
006 (78854907.074.000) 2026-10-03 23:04:01 Image size of job updated: 565804
	553  -  MemoryUsage of job (MB)
	565804  -  ResidentSetSize of job (KB)
...
006 (78854907.074.000) 2026-10-03 23:09:02 Image size of job updated: 565812
	553  -  MemoryUsage of job (MB)
	565812  -  ResidentSetSize of job (KB)
...
006 (78854907.074.000) 2026-10-03 23:14:02 Image size of job updated: 565824
	553  -  MemoryUsage of job (MB)
	565824  -  ResidentSetSize of job (KB)
...
006 (78854907.074.000) 2026-10-03 23:19:03 Image size of job updated: 565828
	553  -  MemoryUsage of job (MB)
	565828  -  ResidentSetSize of job (KB)
...
006 (78854907.074.000) 2026-10-03 23:24:04 Image size of job updated: 565836
	553  -  MemoryUsage of job (MB)
	565836  -  ResidentSetSize of job (KB)
...
006 (78854907.074.000) 2026-10-03 23:29:04 Image size of job updated: 565840
	553  -  MemoryUsage of job (MB)
	565840  -  ResidentSetSize of job (KB)
...
006 (78854907.074.000) 2026-10-03 23:34:04 Image size of job updated: 574664
	560  -  MemoryUsage of job (MB)
	572468  -  ResidentSetSize of job (KB)
...
006 (78854907.074.000) 2026-10-03 23:39:05 Image size of job updated: 574664
	560  -  MemoryUsage of job (MB)
	572472  -  ResidentSetSize of job (KB)
...
006 (78854907.074.000) 2026-10-04 00:19:07 Image size of job updated: 574664
	560  -  MemoryUsage of job (MB)
	572532  -  ResidentSetSize of job (KB)
...
006 (78854907.074.000) 2026-10-04 00:29:08 Image size of job updated: 574664
	560  -  MemoryUsage of job (MB)
	572540  -  ResidentSetSize of job (KB)
...
006 (78854907.074.000) 2026-10-04 00:34:08 Image size of job updated: 574664
	560  -  MemoryUsage of job (MB)
	572544  -  ResidentSetSize of job (KB)
...
006 (78854907.074.000) 2026-10-04 00:44:09 Image size of job updated: 574664
	560  -  MemoryUsage of job (MB)
	572548  -  ResidentSetSize of job (KB)
...
006 (78854907.074.000) 2026-10-04 00:59:10 Image size of job updated: 574664
	560  -  MemoryUsage of job (MB)
	572552  -  ResidentSetSize of job (KB)
...
006 (78854907.074.000) 2026-10-04 01:04:10 Image size of job updated: 574664
	560  -  MemoryUsage of job (MB)
	572556  -  ResidentSetSize of job (KB)
...
006 (78854907.074.000) 2026-10-04 01:19:11 Image size of job updated: 574664
	562  -  MemoryUsage of job (MB)
	574608  -  ResidentSetSize of job (KB)
...
006 (78854907.074.000) 2026-10-04 01:29:13 Image size of job updated: 575636
	563  -  MemoryUsage of job (MB)
	575636  -  ResidentSetSize of job (KB)
...
006 (78854907.074.000) 2026-10-04 01:34:13 Image size of job updated: 575640
	563  -  MemoryUsage of job (MB)
	575640  -  ResidentSetSize of job (KB)
...
006 (78854907.074.000) 2026-10-04 01:39:14 Image size of job updated: 575764
	563  -  MemoryUsage of job (MB)
	575764  -  ResidentSetSize of job (KB)
...
006 (78854907.074.000) 2026-10-04 01:49:14 Image size of job updated: 576548
	564  -  MemoryUsage of job (MB)
	576548  -  ResidentSetSize of job (KB)
...
006 (78854907.074.000) 2026-10-04 01:54:15 Image size of job updated: 576552
	564  -  MemoryUsage of job (MB)
	576552  -  ResidentSetSize of job (KB)
...
006 (78854907.074.000) 2026-10-04 01:59:16 Image size of job updated: 578716
	566  -  MemoryUsage of job (MB)
	578716  -  ResidentSetSize of job (KB)
...
006 (78854907.074.000) 2026-10-04 02:34:20 Image size of job updated: 579748
	567  -  MemoryUsage of job (MB)
	579748  -  ResidentSetSize of job (KB)
...
006 (78854907.074.000) 2026-10-04 04:54:32 Image size of job updated: 581824
	569  -  MemoryUsage of job (MB)
	581824  -  ResidentSetSize of job (KB)
...
006 (78854907.074.000) 2026-10-04 05:04:32 Image size of job updated: 582848
	570  -  MemoryUsage of job (MB)
	582848  -  ResidentSetSize of job (KB)
...
006 (78854907.074.000) 2026-10-04 05:29:34 Image size of job updated: 598704
	585  -  MemoryUsage of job (MB)
	598704  -  ResidentSetSize of job (KB)
...
006 (78854907.074.000) 2026-10-04 09:14:50 Image size of job updated: 601652
	587  -  MemoryUsage of job (MB)
	600628  -  ResidentSetSize of job (KB)
...
006 (78854907.074.000) 2026-10-04 09:24:51 Image size of job updated: 602032
	588  -  MemoryUsage of job (MB)
	602032  -  ResidentSetSize of job (KB)
...
006 (78854907.074.000) 2026-10-04 09:34:52 Image size of job updated: 604080
	590  -  MemoryUsage of job (MB)
	604080  -  ResidentSetSize of job (KB)
...
006 (78854907.074.000) 2026-10-04 09:49:54 Image size of job updated: 605236
	591  -  MemoryUsage of job (MB)
	604212  -  ResidentSetSize of job (KB)
...
006 (78854907.074.000) 2026-10-04 10:29:59 Image size of job updated: 605236
	591  -  MemoryUsage of job (MB)
	604216  -  ResidentSetSize of job (KB)
...
006 (78854907.074.000) 2026-10-04 10:50:02 Image size of job updated: 607288
	594  -  MemoryUsage of job (MB)
	607288  -  ResidentSetSize of job (KB)
...
006 (78854907.074.000) 2026-10-04 11:45:05 Image size of job updated: 608828
	595  -  MemoryUsage of job (MB)
	608828  -  ResidentSetSize of job (KB)
...
006 (78854907.074.000) 2026-10-04 12:10:08 Image size of job updated: 608832
	595  -  MemoryUsage of job (MB)
	608832  -  ResidentSetSize of job (KB)
...
006 (78854907.074.000) 2026-10-04 12:15:09 Image size of job updated: 608836
	595  -  MemoryUsage of job (MB)
	608836  -  ResidentSetSize of job (KB)
...
006 (78854907.074.000) 2026-10-04 12:50:14 Image size of job updated: 608840
	595  -  MemoryUsage of job (MB)
	608840  -  ResidentSetSize of job (KB)
...
006 (78854907.074.000) 2026-10-04 13:20:16 Image size of job updated: 608844
	595  -  MemoryUsage of job (MB)
	608844  -  ResidentSetSize of job (KB)
...
006 (78854907.074.000) 2026-10-04 13:35:17 Image size of job updated: 608852
	595  -  MemoryUsage of job (MB)
	608852  -  ResidentSetSize of job (KB)
...
006 (78854907.074.000) 2026-10-04 13:44:55 Image size of job updated: 608876
	595  -  MemoryUsage of job (MB)
	608852  -  ResidentSetSize of job (KB)
...
004 (78854907.074.000) 2026-10-04 13:44:56 Job was evicted. Code 1023 Subcode 0
	(0) CPU times
		Usr 2 03:50:29, Sys 0 00:06:37  -  Run Remote Usage
		Usr 0 00:00:00, Sys 0 00:00:00  -  Run Local Usage
	0  -  Run Bytes Sent By Job
	0  -  Run Bytes Received By Job
	Reason: via condor_rm (by user pratyusava.baral)
	Partitionable Resources :    Usage  Request Allocated 
	   Cpus                 :     3.54        4         4 
	   Disk (KB)            : 25000       25000     28672 
	   GPUs                 :                           0 
	   Memory (MB)          :   595       15000     15104 
	   TimeExecute (s)      : 57973                       
	   TimeSlotBusy (s)     : 57974                       
...
009 (78854907.074.000) 2026-10-04 13:44:56 Job was aborted.
	via condor_rm (by user pratyusava.baral)
...
000 (78855136.074.000) 2026-10-04 13:45:07 Job submitted from host: <10.14.0.121:9618?addrs=10.14.0.121-9618&alias=ldas-pcdev12.ligo.caltech.edu&noUDP&sock=schedd_623140_c9b4>
...
001 (78855136.074.000) 2026-10-04 13:49:18 Job executing on host: <10.14.7.1:9618?addrs=10.14.7.1-9618&alias=node1501.cluster.ldas.cit&noUDP&sock=startd_30755_f34c>
	SlotName: slot1_1@node1501.cluster.ldas.cit
	CondorScratchDir = "/var/lib/condor/execute/dir_657424/scratch"
	Cpus = 4
	Disk = 28672
	GPUs = 0
	Memory = 15104
...
006 (78855136.074.000) 2026-10-04 13:49:26 Image size of job updated: 345340
	338  -  MemoryUsage of job (MB)
	345340  -  ResidentSetSize of job (KB)
...
006 (78855136.074.000) 2026-10-04 13:54:26 Image size of job updated: 350892
	343  -  MemoryUsage of job (MB)
	350892  -  ResidentSetSize of job (KB)
...
006 (78855136.074.000) 2026-10-04 13:59:26 Image size of job updated: 509384
	498  -  MemoryUsage of job (MB)
	509384  -  ResidentSetSize of job (KB)
...
006 (78855136.074.000) 2026-10-04 14:04:27 Image size of job updated: 525944
	514  -  MemoryUsage of job (MB)
	525944  -  ResidentSetSize of job (KB)
...
006 (78855136.074.000) 2026-10-04 14:09:27 Image size of job updated: 541012
	529  -  MemoryUsage of job (MB)
	541012  -  ResidentSetSize of job (KB)
...
006 (78855136.074.000) 2026-10-04 14:14:27 Image size of job updated: 543708
	531  -  MemoryUsage of job (MB)
	543708  -  ResidentSetSize of job (KB)
...
006 (78855136.074.000) 2026-10-04 14:19:28 Image size of job updated: 543756
	531  -  MemoryUsage of job (MB)
	543708  -  ResidentSetSize of job (KB)
...
006 (78855136.074.000) 2026-10-04 14:29:28 Image size of job updated: 554932
	542  -  MemoryUsage of job (MB)
	554932  -  ResidentSetSize of job (KB)
...
006 (78855136.074.000) 2026-10-04 14:34:29 Image size of job updated: 555004
	542  -  MemoryUsage of job (MB)
	555004  -  ResidentSetSize of job (KB)
...
006 (78855136.074.000) 2026-10-04 14:39:29 Image size of job updated: 555044
	542  -  MemoryUsage of job (MB)
	555004  -  ResidentSetSize of job (KB)
...
006 (78855136.074.000) 2026-10-04 15:09:31 Image size of job updated: 555148
	543  -  MemoryUsage of job (MB)
	555148  -  ResidentSetSize of job (KB)
...
006 (78855136.074.000) 2026-10-04 15:14:31 Image size of job updated: 555160
	543  -  MemoryUsage of job (MB)
	555160  -  ResidentSetSize of job (KB)
...
006 (78855136.074.000) 2026-10-04 15:19:32 Image size of job updated: 555192
	543  -  MemoryUsage of job (MB)
	555160  -  ResidentSetSize of job (KB)
...
006 (78855136.074.000) 2026-10-04 15:29:32 Image size of job updated: 563872
	551  -  MemoryUsage of job (MB)
	563872  -  ResidentSetSize of job (KB)
...
006 (78855136.074.000) 2026-10-04 15:34:33 Image size of job updated: 563876
	551  -  MemoryUsage of job (MB)
	563876  -  ResidentSetSize of job (KB)
...
006 (78855136.074.000) 2026-10-04 15:39:33 Image size of job updated: 564756
	551  -  MemoryUsage of job (MB)
	563876  -  ResidentSetSize of job (KB)
...
006 (78855136.074.000) 2026-10-04 15:49:34 Image size of job updated: 578380
	565  -  MemoryUsage of job (MB)
	578380  -  ResidentSetSize of job (KB)
...
006 (78855136.074.000) 2026-10-04 15:54:34 Image size of job updated: 578396
	565  -  MemoryUsage of job (MB)
	578396  -  ResidentSetSize of job (KB)
...
006 (78855136.074.000) 2026-10-04 15:59:34 Image size of job updated: 585972
	573  -  MemoryUsage of job (MB)
	585972  -  ResidentSetSize of job (KB)
...
006 (78855136.074.000) 2026-10-04 16:09:18 Image size of job updated: 585980
	573  -  MemoryUsage of job (MB)
	585980  -  ResidentSetSize of job (KB)
...
006 (78855136.074.000) 2026-10-04 16:23:28 Image size of job updated: 590332
	577  -  MemoryUsage of job (MB)
	590332  -  ResidentSetSize of job (KB)
...
006 (78855136.074.000) 2026-10-04 16:34:48 Image size of job updated: 591364
	577  -  MemoryUsage of job (MB)
	590432  -  ResidentSetSize of job (KB)
...
006 (78855136.074.000) 2026-10-04 16:41:36 Image size of job updated: 591460
	577  -  MemoryUsage of job (MB)
	590432  -  ResidentSetSize of job (KB)
...
006 (78855136.074.000) 2026-10-04 16:51:36 Image size of job updated: 592500
	579  -  MemoryUsage of job (MB)
	592500  -  ResidentSetSize of job (KB)
...
006 (78855136.074.000) 2026-10-04 16:56:37 Image size of job updated: 592508
	579  -  MemoryUsage of job (MB)
	592508  -  ResidentSetSize of job (KB)
...
006 (78855136.074.000) 2026-10-04 17:01:37 Image size of job updated: 593536
	580  -  MemoryUsage of job (MB)
	593536  -  ResidentSetSize of job (KB)
...
006 (78855136.074.000) 2026-10-04 17:06:37 Image size of job updated: 593544
	580  -  MemoryUsage of job (MB)
	593544  -  ResidentSetSize of job (KB)
...
006 (78855136.074.000) 2026-10-04 17:11:38 Image size of job updated: 600060
	586  -  MemoryUsage of job (MB)
	600060  -  ResidentSetSize of job (KB)
...
006 (78855136.074.000) 2026-10-04 17:16:39 Image size of job updated: 600084
	587  -  MemoryUsage of job (MB)
	600084  -  ResidentSetSize of job (KB)
...
006 (78855136.074.000) 2026-10-04 17:21:39 Image size of job updated: 604936
	591  -  MemoryUsage of job (MB)
	604936  -  ResidentSetSize of job (KB)
...
006 (78855136.074.000) 2026-10-04 17:26:40 Image size of job updated: 604940
	591  -  MemoryUsage of job (MB)
	604940  -  ResidentSetSize of job (KB)
...
006 (78855136.074.000) 2026-10-04 17:31:41 Image size of job updated: 605972
	592  -  MemoryUsage of job (MB)
	605972  -  ResidentSetSize of job (KB)
...
006 (78855136.074.000) 2026-10-04 17:36:41 Image size of job updated: 605976
	592  -  MemoryUsage of job (MB)
	605976  -  ResidentSetSize of job (KB)
...
006 (78855136.074.000) 2026-10-04 17:41:42 Image size of job updated: 608200
	594  -  MemoryUsage of job (MB)
	608200  -  ResidentSetSize of job (KB)
...
006 (78855136.074.000) 2026-10-04 17:46:43 Image size of job updated: 608204
	594  -  MemoryUsage of job (MB)
	608204  -  ResidentSetSize of job (KB)
...
006 (78855136.074.000) 2026-10-04 17:51:43 Image size of job updated: 611280
	597  -  MemoryUsage of job (MB)
	611280  -  ResidentSetSize of job (KB)
...
006 (78855136.074.000) 2026-10-04 18:06:44 Image size of job updated: 614784
	599  -  MemoryUsage of job (MB)
	612740  -  ResidentSetSize of job (KB)
...
006 (78855136.074.000) 2026-10-04 18:11:45 Image size of job updated: 614784
	599  -  MemoryUsage of job (MB)
	612940  -  ResidentSetSize of job (KB)
...
006 (78855136.074.000) 2026-10-04 18:16:45 Image size of job updated: 614784
	601  -  MemoryUsage of job (MB)
	614776  -  ResidentSetSize of job (KB)
...
006 (78855136.074.000) 2026-10-04 18:21:45 Image size of job updated: 614784
	601  -  MemoryUsage of job (MB)
	614780  -  ResidentSetSize of job (KB)
...
006 (78855136.074.000) 2026-10-04 18:26:46 Image size of job updated: 616084
	602  -  MemoryUsage of job (MB)
	616084  -  ResidentSetSize of job (KB)
...
006 (78855136.074.000) 2026-10-04 18:31:47 Image size of job updated: 616088
	602  -  MemoryUsage of job (MB)
	616088  -  ResidentSetSize of job (KB)
...
006 (78855136.074.000) 2026-10-04 18:36:47 Image size of job updated: 623700
	610  -  MemoryUsage of job (MB)
	623700  -  ResidentSetSize of job (KB)
...
006 (78855136.074.000) 2026-10-04 18:46:49 Image size of job updated: 623704
	610  -  MemoryUsage of job (MB)
	623704  -  ResidentSetSize of job (KB)
...
006 (78855136.074.000) 2026-10-04 18:51:49 Image size of job updated: 623708
	610  -  MemoryUsage of job (MB)
	623708  -  ResidentSetSize of job (KB)
...
006 (78855136.074.000) 2026-10-04 19:01:51 Image size of job updated: 623712
	610  -  MemoryUsage of job (MB)
	623712  -  ResidentSetSize of job (KB)
...
006 (78855136.074.000) 2026-10-04 19:06:51 Image size of job updated: 624740
	611  -  MemoryUsage of job (MB)
	624740  -  ResidentSetSize of job (KB)
...
006 (78855136.074.000) 2026-10-04 19:16:53 Image size of job updated: 625768
	612  -  MemoryUsage of job (MB)
	625768  -  ResidentSetSize of job (KB)
...
006 (78855136.074.000) 2026-10-04 19:21:53 Image size of job updated: 625816
	612  -  MemoryUsage of job (MB)
	625816  -  ResidentSetSize of job (KB)
...
006 (78855136.074.000) 2026-10-04 19:26:54 Image size of job updated: 627876
	614  -  MemoryUsage of job (MB)
	627876  -  ResidentSetSize of job (KB)
...
006 (78855136.074.000) 2026-10-04 19:36:55 Image size of job updated: 627880
	614  -  MemoryUsage of job (MB)
	627876  -  ResidentSetSize of job (KB)
...
006 (78855136.074.000) 2026-10-04 19:51:57 Image size of job updated: 627892
	614  -  MemoryUsage of job (MB)
	627892  -  ResidentSetSize of job (KB)
...
006 (78855136.074.000) 2026-10-04 19:56:57 Image size of job updated: 628900
	614  -  MemoryUsage of job (MB)
	627892  -  ResidentSetSize of job (KB)
...
006 (78855136.074.000) 2026-10-04 20:01:58 Image size of job updated: 628900
	614  -  MemoryUsage of job (MB)
	627896  -  ResidentSetSize of job (KB)
...
006 (78855136.074.000) 2026-10-04 20:16:59 Image size of job updated: 629932
	616  -  MemoryUsage of job (MB)
	629932  -  ResidentSetSize of job (KB)
...
006 (78855136.074.000) 2026-10-04 20:21:59 Image size of job updated: 629952
	616  -  MemoryUsage of job (MB)
	629952  -  ResidentSetSize of job (KB)
...
006 (78855136.074.000) 2026-10-04 20:26:59 Image size of job updated: 630980
	617  -  MemoryUsage of job (MB)
	630980  -  ResidentSetSize of job (KB)
...
006 (78855136.074.000) 2026-10-04 20:37:00 Image size of job updated: 632008
	617  -  MemoryUsage of job (MB)
	630980  -  ResidentSetSize of job (KB)
...
006 (78855136.074.000) 2026-10-04 20:47:01 Image size of job updated: 632008
	618  -  MemoryUsage of job (MB)
	631912  -  ResidentSetSize of job (KB)
...
006 (78855136.074.000) 2026-10-04 20:52:01 Image size of job updated: 632012
	618  -  MemoryUsage of job (MB)
	632012  -  ResidentSetSize of job (KB)
...
006 (78855136.074.000) 2026-10-04 20:57:01 Image size of job updated: 632016
	618  -  MemoryUsage of job (MB)
	632012  -  ResidentSetSize of job (KB)
...
006 (78855136.074.000) 2026-10-04 21:07:02 Image size of job updated: 635128
	621  -  MemoryUsage of job (MB)
	635128  -  ResidentSetSize of job (KB)
...
006 (78855136.074.000) 2026-10-04 21:17:03 Image size of job updated: 635132
	621  -  MemoryUsage of job (MB)
	635132  -  ResidentSetSize of job (KB)
...
006 (78855136.074.000) 2026-10-04 21:22:03 Image size of job updated: 636504
	621  -  MemoryUsage of job (MB)
	635500  -  ResidentSetSize of job (KB)
...
006 (78855136.074.000) 2026-10-04 21:32:04 Image size of job updated: 637188
	623  -  MemoryUsage of job (MB)
	637188  -  ResidentSetSize of job (KB)
...
006 (78855136.074.000) 2026-10-04 21:37:04 Image size of job updated: 637212
	623  -  MemoryUsage of job (MB)
	637212  -  ResidentSetSize of job (KB)
...
006 (78855136.074.000) 2026-10-04 21:42:04 Image size of job updated: 638028
	624  -  MemoryUsage of job (MB)
	638028  -  ResidentSetSize of job (KB)
...
006 (78855136.074.000) 2026-10-04 21:52:06 Image size of job updated: 638596
	624  -  MemoryUsage of job (MB)
	638596  -  ResidentSetSize of job (KB)
...
006 (78855136.074.000) 2026-10-04 22:02:07 Image size of job updated: 639668
	625  -  MemoryUsage of job (MB)
	639668  -  ResidentSetSize of job (KB)
...
006 (78855136.074.000) 2026-10-04 22:12:08 Image size of job updated: 641720
	627  -  MemoryUsage of job (MB)
	641720  -  ResidentSetSize of job (KB)
...
006 (78855136.074.000) 2026-10-04 22:22:10 Image size of job updated: 642744
	628  -  MemoryUsage of job (MB)
	642744  -  ResidentSetSize of job (KB)
...
006 (78855136.074.000) 2026-10-04 22:32:11 Image size of job updated: 642852
	628  -  MemoryUsage of job (MB)
	642760  -  ResidentSetSize of job (KB)
...
006 (78855136.074.000) 2026-10-04 22:37:12 Image size of job updated: 642852
	628  -  MemoryUsage of job (MB)
	642764  -  ResidentSetSize of job (KB)
...
006 (78855136.074.000) 2026-10-04 22:42:12 Image size of job updated: 642852
	628  -  MemoryUsage of job (MB)
	642776  -  ResidentSetSize of job (KB)
...
006 (78855136.074.000) 2026-10-04 22:52:14 Image size of job updated: 643800
	628  -  MemoryUsage of job (MB)
	642776  -  ResidentSetSize of job (KB)
...
006 (78855136.074.000) 2026-10-04 22:57:14 Image size of job updated: 643800
	628  -  MemoryUsage of job (MB)
	642780  -  ResidentSetSize of job (KB)
...
006 (78855136.074.000) 2026-10-04 23:02:15 Image size of job updated: 646932
	631  -  MemoryUsage of job (MB)
	645912  -  ResidentSetSize of job (KB)
...
006 (78855136.074.000) 2026-10-04 23:12:16 Image size of job updated: 647964
	633  -  MemoryUsage of job (MB)
	647964  -  ResidentSetSize of job (KB)
...
006 (78855136.074.000) 2026-10-04 23:22:18 Image size of job updated: 650300
	634  -  MemoryUsage of job (MB)
	648988  -  ResidentSetSize of job (KB)
...
006 (78855136.074.000) 2026-10-05 00:02:23 Image size of job updated: 650300
	634  -  MemoryUsage of job (MB)
	649000  -  ResidentSetSize of job (KB)
...
006 (78855136.074.000) 2026-10-05 00:07:24 Image size of job updated: 650300
	634  -  MemoryUsage of job (MB)
	649004  -  ResidentSetSize of job (KB)
...
006 (78855136.074.000) 2026-10-05 00:12:24 Image size of job updated: 651056
	635  -  MemoryUsage of job (MB)
	650032  -  ResidentSetSize of job (KB)
...
006 (78855136.074.000) 2026-10-05 00:22:26 Image size of job updated: 651056
	636  -  MemoryUsage of job (MB)
	650900  -  ResidentSetSize of job (KB)
...
006 (78855136.074.000) 2026-10-05 00:27:26 Image size of job updated: 651056
	636  -  MemoryUsage of job (MB)
	650908  -  ResidentSetSize of job (KB)
...
006 (78855136.074.000) 2026-10-05 00:32:26 Image size of job updated: 652088
	636  -  MemoryUsage of job (MB)
	651064  -  ResidentSetSize of job (KB)
...
006 (78855136.074.000) 2026-10-05 00:57:28 Image size of job updated: 652292
	636  -  MemoryUsage of job (MB)
	651064  -  ResidentSetSize of job (KB)
...
006 (78855136.074.000) 2026-10-05 01:07:29 Image size of job updated: 653116
	636  -  MemoryUsage of job (MB)
	651064  -  ResidentSetSize of job (KB)
...
006 (78855136.074.000) 2026-10-05 01:17:29 Image size of job updated: 653116
	637  -  MemoryUsage of job (MB)
	652096  -  ResidentSetSize of job (KB)
...
006 (78855136.074.000) 2026-10-05 01:27:30 Image size of job updated: 654128
	638  -  MemoryUsage of job (MB)
	653120  -  ResidentSetSize of job (KB)
...
006 (78855136.074.000) 2026-10-05 01:32:30 Image size of job updated: 654128
	638  -  MemoryUsage of job (MB)
	653124  -  ResidentSetSize of job (KB)
...
006 (78855136.074.000) 2026-10-05 01:37:31 Image size of job updated: 654292
	639  -  MemoryUsage of job (MB)
	654292  -  ResidentSetSize of job (KB)
...
006 (78855136.074.000) 2026-10-05 01:47:31 Image size of job updated: 657232
	642  -  MemoryUsage of job (MB)
	657232  -  ResidentSetSize of job (KB)
...
006 (78855136.074.000) 2026-10-05 02:37:35 Image size of job updated: 658248
	642  -  MemoryUsage of job (MB)
	657236  -  ResidentSetSize of job (KB)
...
006 (78855136.074.000) 2026-10-05 02:42:35 Image size of job updated: 658248
	642  -  MemoryUsage of job (MB)
	657240  -  ResidentSetSize of job (KB)
...
006 (78855136.074.000) 2026-10-05 02:47:35 Image size of job updated: 658264
	642  -  MemoryUsage of job (MB)
	657240  -  ResidentSetSize of job (KB)
...
006 (78855136.074.000) 2026-10-05 03:02:37 Image size of job updated: 658264
	642  -  MemoryUsage of job (MB)
	657260  -  ResidentSetSize of job (KB)
...
006 (78855136.074.000) 2026-10-05 03:07:38 Image size of job updated: 659292
	643  -  MemoryUsage of job (MB)
	658268  -  ResidentSetSize of job (KB)
...
006 (78855136.074.000) 2026-10-05 03:17:39 Image size of job updated: 659292
	643  -  MemoryUsage of job (MB)
	658272  -  ResidentSetSize of job (KB)
...
006 (78855136.074.000) 2026-10-05 03:22:40 Image size of job updated: 659292
	644  -  MemoryUsage of job (MB)
	658928  -  ResidentSetSize of job (KB)
...
006 (78855136.074.000) 2026-10-05 03:32:41 Image size of job updated: 660324
	645  -  MemoryUsage of job (MB)
	660324  -  ResidentSetSize of job (KB)
...
006 (78855136.074.000) 2026-10-05 03:37:42 Image size of job updated: 660340
	645  -  MemoryUsage of job (MB)
	660340  -  ResidentSetSize of job (KB)
...
006 (78855136.074.000) 2026-10-05 03:52:44 Image size of job updated: 665460
	650  -  MemoryUsage of job (MB)
	665460  -  ResidentSetSize of job (KB)
...
006 (78855136.074.000) 2026-10-05 04:02:45 Image size of job updated: 666484
	651  -  MemoryUsage of job (MB)
	666484  -  ResidentSetSize of job (KB)
...
006 (78855136.074.000) 2026-10-05 04:32:49 Image size of job updated: 667492
	651  -  MemoryUsage of job (MB)
	666484  -  ResidentSetSize of job (KB)
...
006 (78855136.074.000) 2026-10-05 04:42:51 Image size of job updated: 667496
	651  -  MemoryUsage of job (MB)
	666484  -  ResidentSetSize of job (KB)
...
006 (78855136.074.000) 2026-10-05 04:47:51 Image size of job updated: 667496
	651  -  MemoryUsage of job (MB)
	666488  -  ResidentSetSize of job (KB)
...
006 (78855136.074.000) 2026-10-05 04:52:52 Image size of job updated: 667512
	651  -  MemoryUsage of job (MB)
	666488  -  ResidentSetSize of job (KB)
...
006 (78855136.074.000) 2026-10-05 05:02:53 Image size of job updated: 667748
	653  -  MemoryUsage of job (MB)
	667748  -  ResidentSetSize of job (KB)
...
006 (78855136.074.000) 2026-10-05 05:12:54 Image size of job updated: 668580
	653  -  MemoryUsage of job (MB)
	667748  -  ResidentSetSize of job (KB)
...
006 (78855136.074.000) 2026-10-05 05:22:54 Image size of job updated: 668608
	653  -  MemoryUsage of job (MB)
	667748  -  ResidentSetSize of job (KB)
...
006 (78855136.074.000) 2026-10-05 05:32:55 Image size of job updated: 668884
	653  -  MemoryUsage of job (MB)
	667860  -  ResidentSetSize of job (KB)
...
006 (78855136.074.000) 2026-10-05 05:42:56 Image size of job updated: 668884
	653  -  MemoryUsage of job (MB)
	668596  -  ResidentSetSize of job (KB)
...
006 (78855136.074.000) 2026-10-05 05:47:56 Image size of job updated: 669280
	653  -  MemoryUsage of job (MB)
	668596  -  ResidentSetSize of job (KB)
...
006 (78855136.074.000) 2026-10-05 05:57:57 Image size of job updated: 669892
	654  -  MemoryUsage of job (MB)
	668868  -  ResidentSetSize of job (KB)
...
006 (78855136.074.000) 2026-10-05 06:07:57 Image size of job updated: 681364
	654  -  MemoryUsage of job (MB)
	668868  -  ResidentSetSize of job (KB)
...
006 (78855136.074.000) 2026-10-05 08:23:11 Image size of job updated: 681364
	655  -  MemoryUsage of job (MB)
	670388  -  ResidentSetSize of job (KB)
...
006 (78855136.074.000) 2026-10-05 08:33:12 Image size of job updated: 681364
	655  -  MemoryUsage of job (MB)
	670664  -  ResidentSetSize of job (KB)
...
006 (78855136.074.000) 2026-10-05 09:53:21 Image size of job updated: 681364
	656  -  MemoryUsage of job (MB)
	670900  -  ResidentSetSize of job (KB)
...
006 (78855136.074.000) 2026-10-05 10:03:21 Image size of job updated: 681364
	657  -  MemoryUsage of job (MB)
	672392  -  ResidentSetSize of job (KB)
...
006 (78855136.074.000) 2026-10-05 10:38:24 Image size of job updated: 681364
	657  -  MemoryUsage of job (MB)
	672396  -  ResidentSetSize of job (KB)
...
006 (78855136.074.000) 2026-10-05 11:03:25 Image size of job updated: 681364
	657  -  MemoryUsage of job (MB)
	672728  -  ResidentSetSize of job (KB)
...
006 (78855136.074.000) 2026-10-05 11:08:26 Image size of job updated: 681364
	658  -  MemoryUsage of job (MB)
	673556  -  ResidentSetSize of job (KB)
...
006 (78855136.074.000) 2026-10-05 12:43:36 Image size of job updated: 693284
	658  -  MemoryUsage of job (MB)
	673556  -  ResidentSetSize of job (KB)
...
