000 (78852668.075.000) 2026-10-01 10:44:08 Job submitted from host: <10.14.0.121:9618?addrs=10.14.0.121-9618&alias=ldas-pcdev12.ligo.caltech.edu&noUDP&sock=schedd_623140_c9b4>
...
001 (78852668.075.000) 2026-10-01 10:48:03 Job executing on host: <10.14.10.62:9618?addrs=10.14.10.62-9618&alias=node2312.cluster.ldas.cit&noUDP&sock=startd_2782857_032a>
	SlotName: slot1_2@node2312.cluster.ldas.cit
	CondorScratchDir = "/var/lib/condor/execute/dir_69004/scratch"
	Cpus = 4
	Disk = 28672
	GPUs = 0
	Memory = 15104
...
006 (78852668.075.000) 2026-10-01 10:48:03 Image size of job updated: 25000
	0  -  MemoryUsage of job (MB)
	0  -  ResidentSetSize of job (KB)
...
005 (78852668.075.000) 2026-10-01 10:48:03 Job terminated.
	(1) Normal termination (return value 1)
		Usr 0 00:00:00, Sys 0 00:00:00  -  Run Remote Usage
		Usr 0 00:00:00, Sys 0 00:00:00  -  Run Local Usage
		Usr 0 00:00:00, Sys 0 00:00:00  -  Total Remote Usage
		Usr 0 00:00:00, Sys 0 00:00:00  -  Total Local Usage
	0  -  Run Bytes Sent By Job
	0  -  Run Bytes Received By Job
	0  -  Total Bytes Sent By Job
	0  -  Total Bytes Received By Job
	Partitionable Resources :    Usage  Request Allocated 
	   Cpus                 :                 4         4 
	   Disk (KB)            :    25000    25000     28672 
	   GPUs                 :                           0 
	   Memory (MB)          :        0    15000     15104 
	   TimeExecute (s)      :        0                    
	   TimeSlotBusy (s)     :        0                    
...
000 (78854871.075.000) 2026-10-03 17:15:42 Job submitted from host: <10.14.0.121:9618?addrs=10.14.0.121-9618&alias=ldas-pcdev12.ligo.caltech.edu&noUDP&sock=schedd_623140_c9b4>
...
001 (78854871.075.000) 2026-10-03 17:16:40 Job executing on host: <10.14.10.86:9618?addrs=10.14.10.86-9618&alias=node2336.cluster.ldas.cit&noUDP&sock=startd_37380_263b>
	SlotName: slot1_14@node2336.cluster.ldas.cit
	CondorScratchDir = "/var/lib/condor/execute/dir_609853/scratch"
	Cpus = 4
	Disk = 28672
	GPUs = 0
	Memory = 15104
...
006 (78854871.075.000) 2026-10-03 17:16:41 Image size of job updated: 25000
	0  -  MemoryUsage of job (MB)
	0  -  ResidentSetSize of job (KB)
...
005 (78854871.075.000) 2026-10-03 17:16:41 Job terminated.
	(1) Normal termination (return value 1)
		Usr 0 00:00:00, Sys 0 00:00:00  -  Run Remote Usage
		Usr 0 00:00:00, Sys 0 00:00:00  -  Run Local Usage
		Usr 0 00:00:00, Sys 0 00:00:00  -  Total Remote Usage
		Usr 0 00:00:00, Sys 0 00:00:00  -  Total Local Usage
	0  -  Run Bytes Sent By Job
	0  -  Run Bytes Received By Job
	0  -  Total Bytes Sent By Job
	0  -  Total Bytes Received By Job
	Partitionable Resources :    Usage  Request Allocated 
	   Cpus                 :                 4         4 
	   Disk (KB)            :    25000    25000     28672 
	   GPUs                 :                           0 
	   Memory (MB)          :        0    15000     15104 
	   TimeExecute (s)      :        1                    
	   TimeSlotBusy (s)     :        1                    
...
000 (78854907.075.000) 2026-10-03 21:37:08 Job submitted from host: <10.14.0.121:9618?addrs=10.14.0.121-9618&alias=ldas-pcdev12.ligo.caltech.edu&noUDP&sock=schedd_623140_c9b4>
...
001 (78854907.075.000) 2026-10-03 21:38:42 Job executing on host: <10.14.6.249:9618?addrs=10.14.6.249-9618&alias=node1499.cluster.ldas.cit&noUDP&sock=startd_31212_6a14>
	SlotName: slot1_1@node1499.cluster.ldas.cit
	CondorScratchDir = "/var/lib/condor/execute/dir_441568/scratch"
	Cpus = 4
	Disk = 28672
	GPUs = 0
	Memory = 15104
...
006 (78854907.075.000) 2026-10-03 21:38:50 Image size of job updated: 478828
	468  -  MemoryUsage of job (MB)
	478828  -  ResidentSetSize of job (KB)
...
006 (78854907.075.000) 2026-10-03 21:43:50 Image size of job updated: 781088
	762  -  MemoryUsage of job (MB)
	779764  -  ResidentSetSize of job (KB)
...
006 (78854907.075.000) 2026-10-03 21:48:51 Image size of job updated: 783036
	765  -  MemoryUsage of job (MB)
	783036  -  ResidentSetSize of job (KB)
...
006 (78854907.075.000) 2026-10-03 21:53:52 Image size of job updated: 887648
	867  -  MemoryUsage of job (MB)
	887648  -  ResidentSetSize of job (KB)
...
006 (78854907.075.000) 2026-10-03 21:58:52 Image size of job updated: 887948
	868  -  MemoryUsage of job (MB)
	887948  -  ResidentSetSize of job (KB)
...
006 (78854907.075.000) 2026-10-03 22:03:53 Image size of job updated: 914208
	893  -  MemoryUsage of job (MB)
	914208  -  ResidentSetSize of job (KB)
...
006 (78854907.075.000) 2026-10-03 22:08:54 Image size of job updated: 922044
	901  -  MemoryUsage of job (MB)
	922044  -  ResidentSetSize of job (KB)
...
006 (78854907.075.000) 2026-10-03 22:13:54 Image size of job updated: 949592
	928  -  MemoryUsage of job (MB)
	949592  -  ResidentSetSize of job (KB)
...
006 (78854907.075.000) 2026-10-03 22:18:55 Image size of job updated: 952296
	930  -  MemoryUsage of job (MB)
	952296  -  ResidentSetSize of job (KB)
...
006 (78854907.075.000) 2026-10-03 22:23:56 Image size of job updated: 959920
	938  -  MemoryUsage of job (MB)
	959920  -  ResidentSetSize of job (KB)
...
006 (78854907.075.000) 2026-10-03 22:28:56 Image size of job updated: 961904
	940  -  MemoryUsage of job (MB)
	961904  -  ResidentSetSize of job (KB)
...
006 (78854907.075.000) 2026-10-03 22:33:57 Image size of job updated: 964256
	942  -  MemoryUsage of job (MB)
	964256  -  ResidentSetSize of job (KB)
...
006 (78854907.075.000) 2026-10-03 22:38:58 Image size of job updated: 964476
	942  -  MemoryUsage of job (MB)
	964476  -  ResidentSetSize of job (KB)
...
006 (78854907.075.000) 2026-10-03 22:43:58 Image size of job updated: 968756
	947  -  MemoryUsage of job (MB)
	968756  -  ResidentSetSize of job (KB)
...
006 (78854907.075.000) 2026-10-03 22:59:00 Image size of job updated: 973036
	951  -  MemoryUsage of job (MB)
	973036  -  ResidentSetSize of job (KB)
...
006 (78854907.075.000) 2026-10-03 23:04:01 Image size of job updated: 973104
	951  -  MemoryUsage of job (MB)
	973104  -  ResidentSetSize of job (KB)
...
006 (78854907.075.000) 2026-10-03 23:09:02 Image size of job updated: 974492
	952  -  MemoryUsage of job (MB)
	974492  -  ResidentSetSize of job (KB)
...
006 (78854907.075.000) 2026-10-03 23:14:02 Image size of job updated: 974916
	953  -  MemoryUsage of job (MB)
	974916  -  ResidentSetSize of job (KB)
...
006 (78854907.075.000) 2026-10-03 23:19:03 Image size of job updated: 975540
	953  -  MemoryUsage of job (MB)
	975540  -  ResidentSetSize of job (KB)
...
006 (78854907.075.000) 2026-10-03 23:24:04 Image size of job updated: 975544
	953  -  MemoryUsage of job (MB)
	975544  -  ResidentSetSize of job (KB)
...
006 (78854907.075.000) 2026-10-03 23:29:04 Image size of job updated: 975932
	954  -  MemoryUsage of job (MB)
	975932  -  ResidentSetSize of job (KB)
...
006 (78854907.075.000) 2026-10-03 23:34:04 Image size of job updated: 975936
	954  -  MemoryUsage of job (MB)
	975936  -  ResidentSetSize of job (KB)
...
006 (78854907.075.000) 2026-10-03 23:39:05 Image size of job updated: 977972
	956  -  MemoryUsage of job (MB)
	977972  -  ResidentSetSize of job (KB)
...
006 (78854907.075.000) 2026-10-03 23:49:05 Image size of job updated: 978992
	957  -  MemoryUsage of job (MB)
	978992  -  ResidentSetSize of job (KB)
...
006 (78854907.075.000) 2026-10-04 00:29:08 Image size of job updated: 980016
	957  -  MemoryUsage of job (MB)
	979136  -  ResidentSetSize of job (KB)
...
006 (78854907.075.000) 2026-10-04 00:34:09 Image size of job updated: 980016
	957  -  MemoryUsage of job (MB)
	979144  -  ResidentSetSize of job (KB)
...
006 (78854907.075.000) 2026-10-04 01:09:14 Image size of job updated: 980048
	958  -  MemoryUsage of job (MB)
	980048  -  ResidentSetSize of job (KB)
...
006 (78854907.075.000) 2026-10-04 01:29:16 Image size of job updated: 984072
	960  -  MemoryUsage of job (MB)
	982068  -  ResidentSetSize of job (KB)
...
006 (78854907.075.000) 2026-10-04 01:39:18 Image size of job updated: 984536
	962  -  MemoryUsage of job (MB)
	984536  -  ResidentSetSize of job (KB)
...
006 (78854907.075.000) 2026-10-04 01:54:20 Image size of job updated: 985056
	962  -  MemoryUsage of job (MB)
	985056  -  ResidentSetSize of job (KB)
...
006 (78854907.075.000) 2026-10-04 01:59:20 Image size of job updated: 985424
	963  -  MemoryUsage of job (MB)
	985424  -  ResidentSetSize of job (KB)
...
006 (78854907.075.000) 2026-10-04 02:04:21 Image size of job updated: 987084
	964  -  MemoryUsage of job (MB)
	987084  -  ResidentSetSize of job (KB)
...
006 (78854907.075.000) 2026-10-04 02:09:22 Image size of job updated: 987092
	964  -  MemoryUsage of job (MB)
	987092  -  ResidentSetSize of job (KB)
...
006 (78854907.075.000) 2026-10-04 02:14:22 Image size of job updated: 987444
	965  -  MemoryUsage of job (MB)
	987444  -  ResidentSetSize of job (KB)
...
006 (78854907.075.000) 2026-10-04 02:19:23 Image size of job updated: 987452
	965  -  MemoryUsage of job (MB)
	987452  -  ResidentSetSize of job (KB)
...
006 (78854907.075.000) 2026-10-04 02:24:24 Image size of job updated: 987456
	965  -  MemoryUsage of job (MB)
	987456  -  ResidentSetSize of job (KB)
...
006 (78854907.075.000) 2026-10-04 02:39:26 Image size of job updated: 987460
	965  -  MemoryUsage of job (MB)
	987460  -  ResidentSetSize of job (KB)
...
006 (78854907.075.000) 2026-10-04 02:44:26 Image size of job updated: 988500
	966  -  MemoryUsage of job (MB)
	988500  -  ResidentSetSize of job (KB)
...
006 (78854907.075.000) 2026-10-04 02:59:28 Image size of job updated: 988504
	966  -  MemoryUsage of job (MB)
	988504  -  ResidentSetSize of job (KB)
...
006 (78854907.075.000) 2026-10-04 03:04:29 Image size of job updated: 988508
	966  -  MemoryUsage of job (MB)
	988508  -  ResidentSetSize of job (KB)
...
006 (78854907.075.000) 2026-10-04 03:14:29 Image size of job updated: 990572
	967  -  MemoryUsage of job (MB)
	989564  -  ResidentSetSize of job (KB)
...
006 (78854907.075.000) 2026-10-04 03:24:30 Image size of job updated: 990608
	968  -  MemoryUsage of job (MB)
	990608  -  ResidentSetSize of job (KB)
...
006 (78854907.075.000) 2026-10-04 03:29:30 Image size of job updated: 990612
	968  -  MemoryUsage of job (MB)
	990612  -  ResidentSetSize of job (KB)
...
006 (78854907.075.000) 2026-10-04 03:34:31 Image size of job updated: 991816
	968  -  MemoryUsage of job (MB)
	990808  -  ResidentSetSize of job (KB)
...
006 (78854907.075.000) 2026-10-04 03:54:32 Image size of job updated: 993032
	970  -  MemoryUsage of job (MB)
	993032  -  ResidentSetSize of job (KB)
...
006 (78854907.075.000) 2026-10-04 04:04:33 Image size of job updated: 993036
	970  -  MemoryUsage of job (MB)
	993036  -  ResidentSetSize of job (KB)
...
006 (78854907.075.000) 2026-10-04 04:19:34 Image size of job updated: 993956
	971  -  MemoryUsage of job (MB)
	993956  -  ResidentSetSize of job (KB)
...
006 (78854907.075.000) 2026-10-04 04:49:36 Image size of job updated: 993988
	971  -  MemoryUsage of job (MB)
	993988  -  ResidentSetSize of job (KB)
...
006 (78854907.075.000) 2026-10-04 04:59:37 Image size of job updated: 994280
	971  -  MemoryUsage of job (MB)
	994280  -  ResidentSetSize of job (KB)
...
006 (78854907.075.000) 2026-10-04 05:09:38 Image size of job updated: 996312
	973  -  MemoryUsage of job (MB)
	996312  -  ResidentSetSize of job (KB)
...
006 (78854907.075.000) 2026-10-04 05:29:41 Image size of job updated: 1001068
	974  -  MemoryUsage of job (MB)
	997344  -  ResidentSetSize of job (KB)
...
006 (78854907.075.000) 2026-10-04 05:49:44 Image size of job updated: 1001068
	975  -  MemoryUsage of job (MB)
	997744  -  ResidentSetSize of job (KB)
...
006 (78854907.075.000) 2026-10-04 06:09:45 Image size of job updated: 1001068
	975  -  MemoryUsage of job (MB)
	997748  -  ResidentSetSize of job (KB)
...
006 (78854907.075.000) 2026-10-04 07:04:49 Image size of job updated: 1001068
	976  -  MemoryUsage of job (MB)
	998916  -  ResidentSetSize of job (KB)
...
006 (78854907.075.000) 2026-10-04 07:14:50 Image size of job updated: 1001068
	978  -  MemoryUsage of job (MB)
	1000936  -  ResidentSetSize of job (KB)
...
006 (78854907.075.000) 2026-10-04 07:39:51 Image size of job updated: 1001972
	979  -  MemoryUsage of job (MB)
	1001972  -  ResidentSetSize of job (KB)
...
006 (78854907.075.000) 2026-10-04 07:49:52 Image size of job updated: 1003020
	980  -  MemoryUsage of job (MB)
	1003020  -  ResidentSetSize of job (KB)
...
006 (78854907.075.000) 2026-10-04 07:54:52 Image size of job updated: 1003052
	980  -  MemoryUsage of job (MB)
	1003052  -  ResidentSetSize of job (KB)
...
006 (78854907.075.000) 2026-10-04 07:59:53 Image size of job updated: 1003060
	980  -  MemoryUsage of job (MB)
	1003060  -  ResidentSetSize of job (KB)
...
006 (78854907.075.000) 2026-10-04 08:04:53 Image size of job updated: 1003064
	980  -  MemoryUsage of job (MB)
	1003064  -  ResidentSetSize of job (KB)
...
006 (78854907.075.000) 2026-10-04 08:49:56 Image size of job updated: 1003068
	980  -  MemoryUsage of job (MB)
	1003068  -  ResidentSetSize of job (KB)
...
006 (78854907.075.000) 2026-10-04 09:15:00 Image size of job updated: 1004092
	981  -  MemoryUsage of job (MB)
	1004092  -  ResidentSetSize of job (KB)
...
006 (78854907.075.000) 2026-10-04 10:35:10 Image size of job updated: 1008192
	985  -  MemoryUsage of job (MB)
	1008192  -  ResidentSetSize of job (KB)
...
006 (78854907.075.000) 2026-10-04 11:20:15 Image size of job updated: 1011264
	987  -  MemoryUsage of job (MB)
	1010240  -  ResidentSetSize of job (KB)
...
000 (78855136.075.000) 2026-10-04 13:45:07 Job submitted from host: <10.14.0.121:9618?addrs=10.14.0.121-9618&alias=ldas-pcdev12.ligo.caltech.edu&noUDP&sock=schedd_623140_c9b4>
...
004 (78854907.075.000) 2026-10-04 13:45:20 Job was evicted. Code 1023 Subcode 0
	(0) CPU times
		Usr 2 04:53:48, Sys 0 00:05:24  -  Run Remote Usage
		Usr 0 00:00:00, Sys 0 00:00:00  -  Run Local Usage
	0  -  Run Bytes Sent By Job
	0  -  Run Bytes Received By Job
	Reason: via condor_rm (by user pratyusava.baral)
	Partitionable Resources :    Usage  Request Allocated 
	   Cpus                 :     3.51        4         4 
	   Disk (KB)            : 25000       25000     28672 
	   GPUs                 :                           0 
	   Memory (MB)          :   987       15000     15104 
	   TimeExecute (s)      : 57998                       
	   TimeSlotBusy (s)     : 57998                       
...
009 (78854907.075.000) 2026-10-04 13:45:20 Job was aborted.
	via condor_rm (by user pratyusava.baral)
...
001 (78855136.075.000) 2026-10-04 13:49:18 Job executing on host: <10.14.7.12:9618?addrs=10.14.7.12-9618&alias=node1512.cluster.ldas.cit&noUDP&sock=startd_30312_16d7>
	SlotName: slot1_1@node1512.cluster.ldas.cit
	CondorScratchDir = "/var/lib/condor/execute/dir_499110/scratch"
	Cpus = 4
	Disk = 28672
	GPUs = 0
	Memory = 15104
...
006 (78855136.075.000) 2026-10-04 13:49:27 Image size of job updated: 249192
	244  -  MemoryUsage of job (MB)
	249192  -  ResidentSetSize of job (KB)
...
006 (78855136.075.000) 2026-10-04 13:54:28 Image size of job updated: 690408
	675  -  MemoryUsage of job (MB)
	690408  -  ResidentSetSize of job (KB)
...
006 (78855136.075.000) 2026-10-04 13:59:28 Image size of job updated: 826664
	808  -  MemoryUsage of job (MB)
	826664  -  ResidentSetSize of job (KB)
...
006 (78855136.075.000) 2026-10-04 14:04:28 Image size of job updated: 827904
	809  -  MemoryUsage of job (MB)
	827904  -  ResidentSetSize of job (KB)
...
006 (78855136.075.000) 2026-10-04 14:09:29 Image size of job updated: 848376
	829  -  MemoryUsage of job (MB)
	848376  -  ResidentSetSize of job (KB)
...
006 (78855136.075.000) 2026-10-04 14:14:29 Image size of job updated: 852164
	833  -  MemoryUsage of job (MB)
	852164  -  ResidentSetSize of job (KB)
...
006 (78855136.075.000) 2026-10-04 14:19:29 Image size of job updated: 872824
	853  -  MemoryUsage of job (MB)
	872824  -  ResidentSetSize of job (KB)
...
006 (78855136.075.000) 2026-10-04 14:24:30 Image size of job updated: 876324
	856  -  MemoryUsage of job (MB)
	876324  -  ResidentSetSize of job (KB)
...
006 (78855136.075.000) 2026-10-04 14:29:30 Image size of job updated: 883228
	863  -  MemoryUsage of job (MB)
	883228  -  ResidentSetSize of job (KB)
...
006 (78855136.075.000) 2026-10-04 14:34:30 Image size of job updated: 886228
	866  -  MemoryUsage of job (MB)
	886228  -  ResidentSetSize of job (KB)
...
006 (78855136.075.000) 2026-10-04 14:39:31 Image size of job updated: 886932
	867  -  MemoryUsage of job (MB)
	886932  -  ResidentSetSize of job (KB)
...
006 (78855136.075.000) 2026-10-04 14:44:31 Image size of job updated: 886960
	867  -  MemoryUsage of job (MB)
	886960  -  ResidentSetSize of job (KB)
...
006 (78855136.075.000) 2026-10-04 14:49:31 Image size of job updated: 900592
	880  -  MemoryUsage of job (MB)
	900592  -  ResidentSetSize of job (KB)
...
006 (78855136.075.000) 2026-10-04 14:54:32 Image size of job updated: 900724
	880  -  MemoryUsage of job (MB)
	900724  -  ResidentSetSize of job (KB)
...
006 (78855136.075.000) 2026-10-04 14:59:32 Image size of job updated: 909184
	888  -  MemoryUsage of job (MB)
	909184  -  ResidentSetSize of job (KB)
...
006 (78855136.075.000) 2026-10-04 15:04:32 Image size of job updated: 909252
	888  -  MemoryUsage of job (MB)
	909252  -  ResidentSetSize of job (KB)
...
006 (78855136.075.000) 2026-10-04 15:09:33 Image size of job updated: 909288
	888  -  MemoryUsage of job (MB)
	909288  -  ResidentSetSize of job (KB)
...
006 (78855136.075.000) 2026-10-04 15:14:33 Image size of job updated: 909304
	888  -  MemoryUsage of job (MB)
	909304  -  ResidentSetSize of job (KB)
...
006 (78855136.075.000) 2026-10-04 15:19:33 Image size of job updated: 911328
	890  -  MemoryUsage of job (MB)
	911328  -  ResidentSetSize of job (KB)
...
006 (78855136.075.000) 2026-10-04 15:24:34 Image size of job updated: 911336
	890  -  MemoryUsage of job (MB)
	911336  -  ResidentSetSize of job (KB)
...
006 (78855136.075.000) 2026-10-04 15:29:34 Image size of job updated: 911348
	890  -  MemoryUsage of job (MB)
	911348  -  ResidentSetSize of job (KB)
...
006 (78855136.075.000) 2026-10-04 15:39:35 Image size of job updated: 911352
	890  -  MemoryUsage of job (MB)
	911352  -  ResidentSetSize of job (KB)
...
006 (78855136.075.000) 2026-10-04 15:44:35 Image size of job updated: 911392
	891  -  MemoryUsage of job (MB)
	911392  -  ResidentSetSize of job (KB)
...
006 (78855136.075.000) 2026-10-04 15:49:35 Image size of job updated: 911400
	891  -  MemoryUsage of job (MB)
	911400  -  ResidentSetSize of job (KB)
...
006 (78855136.075.000) 2026-10-04 15:59:36 Image size of job updated: 911420
	891  -  MemoryUsage of job (MB)
	911420  -  ResidentSetSize of job (KB)
...
006 (78855136.075.000) 2026-10-04 16:09:20 Image size of job updated: 911428
	891  -  MemoryUsage of job (MB)
	911428  -  ResidentSetSize of job (KB)
...
006 (78855136.075.000) 2026-10-04 16:23:33 Image size of job updated: 912488
	892  -  MemoryUsage of job (MB)
	912488  -  ResidentSetSize of job (KB)
...
006 (78855136.075.000) 2026-10-04 16:34:55 Image size of job updated: 914200
	893  -  MemoryUsage of job (MB)
	914200  -  ResidentSetSize of job (KB)
...
006 (78855136.075.000) 2026-10-04 16:41:44 Image size of job updated: 917440
	896  -  MemoryUsage of job (MB)
	917440  -  ResidentSetSize of job (KB)
...
006 (78855136.075.000) 2026-10-04 16:51:45 Image size of job updated: 917444
	896  -  MemoryUsage of job (MB)
	917444  -  ResidentSetSize of job (KB)
...
006 (78855136.075.000) 2026-10-04 16:56:45 Image size of job updated: 917452
	896  -  MemoryUsage of job (MB)
	917452  -  ResidentSetSize of job (KB)
...
006 (78855136.075.000) 2026-10-04 17:26:47 Image size of job updated: 917460
	896  -  MemoryUsage of job (MB)
	917460  -  ResidentSetSize of job (KB)
...
006 (78855136.075.000) 2026-10-04 17:31:48 Image size of job updated: 917464
	896  -  MemoryUsage of job (MB)
	917464  -  ResidentSetSize of job (KB)
...
006 (78855136.075.000) 2026-10-04 17:36:48 Image size of job updated: 919164
	898  -  MemoryUsage of job (MB)
	919164  -  ResidentSetSize of job (KB)
...
006 (78855136.075.000) 2026-10-04 17:46:49 Image size of job updated: 919512
	898  -  MemoryUsage of job (MB)
	919512  -  ResidentSetSize of job (KB)
...
006 (78855136.075.000) 2026-10-04 17:56:49 Image size of job updated: 921560
	898  -  MemoryUsage of job (MB)
	919528  -  ResidentSetSize of job (KB)
...
006 (78855136.075.000) 2026-10-04 18:46:55 Image size of job updated: 921560
	899  -  MemoryUsage of job (MB)
	919564  -  ResidentSetSize of job (KB)
...
006 (78855136.075.000) 2026-10-04 18:56:56 Image size of job updated: 921560
	900  -  MemoryUsage of job (MB)
	920592  -  ResidentSetSize of job (KB)
...
006 (78855136.075.000) 2026-10-04 19:16:58 Image size of job updated: 921560
	900  -  MemoryUsage of job (MB)
	920620  -  ResidentSetSize of job (KB)
...
006 (78855136.075.000) 2026-10-04 19:26:59 Image size of job updated: 924668
	903  -  MemoryUsage of job (MB)
	924668  -  ResidentSetSize of job (KB)
...
006 (78855136.075.000) 2026-10-04 21:32:07 Image size of job updated: 925032
	904  -  MemoryUsage of job (MB)
	925032  -  ResidentSetSize of job (KB)
...
006 (78855136.075.000) 2026-10-04 21:52:09 Image size of job updated: 926056
	905  -  MemoryUsage of job (MB)
	926056  -  ResidentSetSize of job (KB)
...
006 (78855136.075.000) 2026-10-04 22:17:12 Image size of job updated: 927080
	906  -  MemoryUsage of job (MB)
	927080  -  ResidentSetSize of job (KB)
...
006 (78855136.075.000) 2026-10-04 23:07:18 Image size of job updated: 932368
	911  -  MemoryUsage of job (MB)
	932368  -  ResidentSetSize of job (KB)
...
006 (78855136.075.000) 2026-10-04 23:17:19 Image size of job updated: 933328
	912  -  MemoryUsage of job (MB)
	933328  -  ResidentSetSize of job (KB)
...
006 (78855136.075.000) 2026-10-04 23:47:21 Image size of job updated: 933332
	912  -  MemoryUsage of job (MB)
	933332  -  ResidentSetSize of job (KB)
...
006 (78855136.075.000) 2026-10-05 00:12:23 Image size of job updated: 934340
	913  -  MemoryUsage of job (MB)
	934340  -  ResidentSetSize of job (KB)
...
006 (78855136.075.000) 2026-10-05 00:32:24 Image size of job updated: 938176
	917  -  MemoryUsage of job (MB)
	938176  -  ResidentSetSize of job (KB)
...
006 (78855136.075.000) 2026-10-05 00:37:24 Image size of job updated: 938192
	917  -  MemoryUsage of job (MB)
	938192  -  ResidentSetSize of job (KB)
...
006 (78855136.075.000) 2026-10-05 01:22:28 Image size of job updated: 939216
	918  -  MemoryUsage of job (MB)
	939216  -  ResidentSetSize of job (KB)
...
006 (78855136.075.000) 2026-10-05 02:27:36 Image size of job updated: 942100
	921  -  MemoryUsage of job (MB)
	942100  -  ResidentSetSize of job (KB)
...
006 (78855136.075.000) 2026-10-05 02:37:37 Image size of job updated: 942300
	921  -  MemoryUsage of job (MB)
	942300  -  ResidentSetSize of job (KB)
...
006 (78855136.075.000) 2026-10-05 02:57:38 Image size of job updated: 942316
	921  -  MemoryUsage of job (MB)
	942316  -  ResidentSetSize of job (KB)
...
006 (78855136.075.000) 2026-10-05 03:22:40 Image size of job updated: 943324
	922  -  MemoryUsage of job (MB)
	943324  -  ResidentSetSize of job (KB)
...
006 (78855136.075.000) 2026-10-05 04:27:47 Image size of job updated: 943328
	922  -  MemoryUsage of job (MB)
	943328  -  ResidentSetSize of job (KB)
...
006 (78855136.075.000) 2026-10-05 04:42:49 Image size of job updated: 944352
	923  -  MemoryUsage of job (MB)
	944352  -  ResidentSetSize of job (KB)
...
006 (78855136.075.000) 2026-10-05 04:52:51 Image size of job updated: 946400
	925  -  MemoryUsage of job (MB)
	946400  -  ResidentSetSize of job (KB)
...
006 (78855136.075.000) 2026-10-05 05:22:54 Image size of job updated: 949008
	927  -  MemoryUsage of job (MB)
	949008  -  ResidentSetSize of job (KB)
...
006 (78855136.075.000) 2026-10-05 05:47:55 Image size of job updated: 949016
	927  -  MemoryUsage of job (MB)
	949016  -  ResidentSetSize of job (KB)
...
006 (78855136.075.000) 2026-10-05 05:57:56 Image size of job updated: 949028
	927  -  MemoryUsage of job (MB)
	949028  -  ResidentSetSize of job (KB)
...
006 (78855136.075.000) 2026-10-05 06:17:57 Image size of job updated: 951588
	930  -  MemoryUsage of job (MB)
	951588  -  ResidentSetSize of job (KB)
...
006 (78855136.075.000) 2026-10-05 06:37:59 Image size of job updated: 961944
	940  -  MemoryUsage of job (MB)
	961944  -  ResidentSetSize of job (KB)
...
006 (78855136.075.000) 2026-10-05 06:48:00 Image size of job updated: 961948
	940  -  MemoryUsage of job (MB)
	961948  -  ResidentSetSize of job (KB)
...
006 (78855136.075.000) 2026-10-05 06:58:02 Image size of job updated: 964108
	942  -  MemoryUsage of job (MB)
	964108  -  ResidentSetSize of job (KB)
...
006 (78855136.075.000) 2026-10-05 07:08:03 Image size of job updated: 965116
	943  -  MemoryUsage of job (MB)
	965116  -  ResidentSetSize of job (KB)
...
006 (78855136.075.000) 2026-10-05 07:28:06 Image size of job updated: 965120
	943  -  MemoryUsage of job (MB)
	965116  -  ResidentSetSize of job (KB)
...
006 (78855136.075.000) 2026-10-05 07:48:08 Image size of job updated: 967184
	945  -  MemoryUsage of job (MB)
	967184  -  ResidentSetSize of job (KB)
...
006 (78855136.075.000) 2026-10-05 08:13:12 Image size of job updated: 967632
	945  -  MemoryUsage of job (MB)
	967184  -  ResidentSetSize of job (KB)
...
006 (78855136.075.000) 2026-10-05 08:23:13 Image size of job updated: 968196
	946  -  MemoryUsage of job (MB)
	968192  -  ResidentSetSize of job (KB)
...
006 (78855136.075.000) 2026-10-05 08:38:14 Image size of job updated: 968200
	946  -  MemoryUsage of job (MB)
	968192  -  ResidentSetSize of job (KB)
...
006 (78855136.075.000) 2026-10-05 08:48:15 Image size of job updated: 969224
	947  -  MemoryUsage of job (MB)
	969224  -  ResidentSetSize of job (KB)
...
006 (78855136.075.000) 2026-10-05 09:28:18 Image size of job updated: 970268
	948  -  MemoryUsage of job (MB)
	970268  -  ResidentSetSize of job (KB)
...
006 (78855136.075.000) 2026-10-05 10:33:26 Image size of job updated: 971264
	948  -  MemoryUsage of job (MB)
	970268  -  ResidentSetSize of job (KB)
...
006 (78855136.075.000) 2026-10-05 10:43:26 Image size of job updated: 971264
	949  -  MemoryUsage of job (MB)
	971264  -  ResidentSetSize of job (KB)
...
006 (78855136.075.000) 2026-10-05 11:18:29 Image size of job updated: 971296
	949  -  MemoryUsage of job (MB)
	971264  -  ResidentSetSize of job (KB)
...
006 (78855136.075.000) 2026-10-05 11:28:29 Image size of job updated: 972304
	949  -  MemoryUsage of job (MB)
	971296  -  ResidentSetSize of job (KB)
...
006 (78855136.075.000) 2026-10-05 12:18:34 Image size of job updated: 972332
	950  -  MemoryUsage of job (MB)
	972332  -  ResidentSetSize of job (KB)
...
006 (78855136.075.000) 2026-10-05 12:33:36 Image size of job updated: 972336
	950  -  MemoryUsage of job (MB)
	972336  -  ResidentSetSize of job (KB)
...
006 (78855136.075.000) 2026-10-05 12:53:39 Image size of job updated: 974868
	952  -  MemoryUsage of job (MB)
	973860  -  ResidentSetSize of job (KB)
...
006 (78855136.075.000) 2026-10-05 13:33:43 Image size of job updated: 975892
	953  -  MemoryUsage of job (MB)
	974884  -  ResidentSetSize of job (KB)
...
006 (78855136.075.000) 2026-10-05 13:43:44 Image size of job updated: 978236
	956  -  MemoryUsage of job (MB)
	978236  -  ResidentSetSize of job (KB)
...
