000 (78852668.077.000) 2026-10-01 10:44:08 Job submitted from host: <10.14.0.121:9618?addrs=10.14.0.121-9618&alias=ldas-pcdev12.ligo.caltech.edu&noUDP&sock=schedd_623140_c9b4>
...
001 (78852668.077.000) 2026-10-01 10:48:03 Job executing on host: <10.14.10.62:9618?addrs=10.14.10.62-9618&alias=node2312.cluster.ldas.cit&noUDP&sock=startd_2782857_032a>
	SlotName: slot1_2@node2312.cluster.ldas.cit
	CondorScratchDir = "/var/lib/condor/execute/dir_69021/scratch"
	Cpus = 4
	Disk = 28672
	GPUs = 0
	Memory = 15104
...
006 (78852668.077.000) 2026-10-01 10:48:03 Image size of job updated: 25000
	0  -  MemoryUsage of job (MB)
	0  -  ResidentSetSize of job (KB)
...
005 (78852668.077.000) 2026-10-01 10:48:04 Job terminated.
	(1) Normal termination (return value 1)
		Usr 0 00:00:00, Sys 0 00:00:00  -  Run Remote Usage
		Usr 0 00:00:00, Sys 0 00:00:00  -  Run Local Usage
		Usr 0 00:00:00, Sys 0 00:00:00  -  Total Remote Usage
		Usr 0 00:00:00, Sys 0 00:00:00  -  Total Local Usage
	0  -  Run Bytes Sent By Job
	0  -  Run Bytes Received By Job
	0  -  Total Bytes Sent By Job
	0  -  Total Bytes Received By Job
	Partitionable Resources :    Usage  Request Allocated 
	   Cpus                 :                 4         4 
	   Disk (KB)            :    25000    25000     28672 
	   GPUs                 :                           0 
	   Memory (MB)          :        0    15000     15104 
	   TimeExecute (s)      :        0                    
	   TimeSlotBusy (s)     :        0                    
...
000 (78854871.077.000) 2026-10-03 17:15:42 Job submitted from host: <10.14.0.121:9618?addrs=10.14.0.121-9618&alias=ldas-pcdev12.ligo.caltech.edu&noUDP&sock=schedd_623140_c9b4>
...
001 (78854871.077.000) 2026-10-03 17:16:40 Job executing on host: <10.14.10.91:9618?addrs=10.14.10.91-9618&alias=node2341.cluster.ldas.cit&noUDP&sock=startd_616550_9896>
	SlotName: slot1_16@node2341.cluster.ldas.cit
	CondorScratchDir = "/var/lib/condor/execute/dir_137812/scratch"
	Cpus = 4
	Disk = 28672
	GPUs = 0
	Memory = 15104
...
006 (78854871.077.000) 2026-10-03 17:16:49 Image size of job updated: 227944
	223  -  MemoryUsage of job (MB)
	227944  -  ResidentSetSize of job (KB)
...
006 (78854871.077.000) 2026-10-03 17:21:50 Image size of job updated: 300500
	294  -  MemoryUsage of job (MB)
	300500  -  ResidentSetSize of job (KB)
...
006 (78854871.077.000) 2026-10-03 17:26:50 Image size of job updated: 300820
	294  -  MemoryUsage of job (MB)
	300820  -  ResidentSetSize of job (KB)
...
006 (78854871.077.000) 2026-10-03 17:31:51 Image size of job updated: 405896
	397  -  MemoryUsage of job (MB)
	405896  -  ResidentSetSize of job (KB)
...
006 (78854871.077.000) 2026-10-03 17:36:51 Image size of job updated: 406340
	397  -  MemoryUsage of job (MB)
	406340  -  ResidentSetSize of job (KB)
...
006 (78854871.077.000) 2026-10-03 17:41:52 Image size of job updated: 437964
	428  -  MemoryUsage of job (MB)
	437964  -  ResidentSetSize of job (KB)
...
006 (78854871.077.000) 2026-10-03 17:46:53 Image size of job updated: 438308
	429  -  MemoryUsage of job (MB)
	438308  -  ResidentSetSize of job (KB)
...
006 (78854871.077.000) 2026-10-03 17:51:53 Image size of job updated: 438352
	429  -  MemoryUsage of job (MB)
	438308  -  ResidentSetSize of job (KB)
...
006 (78854871.077.000) 2026-10-03 18:11:55 Image size of job updated: 440492
	431  -  MemoryUsage of job (MB)
	440492  -  ResidentSetSize of job (KB)
...
006 (78854871.077.000) 2026-10-03 18:16:55 Image size of job updated: 440500
	431  -  MemoryUsage of job (MB)
	440500  -  ResidentSetSize of job (KB)
...
006 (78854871.077.000) 2026-10-03 18:21:56 Image size of job updated: 441548
	432  -  MemoryUsage of job (MB)
	441548  -  ResidentSetSize of job (KB)
...
006 (78854871.077.000) 2026-10-03 18:26:57 Image size of job updated: 450384
	440  -  MemoryUsage of job (MB)
	450384  -  ResidentSetSize of job (KB)
...
006 (78854871.077.000) 2026-10-03 18:31:57 Image size of job updated: 462364
	440  -  MemoryUsage of job (MB)
	450384  -  ResidentSetSize of job (KB)
...
006 (78854871.077.000) 2026-10-03 18:41:58 Image size of job updated: 481544
	471  -  MemoryUsage of job (MB)
	481544  -  ResidentSetSize of job (KB)
...
006 (78854871.077.000) 2026-10-03 18:46:58 Image size of job updated: 481604
	471  -  MemoryUsage of job (MB)
	481604  -  ResidentSetSize of job (KB)
...
006 (78854871.077.000) 2026-10-03 18:51:59 Image size of job updated: 485968
	475  -  MemoryUsage of job (MB)
	485968  -  ResidentSetSize of job (KB)
...
006 (78854871.077.000) 2026-10-03 18:56:59 Image size of job updated: 485980
	475  -  MemoryUsage of job (MB)
	485976  -  ResidentSetSize of job (KB)
...
006 (78854871.077.000) 2026-10-03 19:02:01 Image size of job updated: 485984
	475  -  MemoryUsage of job (MB)
	485984  -  ResidentSetSize of job (KB)
...
006 (78854871.077.000) 2026-10-03 19:12:01 Image size of job updated: 489080
	478  -  MemoryUsage of job (MB)
	489080  -  ResidentSetSize of job (KB)
...
006 (78854871.077.000) 2026-10-03 19:17:02 Image size of job updated: 489084
	478  -  MemoryUsage of job (MB)
	489084  -  ResidentSetSize of job (KB)
...
006 (78854871.077.000) 2026-10-03 19:27:03 Image size of job updated: 489088
	478  -  MemoryUsage of job (MB)
	489088  -  ResidentSetSize of job (KB)
...
006 (78854871.077.000) 2026-10-03 19:32:04 Image size of job updated: 492164
	481  -  MemoryUsage of job (MB)
	492164  -  ResidentSetSize of job (KB)
...
006 (78854871.077.000) 2026-10-03 19:37:04 Image size of job updated: 492168
	481  -  MemoryUsage of job (MB)
	492168  -  ResidentSetSize of job (KB)
...
006 (78854871.077.000) 2026-10-03 19:42:05 Image size of job updated: 492188
	481  -  MemoryUsage of job (MB)
	492188  -  ResidentSetSize of job (KB)
...
006 (78854871.077.000) 2026-10-03 19:52:05 Image size of job updated: 492876
	482  -  MemoryUsage of job (MB)
	492876  -  ResidentSetSize of job (KB)
...
006 (78854871.077.000) 2026-10-03 20:02:06 Image size of job updated: 496976
	483  -  MemoryUsage of job (MB)
	493904  -  ResidentSetSize of job (KB)
...
006 (78854871.077.000) 2026-10-03 20:12:08 Image size of job updated: 496976
	483  -  MemoryUsage of job (MB)
	493908  -  ResidentSetSize of job (KB)
...
006 (78854871.077.000) 2026-10-03 20:27:09 Image size of job updated: 496976
	483  -  MemoryUsage of job (MB)
	493916  -  ResidentSetSize of job (KB)
...
006 (78854871.077.000) 2026-10-03 20:37:10 Image size of job updated: 496976
	483  -  MemoryUsage of job (MB)
	493920  -  ResidentSetSize of job (KB)
...
006 (78854871.077.000) 2026-10-03 20:52:11 Image size of job updated: 496976
	483  -  MemoryUsage of job (MB)
	493924  -  ResidentSetSize of job (KB)
...
006 (78854871.077.000) 2026-10-03 20:57:11 Image size of job updated: 496976
	484  -  MemoryUsage of job (MB)
	495164  -  ResidentSetSize of job (KB)
...
006 (78854871.077.000) 2026-10-03 21:02:12 Image size of job updated: 496976
	484  -  MemoryUsage of job (MB)
	495168  -  ResidentSetSize of job (KB)
...
006 (78854871.077.000) 2026-10-03 21:07:12 Image size of job updated: 499024
	488  -  MemoryUsage of job (MB)
	499024  -  ResidentSetSize of job (KB)
...
006 (78854871.077.000) 2026-10-03 21:17:14 Image size of job updated: 500048
	489  -  MemoryUsage of job (MB)
	500048  -  ResidentSetSize of job (KB)
...
006 (78854871.077.000) 2026-10-03 21:27:15 Image size of job updated: 500060
	489  -  MemoryUsage of job (MB)
	500060  -  ResidentSetSize of job (KB)
...
006 (78854871.077.000) 2026-10-03 21:36:44 Image size of job updated: 500080
	489  -  MemoryUsage of job (MB)
	500060  -  ResidentSetSize of job (KB)
...
004 (78854871.077.000) 2026-10-03 21:36:44 Job was evicted. Code 1023 Subcode 0
	(0) CPU times
		Usr 0 13:24:31, Sys 0 00:00:42  -  Run Remote Usage
		Usr 0 00:00:00, Sys 0 00:00:00  -  Run Local Usage
	0  -  Run Bytes Sent By Job
	0  -  Run Bytes Received By Job
	Reason: via condor_rm (by user pratyusava.baral)
	Partitionable Resources :    Usage  Request Allocated 
	   Cpus                 :     3.70        4         4 
	   Disk (KB)            : 25000       25000     28672 
	   GPUs                 :                           0 
	   Memory (MB)          :   489       15000     15104 
	   TimeExecute (s)      : 15604                       
	   TimeSlotBusy (s)     : 15604                       
...
009 (78854871.077.000) 2026-10-03 21:36:44 Job was aborted.
	via condor_rm (by user pratyusava.baral)
...
000 (78854907.077.000) 2026-10-03 21:37:08 Job submitted from host: <10.14.0.121:9618?addrs=10.14.0.121-9618&alias=ldas-pcdev12.ligo.caltech.edu&noUDP&sock=schedd_623140_c9b4>
...
001 (78854907.077.000) 2026-10-03 21:38:42 Job executing on host: <10.14.6.224:9618?addrs=10.14.6.224-9618&alias=node1474.cluster.ldas.cit&noUDP&sock=startd_34363_bd00>
	SlotName: slot1_1@node1474.cluster.ldas.cit
	CondorScratchDir = "/var/lib/condor/execute/dir_736629/scratch"
	Cpus = 4
	Disk = 28672
	GPUs = 0
	Memory = 15104
...
006 (78854907.077.000) 2026-10-03 21:38:50 Image size of job updated: 217124
	213  -  MemoryUsage of job (MB)
	217124  -  ResidentSetSize of job (KB)
...
006 (78854907.077.000) 2026-10-03 21:43:50 Image size of job updated: 282624
	276  -  MemoryUsage of job (MB)
	282624  -  ResidentSetSize of job (KB)
...
006 (78854907.077.000) 2026-10-03 21:48:51 Image size of job updated: 400668
	378  -  MemoryUsage of job (MB)
	386560  -  ResidentSetSize of job (KB)
...
006 (78854907.077.000) 2026-10-03 21:53:52 Image size of job updated: 400668
	378  -  MemoryUsage of job (MB)
	386748  -  ResidentSetSize of job (KB)
...
006 (78854907.077.000) 2026-10-03 21:58:52 Image size of job updated: 425368
	416  -  MemoryUsage of job (MB)
	425368  -  ResidentSetSize of job (KB)
...
006 (78854907.077.000) 2026-10-03 22:03:53 Image size of job updated: 437792
	428  -  MemoryUsage of job (MB)
	437792  -  ResidentSetSize of job (KB)
...
006 (78854907.077.000) 2026-10-03 22:08:54 Image size of job updated: 474704
	464  -  MemoryUsage of job (MB)
	474704  -  ResidentSetSize of job (KB)
...
006 (78854907.077.000) 2026-10-03 22:13:54 Image size of job updated: 474772
	464  -  MemoryUsage of job (MB)
	474772  -  ResidentSetSize of job (KB)
...
006 (78854907.077.000) 2026-10-03 22:18:55 Image size of job updated: 480248
	469  -  MemoryUsage of job (MB)
	479260  -  ResidentSetSize of job (KB)
...
006 (78854907.077.000) 2026-10-03 22:23:56 Image size of job updated: 480248
	469  -  MemoryUsage of job (MB)
	479344  -  ResidentSetSize of job (KB)
...
006 (78854907.077.000) 2026-10-03 22:28:56 Image size of job updated: 481796
	471  -  MemoryUsage of job (MB)
	481796  -  ResidentSetSize of job (KB)
...
006 (78854907.077.000) 2026-10-03 22:33:57 Image size of job updated: 481828
	471  -  MemoryUsage of job (MB)
	481828  -  ResidentSetSize of job (KB)
...
006 (78854907.077.000) 2026-10-03 22:38:58 Image size of job updated: 481920
	471  -  MemoryUsage of job (MB)
	481828  -  ResidentSetSize of job (KB)
...
006 (78854907.077.000) 2026-10-03 22:48:59 Image size of job updated: 484968
	474  -  MemoryUsage of job (MB)
	484968  -  ResidentSetSize of job (KB)
...
006 (78854907.077.000) 2026-10-03 23:04:01 Image size of job updated: 485300
	474  -  MemoryUsage of job (MB)
	485300  -  ResidentSetSize of job (KB)
...
006 (78854907.077.000) 2026-10-03 23:09:01 Image size of job updated: 485304
	474  -  MemoryUsage of job (MB)
	485304  -  ResidentSetSize of job (KB)
...
006 (78854907.077.000) 2026-10-03 23:14:01 Image size of job updated: 486884
	476  -  MemoryUsage of job (MB)
	486884  -  ResidentSetSize of job (KB)
...
006 (78854907.077.000) 2026-10-03 23:19:02 Image size of job updated: 486896
	476  -  MemoryUsage of job (MB)
	486896  -  ResidentSetSize of job (KB)
...
006 (78854907.077.000) 2026-10-03 23:24:03 Image size of job updated: 487284
	476  -  MemoryUsage of job (MB)
	487284  -  ResidentSetSize of job (KB)
...
006 (78854907.077.000) 2026-10-03 23:29:03 Image size of job updated: 487316
	476  -  MemoryUsage of job (MB)
	487316  -  ResidentSetSize of job (KB)
...
006 (78854907.077.000) 2026-10-03 23:34:04 Image size of job updated: 488000
	477  -  MemoryUsage of job (MB)
	488000  -  ResidentSetSize of job (KB)
...
006 (78854907.077.000) 2026-10-03 23:39:05 Image size of job updated: 488012
	477  -  MemoryUsage of job (MB)
	488012  -  ResidentSetSize of job (KB)
...
006 (78854907.077.000) 2026-10-03 23:44:05 Image size of job updated: 488024
	477  -  MemoryUsage of job (MB)
	488024  -  ResidentSetSize of job (KB)
...
006 (78854907.077.000) 2026-10-03 23:49:06 Image size of job updated: 488032
	477  -  MemoryUsage of job (MB)
	488032  -  ResidentSetSize of job (KB)
...
006 (78854907.077.000) 2026-10-03 23:54:07 Image size of job updated: 488072
	477  -  MemoryUsage of job (MB)
	488072  -  ResidentSetSize of job (KB)
...
006 (78854907.077.000) 2026-10-03 23:59:07 Image size of job updated: 488088
	477  -  MemoryUsage of job (MB)
	488088  -  ResidentSetSize of job (KB)
...
006 (78854907.077.000) 2026-10-04 00:04:08 Image size of job updated: 488104
	477  -  MemoryUsage of job (MB)
	488104  -  ResidentSetSize of job (KB)
...
006 (78854907.077.000) 2026-10-04 00:09:09 Image size of job updated: 488116
	477  -  MemoryUsage of job (MB)
	488116  -  ResidentSetSize of job (KB)
...
006 (78854907.077.000) 2026-10-04 00:14:09 Image size of job updated: 498100
	487  -  MemoryUsage of job (MB)
	498100  -  ResidentSetSize of job (KB)
...
006 (78854907.077.000) 2026-10-04 00:19:10 Image size of job updated: 498108
	487  -  MemoryUsage of job (MB)
	498108  -  ResidentSetSize of job (KB)
...
006 (78854907.077.000) 2026-10-04 00:24:11 Image size of job updated: 499076
	488  -  MemoryUsage of job (MB)
	499076  -  ResidentSetSize of job (KB)
...
006 (78854907.077.000) 2026-10-04 00:29:11 Image size of job updated: 499108
	488  -  MemoryUsage of job (MB)
	499108  -  ResidentSetSize of job (KB)
...
006 (78854907.077.000) 2026-10-04 00:34:12 Image size of job updated: 500212
	489  -  MemoryUsage of job (MB)
	500212  -  ResidentSetSize of job (KB)
...
006 (78854907.077.000) 2026-10-04 00:39:13 Image size of job updated: 500268
	489  -  MemoryUsage of job (MB)
	500268  -  ResidentSetSize of job (KB)
...
006 (78854907.077.000) 2026-10-04 00:44:13 Image size of job updated: 503300
	491  -  MemoryUsage of job (MB)
	502404  -  ResidentSetSize of job (KB)
...
006 (78854907.077.000) 2026-10-04 00:49:14 Image size of job updated: 503300
	491  -  MemoryUsage of job (MB)
	502416  -  ResidentSetSize of job (KB)
...
006 (78854907.077.000) 2026-10-04 00:54:15 Image size of job updated: 505488
	494  -  MemoryUsage of job (MB)
	505488  -  ResidentSetSize of job (KB)
...
006 (78854907.077.000) 2026-10-04 00:59:15 Image size of job updated: 505552
	494  -  MemoryUsage of job (MB)
	505552  -  ResidentSetSize of job (KB)
...
006 (78854907.077.000) 2026-10-04 01:04:15 Image size of job updated: 505632
	494  -  MemoryUsage of job (MB)
	505632  -  ResidentSetSize of job (KB)
...
006 (78854907.077.000) 2026-10-04 01:09:16 Image size of job updated: 505720
	494  -  MemoryUsage of job (MB)
	505720  -  ResidentSetSize of job (KB)
...
006 (78854907.077.000) 2026-10-04 01:14:16 Image size of job updated: 508856
	497  -  MemoryUsage of job (MB)
	508856  -  ResidentSetSize of job (KB)
...
006 (78854907.077.000) 2026-10-04 01:19:16 Image size of job updated: 509012
	498  -  MemoryUsage of job (MB)
	509012  -  ResidentSetSize of job (KB)
...
006 (78854907.077.000) 2026-10-04 01:24:17 Image size of job updated: 512044
	500  -  MemoryUsage of job (MB)
	511052  -  ResidentSetSize of job (KB)
...
006 (78854907.077.000) 2026-10-04 01:29:17 Image size of job updated: 512044
	500  -  MemoryUsage of job (MB)
	511284  -  ResidentSetSize of job (KB)
...
006 (78854907.077.000) 2026-10-04 01:34:17 Image size of job updated: 522988
	511  -  MemoryUsage of job (MB)
	522988  -  ResidentSetSize of job (KB)
...
006 (78854907.077.000) 2026-10-04 01:39:18 Image size of job updated: 523452
	512  -  MemoryUsage of job (MB)
	523452  -  ResidentSetSize of job (KB)
...
006 (78854907.077.000) 2026-10-04 01:44:18 Image size of job updated: 528848
	517  -  MemoryUsage of job (MB)
	528848  -  ResidentSetSize of job (KB)
...
006 (78854907.077.000) 2026-10-04 01:49:18 Image size of job updated: 528904
	517  -  MemoryUsage of job (MB)
	528904  -  ResidentSetSize of job (KB)
...
006 (78854907.077.000) 2026-10-04 01:54:19 Image size of job updated: 531812
	520  -  MemoryUsage of job (MB)
	531812  -  ResidentSetSize of job (KB)
...
006 (78854907.077.000) 2026-10-04 01:59:19 Image size of job updated: 531832
	520  -  MemoryUsage of job (MB)
	531832  -  ResidentSetSize of job (KB)
...
006 (78854907.077.000) 2026-10-04 02:04:19 Image size of job updated: 533864
	522  -  MemoryUsage of job (MB)
	533864  -  ResidentSetSize of job (KB)
...
006 (78854907.077.000) 2026-10-04 02:09:20 Image size of job updated: 533876
	522  -  MemoryUsage of job (MB)
	533876  -  ResidentSetSize of job (KB)
...
006 (78854907.077.000) 2026-10-04 02:14:20 Image size of job updated: 547596
	535  -  MemoryUsage of job (MB)
	547596  -  ResidentSetSize of job (KB)
...
006 (78854907.077.000) 2026-10-04 02:19:20 Image size of job updated: 547612
	535  -  MemoryUsage of job (MB)
	547612  -  ResidentSetSize of job (KB)
...
006 (78854907.077.000) 2026-10-04 02:24:21 Image size of job updated: 550656
	538  -  MemoryUsage of job (MB)
	550656  -  ResidentSetSize of job (KB)
...
006 (78854907.077.000) 2026-10-04 02:29:21 Image size of job updated: 550672
	538  -  MemoryUsage of job (MB)
	550672  -  ResidentSetSize of job (KB)
...
006 (78854907.077.000) 2026-10-04 02:34:21 Image size of job updated: 550684
	538  -  MemoryUsage of job (MB)
	550684  -  ResidentSetSize of job (KB)
...
006 (78854907.077.000) 2026-10-04 02:39:22 Image size of job updated: 550692
	538  -  MemoryUsage of job (MB)
	550692  -  ResidentSetSize of job (KB)
...
006 (78854907.077.000) 2026-10-04 02:44:22 Image size of job updated: 551800
	539  -  MemoryUsage of job (MB)
	551800  -  ResidentSetSize of job (KB)
...
006 (78854907.077.000) 2026-10-04 02:49:22 Image size of job updated: 551816
	539  -  MemoryUsage of job (MB)
	551816  -  ResidentSetSize of job (KB)
...
006 (78854907.077.000) 2026-10-04 02:54:23 Image size of job updated: 553840
	541  -  MemoryUsage of job (MB)
	553840  -  ResidentSetSize of job (KB)
...
006 (78854907.077.000) 2026-10-04 02:59:23 Image size of job updated: 553852
	541  -  MemoryUsage of job (MB)
	553852  -  ResidentSetSize of job (KB)
...
006 (78854907.077.000) 2026-10-04 03:04:23 Image size of job updated: 553864
	541  -  MemoryUsage of job (MB)
	553864  -  ResidentSetSize of job (KB)
...
006 (78854907.077.000) 2026-10-04 03:09:24 Image size of job updated: 555896
	543  -  MemoryUsage of job (MB)
	555896  -  ResidentSetSize of job (KB)
...
006 (78854907.077.000) 2026-10-04 03:14:24 Image size of job updated: 555908
	543  -  MemoryUsage of job (MB)
	555908  -  ResidentSetSize of job (KB)
...
006 (78854907.077.000) 2026-10-04 03:19:24 Image size of job updated: 557624
	544  -  MemoryUsage of job (MB)
	556904  -  ResidentSetSize of job (KB)
...
006 (78854907.077.000) 2026-10-04 03:24:25 Image size of job updated: 557624
	545  -  MemoryUsage of job (MB)
	557364  -  ResidentSetSize of job (KB)
...
006 (78854907.077.000) 2026-10-04 03:29:25 Image size of job updated: 565120
	551  -  MemoryUsage of job (MB)
	564120  -  ResidentSetSize of job (KB)
...
006 (78854907.077.000) 2026-10-04 03:34:25 Image size of job updated: 565120
	551  -  MemoryUsage of job (MB)
	564132  -  ResidentSetSize of job (KB)
...
006 (78854907.077.000) 2026-10-04 03:39:26 Image size of job updated: 566544
	553  -  MemoryUsage of job (MB)
	565692  -  ResidentSetSize of job (KB)
...
006 (78854907.077.000) 2026-10-04 03:44:26 Image size of job updated: 566544
	553  -  MemoryUsage of job (MB)
	565704  -  ResidentSetSize of job (KB)
...
006 (78854907.077.000) 2026-10-04 03:49:26 Image size of job updated: 571224
	558  -  MemoryUsage of job (MB)
	571224  -  ResidentSetSize of job (KB)
...
006 (78854907.077.000) 2026-10-04 03:54:27 Image size of job updated: 571240
	558  -  MemoryUsage of job (MB)
	571240  -  ResidentSetSize of job (KB)
...
006 (78854907.077.000) 2026-10-04 03:59:27 Image size of job updated: 580616
	568  -  MemoryUsage of job (MB)
	580616  -  ResidentSetSize of job (KB)
...
006 (78854907.077.000) 2026-10-04 04:04:27 Image size of job updated: 580708
	568  -  MemoryUsage of job (MB)
	580708  -  ResidentSetSize of job (KB)
...
006 (78854907.077.000) 2026-10-04 04:09:28 Image size of job updated: 581864
	569  -  MemoryUsage of job (MB)
	581864  -  ResidentSetSize of job (KB)
...
006 (78854907.077.000) 2026-10-04 04:14:28 Image size of job updated: 581872
	569  -  MemoryUsage of job (MB)
	581872  -  ResidentSetSize of job (KB)
...
006 (78854907.077.000) 2026-10-04 04:19:28 Image size of job updated: 590116
	576  -  MemoryUsage of job (MB)
	589112  -  ResidentSetSize of job (KB)
...
006 (78854907.077.000) 2026-10-04 04:24:30 Image size of job updated: 590116
	576  -  MemoryUsage of job (MB)
	589124  -  ResidentSetSize of job (KB)
...
006 (78854907.077.000) 2026-10-04 04:29:30 Image size of job updated: 600396
	587  -  MemoryUsage of job (MB)
	600396  -  ResidentSetSize of job (KB)
...
006 (78854907.077.000) 2026-10-04 04:34:30 Image size of job updated: 600408
	587  -  MemoryUsage of job (MB)
	600408  -  ResidentSetSize of job (KB)
...
006 (78854907.077.000) 2026-10-04 04:39:31 Image size of job updated: 602928
	589  -  MemoryUsage of job (MB)
	602928  -  ResidentSetSize of job (KB)
...
006 (78854907.077.000) 2026-10-04 04:44:31 Image size of job updated: 603580
	590  -  MemoryUsage of job (MB)
	603580  -  ResidentSetSize of job (KB)
...
006 (78854907.077.000) 2026-10-04 04:49:31 Image size of job updated: 604608
	590  -  MemoryUsage of job (MB)
	603588  -  ResidentSetSize of job (KB)
...
006 (78854907.077.000) 2026-10-04 04:54:33 Image size of job updated: 604608
	590  -  MemoryUsage of job (MB)
	603592  -  ResidentSetSize of job (KB)
...
006 (78854907.077.000) 2026-10-04 04:59:33 Image size of job updated: 605648
	592  -  MemoryUsage of job (MB)
	605648  -  ResidentSetSize of job (KB)
...
006 (78854907.077.000) 2026-10-04 05:04:33 Image size of job updated: 605652
	592  -  MemoryUsage of job (MB)
	605652  -  ResidentSetSize of job (KB)
...
006 (78854907.077.000) 2026-10-04 05:09:34 Image size of job updated: 606988
	593  -  MemoryUsage of job (MB)
	606988  -  ResidentSetSize of job (KB)
...
006 (78854907.077.000) 2026-10-04 05:14:34 Image size of job updated: 606996
	593  -  MemoryUsage of job (MB)
	606996  -  ResidentSetSize of job (KB)
...
006 (78854907.077.000) 2026-10-04 05:19:34 Image size of job updated: 607748
	593  -  MemoryUsage of job (MB)
	606996  -  ResidentSetSize of job (KB)
...
006 (78854907.077.000) 2026-10-04 05:29:35 Image size of job updated: 609060
	595  -  MemoryUsage of job (MB)
	609060  -  ResidentSetSize of job (KB)
...
006 (78854907.077.000) 2026-10-04 05:34:35 Image size of job updated: 610120
	596  -  MemoryUsage of job (MB)
	610120  -  ResidentSetSize of job (KB)
...
006 (78854907.077.000) 2026-10-04 05:39:36 Image size of job updated: 612172
	597  -  MemoryUsage of job (MB)
	611148  -  ResidentSetSize of job (KB)
...
006 (78854907.077.000) 2026-10-04 05:44:37 Image size of job updated: 612172
	597  -  MemoryUsage of job (MB)
	611156  -  ResidentSetSize of job (KB)
...
006 (78854907.077.000) 2026-10-04 05:49:37 Image size of job updated: 613180
	597  -  MemoryUsage of job (MB)
	611164  -  ResidentSetSize of job (KB)
...
006 (78854907.077.000) 2026-10-04 05:54:38 Image size of job updated: 613180
	597  -  MemoryUsage of job (MB)
	611168  -  ResidentSetSize of job (KB)
...
006 (78854907.077.000) 2026-10-04 05:59:39 Image size of job updated: 613180
	597  -  MemoryUsage of job (MB)
	611176  -  ResidentSetSize of job (KB)
...
006 (78854907.077.000) 2026-10-04 06:04:39 Image size of job updated: 613180
	598  -  MemoryUsage of job (MB)
	611852  -  ResidentSetSize of job (KB)
...
006 (78854907.077.000) 2026-10-04 06:09:40 Image size of job updated: 613180
	598  -  MemoryUsage of job (MB)
	611856  -  ResidentSetSize of job (KB)
...
006 (78854907.077.000) 2026-10-04 06:14:41 Image size of job updated: 620196
	606  -  MemoryUsage of job (MB)
	620196  -  ResidentSetSize of job (KB)
...
006 (78854907.077.000) 2026-10-04 06:24:42 Image size of job updated: 620200
	606  -  MemoryUsage of job (MB)
	620200  -  ResidentSetSize of job (KB)
...
006 (78854907.077.000) 2026-10-04 06:29:43 Image size of job updated: 620204
	606  -  MemoryUsage of job (MB)
	620204  -  ResidentSetSize of job (KB)
...
006 (78854907.077.000) 2026-10-04 06:34:43 Image size of job updated: 623280
	608  -  MemoryUsage of job (MB)
	622260  -  ResidentSetSize of job (KB)
...
006 (78854907.077.000) 2026-10-04 06:39:44 Image size of job updated: 623280
	608  -  MemoryUsage of job (MB)
	622264  -  ResidentSetSize of job (KB)
...
006 (78854907.077.000) 2026-10-04 06:54:46 Image size of job updated: 624288
	610  -  MemoryUsage of job (MB)
	624288  -  ResidentSetSize of job (KB)
...
006 (78854907.077.000) 2026-10-04 06:59:47 Image size of job updated: 624324
	610  -  MemoryUsage of job (MB)
	624324  -  ResidentSetSize of job (KB)
...
006 (78854907.077.000) 2026-10-04 07:04:47 Image size of job updated: 624468
	610  -  MemoryUsage of job (MB)
	624324  -  ResidentSetSize of job (KB)
...
006 (78854907.077.000) 2026-10-04 07:14:48 Image size of job updated: 626352
	611  -  MemoryUsage of job (MB)
	625328  -  ResidentSetSize of job (KB)
...
006 (78854907.077.000) 2026-10-04 07:19:48 Image size of job updated: 626352
	611  -  MemoryUsage of job (MB)
	625332  -  ResidentSetSize of job (KB)
...
006 (78854907.077.000) 2026-10-04 07:34:49 Image size of job updated: 626356
	612  -  MemoryUsage of job (MB)
	626048  -  ResidentSetSize of job (KB)
...
006 (78854907.077.000) 2026-10-04 07:39:49 Image size of job updated: 626424
	612  -  MemoryUsage of job (MB)
	626424  -  ResidentSetSize of job (KB)
...
006 (78854907.077.000) 2026-10-04 07:44:50 Image size of job updated: 628460
	614  -  MemoryUsage of job (MB)
	628460  -  ResidentSetSize of job (KB)
...
006 (78854907.077.000) 2026-10-04 07:49:50 Image size of job updated: 628464
	614  -  MemoryUsage of job (MB)
	628464  -  ResidentSetSize of job (KB)
...
006 (78854907.077.000) 2026-10-04 08:19:52 Image size of job updated: 628488
	614  -  MemoryUsage of job (MB)
	628488  -  ResidentSetSize of job (KB)
...
006 (78854907.077.000) 2026-10-04 08:29:53 Image size of job updated: 629516
	614  -  MemoryUsage of job (MB)
	628488  -  ResidentSetSize of job (KB)
...
006 (78854907.077.000) 2026-10-04 08:39:54 Image size of job updated: 630248
	615  -  MemoryUsage of job (MB)
	629264  -  ResidentSetSize of job (KB)
...
006 (78854907.077.000) 2026-10-04 08:44:55 Image size of job updated: 630248
	615  -  MemoryUsage of job (MB)
	629268  -  ResidentSetSize of job (KB)
...
006 (78854907.077.000) 2026-10-04 08:49:56 Image size of job updated: 651436
	615  -  MemoryUsage of job (MB)
	629268  -  ResidentSetSize of job (KB)
...
006 (78854907.077.000) 2026-10-04 09:09:58 Image size of job updated: 651436
	630  -  MemoryUsage of job (MB)
	644340  -  ResidentSetSize of job (KB)
...
006 (78854907.077.000) 2026-10-04 09:14:59 Image size of job updated: 651436
	630  -  MemoryUsage of job (MB)
	644348  -  ResidentSetSize of job (KB)
...
006 (78854907.077.000) 2026-10-04 09:20:00 Image size of job updated: 651436
	635  -  MemoryUsage of job (MB)
	650032  -  ResidentSetSize of job (KB)
...
006 (78854907.077.000) 2026-10-04 09:25:00 Image size of job updated: 651436
	635  -  MemoryUsage of job (MB)
	650036  -  ResidentSetSize of job (KB)
...
006 (78854907.077.000) 2026-10-04 09:30:00 Image size of job updated: 651976
	635  -  MemoryUsage of job (MB)
	650036  -  ResidentSetSize of job (KB)
...
006 (78854907.077.000) 2026-10-04 09:40:01 Image size of job updated: 652776
	638  -  MemoryUsage of job (MB)
	652776  -  ResidentSetSize of job (KB)
...
006 (78854907.077.000) 2026-10-04 09:45:01 Image size of job updated: 653796
	639  -  MemoryUsage of job (MB)
	653796  -  ResidentSetSize of job (KB)
...
006 (78854907.077.000) 2026-10-04 09:50:02 Image size of job updated: 654804
	639  -  MemoryUsage of job (MB)
	653796  -  ResidentSetSize of job (KB)
...
006 (78854907.077.000) 2026-10-04 10:20:04 Image size of job updated: 656224
	641  -  MemoryUsage of job (MB)
	656224  -  ResidentSetSize of job (KB)
...
006 (78854907.077.000) 2026-10-04 10:25:04 Image size of job updated: 656892
	642  -  MemoryUsage of job (MB)
	656892  -  ResidentSetSize of job (KB)
...
006 (78854907.077.000) 2026-10-04 10:30:04 Image size of job updated: 656900
	642  -  MemoryUsage of job (MB)
	656892  -  ResidentSetSize of job (KB)
...
006 (78854907.077.000) 2026-10-04 11:05:08 Image size of job updated: 673656
	642  -  MemoryUsage of job (MB)
	656892  -  ResidentSetSize of job (KB)
...
006 (78854907.077.000) 2026-10-04 12:15:17 Image size of job updated: 673656
	643  -  MemoryUsage of job (MB)
	658016  -  ResidentSetSize of job (KB)
...
006 (78854907.077.000) 2026-10-04 12:20:18 Image size of job updated: 673656
	643  -  MemoryUsage of job (MB)
	658032  -  ResidentSetSize of job (KB)
...
006 (78854907.077.000) 2026-10-04 12:25:19 Image size of job updated: 673656
	644  -  MemoryUsage of job (MB)
	659340  -  ResidentSetSize of job (KB)
...
006 (78854907.077.000) 2026-10-04 12:30:19 Image size of job updated: 673656
	645  -  MemoryUsage of job (MB)
	659856  -  ResidentSetSize of job (KB)
...
006 (78854907.077.000) 2026-10-04 12:35:20 Image size of job updated: 673656
	651  -  MemoryUsage of job (MB)
	665696  -  ResidentSetSize of job (KB)
...
006 (78854907.077.000) 2026-10-04 12:40:21 Image size of job updated: 673656
	651  -  MemoryUsage of job (MB)
	665704  -  ResidentSetSize of job (KB)
...
006 (78854907.077.000) 2026-10-04 12:45:21 Image size of job updated: 682988
	651  -  MemoryUsage of job (MB)
	665704  -  ResidentSetSize of job (KB)
...
006 (78854907.077.000) 2026-10-04 13:05:24 Image size of job updated: 682988
	651  -  MemoryUsage of job (MB)
	665784  -  ResidentSetSize of job (KB)
...
006 (78854907.077.000) 2026-10-04 13:20:26 Image size of job updated: 682988
	651  -  MemoryUsage of job (MB)
	666080  -  ResidentSetSize of job (KB)
...
006 (78854907.077.000) 2026-10-04 13:25:27 Image size of job updated: 682988
	651  -  MemoryUsage of job (MB)
	666088  -  ResidentSetSize of job (KB)
...
006 (78854907.077.000) 2026-10-04 13:30:27 Image size of job updated: 682988
	655  -  MemoryUsage of job (MB)
	670696  -  ResidentSetSize of job (KB)
...
006 (78854907.077.000) 2026-10-04 13:35:27 Image size of job updated: 682988
	655  -  MemoryUsage of job (MB)
	670700  -  ResidentSetSize of job (KB)
...
006 (78854907.077.000) 2026-10-04 13:40:28 Image size of job updated: 682988
	658  -  MemoryUsage of job (MB)
	672940  -  ResidentSetSize of job (KB)
...
004 (78854907.077.000) 2026-10-04 13:44:46 Job was evicted. Code 1023 Subcode 0
	(0) CPU times
		Usr 2 06:52:42, Sys 0 00:04:16  -  Run Remote Usage
		Usr 0 00:00:00, Sys 0 00:00:00  -  Run Local Usage
	0  -  Run Bytes Sent By Job
	0  -  Run Bytes Received By Job
	Reason: via condor_rm (by user pratyusava.baral)
	Partitionable Resources :    Usage  Request Allocated 
	   Cpus                 :     3.43        4         4 
	   Disk (KB)            : 25000       25000     28672 
	   GPUs                 :                           0 
	   Memory (MB)          :   658       15000     15104 
	   TimeExecute (s)      : 57964                       
	   TimeSlotBusy (s)     : 57964                       
...
009 (78854907.077.000) 2026-10-04 13:44:46 Job was aborted.
	via condor_rm (by user pratyusava.baral)
...
000 (78855136.077.000) 2026-10-04 13:45:07 Job submitted from host: <10.14.0.121:9618?addrs=10.14.0.121-9618&alias=ldas-pcdev12.ligo.caltech.edu&noUDP&sock=schedd_623140_c9b4>
...
001 (78855136.077.000) 2026-10-04 13:49:18 Job executing on host: <10.14.7.4:9618?addrs=10.14.7.4-9618&alias=node1504.cluster.ldas.cit&noUDP&sock=startd_30836_8278>
	SlotName: slot1_1@node1504.cluster.ldas.cit
	CondorScratchDir = "/var/lib/condor/execute/dir_637676/scratch"
	Cpus = 4
	Disk = 28672
	GPUs = 0
	Memory = 15104
...
006 (78855136.077.000) 2026-10-04 13:49:27 Image size of job updated: 136072
	133  -  MemoryUsage of job (MB)
	136072  -  ResidentSetSize of job (KB)
...
006 (78855136.077.000) 2026-10-04 13:54:27 Image size of job updated: 379080
	371  -  MemoryUsage of job (MB)
	379080  -  ResidentSetSize of job (KB)
...
006 (78855136.077.000) 2026-10-04 13:59:27 Image size of job updated: 555084
	543  -  MemoryUsage of job (MB)
	555084  -  ResidentSetSize of job (KB)
...
006 (78855136.077.000) 2026-10-04 14:04:29 Image size of job updated: 567828
	555  -  MemoryUsage of job (MB)
	567828  -  ResidentSetSize of job (KB)
...
006 (78855136.077.000) 2026-10-04 14:09:29 Image size of job updated: 627816
	614  -  MemoryUsage of job (MB)
	627788  -  ResidentSetSize of job (KB)
...
006 (78855136.077.000) 2026-10-04 14:14:29 Image size of job updated: 630548
	616  -  MemoryUsage of job (MB)
	630548  -  ResidentSetSize of job (KB)
...
006 (78855136.077.000) 2026-10-04 14:19:30 Image size of job updated: 653936
	631  -  MemoryUsage of job (MB)
	645508  -  ResidentSetSize of job (KB)
...
006 (78855136.077.000) 2026-10-04 14:24:31 Image size of job updated: 653936
	631  -  MemoryUsage of job (MB)
	645540  -  ResidentSetSize of job (KB)
...
006 (78855136.077.000) 2026-10-04 14:29:31 Image size of job updated: 657872
	640  -  MemoryUsage of job (MB)
	654964  -  ResidentSetSize of job (KB)
...
006 (78855136.077.000) 2026-10-04 14:34:32 Image size of job updated: 657872
	640  -  MemoryUsage of job (MB)
	654992  -  ResidentSetSize of job (KB)
...
006 (78855136.077.000) 2026-10-04 14:39:33 Image size of job updated: 660068
	640  -  MemoryUsage of job (MB)
	654992  -  ResidentSetSize of job (KB)
...
006 (78855136.077.000) 2026-10-04 14:59:35 Image size of job updated: 670436
	644  -  MemoryUsage of job (MB)
	658796  -  ResidentSetSize of job (KB)
...
006 (78855136.077.000) 2026-10-04 15:04:36 Image size of job updated: 670436
	644  -  MemoryUsage of job (MB)
	658872  -  ResidentSetSize of job (KB)
...
006 (78855136.077.000) 2026-10-04 15:09:37 Image size of job updated: 670436
	645  -  MemoryUsage of job (MB)
	660256  -  ResidentSetSize of job (KB)
...
006 (78855136.077.000) 2026-10-04 15:14:37 Image size of job updated: 670436
	645  -  MemoryUsage of job (MB)
	660296  -  ResidentSetSize of job (KB)
...
006 (78855136.077.000) 2026-10-04 15:17:32 Image size of job updated: 768588
	645  -  MemoryUsage of job (MB)
	660296  -  ResidentSetSize of job (KB)
...
005 (78855136.077.000) 2026-10-04 15:17:32 Job terminated.
	(1) Normal termination (return value 0)
		Usr 0 05:25:45, Sys 0 00:00:13  -  Run Remote Usage
		Usr 0 00:00:00, Sys 0 00:00:00  -  Run Local Usage
		Usr 0 05:25:45, Sys 0 00:00:13  -  Total Remote Usage
		Usr 0 00:00:00, Sys 0 00:00:00  -  Total Local Usage
	0  -  Run Bytes Sent By Job
	0  -  Run Bytes Received By Job
	0  -  Total Bytes Sent By Job
	0  -  Total Bytes Received By Job
	Partitionable Resources :    Usage  Request Allocated 
	   Cpus                 :     3.91        4         4 
	   Disk (KB)            : 25000       25000     28672 
	   GPUs                 :                           0 
	   Memory (MB)          :   645       15000     15104 
	   TimeExecute (s)      :  5294                       
	   TimeSlotBusy (s)     :  5295                       
...
