15:40 bilby INFO    : Waveform generator initiated with
  frequency_domain_source_model: bilby.gw.source.lal_binary_black_hole_individual_modes
  time_domain_source_model: None
  parameter_conversion: bilby.gw.conversion.convert_to_lal_binary_black_hole_parameters
/scratch2/ligo.org/pratyusava.baral/dispersion/dispersion_env/src/bilby-x-g/bilby/gw/detector/interferometer.py:483: RuntimeWarning: divide by zero encountered in scalar power
  lambda_A = h * np.abs(A) ** (1/(a-2))
15:40 bilby INFO    : No prior given, using default BNS priors in /scratch2/ligo.org/pratyusava.baral/dispersion/dispersion_env/src/bilby-x-g/bilby/gw/prior_files/aligned_spins_bns_tides_on.prior.
15:40 bilby INFO    : Running for label 'None', output will be saved to 'results/78'
15:40 bilby INFO    : Performing redundancy check using BBHPriorDict(self).test_redundancy
15:40 bilby WARNING : Parameter fiducial has no default prior and is set to 0, this will not be sampled and may cause an error.
15:40 bilby INFO    : Performing redundancy check using BBHPriorDict(self).test_redundancy
15:40 bilby INFO    : Performing redundancy check using BBHPriorDict(self).test_redundancy
15:40 bilby INFO    : Performing redundancy check using BBHPriorDict(self).test_redundancy
15:40 bilby INFO    : Performing redundancy check using BBHPriorDict(self).test_redundancy
15:40 bilby INFO    : Performing redundancy check using BBHPriorDict(self).test_redundancy
15:40 bilby INFO    : Performing redundancy check using BBHPriorDict(self).test_redundancy
15:40 bilby INFO    : Performing redundancy check using BBHPriorDict(self).test_redundancy
15:40 bilby INFO    : Performing redundancy check using BBHPriorDict(self).test_redundancy
15:40 bilby INFO    : Performing redundancy check using BBHPriorDict(self).test_redundancy
15:40 bilby INFO    : Performing redundancy check using BBHPriorDict(self).test_redundancy
15:40 bilby INFO    : Performing redundancy check using BBHPriorDict(self).test_redundancy
15:40 bilby INFO    : Performing redundancy check using BBHPriorDict(self).test_redundancy
15:40 bilby INFO    : Performing redundancy check using BBHPriorDict(self).test_redundancy
15:40 bilby INFO    : Using lal version 7.7.0
15:40 bilby INFO    : Using lal git version Branch: None;Tag: lalsuite-v7.26.1;Id: c90e1175f5e238741185744a4e516e58d42a9aec;;Builder: Unknown User <>;Repository status: CLEAN: All modifications committed
15:40 bilby INFO    : Using lalsimulation version 6.2.0
15:40 bilby INFO    : Using lalsimulation git version Branch: None;Tag: lalsuite-v7.26.1;Id: c90e1175f5e238741185744a4e516e58d42a9aec;;Builder: Unknown User <>;Repository status: CLEAN: All modifications committed
15:40 bilby INFO    : Analysis priors:
15:40 bilby INFO    : mass_ratio=Uniform(minimum=0.6113891330789248, maximum=1, name='mass_ratio', latex_label='$q$', unit=None, boundary=None)
15:40 bilby INFO    : chirp_mass=Uniform(minimum=16.12702003826175, maximum=16.187020038261753, name='chirp_mass', latex_label='$\\mathcal{M}$', unit=None, boundary=None)
15:40 bilby INFO    : luminosity_distance=Uniform(minimum=137.13171884835185, maximum=227.13171884835185, name='luminosity_distance', latex_label='$d_L$', unit=None, boundary=None)
15:40 bilby INFO    : dec=Cosine(minimum=-1.5707963267948966, maximum=1.5707963267948966, name='dec', latex_label='$\\mathrm{DEC}$', unit=None, boundary=None)
15:40 bilby INFO    : ra=Uniform(minimum=0, maximum=6.283185307179586, name='ra', latex_label='$\\mathrm{RA}$', unit=None, boundary='periodic')
15:40 bilby INFO    : theta_jn=Sine(minimum=0, maximum=3.141592653589793, name='theta_jn', latex_label='$\\theta_{JN}$', unit=None, boundary=None)
15:40 bilby INFO    : psi=Uniform(minimum=0, maximum=3.141592653589793, name='psi', latex_label='$\\psi$', unit=None, boundary='periodic')
15:40 bilby INFO    : phase=Uniform(minimum=0, maximum=6.283185307179586, name='phase', latex_label='$\\phi$', unit=None, boundary='periodic')
15:40 bilby INFO    : chi_1=bilby.gw.prior.AlignedSpin(a_prior=Uniform(minimum=0, maximum=0.99, name=None, latex_label=None, unit=None, boundary=None), z_prior=Uniform(minimum=-1, maximum=1, name=None, latex_label=None, unit=None, boundary=None), name='chi_1', latex_label='$\\chi_1$', unit=None, boundary=None, minimum=-0.99, maximum=0.99)
15:40 bilby INFO    : chi_2=bilby.gw.prior.AlignedSpin(a_prior=Uniform(minimum=0, maximum=0.99, name=None, latex_label=None, unit=None, boundary=None), z_prior=Uniform(minimum=-1, maximum=1, name=None, latex_label=None, unit=None, boundary=None), name='chi_2', latex_label='$\\chi_2$', unit=None, boundary=None, minimum=-0.99, maximum=0.99)
15:40 bilby INFO    : A=SymmetricLogUniform(minimum=1e-05, maximum=0.01, name='A', latex_label='A', unit=None, boundary=None)
15:40 bilby INFO    : CE_time=Uniform(minimum=1930623445.5562365, maximum=1930623445.5762365, name='CE_time', latex_label='$t_{CE}$', unit='$s$', boundary=None)
15:40 bilby INFO    : a=0
15:40 bilby INFO    : Analysis likelihood class: <class 'bilby.gw.likelihood.relative.RelativeBinningGravitationalWaveTransientNextGenerationModebyMode'>
15:40 bilby INFO    : Analysis likelihood noise evidence: -3522206.252509446
15:40 bilby INFO    : Single likelihood evaluation took 1.620e-01 s
15:40 bilby INFO    : Checkpoint every check_point_delta_t = 600s
15:40 bilby WARNING : Using cached result
15:40 bilby INFO    : Summary of results:
nsamples: 2904
ln_noise_evidence: -3522206.253
ln_evidence: -70.193 +/-  0.368
ln_bayes_factor: 3522136.060 +/-  0.368

/ligo/home/ligo.org/pratyusava.baral/dispersion/dispersion_env/lib64/python3.11/site-packages/numpy/lib/_histograms_impl.py:901: RuntimeWarning: invalid value encountered in divide
  return n/db/n.sum(), bin_edges
Traceback (most recent call last):
  File "/ligo/home/ligo.org/pratyusava.baral/Modified_Dispersion/bilby/scripts/pe.py", line 267, in <module>
    result.plot_corner()
  File "/scratch2/ligo.org/pratyusava.baral/dispersion/dispersion_env/src/bilby-x-g/bilby/core/utils/plotting.py", line 65, in wrapper_decorator
    return func(*args, **kwargs)
           ^^^^^^^^^^^^^^^^^^^^^
  File "/scratch2/ligo.org/pratyusava.baral/dispersion/dispersion_env/src/bilby-x-g/bilby/core/result.py", line 1285, in plot_corner
    fig = corner.corner(xs, **kwargs)
          ^^^^^^^^^^^^^^^^^^^^^^^^^^^
  File "/ligo/home/ligo.org/pratyusava.baral/dispersion/dispersion_env/lib64/python3.11/site-packages/corner/corner.py", line 248, in corner
    return corner_impl(
           ^^^^^^^^^^^^
  File "/ligo/home/ligo.org/pratyusava.baral/dispersion/dispersion_env/lib64/python3.11/site-packages/corner/core.py", line 298, in corner_impl
    _set_ylim(force_range, new_fig, ax, [0, 1.1 * np.max(n)])
  File "/ligo/home/ligo.org/pratyusava.baral/dispersion/dispersion_env/lib64/python3.11/site-packages/corner/core.py", line 928, in _set_ylim
    return ax.set_ylim(new_ylim)
           ^^^^^^^^^^^^^^^^^^^^^
  File "/ligo/home/ligo.org/pratyusava.baral/dispersion/dispersion_env/lib64/python3.11/site-packages/matplotlib/axes/_base.py", line 4062, in set_ylim
    return self.yaxis._set_lim(bottom, top, emit=emit, auto=auto)
           ^^^^^^^^^^^^^^^^^^^^^^^^^^^^^^^^^^^^^^^^^^^^^^^^^^^^^^
  File "/ligo/home/ligo.org/pratyusava.baral/dispersion/dispersion_env/lib64/python3.11/site-packages/matplotlib/axis.py", line 1217, in _set_lim
    v1 = self.axes._validate_converted_limits(v1, self.convert_units)
         ^^^^^^^^^^^^^^^^^^^^^^^^^^^^^^^^^^^^^^^^^^^^^^^^^^^^^^^^^^^^
  File "/ligo/home/ligo.org/pratyusava.baral/dispersion/dispersion_env/lib64/python3.11/site-packages/matplotlib/axes/_base.py", line 3749, in _validate_converted_limits
    raise ValueError("Axis limits cannot be NaN or Inf")
ValueError: Axis limits cannot be NaN or Inf
