000 (78852668.008.000) 2026-10-01 10:44:08 Job submitted from host: <10.14.0.121:9618?addrs=10.14.0.121-9618&alias=ldas-pcdev12.ligo.caltech.edu&noUDP&sock=schedd_623140_c9b4>
...
001 (78852668.008.000) 2026-10-01 10:47:07 Job executing on host: <10.14.9.88:9618?addrs=10.14.9.88-9618&alias=node2088.cluster.ldas.cit&noUDP&sock=startd_563128_8c28>
	SlotName: slot1_8@node2088.cluster.ldas.cit
	CondorScratchDir = "/var/lib/condor/execute/dir_884672/scratch"
	Cpus = 4
	Disk = 28672
	GPUs = 0
	Memory = 15104
...
006 (78852668.008.000) 2026-10-01 10:47:16 Image size of job updated: 180820
	177  -  MemoryUsage of job (MB)
	180820  -  ResidentSetSize of job (KB)
...
006 (78852668.008.000) 2026-10-01 10:52:17 Image size of job updated: 253252
	248  -  MemoryUsage of job (MB)
	253252  -  ResidentSetSize of job (KB)
...
006 (78852668.008.000) 2026-10-01 10:57:17 Image size of job updated: 253832
	248  -  MemoryUsage of job (MB)
	253832  -  ResidentSetSize of job (KB)
...
006 (78852668.008.000) 2026-10-01 11:02:17 Image size of job updated: 354832
	347  -  MemoryUsage of job (MB)
	354832  -  ResidentSetSize of job (KB)
...
006 (78852668.008.000) 2026-10-01 11:07:18 Image size of job updated: 355024
	347  -  MemoryUsage of job (MB)
	355024  -  ResidentSetSize of job (KB)
...
006 (78852668.008.000) 2026-10-01 11:12:19 Image size of job updated: 363724
	356  -  MemoryUsage of job (MB)
	363724  -  ResidentSetSize of job (KB)
...
006 (78852668.008.000) 2026-10-01 11:17:19 Image size of job updated: 363748
	356  -  MemoryUsage of job (MB)
	363748  -  ResidentSetSize of job (KB)
...
006 (78852668.008.000) 2026-10-01 11:22:20 Image size of job updated: 371020
	363  -  MemoryUsage of job (MB)
	371020  -  ResidentSetSize of job (KB)
...
006 (78852668.008.000) 2026-10-01 11:27:21 Image size of job updated: 371036
	363  -  MemoryUsage of job (MB)
	371036  -  ResidentSetSize of job (KB)
...
006 (78852668.008.000) 2026-10-01 11:32:21 Image size of job updated: 371804
	363  -  MemoryUsage of job (MB)
	371036  -  ResidentSetSize of job (KB)
...
006 (78852668.008.000) 2026-10-01 11:42:23 Image size of job updated: 382004
	374  -  MemoryUsage of job (MB)
	382004  -  ResidentSetSize of job (KB)
...
006 (78852668.008.000) 2026-10-01 11:47:23 Image size of job updated: 382012
	374  -  MemoryUsage of job (MB)
	382012  -  ResidentSetSize of job (KB)
...
006 (78852668.008.000) 2026-10-01 11:52:23 Image size of job updated: 397644
	389  -  MemoryUsage of job (MB)
	397644  -  ResidentSetSize of job (KB)
...
006 (78852668.008.000) 2026-10-01 11:57:24 Image size of job updated: 397652
	389  -  MemoryUsage of job (MB)
	397652  -  ResidentSetSize of job (KB)
...
006 (78852668.008.000) 2026-10-01 12:02:24 Image size of job updated: 398716
	390  -  MemoryUsage of job (MB)
	398716  -  ResidentSetSize of job (KB)
...
006 (78852668.008.000) 2026-10-01 12:07:24 Image size of job updated: 398832
	390  -  MemoryUsage of job (MB)
	398832  -  ResidentSetSize of job (KB)
...
006 (78852668.008.000) 2026-10-01 12:12:25 Image size of job updated: 413856
	401  -  MemoryUsage of job (MB)
	409796  -  ResidentSetSize of job (KB)
...
006 (78852668.008.000) 2026-10-01 12:17:26 Image size of job updated: 413856
	401  -  MemoryUsage of job (MB)
	409800  -  ResidentSetSize of job (KB)
...
006 (78852668.008.000) 2026-10-01 12:22:26 Image size of job updated: 413856
	401  -  MemoryUsage of job (MB)
	409808  -  ResidentSetSize of job (KB)
...
006 (78852668.008.000) 2026-10-01 12:27:27 Image size of job updated: 413856
	401  -  MemoryUsage of job (MB)
	409816  -  ResidentSetSize of job (KB)
...
006 (78852668.008.000) 2026-10-01 12:47:29 Image size of job updated: 415252
	406  -  MemoryUsage of job (MB)
	415252  -  ResidentSetSize of job (KB)
...
006 (78852668.008.000) 2026-10-01 12:52:29 Image size of job updated: 549624
	537  -  MemoryUsage of job (MB)
	549624  -  ResidentSetSize of job (KB)
...
006 (78852668.008.000) 2026-10-01 12:57:29 Image size of job updated: 713508
	697  -  MemoryUsage of job (MB)
	713508  -  ResidentSetSize of job (KB)
...
006 (78852668.008.000) 2026-10-01 13:02:30 Image size of job updated: 715520
	699  -  MemoryUsage of job (MB)
	715520  -  ResidentSetSize of job (KB)
...
006 (78852668.008.000) 2026-10-01 13:07:30 Image size of job updated: 715524
	699  -  MemoryUsage of job (MB)
	715524  -  ResidentSetSize of job (KB)
...
006 (78852668.008.000) 2026-10-01 13:12:30 Image size of job updated: 718764
	701  -  MemoryUsage of job (MB)
	717740  -  ResidentSetSize of job (KB)
...
006 (78852668.008.000) 2026-10-01 13:17:31 Image size of job updated: 718764
	701  -  MemoryUsage of job (MB)
	717744  -  ResidentSetSize of job (KB)
...
006 (78852668.008.000) 2026-10-01 13:42:34 Image size of job updated: 718764
	701  -  MemoryUsage of job (MB)
	717748  -  ResidentSetSize of job (KB)
...
006 (78852668.008.000) 2026-10-01 13:57:35 Image size of job updated: 718764
	701  -  MemoryUsage of job (MB)
	717752  -  ResidentSetSize of job (KB)
...
006 (78852668.008.000) 2026-10-01 14:12:37 Image size of job updated: 719628
	703  -  MemoryUsage of job (MB)
	719628  -  ResidentSetSize of job (KB)
...
006 (78852668.008.000) 2026-10-01 14:37:39 Image size of job updated: 719644
	703  -  MemoryUsage of job (MB)
	719644  -  ResidentSetSize of job (KB)
...
006 (78852668.008.000) 2026-10-01 14:47:40 Image size of job updated: 719652
	703  -  MemoryUsage of job (MB)
	719652  -  ResidentSetSize of job (KB)
...
006 (78852668.008.000) 2026-10-01 14:57:41 Image size of job updated: 719656
	703  -  MemoryUsage of job (MB)
	719656  -  ResidentSetSize of job (KB)
...
006 (78852668.008.000) 2026-10-01 15:12:43 Image size of job updated: 719660
	703  -  MemoryUsage of job (MB)
	719660  -  ResidentSetSize of job (KB)
...
006 (78852668.008.000) 2026-10-01 15:17:44 Image size of job updated: 720676
	704  -  MemoryUsage of job (MB)
	720676  -  ResidentSetSize of job (KB)
...
006 (78852668.008.000) 2026-10-01 15:22:44 Image size of job updated: 720680
	704  -  MemoryUsage of job (MB)
	720680  -  ResidentSetSize of job (KB)
...
006 (78852668.008.000) 2026-10-01 15:27:45 Image size of job updated: 720688
	704  -  MemoryUsage of job (MB)
	720688  -  ResidentSetSize of job (KB)
...
006 (78852668.008.000) 2026-10-01 15:37:46 Image size of job updated: 720844
	704  -  MemoryUsage of job (MB)
	720844  -  ResidentSetSize of job (KB)
...
006 (78852668.008.000) 2026-10-01 15:47:47 Image size of job updated: 721720
	705  -  MemoryUsage of job (MB)
	721720  -  ResidentSetSize of job (KB)
...
006 (78852668.008.000) 2026-10-01 15:57:47 Image size of job updated: 722748
	706  -  MemoryUsage of job (MB)
	722748  -  ResidentSetSize of job (KB)
...
006 (78852668.008.000) 2026-10-01 16:07:48 Image size of job updated: 723184
	707  -  MemoryUsage of job (MB)
	723184  -  ResidentSetSize of job (KB)
...
006 (78852668.008.000) 2026-10-01 16:12:49 Image size of job updated: 723188
	707  -  MemoryUsage of job (MB)
	723188  -  ResidentSetSize of job (KB)
...
006 (78852668.008.000) 2026-10-01 16:17:50 Image size of job updated: 724804
	708  -  MemoryUsage of job (MB)
	724804  -  ResidentSetSize of job (KB)
...
006 (78852668.008.000) 2026-10-01 16:22:50 Image size of job updated: 724808
	708  -  MemoryUsage of job (MB)
	724808  -  ResidentSetSize of job (KB)
...
006 (78852668.008.000) 2026-10-01 16:27:50 Image size of job updated: 725888
	709  -  MemoryUsage of job (MB)
	725888  -  ResidentSetSize of job (KB)
...
006 (78852668.008.000) 2026-10-01 16:32:51 Image size of job updated: 725892
	709  -  MemoryUsage of job (MB)
	725892  -  ResidentSetSize of job (KB)
...
006 (78852668.008.000) 2026-10-01 16:37:51 Image size of job updated: 729168
	712  -  MemoryUsage of job (MB)
	728144  -  ResidentSetSize of job (KB)
...
006 (78852668.008.000) 2026-10-01 16:42:51 Image size of job updated: 729168
	712  -  MemoryUsage of job (MB)
	728168  -  ResidentSetSize of job (KB)
...
006 (78852668.008.000) 2026-10-01 16:47:53 Image size of job updated: 729168
	712  -  MemoryUsage of job (MB)
	728932  -  ResidentSetSize of job (KB)
...
006 (78852668.008.000) 2026-10-01 16:57:53 Image size of job updated: 737252
	720  -  MemoryUsage of job (MB)
	737252  -  ResidentSetSize of job (KB)
...
006 (78852668.008.000) 2026-10-01 17:07:55 Image size of job updated: 742376
	724  -  MemoryUsage of job (MB)
	741352  -  ResidentSetSize of job (KB)
...
006 (78852668.008.000) 2026-10-01 17:17:56 Image size of job updated: 742376
	724  -  MemoryUsage of job (MB)
	741356  -  ResidentSetSize of job (KB)
...
006 (78852668.008.000) 2026-10-01 17:27:57 Image size of job updated: 743580
	727  -  MemoryUsage of job (MB)
	743580  -  ResidentSetSize of job (KB)
...
006 (78852668.008.000) 2026-10-01 17:37:58 Image size of job updated: 743584
	727  -  MemoryUsage of job (MB)
	743584  -  ResidentSetSize of job (KB)
...
006 (78852668.008.000) 2026-10-01 17:53:00 Image size of job updated: 744440
	727  -  MemoryUsage of job (MB)
	744440  -  ResidentSetSize of job (KB)
...
006 (78852668.008.000) 2026-10-01 18:03:00 Image size of job updated: 744444
	727  -  MemoryUsage of job (MB)
	744444  -  ResidentSetSize of job (KB)
...
006 (78852668.008.000) 2026-10-01 18:18:02 Image size of job updated: 744448
	727  -  MemoryUsage of job (MB)
	744448  -  ResidentSetSize of job (KB)
...
006 (78852668.008.000) 2026-10-01 18:28:04 Image size of job updated: 744452
	728  -  MemoryUsage of job (MB)
	744452  -  ResidentSetSize of job (KB)
...
006 (78852668.008.000) 2026-10-01 18:38:04 Image size of job updated: 744456
	728  -  MemoryUsage of job (MB)
	744456  -  ResidentSetSize of job (KB)
...
006 (78852668.008.000) 2026-10-01 18:43:05 Image size of job updated: 745480
	729  -  MemoryUsage of job (MB)
	745480  -  ResidentSetSize of job (KB)
...
006 (78852668.008.000) 2026-10-01 18:48:05 Image size of job updated: 745484
	729  -  MemoryUsage of job (MB)
	745484  -  ResidentSetSize of job (KB)
...
006 (78852668.008.000) 2026-10-01 18:53:05 Image size of job updated: 745524
	729  -  MemoryUsage of job (MB)
	745524  -  ResidentSetSize of job (KB)
...
006 (78852668.008.000) 2026-10-01 19:03:07 Image size of job updated: 748456
	731  -  MemoryUsage of job (MB)
	748456  -  ResidentSetSize of job (KB)
...
006 (78852668.008.000) 2026-10-01 19:08:07 Image size of job updated: 748460
	731  -  MemoryUsage of job (MB)
	748460  -  ResidentSetSize of job (KB)
...
006 (78852668.008.000) 2026-10-01 19:13:08 Image size of job updated: 748560
	732  -  MemoryUsage of job (MB)
	748560  -  ResidentSetSize of job (KB)
...
006 (78852668.008.000) 2026-10-01 19:18:09 Image size of job updated: 748564
	732  -  MemoryUsage of job (MB)
	748564  -  ResidentSetSize of job (KB)
...
006 (78852668.008.000) 2026-10-01 19:23:09 Image size of job updated: 749584
	733  -  MemoryUsage of job (MB)
	749584  -  ResidentSetSize of job (KB)
...
006 (78852668.008.000) 2026-10-01 19:28:10 Image size of job updated: 749588
	733  -  MemoryUsage of job (MB)
	749588  -  ResidentSetSize of job (KB)
...
006 (78852668.008.000) 2026-10-01 19:33:11 Image size of job updated: 754640
	737  -  MemoryUsage of job (MB)
	754640  -  ResidentSetSize of job (KB)
...
006 (78852668.008.000) 2026-10-01 19:43:11 Image size of job updated: 754648
	737  -  MemoryUsage of job (MB)
	754648  -  ResidentSetSize of job (KB)
...
006 (78852668.008.000) 2026-10-01 19:53:12 Image size of job updated: 754652
	737  -  MemoryUsage of job (MB)
	754652  -  ResidentSetSize of job (KB)
...
006 (78852668.008.000) 2026-10-01 20:13:13 Image size of job updated: 756672
	739  -  MemoryUsage of job (MB)
	756672  -  ResidentSetSize of job (KB)
...
006 (78852668.008.000) 2026-10-01 20:33:16 Image size of job updated: 756676
	739  -  MemoryUsage of job (MB)
	756676  -  ResidentSetSize of job (KB)
...
006 (78852668.008.000) 2026-10-01 20:38:17 Image size of job updated: 759080
	740  -  MemoryUsage of job (MB)
	757684  -  ResidentSetSize of job (KB)
...
006 (78852668.008.000) 2026-10-01 20:48:17 Image size of job updated: 759080
	740  -  MemoryUsage of job (MB)
	757688  -  ResidentSetSize of job (KB)
...
006 (78852668.008.000) 2026-10-01 21:03:18 Image size of job updated: 759080
	740  -  MemoryUsage of job (MB)
	757692  -  ResidentSetSize of job (KB)
...
006 (78852668.008.000) 2026-10-01 21:18:19 Image size of job updated: 759080
	741  -  MemoryUsage of job (MB)
	758700  -  ResidentSetSize of job (KB)
...
006 (78852668.008.000) 2026-10-01 21:28:20 Image size of job updated: 759708
	742  -  MemoryUsage of job (MB)
	759708  -  ResidentSetSize of job (KB)
...
006 (78852668.008.000) 2026-10-01 21:38:21 Image size of job updated: 759712
	742  -  MemoryUsage of job (MB)
	759712  -  ResidentSetSize of job (KB)
...
006 (78852668.008.000) 2026-10-01 22:13:25 Image size of job updated: 759716
	742  -  MemoryUsage of job (MB)
	759716  -  ResidentSetSize of job (KB)
...
006 (78852668.008.000) 2026-10-01 22:28:26 Image size of job updated: 761784
	744  -  MemoryUsage of job (MB)
	761784  -  ResidentSetSize of job (KB)
...
006 (78852668.008.000) 2026-10-01 22:38:26 Image size of job updated: 762740
	745  -  MemoryUsage of job (MB)
	762740  -  ResidentSetSize of job (KB)
...
006 (78852668.008.000) 2026-10-01 22:53:28 Image size of job updated: 762744
	745  -  MemoryUsage of job (MB)
	762744  -  ResidentSetSize of job (KB)
...
006 (78852668.008.000) 2026-10-01 23:03:30 Image size of job updated: 763752
	746  -  MemoryUsage of job (MB)
	763752  -  ResidentSetSize of job (KB)
...
006 (78852668.008.000) 2026-10-01 23:23:31 Image size of job updated: 771456
	754  -  MemoryUsage of job (MB)
	771456  -  ResidentSetSize of job (KB)
...
006 (78852668.008.000) 2026-10-01 23:33:33 Image size of job updated: 772848
	754  -  MemoryUsage of job (MB)
	771840  -  ResidentSetSize of job (KB)
...
006 (78852668.008.000) 2026-10-01 23:38:33 Image size of job updated: 772848
	754  -  MemoryUsage of job (MB)
	771844  -  ResidentSetSize of job (KB)
...
006 (78852668.008.000) 2026-10-01 23:53:35 Image size of job updated: 773376
	756  -  MemoryUsage of job (MB)
	773376  -  ResidentSetSize of job (KB)
...
006 (78852668.008.000) 2026-10-02 00:03:36 Image size of job updated: 777344
	760  -  MemoryUsage of job (MB)
	777344  -  ResidentSetSize of job (KB)
...
006 (78852668.008.000) 2026-10-02 00:23:38 Image size of job updated: 778352
	761  -  MemoryUsage of job (MB)
	778352  -  ResidentSetSize of job (KB)
...
006 (78852668.008.000) 2026-10-02 00:48:39 Image size of job updated: 778356
	761  -  MemoryUsage of job (MB)
	778356  -  ResidentSetSize of job (KB)
...
006 (78852668.008.000) 2026-10-02 00:58:41 Image size of job updated: 779364
	762  -  MemoryUsage of job (MB)
	779364  -  ResidentSetSize of job (KB)
...
006 (78852668.008.000) 2026-10-02 01:18:43 Image size of job updated: 779368
	762  -  MemoryUsage of job (MB)
	779368  -  ResidentSetSize of job (KB)
...
006 (78852668.008.000) 2026-10-02 01:28:44 Image size of job updated: 780376
	763  -  MemoryUsage of job (MB)
	780376  -  ResidentSetSize of job (KB)
...
006 (78852668.008.000) 2026-10-02 01:48:46 Image size of job updated: 781388
	764  -  MemoryUsage of job (MB)
	781388  -  ResidentSetSize of job (KB)
...
006 (78852668.008.000) 2026-10-02 01:53:46 Image size of job updated: 781392
	764  -  MemoryUsage of job (MB)
	781392  -  ResidentSetSize of job (KB)
...
006 (78852668.008.000) 2026-10-02 02:28:49 Image size of job updated: 782396
	765  -  MemoryUsage of job (MB)
	782396  -  ResidentSetSize of job (KB)
...
006 (78852668.008.000) 2026-10-02 02:38:51 Image size of job updated: 783404
	766  -  MemoryUsage of job (MB)
	783404  -  ResidentSetSize of job (KB)
...
006 (78852668.008.000) 2026-10-02 02:48:51 Image size of job updated: 783408
	766  -  MemoryUsage of job (MB)
	783408  -  ResidentSetSize of job (KB)
...
006 (78852668.008.000) 2026-10-02 02:58:52 Image size of job updated: 786548
	769  -  MemoryUsage of job (MB)
	786548  -  ResidentSetSize of job (KB)
...
006 (78852668.008.000) 2026-10-02 03:08:53 Image size of job updated: 796788
	779  -  MemoryUsage of job (MB)
	796788  -  ResidentSetSize of job (KB)
...
006 (78852668.008.000) 2026-10-02 03:18:54 Image size of job updated: 798804
	781  -  MemoryUsage of job (MB)
	798804  -  ResidentSetSize of job (KB)
...
006 (78852668.008.000) 2026-10-02 03:43:56 Image size of job updated: 798812
	781  -  MemoryUsage of job (MB)
	798812  -  ResidentSetSize of job (KB)
...
006 (78852668.008.000) 2026-10-02 04:08:59 Image size of job updated: 798816
	781  -  MemoryUsage of job (MB)
	798816  -  ResidentSetSize of job (KB)
...
006 (78852668.008.000) 2026-10-02 04:13:59 Image size of job updated: 801840
	784  -  MemoryUsage of job (MB)
	801840  -  ResidentSetSize of job (KB)
...
006 (78852668.008.000) 2026-10-02 04:54:04 Image size of job updated: 802848
	784  -  MemoryUsage of job (MB)
	801840  -  ResidentSetSize of job (KB)
...
006 (78852668.008.000) 2026-10-02 05:04:04 Image size of job updated: 802848
	785  -  MemoryUsage of job (MB)
	802848  -  ResidentSetSize of job (KB)
...
006 (78852668.008.000) 2026-10-02 05:34:07 Image size of job updated: 804868
	787  -  MemoryUsage of job (MB)
	804868  -  ResidentSetSize of job (KB)
...
006 (78852668.008.000) 2026-10-02 06:39:13 Image size of job updated: 806916
	789  -  MemoryUsage of job (MB)
	806916  -  ResidentSetSize of job (KB)
...
006 (78852668.008.000) 2026-10-02 06:49:14 Image size of job updated: 806932
	789  -  MemoryUsage of job (MB)
	806932  -  ResidentSetSize of job (KB)
...
006 (78852668.008.000) 2026-10-02 07:19:17 Image size of job updated: 806936
	789  -  MemoryUsage of job (MB)
	806936  -  ResidentSetSize of job (KB)
...
006 (78852668.008.000) 2026-10-02 07:29:19 Image size of job updated: 808972
	791  -  MemoryUsage of job (MB)
	808972  -  ResidentSetSize of job (KB)
...
006 (78852668.008.000) 2026-10-02 07:49:21 Image size of job updated: 814100
	796  -  MemoryUsage of job (MB)
	814100  -  ResidentSetSize of job (KB)
...
006 (78852668.008.000) 2026-10-02 08:09:22 Image size of job updated: 814492
	796  -  MemoryUsage of job (MB)
	814492  -  ResidentSetSize of job (KB)
...
006 (78852668.008.000) 2026-10-02 08:14:23 Image size of job updated: 814524
	796  -  MemoryUsage of job (MB)
	814524  -  ResidentSetSize of job (KB)
...
006 (78852668.008.000) 2026-10-02 08:19:24 Image size of job updated: 815548
	797  -  MemoryUsage of job (MB)
	815548  -  ResidentSetSize of job (KB)
...
006 (78852668.008.000) 2026-10-02 08:39:26 Image size of job updated: 815568
	797  -  MemoryUsage of job (MB)
	815568  -  ResidentSetSize of job (KB)
...
006 (78852668.008.000) 2026-10-02 08:54:27 Image size of job updated: 816572
	798  -  MemoryUsage of job (MB)
	816572  -  ResidentSetSize of job (KB)
...
006 (78852668.008.000) 2026-10-02 09:14:29 Image size of job updated: 816612
	798  -  MemoryUsage of job (MB)
	816612  -  ResidentSetSize of job (KB)
...
006 (78852668.008.000) 2026-10-02 09:24:31 Image size of job updated: 817596
	799  -  MemoryUsage of job (MB)
	817596  -  ResidentSetSize of job (KB)
...
006 (78852668.008.000) 2026-10-02 09:44:32 Image size of job updated: 817608
	799  -  MemoryUsage of job (MB)
	817596  -  ResidentSetSize of job (KB)
...
006 (78852668.008.000) 2026-10-02 09:54:33 Image size of job updated: 819644
	801  -  MemoryUsage of job (MB)
	819644  -  ResidentSetSize of job (KB)
...
006 (78852668.008.000) 2026-10-02 10:34:37 Image size of job updated: 820672
	802  -  MemoryUsage of job (MB)
	820672  -  ResidentSetSize of job (KB)
...
006 (78852668.008.000) 2026-10-02 11:19:42 Image size of job updated: 821692
	803  -  MemoryUsage of job (MB)
	821692  -  ResidentSetSize of job (KB)
...
006 (78852668.008.000) 2026-10-02 11:29:42 Image size of job updated: 821748
	803  -  MemoryUsage of job (MB)
	821748  -  ResidentSetSize of job (KB)
...
006 (78852668.008.000) 2026-10-02 11:59:46 Image size of job updated: 822716
	804  -  MemoryUsage of job (MB)
	822716  -  ResidentSetSize of job (KB)
...
006 (78852668.008.000) 2026-10-02 12:24:48 Image size of job updated: 823740
	805  -  MemoryUsage of job (MB)
	823740  -  ResidentSetSize of job (KB)
...
006 (78852668.008.000) 2026-10-02 12:44:51 Image size of job updated: 826316
	807  -  MemoryUsage of job (MB)
	826316  -  ResidentSetSize of job (KB)
...
006 (78852668.008.000) 2026-10-02 13:04:53 Image size of job updated: 827324
	808  -  MemoryUsage of job (MB)
	827324  -  ResidentSetSize of job (KB)
...
006 (78852668.008.000) 2026-10-02 13:24:54 Image size of job updated: 827332
	808  -  MemoryUsage of job (MB)
	827332  -  ResidentSetSize of job (KB)
...
006 (78852668.008.000) 2026-10-02 13:34:55 Image size of job updated: 828356
	809  -  MemoryUsage of job (MB)
	828356  -  ResidentSetSize of job (KB)
...
006 (78852668.008.000) 2026-10-02 15:30:08 Image size of job updated: 829896
	811  -  MemoryUsage of job (MB)
	829896  -  ResidentSetSize of job (KB)
...
006 (78852668.008.000) 2026-10-02 16:30:15 Image size of job updated: 830920
	812  -  MemoryUsage of job (MB)
	830920  -  ResidentSetSize of job (KB)
...
006 (78852668.008.000) 2026-10-02 16:55:17 Image size of job updated: 832968
	814  -  MemoryUsage of job (MB)
	832968  -  ResidentSetSize of job (KB)
...
006 (78852668.008.000) 2026-10-02 17:15:19 Image size of job updated: 833992
	814  -  MemoryUsage of job (MB)
	832968  -  ResidentSetSize of job (KB)
...
006 (78852668.008.000) 2026-10-02 18:05:25 Image size of job updated: 838356
	819  -  MemoryUsage of job (MB)
	838356  -  ResidentSetSize of job (KB)
...
006 (78852668.008.000) 2026-10-02 18:15:26 Image size of job updated: 838364
	819  -  MemoryUsage of job (MB)
	838364  -  ResidentSetSize of job (KB)
...
006 (78852668.008.000) 2026-10-02 18:25:27 Image size of job updated: 840940
	819  -  MemoryUsage of job (MB)
	838364  -  ResidentSetSize of job (KB)
...
006 (78852668.008.000) 2026-10-02 20:45:40 Image size of job updated: 843660
	824  -  MemoryUsage of job (MB)
	843660  -  ResidentSetSize of job (KB)
...
006 (78852668.008.000) 2026-10-02 21:05:41 Image size of job updated: 844684
	825  -  MemoryUsage of job (MB)
	844684  -  ResidentSetSize of job (KB)
...
006 (78852668.008.000) 2026-10-02 21:15:43 Image size of job updated: 850044
	825  -  MemoryUsage of job (MB)
	844684  -  ResidentSetSize of job (KB)
...
004 (78852668.008.000) 2026-10-02 21:16:16 Job was evicted. Code 1019 Subcode 0
	(0) CPU times
		Usr 4 15:39:47, Sys 0 00:07:14  -  Run Remote Usage
		Usr 0 00:00:00, Sys 0 00:00:00  -  Run Local Usage
	0  -  Run Bytes Sent By Job
	0  -  Run Bytes Received By Job
	Reason: Preempted for a Priority user
	Partitionable Resources :     Usage  Request Allocated 
	   Cpus                 :      2.56        4         4 
	   Disk (KB)            :  25000       25000     28672 
	   GPUs                 :                            0 
	   Memory (MB)          :    825       15000     15104 
	   TimeExecute (s)      : 124149                       
	   TimeSlotBusy (s)     : 124149                       
...
001 (78852668.008.000) 2026-10-02 21:16:52 Job executing on host: <10.14.5.207:9618?addrs=10.14.5.207-9618&alias=node1207.cluster.ldas.cit&noUDP&sock=startd_89168_68e8>
	SlotName: slot1_1@node1207.cluster.ldas.cit
	CondorScratchDir = "/var/lib/condor/execute/dir_500961/scratch"
	Cpus = 4
	Disk = 28672
	GPUs = 0
	Memory = 15104
...
005 (78852668.008.000) 2026-10-03 03:04:30 Job terminated.
	(1) Normal termination (return value 0)
		Usr 0 20:17:24, Sys 0 00:01:30  -  Run Remote Usage
		Usr 0 00:00:00, Sys 0 00:00:00  -  Run Local Usage
		Usr 5 11:57:11, Sys 0 00:08:44  -  Total Remote Usage
		Usr 0 00:00:00, Sys 0 00:00:00  -  Total Local Usage
	0  -  Run Bytes Sent By Job
	0  -  Run Bytes Received By Job
	0  -  Total Bytes Sent By Job
	0  -  Total Bytes Received By Job
	Partitionable Resources :    Usage  Request Allocated 
	   Cpus                 :     3.62        4         4 
	   Disk (KB)            : 25000       25000     28672 
	   GPUs                 :                           0 
	   Memory (MB)          :   977       15000     15104 
	   TimeExecute (s)      : 20858                       
	   TimeSlotBusy (s)     : 20859                       
...
000 (78854871.008.000) 2026-10-03 17:15:42 Job submitted from host: <10.14.0.121:9618?addrs=10.14.0.121-9618&alias=ldas-pcdev12.ligo.caltech.edu&noUDP&sock=schedd_623140_c9b4>
...
001 (78854871.008.000) 2026-10-03 17:16:39 Job executing on host: <10.14.5.80:9618?addrs=10.14.5.80-9618&alias=node1080.cluster.ldas.cit&noUDP&sock=startd_167339_36bc>
	SlotName: slot1_1@node1080.cluster.ldas.cit
	CondorScratchDir = "/var/lib/condor/execute/dir_1345325/scratch"
	Cpus = 4
	Disk = 28672
	GPUs = 0
	Memory = 15104
...
006 (78854871.008.000) 2026-10-03 17:16:48 Image size of job updated: 176492
	173  -  MemoryUsage of job (MB)
	176492  -  ResidentSetSize of job (KB)
...
006 (78854871.008.000) 2026-10-03 17:17:03 Image size of job updated: 515568
	173  -  MemoryUsage of job (MB)
	176496  -  ResidentSetSize of job (KB)
...
005 (78854871.008.000) 2026-10-03 17:17:04 Job terminated.
	(1) Normal termination (return value 0)
		Usr 0 00:00:18, Sys 0 00:00:00  -  Run Remote Usage
		Usr 0 00:00:00, Sys 0 00:00:00  -  Run Local Usage
		Usr 0 00:00:18, Sys 0 00:00:00  -  Total Remote Usage
		Usr 0 00:00:00, Sys 0 00:00:00  -  Total Local Usage
	0  -  Run Bytes Sent By Job
	0  -  Run Bytes Received By Job
	0  -  Total Bytes Sent By Job
	0  -  Total Bytes Received By Job
	Partitionable Resources :    Usage  Request Allocated 
	   Cpus                 :        0        4         4 
	   Disk (KB)            :    25000    25000     28672 
	   GPUs                 :                           0 
	   Memory (MB)          :      173    15000     15104 
	   TimeExecute (s)      :       24                    
	   TimeSlotBusy (s)     :       24                    
...
000 (78854907.008.000) 2026-10-03 21:37:08 Job submitted from host: <10.14.0.121:9618?addrs=10.14.0.121-9618&alias=ldas-pcdev12.ligo.caltech.edu&noUDP&sock=schedd_623140_c9b4>
...
001 (78854907.008.000) 2026-10-03 21:38:42 Job executing on host: <10.14.7.8:9618?addrs=10.14.7.8-9618&alias=node1508.cluster.ldas.cit&noUDP&sock=startd_30255_fdf1>
	SlotName: slot1_1@node1508.cluster.ldas.cit
	CondorScratchDir = "/var/lib/condor/execute/dir_528324/scratch"
	Cpus = 4
	Disk = 28672
	GPUs = 0
	Memory = 15104
...
006 (78854907.008.000) 2026-10-03 21:38:50 Image size of job updated: 185732
	182  -  MemoryUsage of job (MB)
	185732  -  ResidentSetSize of job (KB)
...
006 (78854907.008.000) 2026-10-03 21:39:04 Image size of job updated: 515876
	182  -  MemoryUsage of job (MB)
	185732  -  ResidentSetSize of job (KB)
...
005 (78854907.008.000) 2026-10-03 21:39:04 Job terminated.
	(1) Normal termination (return value 0)
		Usr 0 00:00:13, Sys 0 00:00:00  -  Run Remote Usage
		Usr 0 00:00:00, Sys 0 00:00:00  -  Run Local Usage
		Usr 0 00:00:13, Sys 0 00:00:00  -  Total Remote Usage
		Usr 0 00:00:00, Sys 0 00:00:00  -  Total Local Usage
	0  -  Run Bytes Sent By Job
	0  -  Run Bytes Received By Job
	0  -  Total Bytes Sent By Job
	0  -  Total Bytes Received By Job
	Partitionable Resources :    Usage  Request Allocated 
	   Cpus                 :        0        4         4 
	   Disk (KB)            :    25000    25000     28672 
	   GPUs                 :                           0 
	   Memory (MB)          :      182    15000     15104 
	   TimeExecute (s)      :       22                    
	   TimeSlotBusy (s)     :       23                    
...
000 (78855136.008.000) 2026-10-04 13:45:07 Job submitted from host: <10.14.0.121:9618?addrs=10.14.0.121-9618&alias=ldas-pcdev12.ligo.caltech.edu&noUDP&sock=schedd_623140_c9b4>
...
001 (78855136.008.000) 2026-10-04 13:49:18 Job executing on host: <10.14.6.157:9618?addrs=10.14.6.157-9618&alias=node1407.cluster.ldas.cit&noUDP&sock=startd_34253_4995>
	SlotName: slot1_1@node1407.cluster.ldas.cit
	CondorScratchDir = "/var/lib/condor/execute/dir_758900/scratch"
	Cpus = 4
	Disk = 28672
	GPUs = 0
	Memory = 15104
...
006 (78855136.008.000) 2026-10-04 13:49:26 Image size of job updated: 113856
	112  -  MemoryUsage of job (MB)
	113856  -  ResidentSetSize of job (KB)
...
006 (78855136.008.000) 2026-10-04 13:49:44 Image size of job updated: 515856
	112  -  MemoryUsage of job (MB)
	113860  -  ResidentSetSize of job (KB)
...
005 (78855136.008.000) 2026-10-04 13:49:44 Job terminated.
	(1) Normal termination (return value 0)
		Usr 0 00:00:11, Sys 0 00:00:00  -  Run Remote Usage
		Usr 0 00:00:00, Sys 0 00:00:00  -  Run Local Usage
		Usr 0 00:00:11, Sys 0 00:00:00  -  Total Remote Usage
		Usr 0 00:00:00, Sys 0 00:00:00  -  Total Local Usage
	0  -  Run Bytes Sent By Job
	0  -  Run Bytes Received By Job
	0  -  Total Bytes Sent By Job
	0  -  Total Bytes Received By Job
	Partitionable Resources :    Usage  Request Allocated 
	   Cpus                 :        0        4         4 
	   Disk (KB)            :    25000    25000     28672 
	   GPUs                 :                           0 
	   Memory (MB)          :      112    15000     15104 
	   TimeExecute (s)      :       26                    
	   TimeSlotBusy (s)     :       27                    
...
