000 (78852668.084.000) 2026-10-01 10:44:08 Job submitted from host: <10.14.0.121:9618?addrs=10.14.0.121-9618&alias=ldas-pcdev12.ligo.caltech.edu&noUDP&sock=schedd_623140_c9b4>
...
001 (78852668.084.000) 2026-10-01 10:48:05 Job executing on host: <10.14.10.129:9618?addrs=10.14.10.129-9618&alias=node2379.cluster.ldas.cit&noUDP&sock=startd_2659246_25db>
	SlotName: slot1_2@node2379.cluster.ldas.cit
	CondorScratchDir = "/var/lib/condor/execute/dir_3760141/scratch"
	Cpus = 4
	Disk = 28672
	GPUs = 0
	Memory = 15104
...
006 (78852668.084.000) 2026-10-01 10:48:05 Image size of job updated: 25000
	0  -  MemoryUsage of job (MB)
	0  -  ResidentSetSize of job (KB)
...
005 (78852668.084.000) 2026-10-01 10:48:05 Job terminated.
	(1) Normal termination (return value 1)
		Usr 0 00:00:00, Sys 0 00:00:00  -  Run Remote Usage
		Usr 0 00:00:00, Sys 0 00:00:00  -  Run Local Usage
		Usr 0 00:00:00, Sys 0 00:00:00  -  Total Remote Usage
		Usr 0 00:00:00, Sys 0 00:00:00  -  Total Local Usage
	0  -  Run Bytes Sent By Job
	0  -  Run Bytes Received By Job
	0  -  Total Bytes Sent By Job
	0  -  Total Bytes Received By Job
	Partitionable Resources :    Usage  Request Allocated 
	   Cpus                 :                 4         4 
	   Disk (KB)            :    25000    25000     28672 
	   GPUs                 :                           0 
	   Memory (MB)          :        0    15000     15104 
	   TimeExecute (s)      :        0                    
	   TimeSlotBusy (s)     :        0                    
...
000 (78854871.084.000) 2026-10-03 17:15:42 Job submitted from host: <10.14.0.121:9618?addrs=10.14.0.121-9618&alias=ldas-pcdev12.ligo.caltech.edu&noUDP&sock=schedd_623140_c9b4>
...
001 (78854871.084.000) 2026-10-03 17:16:40 Job executing on host: <10.14.10.101:9618?addrs=10.14.10.101-9618&alias=node2351.cluster.ldas.cit&noUDP&sock=startd_38267_8ebc>
	SlotName: slot1_13@node2351.cluster.ldas.cit
	CondorScratchDir = "/var/lib/condor/execute/dir_2707927/scratch"
	Cpus = 4
	Disk = 28672
	GPUs = 0
	Memory = 15104
...
006 (78854871.084.000) 2026-10-03 17:16:41 Image size of job updated: 25000
	0  -  MemoryUsage of job (MB)
	0  -  ResidentSetSize of job (KB)
...
005 (78854871.084.000) 2026-10-03 17:16:41 Job terminated.
	(1) Normal termination (return value 1)
		Usr 0 00:00:00, Sys 0 00:00:00  -  Run Remote Usage
		Usr 0 00:00:00, Sys 0 00:00:00  -  Run Local Usage
		Usr 0 00:00:00, Sys 0 00:00:00  -  Total Remote Usage
		Usr 0 00:00:00, Sys 0 00:00:00  -  Total Local Usage
	0  -  Run Bytes Sent By Job
	0  -  Run Bytes Received By Job
	0  -  Total Bytes Sent By Job
	0  -  Total Bytes Received By Job
	Partitionable Resources :    Usage  Request Allocated 
	   Cpus                 :        0        4         4 
	   Disk (KB)            :    25000    25000     28672 
	   GPUs                 :                           0 
	   Memory (MB)          :        0    15000     15104 
	   TimeExecute (s)      :        1                    
	   TimeSlotBusy (s)     :        1                    
...
000 (78854907.084.000) 2026-10-03 21:37:08 Job submitted from host: <10.14.0.121:9618?addrs=10.14.0.121-9618&alias=ldas-pcdev12.ligo.caltech.edu&noUDP&sock=schedd_623140_c9b4>
...
001 (78854907.084.000) 2026-10-03 21:38:42 Job executing on host: <10.14.10.121:9618?addrs=10.14.10.121-9618&alias=node2371.cluster.ldas.cit&noUDP&sock=startd_2245697_ee71>
	SlotName: slot1_3@node2371.cluster.ldas.cit
	CondorScratchDir = "/var/lib/condor/execute/dir_1557006/scratch"
	Cpus = 4
	Disk = 28672
	GPUs = 0
	Memory = 15104
...
006 (78854907.084.000) 2026-10-03 21:38:42 Image size of job updated: 25000
	0  -  MemoryUsage of job (MB)
	0  -  ResidentSetSize of job (KB)
...
005 (78854907.084.000) 2026-10-03 21:38:42 Job terminated.
	(1) Normal termination (return value 1)
		Usr 0 00:00:00, Sys 0 00:00:00  -  Run Remote Usage
		Usr 0 00:00:00, Sys 0 00:00:00  -  Run Local Usage
		Usr 0 00:00:00, Sys 0 00:00:00  -  Total Remote Usage
		Usr 0 00:00:00, Sys 0 00:00:00  -  Total Local Usage
	0  -  Run Bytes Sent By Job
	0  -  Run Bytes Received By Job
	0  -  Total Bytes Sent By Job
	0  -  Total Bytes Received By Job
	Partitionable Resources :    Usage  Request Allocated 
	   Cpus                 :                 4         4 
	   Disk (KB)            :    25000    25000     28672 
	   GPUs                 :                           0 
	   Memory (MB)          :        0    15000     15104 
	   TimeExecute (s)      :        0                    
	   TimeSlotBusy (s)     :        0                    
...
000 (78855136.084.000) 2026-10-04 13:45:07 Job submitted from host: <10.14.0.121:9618?addrs=10.14.0.121-9618&alias=ldas-pcdev12.ligo.caltech.edu&noUDP&sock=schedd_623140_c9b4>
...
001 (78855136.084.000) 2026-10-04 13:49:18 Job executing on host: <10.14.5.220:9618?addrs=10.14.5.220-9618&alias=node1220.cluster.ldas.cit&noUDP&sock=startd_82465_b596>
	SlotName: slot1_1@node1220.cluster.ldas.cit
	CondorScratchDir = "/var/lib/condor/execute/dir_1115885/scratch"
	Cpus = 4
	Disk = 28672
	GPUs = 0
	Memory = 15104
...
006 (78855136.084.000) 2026-10-04 13:49:27 Image size of job updated: 137928
	135  -  MemoryUsage of job (MB)
	137928  -  ResidentSetSize of job (KB)
...
006 (78855136.084.000) 2026-10-04 13:54:27 Image size of job updated: 300208
	294  -  MemoryUsage of job (MB)
	300208  -  ResidentSetSize of job (KB)
...
006 (78855136.084.000) 2026-10-04 13:59:27 Image size of job updated: 305880
	299  -  MemoryUsage of job (MB)
	305880  -  ResidentSetSize of job (KB)
...
006 (78855136.084.000) 2026-10-04 14:04:28 Image size of job updated: 450424
	440  -  MemoryUsage of job (MB)
	450424  -  ResidentSetSize of job (KB)
...
006 (78855136.084.000) 2026-10-04 14:09:28 Image size of job updated: 453320
	443  -  MemoryUsage of job (MB)
	453320  -  ResidentSetSize of job (KB)
...
006 (78855136.084.000) 2026-10-04 14:14:28 Image size of job updated: 453348
	443  -  MemoryUsage of job (MB)
	453320  -  ResidentSetSize of job (KB)
...
006 (78855136.084.000) 2026-10-04 14:24:29 Image size of job updated: 454124
	444  -  MemoryUsage of job (MB)
	454124  -  ResidentSetSize of job (KB)
...
006 (78855136.084.000) 2026-10-04 14:29:29 Image size of job updated: 460108
	450  -  MemoryUsage of job (MB)
	460108  -  ResidentSetSize of job (KB)
...
006 (78855136.084.000) 2026-10-04 14:34:30 Image size of job updated: 461348
	451  -  MemoryUsage of job (MB)
	461348  -  ResidentSetSize of job (KB)
...
006 (78855136.084.000) 2026-10-04 14:39:30 Image size of job updated: 461372
	451  -  MemoryUsage of job (MB)
	461372  -  ResidentSetSize of job (KB)
...
006 (78855136.084.000) 2026-10-04 14:44:30 Image size of job updated: 466516
	456  -  MemoryUsage of job (MB)
	466516  -  ResidentSetSize of job (KB)
...
006 (78855136.084.000) 2026-10-04 14:49:31 Image size of job updated: 467184
	457  -  MemoryUsage of job (MB)
	467184  -  ResidentSetSize of job (KB)
...
006 (78855136.084.000) 2026-10-04 14:54:32 Image size of job updated: 472352
	462  -  MemoryUsage of job (MB)
	472352  -  ResidentSetSize of job (KB)
...
006 (78855136.084.000) 2026-10-04 14:59:32 Image size of job updated: 472360
	462  -  MemoryUsage of job (MB)
	472360  -  ResidentSetSize of job (KB)
...
006 (78855136.084.000) 2026-10-04 15:04:33 Image size of job updated: 474964
	464  -  MemoryUsage of job (MB)
	474964  -  ResidentSetSize of job (KB)
...
006 (78855136.084.000) 2026-10-04 15:09:34 Image size of job updated: 474988
	464  -  MemoryUsage of job (MB)
	474988  -  ResidentSetSize of job (KB)
...
006 (78855136.084.000) 2026-10-04 15:14:34 Image size of job updated: 478576
	467  -  MemoryUsage of job (MB)
	477564  -  ResidentSetSize of job (KB)
...
006 (78855136.084.000) 2026-10-04 15:19:35 Image size of job updated: 478576
	467  -  MemoryUsage of job (MB)
	477588  -  ResidentSetSize of job (KB)
...
006 (78855136.084.000) 2026-10-04 15:24:36 Image size of job updated: 486828
	476  -  MemoryUsage of job (MB)
	486828  -  ResidentSetSize of job (KB)
...
006 (78855136.084.000) 2026-10-04 15:29:36 Image size of job updated: 486884
	476  -  MemoryUsage of job (MB)
	486884  -  ResidentSetSize of job (KB)
...
006 (78855136.084.000) 2026-10-04 15:34:37 Image size of job updated: 486892
	476  -  MemoryUsage of job (MB)
	486884  -  ResidentSetSize of job (KB)
...
006 (78855136.084.000) 2026-10-04 16:34:28 Image size of job updated: 495212
	484  -  MemoryUsage of job (MB)
	495212  -  ResidentSetSize of job (KB)
...
006 (78855136.084.000) 2026-10-04 16:41:10 Image size of job updated: 495216
	484  -  MemoryUsage of job (MB)
	495216  -  ResidentSetSize of job (KB)
...
006 (78855136.084.000) 2026-10-04 16:46:11 Image size of job updated: 497268
	486  -  MemoryUsage of job (MB)
	497268  -  ResidentSetSize of job (KB)
...
006 (78855136.084.000) 2026-10-04 16:51:11 Image size of job updated: 497272
	486  -  MemoryUsage of job (MB)
	497272  -  ResidentSetSize of job (KB)
...
006 (78855136.084.000) 2026-10-04 16:56:12 Image size of job updated: 497276
	486  -  MemoryUsage of job (MB)
	497272  -  ResidentSetSize of job (KB)
...
006 (78855136.084.000) 2026-10-04 17:06:13 Image size of job updated: 507000
	488  -  MemoryUsage of job (MB)
	499332  -  ResidentSetSize of job (KB)
...
006 (78855136.084.000) 2026-10-04 17:11:14 Image size of job updated: 507000
	488  -  MemoryUsage of job (MB)
	499336  -  ResidentSetSize of job (KB)
...
006 (78855136.084.000) 2026-10-04 17:31:15 Image size of job updated: 509184
	488  -  MemoryUsage of job (MB)
	499336  -  ResidentSetSize of job (KB)
...
006 (78855136.084.000) 2026-10-04 17:41:16 Image size of job updated: 512472
	501  -  MemoryUsage of job (MB)
	512472  -  ResidentSetSize of job (KB)
...
006 (78855136.084.000) 2026-10-04 17:46:16 Image size of job updated: 512480
	501  -  MemoryUsage of job (MB)
	512480  -  ResidentSetSize of job (KB)
...
006 (78855136.084.000) 2026-10-04 17:51:16 Image size of job updated: 521784
	509  -  MemoryUsage of job (MB)
	520760  -  ResidentSetSize of job (KB)
...
006 (78855136.084.000) 2026-10-04 17:56:17 Image size of job updated: 521784
	509  -  MemoryUsage of job (MB)
	520764  -  ResidentSetSize of job (KB)
...
006 (78855136.084.000) 2026-10-04 18:01:17 Image size of job updated: 521784
	509  -  MemoryUsage of job (MB)
	520768  -  ResidentSetSize of job (KB)
...
006 (78855136.084.000) 2026-10-04 18:06:17 Image size of job updated: 521784
	509  -  MemoryUsage of job (MB)
	520772  -  ResidentSetSize of job (KB)
...
006 (78855136.084.000) 2026-10-04 18:11:18 Image size of job updated: 522828
	511  -  MemoryUsage of job (MB)
	522828  -  ResidentSetSize of job (KB)
...
006 (78855136.084.000) 2026-10-04 18:16:18 Image size of job updated: 522832
	511  -  MemoryUsage of job (MB)
	522832  -  ResidentSetSize of job (KB)
...
006 (78855136.084.000) 2026-10-04 18:26:20 Image size of job updated: 522836
	511  -  MemoryUsage of job (MB)
	522836  -  ResidentSetSize of job (KB)
...
006 (78855136.084.000) 2026-10-04 18:31:20 Image size of job updated: 523588
	511  -  MemoryUsage of job (MB)
	522836  -  ResidentSetSize of job (KB)
...
006 (78855136.084.000) 2026-10-04 18:51:23 Image size of job updated: 523736
	512  -  MemoryUsage of job (MB)
	523736  -  ResidentSetSize of job (KB)
...
006 (78855136.084.000) 2026-10-04 18:56:24 Image size of job updated: 523740
	512  -  MemoryUsage of job (MB)
	523740  -  ResidentSetSize of job (KB)
...
006 (78855136.084.000) 2026-10-04 19:01:24 Image size of job updated: 523744
	512  -  MemoryUsage of job (MB)
	523744  -  ResidentSetSize of job (KB)
...
006 (78855136.084.000) 2026-10-04 19:11:26 Image size of job updated: 523748
	512  -  MemoryUsage of job (MB)
	523748  -  ResidentSetSize of job (KB)
...
006 (78855136.084.000) 2026-10-04 19:16:26 Image size of job updated: 526804
	514  -  MemoryUsage of job (MB)
	525792  -  ResidentSetSize of job (KB)
...
006 (78855136.084.000) 2026-10-04 19:21:27 Image size of job updated: 526804
	514  -  MemoryUsage of job (MB)
	525796  -  ResidentSetSize of job (KB)
...
006 (78855136.084.000) 2026-10-04 19:36:29 Image size of job updated: 526892
	514  -  MemoryUsage of job (MB)
	525796  -  ResidentSetSize of job (KB)
...
006 (78855136.084.000) 2026-10-04 19:56:31 Image size of job updated: 526892
	514  -  MemoryUsage of job (MB)
	525808  -  ResidentSetSize of job (KB)
...
006 (78855136.084.000) 2026-10-04 20:01:31 Image size of job updated: 526892
	514  -  MemoryUsage of job (MB)
	525812  -  ResidentSetSize of job (KB)
...
006 (78855136.084.000) 2026-10-04 20:11:32 Image size of job updated: 526892
	514  -  MemoryUsage of job (MB)
	525816  -  ResidentSetSize of job (KB)
...
006 (78855136.084.000) 2026-10-04 20:26:33 Image size of job updated: 526892
	514  -  MemoryUsage of job (MB)
	525820  -  ResidentSetSize of job (KB)
...
006 (78855136.084.000) 2026-10-04 20:36:34 Image size of job updated: 526892
	515  -  MemoryUsage of job (MB)
	526844  -  ResidentSetSize of job (KB)
...
006 (78855136.084.000) 2026-10-04 20:41:34 Image size of job updated: 526892
	515  -  MemoryUsage of job (MB)
	526848  -  ResidentSetSize of job (KB)
...
006 (78855136.084.000) 2026-10-04 20:46:35 Image size of job updated: 526892
	515  -  MemoryUsage of job (MB)
	526852  -  ResidentSetSize of job (KB)
...
006 (78855136.084.000) 2026-10-04 20:56:36 Image size of job updated: 526892
	515  -  MemoryUsage of job (MB)
	526856  -  ResidentSetSize of job (KB)
...
006 (78855136.084.000) 2026-10-04 21:11:38 Image size of job updated: 527884
	516  -  MemoryUsage of job (MB)
	527884  -  ResidentSetSize of job (KB)
...
006 (78855136.084.000) 2026-10-04 21:31:41 Image size of job updated: 528912
	516  -  MemoryUsage of job (MB)
	527888  -  ResidentSetSize of job (KB)
...
006 (78855136.084.000) 2026-10-04 21:36:41 Image size of job updated: 528912
	516  -  MemoryUsage of job (MB)
	527892  -  ResidentSetSize of job (KB)
...
006 (78855136.084.000) 2026-10-04 21:41:41 Image size of job updated: 528968
	517  -  MemoryUsage of job (MB)
	528968  -  ResidentSetSize of job (KB)
...
006 (78855136.084.000) 2026-10-04 21:56:42 Image size of job updated: 528972
	517  -  MemoryUsage of job (MB)
	528972  -  ResidentSetSize of job (KB)
...
006 (78855136.084.000) 2026-10-04 22:01:43 Image size of job updated: 529984
	518  -  MemoryUsage of job (MB)
	529984  -  ResidentSetSize of job (KB)
...
006 (78855136.084.000) 2026-10-04 22:11:43 Image size of job updated: 529988
	518  -  MemoryUsage of job (MB)
	529988  -  ResidentSetSize of job (KB)
...
006 (78855136.084.000) 2026-10-04 22:21:44 Image size of job updated: 530996
	519  -  MemoryUsage of job (MB)
	530996  -  ResidentSetSize of job (KB)
...
006 (78855136.084.000) 2026-10-04 22:26:44 Image size of job updated: 531000
	519  -  MemoryUsage of job (MB)
	531000  -  ResidentSetSize of job (KB)
...
006 (78855136.084.000) 2026-10-04 22:41:45 Image size of job updated: 531004
	519  -  MemoryUsage of job (MB)
	531004  -  ResidentSetSize of job (KB)
...
006 (78855136.084.000) 2026-10-04 22:46:46 Image size of job updated: 532712
	521  -  MemoryUsage of job (MB)
	532712  -  ResidentSetSize of job (KB)
...
006 (78855136.084.000) 2026-10-04 22:51:46 Image size of job updated: 532716
	521  -  MemoryUsage of job (MB)
	532716  -  ResidentSetSize of job (KB)
...
006 (78855136.084.000) 2026-10-04 22:56:46 Image size of job updated: 533024
	521  -  MemoryUsage of job (MB)
	533024  -  ResidentSetSize of job (KB)
...
006 (78855136.084.000) 2026-10-04 23:01:47 Image size of job updated: 533028
	521  -  MemoryUsage of job (MB)
	533028  -  ResidentSetSize of job (KB)
...
006 (78855136.084.000) 2026-10-04 23:16:49 Image size of job updated: 533032
	521  -  MemoryUsage of job (MB)
	533028  -  ResidentSetSize of job (KB)
...
006 (78855136.084.000) 2026-10-04 23:46:53 Image size of job updated: 534048
	522  -  MemoryUsage of job (MB)
	534048  -  ResidentSetSize of job (KB)
...
006 (78855136.084.000) 2026-10-04 23:51:53 Image size of job updated: 534052
	522  -  MemoryUsage of job (MB)
	534052  -  ResidentSetSize of job (KB)
...
006 (78855136.084.000) 2026-10-04 23:56:54 Image size of job updated: 534084
	522  -  MemoryUsage of job (MB)
	534084  -  ResidentSetSize of job (KB)
...
006 (78855136.084.000) 2026-10-05 00:06:55 Image size of job updated: 543456
	531  -  MemoryUsage of job (MB)
	542756  -  ResidentSetSize of job (KB)
...
006 (78855136.084.000) 2026-10-05 00:21:57 Image size of job updated: 543456
	531  -  MemoryUsage of job (MB)
	542760  -  ResidentSetSize of job (KB)
...
006 (78855136.084.000) 2026-10-05 00:31:59 Image size of job updated: 543456
	531  -  MemoryUsage of job (MB)
	542764  -  ResidentSetSize of job (KB)
...
006 (78855136.084.000) 2026-10-05 00:42:01 Image size of job updated: 543456
	531  -  MemoryUsage of job (MB)
	542768  -  ResidentSetSize of job (KB)
...
006 (78855136.084.000) 2026-10-05 00:52:01 Image size of job updated: 543780
	532  -  MemoryUsage of job (MB)
	543780  -  ResidentSetSize of job (KB)
...
006 (78855136.084.000) 2026-10-05 01:02:02 Image size of job updated: 544788
	533  -  MemoryUsage of job (MB)
	544788  -  ResidentSetSize of job (KB)
...
006 (78855136.084.000) 2026-10-05 01:07:02 Image size of job updated: 544792
	533  -  MemoryUsage of job (MB)
	544792  -  ResidentSetSize of job (KB)
...
006 (78855136.084.000) 2026-10-05 01:22:03 Image size of job updated: 545804
	533  -  MemoryUsage of job (MB)
	544792  -  ResidentSetSize of job (KB)
...
006 (78855136.084.000) 2026-10-05 01:32:04 Image size of job updated: 546816
	534  -  MemoryUsage of job (MB)
	546816  -  ResidentSetSize of job (KB)
...
006 (78855136.084.000) 2026-10-05 01:37:04 Image size of job updated: 546820
	535  -  MemoryUsage of job (MB)
	546820  -  ResidentSetSize of job (KB)
...
006 (78855136.084.000) 2026-10-05 02:12:09 Image size of job updated: 546900
	535  -  MemoryUsage of job (MB)
	546900  -  ResidentSetSize of job (KB)
...
006 (78855136.084.000) 2026-10-05 02:17:09 Image size of job updated: 546904
	535  -  MemoryUsage of job (MB)
	546904  -  ResidentSetSize of job (KB)
...
006 (78855136.084.000) 2026-10-05 02:22:10 Image size of job updated: 548920
	536  -  MemoryUsage of job (MB)
	547912  -  ResidentSetSize of job (KB)
...
006 (78855136.084.000) 2026-10-05 02:32:11 Image size of job updated: 548920
	536  -  MemoryUsage of job (MB)
	547916  -  ResidentSetSize of job (KB)
...
006 (78855136.084.000) 2026-10-05 02:37:13 Image size of job updated: 548924
	537  -  MemoryUsage of job (MB)
	548924  -  ResidentSetSize of job (KB)
...
006 (78855136.084.000) 2026-10-05 02:42:13 Image size of job updated: 548960
	537  -  MemoryUsage of job (MB)
	548960  -  ResidentSetSize of job (KB)
...
006 (78855136.084.000) 2026-10-05 02:47:13 Image size of job updated: 549968
	538  -  MemoryUsage of job (MB)
	549968  -  ResidentSetSize of job (KB)
...
006 (78855136.084.000) 2026-10-05 02:52:14 Image size of job updated: 549972
	538  -  MemoryUsage of job (MB)
	549972  -  ResidentSetSize of job (KB)
...
006 (78855136.084.000) 2026-10-05 03:07:15 Image size of job updated: 550984
	539  -  MemoryUsage of job (MB)
	550984  -  ResidentSetSize of job (KB)
...
006 (78855136.084.000) 2026-10-05 03:37:17 Image size of job updated: 552032
	540  -  MemoryUsage of job (MB)
	552032  -  ResidentSetSize of job (KB)
...
006 (78855136.084.000) 2026-10-05 03:42:17 Image size of job updated: 552036
	540  -  MemoryUsage of job (MB)
	552036  -  ResidentSetSize of job (KB)
...
006 (78855136.084.000) 2026-10-05 03:47:17 Image size of job updated: 552060
	540  -  MemoryUsage of job (MB)
	552060  -  ResidentSetSize of job (KB)
...
006 (78855136.084.000) 2026-10-05 03:57:18 Image size of job updated: 552064
	540  -  MemoryUsage of job (MB)
	552064  -  ResidentSetSize of job (KB)
...
006 (78855136.084.000) 2026-10-05 04:07:19 Image size of job updated: 553072
	541  -  MemoryUsage of job (MB)
	553072  -  ResidentSetSize of job (KB)
...
006 (78855136.084.000) 2026-10-05 04:12:19 Image size of job updated: 553076
	541  -  MemoryUsage of job (MB)
	553076  -  ResidentSetSize of job (KB)
...
006 (78855136.084.000) 2026-10-05 04:17:19 Image size of job updated: 554156
	542  -  MemoryUsage of job (MB)
	554156  -  ResidentSetSize of job (KB)
...
006 (78855136.084.000) 2026-10-05 04:22:20 Image size of job updated: 554160
	542  -  MemoryUsage of job (MB)
	554160  -  ResidentSetSize of job (KB)
...
006 (78855136.084.000) 2026-10-05 04:42:22 Image size of job updated: 555204
	543  -  MemoryUsage of job (MB)
	555204  -  ResidentSetSize of job (KB)
...
006 (78855136.084.000) 2026-10-05 04:47:23 Image size of job updated: 555208
	543  -  MemoryUsage of job (MB)
	555208  -  ResidentSetSize of job (KB)
...
006 (78855136.084.000) 2026-10-05 05:02:25 Image size of job updated: 555212
	543  -  MemoryUsage of job (MB)
	555212  -  ResidentSetSize of job (KB)
...
006 (78855136.084.000) 2026-10-05 05:17:27 Image size of job updated: 555216
	543  -  MemoryUsage of job (MB)
	555216  -  ResidentSetSize of job (KB)
...
006 (78855136.084.000) 2026-10-05 05:22:28 Image size of job updated: 556224
	544  -  MemoryUsage of job (MB)
	556224  -  ResidentSetSize of job (KB)
...
006 (78855136.084.000) 2026-10-05 05:32:29 Image size of job updated: 556256
	544  -  MemoryUsage of job (MB)
	556256  -  ResidentSetSize of job (KB)
...
006 (78855136.084.000) 2026-10-05 05:37:30 Image size of job updated: 556260
	544  -  MemoryUsage of job (MB)
	556260  -  ResidentSetSize of job (KB)
...
006 (78855136.084.000) 2026-10-05 05:42:30 Image size of job updated: 556276
	544  -  MemoryUsage of job (MB)
	556272  -  ResidentSetSize of job (KB)
...
006 (78855136.084.000) 2026-10-05 05:47:31 Image size of job updated: 556276
	544  -  MemoryUsage of job (MB)
	556276  -  ResidentSetSize of job (KB)
...
006 (78855136.084.000) 2026-10-05 05:52:32 Image size of job updated: 563168
	550  -  MemoryUsage of job (MB)
	563168  -  ResidentSetSize of job (KB)
...
006 (78855136.084.000) 2026-10-05 06:07:34 Image size of job updated: 563176
	550  -  MemoryUsage of job (MB)
	563176  -  ResidentSetSize of job (KB)
...
006 (78855136.084.000) 2026-10-05 06:17:35 Image size of job updated: 564860
	552  -  MemoryUsage of job (MB)
	564860  -  ResidentSetSize of job (KB)
...
006 (78855136.084.000) 2026-10-05 06:22:36 Image size of job updated: 564864
	552  -  MemoryUsage of job (MB)
	564864  -  ResidentSetSize of job (KB)
...
006 (78855136.084.000) 2026-10-05 06:27:36 Image size of job updated: 566944
	554  -  MemoryUsage of job (MB)
	566944  -  ResidentSetSize of job (KB)
...
006 (78855136.084.000) 2026-10-05 06:37:38 Image size of job updated: 566948
	554  -  MemoryUsage of job (MB)
	566948  -  ResidentSetSize of job (KB)
...
006 (78855136.084.000) 2026-10-05 06:57:40 Image size of job updated: 572488
	560  -  MemoryUsage of job (MB)
	572488  -  ResidentSetSize of job (KB)
...
006 (78855136.084.000) 2026-10-05 07:02:41 Image size of job updated: 572492
	560  -  MemoryUsage of job (MB)
	572492  -  ResidentSetSize of job (KB)
...
006 (78855136.084.000) 2026-10-05 07:37:46 Image size of job updated: 573508
	561  -  MemoryUsage of job (MB)
	573508  -  ResidentSetSize of job (KB)
...
006 (78855136.084.000) 2026-10-05 07:47:47 Image size of job updated: 574532
	562  -  MemoryUsage of job (MB)
	574532  -  ResidentSetSize of job (KB)
...
006 (78855136.084.000) 2026-10-05 07:57:48 Image size of job updated: 574536
	562  -  MemoryUsage of job (MB)
	574536  -  ResidentSetSize of job (KB)
...
006 (78855136.084.000) 2026-10-05 08:07:50 Image size of job updated: 575560
	563  -  MemoryUsage of job (MB)
	575560  -  ResidentSetSize of job (KB)
...
006 (78855136.084.000) 2026-10-05 08:12:50 Image size of job updated: 575564
	563  -  MemoryUsage of job (MB)
	575564  -  ResidentSetSize of job (KB)
...
006 (78855136.084.000) 2026-10-05 08:22:52 Image size of job updated: 580544
	566  -  MemoryUsage of job (MB)
	579552  -  ResidentSetSize of job (KB)
...
006 (78855136.084.000) 2026-10-05 08:32:53 Image size of job updated: 580564
	567  -  MemoryUsage of job (MB)
	580564  -  ResidentSetSize of job (KB)
...
006 (78855136.084.000) 2026-10-05 08:42:54 Image size of job updated: 581588
	567  -  MemoryUsage of job (MB)
	580564  -  ResidentSetSize of job (KB)
...
006 (78855136.084.000) 2026-10-05 09:02:56 Image size of job updated: 581852
	567  -  MemoryUsage of job (MB)
	580564  -  ResidentSetSize of job (KB)
...
006 (78855136.084.000) 2026-10-05 09:32:58 Image size of job updated: 581852
	568  -  MemoryUsage of job (MB)
	580844  -  ResidentSetSize of job (KB)
...
006 (78855136.084.000) 2026-10-05 09:37:58 Image size of job updated: 581852
	568  -  MemoryUsage of job (MB)
	580848  -  ResidentSetSize of job (KB)
...
006 (78855136.084.000) 2026-10-05 09:42:58 Image size of job updated: 581852
	568  -  MemoryUsage of job (MB)
	581604  -  ResidentSetSize of job (KB)
...
006 (78855136.084.000) 2026-10-05 09:47:59 Image size of job updated: 581852
	568  -  MemoryUsage of job (MB)
	581608  -  ResidentSetSize of job (KB)
...
006 (78855136.084.000) 2026-10-05 09:52:59 Image size of job updated: 582712
	570  -  MemoryUsage of job (MB)
	582712  -  ResidentSetSize of job (KB)
...
006 (78855136.084.000) 2026-10-05 10:03:00 Image size of job updated: 583740
	570  -  MemoryUsage of job (MB)
	582740  -  ResidentSetSize of job (KB)
...
006 (78855136.084.000) 2026-10-05 10:18:01 Image size of job updated: 583740
	570  -  MemoryUsage of job (MB)
	582744  -  ResidentSetSize of job (KB)
...
006 (78855136.084.000) 2026-10-05 10:28:01 Image size of job updated: 583752
	571  -  MemoryUsage of job (MB)
	583752  -  ResidentSetSize of job (KB)
...
006 (78855136.084.000) 2026-10-05 10:48:03 Image size of job updated: 584764
	572  -  MemoryUsage of job (MB)
	584764  -  ResidentSetSize of job (KB)
...
006 (78855136.084.000) 2026-10-05 10:58:03 Image size of job updated: 584768
	572  -  MemoryUsage of job (MB)
	584768  -  ResidentSetSize of job (KB)
...
006 (78855136.084.000) 2026-10-05 11:18:05 Image size of job updated: 584784
	572  -  MemoryUsage of job (MB)
	584784  -  ResidentSetSize of job (KB)
...
006 (78855136.084.000) 2026-10-05 11:28:05 Image size of job updated: 584788
	572  -  MemoryUsage of job (MB)
	584788  -  ResidentSetSize of job (KB)
...
006 (78855136.084.000) 2026-10-05 11:38:06 Image size of job updated: 586844
	574  -  MemoryUsage of job (MB)
	586844  -  ResidentSetSize of job (KB)
...
006 (78855136.084.000) 2026-10-05 11:43:06 Image size of job updated: 586848
	574  -  MemoryUsage of job (MB)
	586848  -  ResidentSetSize of job (KB)
...
006 (78855136.084.000) 2026-10-05 11:48:07 Image size of job updated: 593532
	579  -  MemoryUsage of job (MB)
	592516  -  ResidentSetSize of job (KB)
...
006 (78855136.084.000) 2026-10-05 12:18:09 Image size of job updated: 593532
	579  -  MemoryUsage of job (MB)
	592520  -  ResidentSetSize of job (KB)
...
006 (78855136.084.000) 2026-10-05 12:43:11 Image size of job updated: 593536
	580  -  MemoryUsage of job (MB)
	593536  -  ResidentSetSize of job (KB)
...
006 (78855136.084.000) 2026-10-05 12:48:11 Image size of job updated: 593540
	580  -  MemoryUsage of job (MB)
	593540  -  ResidentSetSize of job (KB)
...
006 (78855136.084.000) 2026-10-05 13:13:13 Image size of job updated: 594568
	581  -  MemoryUsage of job (MB)
	594568  -  ResidentSetSize of job (KB)
...
006 (78855136.084.000) 2026-10-05 13:18:13 Image size of job updated: 594584
	581  -  MemoryUsage of job (MB)
	594584  -  ResidentSetSize of job (KB)
...
006 (78855136.084.000) 2026-10-05 13:33:14 Image size of job updated: 594588
	581  -  MemoryUsage of job (MB)
	594584  -  ResidentSetSize of job (KB)
...
006 (78855136.084.000) 2026-10-05 13:43:15 Image size of job updated: 594740
	581  -  MemoryUsage of job (MB)
	594740  -  ResidentSetSize of job (KB)
...
006 (78855136.084.000) 2026-10-05 13:48:15 Image size of job updated: 594744
	581  -  MemoryUsage of job (MB)
	594744  -  ResidentSetSize of job (KB)
...
