000 (78852668.089.000) 2026-10-01 10:44:08 Job submitted from host: <10.14.0.121:9618?addrs=10.14.0.121-9618&alias=ldas-pcdev12.ligo.caltech.edu&noUDP&sock=schedd_623140_c9b4>
...
001 (78852668.089.000) 2026-10-01 10:48:06 Job executing on host: <10.14.10.62:9618?addrs=10.14.10.62-9618&alias=node2312.cluster.ldas.cit&noUDP&sock=startd_2782857_032a>
	SlotName: slot1_2@node2312.cluster.ldas.cit
	CondorScratchDir = "/var/lib/condor/execute/dir_69120/scratch"
	Cpus = 4
	Disk = 28672
	GPUs = 0
	Memory = 15104
...
006 (78852668.089.000) 2026-10-01 10:48:06 Image size of job updated: 25000
	0  -  MemoryUsage of job (MB)
	0  -  ResidentSetSize of job (KB)
...
005 (78852668.089.000) 2026-10-01 10:48:06 Job terminated.
	(1) Normal termination (return value 1)
		Usr 0 00:00:00, Sys 0 00:00:00  -  Run Remote Usage
		Usr 0 00:00:00, Sys 0 00:00:00  -  Run Local Usage
		Usr 0 00:00:00, Sys 0 00:00:00  -  Total Remote Usage
		Usr 0 00:00:00, Sys 0 00:00:00  -  Total Local Usage
	0  -  Run Bytes Sent By Job
	0  -  Run Bytes Received By Job
	0  -  Total Bytes Sent By Job
	0  -  Total Bytes Received By Job
	Partitionable Resources :    Usage  Request Allocated 
	   Cpus                 :                 4         4 
	   Disk (KB)            :    25000    25000     28672 
	   GPUs                 :                           0 
	   Memory (MB)          :        0    15000     15104 
	   TimeExecute (s)      :        0                    
	   TimeSlotBusy (s)     :        0                    
...
000 (78854871.089.000) 2026-10-03 17:15:42 Job submitted from host: <10.14.0.121:9618?addrs=10.14.0.121-9618&alias=ldas-pcdev12.ligo.caltech.edu&noUDP&sock=schedd_623140_c9b4>
...
001 (78854871.089.000) 2026-10-03 17:16:41 Job executing on host: <10.14.9.130:9618?addrs=10.14.9.130-9618&alias=node2130.cluster.ldas.cit&noUDP&sock=startd_3116429_a8b6>
	SlotName: slot1_6@node2130.cluster.ldas.cit
	CondorScratchDir = "/var/lib/condor/execute/dir_1137906/scratch"
	Cpus = 4
	Disk = 28672
	GPUs = 0
	Memory = 15104
...
006 (78854871.089.000) 2026-10-03 17:16:41 Image size of job updated: 25000
	0  -  MemoryUsage of job (MB)
	0  -  ResidentSetSize of job (KB)
...
005 (78854871.089.000) 2026-10-03 17:16:41 Job terminated.
	(1) Normal termination (return value 1)
		Usr 0 00:00:00, Sys 0 00:00:00  -  Run Remote Usage
		Usr 0 00:00:00, Sys 0 00:00:00  -  Run Local Usage
		Usr 0 00:00:00, Sys 0 00:00:00  -  Total Remote Usage
		Usr 0 00:00:00, Sys 0 00:00:00  -  Total Local Usage
	0  -  Run Bytes Sent By Job
	0  -  Run Bytes Received By Job
	0  -  Total Bytes Sent By Job
	0  -  Total Bytes Received By Job
	Partitionable Resources :    Usage  Request Allocated 
	   Cpus                 :        0        4         4 
	   Disk (KB)            :    25000    25000     28672 
	   GPUs                 :                           0 
	   Memory (MB)          :        0    15000     15104 
	   TimeExecute (s)      :        0                    
	   TimeSlotBusy (s)     :        1                    
...
000 (78854907.089.000) 2026-10-03 21:37:08 Job submitted from host: <10.14.0.121:9618?addrs=10.14.0.121-9618&alias=ldas-pcdev12.ligo.caltech.edu&noUDP&sock=schedd_623140_c9b4>
...
001 (78854907.089.000) 2026-10-03 21:38:42 Job executing on host: <10.14.5.124:9618?addrs=10.14.5.124-9618&alias=node1124.cluster.ldas.cit&noUDP&sock=startd_75050_a2d6>
	SlotName: slot1_1@node1124.cluster.ldas.cit
	CondorScratchDir = "/var/lib/condor/execute/dir_818186/scratch"
	Cpus = 4
	Disk = 28672
	GPUs = 0
	Memory = 15104
...
006 (78854907.089.000) 2026-10-03 21:38:50 Image size of job updated: 316704
	310  -  MemoryUsage of job (MB)
	316704  -  ResidentSetSize of job (KB)
...
006 (78854907.089.000) 2026-10-03 21:43:50 Image size of job updated: 390300
	382  -  MemoryUsage of job (MB)
	390300  -  ResidentSetSize of job (KB)
...
006 (78854907.089.000) 2026-10-03 21:48:51 Image size of job updated: 401488
	393  -  MemoryUsage of job (MB)
	401488  -  ResidentSetSize of job (KB)
...
006 (78854907.089.000) 2026-10-03 21:53:52 Image size of job updated: 514068
	503  -  MemoryUsage of job (MB)
	514068  -  ResidentSetSize of job (KB)
...
006 (78854907.089.000) 2026-10-03 21:58:52 Image size of job updated: 516544
	505  -  MemoryUsage of job (MB)
	516544  -  ResidentSetSize of job (KB)
...
006 (78854907.089.000) 2026-10-03 22:03:53 Image size of job updated: 524892
	513  -  MemoryUsage of job (MB)
	524892  -  ResidentSetSize of job (KB)
...
006 (78854907.089.000) 2026-10-03 22:08:54 Image size of job updated: 524988
	513  -  MemoryUsage of job (MB)
	524988  -  ResidentSetSize of job (KB)
...
006 (78854907.089.000) 2026-10-03 22:13:54 Image size of job updated: 562444
	550  -  MemoryUsage of job (MB)
	562444  -  ResidentSetSize of job (KB)
...
006 (78854907.089.000) 2026-10-03 22:18:55 Image size of job updated: 575440
	562  -  MemoryUsage of job (MB)
	575440  -  ResidentSetSize of job (KB)
...
006 (78854907.089.000) 2026-10-03 22:23:56 Image size of job updated: 587736
	574  -  MemoryUsage of job (MB)
	587016  -  ResidentSetSize of job (KB)
...
006 (78854907.089.000) 2026-10-03 22:28:56 Image size of job updated: 587736
	574  -  MemoryUsage of job (MB)
	587044  -  ResidentSetSize of job (KB)
...
006 (78854907.089.000) 2026-10-03 23:04:01 Image size of job updated: 591188
	578  -  MemoryUsage of job (MB)
	591188  -  ResidentSetSize of job (KB)
...
006 (78854907.089.000) 2026-10-03 23:09:02 Image size of job updated: 591196
	578  -  MemoryUsage of job (MB)
	591196  -  ResidentSetSize of job (KB)
...
006 (78854907.089.000) 2026-10-03 23:14:02 Image size of job updated: 591204
	578  -  MemoryUsage of job (MB)
	591204  -  ResidentSetSize of job (KB)
...
006 (78854907.089.000) 2026-10-03 23:19:02 Image size of job updated: 591232
	578  -  MemoryUsage of job (MB)
	591232  -  ResidentSetSize of job (KB)
...
006 (78854907.089.000) 2026-10-03 23:24:03 Image size of job updated: 591244
	578  -  MemoryUsage of job (MB)
	591244  -  ResidentSetSize of job (KB)
...
006 (78854907.089.000) 2026-10-03 23:29:03 Image size of job updated: 591248
	578  -  MemoryUsage of job (MB)
	591248  -  ResidentSetSize of job (KB)
...
006 (78854907.089.000) 2026-10-03 23:34:03 Image size of job updated: 591296
	578  -  MemoryUsage of job (MB)
	591296  -  ResidentSetSize of job (KB)
...
006 (78854907.089.000) 2026-10-03 23:39:04 Image size of job updated: 591304
	578  -  MemoryUsage of job (MB)
	591304  -  ResidentSetSize of job (KB)
...
006 (78854907.089.000) 2026-10-03 23:44:04 Image size of job updated: 592348
	579  -  MemoryUsage of job (MB)
	592348  -  ResidentSetSize of job (KB)
...
006 (78854907.089.000) 2026-10-03 23:49:04 Image size of job updated: 592360
	579  -  MemoryUsage of job (MB)
	592360  -  ResidentSetSize of job (KB)
...
006 (78854907.089.000) 2026-10-03 23:54:05 Image size of job updated: 593200
	580  -  MemoryUsage of job (MB)
	593200  -  ResidentSetSize of job (KB)
...
006 (78854907.089.000) 2026-10-03 23:59:05 Image size of job updated: 593204
	580  -  MemoryUsage of job (MB)
	593204  -  ResidentSetSize of job (KB)
...
006 (78854907.089.000) 2026-10-04 00:04:05 Image size of job updated: 596696
	583  -  MemoryUsage of job (MB)
	596696  -  ResidentSetSize of job (KB)
...
006 (78854907.089.000) 2026-10-04 00:09:06 Image size of job updated: 596724
	583  -  MemoryUsage of job (MB)
	596724  -  ResidentSetSize of job (KB)
...
006 (78854907.089.000) 2026-10-04 00:14:06 Image size of job updated: 597560
	584  -  MemoryUsage of job (MB)
	597560  -  ResidentSetSize of job (KB)
...
006 (78854907.089.000) 2026-10-04 00:19:06 Image size of job updated: 597564
	584  -  MemoryUsage of job (MB)
	597564  -  ResidentSetSize of job (KB)
...
006 (78854907.089.000) 2026-10-04 00:24:07 Image size of job updated: 598844
	585  -  MemoryUsage of job (MB)
	598844  -  ResidentSetSize of job (KB)
...
006 (78854907.089.000) 2026-10-04 00:29:07 Image size of job updated: 598856
	585  -  MemoryUsage of job (MB)
	598856  -  ResidentSetSize of job (KB)
...
006 (78854907.089.000) 2026-10-04 00:34:07 Image size of job updated: 599640
	586  -  MemoryUsage of job (MB)
	599640  -  ResidentSetSize of job (KB)
...
006 (78854907.089.000) 2026-10-04 00:39:08 Image size of job updated: 599644
	586  -  MemoryUsage of job (MB)
	599644  -  ResidentSetSize of job (KB)
...
006 (78854907.089.000) 2026-10-04 00:44:08 Image size of job updated: 602724
	589  -  MemoryUsage of job (MB)
	602724  -  ResidentSetSize of job (KB)
...
006 (78854907.089.000) 2026-10-04 00:49:08 Image size of job updated: 602732
	589  -  MemoryUsage of job (MB)
	602732  -  ResidentSetSize of job (KB)
...
006 (78854907.089.000) 2026-10-04 00:54:09 Image size of job updated: 602740
	589  -  MemoryUsage of job (MB)
	602740  -  ResidentSetSize of job (KB)
...
006 (78854907.089.000) 2026-10-04 00:59:09 Image size of job updated: 602748
	589  -  MemoryUsage of job (MB)
	602748  -  ResidentSetSize of job (KB)
...
006 (78854907.089.000) 2026-10-04 01:04:09 Image size of job updated: 605792
	592  -  MemoryUsage of job (MB)
	605792  -  ResidentSetSize of job (KB)
...
006 (78854907.089.000) 2026-10-04 01:09:10 Image size of job updated: 605812
	592  -  MemoryUsage of job (MB)
	605812  -  ResidentSetSize of job (KB)
...
006 (78854907.089.000) 2026-10-04 01:14:11 Image size of job updated: 611928
	598  -  MemoryUsage of job (MB)
	611928  -  ResidentSetSize of job (KB)
...
006 (78854907.089.000) 2026-10-04 01:19:11 Image size of job updated: 611932
	598  -  MemoryUsage of job (MB)
	611932  -  ResidentSetSize of job (KB)
...
006 (78854907.089.000) 2026-10-04 01:24:12 Image size of job updated: 612896
	599  -  MemoryUsage of job (MB)
	612896  -  ResidentSetSize of job (KB)
...
006 (78854907.089.000) 2026-10-04 01:29:13 Image size of job updated: 612900
	599  -  MemoryUsage of job (MB)
	612900  -  ResidentSetSize of job (KB)
...
006 (78854907.089.000) 2026-10-04 01:34:13 Image size of job updated: 612912
	599  -  MemoryUsage of job (MB)
	612912  -  ResidentSetSize of job (KB)
...
006 (78854907.089.000) 2026-10-04 01:39:14 Image size of job updated: 612932
	599  -  MemoryUsage of job (MB)
	612932  -  ResidentSetSize of job (KB)
...
006 (78854907.089.000) 2026-10-04 01:44:15 Image size of job updated: 612948
	599  -  MemoryUsage of job (MB)
	612948  -  ResidentSetSize of job (KB)
...
006 (78854907.089.000) 2026-10-04 01:49:15 Image size of job updated: 612952
	599  -  MemoryUsage of job (MB)
	612952  -  ResidentSetSize of job (KB)
...
006 (78854907.089.000) 2026-10-04 01:54:16 Image size of job updated: 612960
	599  -  MemoryUsage of job (MB)
	612960  -  ResidentSetSize of job (KB)
...
006 (78854907.089.000) 2026-10-04 01:59:17 Image size of job updated: 612964
	599  -  MemoryUsage of job (MB)
	612964  -  ResidentSetSize of job (KB)
...
006 (78854907.089.000) 2026-10-04 02:04:17 Image size of job updated: 612968
	599  -  MemoryUsage of job (MB)
	612968  -  ResidentSetSize of job (KB)
...
006 (78854907.089.000) 2026-10-04 02:09:18 Image size of job updated: 612972
	599  -  MemoryUsage of job (MB)
	612972  -  ResidentSetSize of job (KB)
...
006 (78854907.089.000) 2026-10-04 02:14:19 Image size of job updated: 612980
	599  -  MemoryUsage of job (MB)
	612980  -  ResidentSetSize of job (KB)
...
006 (78854907.089.000) 2026-10-04 02:19:19 Image size of job updated: 612984
	599  -  MemoryUsage of job (MB)
	612984  -  ResidentSetSize of job (KB)
...
006 (78854907.089.000) 2026-10-04 02:24:20 Image size of job updated: 612988
	599  -  MemoryUsage of job (MB)
	612988  -  ResidentSetSize of job (KB)
...
006 (78854907.089.000) 2026-10-04 02:29:21 Image size of job updated: 613080
	599  -  MemoryUsage of job (MB)
	613080  -  ResidentSetSize of job (KB)
...
006 (78854907.089.000) 2026-10-04 02:34:21 Image size of job updated: 614020
	600  -  MemoryUsage of job (MB)
	614020  -  ResidentSetSize of job (KB)
...
006 (78854907.089.000) 2026-10-04 02:39:21 Image size of job updated: 614052
	600  -  MemoryUsage of job (MB)
	614052  -  ResidentSetSize of job (KB)
...
006 (78854907.089.000) 2026-10-04 02:44:22 Image size of job updated: 614056
	600  -  MemoryUsage of job (MB)
	614056  -  ResidentSetSize of job (KB)
...
006 (78854907.089.000) 2026-10-04 02:49:22 Image size of job updated: 614100
	600  -  MemoryUsage of job (MB)
	614100  -  ResidentSetSize of job (KB)
...
006 (78854907.089.000) 2026-10-04 02:59:23 Image size of job updated: 617152
	602  -  MemoryUsage of job (MB)
	616132  -  ResidentSetSize of job (KB)
...
006 (78854907.089.000) 2026-10-04 03:09:23 Image size of job updated: 617152
	602  -  MemoryUsage of job (MB)
	616292  -  ResidentSetSize of job (KB)
...
006 (78854907.089.000) 2026-10-04 03:14:24 Image size of job updated: 617152
	602  -  MemoryUsage of job (MB)
	616296  -  ResidentSetSize of job (KB)
...
006 (78854907.089.000) 2026-10-04 03:19:24 Image size of job updated: 627652
	613  -  MemoryUsage of job (MB)
	627652  -  ResidentSetSize of job (KB)
...
006 (78854907.089.000) 2026-10-04 03:24:24 Image size of job updated: 627680
	613  -  MemoryUsage of job (MB)
	627680  -  ResidentSetSize of job (KB)
...
006 (78854907.089.000) 2026-10-04 03:29:25 Image size of job updated: 629684
	615  -  MemoryUsage of job (MB)
	629684  -  ResidentSetSize of job (KB)
...
006 (78854907.089.000) 2026-10-04 03:34:25 Image size of job updated: 629688
	615  -  MemoryUsage of job (MB)
	629688  -  ResidentSetSize of job (KB)
...
006 (78854907.089.000) 2026-10-04 03:39:25 Image size of job updated: 629692
	615  -  MemoryUsage of job (MB)
	629688  -  ResidentSetSize of job (KB)
...
006 (78854907.089.000) 2026-10-04 04:29:32 Image size of job updated: 636168
	622  -  MemoryUsage of job (MB)
	636168  -  ResidentSetSize of job (KB)
...
006 (78854907.089.000) 2026-10-04 04:34:33 Image size of job updated: 636172
	622  -  MemoryUsage of job (MB)
	636172  -  ResidentSetSize of job (KB)
...
006 (78854907.089.000) 2026-10-04 04:39:33 Image size of job updated: 639792
	625  -  MemoryUsage of job (MB)
	639792  -  ResidentSetSize of job (KB)
...
006 (78854907.089.000) 2026-10-04 04:44:34 Image size of job updated: 639796
	625  -  MemoryUsage of job (MB)
	639796  -  ResidentSetSize of job (KB)
...
006 (78854907.089.000) 2026-10-04 04:49:35 Image size of job updated: 640808
	626  -  MemoryUsage of job (MB)
	640808  -  ResidentSetSize of job (KB)
...
006 (78854907.089.000) 2026-10-04 04:54:35 Image size of job updated: 640852
	626  -  MemoryUsage of job (MB)
	640852  -  ResidentSetSize of job (KB)
...
006 (78854907.089.000) 2026-10-04 04:59:36 Image size of job updated: 640860
	626  -  MemoryUsage of job (MB)
	640860  -  ResidentSetSize of job (KB)
...
006 (78854907.089.000) 2026-10-04 05:04:37 Image size of job updated: 640864
	626  -  MemoryUsage of job (MB)
	640864  -  ResidentSetSize of job (KB)
...
006 (78854907.089.000) 2026-10-04 05:09:37 Image size of job updated: 643892
	629  -  MemoryUsage of job (MB)
	643892  -  ResidentSetSize of job (KB)
...
006 (78854907.089.000) 2026-10-04 05:14:37 Image size of job updated: 643900
	629  -  MemoryUsage of job (MB)
	643900  -  ResidentSetSize of job (KB)
...
006 (78854907.089.000) 2026-10-04 05:24:38 Image size of job updated: 643904
	629  -  MemoryUsage of job (MB)
	643904  -  ResidentSetSize of job (KB)
...
006 (78854907.089.000) 2026-10-04 05:29:38 Image size of job updated: 644920
	630  -  MemoryUsage of job (MB)
	644920  -  ResidentSetSize of job (KB)
...
006 (78854907.089.000) 2026-10-04 05:34:39 Image size of job updated: 644924
	630  -  MemoryUsage of job (MB)
	644924  -  ResidentSetSize of job (KB)
...
006 (78854907.089.000) 2026-10-04 05:39:39 Image size of job updated: 644932
	630  -  MemoryUsage of job (MB)
	644924  -  ResidentSetSize of job (KB)
...
006 (78854907.089.000) 2026-10-04 05:44:39 Image size of job updated: 645016
	630  -  MemoryUsage of job (MB)
	645016  -  ResidentSetSize of job (KB)
...
006 (78854907.089.000) 2026-10-04 05:49:40 Image size of job updated: 645020
	630  -  MemoryUsage of job (MB)
	645020  -  ResidentSetSize of job (KB)
...
006 (78854907.089.000) 2026-10-04 05:54:40 Image size of job updated: 646140
	631  -  MemoryUsage of job (MB)
	646028  -  ResidentSetSize of job (KB)
...
006 (78854907.089.000) 2026-10-04 05:59:40 Image size of job updated: 646140
	631  -  MemoryUsage of job (MB)
	646036  -  ResidentSetSize of job (KB)
...
006 (78854907.089.000) 2026-10-04 06:04:41 Image size of job updated: 648056
	633  -  MemoryUsage of job (MB)
	648056  -  ResidentSetSize of job (KB)
...
006 (78854907.089.000) 2026-10-04 06:09:41 Image size of job updated: 648060
	633  -  MemoryUsage of job (MB)
	648060  -  ResidentSetSize of job (KB)
...
006 (78854907.089.000) 2026-10-04 06:14:41 Image size of job updated: 648092
	633  -  MemoryUsage of job (MB)
	648092  -  ResidentSetSize of job (KB)
...
006 (78854907.089.000) 2026-10-04 06:19:42 Image size of job updated: 648096
	633  -  MemoryUsage of job (MB)
	648096  -  ResidentSetSize of job (KB)
...
006 (78854907.089.000) 2026-10-04 06:24:42 Image size of job updated: 649120
	634  -  MemoryUsage of job (MB)
	649120  -  ResidentSetSize of job (KB)
...
006 (78854907.089.000) 2026-10-04 06:29:42 Image size of job updated: 649184
	634  -  MemoryUsage of job (MB)
	649184  -  ResidentSetSize of job (KB)
...
006 (78854907.089.000) 2026-10-04 06:34:43 Image size of job updated: 649260
	635  -  MemoryUsage of job (MB)
	649260  -  ResidentSetSize of job (KB)
...
006 (78854907.089.000) 2026-10-04 06:39:44 Image size of job updated: 649272
	635  -  MemoryUsage of job (MB)
	649272  -  ResidentSetSize of job (KB)
...
006 (78854907.089.000) 2026-10-04 06:44:44 Image size of job updated: 651272
	636  -  MemoryUsage of job (MB)
	650268  -  ResidentSetSize of job (KB)
...
006 (78854907.089.000) 2026-10-04 06:49:45 Image size of job updated: 651272
	636  -  MemoryUsage of job (MB)
	650272  -  ResidentSetSize of job (KB)
...
006 (78854907.089.000) 2026-10-04 06:54:46 Image size of job updated: 651304
	637  -  MemoryUsage of job (MB)
	651304  -  ResidentSetSize of job (KB)
...
006 (78854907.089.000) 2026-10-04 07:04:47 Image size of job updated: 653332
	639  -  MemoryUsage of job (MB)
	653332  -  ResidentSetSize of job (KB)
...
006 (78854907.089.000) 2026-10-04 07:09:48 Image size of job updated: 653340
	639  -  MemoryUsage of job (MB)
	653340  -  ResidentSetSize of job (KB)
...
006 (78854907.089.000) 2026-10-04 07:14:48 Image size of job updated: 654352
	640  -  MemoryUsage of job (MB)
	654352  -  ResidentSetSize of job (KB)
...
006 (78854907.089.000) 2026-10-04 07:19:49 Image size of job updated: 654420
	640  -  MemoryUsage of job (MB)
	654420  -  ResidentSetSize of job (KB)
...
006 (78854907.089.000) 2026-10-04 07:24:50 Image size of job updated: 663312
	648  -  MemoryUsage of job (MB)
	663312  -  ResidentSetSize of job (KB)
...
006 (78854907.089.000) 2026-10-04 07:29:50 Image size of job updated: 663316
	648  -  MemoryUsage of job (MB)
	663316  -  ResidentSetSize of job (KB)
...
006 (78854907.089.000) 2026-10-04 07:34:51 Image size of job updated: 663332
	648  -  MemoryUsage of job (MB)
	663332  -  ResidentSetSize of job (KB)
...
006 (78854907.089.000) 2026-10-04 07:39:52 Image size of job updated: 663336
	648  -  MemoryUsage of job (MB)
	663336  -  ResidentSetSize of job (KB)
...
006 (78854907.089.000) 2026-10-04 07:54:54 Image size of job updated: 672096
	657  -  MemoryUsage of job (MB)
	672096  -  ResidentSetSize of job (KB)
...
006 (78854907.089.000) 2026-10-04 07:59:54 Image size of job updated: 672100
	657  -  MemoryUsage of job (MB)
	672100  -  ResidentSetSize of job (KB)
...
006 (78854907.089.000) 2026-10-04 08:04:54 Image size of job updated: 672176
	657  -  MemoryUsage of job (MB)
	672100  -  ResidentSetSize of job (KB)
...
006 (78854907.089.000) 2026-10-04 08:09:55 Image size of job updated: 672176
	657  -  MemoryUsage of job (MB)
	672168  -  ResidentSetSize of job (KB)
...
006 (78854907.089.000) 2026-10-04 08:14:55 Image size of job updated: 673180
	658  -  MemoryUsage of job (MB)
	673180  -  ResidentSetSize of job (KB)
...
006 (78854907.089.000) 2026-10-04 08:24:56 Image size of job updated: 674196
	659  -  MemoryUsage of job (MB)
	674196  -  ResidentSetSize of job (KB)
...
006 (78854907.089.000) 2026-10-04 08:49:57 Image size of job updated: 687820
	672  -  MemoryUsage of job (MB)
	687820  -  ResidentSetSize of job (KB)
...
006 (78854907.089.000) 2026-10-04 12:15:21 Image size of job updated: 690528
	675  -  MemoryUsage of job (MB)
	690528  -  ResidentSetSize of job (KB)
...
006 (78854907.089.000) 2026-10-04 12:25:21 Image size of job updated: 690532
	675  -  MemoryUsage of job (MB)
	690528  -  ResidentSetSize of job (KB)
...
006 (78854907.089.000) 2026-10-04 12:55:23 Image size of job updated: 693200
	677  -  MemoryUsage of job (MB)
	693200  -  ResidentSetSize of job (KB)
...
006 (78854907.089.000) 2026-10-04 13:05:24 Image size of job updated: 708252
	692  -  MemoryUsage of job (MB)
	708252  -  ResidentSetSize of job (KB)
...
006 (78854907.089.000) 2026-10-04 13:15:25 Image size of job updated: 708256
	692  -  MemoryUsage of job (MB)
	708256  -  ResidentSetSize of job (KB)
...
006 (78854907.089.000) 2026-10-04 13:20:25 Image size of job updated: 708260
	692  -  MemoryUsage of job (MB)
	708260  -  ResidentSetSize of job (KB)
...
006 (78854907.089.000) 2026-10-04 13:25:25 Image size of job updated: 709268
	693  -  MemoryUsage of job (MB)
	709268  -  ResidentSetSize of job (KB)
...
006 (78854907.089.000) 2026-10-04 13:30:26 Image size of job updated: 709272
	693  -  MemoryUsage of job (MB)
	709272  -  ResidentSetSize of job (KB)
...
006 (78854907.089.000) 2026-10-04 13:40:27 Image size of job updated: 712300
	696  -  MemoryUsage of job (MB)
	712300  -  ResidentSetSize of job (KB)
...
004 (78854907.089.000) 2026-10-04 13:44:46 Job was evicted. Code 1023 Subcode 0
	(0) CPU times
		Usr 2 05:14:37, Sys 0 00:02:06  -  Run Remote Usage
		Usr 0 00:00:00, Sys 0 00:00:00  -  Run Local Usage
	0  -  Run Bytes Sent By Job
	0  -  Run Bytes Received By Job
	Reason: via condor_rm (by user pratyusava.baral)
	Partitionable Resources :    Usage  Request Allocated 
	   Cpus                 :     3.30        4         4 
	   Disk (KB)            : 25000       25000     28672 
	   GPUs                 :                           0 
	   Memory (MB)          :   696       15000     15104 
	   TimeExecute (s)      : 57964                       
	   TimeSlotBusy (s)     : 57964                       
...
009 (78854907.089.000) 2026-10-04 13:44:46 Job was aborted.
	via condor_rm (by user pratyusava.baral)
...
000 (78855136.089.000) 2026-10-04 13:45:07 Job submitted from host: <10.14.0.121:9618?addrs=10.14.0.121-9618&alias=ldas-pcdev12.ligo.caltech.edu&noUDP&sock=schedd_623140_c9b4>
...
001 (78855136.089.000) 2026-10-04 13:49:18 Job executing on host: <10.14.7.9:9618?addrs=10.14.7.9-9618&alias=node1509.cluster.ldas.cit&noUDP&sock=startd_30930_fc5f>
	SlotName: slot1_1@node1509.cluster.ldas.cit
	CondorScratchDir = "/var/lib/condor/execute/dir_625452/scratch"
	Cpus = 4
	Disk = 28672
	GPUs = 0
	Memory = 15104
...
006 (78855136.089.000) 2026-10-04 13:49:27 Image size of job updated: 163584
	160  -  MemoryUsage of job (MB)
	163584  -  ResidentSetSize of job (KB)
...
006 (78855136.089.000) 2026-10-04 13:54:28 Image size of job updated: 372068
	364  -  MemoryUsage of job (MB)
	372068  -  ResidentSetSize of job (KB)
...
006 (78855136.089.000) 2026-10-04 13:59:28 Image size of job updated: 526404
	515  -  MemoryUsage of job (MB)
	526404  -  ResidentSetSize of job (KB)
...
006 (78855136.089.000) 2026-10-04 14:04:28 Image size of job updated: 536688
	525  -  MemoryUsage of job (MB)
	536688  -  ResidentSetSize of job (KB)
...
006 (78855136.089.000) 2026-10-04 14:09:29 Image size of job updated: 599096
	576  -  MemoryUsage of job (MB)
	589540  -  ResidentSetSize of job (KB)
...
006 (78855136.089.000) 2026-10-04 14:14:29 Image size of job updated: 599096
	578  -  MemoryUsage of job (MB)
	590996  -  ResidentSetSize of job (KB)
...
006 (78855136.089.000) 2026-10-04 14:19:29 Image size of job updated: 602088
	581  -  MemoryUsage of job (MB)
	594136  -  ResidentSetSize of job (KB)
...
006 (78855136.089.000) 2026-10-04 14:24:30 Image size of job updated: 602088
	581  -  MemoryUsage of job (MB)
	594208  -  ResidentSetSize of job (KB)
...
006 (78855136.089.000) 2026-10-04 14:29:30 Image size of job updated: 602088
	584  -  MemoryUsage of job (MB)
	597560  -  ResidentSetSize of job (KB)
...
006 (78855136.089.000) 2026-10-04 14:34:30 Image size of job updated: 602088
	584  -  MemoryUsage of job (MB)
	597624  -  ResidentSetSize of job (KB)
...
006 (78855136.089.000) 2026-10-04 14:39:31 Image size of job updated: 618268
	602  -  MemoryUsage of job (MB)
	616272  -  ResidentSetSize of job (KB)
...
006 (78855136.089.000) 2026-10-04 14:44:31 Image size of job updated: 618268
	602  -  MemoryUsage of job (MB)
	616292  -  ResidentSetSize of job (KB)
...
006 (78855136.089.000) 2026-10-04 17:11:33 Image size of job updated: 619728
	603  -  MemoryUsage of job (MB)
	616688  -  ResidentSetSize of job (KB)
...
006 (78855136.089.000) 2026-10-04 17:16:34 Image size of job updated: 619728
	603  -  MemoryUsage of job (MB)
	616908  -  ResidentSetSize of job (KB)
...
006 (78855136.089.000) 2026-10-04 17:21:35 Image size of job updated: 624276
	606  -  MemoryUsage of job (MB)
	620048  -  ResidentSetSize of job (KB)
...
006 (78855136.089.000) 2026-10-04 17:36:37 Image size of job updated: 624576
	610  -  MemoryUsage of job (MB)
	624576  -  ResidentSetSize of job (KB)
...
006 (78855136.089.000) 2026-10-04 17:41:37 Image size of job updated: 624596
	610  -  MemoryUsage of job (MB)
	624596  -  ResidentSetSize of job (KB)
...
006 (78855136.089.000) 2026-10-04 17:46:38 Image size of job updated: 626060
	610  -  MemoryUsage of job (MB)
	624596  -  ResidentSetSize of job (KB)
...
006 (78855136.089.000) 2026-10-04 18:06:41 Image size of job updated: 634336
	610  -  MemoryUsage of job (MB)
	624596  -  ResidentSetSize of job (KB)
...
006 (78855136.089.000) 2026-10-04 18:26:43 Image size of job updated: 634336
	611  -  MemoryUsage of job (MB)
	624848  -  ResidentSetSize of job (KB)
...
006 (78855136.089.000) 2026-10-04 18:31:44 Image size of job updated: 634336
	611  -  MemoryUsage of job (MB)
	624980  -  ResidentSetSize of job (KB)
...
006 (78855136.089.000) 2026-10-04 18:36:45 Image size of job updated: 634336
	616  -  MemoryUsage of job (MB)
	630148  -  ResidentSetSize of job (KB)
...
006 (78855136.089.000) 2026-10-04 18:41:45 Image size of job updated: 634336
	616  -  MemoryUsage of job (MB)
	630156  -  ResidentSetSize of job (KB)
...
006 (78855136.089.000) 2026-10-04 18:46:46 Image size of job updated: 638912
	616  -  MemoryUsage of job (MB)
	630156  -  ResidentSetSize of job (KB)
...
006 (78855136.089.000) 2026-10-04 19:06:49 Image size of job updated: 646172
	616  -  MemoryUsage of job (MB)
	630156  -  ResidentSetSize of job (KB)
...
006 (78855136.089.000) 2026-10-04 19:16:50 Image size of job updated: 646172
	621  -  MemoryUsage of job (MB)
	635576  -  ResidentSetSize of job (KB)
...
006 (78855136.089.000) 2026-10-04 19:21:51 Image size of job updated: 646172
	621  -  MemoryUsage of job (MB)
	635592  -  ResidentSetSize of job (KB)
...
006 (78855136.089.000) 2026-10-04 19:26:51 Image size of job updated: 646172
	624  -  MemoryUsage of job (MB)
	638080  -  ResidentSetSize of job (KB)
...
006 (78855136.089.000) 2026-10-04 19:31:51 Image size of job updated: 646172
	624  -  MemoryUsage of job (MB)
	638132  -  ResidentSetSize of job (KB)
...
006 (78855136.089.000) 2026-10-04 19:36:52 Image size of job updated: 646172
	626  -  MemoryUsage of job (MB)
	640168  -  ResidentSetSize of job (KB)
...
006 (78855136.089.000) 2026-10-04 19:41:52 Image size of job updated: 646172
	626  -  MemoryUsage of job (MB)
	640184  -  ResidentSetSize of job (KB)
...
006 (78855136.089.000) 2026-10-04 19:46:52 Image size of job updated: 646172
	626  -  MemoryUsage of job (MB)
	640764  -  ResidentSetSize of job (KB)
...
006 (78855136.089.000) 2026-10-04 19:51:53 Image size of job updated: 646172
	626  -  MemoryUsage of job (MB)
	640832  -  ResidentSetSize of job (KB)
...
006 (78855136.089.000) 2026-10-04 19:56:53 Image size of job updated: 652992
	628  -  MemoryUsage of job (MB)
	642328  -  ResidentSetSize of job (KB)
...
006 (78855136.089.000) 2026-10-04 20:01:53 Image size of job updated: 652992
	628  -  MemoryUsage of job (MB)
	642540  -  ResidentSetSize of job (KB)
...
006 (78855136.089.000) 2026-10-04 20:06:54 Image size of job updated: 658976
	644  -  MemoryUsage of job (MB)
	658976  -  ResidentSetSize of job (KB)
...
006 (78855136.089.000) 2026-10-04 20:11:54 Image size of job updated: 658992
	644  -  MemoryUsage of job (MB)
	658992  -  ResidentSetSize of job (KB)
...
006 (78855136.089.000) 2026-10-04 20:16:54 Image size of job updated: 664548
	648  -  MemoryUsage of job (MB)
	663524  -  ResidentSetSize of job (KB)
...
006 (78855136.089.000) 2026-10-04 20:21:55 Image size of job updated: 664548
	648  -  MemoryUsage of job (MB)
	663540  -  ResidentSetSize of job (KB)
...
006 (78855136.089.000) 2026-10-04 21:22:02 Image size of job updated: 712108
	648  -  MemoryUsage of job (MB)
	663540  -  ResidentSetSize of job (KB)
...
006 (78855136.089.000) 2026-10-04 21:42:04 Image size of job updated: 721628
	648  -  MemoryUsage of job (MB)
	663540  -  ResidentSetSize of job (KB)
...
006 (78855136.089.000) 2026-10-04 21:52:04 Image size of job updated: 721628
	650  -  MemoryUsage of job (MB)
	665172  -  ResidentSetSize of job (KB)
...
006 (78855136.089.000) 2026-10-04 21:57:05 Image size of job updated: 721628
	650  -  MemoryUsage of job (MB)
	665308  -  ResidentSetSize of job (KB)
...
006 (78855136.089.000) 2026-10-04 22:12:06 Image size of job updated: 721628
	658  -  MemoryUsage of job (MB)
	673464  -  ResidentSetSize of job (KB)
...
006 (78855136.089.000) 2026-10-04 22:17:06 Image size of job updated: 721628
	659  -  MemoryUsage of job (MB)
	674572  -  ResidentSetSize of job (KB)
...
006 (78855136.089.000) 2026-10-04 22:52:08 Image size of job updated: 721628
	662  -  MemoryUsage of job (MB)
	676896  -  ResidentSetSize of job (KB)
...
006 (78855136.089.000) 2026-10-04 22:57:09 Image size of job updated: 721628
	662  -  MemoryUsage of job (MB)
	676920  -  ResidentSetSize of job (KB)
...
006 (78855136.089.000) 2026-10-04 23:02:09 Image size of job updated: 721628
	666  -  MemoryUsage of job (MB)
	681248  -  ResidentSetSize of job (KB)
...
006 (78855136.089.000) 2026-10-04 23:07:09 Image size of job updated: 721628
	666  -  MemoryUsage of job (MB)
	681268  -  ResidentSetSize of job (KB)
...
006 (78855136.089.000) 2026-10-04 23:12:11 Image size of job updated: 721628
	666  -  MemoryUsage of job (MB)
	681296  -  ResidentSetSize of job (KB)
...
006 (78855136.089.000) 2026-10-04 23:17:11 Image size of job updated: 738564
	671  -  MemoryUsage of job (MB)
	686528  -  ResidentSetSize of job (KB)
...
006 (78855136.089.000) 2026-10-04 23:22:11 Image size of job updated: 738564
	671  -  MemoryUsage of job (MB)
	686556  -  ResidentSetSize of job (KB)
...
006 (78855136.089.000) 2026-10-04 23:37:13 Image size of job updated: 738564
	673  -  MemoryUsage of job (MB)
	689044  -  ResidentSetSize of job (KB)
...
006 (78855136.089.000) 2026-10-04 23:42:14 Image size of job updated: 738564
	674  -  MemoryUsage of job (MB)
	689176  -  ResidentSetSize of job (KB)
...
006 (78855136.089.000) 2026-10-04 23:47:15 Image size of job updated: 748168
	679  -  MemoryUsage of job (MB)
	695068  -  ResidentSetSize of job (KB)
...
006 (78855136.089.000) 2026-10-04 23:52:15 Image size of job updated: 748168
	679  -  MemoryUsage of job (MB)
	695088  -  ResidentSetSize of job (KB)
...
006 (78855136.089.000) 2026-10-04 23:57:16 Image size of job updated: 748168
	680  -  MemoryUsage of job (MB)
	695752  -  ResidentSetSize of job (KB)
...
006 (78855136.089.000) 2026-10-04 23:58:40 Image size of job updated: 794780
	680  -  MemoryUsage of job (MB)
	695752  -  ResidentSetSize of job (KB)
...
005 (78855136.089.000) 2026-10-04 23:58:40 Job terminated.
	(1) Normal termination (return value 0)
		Usr 1 12:04:38, Sys 0 00:01:31  -  Run Remote Usage
		Usr 0 00:00:00, Sys 0 00:00:00  -  Run Local Usage
		Usr 1 12:04:38, Sys 0 00:01:31  -  Total Remote Usage
		Usr 0 00:00:00, Sys 0 00:00:00  -  Total Local Usage
	0  -  Run Bytes Sent By Job
	0  -  Run Bytes Received By Job
	0  -  Total Bytes Sent By Job
	0  -  Total Bytes Received By Job
	Partitionable Resources :    Usage  Request Allocated 
	   Cpus                 :     3.75        4         4 
	   Disk (KB)            : 25000       25000     28672 
	   GPUs                 :                           0 
	   Memory (MB)          :   680       15000     15104 
	   TimeExecute (s)      : 36562                       
	   TimeSlotBusy (s)     : 36562                       
...
