13:49 bilby INFO    : Waveform generator initiated with
  frequency_domain_source_model: bilby.gw.source.lal_binary_black_hole_individual_modes
  time_domain_source_model: None
  parameter_conversion: bilby.gw.conversion.convert_to_lal_binary_black_hole_parameters
/home/pratyusava.baral/Modified_Dispersion/src/bilby-x-g/bilby/gw/detector/interferometer.py:511: RuntimeWarning: divide by zero encountered in scalar power
  lambda_A = h * np.abs(A) ** (1/(a-2))
13:49 bilby INFO    : No prior given, using default BNS priors in /home/pratyusava.baral/Modified_Dispersion/src/bilby-x-g/bilby/gw/prior_files/aligned_spins_bns_tides_on.prior.
13:49 bilby INFO    : Running for label 'None', output will be saved to 'results/9'
13:49 bilby INFO    : Performing redundancy check using BBHPriorDict(self).test_redundancy
13:49 bilby INFO    : Performing redundancy check using BBHPriorDict(self).test_redundancy
13:49 bilby INFO    : Performing redundancy check using BBHPriorDict(self).test_redundancy
13:49 bilby INFO    : Performing redundancy check using BBHPriorDict(self).test_redundancy
13:49 bilby INFO    : Performing redundancy check using BBHPriorDict(self).test_redundancy
13:49 bilby INFO    : Performing redundancy check using BBHPriorDict(self).test_redundancy
13:49 bilby INFO    : Performing redundancy check using BBHPriorDict(self).test_redundancy
13:49 bilby INFO    : Performing redundancy check using BBHPriorDict(self).test_redundancy
13:49 bilby INFO    : Performing redundancy check using BBHPriorDict(self).test_redundancy
13:49 bilby INFO    : Performing redundancy check using BBHPriorDict(self).test_redundancy
13:49 bilby INFO    : Performing redundancy check using BBHPriorDict(self).test_redundancy
13:49 bilby INFO    : Performing redundancy check using BBHPriorDict(self).test_redundancy
13:49 bilby INFO    : Performing redundancy check using BBHPriorDict(self).test_redundancy
13:49 bilby INFO    : Performing redundancy check using BBHPriorDict(self).test_redundancy
13:49 bilby INFO    : Using lal version 7.7.1
13:49 bilby INFO    : Using lal git version Branch: None;Tag: lalsuite-v7.26.15;Id: 2c00d8c200308422036d0a23b7c0394f7c73faad;;Builder: Unknown User <>;Repository status: CLEAN: All modifications committed
13:49 bilby INFO    : Using lalsimulation version 6.2.1
13:49 bilby INFO    : Using lalsimulation git version Branch: None;Tag: lalsuite-v7.26.15;Id: 2c00d8c200308422036d0a23b7c0394f7c73faad;;Builder: Unknown User <>;Repository status: CLEAN: All modifications committed

[notice] A new release of pip is available: 24.0 -> 26.2.1
[notice] To update, run: /scratch/pratyusava.baral/Modified_Dispersion/src/dispersion/bin/python -m pip install --upgrade pip
13:49 bilby INFO    : Analysis priors:
13:49 bilby INFO    : mass_ratio=Uniform(minimum=0.5004053940825575, maximum=1, name='mass_ratio', latex_label='$q$', unit=None, boundary=None)
13:49 bilby INFO    : chirp_mass=Uniform(minimum=7.732530283663351, maximum=7.792530283663352, name='chirp_mass', latex_label='$\\mathcal{M}$', unit=None, boundary=None)
13:49 bilby INFO    : luminosity_distance=Uniform(minimum=62.942047040936956, maximum=152.94204704093696, name='luminosity_distance', latex_label='$d_L$', unit=None, boundary=None)
13:49 bilby INFO    : dec=Cosine(minimum=-1.5707963267948966, maximum=1.5707963267948966, name='dec', latex_label='$\\mathrm{DEC}$', unit=None, boundary=None)
13:49 bilby INFO    : ra=Uniform(minimum=0, maximum=6.283185307179586, name='ra', latex_label='$\\mathrm{RA}$', unit=None, boundary='periodic')
13:49 bilby INFO    : theta_jn=Sine(minimum=0, maximum=3.141592653589793, name='theta_jn', latex_label='$\\theta_{JN}$', unit=None, boundary=None)
13:49 bilby INFO    : psi=Uniform(minimum=0, maximum=3.141592653589793, name='psi', latex_label='$\\psi$', unit=None, boundary='periodic')
13:49 bilby INFO    : phase=Uniform(minimum=0, maximum=6.283185307179586, name='phase', latex_label='$\\phi$', unit=None, boundary='periodic')
13:49 bilby INFO    : chi_1=bilby.gw.prior.AlignedSpin(a_prior=Uniform(minimum=0, maximum=0.99, name=None, latex_label=None, unit=None, boundary=None), z_prior=Uniform(minimum=-1, maximum=1, name=None, latex_label=None, unit=None, boundary=None), name='chi_1', latex_label='$\\chi_1$', unit=None, boundary=None, minimum=-0.99, maximum=0.99)
13:49 bilby INFO    : chi_2=bilby.gw.prior.AlignedSpin(a_prior=Uniform(minimum=0, maximum=0.99, name=None, latex_label=None, unit=None, boundary=None), z_prior=Uniform(minimum=-1, maximum=1, name=None, latex_label=None, unit=None, boundary=None), name='chi_2', latex_label='$\\chi_2$', unit=None, boundary=None, minimum=-0.99, maximum=0.99)
13:49 bilby INFO    : A=SymmetricLogUniform(minimum=1e-05, maximum=0.1, name='A', latex_label='A', unit=None, boundary=None)
13:49 bilby INFO    : CE_time=Uniform(minimum=1925823438.5223367, maximum=1925823438.5243366, name='CE_time', latex_label='$t_{CE}$', unit='$s$', boundary=None)
13:49 bilby INFO    : a=0
13:49 bilby INFO    : fiducial=0
13:49 bilby INFO    : Analysis likelihood class: <class 'bilby.gw.likelihood.relative.RelativeBinningGravitationalWaveTransientNextGenerationModebyMode'>
13:49 bilby INFO    : Analysis likelihood noise evidence: -1087387.7886510303
13:49 bilby INFO    : Single likelihood evaluation took 1.664e-02 s
13:49 bilby INFO    : Using sampler Dynesty with kwargs {'nlive': 500, 'bound': 'live', 'sample': 'acceptance-walk', 'periodic': None, 'reflective': None, 'update_interval': 600, 'first_update': None, 'npdim': None, 'rstate': None, 'queue_size': 4, 'pool': None, 'use_pool': None, 'live_points': None, 'logl_args': None, 'logl_kwargs': None, 'ptform_args': None, 'ptform_kwargs': None, 'gradient': None, 'grad_args': None, 'grad_kwargs': None, 'compute_jac': False, 'enlarge': None, 'bootstrap': None, 'walks': 100, 'facc': 0.2, 'slices': None, 'fmove': 0.9, 'max_move': 100, 'update_func': None, 'ncdim': None, 'blob': False, 'save_history': False, 'history_filename': None, 'maxiter': None, 'maxcall': None, 'dlogz': 0.01, 'logl_max': inf, 'n_effective': None, 'add_live': True, 'print_progress': True, 'print_func': <bound method Dynesty._print_func of <bilby.core.sampler.dynesty.Dynesty object at 0x1551ca9fde10>>, 'save_bounds': False, 'checkpoint_file': None, 'checkpoint_every': 60, 'resume': False, 'seed': None}
13:49 bilby INFO    : Checkpoint every check_point_delta_t = 600s
13:49 bilby INFO    : Using dynesty version 2.1.5
13:49 bilby INFO    : Using the bilby-implemented acceptance-walk sampling with an average of 16.0 accepted steps per MCMC and maximum length 5000
13:49 bilby INFO    : Setting up multiproccesing pool with 4 processes
13:49 bilby INFO    : Reading resume file results/9/None_resume.pickle
13:49 bilby INFO    : Resume file successfully loaded.
13:55 bilby INFO    : Written checkpoint file results/9/None_resume.pickle
13:55 bilby WARNING : Too many bins for data range. Cannot create 500 finite-sized bins.
13:55 bilby WARNING : Failed to create dynesty state plot at checkpoint
/scratch/pratyusava.baral/Modified_Dispersion/src/dispersion/lib/python3.11/site-packages/dynesty/plotting.py:252: RuntimeWarning: overflow encountered in exp
  np.exp(logwt), logz if logplot else np.exp(logz)
/scratch/pratyusava.baral/Modified_Dispersion/src/dispersion/lib/python3.11/site-packages/dynesty/plotting.py:282: RuntimeWarning: overflow encountered in exp
  zspan = (0., 1.05 * np.exp(logz[-1] + 3. * logzerr[-1]))
13:55 bilby WARNING : Axis limits cannot be NaN or Inf
13:55 bilby WARNING : Failed to create dynesty run plot at checkpoint
14:06 bilby INFO    : Written checkpoint file results/9/None_resume.pickle
14:06 bilby WARNING : Too many bins for data range. Cannot create 500 finite-sized bins.
14:06 bilby WARNING : Failed to create dynesty state plot at checkpoint
/scratch/pratyusava.baral/Modified_Dispersion/src/dispersion/lib/python3.11/site-packages/dynesty/plotting.py:252: RuntimeWarning: overflow encountered in exp
  np.exp(logwt), logz if logplot else np.exp(logz)
/scratch/pratyusava.baral/Modified_Dispersion/src/dispersion/lib/python3.11/site-packages/dynesty/plotting.py:282: RuntimeWarning: overflow encountered in exp
  zspan = (0., 1.05 * np.exp(logz[-1] + 3. * logzerr[-1]))
14:06 bilby WARNING : Axis limits cannot be NaN or Inf
14:06 bilby WARNING : Failed to create dynesty run plot at checkpoint
14:16 bilby INFO    : Written checkpoint file results/9/None_resume.pickle
14:16 bilby WARNING : Too many bins for data range. Cannot create 500 finite-sized bins.
14:16 bilby WARNING : Failed to create dynesty state plot at checkpoint
/scratch/pratyusava.baral/Modified_Dispersion/src/dispersion/lib/python3.11/site-packages/dynesty/plotting.py:252: RuntimeWarning: overflow encountered in exp
  np.exp(logwt), logz if logplot else np.exp(logz)
/scratch/pratyusava.baral/Modified_Dispersion/src/dispersion/lib/python3.11/site-packages/dynesty/plotting.py:282: RuntimeWarning: overflow encountered in exp
  zspan = (0., 1.05 * np.exp(logz[-1] + 3. * logzerr[-1]))
14:16 bilby WARNING : Axis limits cannot be NaN or Inf
14:16 bilby WARNING : Failed to create dynesty run plot at checkpoint
14:27 bilby INFO    : Written checkpoint file results/9/None_resume.pickle
14:27 bilby WARNING : Too many bins for data range. Cannot create 500 finite-sized bins.
14:27 bilby WARNING : Failed to create dynesty state plot at checkpoint
/scratch/pratyusava.baral/Modified_Dispersion/src/dispersion/lib/python3.11/site-packages/dynesty/plotting.py:252: RuntimeWarning: overflow encountered in exp
  np.exp(logwt), logz if logplot else np.exp(logz)
/scratch/pratyusava.baral/Modified_Dispersion/src/dispersion/lib/python3.11/site-packages/dynesty/plotting.py:282: RuntimeWarning: overflow encountered in exp
  zspan = (0., 1.05 * np.exp(logz[-1] + 3. * logzerr[-1]))
14:27 bilby WARNING : Axis limits cannot be NaN or Inf
14:27 bilby WARNING : Failed to create dynesty run plot at checkpoint
14:37 bilby INFO    : Written checkpoint file results/9/None_resume.pickle
14:37 bilby WARNING : Too many bins for data range. Cannot create 500 finite-sized bins.
14:37 bilby WARNING : Failed to create dynesty state plot at checkpoint
/scratch/pratyusava.baral/Modified_Dispersion/src/dispersion/lib/python3.11/site-packages/dynesty/plotting.py:252: RuntimeWarning: overflow encountered in exp
  np.exp(logwt), logz if logplot else np.exp(logz)
/scratch/pratyusava.baral/Modified_Dispersion/src/dispersion/lib/python3.11/site-packages/dynesty/plotting.py:282: RuntimeWarning: overflow encountered in exp
  zspan = (0., 1.05 * np.exp(logz[-1] + 3. * logzerr[-1]))
14:38 bilby WARNING : Axis limits cannot be NaN or Inf
14:38 bilby WARNING : Failed to create dynesty run plot at checkpoint
14:48 bilby INFO    : Written checkpoint file results/9/None_resume.pickle
14:48 bilby WARNING : Too many bins for data range. Cannot create 500 finite-sized bins.
14:48 bilby WARNING : Failed to create dynesty state plot at checkpoint
/scratch/pratyusava.baral/Modified_Dispersion/src/dispersion/lib/python3.11/site-packages/dynesty/plotting.py:252: RuntimeWarning: overflow encountered in exp
  np.exp(logwt), logz if logplot else np.exp(logz)
/scratch/pratyusava.baral/Modified_Dispersion/src/dispersion/lib/python3.11/site-packages/dynesty/plotting.py:282: RuntimeWarning: overflow encountered in exp
  zspan = (0., 1.05 * np.exp(logz[-1] + 3. * logzerr[-1]))
14:48 bilby WARNING : Axis limits cannot be NaN or Inf
14:48 bilby WARNING : Failed to create dynesty run plot at checkpoint
14:58 bilby INFO    : Written checkpoint file results/9/None_resume.pickle
14:58 bilby WARNING : Too many bins for data range. Cannot create 500 finite-sized bins.
14:58 bilby WARNING : Failed to create dynesty state plot at checkpoint
/scratch/pratyusava.baral/Modified_Dispersion/src/dispersion/lib/python3.11/site-packages/dynesty/plotting.py:252: RuntimeWarning: overflow encountered in exp
  np.exp(logwt), logz if logplot else np.exp(logz)
/scratch/pratyusava.baral/Modified_Dispersion/src/dispersion/lib/python3.11/site-packages/dynesty/plotting.py:282: RuntimeWarning: overflow encountered in exp
  zspan = (0., 1.05 * np.exp(logz[-1] + 3. * logzerr[-1]))
14:58 bilby WARNING : Axis limits cannot be NaN or Inf
14:58 bilby WARNING : Failed to create dynesty run plot at checkpoint
15:09 bilby INFO    : Written checkpoint file results/9/None_resume.pickle
15:09 bilby WARNING : Too many bins for data range. Cannot create 500 finite-sized bins.
15:09 bilby WARNING : Failed to create dynesty state plot at checkpoint
/scratch/pratyusava.baral/Modified_Dispersion/src/dispersion/lib/python3.11/site-packages/dynesty/plotting.py:252: RuntimeWarning: overflow encountered in exp
  np.exp(logwt), logz if logplot else np.exp(logz)
/scratch/pratyusava.baral/Modified_Dispersion/src/dispersion/lib/python3.11/site-packages/dynesty/plotting.py:282: RuntimeWarning: overflow encountered in exp
  zspan = (0., 1.05 * np.exp(logz[-1] + 3. * logzerr[-1]))
15:09 bilby WARNING : Axis limits cannot be NaN or Inf
15:09 bilby WARNING : Failed to create dynesty run plot at checkpoint
15:19 bilby INFO    : Written checkpoint file results/9/None_resume.pickle
15:19 bilby WARNING : Too many bins for data range. Cannot create 500 finite-sized bins.
15:19 bilby WARNING : Failed to create dynesty state plot at checkpoint
/scratch/pratyusava.baral/Modified_Dispersion/src/dispersion/lib/python3.11/site-packages/dynesty/plotting.py:252: RuntimeWarning: overflow encountered in exp
  np.exp(logwt), logz if logplot else np.exp(logz)
/scratch/pratyusava.baral/Modified_Dispersion/src/dispersion/lib/python3.11/site-packages/dynesty/plotting.py:282: RuntimeWarning: overflow encountered in exp
  zspan = (0., 1.05 * np.exp(logz[-1] + 3. * logzerr[-1]))
15:19 bilby WARNING : Axis limits cannot be NaN or Inf
15:19 bilby WARNING : Failed to create dynesty run plot at checkpoint
15:30 bilby INFO    : Written checkpoint file results/9/None_resume.pickle
15:30 bilby WARNING : Too many bins for data range. Cannot create 500 finite-sized bins.
15:30 bilby WARNING : Failed to create dynesty state plot at checkpoint
/scratch/pratyusava.baral/Modified_Dispersion/src/dispersion/lib/python3.11/site-packages/dynesty/plotting.py:252: RuntimeWarning: overflow encountered in exp
  np.exp(logwt), logz if logplot else np.exp(logz)
/scratch/pratyusava.baral/Modified_Dispersion/src/dispersion/lib/python3.11/site-packages/dynesty/plotting.py:282: RuntimeWarning: overflow encountered in exp
  zspan = (0., 1.05 * np.exp(logz[-1] + 3. * logzerr[-1]))
15:30 bilby WARNING : Axis limits cannot be NaN or Inf
15:30 bilby WARNING : Failed to create dynesty run plot at checkpoint
15:40 bilby INFO    : Written checkpoint file results/9/None_resume.pickle
15:40 bilby WARNING : Too many bins for data range. Cannot create 500 finite-sized bins.
15:40 bilby WARNING : Failed to create dynesty state plot at checkpoint
/scratch/pratyusava.baral/Modified_Dispersion/src/dispersion/lib/python3.11/site-packages/dynesty/plotting.py:252: RuntimeWarning: overflow encountered in exp
  np.exp(logwt), logz if logplot else np.exp(logz)
/scratch/pratyusava.baral/Modified_Dispersion/src/dispersion/lib/python3.11/site-packages/dynesty/plotting.py:282: RuntimeWarning: overflow encountered in exp
  zspan = (0., 1.05 * np.exp(logz[-1] + 3. * logzerr[-1]))
15:40 bilby WARNING : Axis limits cannot be NaN or Inf
15:40 bilby WARNING : Failed to create dynesty run plot at checkpoint
15:50 bilby INFO    : Written checkpoint file results/9/None_resume.pickle
15:50 bilby WARNING : Too many bins for data range. Cannot create 500 finite-sized bins.
15:50 bilby WARNING : Failed to create dynesty state plot at checkpoint
/scratch/pratyusava.baral/Modified_Dispersion/src/dispersion/lib/python3.11/site-packages/dynesty/plotting.py:252: RuntimeWarning: overflow encountered in exp
  np.exp(logwt), logz if logplot else np.exp(logz)
/scratch/pratyusava.baral/Modified_Dispersion/src/dispersion/lib/python3.11/site-packages/dynesty/plotting.py:282: RuntimeWarning: overflow encountered in exp
  zspan = (0., 1.05 * np.exp(logz[-1] + 3. * logzerr[-1]))
15:50 bilby WARNING : Axis limits cannot be NaN or Inf
15:50 bilby WARNING : Failed to create dynesty run plot at checkpoint
16:01 bilby INFO    : Written checkpoint file results/9/None_resume.pickle
16:01 bilby WARNING : Too many bins for data range. Cannot create 500 finite-sized bins.
16:01 bilby WARNING : Failed to create dynesty state plot at checkpoint
/scratch/pratyusava.baral/Modified_Dispersion/src/dispersion/lib/python3.11/site-packages/dynesty/plotting.py:252: RuntimeWarning: overflow encountered in exp
  np.exp(logwt), logz if logplot else np.exp(logz)
/scratch/pratyusava.baral/Modified_Dispersion/src/dispersion/lib/python3.11/site-packages/dynesty/plotting.py:282: RuntimeWarning: overflow encountered in exp
  zspan = (0., 1.05 * np.exp(logz[-1] + 3. * logzerr[-1]))
16:01 bilby WARNING : Axis limits cannot be NaN or Inf
16:01 bilby WARNING : Failed to create dynesty run plot at checkpoint
16:11 bilby INFO    : Written checkpoint file results/9/None_resume.pickle
16:11 bilby WARNING : Too many bins for data range. Cannot create 500 finite-sized bins.
16:11 bilby WARNING : Failed to create dynesty state plot at checkpoint
/scratch/pratyusava.baral/Modified_Dispersion/src/dispersion/lib/python3.11/site-packages/dynesty/plotting.py:252: RuntimeWarning: overflow encountered in exp
  np.exp(logwt), logz if logplot else np.exp(logz)
/scratch/pratyusava.baral/Modified_Dispersion/src/dispersion/lib/python3.11/site-packages/dynesty/plotting.py:282: RuntimeWarning: overflow encountered in exp
  zspan = (0., 1.05 * np.exp(logz[-1] + 3. * logzerr[-1]))
16:11 bilby WARNING : Axis limits cannot be NaN or Inf
16:11 bilby WARNING : Failed to create dynesty run plot at checkpoint
16:22 bilby INFO    : Written checkpoint file results/9/None_resume.pickle
16:22 bilby WARNING : Too many bins for data range. Cannot create 500 finite-sized bins.
16:22 bilby WARNING : Failed to create dynesty state plot at checkpoint
/scratch/pratyusava.baral/Modified_Dispersion/src/dispersion/lib/python3.11/site-packages/dynesty/plotting.py:252: RuntimeWarning: overflow encountered in exp
  np.exp(logwt), logz if logplot else np.exp(logz)
/scratch/pratyusava.baral/Modified_Dispersion/src/dispersion/lib/python3.11/site-packages/dynesty/plotting.py:282: RuntimeWarning: overflow encountered in exp
  zspan = (0., 1.05 * np.exp(logz[-1] + 3. * logzerr[-1]))
16:22 bilby WARNING : Axis limits cannot be NaN or Inf
16:22 bilby WARNING : Failed to create dynesty run plot at checkpoint
16:32 bilby INFO    : Written checkpoint file results/9/None_resume.pickle
16:32 bilby WARNING : Too many bins for data range. Cannot create 500 finite-sized bins.
16:32 bilby WARNING : Failed to create dynesty state plot at checkpoint
/scratch/pratyusava.baral/Modified_Dispersion/src/dispersion/lib/python3.11/site-packages/dynesty/plotting.py:252: RuntimeWarning: overflow encountered in exp
  np.exp(logwt), logz if logplot else np.exp(logz)
/scratch/pratyusava.baral/Modified_Dispersion/src/dispersion/lib/python3.11/site-packages/dynesty/plotting.py:282: RuntimeWarning: overflow encountered in exp
  zspan = (0., 1.05 * np.exp(logz[-1] + 3. * logzerr[-1]))
16:32 bilby WARNING : Axis limits cannot be NaN or Inf
16:32 bilby WARNING : Failed to create dynesty run plot at checkpoint
16:43 bilby INFO    : Written checkpoint file results/9/None_resume.pickle
16:43 bilby WARNING : Too many bins for data range. Cannot create 500 finite-sized bins.
16:43 bilby WARNING : Failed to create dynesty state plot at checkpoint
/scratch/pratyusava.baral/Modified_Dispersion/src/dispersion/lib/python3.11/site-packages/dynesty/plotting.py:252: RuntimeWarning: overflow encountered in exp
  np.exp(logwt), logz if logplot else np.exp(logz)
/scratch/pratyusava.baral/Modified_Dispersion/src/dispersion/lib/python3.11/site-packages/dynesty/plotting.py:282: RuntimeWarning: overflow encountered in exp
  zspan = (0., 1.05 * np.exp(logz[-1] + 3. * logzerr[-1]))
16:43 bilby WARNING : Axis limits cannot be NaN or Inf
16:43 bilby WARNING : Failed to create dynesty run plot at checkpoint
16:53 bilby INFO    : Written checkpoint file results/9/None_resume.pickle
16:53 bilby WARNING : Too many bins for data range. Cannot create 500 finite-sized bins.
16:53 bilby WARNING : Failed to create dynesty state plot at checkpoint
/scratch/pratyusava.baral/Modified_Dispersion/src/dispersion/lib/python3.11/site-packages/dynesty/plotting.py:252: RuntimeWarning: overflow encountered in exp
  np.exp(logwt), logz if logplot else np.exp(logz)
/scratch/pratyusava.baral/Modified_Dispersion/src/dispersion/lib/python3.11/site-packages/dynesty/plotting.py:282: RuntimeWarning: overflow encountered in exp
  zspan = (0., 1.05 * np.exp(logz[-1] + 3. * logzerr[-1]))
16:53 bilby WARNING : Axis limits cannot be NaN or Inf
16:53 bilby WARNING : Failed to create dynesty run plot at checkpoint
17:04 bilby INFO    : Written checkpoint file results/9/None_resume.pickle
17:04 bilby WARNING : Too many bins for data range. Cannot create 500 finite-sized bins.
17:04 bilby WARNING : Failed to create dynesty state plot at checkpoint
/scratch/pratyusava.baral/Modified_Dispersion/src/dispersion/lib/python3.11/site-packages/dynesty/plotting.py:252: RuntimeWarning: overflow encountered in exp
  np.exp(logwt), logz if logplot else np.exp(logz)
/scratch/pratyusava.baral/Modified_Dispersion/src/dispersion/lib/python3.11/site-packages/dynesty/plotting.py:282: RuntimeWarning: overflow encountered in exp
  zspan = (0., 1.05 * np.exp(logz[-1] + 3. * logzerr[-1]))
17:04 bilby WARNING : Axis limits cannot be NaN or Inf
17:04 bilby WARNING : Failed to create dynesty run plot at checkpoint
17:14 bilby INFO    : Written checkpoint file results/9/None_resume.pickle
17:15 bilby WARNING : Too many bins for data range. Cannot create 500 finite-sized bins.
17:15 bilby WARNING : Failed to create dynesty state plot at checkpoint
/scratch/pratyusava.baral/Modified_Dispersion/src/dispersion/lib/python3.11/site-packages/dynesty/plotting.py:252: RuntimeWarning: overflow encountered in exp
  np.exp(logwt), logz if logplot else np.exp(logz)
/scratch/pratyusava.baral/Modified_Dispersion/src/dispersion/lib/python3.11/site-packages/dynesty/plotting.py:282: RuntimeWarning: overflow encountered in exp
  zspan = (0., 1.05 * np.exp(logz[-1] + 3. * logzerr[-1]))
17:15 bilby WARNING : Axis limits cannot be NaN or Inf
17:15 bilby WARNING : Failed to create dynesty run plot at checkpoint
17:25 bilby INFO    : Written checkpoint file results/9/None_resume.pickle
17:25 bilby WARNING : Too many bins for data range. Cannot create 500 finite-sized bins.
17:25 bilby WARNING : Failed to create dynesty state plot at checkpoint
/scratch/pratyusava.baral/Modified_Dispersion/src/dispersion/lib/python3.11/site-packages/dynesty/plotting.py:252: RuntimeWarning: overflow encountered in exp
  np.exp(logwt), logz if logplot else np.exp(logz)
/scratch/pratyusava.baral/Modified_Dispersion/src/dispersion/lib/python3.11/site-packages/dynesty/plotting.py:282: RuntimeWarning: overflow encountered in exp
  zspan = (0., 1.05 * np.exp(logz[-1] + 3. * logzerr[-1]))
17:25 bilby WARNING : Axis limits cannot be NaN or Inf
17:25 bilby WARNING : Failed to create dynesty run plot at checkpoint
17:35 bilby INFO    : Written checkpoint file results/9/None_resume.pickle
17:35 bilby WARNING : Too many bins for data range. Cannot create 500 finite-sized bins.
17:35 bilby WARNING : Failed to create dynesty state plot at checkpoint
/scratch/pratyusava.baral/Modified_Dispersion/src/dispersion/lib/python3.11/site-packages/dynesty/plotting.py:252: RuntimeWarning: overflow encountered in exp
  np.exp(logwt), logz if logplot else np.exp(logz)
/scratch/pratyusava.baral/Modified_Dispersion/src/dispersion/lib/python3.11/site-packages/dynesty/plotting.py:282: RuntimeWarning: overflow encountered in exp
  zspan = (0., 1.05 * np.exp(logz[-1] + 3. * logzerr[-1]))
17:36 bilby WARNING : Axis limits cannot be NaN or Inf
17:36 bilby WARNING : Failed to create dynesty run plot at checkpoint
17:46 bilby INFO    : Written checkpoint file results/9/None_resume.pickle
17:46 bilby WARNING : Too many bins for data range. Cannot create 500 finite-sized bins.
17:46 bilby WARNING : Failed to create dynesty state plot at checkpoint
/scratch/pratyusava.baral/Modified_Dispersion/src/dispersion/lib/python3.11/site-packages/dynesty/plotting.py:252: RuntimeWarning: overflow encountered in exp
  np.exp(logwt), logz if logplot else np.exp(logz)
/scratch/pratyusava.baral/Modified_Dispersion/src/dispersion/lib/python3.11/site-packages/dynesty/plotting.py:282: RuntimeWarning: overflow encountered in exp
  zspan = (0., 1.05 * np.exp(logz[-1] + 3. * logzerr[-1]))
17:46 bilby WARNING : Axis limits cannot be NaN or Inf
17:46 bilby WARNING : Failed to create dynesty run plot at checkpoint
17:57 bilby INFO    : Written checkpoint file results/9/None_resume.pickle
17:57 bilby WARNING : Too many bins for data range. Cannot create 500 finite-sized bins.
17:57 bilby WARNING : Failed to create dynesty state plot at checkpoint
/scratch/pratyusava.baral/Modified_Dispersion/src/dispersion/lib/python3.11/site-packages/dynesty/plotting.py:252: RuntimeWarning: overflow encountered in exp
  np.exp(logwt), logz if logplot else np.exp(logz)
/scratch/pratyusava.baral/Modified_Dispersion/src/dispersion/lib/python3.11/site-packages/dynesty/plotting.py:282: RuntimeWarning: overflow encountered in exp
  zspan = (0., 1.05 * np.exp(logz[-1] + 3. * logzerr[-1]))
17:57 bilby WARNING : Axis limits cannot be NaN or Inf
17:57 bilby WARNING : Failed to create dynesty run plot at checkpoint
18:07 bilby INFO    : Written checkpoint file results/9/None_resume.pickle
18:07 bilby WARNING : Too many bins for data range. Cannot create 500 finite-sized bins.
18:07 bilby WARNING : Failed to create dynesty state plot at checkpoint
/scratch/pratyusava.baral/Modified_Dispersion/src/dispersion/lib/python3.11/site-packages/dynesty/plotting.py:252: RuntimeWarning: overflow encountered in exp
  np.exp(logwt), logz if logplot else np.exp(logz)
/scratch/pratyusava.baral/Modified_Dispersion/src/dispersion/lib/python3.11/site-packages/dynesty/plotting.py:282: RuntimeWarning: overflow encountered in exp
  zspan = (0., 1.05 * np.exp(logz[-1] + 3. * logzerr[-1]))
18:07 bilby WARNING : Axis limits cannot be NaN or Inf
18:07 bilby WARNING : Failed to create dynesty run plot at checkpoint
18:18 bilby INFO    : Written checkpoint file results/9/None_resume.pickle
18:18 bilby WARNING : Too many bins for data range. Cannot create 500 finite-sized bins.
18:18 bilby WARNING : Failed to create dynesty state plot at checkpoint
/scratch/pratyusava.baral/Modified_Dispersion/src/dispersion/lib/python3.11/site-packages/dynesty/plotting.py:252: RuntimeWarning: overflow encountered in exp
  np.exp(logwt), logz if logplot else np.exp(logz)
/scratch/pratyusava.baral/Modified_Dispersion/src/dispersion/lib/python3.11/site-packages/dynesty/plotting.py:282: RuntimeWarning: overflow encountered in exp
  zspan = (0., 1.05 * np.exp(logz[-1] + 3. * logzerr[-1]))
18:18 bilby WARNING : Axis limits cannot be NaN or Inf
18:18 bilby WARNING : Failed to create dynesty run plot at checkpoint
18:28 bilby INFO    : Written checkpoint file results/9/None_resume.pickle
18:28 bilby WARNING : Too many bins for data range. Cannot create 500 finite-sized bins.
18:28 bilby WARNING : Failed to create dynesty state plot at checkpoint
/scratch/pratyusava.baral/Modified_Dispersion/src/dispersion/lib/python3.11/site-packages/dynesty/plotting.py:252: RuntimeWarning: overflow encountered in exp
  np.exp(logwt), logz if logplot else np.exp(logz)
/scratch/pratyusava.baral/Modified_Dispersion/src/dispersion/lib/python3.11/site-packages/dynesty/plotting.py:282: RuntimeWarning: overflow encountered in exp
  zspan = (0., 1.05 * np.exp(logz[-1] + 3. * logzerr[-1]))
18:29 bilby WARNING : Axis limits cannot be NaN or Inf
18:29 bilby WARNING : Failed to create dynesty run plot at checkpoint
18:39 bilby INFO    : Written checkpoint file results/9/None_resume.pickle
18:39 bilby WARNING : Too many bins for data range. Cannot create 500 finite-sized bins.
18:39 bilby WARNING : Failed to create dynesty state plot at checkpoint
/scratch/pratyusava.baral/Modified_Dispersion/src/dispersion/lib/python3.11/site-packages/dynesty/plotting.py:252: RuntimeWarning: overflow encountered in exp
  np.exp(logwt), logz if logplot else np.exp(logz)
/scratch/pratyusava.baral/Modified_Dispersion/src/dispersion/lib/python3.11/site-packages/dynesty/plotting.py:282: RuntimeWarning: overflow encountered in exp
  zspan = (0., 1.05 * np.exp(logz[-1] + 3. * logzerr[-1]))
18:39 bilby WARNING : Axis limits cannot be NaN or Inf
18:39 bilby WARNING : Failed to create dynesty run plot at checkpoint
18:49 bilby INFO    : Written checkpoint file results/9/None_resume.pickle
18:49 bilby WARNING : Too many bins for data range. Cannot create 500 finite-sized bins.
18:49 bilby WARNING : Failed to create dynesty state plot at checkpoint
/scratch/pratyusava.baral/Modified_Dispersion/src/dispersion/lib/python3.11/site-packages/dynesty/plotting.py:252: RuntimeWarning: overflow encountered in exp
  np.exp(logwt), logz if logplot else np.exp(logz)
/scratch/pratyusava.baral/Modified_Dispersion/src/dispersion/lib/python3.11/site-packages/dynesty/plotting.py:282: RuntimeWarning: overflow encountered in exp
  zspan = (0., 1.05 * np.exp(logz[-1] + 3. * logzerr[-1]))
18:49 bilby WARNING : Axis limits cannot be NaN or Inf
18:49 bilby WARNING : Failed to create dynesty run plot at checkpoint
19:00 bilby INFO    : Written checkpoint file results/9/None_resume.pickle
19:00 bilby WARNING : Too many bins for data range. Cannot create 500 finite-sized bins.
19:00 bilby WARNING : Failed to create dynesty state plot at checkpoint
/scratch/pratyusava.baral/Modified_Dispersion/src/dispersion/lib/python3.11/site-packages/dynesty/plotting.py:252: RuntimeWarning: overflow encountered in exp
  np.exp(logwt), logz if logplot else np.exp(logz)
/scratch/pratyusava.baral/Modified_Dispersion/src/dispersion/lib/python3.11/site-packages/dynesty/plotting.py:282: RuntimeWarning: overflow encountered in exp
  zspan = (0., 1.05 * np.exp(logz[-1] + 3. * logzerr[-1]))
19:00 bilby WARNING : Axis limits cannot be NaN or Inf
19:00 bilby WARNING : Failed to create dynesty run plot at checkpoint
19:10 bilby INFO    : Written checkpoint file results/9/None_resume.pickle
19:10 bilby WARNING : Too many bins for data range. Cannot create 500 finite-sized bins.
19:10 bilby WARNING : Failed to create dynesty state plot at checkpoint
/scratch/pratyusava.baral/Modified_Dispersion/src/dispersion/lib/python3.11/site-packages/dynesty/plotting.py:252: RuntimeWarning: overflow encountered in exp
  np.exp(logwt), logz if logplot else np.exp(logz)
/scratch/pratyusava.baral/Modified_Dispersion/src/dispersion/lib/python3.11/site-packages/dynesty/plotting.py:282: RuntimeWarning: overflow encountered in exp
  zspan = (0., 1.05 * np.exp(logz[-1] + 3. * logzerr[-1]))
19:10 bilby WARNING : Axis limits cannot be NaN or Inf
19:10 bilby WARNING : Failed to create dynesty run plot at checkpoint
19:21 bilby INFO    : Written checkpoint file results/9/None_resume.pickle
19:21 bilby WARNING : Too many bins for data range. Cannot create 500 finite-sized bins.
19:21 bilby WARNING : Failed to create dynesty state plot at checkpoint
/scratch/pratyusava.baral/Modified_Dispersion/src/dispersion/lib/python3.11/site-packages/dynesty/plotting.py:252: RuntimeWarning: overflow encountered in exp
  np.exp(logwt), logz if logplot else np.exp(logz)
/scratch/pratyusava.baral/Modified_Dispersion/src/dispersion/lib/python3.11/site-packages/dynesty/plotting.py:282: RuntimeWarning: overflow encountered in exp
  zspan = (0., 1.05 * np.exp(logz[-1] + 3. * logzerr[-1]))
19:21 bilby WARNING : Axis limits cannot be NaN or Inf
19:21 bilby WARNING : Failed to create dynesty run plot at checkpoint
19:31 bilby INFO    : Written checkpoint file results/9/None_resume.pickle
19:31 bilby WARNING : Too many bins for data range. Cannot create 500 finite-sized bins.
19:31 bilby WARNING : Failed to create dynesty state plot at checkpoint
/scratch/pratyusava.baral/Modified_Dispersion/src/dispersion/lib/python3.11/site-packages/dynesty/plotting.py:252: RuntimeWarning: overflow encountered in exp
  np.exp(logwt), logz if logplot else np.exp(logz)
/scratch/pratyusava.baral/Modified_Dispersion/src/dispersion/lib/python3.11/site-packages/dynesty/plotting.py:282: RuntimeWarning: overflow encountered in exp
  zspan = (0., 1.05 * np.exp(logz[-1] + 3. * logzerr[-1]))
19:31 bilby WARNING : Axis limits cannot be NaN or Inf
19:31 bilby WARNING : Failed to create dynesty run plot at checkpoint
19:41 bilby INFO    : Written checkpoint file results/9/None_resume.pickle
19:41 bilby WARNING : Too many bins for data range. Cannot create 500 finite-sized bins.
19:41 bilby WARNING : Failed to create dynesty state plot at checkpoint
/scratch/pratyusava.baral/Modified_Dispersion/src/dispersion/lib/python3.11/site-packages/dynesty/plotting.py:252: RuntimeWarning: overflow encountered in exp
  np.exp(logwt), logz if logplot else np.exp(logz)
/scratch/pratyusava.baral/Modified_Dispersion/src/dispersion/lib/python3.11/site-packages/dynesty/plotting.py:282: RuntimeWarning: overflow encountered in exp
  zspan = (0., 1.05 * np.exp(logz[-1] + 3. * logzerr[-1]))
19:41 bilby WARNING : Axis limits cannot be NaN or Inf
19:41 bilby WARNING : Failed to create dynesty run plot at checkpoint
19:52 bilby INFO    : Written checkpoint file results/9/None_resume.pickle
19:52 bilby WARNING : Too many bins for data range. Cannot create 500 finite-sized bins.
19:52 bilby WARNING : Failed to create dynesty state plot at checkpoint
/scratch/pratyusava.baral/Modified_Dispersion/src/dispersion/lib/python3.11/site-packages/dynesty/plotting.py:252: RuntimeWarning: overflow encountered in exp
  np.exp(logwt), logz if logplot else np.exp(logz)
/scratch/pratyusava.baral/Modified_Dispersion/src/dispersion/lib/python3.11/site-packages/dynesty/plotting.py:282: RuntimeWarning: overflow encountered in exp
  zspan = (0., 1.05 * np.exp(logz[-1] + 3. * logzerr[-1]))
19:52 bilby WARNING : Axis limits cannot be NaN or Inf
19:52 bilby WARNING : Failed to create dynesty run plot at checkpoint
20:02 bilby INFO    : Written checkpoint file results/9/None_resume.pickle
20:02 bilby WARNING : Too many bins for data range. Cannot create 500 finite-sized bins.
20:02 bilby WARNING : Failed to create dynesty state plot at checkpoint
/scratch/pratyusava.baral/Modified_Dispersion/src/dispersion/lib/python3.11/site-packages/dynesty/plotting.py:252: RuntimeWarning: overflow encountered in exp
  np.exp(logwt), logz if logplot else np.exp(logz)
/scratch/pratyusava.baral/Modified_Dispersion/src/dispersion/lib/python3.11/site-packages/dynesty/plotting.py:282: RuntimeWarning: overflow encountered in exp
  zspan = (0., 1.05 * np.exp(logz[-1] + 3. * logzerr[-1]))
20:02 bilby WARNING : Axis limits cannot be NaN or Inf
20:02 bilby WARNING : Failed to create dynesty run plot at checkpoint
20:13 bilby INFO    : Written checkpoint file results/9/None_resume.pickle
20:13 bilby WARNING : Too many bins for data range. Cannot create 500 finite-sized bins.
20:13 bilby WARNING : Failed to create dynesty state plot at checkpoint
/scratch/pratyusava.baral/Modified_Dispersion/src/dispersion/lib/python3.11/site-packages/dynesty/plotting.py:252: RuntimeWarning: overflow encountered in exp
  np.exp(logwt), logz if logplot else np.exp(logz)
/scratch/pratyusava.baral/Modified_Dispersion/src/dispersion/lib/python3.11/site-packages/dynesty/plotting.py:282: RuntimeWarning: overflow encountered in exp
  zspan = (0., 1.05 * np.exp(logz[-1] + 3. * logzerr[-1]))
20:13 bilby WARNING : Axis limits cannot be NaN or Inf
20:13 bilby WARNING : Failed to create dynesty run plot at checkpoint
20:23 bilby INFO    : Written checkpoint file results/9/None_resume.pickle
20:23 bilby WARNING : Too many bins for data range. Cannot create 500 finite-sized bins.
20:23 bilby WARNING : Failed to create dynesty state plot at checkpoint
/scratch/pratyusava.baral/Modified_Dispersion/src/dispersion/lib/python3.11/site-packages/dynesty/plotting.py:252: RuntimeWarning: overflow encountered in exp
  np.exp(logwt), logz if logplot else np.exp(logz)
/scratch/pratyusava.baral/Modified_Dispersion/src/dispersion/lib/python3.11/site-packages/dynesty/plotting.py:282: RuntimeWarning: overflow encountered in exp
  zspan = (0., 1.05 * np.exp(logz[-1] + 3. * logzerr[-1]))
20:23 bilby WARNING : Axis limits cannot be NaN or Inf
20:23 bilby WARNING : Failed to create dynesty run plot at checkpoint
20:34 bilby INFO    : Written checkpoint file results/9/None_resume.pickle
20:34 bilby WARNING : Too many bins for data range. Cannot create 500 finite-sized bins.
20:34 bilby WARNING : Failed to create dynesty state plot at checkpoint
/scratch/pratyusava.baral/Modified_Dispersion/src/dispersion/lib/python3.11/site-packages/dynesty/plotting.py:252: RuntimeWarning: overflow encountered in exp
  np.exp(logwt), logz if logplot else np.exp(logz)
/scratch/pratyusava.baral/Modified_Dispersion/src/dispersion/lib/python3.11/site-packages/dynesty/plotting.py:282: RuntimeWarning: overflow encountered in exp
  zspan = (0., 1.05 * np.exp(logz[-1] + 3. * logzerr[-1]))
20:34 bilby WARNING : Axis limits cannot be NaN or Inf
20:34 bilby WARNING : Failed to create dynesty run plot at checkpoint
20:44 bilby INFO    : Written checkpoint file results/9/None_resume.pickle
20:44 bilby WARNING : Too many bins for data range. Cannot create 500 finite-sized bins.
20:44 bilby WARNING : Failed to create dynesty state plot at checkpoint
/scratch/pratyusava.baral/Modified_Dispersion/src/dispersion/lib/python3.11/site-packages/dynesty/plotting.py:252: RuntimeWarning: overflow encountered in exp
  np.exp(logwt), logz if logplot else np.exp(logz)
/scratch/pratyusava.baral/Modified_Dispersion/src/dispersion/lib/python3.11/site-packages/dynesty/plotting.py:282: RuntimeWarning: overflow encountered in exp
  zspan = (0., 1.05 * np.exp(logz[-1] + 3. * logzerr[-1]))
20:44 bilby WARNING : Axis limits cannot be NaN or Inf
20:44 bilby WARNING : Failed to create dynesty run plot at checkpoint
20:55 bilby INFO    : Written checkpoint file results/9/None_resume.pickle
20:55 bilby WARNING : Too many bins for data range. Cannot create 500 finite-sized bins.
20:55 bilby WARNING : Failed to create dynesty state plot at checkpoint
/scratch/pratyusava.baral/Modified_Dispersion/src/dispersion/lib/python3.11/site-packages/dynesty/plotting.py:252: RuntimeWarning: overflow encountered in exp
  np.exp(logwt), logz if logplot else np.exp(logz)
/scratch/pratyusava.baral/Modified_Dispersion/src/dispersion/lib/python3.11/site-packages/dynesty/plotting.py:282: RuntimeWarning: overflow encountered in exp
  zspan = (0., 1.05 * np.exp(logz[-1] + 3. * logzerr[-1]))
20:55 bilby WARNING : Axis limits cannot be NaN or Inf
20:55 bilby WARNING : Failed to create dynesty run plot at checkpoint
21:05 bilby INFO    : Written checkpoint file results/9/None_resume.pickle
21:05 bilby WARNING : Too many bins for data range. Cannot create 500 finite-sized bins.
21:05 bilby WARNING : Failed to create dynesty state plot at checkpoint
/scratch/pratyusava.baral/Modified_Dispersion/src/dispersion/lib/python3.11/site-packages/dynesty/plotting.py:252: RuntimeWarning: overflow encountered in exp
  np.exp(logwt), logz if logplot else np.exp(logz)
/scratch/pratyusava.baral/Modified_Dispersion/src/dispersion/lib/python3.11/site-packages/dynesty/plotting.py:282: RuntimeWarning: overflow encountered in exp
  zspan = (0., 1.05 * np.exp(logz[-1] + 3. * logzerr[-1]))
21:05 bilby WARNING : Axis limits cannot be NaN or Inf
21:05 bilby WARNING : Failed to create dynesty run plot at checkpoint
21:16 bilby INFO    : Written checkpoint file results/9/None_resume.pickle
21:16 bilby WARNING : Too many bins for data range. Cannot create 500 finite-sized bins.
21:16 bilby WARNING : Failed to create dynesty state plot at checkpoint
/scratch/pratyusava.baral/Modified_Dispersion/src/dispersion/lib/python3.11/site-packages/dynesty/plotting.py:252: RuntimeWarning: overflow encountered in exp
  np.exp(logwt), logz if logplot else np.exp(logz)
/scratch/pratyusava.baral/Modified_Dispersion/src/dispersion/lib/python3.11/site-packages/dynesty/plotting.py:282: RuntimeWarning: overflow encountered in exp
  zspan = (0., 1.05 * np.exp(logz[-1] + 3. * logzerr[-1]))
21:16 bilby WARNING : Axis limits cannot be NaN or Inf
21:16 bilby WARNING : Failed to create dynesty run plot at checkpoint
21:27 bilby INFO    : Written checkpoint file results/9/None_resume.pickle
21:27 bilby WARNING : Too many bins for data range. Cannot create 500 finite-sized bins.
21:27 bilby WARNING : Failed to create dynesty state plot at checkpoint
/scratch/pratyusava.baral/Modified_Dispersion/src/dispersion/lib/python3.11/site-packages/dynesty/plotting.py:252: RuntimeWarning: overflow encountered in exp
  np.exp(logwt), logz if logplot else np.exp(logz)
/scratch/pratyusava.baral/Modified_Dispersion/src/dispersion/lib/python3.11/site-packages/dynesty/plotting.py:282: RuntimeWarning: overflow encountered in exp
  zspan = (0., 1.05 * np.exp(logz[-1] + 3. * logzerr[-1]))
21:27 bilby WARNING : Axis limits cannot be NaN or Inf
21:27 bilby WARNING : Failed to create dynesty run plot at checkpoint
21:37 bilby INFO    : Written checkpoint file results/9/None_resume.pickle
21:37 bilby WARNING : Too many bins for data range. Cannot create 500 finite-sized bins.
21:37 bilby WARNING : Failed to create dynesty state plot at checkpoint
/scratch/pratyusava.baral/Modified_Dispersion/src/dispersion/lib/python3.11/site-packages/dynesty/plotting.py:252: RuntimeWarning: overflow encountered in exp
  np.exp(logwt), logz if logplot else np.exp(logz)
/scratch/pratyusava.baral/Modified_Dispersion/src/dispersion/lib/python3.11/site-packages/dynesty/plotting.py:282: RuntimeWarning: overflow encountered in exp
  zspan = (0., 1.05 * np.exp(logz[-1] + 3. * logzerr[-1]))
21:37 bilby WARNING : Axis limits cannot be NaN or Inf
21:37 bilby WARNING : Failed to create dynesty run plot at checkpoint
21:47 bilby INFO    : Written checkpoint file results/9/None_resume.pickle
21:47 bilby WARNING : Too many bins for data range. Cannot create 500 finite-sized bins.
21:47 bilby WARNING : Failed to create dynesty state plot at checkpoint
/scratch/pratyusava.baral/Modified_Dispersion/src/dispersion/lib/python3.11/site-packages/dynesty/plotting.py:252: RuntimeWarning: overflow encountered in exp
  np.exp(logwt), logz if logplot else np.exp(logz)
/scratch/pratyusava.baral/Modified_Dispersion/src/dispersion/lib/python3.11/site-packages/dynesty/plotting.py:282: RuntimeWarning: overflow encountered in exp
  zspan = (0., 1.05 * np.exp(logz[-1] + 3. * logzerr[-1]))
21:47 bilby WARNING : Axis limits cannot be NaN or Inf
21:47 bilby WARNING : Failed to create dynesty run plot at checkpoint
21:58 bilby INFO    : Written checkpoint file results/9/None_resume.pickle
21:58 bilby WARNING : Too many bins for data range. Cannot create 500 finite-sized bins.
21:58 bilby WARNING : Failed to create dynesty state plot at checkpoint
/scratch/pratyusava.baral/Modified_Dispersion/src/dispersion/lib/python3.11/site-packages/dynesty/plotting.py:252: RuntimeWarning: overflow encountered in exp
  np.exp(logwt), logz if logplot else np.exp(logz)
/scratch/pratyusava.baral/Modified_Dispersion/src/dispersion/lib/python3.11/site-packages/dynesty/plotting.py:282: RuntimeWarning: overflow encountered in exp
  zspan = (0., 1.05 * np.exp(logz[-1] + 3. * logzerr[-1]))
21:58 bilby WARNING : Axis limits cannot be NaN or Inf
21:58 bilby WARNING : Failed to create dynesty run plot at checkpoint
22:08 bilby INFO    : Written checkpoint file results/9/None_resume.pickle
22:08 bilby WARNING : Too many bins for data range. Cannot create 500 finite-sized bins.
22:08 bilby WARNING : Failed to create dynesty state plot at checkpoint
/scratch/pratyusava.baral/Modified_Dispersion/src/dispersion/lib/python3.11/site-packages/dynesty/plotting.py:252: RuntimeWarning: overflow encountered in exp
  np.exp(logwt), logz if logplot else np.exp(logz)
/scratch/pratyusava.baral/Modified_Dispersion/src/dispersion/lib/python3.11/site-packages/dynesty/plotting.py:282: RuntimeWarning: overflow encountered in exp
  zspan = (0., 1.05 * np.exp(logz[-1] + 3. * logzerr[-1]))
22:08 bilby WARNING : Axis limits cannot be NaN or Inf
22:08 bilby WARNING : Failed to create dynesty run plot at checkpoint
22:19 bilby INFO    : Written checkpoint file results/9/None_resume.pickle
22:19 bilby WARNING : Too many bins for data range. Cannot create 500 finite-sized bins.
22:19 bilby WARNING : Failed to create dynesty state plot at checkpoint
/scratch/pratyusava.baral/Modified_Dispersion/src/dispersion/lib/python3.11/site-packages/dynesty/plotting.py:252: RuntimeWarning: overflow encountered in exp
  np.exp(logwt), logz if logplot else np.exp(logz)
/scratch/pratyusava.baral/Modified_Dispersion/src/dispersion/lib/python3.11/site-packages/dynesty/plotting.py:282: RuntimeWarning: overflow encountered in exp
  zspan = (0., 1.05 * np.exp(logz[-1] + 3. * logzerr[-1]))
22:19 bilby WARNING : Axis limits cannot be NaN or Inf
22:19 bilby WARNING : Failed to create dynesty run plot at checkpoint
22:29 bilby INFO    : Written checkpoint file results/9/None_resume.pickle
22:29 bilby WARNING : Too many bins for data range. Cannot create 500 finite-sized bins.
22:29 bilby WARNING : Failed to create dynesty state plot at checkpoint
/scratch/pratyusava.baral/Modified_Dispersion/src/dispersion/lib/python3.11/site-packages/dynesty/plotting.py:252: RuntimeWarning: overflow encountered in exp
  np.exp(logwt), logz if logplot else np.exp(logz)
/scratch/pratyusava.baral/Modified_Dispersion/src/dispersion/lib/python3.11/site-packages/dynesty/plotting.py:282: RuntimeWarning: overflow encountered in exp
  zspan = (0., 1.05 * np.exp(logz[-1] + 3. * logzerr[-1]))
22:29 bilby WARNING : Axis limits cannot be NaN or Inf
22:29 bilby WARNING : Failed to create dynesty run plot at checkpoint
22:40 bilby INFO    : Written checkpoint file results/9/None_resume.pickle
22:40 bilby WARNING : Too many bins for data range. Cannot create 500 finite-sized bins.
22:40 bilby WARNING : Failed to create dynesty state plot at checkpoint
/scratch/pratyusava.baral/Modified_Dispersion/src/dispersion/lib/python3.11/site-packages/dynesty/plotting.py:252: RuntimeWarning: overflow encountered in exp
  np.exp(logwt), logz if logplot else np.exp(logz)
/scratch/pratyusava.baral/Modified_Dispersion/src/dispersion/lib/python3.11/site-packages/dynesty/plotting.py:282: RuntimeWarning: overflow encountered in exp
  zspan = (0., 1.05 * np.exp(logz[-1] + 3. * logzerr[-1]))
22:40 bilby WARNING : Axis limits cannot be NaN or Inf
22:40 bilby WARNING : Failed to create dynesty run plot at checkpoint
22:50 bilby INFO    : Written checkpoint file results/9/None_resume.pickle
22:50 bilby WARNING : Too many bins for data range. Cannot create 500 finite-sized bins.
22:50 bilby WARNING : Failed to create dynesty state plot at checkpoint
/scratch/pratyusava.baral/Modified_Dispersion/src/dispersion/lib/python3.11/site-packages/dynesty/plotting.py:252: RuntimeWarning: overflow encountered in exp
  np.exp(logwt), logz if logplot else np.exp(logz)
/scratch/pratyusava.baral/Modified_Dispersion/src/dispersion/lib/python3.11/site-packages/dynesty/plotting.py:282: RuntimeWarning: overflow encountered in exp
  zspan = (0., 1.05 * np.exp(logz[-1] + 3. * logzerr[-1]))
22:50 bilby WARNING : Axis limits cannot be NaN or Inf
22:50 bilby WARNING : Failed to create dynesty run plot at checkpoint
23:01 bilby INFO    : Written checkpoint file results/9/None_resume.pickle
23:01 bilby WARNING : Too many bins for data range. Cannot create 500 finite-sized bins.
23:01 bilby WARNING : Failed to create dynesty state plot at checkpoint
/scratch/pratyusava.baral/Modified_Dispersion/src/dispersion/lib/python3.11/site-packages/dynesty/plotting.py:252: RuntimeWarning: overflow encountered in exp
  np.exp(logwt), logz if logplot else np.exp(logz)
/scratch/pratyusava.baral/Modified_Dispersion/src/dispersion/lib/python3.11/site-packages/dynesty/plotting.py:282: RuntimeWarning: overflow encountered in exp
  zspan = (0., 1.05 * np.exp(logz[-1] + 3. * logzerr[-1]))
23:01 bilby WARNING : Axis limits cannot be NaN or Inf
23:01 bilby WARNING : Failed to create dynesty run plot at checkpoint
23:11 bilby INFO    : Written checkpoint file results/9/None_resume.pickle
23:11 bilby WARNING : Too many bins for data range. Cannot create 500 finite-sized bins.
23:11 bilby WARNING : Failed to create dynesty state plot at checkpoint
/scratch/pratyusava.baral/Modified_Dispersion/src/dispersion/lib/python3.11/site-packages/dynesty/plotting.py:252: RuntimeWarning: overflow encountered in exp
  np.exp(logwt), logz if logplot else np.exp(logz)
/scratch/pratyusava.baral/Modified_Dispersion/src/dispersion/lib/python3.11/site-packages/dynesty/plotting.py:282: RuntimeWarning: overflow encountered in exp
  zspan = (0., 1.05 * np.exp(logz[-1] + 3. * logzerr[-1]))
23:11 bilby WARNING : Axis limits cannot be NaN or Inf
23:11 bilby WARNING : Failed to create dynesty run plot at checkpoint
23:22 bilby INFO    : Written checkpoint file results/9/None_resume.pickle
23:22 bilby WARNING : Too many bins for data range. Cannot create 500 finite-sized bins.
23:22 bilby WARNING : Failed to create dynesty state plot at checkpoint
/scratch/pratyusava.baral/Modified_Dispersion/src/dispersion/lib/python3.11/site-packages/dynesty/plotting.py:252: RuntimeWarning: overflow encountered in exp
  np.exp(logwt), logz if logplot else np.exp(logz)
/scratch/pratyusava.baral/Modified_Dispersion/src/dispersion/lib/python3.11/site-packages/dynesty/plotting.py:282: RuntimeWarning: overflow encountered in exp
  zspan = (0., 1.05 * np.exp(logz[-1] + 3. * logzerr[-1]))
23:22 bilby WARNING : Axis limits cannot be NaN or Inf
23:22 bilby WARNING : Failed to create dynesty run plot at checkpoint
23:32 bilby INFO    : Written checkpoint file results/9/None_resume.pickle
23:32 bilby WARNING : Too many bins for data range. Cannot create 500 finite-sized bins.
23:32 bilby WARNING : Failed to create dynesty state plot at checkpoint
/scratch/pratyusava.baral/Modified_Dispersion/src/dispersion/lib/python3.11/site-packages/dynesty/plotting.py:252: RuntimeWarning: overflow encountered in exp
  np.exp(logwt), logz if logplot else np.exp(logz)
/scratch/pratyusava.baral/Modified_Dispersion/src/dispersion/lib/python3.11/site-packages/dynesty/plotting.py:282: RuntimeWarning: overflow encountered in exp
  zspan = (0., 1.05 * np.exp(logz[-1] + 3. * logzerr[-1]))
23:32 bilby WARNING : Axis limits cannot be NaN or Inf
23:32 bilby WARNING : Failed to create dynesty run plot at checkpoint
23:42 bilby INFO    : Written checkpoint file results/9/None_resume.pickle
23:42 bilby WARNING : Too many bins for data range. Cannot create 500 finite-sized bins.
23:42 bilby WARNING : Failed to create dynesty state plot at checkpoint
/scratch/pratyusava.baral/Modified_Dispersion/src/dispersion/lib/python3.11/site-packages/dynesty/plotting.py:252: RuntimeWarning: overflow encountered in exp
  np.exp(logwt), logz if logplot else np.exp(logz)
/scratch/pratyusava.baral/Modified_Dispersion/src/dispersion/lib/python3.11/site-packages/dynesty/plotting.py:282: RuntimeWarning: overflow encountered in exp
  zspan = (0., 1.05 * np.exp(logz[-1] + 3. * logzerr[-1]))
23:42 bilby WARNING : Axis limits cannot be NaN or Inf
23:42 bilby WARNING : Failed to create dynesty run plot at checkpoint
23:53 bilby INFO    : Written checkpoint file results/9/None_resume.pickle
23:53 bilby WARNING : Too many bins for data range. Cannot create 500 finite-sized bins.
23:53 bilby WARNING : Failed to create dynesty state plot at checkpoint
/scratch/pratyusava.baral/Modified_Dispersion/src/dispersion/lib/python3.11/site-packages/dynesty/plotting.py:252: RuntimeWarning: overflow encountered in exp
  np.exp(logwt), logz if logplot else np.exp(logz)
/scratch/pratyusava.baral/Modified_Dispersion/src/dispersion/lib/python3.11/site-packages/dynesty/plotting.py:282: RuntimeWarning: overflow encountered in exp
  zspan = (0., 1.05 * np.exp(logz[-1] + 3. * logzerr[-1]))
23:53 bilby WARNING : Axis limits cannot be NaN or Inf
23:53 bilby WARNING : Failed to create dynesty run plot at checkpoint
00:03 bilby INFO    : Written checkpoint file results/9/None_resume.pickle
00:03 bilby WARNING : Too many bins for data range. Cannot create 500 finite-sized bins.
00:03 bilby WARNING : Failed to create dynesty state plot at checkpoint
/scratch/pratyusava.baral/Modified_Dispersion/src/dispersion/lib/python3.11/site-packages/dynesty/plotting.py:252: RuntimeWarning: overflow encountered in exp
  np.exp(logwt), logz if logplot else np.exp(logz)
/scratch/pratyusava.baral/Modified_Dispersion/src/dispersion/lib/python3.11/site-packages/dynesty/plotting.py:282: RuntimeWarning: overflow encountered in exp
  zspan = (0., 1.05 * np.exp(logz[-1] + 3. * logzerr[-1]))
00:03 bilby WARNING : Axis limits cannot be NaN or Inf
00:03 bilby WARNING : Failed to create dynesty run plot at checkpoint
00:13 bilby INFO    : Written checkpoint file results/9/None_resume.pickle
00:13 bilby WARNING : Too many bins for data range. Cannot create 500 finite-sized bins.
00:13 bilby WARNING : Failed to create dynesty state plot at checkpoint
/scratch/pratyusava.baral/Modified_Dispersion/src/dispersion/lib/python3.11/site-packages/dynesty/plotting.py:252: RuntimeWarning: overflow encountered in exp
  np.exp(logwt), logz if logplot else np.exp(logz)
/scratch/pratyusava.baral/Modified_Dispersion/src/dispersion/lib/python3.11/site-packages/dynesty/plotting.py:282: RuntimeWarning: overflow encountered in exp
  zspan = (0., 1.05 * np.exp(logz[-1] + 3. * logzerr[-1]))
00:13 bilby WARNING : Axis limits cannot be NaN or Inf
00:13 bilby WARNING : Failed to create dynesty run plot at checkpoint
00:23 bilby INFO    : Written checkpoint file results/9/None_resume.pickle
00:23 bilby WARNING : Too many bins for data range. Cannot create 500 finite-sized bins.
00:23 bilby WARNING : Failed to create dynesty state plot at checkpoint
/scratch/pratyusava.baral/Modified_Dispersion/src/dispersion/lib/python3.11/site-packages/dynesty/plotting.py:252: RuntimeWarning: overflow encountered in exp
  np.exp(logwt), logz if logplot else np.exp(logz)
/scratch/pratyusava.baral/Modified_Dispersion/src/dispersion/lib/python3.11/site-packages/dynesty/plotting.py:282: RuntimeWarning: overflow encountered in exp
  zspan = (0., 1.05 * np.exp(logz[-1] + 3. * logzerr[-1]))
00:23 bilby WARNING : Axis limits cannot be NaN or Inf
00:23 bilby WARNING : Failed to create dynesty run plot at checkpoint
00:34 bilby INFO    : Written checkpoint file results/9/None_resume.pickle
00:34 bilby WARNING : Too many bins for data range. Cannot create 500 finite-sized bins.
00:34 bilby WARNING : Failed to create dynesty state plot at checkpoint
/scratch/pratyusava.baral/Modified_Dispersion/src/dispersion/lib/python3.11/site-packages/dynesty/plotting.py:252: RuntimeWarning: overflow encountered in exp
  np.exp(logwt), logz if logplot else np.exp(logz)
/scratch/pratyusava.baral/Modified_Dispersion/src/dispersion/lib/python3.11/site-packages/dynesty/plotting.py:282: RuntimeWarning: overflow encountered in exp
  zspan = (0., 1.05 * np.exp(logz[-1] + 3. * logzerr[-1]))
00:34 bilby WARNING : Axis limits cannot be NaN or Inf
00:34 bilby WARNING : Failed to create dynesty run plot at checkpoint
00:44 bilby INFO    : Written checkpoint file results/9/None_resume.pickle
00:44 bilby WARNING : Too many bins for data range. Cannot create 500 finite-sized bins.
00:44 bilby WARNING : Failed to create dynesty state plot at checkpoint
/scratch/pratyusava.baral/Modified_Dispersion/src/dispersion/lib/python3.11/site-packages/dynesty/plotting.py:252: RuntimeWarning: overflow encountered in exp
  np.exp(logwt), logz if logplot else np.exp(logz)
/scratch/pratyusava.baral/Modified_Dispersion/src/dispersion/lib/python3.11/site-packages/dynesty/plotting.py:282: RuntimeWarning: overflow encountered in exp
  zspan = (0., 1.05 * np.exp(logz[-1] + 3. * logzerr[-1]))
00:44 bilby WARNING : Axis limits cannot be NaN or Inf
00:44 bilby WARNING : Failed to create dynesty run plot at checkpoint
00:54 bilby INFO    : Written checkpoint file results/9/None_resume.pickle
00:54 bilby WARNING : Too many bins for data range. Cannot create 500 finite-sized bins.
00:54 bilby WARNING : Failed to create dynesty state plot at checkpoint
/scratch/pratyusava.baral/Modified_Dispersion/src/dispersion/lib/python3.11/site-packages/dynesty/plotting.py:252: RuntimeWarning: overflow encountered in exp
  np.exp(logwt), logz if logplot else np.exp(logz)
/scratch/pratyusava.baral/Modified_Dispersion/src/dispersion/lib/python3.11/site-packages/dynesty/plotting.py:282: RuntimeWarning: overflow encountered in exp
  zspan = (0., 1.05 * np.exp(logz[-1] + 3. * logzerr[-1]))
00:54 bilby WARNING : Axis limits cannot be NaN or Inf
00:54 bilby WARNING : Failed to create dynesty run plot at checkpoint
01:05 bilby INFO    : Written checkpoint file results/9/None_resume.pickle
01:05 bilby WARNING : Too many bins for data range. Cannot create 500 finite-sized bins.
01:05 bilby WARNING : Failed to create dynesty state plot at checkpoint
/scratch/pratyusava.baral/Modified_Dispersion/src/dispersion/lib/python3.11/site-packages/dynesty/plotting.py:252: RuntimeWarning: overflow encountered in exp
  np.exp(logwt), logz if logplot else np.exp(logz)
/scratch/pratyusava.baral/Modified_Dispersion/src/dispersion/lib/python3.11/site-packages/dynesty/plotting.py:282: RuntimeWarning: overflow encountered in exp
  zspan = (0., 1.05 * np.exp(logz[-1] + 3. * logzerr[-1]))
01:05 bilby WARNING : Axis limits cannot be NaN or Inf
01:05 bilby WARNING : Failed to create dynesty run plot at checkpoint
01:15 bilby INFO    : Written checkpoint file results/9/None_resume.pickle
01:15 bilby WARNING : Too many bins for data range. Cannot create 500 finite-sized bins.
01:15 bilby WARNING : Failed to create dynesty state plot at checkpoint
/scratch/pratyusava.baral/Modified_Dispersion/src/dispersion/lib/python3.11/site-packages/dynesty/plotting.py:252: RuntimeWarning: overflow encountered in exp
  np.exp(logwt), logz if logplot else np.exp(logz)
/scratch/pratyusava.baral/Modified_Dispersion/src/dispersion/lib/python3.11/site-packages/dynesty/plotting.py:282: RuntimeWarning: overflow encountered in exp
  zspan = (0., 1.05 * np.exp(logz[-1] + 3. * logzerr[-1]))
01:15 bilby WARNING : Axis limits cannot be NaN or Inf
01:15 bilby WARNING : Failed to create dynesty run plot at checkpoint
01:26 bilby INFO    : Written checkpoint file results/9/None_resume.pickle
01:26 bilby WARNING : Too many bins for data range. Cannot create 500 finite-sized bins.
01:26 bilby WARNING : Failed to create dynesty state plot at checkpoint
/scratch/pratyusava.baral/Modified_Dispersion/src/dispersion/lib/python3.11/site-packages/dynesty/plotting.py:252: RuntimeWarning: overflow encountered in exp
  np.exp(logwt), logz if logplot else np.exp(logz)
/scratch/pratyusava.baral/Modified_Dispersion/src/dispersion/lib/python3.11/site-packages/dynesty/plotting.py:282: RuntimeWarning: overflow encountered in exp
  zspan = (0., 1.05 * np.exp(logz[-1] + 3. * logzerr[-1]))
01:26 bilby WARNING : Axis limits cannot be NaN or Inf
01:26 bilby WARNING : Failed to create dynesty run plot at checkpoint
01:36 bilby INFO    : Written checkpoint file results/9/None_resume.pickle
01:36 bilby WARNING : Too many bins for data range. Cannot create 500 finite-sized bins.
01:36 bilby WARNING : Failed to create dynesty state plot at checkpoint
/scratch/pratyusava.baral/Modified_Dispersion/src/dispersion/lib/python3.11/site-packages/dynesty/plotting.py:252: RuntimeWarning: overflow encountered in exp
  np.exp(logwt), logz if logplot else np.exp(logz)
/scratch/pratyusava.baral/Modified_Dispersion/src/dispersion/lib/python3.11/site-packages/dynesty/plotting.py:282: RuntimeWarning: overflow encountered in exp
  zspan = (0., 1.05 * np.exp(logz[-1] + 3. * logzerr[-1]))
01:36 bilby WARNING : Axis limits cannot be NaN or Inf
01:36 bilby WARNING : Failed to create dynesty run plot at checkpoint
01:47 bilby INFO    : Written checkpoint file results/9/None_resume.pickle
01:47 bilby WARNING : Too many bins for data range. Cannot create 500 finite-sized bins.
01:47 bilby WARNING : Failed to create dynesty state plot at checkpoint
/scratch/pratyusava.baral/Modified_Dispersion/src/dispersion/lib/python3.11/site-packages/dynesty/plotting.py:252: RuntimeWarning: overflow encountered in exp
  np.exp(logwt), logz if logplot else np.exp(logz)
/scratch/pratyusava.baral/Modified_Dispersion/src/dispersion/lib/python3.11/site-packages/dynesty/plotting.py:282: RuntimeWarning: overflow encountered in exp
  zspan = (0., 1.05 * np.exp(logz[-1] + 3. * logzerr[-1]))
01:47 bilby WARNING : Axis limits cannot be NaN or Inf
01:47 bilby WARNING : Failed to create dynesty run plot at checkpoint
01:57 bilby INFO    : Written checkpoint file results/9/None_resume.pickle
01:57 bilby WARNING : Too many bins for data range. Cannot create 500 finite-sized bins.
01:57 bilby WARNING : Failed to create dynesty state plot at checkpoint
/scratch/pratyusava.baral/Modified_Dispersion/src/dispersion/lib/python3.11/site-packages/dynesty/plotting.py:252: RuntimeWarning: overflow encountered in exp
  np.exp(logwt), logz if logplot else np.exp(logz)
/scratch/pratyusava.baral/Modified_Dispersion/src/dispersion/lib/python3.11/site-packages/dynesty/plotting.py:282: RuntimeWarning: overflow encountered in exp
  zspan = (0., 1.05 * np.exp(logz[-1] + 3. * logzerr[-1]))
01:57 bilby WARNING : Axis limits cannot be NaN or Inf
01:57 bilby WARNING : Failed to create dynesty run plot at checkpoint
02:07 bilby INFO    : Written checkpoint file results/9/None_resume.pickle
02:07 bilby WARNING : Too many bins for data range. Cannot create 500 finite-sized bins.
02:07 bilby WARNING : Failed to create dynesty state plot at checkpoint
/scratch/pratyusava.baral/Modified_Dispersion/src/dispersion/lib/python3.11/site-packages/dynesty/plotting.py:252: RuntimeWarning: overflow encountered in exp
  np.exp(logwt), logz if logplot else np.exp(logz)
/scratch/pratyusava.baral/Modified_Dispersion/src/dispersion/lib/python3.11/site-packages/dynesty/plotting.py:282: RuntimeWarning: overflow encountered in exp
  zspan = (0., 1.05 * np.exp(logz[-1] + 3. * logzerr[-1]))
02:08 bilby WARNING : Axis limits cannot be NaN or Inf
02:08 bilby WARNING : Failed to create dynesty run plot at checkpoint
02:18 bilby INFO    : Written checkpoint file results/9/None_resume.pickle
02:18 bilby WARNING : Too many bins for data range. Cannot create 500 finite-sized bins.
02:18 bilby WARNING : Failed to create dynesty state plot at checkpoint
/scratch/pratyusava.baral/Modified_Dispersion/src/dispersion/lib/python3.11/site-packages/dynesty/plotting.py:252: RuntimeWarning: overflow encountered in exp
  np.exp(logwt), logz if logplot else np.exp(logz)
/scratch/pratyusava.baral/Modified_Dispersion/src/dispersion/lib/python3.11/site-packages/dynesty/plotting.py:282: RuntimeWarning: overflow encountered in exp
  zspan = (0., 1.05 * np.exp(logz[-1] + 3. * logzerr[-1]))
02:18 bilby WARNING : Axis limits cannot be NaN or Inf
02:18 bilby WARNING : Failed to create dynesty run plot at checkpoint
02:28 bilby INFO    : Written checkpoint file results/9/None_resume.pickle
02:28 bilby WARNING : Too many bins for data range. Cannot create 500 finite-sized bins.
02:28 bilby WARNING : Failed to create dynesty state plot at checkpoint
/scratch/pratyusava.baral/Modified_Dispersion/src/dispersion/lib/python3.11/site-packages/dynesty/plotting.py:252: RuntimeWarning: overflow encountered in exp
  np.exp(logwt), logz if logplot else np.exp(logz)
/scratch/pratyusava.baral/Modified_Dispersion/src/dispersion/lib/python3.11/site-packages/dynesty/plotting.py:282: RuntimeWarning: overflow encountered in exp
  zspan = (0., 1.05 * np.exp(logz[-1] + 3. * logzerr[-1]))
02:28 bilby WARNING : Axis limits cannot be NaN or Inf
02:28 bilby WARNING : Failed to create dynesty run plot at checkpoint
02:38 bilby INFO    : Written checkpoint file results/9/None_resume.pickle
02:38 bilby WARNING : Too many bins for data range. Cannot create 500 finite-sized bins.
02:38 bilby WARNING : Failed to create dynesty state plot at checkpoint
/scratch/pratyusava.baral/Modified_Dispersion/src/dispersion/lib/python3.11/site-packages/dynesty/plotting.py:252: RuntimeWarning: overflow encountered in exp
  np.exp(logwt), logz if logplot else np.exp(logz)
/scratch/pratyusava.baral/Modified_Dispersion/src/dispersion/lib/python3.11/site-packages/dynesty/plotting.py:282: RuntimeWarning: overflow encountered in exp
  zspan = (0., 1.05 * np.exp(logz[-1] + 3. * logzerr[-1]))
02:39 bilby WARNING : Axis limits cannot be NaN or Inf
02:39 bilby WARNING : Failed to create dynesty run plot at checkpoint
02:49 bilby INFO    : Written checkpoint file results/9/None_resume.pickle
02:49 bilby WARNING : Too many bins for data range. Cannot create 500 finite-sized bins.
02:49 bilby WARNING : Failed to create dynesty state plot at checkpoint
/scratch/pratyusava.baral/Modified_Dispersion/src/dispersion/lib/python3.11/site-packages/dynesty/plotting.py:252: RuntimeWarning: overflow encountered in exp
  np.exp(logwt), logz if logplot else np.exp(logz)
/scratch/pratyusava.baral/Modified_Dispersion/src/dispersion/lib/python3.11/site-packages/dynesty/plotting.py:282: RuntimeWarning: overflow encountered in exp
  zspan = (0., 1.05 * np.exp(logz[-1] + 3. * logzerr[-1]))
02:49 bilby WARNING : Axis limits cannot be NaN or Inf
02:49 bilby WARNING : Failed to create dynesty run plot at checkpoint
02:59 bilby INFO    : Written checkpoint file results/9/None_resume.pickle
02:59 bilby WARNING : Too many bins for data range. Cannot create 500 finite-sized bins.
02:59 bilby WARNING : Failed to create dynesty state plot at checkpoint
/scratch/pratyusava.baral/Modified_Dispersion/src/dispersion/lib/python3.11/site-packages/dynesty/plotting.py:252: RuntimeWarning: overflow encountered in exp
  np.exp(logwt), logz if logplot else np.exp(logz)
/scratch/pratyusava.baral/Modified_Dispersion/src/dispersion/lib/python3.11/site-packages/dynesty/plotting.py:282: RuntimeWarning: overflow encountered in exp
  zspan = (0., 1.05 * np.exp(logz[-1] + 3. * logzerr[-1]))
02:59 bilby WARNING : Axis limits cannot be NaN or Inf
02:59 bilby WARNING : Failed to create dynesty run plot at checkpoint
03:10 bilby INFO    : Written checkpoint file results/9/None_resume.pickle
03:10 bilby WARNING : Too many bins for data range. Cannot create 500 finite-sized bins.
03:10 bilby WARNING : Failed to create dynesty state plot at checkpoint
/scratch/pratyusava.baral/Modified_Dispersion/src/dispersion/lib/python3.11/site-packages/dynesty/plotting.py:252: RuntimeWarning: overflow encountered in exp
  np.exp(logwt), logz if logplot else np.exp(logz)
/scratch/pratyusava.baral/Modified_Dispersion/src/dispersion/lib/python3.11/site-packages/dynesty/plotting.py:282: RuntimeWarning: overflow encountered in exp
  zspan = (0., 1.05 * np.exp(logz[-1] + 3. * logzerr[-1]))
03:10 bilby WARNING : Axis limits cannot be NaN or Inf
03:10 bilby WARNING : Failed to create dynesty run plot at checkpoint
03:20 bilby INFO    : Written checkpoint file results/9/None_resume.pickle
03:20 bilby WARNING : Too many bins for data range. Cannot create 500 finite-sized bins.
03:20 bilby WARNING : Failed to create dynesty state plot at checkpoint
/scratch/pratyusava.baral/Modified_Dispersion/src/dispersion/lib/python3.11/site-packages/dynesty/plotting.py:252: RuntimeWarning: overflow encountered in exp
  np.exp(logwt), logz if logplot else np.exp(logz)
/scratch/pratyusava.baral/Modified_Dispersion/src/dispersion/lib/python3.11/site-packages/dynesty/plotting.py:282: RuntimeWarning: overflow encountered in exp
  zspan = (0., 1.05 * np.exp(logz[-1] + 3. * logzerr[-1]))
03:20 bilby WARNING : Axis limits cannot be NaN or Inf
03:20 bilby WARNING : Failed to create dynesty run plot at checkpoint
03:31 bilby INFO    : Written checkpoint file results/9/None_resume.pickle
03:31 bilby WARNING : Too many bins for data range. Cannot create 500 finite-sized bins.
03:31 bilby WARNING : Failed to create dynesty state plot at checkpoint
/scratch/pratyusava.baral/Modified_Dispersion/src/dispersion/lib/python3.11/site-packages/dynesty/plotting.py:252: RuntimeWarning: overflow encountered in exp
  np.exp(logwt), logz if logplot else np.exp(logz)
/scratch/pratyusava.baral/Modified_Dispersion/src/dispersion/lib/python3.11/site-packages/dynesty/plotting.py:282: RuntimeWarning: overflow encountered in exp
  zspan = (0., 1.05 * np.exp(logz[-1] + 3. * logzerr[-1]))
03:31 bilby WARNING : Axis limits cannot be NaN or Inf
03:31 bilby WARNING : Failed to create dynesty run plot at checkpoint
03:41 bilby INFO    : Written checkpoint file results/9/None_resume.pickle
03:41 bilby WARNING : Too many bins for data range. Cannot create 500 finite-sized bins.
03:41 bilby WARNING : Failed to create dynesty state plot at checkpoint
/scratch/pratyusava.baral/Modified_Dispersion/src/dispersion/lib/python3.11/site-packages/dynesty/plotting.py:252: RuntimeWarning: overflow encountered in exp
  np.exp(logwt), logz if logplot else np.exp(logz)
/scratch/pratyusava.baral/Modified_Dispersion/src/dispersion/lib/python3.11/site-packages/dynesty/plotting.py:282: RuntimeWarning: overflow encountered in exp
  zspan = (0., 1.05 * np.exp(logz[-1] + 3. * logzerr[-1]))
03:41 bilby WARNING : Axis limits cannot be NaN or Inf
03:41 bilby WARNING : Failed to create dynesty run plot at checkpoint
03:51 bilby INFO    : Written checkpoint file results/9/None_resume.pickle
03:51 bilby WARNING : Too many bins for data range. Cannot create 500 finite-sized bins.
03:51 bilby WARNING : Failed to create dynesty state plot at checkpoint
/scratch/pratyusava.baral/Modified_Dispersion/src/dispersion/lib/python3.11/site-packages/dynesty/plotting.py:252: RuntimeWarning: overflow encountered in exp
  np.exp(logwt), logz if logplot else np.exp(logz)
/scratch/pratyusava.baral/Modified_Dispersion/src/dispersion/lib/python3.11/site-packages/dynesty/plotting.py:282: RuntimeWarning: overflow encountered in exp
  zspan = (0., 1.05 * np.exp(logz[-1] + 3. * logzerr[-1]))
03:51 bilby WARNING : Axis limits cannot be NaN or Inf
03:51 bilby WARNING : Failed to create dynesty run plot at checkpoint
04:02 bilby INFO    : Written checkpoint file results/9/None_resume.pickle
04:02 bilby WARNING : Too many bins for data range. Cannot create 500 finite-sized bins.
04:02 bilby WARNING : Failed to create dynesty state plot at checkpoint
/scratch/pratyusava.baral/Modified_Dispersion/src/dispersion/lib/python3.11/site-packages/dynesty/plotting.py:252: RuntimeWarning: overflow encountered in exp
  np.exp(logwt), logz if logplot else np.exp(logz)
/scratch/pratyusava.baral/Modified_Dispersion/src/dispersion/lib/python3.11/site-packages/dynesty/plotting.py:282: RuntimeWarning: overflow encountered in exp
  zspan = (0., 1.05 * np.exp(logz[-1] + 3. * logzerr[-1]))
04:02 bilby WARNING : Axis limits cannot be NaN or Inf
04:02 bilby WARNING : Failed to create dynesty run plot at checkpoint
04:12 bilby INFO    : Written checkpoint file results/9/None_resume.pickle
04:12 bilby WARNING : Too many bins for data range. Cannot create 500 finite-sized bins.
04:12 bilby WARNING : Failed to create dynesty state plot at checkpoint
/scratch/pratyusava.baral/Modified_Dispersion/src/dispersion/lib/python3.11/site-packages/dynesty/plotting.py:252: RuntimeWarning: overflow encountered in exp
  np.exp(logwt), logz if logplot else np.exp(logz)
/scratch/pratyusava.baral/Modified_Dispersion/src/dispersion/lib/python3.11/site-packages/dynesty/plotting.py:282: RuntimeWarning: overflow encountered in exp
  zspan = (0., 1.05 * np.exp(logz[-1] + 3. * logzerr[-1]))
04:12 bilby WARNING : Axis limits cannot be NaN or Inf
04:12 bilby WARNING : Failed to create dynesty run plot at checkpoint
04:22 bilby INFO    : Written checkpoint file results/9/None_resume.pickle
04:22 bilby WARNING : Too many bins for data range. Cannot create 500 finite-sized bins.
04:22 bilby WARNING : Failed to create dynesty state plot at checkpoint
/scratch/pratyusava.baral/Modified_Dispersion/src/dispersion/lib/python3.11/site-packages/dynesty/plotting.py:252: RuntimeWarning: overflow encountered in exp
  np.exp(logwt), logz if logplot else np.exp(logz)
/scratch/pratyusava.baral/Modified_Dispersion/src/dispersion/lib/python3.11/site-packages/dynesty/plotting.py:282: RuntimeWarning: overflow encountered in exp
  zspan = (0., 1.05 * np.exp(logz[-1] + 3. * logzerr[-1]))
04:22 bilby WARNING : Axis limits cannot be NaN or Inf
04:22 bilby WARNING : Failed to create dynesty run plot at checkpoint
04:32 bilby INFO    : Written checkpoint file results/9/None_resume.pickle
04:32 bilby WARNING : Too many bins for data range. Cannot create 500 finite-sized bins.
04:32 bilby WARNING : Failed to create dynesty state plot at checkpoint
/scratch/pratyusava.baral/Modified_Dispersion/src/dispersion/lib/python3.11/site-packages/dynesty/plotting.py:252: RuntimeWarning: overflow encountered in exp
  np.exp(logwt), logz if logplot else np.exp(logz)
/scratch/pratyusava.baral/Modified_Dispersion/src/dispersion/lib/python3.11/site-packages/dynesty/plotting.py:282: RuntimeWarning: overflow encountered in exp
  zspan = (0., 1.05 * np.exp(logz[-1] + 3. * logzerr[-1]))
04:33 bilby WARNING : Axis limits cannot be NaN or Inf
04:33 bilby WARNING : Failed to create dynesty run plot at checkpoint
04:43 bilby INFO    : Written checkpoint file results/9/None_resume.pickle
04:43 bilby WARNING : Too many bins for data range. Cannot create 500 finite-sized bins.
04:43 bilby WARNING : Failed to create dynesty state plot at checkpoint
/scratch/pratyusava.baral/Modified_Dispersion/src/dispersion/lib/python3.11/site-packages/dynesty/plotting.py:252: RuntimeWarning: overflow encountered in exp
  np.exp(logwt), logz if logplot else np.exp(logz)
/scratch/pratyusava.baral/Modified_Dispersion/src/dispersion/lib/python3.11/site-packages/dynesty/plotting.py:282: RuntimeWarning: overflow encountered in exp
  zspan = (0., 1.05 * np.exp(logz[-1] + 3. * logzerr[-1]))
04:43 bilby WARNING : Axis limits cannot be NaN or Inf
04:43 bilby WARNING : Failed to create dynesty run plot at checkpoint
04:53 bilby INFO    : Written checkpoint file results/9/None_resume.pickle
04:53 bilby WARNING : Too many bins for data range. Cannot create 500 finite-sized bins.
04:53 bilby WARNING : Failed to create dynesty state plot at checkpoint
/scratch/pratyusava.baral/Modified_Dispersion/src/dispersion/lib/python3.11/site-packages/dynesty/plotting.py:252: RuntimeWarning: overflow encountered in exp
  np.exp(logwt), logz if logplot else np.exp(logz)
/scratch/pratyusava.baral/Modified_Dispersion/src/dispersion/lib/python3.11/site-packages/dynesty/plotting.py:282: RuntimeWarning: overflow encountered in exp
  zspan = (0., 1.05 * np.exp(logz[-1] + 3. * logzerr[-1]))
04:53 bilby WARNING : Axis limits cannot be NaN or Inf
04:53 bilby WARNING : Failed to create dynesty run plot at checkpoint
05:03 bilby INFO    : Written checkpoint file results/9/None_resume.pickle
05:03 bilby WARNING : Too many bins for data range. Cannot create 500 finite-sized bins.
05:03 bilby WARNING : Failed to create dynesty state plot at checkpoint
/scratch/pratyusava.baral/Modified_Dispersion/src/dispersion/lib/python3.11/site-packages/dynesty/plotting.py:252: RuntimeWarning: overflow encountered in exp
  np.exp(logwt), logz if logplot else np.exp(logz)
/scratch/pratyusava.baral/Modified_Dispersion/src/dispersion/lib/python3.11/site-packages/dynesty/plotting.py:282: RuntimeWarning: overflow encountered in exp
  zspan = (0., 1.05 * np.exp(logz[-1] + 3. * logzerr[-1]))
05:03 bilby WARNING : Axis limits cannot be NaN or Inf
05:03 bilby WARNING : Failed to create dynesty run plot at checkpoint
05:14 bilby INFO    : Written checkpoint file results/9/None_resume.pickle
05:14 bilby WARNING : Too many bins for data range. Cannot create 500 finite-sized bins.
05:14 bilby WARNING : Failed to create dynesty state plot at checkpoint
/scratch/pratyusava.baral/Modified_Dispersion/src/dispersion/lib/python3.11/site-packages/dynesty/plotting.py:252: RuntimeWarning: overflow encountered in exp
  np.exp(logwt), logz if logplot else np.exp(logz)
/scratch/pratyusava.baral/Modified_Dispersion/src/dispersion/lib/python3.11/site-packages/dynesty/plotting.py:282: RuntimeWarning: overflow encountered in exp
  zspan = (0., 1.05 * np.exp(logz[-1] + 3. * logzerr[-1]))
05:14 bilby WARNING : Axis limits cannot be NaN or Inf
05:14 bilby WARNING : Failed to create dynesty run plot at checkpoint
05:24 bilby INFO    : Written checkpoint file results/9/None_resume.pickle
05:24 bilby WARNING : Too many bins for data range. Cannot create 500 finite-sized bins.
05:24 bilby WARNING : Failed to create dynesty state plot at checkpoint
/scratch/pratyusava.baral/Modified_Dispersion/src/dispersion/lib/python3.11/site-packages/dynesty/plotting.py:252: RuntimeWarning: overflow encountered in exp
  np.exp(logwt), logz if logplot else np.exp(logz)
/scratch/pratyusava.baral/Modified_Dispersion/src/dispersion/lib/python3.11/site-packages/dynesty/plotting.py:282: RuntimeWarning: overflow encountered in exp
  zspan = (0., 1.05 * np.exp(logz[-1] + 3. * logzerr[-1]))
05:24 bilby WARNING : Axis limits cannot be NaN or Inf
05:24 bilby WARNING : Failed to create dynesty run plot at checkpoint
05:34 bilby INFO    : Written checkpoint file results/9/None_resume.pickle
05:34 bilby WARNING : Too many bins for data range. Cannot create 500 finite-sized bins.
05:34 bilby WARNING : Failed to create dynesty state plot at checkpoint
/scratch/pratyusava.baral/Modified_Dispersion/src/dispersion/lib/python3.11/site-packages/dynesty/plotting.py:252: RuntimeWarning: overflow encountered in exp
  np.exp(logwt), logz if logplot else np.exp(logz)
/scratch/pratyusava.baral/Modified_Dispersion/src/dispersion/lib/python3.11/site-packages/dynesty/plotting.py:282: RuntimeWarning: overflow encountered in exp
  zspan = (0., 1.05 * np.exp(logz[-1] + 3. * logzerr[-1]))
05:34 bilby WARNING : Axis limits cannot be NaN or Inf
05:34 bilby WARNING : Failed to create dynesty run plot at checkpoint
05:45 bilby INFO    : Written checkpoint file results/9/None_resume.pickle
05:45 bilby WARNING : Too many bins for data range. Cannot create 500 finite-sized bins.
05:45 bilby WARNING : Failed to create dynesty state plot at checkpoint
/scratch/pratyusava.baral/Modified_Dispersion/src/dispersion/lib/python3.11/site-packages/dynesty/plotting.py:252: RuntimeWarning: overflow encountered in exp
  np.exp(logwt), logz if logplot else np.exp(logz)
/scratch/pratyusava.baral/Modified_Dispersion/src/dispersion/lib/python3.11/site-packages/dynesty/plotting.py:282: RuntimeWarning: overflow encountered in exp
  zspan = (0., 1.05 * np.exp(logz[-1] + 3. * logzerr[-1]))
05:45 bilby WARNING : Axis limits cannot be NaN or Inf
05:45 bilby WARNING : Failed to create dynesty run plot at checkpoint
05:55 bilby INFO    : Written checkpoint file results/9/None_resume.pickle
05:55 bilby WARNING : Too many bins for data range. Cannot create 500 finite-sized bins.
05:55 bilby WARNING : Failed to create dynesty state plot at checkpoint
/scratch/pratyusava.baral/Modified_Dispersion/src/dispersion/lib/python3.11/site-packages/dynesty/plotting.py:252: RuntimeWarning: overflow encountered in exp
  np.exp(logwt), logz if logplot else np.exp(logz)
/scratch/pratyusava.baral/Modified_Dispersion/src/dispersion/lib/python3.11/site-packages/dynesty/plotting.py:282: RuntimeWarning: overflow encountered in exp
  zspan = (0., 1.05 * np.exp(logz[-1] + 3. * logzerr[-1]))
05:55 bilby WARNING : Axis limits cannot be NaN or Inf
05:55 bilby WARNING : Failed to create dynesty run plot at checkpoint
06:05 bilby INFO    : Written checkpoint file results/9/None_resume.pickle
06:05 bilby WARNING : Too many bins for data range. Cannot create 500 finite-sized bins.
06:05 bilby WARNING : Failed to create dynesty state plot at checkpoint
/scratch/pratyusava.baral/Modified_Dispersion/src/dispersion/lib/python3.11/site-packages/dynesty/plotting.py:252: RuntimeWarning: overflow encountered in exp
  np.exp(logwt), logz if logplot else np.exp(logz)
/scratch/pratyusava.baral/Modified_Dispersion/src/dispersion/lib/python3.11/site-packages/dynesty/plotting.py:282: RuntimeWarning: overflow encountered in exp
  zspan = (0., 1.05 * np.exp(logz[-1] + 3. * logzerr[-1]))
06:05 bilby WARNING : Axis limits cannot be NaN or Inf
06:05 bilby WARNING : Failed to create dynesty run plot at checkpoint
06:16 bilby INFO    : Written checkpoint file results/9/None_resume.pickle
06:16 bilby WARNING : Too many bins for data range. Cannot create 500 finite-sized bins.
06:16 bilby WARNING : Failed to create dynesty state plot at checkpoint
/scratch/pratyusava.baral/Modified_Dispersion/src/dispersion/lib/python3.11/site-packages/dynesty/plotting.py:252: RuntimeWarning: overflow encountered in exp
  np.exp(logwt), logz if logplot else np.exp(logz)
/scratch/pratyusava.baral/Modified_Dispersion/src/dispersion/lib/python3.11/site-packages/dynesty/plotting.py:282: RuntimeWarning: overflow encountered in exp
  zspan = (0., 1.05 * np.exp(logz[-1] + 3. * logzerr[-1]))
06:16 bilby WARNING : Axis limits cannot be NaN or Inf
06:16 bilby WARNING : Failed to create dynesty run plot at checkpoint
06:26 bilby INFO    : Written checkpoint file results/9/None_resume.pickle
06:26 bilby WARNING : Too many bins for data range. Cannot create 500 finite-sized bins.
06:26 bilby WARNING : Failed to create dynesty state plot at checkpoint
/scratch/pratyusava.baral/Modified_Dispersion/src/dispersion/lib/python3.11/site-packages/dynesty/plotting.py:252: RuntimeWarning: overflow encountered in exp
  np.exp(logwt), logz if logplot else np.exp(logz)
/scratch/pratyusava.baral/Modified_Dispersion/src/dispersion/lib/python3.11/site-packages/dynesty/plotting.py:282: RuntimeWarning: overflow encountered in exp
  zspan = (0., 1.05 * np.exp(logz[-1] + 3. * logzerr[-1]))
06:26 bilby WARNING : Axis limits cannot be NaN or Inf
06:26 bilby WARNING : Failed to create dynesty run plot at checkpoint
06:36 bilby INFO    : Written checkpoint file results/9/None_resume.pickle
06:37 bilby WARNING : Too many bins for data range. Cannot create 500 finite-sized bins.
06:37 bilby WARNING : Failed to create dynesty state plot at checkpoint
/scratch/pratyusava.baral/Modified_Dispersion/src/dispersion/lib/python3.11/site-packages/dynesty/plotting.py:252: RuntimeWarning: overflow encountered in exp
  np.exp(logwt), logz if logplot else np.exp(logz)
/scratch/pratyusava.baral/Modified_Dispersion/src/dispersion/lib/python3.11/site-packages/dynesty/plotting.py:282: RuntimeWarning: overflow encountered in exp
  zspan = (0., 1.05 * np.exp(logz[-1] + 3. * logzerr[-1]))
06:37 bilby WARNING : Axis limits cannot be NaN or Inf
06:37 bilby WARNING : Failed to create dynesty run plot at checkpoint
06:47 bilby INFO    : Written checkpoint file results/9/None_resume.pickle
06:47 bilby WARNING : Too many bins for data range. Cannot create 500 finite-sized bins.
06:47 bilby WARNING : Failed to create dynesty state plot at checkpoint
/scratch/pratyusava.baral/Modified_Dispersion/src/dispersion/lib/python3.11/site-packages/dynesty/plotting.py:252: RuntimeWarning: overflow encountered in exp
  np.exp(logwt), logz if logplot else np.exp(logz)
/scratch/pratyusava.baral/Modified_Dispersion/src/dispersion/lib/python3.11/site-packages/dynesty/plotting.py:282: RuntimeWarning: overflow encountered in exp
  zspan = (0., 1.05 * np.exp(logz[-1] + 3. * logzerr[-1]))
06:47 bilby WARNING : Axis limits cannot be NaN or Inf
06:47 bilby WARNING : Failed to create dynesty run plot at checkpoint
06:57 bilby INFO    : Written checkpoint file results/9/None_resume.pickle
06:57 bilby WARNING : Too many bins for data range. Cannot create 500 finite-sized bins.
06:57 bilby WARNING : Failed to create dynesty state plot at checkpoint
/scratch/pratyusava.baral/Modified_Dispersion/src/dispersion/lib/python3.11/site-packages/dynesty/plotting.py:252: RuntimeWarning: overflow encountered in exp
  np.exp(logwt), logz if logplot else np.exp(logz)
/scratch/pratyusava.baral/Modified_Dispersion/src/dispersion/lib/python3.11/site-packages/dynesty/plotting.py:282: RuntimeWarning: overflow encountered in exp
  zspan = (0., 1.05 * np.exp(logz[-1] + 3. * logzerr[-1]))
06:57 bilby WARNING : Axis limits cannot be NaN or Inf
06:57 bilby WARNING : Failed to create dynesty run plot at checkpoint
07:07 bilby INFO    : Written checkpoint file results/9/None_resume.pickle
07:07 bilby WARNING : Too many bins for data range. Cannot create 500 finite-sized bins.
07:07 bilby WARNING : Failed to create dynesty state plot at checkpoint
/scratch/pratyusava.baral/Modified_Dispersion/src/dispersion/lib/python3.11/site-packages/dynesty/plotting.py:252: RuntimeWarning: overflow encountered in exp
  np.exp(logwt), logz if logplot else np.exp(logz)
/scratch/pratyusava.baral/Modified_Dispersion/src/dispersion/lib/python3.11/site-packages/dynesty/plotting.py:282: RuntimeWarning: overflow encountered in exp
  zspan = (0., 1.05 * np.exp(logz[-1] + 3. * logzerr[-1]))
07:07 bilby WARNING : Axis limits cannot be NaN or Inf
07:07 bilby WARNING : Failed to create dynesty run plot at checkpoint
07:18 bilby INFO    : Written checkpoint file results/9/None_resume.pickle
07:18 bilby WARNING : Too many bins for data range. Cannot create 500 finite-sized bins.
07:18 bilby WARNING : Failed to create dynesty state plot at checkpoint
/scratch/pratyusava.baral/Modified_Dispersion/src/dispersion/lib/python3.11/site-packages/dynesty/plotting.py:252: RuntimeWarning: overflow encountered in exp
  np.exp(logwt), logz if logplot else np.exp(logz)
/scratch/pratyusava.baral/Modified_Dispersion/src/dispersion/lib/python3.11/site-packages/dynesty/plotting.py:282: RuntimeWarning: overflow encountered in exp
  zspan = (0., 1.05 * np.exp(logz[-1] + 3. * logzerr[-1]))
07:18 bilby WARNING : Axis limits cannot be NaN or Inf
07:18 bilby WARNING : Failed to create dynesty run plot at checkpoint
07:28 bilby INFO    : Written checkpoint file results/9/None_resume.pickle
07:28 bilby WARNING : Too many bins for data range. Cannot create 500 finite-sized bins.
07:28 bilby WARNING : Failed to create dynesty state plot at checkpoint
/scratch/pratyusava.baral/Modified_Dispersion/src/dispersion/lib/python3.11/site-packages/dynesty/plotting.py:252: RuntimeWarning: overflow encountered in exp
  np.exp(logwt), logz if logplot else np.exp(logz)
/scratch/pratyusava.baral/Modified_Dispersion/src/dispersion/lib/python3.11/site-packages/dynesty/plotting.py:282: RuntimeWarning: overflow encountered in exp
  zspan = (0., 1.05 * np.exp(logz[-1] + 3. * logzerr[-1]))
07:28 bilby WARNING : Axis limits cannot be NaN or Inf
07:28 bilby WARNING : Failed to create dynesty run plot at checkpoint
07:39 bilby INFO    : Written checkpoint file results/9/None_resume.pickle
07:39 bilby WARNING : Too many bins for data range. Cannot create 500 finite-sized bins.
07:39 bilby WARNING : Failed to create dynesty state plot at checkpoint
/scratch/pratyusava.baral/Modified_Dispersion/src/dispersion/lib/python3.11/site-packages/dynesty/plotting.py:252: RuntimeWarning: overflow encountered in exp
  np.exp(logwt), logz if logplot else np.exp(logz)
/scratch/pratyusava.baral/Modified_Dispersion/src/dispersion/lib/python3.11/site-packages/dynesty/plotting.py:282: RuntimeWarning: overflow encountered in exp
  zspan = (0., 1.05 * np.exp(logz[-1] + 3. * logzerr[-1]))
07:39 bilby WARNING : Axis limits cannot be NaN or Inf
07:39 bilby WARNING : Failed to create dynesty run plot at checkpoint
07:49 bilby INFO    : Written checkpoint file results/9/None_resume.pickle
07:49 bilby WARNING : Too many bins for data range. Cannot create 500 finite-sized bins.
07:49 bilby WARNING : Failed to create dynesty state plot at checkpoint
/scratch/pratyusava.baral/Modified_Dispersion/src/dispersion/lib/python3.11/site-packages/dynesty/plotting.py:252: RuntimeWarning: overflow encountered in exp
  np.exp(logwt), logz if logplot else np.exp(logz)
/scratch/pratyusava.baral/Modified_Dispersion/src/dispersion/lib/python3.11/site-packages/dynesty/plotting.py:282: RuntimeWarning: overflow encountered in exp
  zspan = (0., 1.05 * np.exp(logz[-1] + 3. * logzerr[-1]))
07:49 bilby WARNING : Axis limits cannot be NaN or Inf
07:49 bilby WARNING : Failed to create dynesty run plot at checkpoint
07:59 bilby INFO    : Written checkpoint file results/9/None_resume.pickle
07:59 bilby WARNING : Too many bins for data range. Cannot create 500 finite-sized bins.
07:59 bilby WARNING : Failed to create dynesty state plot at checkpoint
/scratch/pratyusava.baral/Modified_Dispersion/src/dispersion/lib/python3.11/site-packages/dynesty/plotting.py:252: RuntimeWarning: overflow encountered in exp
  np.exp(logwt), logz if logplot else np.exp(logz)
/scratch/pratyusava.baral/Modified_Dispersion/src/dispersion/lib/python3.11/site-packages/dynesty/plotting.py:282: RuntimeWarning: overflow encountered in exp
  zspan = (0., 1.05 * np.exp(logz[-1] + 3. * logzerr[-1]))
07:59 bilby WARNING : Axis limits cannot be NaN or Inf
07:59 bilby WARNING : Failed to create dynesty run plot at checkpoint
08:09 bilby INFO    : Written checkpoint file results/9/None_resume.pickle
08:09 bilby WARNING : Too many bins for data range. Cannot create 500 finite-sized bins.
08:09 bilby WARNING : Failed to create dynesty state plot at checkpoint
/scratch/pratyusava.baral/Modified_Dispersion/src/dispersion/lib/python3.11/site-packages/dynesty/plotting.py:252: RuntimeWarning: overflow encountered in exp
  np.exp(logwt), logz if logplot else np.exp(logz)
/scratch/pratyusava.baral/Modified_Dispersion/src/dispersion/lib/python3.11/site-packages/dynesty/plotting.py:282: RuntimeWarning: overflow encountered in exp
  zspan = (0., 1.05 * np.exp(logz[-1] + 3. * logzerr[-1]))
08:10 bilby WARNING : Axis limits cannot be NaN or Inf
08:10 bilby WARNING : Failed to create dynesty run plot at checkpoint
08:20 bilby INFO    : Written checkpoint file results/9/None_resume.pickle
08:20 bilby WARNING : Too many bins for data range. Cannot create 500 finite-sized bins.
08:20 bilby WARNING : Failed to create dynesty state plot at checkpoint
/scratch/pratyusava.baral/Modified_Dispersion/src/dispersion/lib/python3.11/site-packages/dynesty/plotting.py:252: RuntimeWarning: overflow encountered in exp
  np.exp(logwt), logz if logplot else np.exp(logz)
/scratch/pratyusava.baral/Modified_Dispersion/src/dispersion/lib/python3.11/site-packages/dynesty/plotting.py:282: RuntimeWarning: overflow encountered in exp
  zspan = (0., 1.05 * np.exp(logz[-1] + 3. * logzerr[-1]))
08:20 bilby WARNING : Axis limits cannot be NaN or Inf
08:20 bilby WARNING : Failed to create dynesty run plot at checkpoint
08:30 bilby INFO    : Written checkpoint file results/9/None_resume.pickle
08:30 bilby WARNING : Too many bins for data range. Cannot create 500 finite-sized bins.
08:30 bilby WARNING : Failed to create dynesty state plot at checkpoint
/scratch/pratyusava.baral/Modified_Dispersion/src/dispersion/lib/python3.11/site-packages/dynesty/plotting.py:252: RuntimeWarning: overflow encountered in exp
  np.exp(logwt), logz if logplot else np.exp(logz)
/scratch/pratyusava.baral/Modified_Dispersion/src/dispersion/lib/python3.11/site-packages/dynesty/plotting.py:282: RuntimeWarning: overflow encountered in exp
  zspan = (0., 1.05 * np.exp(logz[-1] + 3. * logzerr[-1]))
08:30 bilby WARNING : Axis limits cannot be NaN or Inf
08:30 bilby WARNING : Failed to create dynesty run plot at checkpoint
08:41 bilby INFO    : Written checkpoint file results/9/None_resume.pickle
08:41 bilby WARNING : Too many bins for data range. Cannot create 500 finite-sized bins.
08:41 bilby WARNING : Failed to create dynesty state plot at checkpoint
/scratch/pratyusava.baral/Modified_Dispersion/src/dispersion/lib/python3.11/site-packages/dynesty/plotting.py:252: RuntimeWarning: overflow encountered in exp
  np.exp(logwt), logz if logplot else np.exp(logz)
/scratch/pratyusava.baral/Modified_Dispersion/src/dispersion/lib/python3.11/site-packages/dynesty/plotting.py:282: RuntimeWarning: overflow encountered in exp
  zspan = (0., 1.05 * np.exp(logz[-1] + 3. * logzerr[-1]))
08:41 bilby WARNING : Axis limits cannot be NaN or Inf
08:41 bilby WARNING : Failed to create dynesty run plot at checkpoint
08:51 bilby INFO    : Written checkpoint file results/9/None_resume.pickle
08:51 bilby WARNING : Too many bins for data range. Cannot create 500 finite-sized bins.
08:51 bilby WARNING : Failed to create dynesty state plot at checkpoint
/scratch/pratyusava.baral/Modified_Dispersion/src/dispersion/lib/python3.11/site-packages/dynesty/plotting.py:252: RuntimeWarning: overflow encountered in exp
  np.exp(logwt), logz if logplot else np.exp(logz)
/scratch/pratyusava.baral/Modified_Dispersion/src/dispersion/lib/python3.11/site-packages/dynesty/plotting.py:282: RuntimeWarning: overflow encountered in exp
  zspan = (0., 1.05 * np.exp(logz[-1] + 3. * logzerr[-1]))
08:51 bilby WARNING : Axis limits cannot be NaN or Inf
08:51 bilby WARNING : Failed to create dynesty run plot at checkpoint
09:01 bilby INFO    : Written checkpoint file results/9/None_resume.pickle
09:01 bilby WARNING : Too many bins for data range. Cannot create 500 finite-sized bins.
09:01 bilby WARNING : Failed to create dynesty state plot at checkpoint
/scratch/pratyusava.baral/Modified_Dispersion/src/dispersion/lib/python3.11/site-packages/dynesty/plotting.py:252: RuntimeWarning: overflow encountered in exp
  np.exp(logwt), logz if logplot else np.exp(logz)
/scratch/pratyusava.baral/Modified_Dispersion/src/dispersion/lib/python3.11/site-packages/dynesty/plotting.py:282: RuntimeWarning: overflow encountered in exp
  zspan = (0., 1.05 * np.exp(logz[-1] + 3. * logzerr[-1]))
09:01 bilby WARNING : Axis limits cannot be NaN or Inf
09:01 bilby WARNING : Failed to create dynesty run plot at checkpoint
09:11 bilby INFO    : Written checkpoint file results/9/None_resume.pickle
09:11 bilby WARNING : Too many bins for data range. Cannot create 500 finite-sized bins.
09:11 bilby WARNING : Failed to create dynesty state plot at checkpoint
/scratch/pratyusava.baral/Modified_Dispersion/src/dispersion/lib/python3.11/site-packages/dynesty/plotting.py:252: RuntimeWarning: overflow encountered in exp
  np.exp(logwt), logz if logplot else np.exp(logz)
/scratch/pratyusava.baral/Modified_Dispersion/src/dispersion/lib/python3.11/site-packages/dynesty/plotting.py:282: RuntimeWarning: overflow encountered in exp
  zspan = (0., 1.05 * np.exp(logz[-1] + 3. * logzerr[-1]))
09:12 bilby WARNING : Axis limits cannot be NaN or Inf
09:12 bilby WARNING : Failed to create dynesty run plot at checkpoint
09:14 bilby INFO    : Written checkpoint file results/9/None_resume.pickle
09:14 bilby WARNING : Too many bins for data range. Cannot create 500 finite-sized bins.
09:14 bilby WARNING : Failed to create dynesty state plot at checkpoint
/scratch/pratyusava.baral/Modified_Dispersion/src/dispersion/lib/python3.11/site-packages/dynesty/plotting.py:252: RuntimeWarning: overflow encountered in exp
  np.exp(logwt), logz if logplot else np.exp(logz)
/scratch/pratyusava.baral/Modified_Dispersion/src/dispersion/lib/python3.11/site-packages/dynesty/plotting.py:282: RuntimeWarning: overflow encountered in exp
  zspan = (0., 1.05 * np.exp(logz[-1] + 3. * logzerr[-1]))
09:14 bilby WARNING : Axis limits cannot be NaN or Inf
09:14 bilby WARNING : Failed to create dynesty run plot at checkpoint
09:14 bilby INFO    : Starting to close worker pool.
09:14 bilby INFO    : Finished closing worker pool.
09:14 bilby INFO    : Rejection sampling nested samples to obtain 3026 posterior samples
09:14 bilby INFO    : Sampling time: 3 days, 22:02:28.509035
09:14 bilby INFO    : Summary of results:
nsamples: 3026
ln_noise_evidence: -1087387.789
ln_evidence: -69.108 +/-  0.364
ln_bayes_factor: 1087318.680 +/-  0.364

