000 (78852668.009.000) 2026-10-01 10:44:08 Job submitted from host: <10.14.0.121:9618?addrs=10.14.0.121-9618&alias=ldas-pcdev12.ligo.caltech.edu&noUDP&sock=schedd_623140_c9b4>
...
001 (78852668.009.000) 2026-10-01 10:47:07 Job executing on host: <10.14.10.29:9618?addrs=10.14.10.29-9618&alias=node2279.cluster.ldas.cit&noUDP&sock=startd_2463521_13dc>
	SlotName: slot1_32@node2279.cluster.ldas.cit
	CondorScratchDir = "/var/lib/condor/execute/dir_3443574/scratch"
	Cpus = 4
	Disk = 28672
	GPUs = 0
	Memory = 15104
...
006 (78852668.009.000) 2026-10-01 10:47:16 Image size of job updated: 718856
	703  -  MemoryUsage of job (MB)
	718856  -  ResidentSetSize of job (KB)
...
006 (78852668.009.000) 2026-10-01 10:52:17 Image size of job updated: 1503540
	1317  -  MemoryUsage of job (MB)
	1348272  -  ResidentSetSize of job (KB)
...
006 (78852668.009.000) 2026-10-01 11:07:18 Image size of job updated: 1503540
	1367  -  MemoryUsage of job (MB)
	1399660  -  ResidentSetSize of job (KB)
...
006 (78852668.009.000) 2026-10-01 11:12:18 Image size of job updated: 1503540
	1368  -  MemoryUsage of job (MB)
	1400168  -  ResidentSetSize of job (KB)
...
006 (78852668.009.000) 2026-10-01 11:17:19 Image size of job updated: 1503540
	1403  -  MemoryUsage of job (MB)
	1436188  -  ResidentSetSize of job (KB)
...
006 (78852668.009.000) 2026-10-01 11:22:20 Image size of job updated: 1503540
	1403  -  MemoryUsage of job (MB)
	1436424  -  ResidentSetSize of job (KB)
...
006 (78852668.009.000) 2026-10-01 11:27:20 Image size of job updated: 1503540
	1418  -  MemoryUsage of job (MB)
	1451272  -  ResidentSetSize of job (KB)
...
006 (78852668.009.000) 2026-10-01 11:32:21 Image size of job updated: 1503540
	1418  -  MemoryUsage of job (MB)
	1451344  -  ResidentSetSize of job (KB)
...
006 (78852668.009.000) 2026-10-01 11:57:22 Image size of job updated: 1503540
	1421  -  MemoryUsage of job (MB)
	1454832  -  ResidentSetSize of job (KB)
...
006 (78852668.009.000) 2026-10-01 12:02:23 Image size of job updated: 1503540
	1421  -  MemoryUsage of job (MB)
	1454836  -  ResidentSetSize of job (KB)
...
006 (78852668.009.000) 2026-10-01 12:07:23 Image size of job updated: 1503540
	1422  -  MemoryUsage of job (MB)
	1455348  -  ResidentSetSize of job (KB)
...
006 (78852668.009.000) 2026-10-01 12:17:24 Image size of job updated: 1503540
	1422  -  MemoryUsage of job (MB)
	1455384  -  ResidentSetSize of job (KB)
...
006 (78852668.009.000) 2026-10-01 12:22:24 Image size of job updated: 1503540
	1422  -  MemoryUsage of job (MB)
	1455464  -  ResidentSetSize of job (KB)
...
006 (78852668.009.000) 2026-10-01 12:32:25 Image size of job updated: 1503540
	1422  -  MemoryUsage of job (MB)
	1455504  -  ResidentSetSize of job (KB)
...
006 (78852668.009.000) 2026-10-01 12:37:25 Image size of job updated: 1503540
	1422  -  MemoryUsage of job (MB)
	1455512  -  ResidentSetSize of job (KB)
...
006 (78852668.009.000) 2026-10-01 12:42:26 Image size of job updated: 1503540
	1422  -  MemoryUsage of job (MB)
	1455532  -  ResidentSetSize of job (KB)
...
006 (78852668.009.000) 2026-10-01 12:47:27 Image size of job updated: 1503540
	1422  -  MemoryUsage of job (MB)
	1455536  -  ResidentSetSize of job (KB)
...
006 (78852668.009.000) 2026-10-01 12:52:27 Image size of job updated: 1503540
	1425  -  MemoryUsage of job (MB)
	1458288  -  ResidentSetSize of job (KB)
...
006 (78852668.009.000) 2026-10-01 12:57:28 Image size of job updated: 1503540
	1432  -  MemoryUsage of job (MB)
	1466040  -  ResidentSetSize of job (KB)
...
006 (78852668.009.000) 2026-10-01 13:02:29 Image size of job updated: 1510572
	1476  -  MemoryUsage of job (MB)
	1510572  -  ResidentSetSize of job (KB)
...
006 (78852668.009.000) 2026-10-01 13:07:29 Image size of job updated: 1526400
	1491  -  MemoryUsage of job (MB)
	1526400  -  ResidentSetSize of job (KB)
...
006 (78852668.009.000) 2026-10-01 13:12:30 Image size of job updated: 1532552
	1497  -  MemoryUsage of job (MB)
	1532552  -  ResidentSetSize of job (KB)
...
006 (78852668.009.000) 2026-10-01 13:17:30 Image size of job updated: 1532560
	1497  -  MemoryUsage of job (MB)
	1532560  -  ResidentSetSize of job (KB)
...
006 (78852668.009.000) 2026-10-01 13:22:30 Image size of job updated: 1532576
	1497  -  MemoryUsage of job (MB)
	1532576  -  ResidentSetSize of job (KB)
...
006 (78852668.009.000) 2026-10-01 13:27:31 Image size of job updated: 1532580
	1497  -  MemoryUsage of job (MB)
	1532580  -  ResidentSetSize of job (KB)
...
006 (78852668.009.000) 2026-10-01 13:32:31 Image size of job updated: 1532592
	1497  -  MemoryUsage of job (MB)
	1532592  -  ResidentSetSize of job (KB)
...
006 (78852668.009.000) 2026-10-01 13:37:31 Image size of job updated: 1532596
	1497  -  MemoryUsage of job (MB)
	1532596  -  ResidentSetSize of job (KB)
...
006 (78852668.009.000) 2026-10-01 13:42:32 Image size of job updated: 1591392
	1555  -  MemoryUsage of job (MB)
	1591392  -  ResidentSetSize of job (KB)
...
006 (78852668.009.000) 2026-10-01 13:47:32 Image size of job updated: 1606884
	1570  -  MemoryUsage of job (MB)
	1606884  -  ResidentSetSize of job (KB)
...
006 (78852668.009.000) 2026-10-01 13:52:33 Image size of job updated: 1665700
	1627  -  MemoryUsage of job (MB)
	1665700  -  ResidentSetSize of job (KB)
...
006 (78852668.009.000) 2026-10-01 13:57:34 Image size of job updated: 1679100
	1640  -  MemoryUsage of job (MB)
	1679100  -  ResidentSetSize of job (KB)
...
006 (78852668.009.000) 2026-10-01 14:02:34 Image size of job updated: 1687012
	1648  -  MemoryUsage of job (MB)
	1687012  -  ResidentSetSize of job (KB)
...
006 (78852668.009.000) 2026-10-01 14:07:35 Image size of job updated: 1739928
	1700  -  MemoryUsage of job (MB)
	1739928  -  ResidentSetSize of job (KB)
...
006 (78852668.009.000) 2026-10-01 14:12:35 Image size of job updated: 1755444
	1714  -  MemoryUsage of job (MB)
	1754420  -  ResidentSetSize of job (KB)
...
006 (78852668.009.000) 2026-10-01 14:17:35 Image size of job updated: 1755444
	1715  -  MemoryUsage of job (MB)
	1755232  -  ResidentSetSize of job (KB)
...
006 (78852668.009.000) 2026-10-01 14:22:36 Image size of job updated: 1757284
	1717  -  MemoryUsage of job (MB)
	1757284  -  ResidentSetSize of job (KB)
...
006 (78852668.009.000) 2026-10-01 14:32:37 Image size of job updated: 1757296
	1717  -  MemoryUsage of job (MB)
	1757284  -  ResidentSetSize of job (KB)
...
006 (78852668.009.000) 2026-10-01 15:12:41 Image size of job updated: 1758332
	1718  -  MemoryUsage of job (MB)
	1758332  -  ResidentSetSize of job (KB)
...
006 (78852668.009.000) 2026-10-01 15:17:42 Image size of job updated: 1758336
	1718  -  MemoryUsage of job (MB)
	1758336  -  ResidentSetSize of job (KB)
...
006 (78852668.009.000) 2026-10-01 15:37:45 Image size of job updated: 1758340
	1718  -  MemoryUsage of job (MB)
	1758336  -  ResidentSetSize of job (KB)
...
006 (78852668.009.000) 2026-10-01 15:42:45 Image size of job updated: 1758340
	1718  -  MemoryUsage of job (MB)
	1758340  -  ResidentSetSize of job (KB)
...
006 (78852668.009.000) 2026-10-01 15:47:46 Image size of job updated: 1758344
	1718  -  MemoryUsage of job (MB)
	1758344  -  ResidentSetSize of job (KB)
...
006 (78852668.009.000) 2026-10-01 15:57:47 Image size of job updated: 1762440
	1722  -  MemoryUsage of job (MB)
	1762440  -  ResidentSetSize of job (KB)
...
006 (78852668.009.000) 2026-10-01 16:02:48 Image size of job updated: 1762444
	1722  -  MemoryUsage of job (MB)
	1762444  -  ResidentSetSize of job (KB)
...
006 (78852668.009.000) 2026-10-01 16:07:48 Image size of job updated: 1764496
	1724  -  MemoryUsage of job (MB)
	1764496  -  ResidentSetSize of job (KB)
...
006 (78852668.009.000) 2026-10-01 16:17:49 Image size of job updated: 1764500
	1724  -  MemoryUsage of job (MB)
	1764500  -  ResidentSetSize of job (KB)
...
006 (78852668.009.000) 2026-10-01 16:37:52 Image size of job updated: 1766548
	1725  -  MemoryUsage of job (MB)
	1765528  -  ResidentSetSize of job (KB)
...
006 (78852668.009.000) 2026-10-01 16:57:53 Image size of job updated: 1766824
	1726  -  MemoryUsage of job (MB)
	1766824  -  ResidentSetSize of job (KB)
...
006 (78852668.009.000) 2026-10-01 17:07:54 Image size of job updated: 1770988
	1730  -  MemoryUsage of job (MB)
	1770988  -  ResidentSetSize of job (KB)
...
006 (78852668.009.000) 2026-10-01 17:17:55 Image size of job updated: 1772020
	1731  -  MemoryUsage of job (MB)
	1772020  -  ResidentSetSize of job (KB)
...
006 (78852668.009.000) 2026-10-01 17:27:56 Image size of job updated: 1788336
	1747  -  MemoryUsage of job (MB)
	1788336  -  ResidentSetSize of job (KB)
...
006 (78852668.009.000) 2026-10-01 17:37:57 Image size of job updated: 1794028
	1752  -  MemoryUsage of job (MB)
	1794028  -  ResidentSetSize of job (KB)
...
006 (78852668.009.000) 2026-10-01 17:42:57 Image size of job updated: 1794040
	1752  -  MemoryUsage of job (MB)
	1794040  -  ResidentSetSize of job (KB)
...
006 (78852668.009.000) 2026-10-01 17:52:58 Image size of job updated: 1794044
	1752  -  MemoryUsage of job (MB)
	1794044  -  ResidentSetSize of job (KB)
...
006 (78852668.009.000) 2026-10-01 17:57:59 Image size of job updated: 1794048
	1752  -  MemoryUsage of job (MB)
	1794048  -  ResidentSetSize of job (KB)
...
006 (78852668.009.000) 2026-10-01 18:18:01 Image size of job updated: 1794052
	1753  -  MemoryUsage of job (MB)
	1794052  -  ResidentSetSize of job (KB)
...
006 (78852668.009.000) 2026-10-01 18:38:03 Image size of job updated: 1794056
	1753  -  MemoryUsage of job (MB)
	1794056  -  ResidentSetSize of job (KB)
...
006 (78852668.009.000) 2026-10-01 18:43:03 Image size of job updated: 1794064
	1753  -  MemoryUsage of job (MB)
	1794064  -  ResidentSetSize of job (KB)
...
006 (78852668.009.000) 2026-10-01 19:03:05 Image size of job updated: 1796120
	1755  -  MemoryUsage of job (MB)
	1796120  -  ResidentSetSize of job (KB)
...
006 (78852668.009.000) 2026-10-01 19:13:06 Image size of job updated: 1797192
	1756  -  MemoryUsage of job (MB)
	1797192  -  ResidentSetSize of job (KB)
...
006 (78852668.009.000) 2026-10-01 19:38:08 Image size of job updated: 1797196
	1756  -  MemoryUsage of job (MB)
	1797196  -  ResidentSetSize of job (KB)
...
006 (78852668.009.000) 2026-10-01 20:13:12 Image size of job updated: 1797204
	1756  -  MemoryUsage of job (MB)
	1797204  -  ResidentSetSize of job (KB)
...
006 (78852668.009.000) 2026-10-01 20:23:13 Image size of job updated: 1797208
	1756  -  MemoryUsage of job (MB)
	1797208  -  ResidentSetSize of job (KB)
...
006 (78852668.009.000) 2026-10-01 20:28:14 Image size of job updated: 1798188
	1757  -  MemoryUsage of job (MB)
	1798188  -  ResidentSetSize of job (KB)
...
006 (78852668.009.000) 2026-10-01 20:38:15 Image size of job updated: 1798452
	1757  -  MemoryUsage of job (MB)
	1798452  -  ResidentSetSize of job (KB)
...
006 (78852668.009.000) 2026-10-01 20:48:16 Image size of job updated: 1799168
	1757  -  MemoryUsage of job (MB)
	1799168  -  ResidentSetSize of job (KB)
...
006 (78852668.009.000) 2026-10-01 21:38:22 Image size of job updated: 1802096
	1757  -  MemoryUsage of job (MB)
	1799168  -  ResidentSetSize of job (KB)
...
006 (78852668.009.000) 2026-10-01 22:33:27 Image size of job updated: 1802096
	1758  -  MemoryUsage of job (MB)
	1799284  -  ResidentSetSize of job (KB)
...
006 (78852668.009.000) 2026-10-01 22:43:29 Image size of job updated: 1802096
	1758  -  MemoryUsage of job (MB)
	1799716  -  ResidentSetSize of job (KB)
...
006 (78852668.009.000) 2026-10-01 22:53:30 Image size of job updated: 1802096
	1759  -  MemoryUsage of job (MB)
	1800308  -  ResidentSetSize of job (KB)
...
006 (78852668.009.000) 2026-10-01 23:33:33 Image size of job updated: 1802096
	1759  -  MemoryUsage of job (MB)
	1801172  -  ResidentSetSize of job (KB)
...
006 (78852668.009.000) 2026-10-01 23:43:34 Image size of job updated: 1802096
	1760  -  MemoryUsage of job (MB)
	1801372  -  ResidentSetSize of job (KB)
...
006 (78852668.009.000) 2026-10-02 00:28:40 Image size of job updated: 1802096
	1760  -  MemoryUsage of job (MB)
	1801376  -  ResidentSetSize of job (KB)
...
006 (78852668.009.000) 2026-10-02 00:38:40 Image size of job updated: 1802628
	1761  -  MemoryUsage of job (MB)
	1802628  -  ResidentSetSize of job (KB)
...
006 (78852668.009.000) 2026-10-02 00:48:41 Image size of job updated: 1803424
	1762  -  MemoryUsage of job (MB)
	1803424  -  ResidentSetSize of job (KB)
...
006 (78852668.009.000) 2026-10-02 01:58:49 Image size of job updated: 1804432
	1763  -  MemoryUsage of job (MB)
	1804432  -  ResidentSetSize of job (KB)
...
006 (78852668.009.000) 2026-10-02 02:18:50 Image size of job updated: 1804436
	1763  -  MemoryUsage of job (MB)
	1804436  -  ResidentSetSize of job (KB)
...
006 (78852668.009.000) 2026-10-02 03:03:55 Image size of job updated: 1805444
	1764  -  MemoryUsage of job (MB)
	1805444  -  ResidentSetSize of job (KB)
...
006 (78852668.009.000) 2026-10-02 03:23:57 Image size of job updated: 1806452
	1765  -  MemoryUsage of job (MB)
	1806452  -  ResidentSetSize of job (KB)
...
006 (78852668.009.000) 2026-10-02 03:43:59 Image size of job updated: 1807460
	1766  -  MemoryUsage of job (MB)
	1807460  -  ResidentSetSize of job (KB)
...
006 (78852668.009.000) 2026-10-02 03:54:00 Image size of job updated: 1807464
	1766  -  MemoryUsage of job (MB)
	1807464  -  ResidentSetSize of job (KB)
...
006 (78852668.009.000) 2026-10-02 04:59:07 Image size of job updated: 1808472
	1767  -  MemoryUsage of job (MB)
	1808472  -  ResidentSetSize of job (KB)
...
006 (78852668.009.000) 2026-10-02 05:54:13 Image size of job updated: 1808488
	1767  -  MemoryUsage of job (MB)
	1808488  -  ResidentSetSize of job (KB)
...
006 (78852668.009.000) 2026-10-02 06:14:14 Image size of job updated: 1809480
	1768  -  MemoryUsage of job (MB)
	1809480  -  ResidentSetSize of job (KB)
...
006 (78852668.009.000) 2026-10-02 06:24:15 Image size of job updated: 1810488
	1769  -  MemoryUsage of job (MB)
	1810488  -  ResidentSetSize of job (KB)
...
006 (78852668.009.000) 2026-10-02 07:29:21 Image size of job updated: 1810492
	1769  -  MemoryUsage of job (MB)
	1810492  -  ResidentSetSize of job (KB)
...
006 (78852668.009.000) 2026-10-02 07:44:23 Image size of job updated: 1810496
	1769  -  MemoryUsage of job (MB)
	1810496  -  ResidentSetSize of job (KB)
...
006 (78852668.009.000) 2026-10-02 07:59:24 Image size of job updated: 1811528
	1770  -  MemoryUsage of job (MB)
	1811528  -  ResidentSetSize of job (KB)
...
006 (78852668.009.000) 2026-10-02 08:54:30 Image size of job updated: 1812468
	1770  -  MemoryUsage of job (MB)
	1812468  -  ResidentSetSize of job (KB)
...
006 (78852668.009.000) 2026-10-02 09:04:31 Image size of job updated: 1812512
	1771  -  MemoryUsage of job (MB)
	1812512  -  ResidentSetSize of job (KB)
...
006 (78852668.009.000) 2026-10-02 10:09:38 Image size of job updated: 1813520
	1772  -  MemoryUsage of job (MB)
	1813520  -  ResidentSetSize of job (KB)
...
006 (78852668.009.000) 2026-10-02 10:54:42 Image size of job updated: 1813624
	1772  -  MemoryUsage of job (MB)
	1813624  -  ResidentSetSize of job (KB)
...
006 (78852668.009.000) 2026-10-02 11:04:43 Image size of job updated: 1814528
	1772  -  MemoryUsage of job (MB)
	1814528  -  ResidentSetSize of job (KB)
...
006 (78852668.009.000) 2026-10-02 12:09:52 Image size of job updated: 1815536
	1773  -  MemoryUsage of job (MB)
	1815536  -  ResidentSetSize of job (KB)
...
004 (78852668.009.000) 2026-10-02 12:32:35 Job was evicted. Code 1019 Subcode 0
	(0) CPU times
		Usr 3 10:24:00, Sys 0 00:05:42  -  Run Remote Usage
		Usr 0 00:00:00, Sys 0 00:00:00  -  Run Local Usage
	0  -  Run Bytes Sent By Job
	0  -  Run Bytes Received By Job
	Reason: Preempted for a Priority user
	Partitionable Resources :    Usage  Request Allocated 
	   Cpus                 :     1.24        4         4 
	   Disk (KB)            : 25000       25000     28672 
	   GPUs                 :                           0 
	   Memory (MB)          :  1773       15000     15104 
	   TimeExecute (s)      : 92728                       
	   TimeSlotBusy (s)     : 92728                       
...
001 (78852668.009.000) 2026-10-02 12:34:16 Job executing on host: <10.14.5.193:9618?addrs=10.14.5.193-9618&alias=node1193.cluster.ldas.cit&noUDP&sock=startd_77077_fd4e>
	SlotName: slot1_1@node1193.cluster.ldas.cit
	CondorScratchDir = "/var/lib/condor/execute/dir_671894/scratch"
	Cpus = 4
	Disk = 28672
	GPUs = 0
	Memory = 15104
...
000 (78854871.009.000) 2026-10-03 17:15:42 Job submitted from host: <10.14.0.121:9618?addrs=10.14.0.121-9618&alias=ldas-pcdev12.ligo.caltech.edu&noUDP&sock=schedd_623140_c9b4>
...
004 (78852668.009.000) 2026-10-03 17:16:10 Job was evicted. Code 1023 Subcode 0
	(0) CPU times
		Usr 3 23:32:59, Sys 0 00:04:51  -  Run Remote Usage
		Usr 0 00:00:00, Sys 0 00:00:00  -  Run Local Usage
	0  -  Run Bytes Sent By Job
	0  -  Run Bytes Received By Job
	Reason: via condor_rm (by user pratyusava.baral)
	Partitionable Resources :     Usage  Request Allocated 
	   Cpus                 :      3.64        4         4 
	   Disk (KB)            :  25000       25000     28672 
	   GPUs                 :                            0 
	   Memory (MB)          :   1954       15000     15104 
	   TimeExecute (s)      : 103314                       
	   TimeSlotBusy (s)     : 103314                       
...
009 (78852668.009.000) 2026-10-03 17:16:10 Job was aborted.
	via condor_rm (by user pratyusava.baral)
...
001 (78854871.009.000) 2026-10-03 17:16:39 Job executing on host: <10.14.6.140:9618?addrs=10.14.6.140-9618&alias=node1390.cluster.ldas.cit&noUDP&sock=startd_33210_e04d>
	SlotName: slot1_2@node1390.cluster.ldas.cit
	CondorScratchDir = "/var/lib/condor/execute/dir_573783/scratch"
	Cpus = 4
	Disk = 28672
	GPUs = 0
	Memory = 15104
...
006 (78854871.009.000) 2026-10-03 17:16:48 Image size of job updated: 362088
	354  -  MemoryUsage of job (MB)
	362088  -  ResidentSetSize of job (KB)
...
006 (78854871.009.000) 2026-10-03 17:21:49 Image size of job updated: 1236828
	1208  -  MemoryUsage of job (MB)
	1236828  -  ResidentSetSize of job (KB)
...
006 (78854871.009.000) 2026-10-03 17:26:49 Image size of job updated: 1372792
	1341  -  MemoryUsage of job (MB)
	1372792  -  ResidentSetSize of job (KB)
...
006 (78854871.009.000) 2026-10-03 17:31:49 Image size of job updated: 1380744
	1349  -  MemoryUsage of job (MB)
	1380744  -  ResidentSetSize of job (KB)
...
006 (78854871.009.000) 2026-10-03 17:36:50 Image size of job updated: 1435284
	1394  -  MemoryUsage of job (MB)
	1427116  -  ResidentSetSize of job (KB)
...
006 (78854871.009.000) 2026-10-03 17:41:50 Image size of job updated: 1435284
	1394  -  MemoryUsage of job (MB)
	1427300  -  ResidentSetSize of job (KB)
...
006 (78854871.009.000) 2026-10-03 17:46:50 Image size of job updated: 1435284
	1394  -  MemoryUsage of job (MB)
	1427340  -  ResidentSetSize of job (KB)
...
006 (78854871.009.000) 2026-10-03 17:51:51 Image size of job updated: 1435596
	1402  -  MemoryUsage of job (MB)
	1435344  -  ResidentSetSize of job (KB)
...
006 (78854871.009.000) 2026-10-03 17:56:51 Image size of job updated: 1435596
	1402  -  MemoryUsage of job (MB)
	1435364  -  ResidentSetSize of job (KB)
...
006 (78854871.009.000) 2026-10-03 18:01:51 Image size of job updated: 1440560
	1407  -  MemoryUsage of job (MB)
	1440560  -  ResidentSetSize of job (KB)
...
006 (78854871.009.000) 2026-10-03 18:06:52 Image size of job updated: 1440604
	1407  -  MemoryUsage of job (MB)
	1440604  -  ResidentSetSize of job (KB)
...
006 (78854871.009.000) 2026-10-03 18:11:52 Image size of job updated: 1445072
	1411  -  MemoryUsage of job (MB)
	1444792  -  ResidentSetSize of job (KB)
...
006 (78854871.009.000) 2026-10-03 18:16:52 Image size of job updated: 1445072
	1411  -  MemoryUsage of job (MB)
	1444824  -  ResidentSetSize of job (KB)
...
006 (78854871.009.000) 2026-10-03 18:21:53 Image size of job updated: 1445388
	1411  -  MemoryUsage of job (MB)
	1444824  -  ResidentSetSize of job (KB)
...
006 (78854871.009.000) 2026-10-03 18:36:54 Image size of job updated: 1454544
	1420  -  MemoryUsage of job (MB)
	1453896  -  ResidentSetSize of job (KB)
...
006 (78854871.009.000) 2026-10-03 18:41:54 Image size of job updated: 1454544
	1420  -  MemoryUsage of job (MB)
	1453916  -  ResidentSetSize of job (KB)
...
006 (78854871.009.000) 2026-10-03 18:46:54 Image size of job updated: 1455272
	1422  -  MemoryUsage of job (MB)
	1455272  -  ResidentSetSize of job (KB)
...
006 (78854871.009.000) 2026-10-03 18:51:55 Image size of job updated: 1455288
	1422  -  MemoryUsage of job (MB)
	1455288  -  ResidentSetSize of job (KB)
...
006 (78854871.009.000) 2026-10-03 18:56:55 Image size of job updated: 1457512
	1424  -  MemoryUsage of job (MB)
	1457512  -  ResidentSetSize of job (KB)
...
006 (78854871.009.000) 2026-10-03 19:11:56 Image size of job updated: 1458276
	1425  -  MemoryUsage of job (MB)
	1458276  -  ResidentSetSize of job (KB)
...
006 (78854871.009.000) 2026-10-03 19:16:56 Image size of job updated: 1458288
	1425  -  MemoryUsage of job (MB)
	1458288  -  ResidentSetSize of job (KB)
...
006 (78854871.009.000) 2026-10-03 19:46:58 Image size of job updated: 1458444
	1425  -  MemoryUsage of job (MB)
	1458288  -  ResidentSetSize of job (KB)
...
006 (78854871.009.000) 2026-10-03 19:56:59 Image size of job updated: 1458444
	1425  -  MemoryUsage of job (MB)
	1458320  -  ResidentSetSize of job (KB)
...
006 (78854871.009.000) 2026-10-03 20:01:59 Image size of job updated: 1458444
	1425  -  MemoryUsage of job (MB)
	1458348  -  ResidentSetSize of job (KB)
...
006 (78854871.009.000) 2026-10-03 20:07:00 Image size of job updated: 1458536
	1425  -  MemoryUsage of job (MB)
	1458348  -  ResidentSetSize of job (KB)
...
006 (78854871.009.000) 2026-10-03 20:22:01 Image size of job updated: 1459600
	1426  -  MemoryUsage of job (MB)
	1459600  -  ResidentSetSize of job (KB)
...
006 (78854871.009.000) 2026-10-03 20:27:01 Image size of job updated: 1459612
	1426  -  MemoryUsage of job (MB)
	1459612  -  ResidentSetSize of job (KB)
...
006 (78854871.009.000) 2026-10-03 20:42:02 Image size of job updated: 1459644
	1426  -  MemoryUsage of job (MB)
	1459612  -  ResidentSetSize of job (KB)
...
006 (78854871.009.000) 2026-10-03 20:52:03 Image size of job updated: 1459672
	1426  -  MemoryUsage of job (MB)
	1459612  -  ResidentSetSize of job (KB)
...
006 (78854871.009.000) 2026-10-03 21:17:04 Image size of job updated: 1459728
	1426  -  MemoryUsage of job (MB)
	1459612  -  ResidentSetSize of job (KB)
...
006 (78854871.009.000) 2026-10-03 21:37:06 Image size of job updated: 1459748
	1426  -  MemoryUsage of job (MB)
	1459748  -  ResidentSetSize of job (KB)
...
000 (78854907.009.000) 2026-10-03 21:37:08 Job submitted from host: <10.14.0.121:9618?addrs=10.14.0.121-9618&alias=ldas-pcdev12.ligo.caltech.edu&noUDP&sock=schedd_623140_c9b4>
...
004 (78854871.009.000) 2026-10-03 21:37:22 Job was evicted. Code 1023 Subcode 0
	(0) CPU times
		Usr 0 14:24:44, Sys 0 00:00:53  -  Run Remote Usage
		Usr 0 00:00:00, Sys 0 00:00:00  -  Run Local Usage
	0  -  Run Bytes Sent By Job
	0  -  Run Bytes Received By Job
	Reason: via condor_rm (by user pratyusava.baral)
	Partitionable Resources :    Usage  Request Allocated 
	   Cpus                 :     3.85        4         4 
	   Disk (KB)            : 25000       25000     28672 
	   GPUs                 :                           0 
	   Memory (MB)          :  1426       15000     15104 
	   TimeExecute (s)      : 15643                       
	   TimeSlotBusy (s)     : 15643                       
...
009 (78854871.009.000) 2026-10-03 21:37:22 Job was aborted.
	via condor_rm (by user pratyusava.baral)
...
001 (78854907.009.000) 2026-10-03 21:38:42 Job executing on host: <10.14.7.37:9618?addrs=10.14.7.37-9618&alias=node1537.cluster.ldas.cit&noUDP&sock=startd_29974_3fd5>
	SlotName: slot1_1@node1537.cluster.ldas.cit
	CondorScratchDir = "/var/lib/condor/execute/dir_555226/scratch"
	Cpus = 4
	Disk = 28672
	GPUs = 0
	Memory = 15104
...
006 (78854907.009.000) 2026-10-03 21:38:50 Image size of job updated: 433836
	424  -  MemoryUsage of job (MB)
	433836  -  ResidentSetSize of job (KB)
...
006 (78854907.009.000) 2026-10-03 21:43:50 Image size of job updated: 1238168
	1210  -  MemoryUsage of job (MB)
	1238168  -  ResidentSetSize of job (KB)
...
006 (78854907.009.000) 2026-10-03 21:48:50 Image size of job updated: 1341084
	1310  -  MemoryUsage of job (MB)
	1341084  -  ResidentSetSize of job (KB)
...
006 (78854907.009.000) 2026-10-03 21:53:51 Image size of job updated: 1355332
	1324  -  MemoryUsage of job (MB)
	1355332  -  ResidentSetSize of job (KB)
...
006 (78854907.009.000) 2026-10-03 21:58:51 Image size of job updated: 1360864
	1329  -  MemoryUsage of job (MB)
	1360864  -  ResidentSetSize of job (KB)
...
006 (78854907.009.000) 2026-10-03 22:03:51 Image size of job updated: 1409320
	1377  -  MemoryUsage of job (MB)
	1409320  -  ResidentSetSize of job (KB)
...
006 (78854907.009.000) 2026-10-03 22:08:52 Image size of job updated: 1409364
	1377  -  MemoryUsage of job (MB)
	1409364  -  ResidentSetSize of job (KB)
...
006 (78854907.009.000) 2026-10-03 22:13:52 Image size of job updated: 1416612
	1384  -  MemoryUsage of job (MB)
	1416612  -  ResidentSetSize of job (KB)
...
006 (78854907.009.000) 2026-10-03 22:18:52 Image size of job updated: 1420272
	1387  -  MemoryUsage of job (MB)
	1420272  -  ResidentSetSize of job (KB)
...
006 (78854907.009.000) 2026-10-03 22:23:53 Image size of job updated: 1432268
	1399  -  MemoryUsage of job (MB)
	1432268  -  ResidentSetSize of job (KB)
...
006 (78854907.009.000) 2026-10-03 22:28:53 Image size of job updated: 1436348
	1403  -  MemoryUsage of job (MB)
	1436348  -  ResidentSetSize of job (KB)
...
006 (78854907.009.000) 2026-10-03 22:43:55 Image size of job updated: 1437232
	1403  -  MemoryUsage of job (MB)
	1436348  -  ResidentSetSize of job (KB)
...
006 (78854907.009.000) 2026-10-03 22:53:56 Image size of job updated: 1458576
	1404  -  MemoryUsage of job (MB)
	1436888  -  ResidentSetSize of job (KB)
...
006 (78854907.009.000) 2026-10-03 22:58:57 Image size of job updated: 1458576
	1404  -  MemoryUsage of job (MB)
	1436920  -  ResidentSetSize of job (KB)
...
006 (78854907.009.000) 2026-10-03 23:03:57 Image size of job updated: 1458576
	1404  -  MemoryUsage of job (MB)
	1436928  -  ResidentSetSize of job (KB)
...
006 (78854907.009.000) 2026-10-03 23:08:58 Image size of job updated: 1458576
	1412  -  MemoryUsage of job (MB)
	1445248  -  ResidentSetSize of job (KB)
...
006 (78854907.009.000) 2026-10-03 23:13:59 Image size of job updated: 1458576
	1412  -  MemoryUsage of job (MB)
	1445252  -  ResidentSetSize of job (KB)
...
006 (78854907.009.000) 2026-10-03 23:18:59 Image size of job updated: 1458576
	1415  -  MemoryUsage of job (MB)
	1448624  -  ResidentSetSize of job (KB)
...
006 (78854907.009.000) 2026-10-03 23:24:00 Image size of job updated: 1458576
	1416  -  MemoryUsage of job (MB)
	1449724  -  ResidentSetSize of job (KB)
...
006 (78854907.009.000) 2026-10-03 23:29:01 Image size of job updated: 1458576
	1418  -  MemoryUsage of job (MB)
	1451032  -  ResidentSetSize of job (KB)
...
006 (78854907.009.000) 2026-10-03 23:39:02 Image size of job updated: 1458576
	1418  -  MemoryUsage of job (MB)
	1451056  -  ResidentSetSize of job (KB)
...
006 (78854907.009.000) 2026-10-03 23:44:03 Image size of job updated: 1458576
	1421  -  MemoryUsage of job (MB)
	1454204  -  ResidentSetSize of job (KB)
...
006 (78854907.009.000) 2026-10-03 23:49:03 Image size of job updated: 1458576
	1421  -  MemoryUsage of job (MB)
	1454208  -  ResidentSetSize of job (KB)
...
006 (78854907.009.000) 2026-10-03 23:54:04 Image size of job updated: 1458576
	1422  -  MemoryUsage of job (MB)
	1455408  -  ResidentSetSize of job (KB)
...
006 (78854907.009.000) 2026-10-03 23:59:05 Image size of job updated: 1458576
	1422  -  MemoryUsage of job (MB)
	1455452  -  ResidentSetSize of job (KB)
...
006 (78854907.009.000) 2026-10-04 00:19:07 Image size of job updated: 1462940
	1428  -  MemoryUsage of job (MB)
	1461952  -  ResidentSetSize of job (KB)
...
006 (78854907.009.000) 2026-10-04 00:29:09 Image size of job updated: 1464160
	1429  -  MemoryUsage of job (MB)
	1463148  -  ResidentSetSize of job (KB)
...
006 (78854907.009.000) 2026-10-04 00:34:09 Image size of job updated: 1464160
	1429  -  MemoryUsage of job (MB)
	1463172  -  ResidentSetSize of job (KB)
...
006 (78854907.009.000) 2026-10-04 00:54:11 Image size of job updated: 1464260
	1429  -  MemoryUsage of job (MB)
	1463240  -  ResidentSetSize of job (KB)
...
006 (78854907.009.000) 2026-10-04 00:59:12 Image size of job updated: 1464260
	1429  -  MemoryUsage of job (MB)
	1463248  -  ResidentSetSize of job (KB)
...
006 (78854907.009.000) 2026-10-04 01:04:12 Image size of job updated: 1464260
	1430  -  MemoryUsage of job (MB)
	1463804  -  ResidentSetSize of job (KB)
...
006 (78854907.009.000) 2026-10-04 01:09:12 Image size of job updated: 1464260
	1430  -  MemoryUsage of job (MB)
	1463812  -  ResidentSetSize of job (KB)
...
006 (78854907.009.000) 2026-10-04 01:14:13 Image size of job updated: 1472944
	1430  -  MemoryUsage of job (MB)
	1463812  -  ResidentSetSize of job (KB)
...
006 (78854907.009.000) 2026-10-04 02:14:17 Image size of job updated: 1475940
	1430  -  MemoryUsage of job (MB)
	1463812  -  ResidentSetSize of job (KB)
...
006 (78854907.009.000) 2026-10-04 04:54:35 Image size of job updated: 1478632
	1430  -  MemoryUsage of job (MB)
	1463812  -  ResidentSetSize of job (KB)
...
006 (78854907.009.000) 2026-10-04 06:34:44 Image size of job updated: 1478632
	1432  -  MemoryUsage of job (MB)
	1465428  -  ResidentSetSize of job (KB)
...
006 (78854907.009.000) 2026-10-04 06:59:46 Image size of job updated: 1478632
	1432  -  MemoryUsage of job (MB)
	1465444  -  ResidentSetSize of job (KB)
...
006 (78854907.009.000) 2026-10-04 07:04:47 Image size of job updated: 1478632
	1432  -  MemoryUsage of job (MB)
	1465452  -  ResidentSetSize of job (KB)
...
006 (78854907.009.000) 2026-10-04 07:19:49 Image size of job updated: 1478632
	1432  -  MemoryUsage of job (MB)
	1465460  -  ResidentSetSize of job (KB)
...
006 (78854907.009.000) 2026-10-04 07:24:50 Image size of job updated: 1478632
	1432  -  MemoryUsage of job (MB)
	1465464  -  ResidentSetSize of job (KB)
...
006 (78854907.009.000) 2026-10-04 07:29:50 Image size of job updated: 1478632
	1435  -  MemoryUsage of job (MB)
	1469324  -  ResidentSetSize of job (KB)
...
006 (78854907.009.000) 2026-10-04 07:34:51 Image size of job updated: 1478632
	1435  -  MemoryUsage of job (MB)
	1469352  -  ResidentSetSize of job (KB)
...
006 (78854907.009.000) 2026-10-04 07:39:52 Image size of job updated: 1478632
	1435  -  MemoryUsage of job (MB)
	1469368  -  ResidentSetSize of job (KB)
...
006 (78854907.009.000) 2026-10-04 08:14:56 Image size of job updated: 1478632
	1437  -  MemoryUsage of job (MB)
	1471416  -  ResidentSetSize of job (KB)
...
006 (78854907.009.000) 2026-10-04 08:19:57 Image size of job updated: 1478632
	1437  -  MemoryUsage of job (MB)
	1471420  -  ResidentSetSize of job (KB)
...
006 (78854907.009.000) 2026-10-04 08:24:58 Image size of job updated: 1478632
	1437  -  MemoryUsage of job (MB)
	1471428  -  ResidentSetSize of job (KB)
...
006 (78854907.009.000) 2026-10-04 08:29:58 Image size of job updated: 1478632
	1437  -  MemoryUsage of job (MB)
	1471432  -  ResidentSetSize of job (KB)
...
006 (78854907.009.000) 2026-10-04 08:34:59 Image size of job updated: 1478632
	1437  -  MemoryUsage of job (MB)
	1471436  -  ResidentSetSize of job (KB)
...
006 (78854907.009.000) 2026-10-04 09:35:04 Image size of job updated: 1478632
	1437  -  MemoryUsage of job (MB)
	1471460  -  ResidentSetSize of job (KB)
...
006 (78854907.009.000) 2026-10-04 09:45:05 Image size of job updated: 1478632
	1437  -  MemoryUsage of job (MB)
	1471480  -  ResidentSetSize of job (KB)
...
006 (78854907.009.000) 2026-10-04 09:55:06 Image size of job updated: 1478632
	1437  -  MemoryUsage of job (MB)
	1471484  -  ResidentSetSize of job (KB)
...
006 (78854907.009.000) 2026-10-04 11:20:14 Image size of job updated: 1478632
	1438  -  MemoryUsage of job (MB)
	1472240  -  ResidentSetSize of job (KB)
...
006 (78854907.009.000) 2026-10-04 11:30:16 Image size of job updated: 1478632
	1438  -  MemoryUsage of job (MB)
	1472244  -  ResidentSetSize of job (KB)
...
006 (78854907.009.000) 2026-10-04 12:10:21 Image size of job updated: 1478632
	1438  -  MemoryUsage of job (MB)
	1472248  -  ResidentSetSize of job (KB)
...
006 (78854907.009.000) 2026-10-04 12:20:22 Image size of job updated: 1478632
	1438  -  MemoryUsage of job (MB)
	1472292  -  ResidentSetSize of job (KB)
...
006 (78854907.009.000) 2026-10-04 12:40:25 Image size of job updated: 1478632
	1438  -  MemoryUsage of job (MB)
	1472300  -  ResidentSetSize of job (KB)
...
006 (78854907.009.000) 2026-10-04 12:50:26 Image size of job updated: 1478632
	1439  -  MemoryUsage of job (MB)
	1473316  -  ResidentSetSize of job (KB)
...
006 (78854907.009.000) 2026-10-04 13:05:28 Image size of job updated: 1478632
	1439  -  MemoryUsage of job (MB)
	1473320  -  ResidentSetSize of job (KB)
...
006 (78854907.009.000) 2026-10-04 13:44:48 Image size of job updated: 1488092
	1439  -  MemoryUsage of job (MB)
	1473320  -  ResidentSetSize of job (KB)
...
004 (78854907.009.000) 2026-10-04 13:44:48 Job was evicted. Code 1023 Subcode 0
	(0) CPU times
		Usr 2 09:26:22, Sys 0 00:03:15  -  Run Remote Usage
		Usr 0 00:00:00, Sys 0 00:00:00  -  Run Local Usage
	0  -  Run Bytes Sent By Job
	0  -  Run Bytes Received By Job
	Reason: via condor_rm (by user pratyusava.baral)
	Partitionable Resources :    Usage  Request Allocated 
	   Cpus                 :     3.96        4         4 
	   Disk (KB)            : 25000       25000     28672 
	   GPUs                 :                           0 
	   Memory (MB)          :  1439       15000     15104 
	   TimeExecute (s)      : 57966                       
	   TimeSlotBusy (s)     : 57967                       
...
009 (78854907.009.000) 2026-10-04 13:44:48 Job was aborted.
	via condor_rm (by user pratyusava.baral)
...
000 (78855136.009.000) 2026-10-04 13:45:07 Job submitted from host: <10.14.0.121:9618?addrs=10.14.0.121-9618&alias=ldas-pcdev12.ligo.caltech.edu&noUDP&sock=schedd_623140_c9b4>
...
001 (78855136.009.000) 2026-10-04 13:49:18 Job executing on host: <10.14.8.233:9618?addrs=10.14.8.233-9618&alias=node1983.cluster.ldas.cit&noUDP&sock=startd_33577_9b8f>
	SlotName: slot1_1@node1983.cluster.ldas.cit
	CondorScratchDir = "/var/lib/condor/execute/dir_266930/scratch"
	Cpus = 4
	Disk = 28672
	GPUs = 0
	Memory = 15104
...
006 (78855136.009.000) 2026-10-04 13:49:26 Image size of job updated: 295588
	289  -  MemoryUsage of job (MB)
	295588  -  ResidentSetSize of job (KB)
...
006 (78855136.009.000) 2026-10-04 13:54:26 Image size of job updated: 1265476
	1236  -  MemoryUsage of job (MB)
	1265476  -  ResidentSetSize of job (KB)
...
006 (78855136.009.000) 2026-10-04 13:59:26 Image size of job updated: 1385096
	1353  -  MemoryUsage of job (MB)
	1385096  -  ResidentSetSize of job (KB)
...
006 (78855136.009.000) 2026-10-04 14:04:27 Image size of job updated: 1387344
	1355  -  MemoryUsage of job (MB)
	1387344  -  ResidentSetSize of job (KB)
...
006 (78855136.009.000) 2026-10-04 14:09:27 Image size of job updated: 1413620
	1370  -  MemoryUsage of job (MB)
	1402840  -  ResidentSetSize of job (KB)
...
006 (78855136.009.000) 2026-10-04 14:14:27 Image size of job updated: 1413620
	1372  -  MemoryUsage of job (MB)
	1404908  -  ResidentSetSize of job (KB)
...
006 (78855136.009.000) 2026-10-04 14:19:28 Image size of job updated: 1442400
	1390  -  MemoryUsage of job (MB)
	1423204  -  ResidentSetSize of job (KB)
...
006 (78855136.009.000) 2026-10-04 14:24:28 Image size of job updated: 1442400
	1393  -  MemoryUsage of job (MB)
	1425468  -  ResidentSetSize of job (KB)
...
006 (78855136.009.000) 2026-10-04 14:29:28 Image size of job updated: 1442400
	1400  -  MemoryUsage of job (MB)
	1432788  -  ResidentSetSize of job (KB)
...
006 (78855136.009.000) 2026-10-04 14:34:29 Image size of job updated: 1442400
	1400  -  MemoryUsage of job (MB)
	1432832  -  ResidentSetSize of job (KB)
...
006 (78855136.009.000) 2026-10-04 14:39:30 Image size of job updated: 1443272
	1410  -  MemoryUsage of job (MB)
	1443272  -  ResidentSetSize of job (KB)
...
006 (78855136.009.000) 2026-10-04 14:44:30 Image size of job updated: 1443304
	1410  -  MemoryUsage of job (MB)
	1443304  -  ResidentSetSize of job (KB)
...
006 (78855136.009.000) 2026-10-04 14:49:31 Image size of job updated: 1443860
	1410  -  MemoryUsage of job (MB)
	1443304  -  ResidentSetSize of job (KB)
...
006 (78855136.009.000) 2026-10-04 15:09:34 Image size of job updated: 1459084
	1416  -  MemoryUsage of job (MB)
	1449604  -  ResidentSetSize of job (KB)
...
006 (78855136.009.000) 2026-10-04 15:14:34 Image size of job updated: 1459084
	1416  -  MemoryUsage of job (MB)
	1449624  -  ResidentSetSize of job (KB)
...
006 (78855136.009.000) 2026-10-04 15:19:34 Image size of job updated: 1459084
	1416  -  MemoryUsage of job (MB)
	1449912  -  ResidentSetSize of job (KB)
...
006 (78855136.009.000) 2026-10-04 15:24:35 Image size of job updated: 1459084
	1416  -  MemoryUsage of job (MB)
	1449936  -  ResidentSetSize of job (KB)
...
006 (78855136.009.000) 2026-10-04 15:29:35 Image size of job updated: 1459084
	1416  -  MemoryUsage of job (MB)
	1449984  -  ResidentSetSize of job (KB)
...
006 (78855136.009.000) 2026-10-04 15:34:35 Image size of job updated: 1459084
	1422  -  MemoryUsage of job (MB)
	1455424  -  ResidentSetSize of job (KB)
...
006 (78855136.009.000) 2026-10-04 15:39:36 Image size of job updated: 1459084
	1422  -  MemoryUsage of job (MB)
	1455452  -  ResidentSetSize of job (KB)
...
006 (78855136.009.000) 2026-10-04 15:44:36 Image size of job updated: 1461228
	1425  -  MemoryUsage of job (MB)
	1458736  -  ResidentSetSize of job (KB)
...
006 (78855136.009.000) 2026-10-04 16:09:20 Image size of job updated: 1463656
	1429  -  MemoryUsage of job (MB)
	1462644  -  ResidentSetSize of job (KB)
...
006 (78855136.009.000) 2026-10-04 16:23:30 Image size of job updated: 1471048
	1433  -  MemoryUsage of job (MB)
	1466416  -  ResidentSetSize of job (KB)
...
006 (78855136.009.000) 2026-10-04 16:34:50 Image size of job updated: 1471048
	1434  -  MemoryUsage of job (MB)
	1467632  -  ResidentSetSize of job (KB)
...
006 (78855136.009.000) 2026-10-04 16:41:38 Image size of job updated: 1471048
	1434  -  MemoryUsage of job (MB)
	1467644  -  ResidentSetSize of job (KB)
...
006 (78855136.009.000) 2026-10-04 17:16:41 Image size of job updated: 1471048
	1437  -  MemoryUsage of job (MB)
	1470616  -  ResidentSetSize of job (KB)
...
006 (78855136.009.000) 2026-10-04 17:51:43 Image size of job updated: 1472384
	1437  -  MemoryUsage of job (MB)
	1471368  -  ResidentSetSize of job (KB)
...
006 (78855136.009.000) 2026-10-04 17:56:43 Image size of job updated: 1472384
	1437  -  MemoryUsage of job (MB)
	1471372  -  ResidentSetSize of job (KB)
...
006 (78855136.009.000) 2026-10-04 18:11:44 Image size of job updated: 1473000
	1437  -  MemoryUsage of job (MB)
	1471372  -  ResidentSetSize of job (KB)
...
006 (78855136.009.000) 2026-10-04 18:21:45 Image size of job updated: 1474184
	1439  -  MemoryUsage of job (MB)
	1473160  -  ResidentSetSize of job (KB)
...
006 (78855136.009.000) 2026-10-04 18:31:46 Image size of job updated: 1475068
	1441  -  MemoryUsage of job (MB)
	1475068  -  ResidentSetSize of job (KB)
...
006 (78855136.009.000) 2026-10-04 18:51:47 Image size of job updated: 1485832
	1441  -  MemoryUsage of job (MB)
	1475068  -  ResidentSetSize of job (KB)
...
006 (78855136.009.000) 2026-10-04 20:16:55 Image size of job updated: 1485832
	1445  -  MemoryUsage of job (MB)
	1479168  -  ResidentSetSize of job (KB)
...
006 (78855136.009.000) 2026-10-04 20:21:56 Image size of job updated: 1485832
	1445  -  MemoryUsage of job (MB)
	1479188  -  ResidentSetSize of job (KB)
...
006 (78855136.009.000) 2026-10-04 20:36:58 Image size of job updated: 1485832
	1446  -  MemoryUsage of job (MB)
	1479744  -  ResidentSetSize of job (KB)
...
006 (78855136.009.000) 2026-10-05 00:47:24 Image size of job updated: 1485832
	1449  -  MemoryUsage of job (MB)
	1482836  -  ResidentSetSize of job (KB)
...
006 (78855136.009.000) 2026-10-05 00:57:25 Image size of job updated: 1504552
	1470  -  MemoryUsage of job (MB)
	1504552  -  ResidentSetSize of job (KB)
...
006 (78855136.009.000) 2026-10-05 01:02:25 Image size of job updated: 1504556
	1470  -  MemoryUsage of job (MB)
	1504556  -  ResidentSetSize of job (KB)
...
006 (78855136.009.000) 2026-10-05 01:07:26 Image size of job updated: 1505636
	1471  -  MemoryUsage of job (MB)
	1505636  -  ResidentSetSize of job (KB)
...
006 (78855136.009.000) 2026-10-05 01:12:26 Image size of job updated: 1505640
	1471  -  MemoryUsage of job (MB)
	1505640  -  ResidentSetSize of job (KB)
...
006 (78855136.009.000) 2026-10-05 01:17:26 Image size of job updated: 1506656
	1472  -  MemoryUsage of job (MB)
	1506656  -  ResidentSetSize of job (KB)
...
006 (78855136.009.000) 2026-10-05 01:27:27 Image size of job updated: 1508792
	1473  -  MemoryUsage of job (MB)
	1507768  -  ResidentSetSize of job (KB)
...
006 (78855136.009.000) 2026-10-05 01:37:29 Image size of job updated: 1509832
	1474  -  MemoryUsage of job (MB)
	1508808  -  ResidentSetSize of job (KB)
...
006 (78855136.009.000) 2026-10-05 01:42:29 Image size of job updated: 1509832
	1474  -  MemoryUsage of job (MB)
	1508816  -  ResidentSetSize of job (KB)
...
006 (78855136.009.000) 2026-10-05 01:47:29 Image size of job updated: 1509840
	1475  -  MemoryUsage of job (MB)
	1509840  -  ResidentSetSize of job (KB)
...
006 (78855136.009.000) 2026-10-05 01:52:30 Image size of job updated: 1509844
	1475  -  MemoryUsage of job (MB)
	1509844  -  ResidentSetSize of job (KB)
...
006 (78855136.009.000) 2026-10-05 01:57:31 Image size of job updated: 1510116
	1475  -  MemoryUsage of job (MB)
	1510116  -  ResidentSetSize of job (KB)
...
006 (78855136.009.000) 2026-10-05 02:02:31 Image size of job updated: 1510120
	1475  -  MemoryUsage of job (MB)
	1510120  -  ResidentSetSize of job (KB)
...
006 (78855136.009.000) 2026-10-05 02:12:33 Image size of job updated: 1513352
	1478  -  MemoryUsage of job (MB)
	1512508  -  ResidentSetSize of job (KB)
...
006 (78855136.009.000) 2026-10-05 02:17:33 Image size of job updated: 1513352
	1478  -  MemoryUsage of job (MB)
	1512512  -  ResidentSetSize of job (KB)
...
006 (78855136.009.000) 2026-10-05 02:22:34 Image size of job updated: 1514544
	1479  -  MemoryUsage of job (MB)
	1513536  -  ResidentSetSize of job (KB)
...
006 (78855136.009.000) 2026-10-05 02:27:35 Image size of job updated: 1514544
	1479  -  MemoryUsage of job (MB)
	1513564  -  ResidentSetSize of job (KB)
...
006 (78855136.009.000) 2026-10-05 02:32:35 Image size of job updated: 1515592
	1481  -  MemoryUsage of job (MB)
	1515592  -  ResidentSetSize of job (KB)
...
006 (78855136.009.000) 2026-10-05 02:37:36 Image size of job updated: 1515624
	1481  -  MemoryUsage of job (MB)
	1515624  -  ResidentSetSize of job (KB)
...
006 (78855136.009.000) 2026-10-05 02:42:37 Image size of job updated: 1515628
	1481  -  MemoryUsage of job (MB)
	1515624  -  ResidentSetSize of job (KB)
...
006 (78855136.009.000) 2026-10-05 02:52:37 Image size of job updated: 1516232
	1481  -  MemoryUsage of job (MB)
	1515624  -  ResidentSetSize of job (KB)
...
006 (78855136.009.000) 2026-10-05 03:02:38 Image size of job updated: 1516232
	1481  -  MemoryUsage of job (MB)
	1516224  -  ResidentSetSize of job (KB)
...
006 (78855136.009.000) 2026-10-05 03:07:38 Image size of job updated: 1516240
	1481  -  MemoryUsage of job (MB)
	1516240  -  ResidentSetSize of job (KB)
...
006 (78855136.009.000) 2026-10-05 03:12:39 Image size of job updated: 1518004
	1482  -  MemoryUsage of job (MB)
	1517004  -  ResidentSetSize of job (KB)
...
006 (78855136.009.000) 2026-10-05 03:17:39 Image size of job updated: 1518004
	1482  -  MemoryUsage of job (MB)
	1517008  -  ResidentSetSize of job (KB)
...
006 (78855136.009.000) 2026-10-05 03:22:39 Image size of job updated: 1518864
	1484  -  MemoryUsage of job (MB)
	1518864  -  ResidentSetSize of job (KB)
...
006 (78855136.009.000) 2026-10-05 03:27:40 Image size of job updated: 1518868
	1484  -  MemoryUsage of job (MB)
	1518868  -  ResidentSetSize of job (KB)
...
006 (78855136.009.000) 2026-10-05 03:32:40 Image size of job updated: 1519916
	1484  -  MemoryUsage of job (MB)
	1518908  -  ResidentSetSize of job (KB)
...
006 (78855136.009.000) 2026-10-05 03:37:40 Image size of job updated: 1519916
	1484  -  MemoryUsage of job (MB)
	1518928  -  ResidentSetSize of job (KB)
...
006 (78855136.009.000) 2026-10-05 03:42:41 Image size of job updated: 1520976
	1485  -  MemoryUsage of job (MB)
	1519964  -  ResidentSetSize of job (KB)
...
006 (78855136.009.000) 2026-10-05 03:47:41 Image size of job updated: 1520976
	1485  -  MemoryUsage of job (MB)
	1519968  -  ResidentSetSize of job (KB)
...
006 (78855136.009.000) 2026-10-05 03:52:41 Image size of job updated: 1521120
	1486  -  MemoryUsage of job (MB)
	1520692  -  ResidentSetSize of job (KB)
...
006 (78855136.009.000) 2026-10-05 04:02:42 Image size of job updated: 1523248
	1487  -  MemoryUsage of job (MB)
	1522240  -  ResidentSetSize of job (KB)
...
006 (78855136.009.000) 2026-10-05 04:07:42 Image size of job updated: 1523248
	1487  -  MemoryUsage of job (MB)
	1522244  -  ResidentSetSize of job (KB)
...
006 (78855136.009.000) 2026-10-05 04:12:43 Image size of job updated: 1524272
	1489  -  MemoryUsage of job (MB)
	1524268  -  ResidentSetSize of job (KB)
...
006 (78855136.009.000) 2026-10-05 04:17:43 Image size of job updated: 1524288
	1489  -  MemoryUsage of job (MB)
	1524288  -  ResidentSetSize of job (KB)
...
006 (78855136.009.000) 2026-10-05 04:22:43 Image size of job updated: 1525308
	1490  -  MemoryUsage of job (MB)
	1525308  -  ResidentSetSize of job (KB)
...
006 (78855136.009.000) 2026-10-05 04:32:44 Image size of job updated: 1525316
	1490  -  MemoryUsage of job (MB)
	1525316  -  ResidentSetSize of job (KB)
...
006 (78855136.009.000) 2026-10-05 04:37:44 Image size of job updated: 1526356
	1491  -  MemoryUsage of job (MB)
	1526356  -  ResidentSetSize of job (KB)
...
006 (78855136.009.000) 2026-10-05 04:42:45 Image size of job updated: 1526360
	1491  -  MemoryUsage of job (MB)
	1526360  -  ResidentSetSize of job (KB)
...
006 (78855136.009.000) 2026-10-05 04:47:45 Image size of job updated: 1530292
	1494  -  MemoryUsage of job (MB)
	1529272  -  ResidentSetSize of job (KB)
...
006 (78855136.009.000) 2026-10-05 04:52:45 Image size of job updated: 1530292
	1494  -  MemoryUsage of job (MB)
	1529296  -  ResidentSetSize of job (KB)
...
006 (78855136.009.000) 2026-10-05 04:57:46 Image size of job updated: 1530588
	1494  -  MemoryUsage of job (MB)
	1529296  -  ResidentSetSize of job (KB)
...
006 (78855136.009.000) 2026-10-05 05:07:46 Image size of job updated: 1531704
	1495  -  MemoryUsage of job (MB)
	1530424  -  ResidentSetSize of job (KB)
...
006 (78855136.009.000) 2026-10-05 05:12:47 Image size of job updated: 1531704
	1495  -  MemoryUsage of job (MB)
	1530548  -  ResidentSetSize of job (KB)
...
006 (78855136.009.000) 2026-10-05 05:17:47 Image size of job updated: 1531704
	1495  -  MemoryUsage of job (MB)
	1530864  -  ResidentSetSize of job (KB)
...
006 (78855136.009.000) 2026-10-05 05:22:47 Image size of job updated: 1531704
	1495  -  MemoryUsage of job (MB)
	1530872  -  ResidentSetSize of job (KB)
...
006 (78855136.009.000) 2026-10-05 05:37:48 Image size of job updated: 1531704
	1496  -  MemoryUsage of job (MB)
	1530912  -  ResidentSetSize of job (KB)
...
006 (78855136.009.000) 2026-10-05 05:42:50 Image size of job updated: 1531704
	1496  -  MemoryUsage of job (MB)
	1530920  -  ResidentSetSize of job (KB)
...
006 (78855136.009.000) 2026-10-05 05:47:50 Image size of job updated: 1534312
	1498  -  MemoryUsage of job (MB)
	1533484  -  ResidentSetSize of job (KB)
...
006 (78855136.009.000) 2026-10-05 05:52:50 Image size of job updated: 1534312
	1498  -  MemoryUsage of job (MB)
	1533624  -  ResidentSetSize of job (KB)
...
006 (78855136.009.000) 2026-10-05 05:57:51 Image size of job updated: 1536136
	1501  -  MemoryUsage of job (MB)
	1536136  -  ResidentSetSize of job (KB)
...
006 (78855136.009.000) 2026-10-05 06:02:52 Image size of job updated: 1536212
	1501  -  MemoryUsage of job (MB)
	1536212  -  ResidentSetSize of job (KB)
...
006 (78855136.009.000) 2026-10-05 06:07:52 Image size of job updated: 1577444
	1502  -  MemoryUsage of job (MB)
	1537504  -  ResidentSetSize of job (KB)
...
006 (78855136.009.000) 2026-10-05 06:12:53 Image size of job updated: 1577444
	1502  -  MemoryUsage of job (MB)
	1537524  -  ResidentSetSize of job (KB)
...
006 (78855136.009.000) 2026-10-05 06:17:54 Image size of job updated: 1577444
	1504  -  MemoryUsage of job (MB)
	1539872  -  ResidentSetSize of job (KB)
...
006 (78855136.009.000) 2026-10-05 06:22:54 Image size of job updated: 1577444
	1504  -  MemoryUsage of job (MB)
	1540004  -  ResidentSetSize of job (KB)
...
006 (78855136.009.000) 2026-10-05 06:27:55 Image size of job updated: 1579672
	1504  -  MemoryUsage of job (MB)
	1540004  -  ResidentSetSize of job (KB)
...
006 (78855136.009.000) 2026-10-05 06:57:59 Image size of job updated: 1593800
	1504  -  MemoryUsage of job (MB)
	1540004  -  ResidentSetSize of job (KB)
...
006 (78855136.009.000) 2026-10-05 08:03:07 Image size of job updated: 1593800
	1507  -  MemoryUsage of job (MB)
	1542152  -  ResidentSetSize of job (KB)
...
006 (78855136.009.000) 2026-10-05 08:08:07 Image size of job updated: 1593800
	1507  -  MemoryUsage of job (MB)
	1542600  -  ResidentSetSize of job (KB)
...
006 (78855136.009.000) 2026-10-05 08:13:07 Image size of job updated: 1593800
	1508  -  MemoryUsage of job (MB)
	1543200  -  ResidentSetSize of job (KB)
...
006 (78855136.009.000) 2026-10-05 08:18:08 Image size of job updated: 1593800
	1508  -  MemoryUsage of job (MB)
	1543212  -  ResidentSetSize of job (KB)
...
006 (78855136.009.000) 2026-10-05 08:43:09 Image size of job updated: 1611992
	1508  -  MemoryUsage of job (MB)
	1543212  -  ResidentSetSize of job (KB)
...
005 (78855136.009.000) 2026-10-05 09:14:33 Job terminated.
	(1) Normal termination (return value 0)
		Usr 2 18:19:20, Sys 0 00:02:37  -  Run Remote Usage
		Usr 0 00:00:00, Sys 0 00:00:00  -  Run Local Usage
		Usr 2 18:19:20, Sys 0 00:02:37  -  Total Remote Usage
		Usr 0 00:00:00, Sys 0 00:00:00  -  Total Local Usage
	0  -  Run Bytes Sent By Job
	0  -  Run Bytes Received By Job
	0  -  Total Bytes Sent By Job
	0  -  Total Bytes Received By Job
	Partitionable Resources :    Usage  Request Allocated 
	   Cpus                 :     3.46        4         4 
	   Disk (KB)            : 25000       25000     28672 
	   GPUs                 :                           0 
	   Memory (MB)          :  1508       15000     15104 
	   TimeExecute (s)      : 69914                       
	   TimeSlotBusy (s)     : 69915                       
...
