000 (78852668.091.000) 2026-10-01 10:44:08 Job submitted from host: <10.14.0.121:9618?addrs=10.14.0.121-9618&alias=ldas-pcdev12.ligo.caltech.edu&noUDP&sock=schedd_623140_c9b4>
...
001 (78852668.091.000) 2026-10-01 10:48:06 Job executing on host: <10.14.10.62:9618?addrs=10.14.10.62-9618&alias=node2312.cluster.ldas.cit&noUDP&sock=startd_2782857_032a>
	SlotName: slot1_2@node2312.cluster.ldas.cit
	CondorScratchDir = "/var/lib/condor/execute/dir_69138/scratch"
	Cpus = 4
	Disk = 28672
	GPUs = 0
	Memory = 15104
...
006 (78852668.091.000) 2026-10-01 10:48:06 Image size of job updated: 25000
	0  -  MemoryUsage of job (MB)
	0  -  ResidentSetSize of job (KB)
...
005 (78852668.091.000) 2026-10-01 10:48:07 Job terminated.
	(1) Normal termination (return value 1)
		Usr 0 00:00:00, Sys 0 00:00:00  -  Run Remote Usage
		Usr 0 00:00:00, Sys 0 00:00:00  -  Run Local Usage
		Usr 0 00:00:00, Sys 0 00:00:00  -  Total Remote Usage
		Usr 0 00:00:00, Sys 0 00:00:00  -  Total Local Usage
	0  -  Run Bytes Sent By Job
	0  -  Run Bytes Received By Job
	0  -  Total Bytes Sent By Job
	0  -  Total Bytes Received By Job
	Partitionable Resources :    Usage  Request Allocated 
	   Cpus                 :                 4         4 
	   Disk (KB)            :    25000    25000     28672 
	   GPUs                 :                           0 
	   Memory (MB)          :        0    15000     15104 
	   TimeExecute (s)      :        0                    
	   TimeSlotBusy (s)     :        0                    
...
000 (78854871.091.000) 2026-10-03 17:15:42 Job submitted from host: <10.14.0.121:9618?addrs=10.14.0.121-9618&alias=ldas-pcdev12.ligo.caltech.edu&noUDP&sock=schedd_623140_c9b4>
...
001 (78854871.091.000) 2026-10-03 17:16:41 Job executing on host: <10.14.4.28:9618?addrs=10.14.4.28-9618&alias=node778.cluster.ldas.cit&noUDP&sock=startd_3676667_5414>
	SlotName: slot1_13@node778.cluster.ldas.cit
	CondorScratchDir = "/var/lib/condor/execute/dir_111733/scratch"
	Cpus = 4
	Disk = 28672
	GPUs = 0
	Memory = 15104
...
006 (78854871.091.000) 2026-10-03 17:16:49 Image size of job updated: 461820
	451  -  MemoryUsage of job (MB)
	461820  -  ResidentSetSize of job (KB)
...
006 (78854871.091.000) 2026-10-03 17:21:49 Image size of job updated: 569492
	557  -  MemoryUsage of job (MB)
	569492  -  ResidentSetSize of job (KB)
...
006 (78854871.091.000) 2026-10-03 17:26:50 Image size of job updated: 572660
	560  -  MemoryUsage of job (MB)
	572660  -  ResidentSetSize of job (KB)
...
006 (78854871.091.000) 2026-10-03 17:31:50 Image size of job updated: 645984
	631  -  MemoryUsage of job (MB)
	645984  -  ResidentSetSize of job (KB)
...
006 (78854871.091.000) 2026-10-03 17:36:50 Image size of job updated: 646368
	632  -  MemoryUsage of job (MB)
	646368  -  ResidentSetSize of job (KB)
...
006 (78854871.091.000) 2026-10-03 17:41:51 Image size of job updated: 686256
	671  -  MemoryUsage of job (MB)
	686256  -  ResidentSetSize of job (KB)
...
006 (78854871.091.000) 2026-10-03 17:46:51 Image size of job updated: 686496
	671  -  MemoryUsage of job (MB)
	686496  -  ResidentSetSize of job (KB)
...
006 (78854871.091.000) 2026-10-03 17:51:51 Image size of job updated: 696960
	681  -  MemoryUsage of job (MB)
	696960  -  ResidentSetSize of job (KB)
...
006 (78854871.091.000) 2026-10-03 17:56:52 Image size of job updated: 697112
	681  -  MemoryUsage of job (MB)
	697112  -  ResidentSetSize of job (KB)
...
006 (78854871.091.000) 2026-10-03 18:01:53 Image size of job updated: 702364
	686  -  MemoryUsage of job (MB)
	702364  -  ResidentSetSize of job (KB)
...
006 (78854871.091.000) 2026-10-03 18:06:53 Image size of job updated: 702464
	686  -  MemoryUsage of job (MB)
	702464  -  ResidentSetSize of job (KB)
...
006 (78854871.091.000) 2026-10-03 18:11:54 Image size of job updated: 710368
	694  -  MemoryUsage of job (MB)
	710368  -  ResidentSetSize of job (KB)
...
006 (78854871.091.000) 2026-10-03 18:16:55 Image size of job updated: 710400
	694  -  MemoryUsage of job (MB)
	710400  -  ResidentSetSize of job (KB)
...
006 (78854871.091.000) 2026-10-03 18:21:55 Image size of job updated: 711188
	695  -  MemoryUsage of job (MB)
	711188  -  ResidentSetSize of job (KB)
...
006 (78854871.091.000) 2026-10-03 18:26:56 Image size of job updated: 711284
	695  -  MemoryUsage of job (MB)
	711284  -  ResidentSetSize of job (KB)
...
006 (78854871.091.000) 2026-10-03 18:31:57 Image size of job updated: 714240
	698  -  MemoryUsage of job (MB)
	714240  -  ResidentSetSize of job (KB)
...
006 (78854871.091.000) 2026-10-03 18:36:57 Image size of job updated: 714292
	698  -  MemoryUsage of job (MB)
	714292  -  ResidentSetSize of job (KB)
...
006 (78854871.091.000) 2026-10-03 18:41:58 Image size of job updated: 714360
	698  -  MemoryUsage of job (MB)
	714360  -  ResidentSetSize of job (KB)
...
006 (78854871.091.000) 2026-10-03 18:46:59 Image size of job updated: 714392
	698  -  MemoryUsage of job (MB)
	714392  -  ResidentSetSize of job (KB)
...
006 (78854871.091.000) 2026-10-03 18:51:59 Image size of job updated: 714432
	698  -  MemoryUsage of job (MB)
	714432  -  ResidentSetSize of job (KB)
...
006 (78854871.091.000) 2026-10-03 18:56:59 Image size of job updated: 714492
	698  -  MemoryUsage of job (MB)
	714492  -  ResidentSetSize of job (KB)
...
006 (78854871.091.000) 2026-10-03 19:02:00 Image size of job updated: 733372
	717  -  MemoryUsage of job (MB)
	733372  -  ResidentSetSize of job (KB)
...
006 (78854871.091.000) 2026-10-03 19:07:00 Image size of job updated: 733392
	717  -  MemoryUsage of job (MB)
	733392  -  ResidentSetSize of job (KB)
...
006 (78854871.091.000) 2026-10-03 19:12:00 Image size of job updated: 734016
	717  -  MemoryUsage of job (MB)
	734016  -  ResidentSetSize of job (KB)
...
006 (78854871.091.000) 2026-10-03 19:17:01 Image size of job updated: 736024
	719  -  MemoryUsage of job (MB)
	736024  -  ResidentSetSize of job (KB)
...
006 (78854871.091.000) 2026-10-03 19:22:01 Image size of job updated: 779980
	762  -  MemoryUsage of job (MB)
	779980  -  ResidentSetSize of job (KB)
...
006 (78854871.091.000) 2026-10-03 19:27:01 Image size of job updated: 859820
	840  -  MemoryUsage of job (MB)
	859820  -  ResidentSetSize of job (KB)
...
006 (78854871.091.000) 2026-10-03 19:32:02 Image size of job updated: 936568
	915  -  MemoryUsage of job (MB)
	936568  -  ResidentSetSize of job (KB)
...
006 (78854871.091.000) 2026-10-03 19:37:02 Image size of job updated: 1010812
	988  -  MemoryUsage of job (MB)
	1010812  -  ResidentSetSize of job (KB)
...
006 (78854871.091.000) 2026-10-03 19:42:02 Image size of job updated: 1012968
	990  -  MemoryUsage of job (MB)
	1012968  -  ResidentSetSize of job (KB)
...
006 (78854871.091.000) 2026-10-03 19:47:03 Image size of job updated: 1015024
	992  -  MemoryUsage of job (MB)
	1015024  -  ResidentSetSize of job (KB)
...
006 (78854871.091.000) 2026-10-03 19:57:04 Image size of job updated: 1015060
	992  -  MemoryUsage of job (MB)
	1015060  -  ResidentSetSize of job (KB)
...
006 (78854871.091.000) 2026-10-03 20:02:05 Image size of job updated: 1015068
	992  -  MemoryUsage of job (MB)
	1015068  -  ResidentSetSize of job (KB)
...
006 (78854871.091.000) 2026-10-03 20:07:06 Image size of job updated: 1015072
	992  -  MemoryUsage of job (MB)
	1015072  -  ResidentSetSize of job (KB)
...
006 (78854871.091.000) 2026-10-03 20:17:06 Image size of job updated: 1016452
	993  -  MemoryUsage of job (MB)
	1016452  -  ResidentSetSize of job (KB)
...
006 (78854871.091.000) 2026-10-03 20:27:07 Image size of job updated: 1017128
	994  -  MemoryUsage of job (MB)
	1017128  -  ResidentSetSize of job (KB)
...
006 (78854871.091.000) 2026-10-03 20:32:07 Image size of job updated: 1017132
	994  -  MemoryUsage of job (MB)
	1017132  -  ResidentSetSize of job (KB)
...
006 (78854871.091.000) 2026-10-03 20:37:08 Image size of job updated: 1018576
	995  -  MemoryUsage of job (MB)
	1018576  -  ResidentSetSize of job (KB)
...
006 (78854871.091.000) 2026-10-03 20:47:09 Image size of job updated: 1019604
	996  -  MemoryUsage of job (MB)
	1019604  -  ResidentSetSize of job (KB)
...
006 (78854871.091.000) 2026-10-03 20:52:10 Image size of job updated: 1019608
	996  -  MemoryUsage of job (MB)
	1019608  -  ResidentSetSize of job (KB)
...
004 (78854871.091.000) 2026-10-03 21:36:53 Job was evicted. Code 1023 Subcode 0
	(0) CPU times
		Usr 0 13:45:30, Sys 0 00:00:11  -  Run Remote Usage
		Usr 0 00:00:00, Sys 0 00:00:00  -  Run Local Usage
	0  -  Run Bytes Sent By Job
	0  -  Run Bytes Received By Job
	Reason: via condor_rm (by user pratyusava.baral)
	Partitionable Resources :    Usage  Request Allocated 
	   Cpus                 :     2.45        4         4 
	   Disk (KB)            : 25000       25000     28672 
	   GPUs                 :                           0 
	   Memory (MB)          :   996       15000     15104 
	   TimeExecute (s)      : 15612                       
	   TimeSlotBusy (s)     : 15613                       
...
009 (78854871.091.000) 2026-10-03 21:36:53 Job was aborted.
	via condor_rm (by user pratyusava.baral)
...
000 (78854907.091.000) 2026-10-03 21:37:08 Job submitted from host: <10.14.0.121:9618?addrs=10.14.0.121-9618&alias=ldas-pcdev12.ligo.caltech.edu&noUDP&sock=schedd_623140_c9b4>
...
001 (78854907.091.000) 2026-10-03 21:38:42 Job executing on host: <10.14.5.213:9618?addrs=10.14.5.213-9618&alias=node1213.cluster.ldas.cit&noUDP&sock=startd_187225_5b13>
	SlotName: slot1_1@node1213.cluster.ldas.cit
	CondorScratchDir = "/var/lib/condor/execute/dir_820303/scratch"
	Cpus = 4
	Disk = 28672
	GPUs = 0
	Memory = 15104
...
006 (78854907.091.000) 2026-10-03 21:38:50 Image size of job updated: 454948
	445  -  MemoryUsage of job (MB)
	454948  -  ResidentSetSize of job (KB)
...
006 (78854907.091.000) 2026-10-03 21:43:50 Image size of job updated: 463208
	453  -  MemoryUsage of job (MB)
	463208  -  ResidentSetSize of job (KB)
...
006 (78854907.091.000) 2026-10-03 21:48:51 Image size of job updated: 580904
	568  -  MemoryUsage of job (MB)
	580904  -  ResidentSetSize of job (KB)
...
006 (78854907.091.000) 2026-10-03 21:53:52 Image size of job updated: 590212
	577  -  MemoryUsage of job (MB)
	590212  -  ResidentSetSize of job (KB)
...
006 (78854907.091.000) 2026-10-03 21:58:52 Image size of job updated: 618316
	604  -  MemoryUsage of job (MB)
	618316  -  ResidentSetSize of job (KB)
...
006 (78854907.091.000) 2026-10-03 22:03:53 Image size of job updated: 620808
	607  -  MemoryUsage of job (MB)
	620808  -  ResidentSetSize of job (KB)
...
006 (78854907.091.000) 2026-10-03 22:08:54 Image size of job updated: 625156
	611  -  MemoryUsage of job (MB)
	625156  -  ResidentSetSize of job (KB)
...
006 (78854907.091.000) 2026-10-03 22:13:54 Image size of job updated: 626804
	613  -  MemoryUsage of job (MB)
	626804  -  ResidentSetSize of job (KB)
...
006 (78854907.091.000) 2026-10-03 22:18:55 Image size of job updated: 627892
	614  -  MemoryUsage of job (MB)
	627892  -  ResidentSetSize of job (KB)
...
006 (78854907.091.000) 2026-10-03 22:23:56 Image size of job updated: 627916
	614  -  MemoryUsage of job (MB)
	627916  -  ResidentSetSize of job (KB)
...
006 (78854907.091.000) 2026-10-03 22:28:56 Image size of job updated: 631652
	617  -  MemoryUsage of job (MB)
	631652  -  ResidentSetSize of job (KB)
...
006 (78854907.091.000) 2026-10-03 22:33:57 Image size of job updated: 631672
	617  -  MemoryUsage of job (MB)
	631672  -  ResidentSetSize of job (KB)
...
006 (78854907.091.000) 2026-10-03 22:38:58 Image size of job updated: 632164
	618  -  MemoryUsage of job (MB)
	632164  -  ResidentSetSize of job (KB)
...
006 (78854907.091.000) 2026-10-03 22:43:58 Image size of job updated: 632172
	618  -  MemoryUsage of job (MB)
	632172  -  ResidentSetSize of job (KB)
...
006 (78854907.091.000) 2026-10-03 22:48:58 Image size of job updated: 632184
	618  -  MemoryUsage of job (MB)
	632172  -  ResidentSetSize of job (KB)
...
006 (78854907.091.000) 2026-10-03 23:14:00 Image size of job updated: 632364
	618  -  MemoryUsage of job (MB)
	632364  -  ResidentSetSize of job (KB)
...
006 (78854907.091.000) 2026-10-03 23:19:00 Image size of job updated: 632404
	618  -  MemoryUsage of job (MB)
	632404  -  ResidentSetSize of job (KB)
...
006 (78854907.091.000) 2026-10-03 23:24:01 Image size of job updated: 632428
	618  -  MemoryUsage of job (MB)
	632428  -  ResidentSetSize of job (KB)
...
006 (78854907.091.000) 2026-10-03 23:29:01 Image size of job updated: 632440
	618  -  MemoryUsage of job (MB)
	632440  -  ResidentSetSize of job (KB)
...
006 (78854907.091.000) 2026-10-03 23:34:01 Image size of job updated: 633456
	619  -  MemoryUsage of job (MB)
	633456  -  ResidentSetSize of job (KB)
...
006 (78854907.091.000) 2026-10-03 23:39:02 Image size of job updated: 633476
	619  -  MemoryUsage of job (MB)
	633476  -  ResidentSetSize of job (KB)
...
006 (78854907.091.000) 2026-10-03 23:44:03 Image size of job updated: 635624
	621  -  MemoryUsage of job (MB)
	635624  -  ResidentSetSize of job (KB)
...
006 (78854907.091.000) 2026-10-03 23:49:03 Image size of job updated: 635636
	621  -  MemoryUsage of job (MB)
	635636  -  ResidentSetSize of job (KB)
...
006 (78854907.091.000) 2026-10-03 23:54:04 Image size of job updated: 636604
	622  -  MemoryUsage of job (MB)
	636604  -  ResidentSetSize of job (KB)
...
006 (78854907.091.000) 2026-10-03 23:59:05 Image size of job updated: 636620
	622  -  MemoryUsage of job (MB)
	636620  -  ResidentSetSize of job (KB)
...
006 (78854907.091.000) 2026-10-04 00:04:05 Image size of job updated: 636636
	622  -  MemoryUsage of job (MB)
	636636  -  ResidentSetSize of job (KB)
...
006 (78854907.091.000) 2026-10-04 00:09:06 Image size of job updated: 636644
	622  -  MemoryUsage of job (MB)
	636644  -  ResidentSetSize of job (KB)
...
006 (78854907.091.000) 2026-10-04 00:14:07 Image size of job updated: 646056
	630  -  MemoryUsage of job (MB)
	645048  -  ResidentSetSize of job (KB)
...
006 (78854907.091.000) 2026-10-04 00:19:07 Image size of job updated: 646056
	630  -  MemoryUsage of job (MB)
	645052  -  ResidentSetSize of job (KB)
...
006 (78854907.091.000) 2026-10-04 00:24:08 Image size of job updated: 649916
	635  -  MemoryUsage of job (MB)
	649916  -  ResidentSetSize of job (KB)
...
006 (78854907.091.000) 2026-10-04 00:34:09 Image size of job updated: 658640
	644  -  MemoryUsage of job (MB)
	658640  -  ResidentSetSize of job (KB)
...
006 (78854907.091.000) 2026-10-04 00:39:10 Image size of job updated: 659424
	644  -  MemoryUsage of job (MB)
	659424  -  ResidentSetSize of job (KB)
...
006 (78854907.091.000) 2026-10-04 00:44:11 Image size of job updated: 669020
	654  -  MemoryUsage of job (MB)
	669020  -  ResidentSetSize of job (KB)
...
006 (78854907.091.000) 2026-10-04 00:49:11 Image size of job updated: 669024
	654  -  MemoryUsage of job (MB)
	669024  -  ResidentSetSize of job (KB)
...
006 (78854907.091.000) 2026-10-04 00:54:12 Image size of job updated: 673052
	658  -  MemoryUsage of job (MB)
	673052  -  ResidentSetSize of job (KB)
...
006 (78854907.091.000) 2026-10-04 01:04:13 Image size of job updated: 673092
	658  -  MemoryUsage of job (MB)
	673092  -  ResidentSetSize of job (KB)
...
006 (78854907.091.000) 2026-10-04 01:09:13 Image size of job updated: 673176
	658  -  MemoryUsage of job (MB)
	673176  -  ResidentSetSize of job (KB)
...
006 (78854907.091.000) 2026-10-04 01:14:14 Image size of job updated: 674204
	659  -  MemoryUsage of job (MB)
	674204  -  ResidentSetSize of job (KB)
...
006 (78854907.091.000) 2026-10-04 01:24:14 Image size of job updated: 674208
	659  -  MemoryUsage of job (MB)
	674208  -  ResidentSetSize of job (KB)
...
006 (78854907.091.000) 2026-10-04 01:29:15 Image size of job updated: 674212
	659  -  MemoryUsage of job (MB)
	674212  -  ResidentSetSize of job (KB)
...
006 (78854907.091.000) 2026-10-04 01:34:16 Image size of job updated: 674680
	659  -  MemoryUsage of job (MB)
	674680  -  ResidentSetSize of job (KB)
...
006 (78854907.091.000) 2026-10-04 01:44:17 Image size of job updated: 675224
	660  -  MemoryUsage of job (MB)
	675224  -  ResidentSetSize of job (KB)
...
006 (78854907.091.000) 2026-10-04 01:49:18 Image size of job updated: 675264
	660  -  MemoryUsage of job (MB)
	675264  -  ResidentSetSize of job (KB)
...
006 (78854907.091.000) 2026-10-04 02:04:20 Image size of job updated: 676112
	661  -  MemoryUsage of job (MB)
	676112  -  ResidentSetSize of job (KB)
...
006 (78854907.091.000) 2026-10-04 02:14:21 Image size of job updated: 676276
	661  -  MemoryUsage of job (MB)
	676276  -  ResidentSetSize of job (KB)
...
006 (78854907.091.000) 2026-10-04 02:29:22 Image size of job updated: 676280
	661  -  MemoryUsage of job (MB)
	676280  -  ResidentSetSize of job (KB)
...
006 (78854907.091.000) 2026-10-04 02:34:23 Image size of job updated: 677056
	662  -  MemoryUsage of job (MB)
	677056  -  ResidentSetSize of job (KB)
...
006 (78854907.091.000) 2026-10-04 02:44:23 Image size of job updated: 677532
	662  -  MemoryUsage of job (MB)
	677532  -  ResidentSetSize of job (KB)
...
006 (78854907.091.000) 2026-10-04 02:49:24 Image size of job updated: 677536
	662  -  MemoryUsage of job (MB)
	677536  -  ResidentSetSize of job (KB)
...
006 (78854907.091.000) 2026-10-04 02:54:24 Image size of job updated: 677540
	662  -  MemoryUsage of job (MB)
	677540  -  ResidentSetSize of job (KB)
...
006 (78854907.091.000) 2026-10-04 02:59:24 Image size of job updated: 678340
	663  -  MemoryUsage of job (MB)
	678340  -  ResidentSetSize of job (KB)
...
006 (78854907.091.000) 2026-10-04 03:04:25 Image size of job updated: 678344
	663  -  MemoryUsage of job (MB)
	678344  -  ResidentSetSize of job (KB)
...
006 (78854907.091.000) 2026-10-04 03:19:26 Image size of job updated: 678352
	663  -  MemoryUsage of job (MB)
	678352  -  ResidentSetSize of job (KB)
...
006 (78854907.091.000) 2026-10-04 03:29:27 Image size of job updated: 678356
	663  -  MemoryUsage of job (MB)
	678356  -  ResidentSetSize of job (KB)
...
006 (78854907.091.000) 2026-10-04 03:44:29 Image size of job updated: 678360
	663  -  MemoryUsage of job (MB)
	678360  -  ResidentSetSize of job (KB)
...
006 (78854907.091.000) 2026-10-04 03:49:30 Image size of job updated: 679792
	664  -  MemoryUsage of job (MB)
	679792  -  ResidentSetSize of job (KB)
...
006 (78854907.091.000) 2026-10-04 03:59:31 Image size of job updated: 680376
	665  -  MemoryUsage of job (MB)
	680376  -  ResidentSetSize of job (KB)
...
006 (78854907.091.000) 2026-10-04 04:14:33 Image size of job updated: 680408
	665  -  MemoryUsage of job (MB)
	680408  -  ResidentSetSize of job (KB)
...
006 (78854907.091.000) 2026-10-04 04:19:33 Image size of job updated: 680416
	665  -  MemoryUsage of job (MB)
	680416  -  ResidentSetSize of job (KB)
...
006 (78854907.091.000) 2026-10-04 04:34:34 Image size of job updated: 680428
	665  -  MemoryUsage of job (MB)
	680428  -  ResidentSetSize of job (KB)
...
006 (78854907.091.000) 2026-10-04 04:59:36 Image size of job updated: 683428
	666  -  MemoryUsage of job (MB)
	681436  -  ResidentSetSize of job (KB)
...
006 (78854907.091.000) 2026-10-04 06:09:45 Image size of job updated: 683428
	666  -  MemoryUsage of job (MB)
	681444  -  ResidentSetSize of job (KB)
...
006 (78854907.091.000) 2026-10-04 06:14:46 Image size of job updated: 683428
	666  -  MemoryUsage of job (MB)
	681452  -  ResidentSetSize of job (KB)
...
006 (78854907.091.000) 2026-10-04 06:19:46 Image size of job updated: 683428
	666  -  MemoryUsage of job (MB)
	681460  -  ResidentSetSize of job (KB)
...
006 (78854907.091.000) 2026-10-04 06:24:47 Image size of job updated: 683428
	666  -  MemoryUsage of job (MB)
	681764  -  ResidentSetSize of job (KB)
...
006 (78854907.091.000) 2026-10-04 06:34:48 Image size of job updated: 683428
	666  -  MemoryUsage of job (MB)
	681768  -  ResidentSetSize of job (KB)
...
006 (78854907.091.000) 2026-10-04 06:39:49 Image size of job updated: 683428
	666  -  MemoryUsage of job (MB)
	681772  -  ResidentSetSize of job (KB)
...
006 (78854907.091.000) 2026-10-04 06:44:50 Image size of job updated: 683428
	667  -  MemoryUsage of job (MB)
	682288  -  ResidentSetSize of job (KB)
...
006 (78854907.091.000) 2026-10-04 06:54:50 Image size of job updated: 686500
	671  -  MemoryUsage of job (MB)
	686500  -  ResidentSetSize of job (KB)
...
006 (78854907.091.000) 2026-10-04 06:59:51 Image size of job updated: 686508
	671  -  MemoryUsage of job (MB)
	686508  -  ResidentSetSize of job (KB)
...
006 (78854907.091.000) 2026-10-04 07:04:51 Image size of job updated: 692648
	677  -  MemoryUsage of job (MB)
	692648  -  ResidentSetSize of job (KB)
...
006 (78854907.091.000) 2026-10-04 07:24:52 Image size of job updated: 692712
	677  -  MemoryUsage of job (MB)
	692712  -  ResidentSetSize of job (KB)
...
006 (78854907.091.000) 2026-10-04 07:34:53 Image size of job updated: 692740
	677  -  MemoryUsage of job (MB)
	692740  -  ResidentSetSize of job (KB)
...
006 (78854907.091.000) 2026-10-04 07:39:53 Image size of job updated: 692744
	677  -  MemoryUsage of job (MB)
	692744  -  ResidentSetSize of job (KB)
...
006 (78854907.091.000) 2026-10-04 07:44:54 Image size of job updated: 692752
	677  -  MemoryUsage of job (MB)
	692752  -  ResidentSetSize of job (KB)
...
006 (78854907.091.000) 2026-10-04 07:54:54 Image size of job updated: 692756
	677  -  MemoryUsage of job (MB)
	692756  -  ResidentSetSize of job (KB)
...
006 (78854907.091.000) 2026-10-04 07:59:55 Image size of job updated: 692816
	677  -  MemoryUsage of job (MB)
	692816  -  ResidentSetSize of job (KB)
...
006 (78854907.091.000) 2026-10-04 08:19:56 Image size of job updated: 694912
	679  -  MemoryUsage of job (MB)
	694912  -  ResidentSetSize of job (KB)
...
006 (78854907.091.000) 2026-10-04 08:29:57 Image size of job updated: 695780
	680  -  MemoryUsage of job (MB)
	695780  -  ResidentSetSize of job (KB)
...
006 (78854907.091.000) 2026-10-04 08:34:58 Image size of job updated: 695784
	680  -  MemoryUsage of job (MB)
	695784  -  ResidentSetSize of job (KB)
...
006 (78854907.091.000) 2026-10-04 08:49:59 Image size of job updated: 697836
	682  -  MemoryUsage of job (MB)
	697836  -  ResidentSetSize of job (KB)
...
006 (78854907.091.000) 2026-10-04 09:00:00 Image size of job updated: 697852
	682  -  MemoryUsage of job (MB)
	697852  -  ResidentSetSize of job (KB)
...
006 (78854907.091.000) 2026-10-04 09:15:02 Image size of job updated: 697856
	682  -  MemoryUsage of job (MB)
	697856  -  ResidentSetSize of job (KB)
...
006 (78854907.091.000) 2026-10-04 09:30:04 Image size of job updated: 697884
	682  -  MemoryUsage of job (MB)
	697884  -  ResidentSetSize of job (KB)
...
006 (78854907.091.000) 2026-10-04 09:40:05 Image size of job updated: 699020
	683  -  MemoryUsage of job (MB)
	699020  -  ResidentSetSize of job (KB)
...
006 (78854907.091.000) 2026-10-04 09:50:07 Image size of job updated: 699024
	683  -  MemoryUsage of job (MB)
	699024  -  ResidentSetSize of job (KB)
...
006 (78854907.091.000) 2026-10-04 10:10:09 Image size of job updated: 699064
	683  -  MemoryUsage of job (MB)
	699064  -  ResidentSetSize of job (KB)
...
006 (78854907.091.000) 2026-10-04 10:45:12 Image size of job updated: 699944
	684  -  MemoryUsage of job (MB)
	699944  -  ResidentSetSize of job (KB)
...
006 (78854907.091.000) 2026-10-04 10:55:13 Image size of job updated: 702288
	686  -  MemoryUsage of job (MB)
	702288  -  ResidentSetSize of job (KB)
...
006 (78854907.091.000) 2026-10-04 11:10:15 Image size of job updated: 702292
	686  -  MemoryUsage of job (MB)
	702292  -  ResidentSetSize of job (KB)
...
006 (78854907.091.000) 2026-10-04 11:15:15 Image size of job updated: 703300
	687  -  MemoryUsage of job (MB)
	703300  -  ResidentSetSize of job (KB)
...
006 (78854907.091.000) 2026-10-04 11:25:17 Image size of job updated: 704340
	688  -  MemoryUsage of job (MB)
	704340  -  ResidentSetSize of job (KB)
...
006 (78854907.091.000) 2026-10-04 11:55:21 Image size of job updated: 706148
	690  -  MemoryUsage of job (MB)
	706148  -  ResidentSetSize of job (KB)
...
006 (78854907.091.000) 2026-10-04 12:00:21 Image size of job updated: 706180
	690  -  MemoryUsage of job (MB)
	706180  -  ResidentSetSize of job (KB)
...
006 (78854907.091.000) 2026-10-04 12:45:27 Image size of job updated: 706272
	690  -  MemoryUsage of job (MB)
	706272  -  ResidentSetSize of job (KB)
...
006 (78854907.091.000) 2026-10-04 13:20:29 Image size of job updated: 708228
	692  -  MemoryUsage of job (MB)
	708228  -  ResidentSetSize of job (KB)
...
006 (78854907.091.000) 2026-10-04 13:30:30 Image size of job updated: 711664
	695  -  MemoryUsage of job (MB)
	711664  -  ResidentSetSize of job (KB)
...
006 (78854907.091.000) 2026-10-04 13:44:54 Image size of job updated: 711680
	695  -  MemoryUsage of job (MB)
	711664  -  ResidentSetSize of job (KB)
...
004 (78854907.091.000) 2026-10-04 13:44:54 Job was evicted. Code 1023 Subcode 0
	(0) CPU times
		Usr 2 05:45:01, Sys 0 00:02:54  -  Run Remote Usage
		Usr 0 00:00:00, Sys 0 00:00:00  -  Run Local Usage
	0  -  Run Bytes Sent By Job
	0  -  Run Bytes Received By Job
	Reason: via condor_rm (by user pratyusava.baral)
	Partitionable Resources :    Usage  Request Allocated 
	   Cpus                 :     4.36        4         4 
	   Disk (KB)            : 25000       25000     28672 
	   GPUs                 :                           0 
	   Memory (MB)          :   695       15000     15104 
	   TimeExecute (s)      : 57972                       
	   TimeSlotBusy (s)     : 57972                       
...
009 (78854907.091.000) 2026-10-04 13:44:54 Job was aborted.
	via condor_rm (by user pratyusava.baral)
...
000 (78855136.091.000) 2026-10-04 13:45:07 Job submitted from host: <10.14.0.121:9618?addrs=10.14.0.121-9618&alias=ldas-pcdev12.ligo.caltech.edu&noUDP&sock=schedd_623140_c9b4>
...
001 (78855136.091.000) 2026-10-04 13:49:18 Job executing on host: <10.14.5.134:9618?addrs=10.14.5.134-9618&alias=node1134.cluster.ldas.cit&noUDP&sock=startd_263573_bbc1>
	SlotName: slot1_1@node1134.cluster.ldas.cit
	CondorScratchDir = "/var/lib/condor/execute/dir_1214099/scratch"
	Cpus = 4
	Disk = 28672
	GPUs = 0
	Memory = 15104
...
006 (78855136.091.000) 2026-10-04 13:49:27 Image size of job updated: 194540
	190  -  MemoryUsage of job (MB)
	194540  -  ResidentSetSize of job (KB)
...
006 (78855136.091.000) 2026-10-04 13:54:28 Image size of job updated: 482896
	472  -  MemoryUsage of job (MB)
	482896  -  ResidentSetSize of job (KB)
...
006 (78855136.091.000) 2026-10-04 13:59:28 Image size of job updated: 639972
	625  -  MemoryUsage of job (MB)
	639972  -  ResidentSetSize of job (KB)
...
006 (78855136.091.000) 2026-10-04 14:04:28 Image size of job updated: 644360
	630  -  MemoryUsage of job (MB)
	644360  -  ResidentSetSize of job (KB)
...
006 (78855136.091.000) 2026-10-04 14:09:29 Image size of job updated: 676672
	661  -  MemoryUsage of job (MB)
	676672  -  ResidentSetSize of job (KB)
...
006 (78855136.091.000) 2026-10-04 14:14:29 Image size of job updated: 676788
	661  -  MemoryUsage of job (MB)
	676788  -  ResidentSetSize of job (KB)
...
006 (78855136.091.000) 2026-10-04 14:19:29 Image size of job updated: 686032
	670  -  MemoryUsage of job (MB)
	686032  -  ResidentSetSize of job (KB)
...
006 (78855136.091.000) 2026-10-04 14:24:30 Image size of job updated: 686088
	671  -  MemoryUsage of job (MB)
	686088  -  ResidentSetSize of job (KB)
...
006 (78855136.091.000) 2026-10-04 14:29:30 Image size of job updated: 698548
	683  -  MemoryUsage of job (MB)
	698548  -  ResidentSetSize of job (KB)
...
006 (78855136.091.000) 2026-10-04 14:34:30 Image size of job updated: 699688
	684  -  MemoryUsage of job (MB)
	699688  -  ResidentSetSize of job (KB)
...
006 (78855136.091.000) 2026-10-04 14:39:31 Image size of job updated: 705296
	687  -  MemoryUsage of job (MB)
	703292  -  ResidentSetSize of job (KB)
...
006 (78855136.091.000) 2026-10-04 14:44:31 Image size of job updated: 705296
	687  -  MemoryUsage of job (MB)
	703360  -  ResidentSetSize of job (KB)
...
006 (78855136.091.000) 2026-10-04 14:49:31 Image size of job updated: 707976
	690  -  MemoryUsage of job (MB)
	705944  -  ResidentSetSize of job (KB)
...
006 (78855136.091.000) 2026-10-04 14:54:32 Image size of job updated: 707976
	690  -  MemoryUsage of job (MB)
	705968  -  ResidentSetSize of job (KB)
...
006 (78855136.091.000) 2026-10-04 14:59:33 Image size of job updated: 708924
	693  -  MemoryUsage of job (MB)
	708924  -  ResidentSetSize of job (KB)
...
006 (78855136.091.000) 2026-10-04 15:04:33 Image size of job updated: 709048
	693  -  MemoryUsage of job (MB)
	709048  -  ResidentSetSize of job (KB)
...
006 (78855136.091.000) 2026-10-04 15:09:34 Image size of job updated: 709100
	693  -  MemoryUsage of job (MB)
	709100  -  ResidentSetSize of job (KB)
...
006 (78855136.091.000) 2026-10-04 15:14:35 Image size of job updated: 709144
	693  -  MemoryUsage of job (MB)
	709144  -  ResidentSetSize of job (KB)
...
006 (78855136.091.000) 2026-10-04 15:19:35 Image size of job updated: 710160
	693  -  MemoryUsage of job (MB)
	709152  -  ResidentSetSize of job (KB)
...
006 (78855136.091.000) 2026-10-04 15:24:36 Image size of job updated: 710160
	693  -  MemoryUsage of job (MB)
	709160  -  ResidentSetSize of job (KB)
...
006 (78855136.091.000) 2026-10-04 15:29:37 Image size of job updated: 711228
	695  -  MemoryUsage of job (MB)
	711228  -  ResidentSetSize of job (KB)
...
006 (78855136.091.000) 2026-10-04 15:34:37 Image size of job updated: 711260
	695  -  MemoryUsage of job (MB)
	711260  -  ResidentSetSize of job (KB)
...
006 (78855136.091.000) 2026-10-04 15:39:38 Image size of job updated: 711308
	695  -  MemoryUsage of job (MB)
	711308  -  ResidentSetSize of job (KB)
...
006 (78855136.091.000) 2026-10-04 15:44:39 Image size of job updated: 711316
	695  -  MemoryUsage of job (MB)
	711316  -  ResidentSetSize of job (KB)
...
006 (78855136.091.000) 2026-10-04 15:49:39 Image size of job updated: 711328
	695  -  MemoryUsage of job (MB)
	711316  -  ResidentSetSize of job (KB)
...
006 (78855136.091.000) 2026-10-04 15:59:41 Image size of job updated: 713360
	696  -  MemoryUsage of job (MB)
	712336  -  ResidentSetSize of job (KB)
...
006 (78855136.091.000) 2026-10-04 16:09:20 Image size of job updated: 713360
	696  -  MemoryUsage of job (MB)
	712344  -  ResidentSetSize of job (KB)
...
006 (78855136.091.000) 2026-10-04 16:23:17 Image size of job updated: 714444
	698  -  MemoryUsage of job (MB)
	714388  -  ResidentSetSize of job (KB)
...
022 (78855136.091.000) 2026-10-04 16:30:37 Job disconnected, attempting to reconnect
    Socket between submit and execute hosts closed unexpectedly
    Trying to reconnect to slot1_1@node1134.cluster.ldas.cit <10.14.5.134:9618?addrs=10.14.5.134-9618&alias=node1134.cluster.ldas.cit&noUDP&sock=startd_263573_bbc1>
...
023 (78855136.091.000) 2026-10-04 16:30:37 Job reconnected to slot1_1@node1134.cluster.ldas.cit
    startd address: <10.14.5.134:9618?addrs=10.14.5.134-9618&alias=node1134.cluster.ldas.cit&noUDP&sock=startd_263573_bbc1>
    starter address: <10.14.5.134:9618?addrs=10.14.5.134-9618&alias=node1134.cluster.ldas.cit&noUDP&sock=slot1_1_263611_8bf9_27061>
...
006 (78855136.091.000) 2026-10-04 16:41:09 Image size of job updated: 714452
	698  -  MemoryUsage of job (MB)
	714452  -  ResidentSetSize of job (KB)
...
006 (78855136.091.000) 2026-10-04 16:51:10 Image size of job updated: 714460
	698  -  MemoryUsage of job (MB)
	714460  -  ResidentSetSize of job (KB)
...
006 (78855136.091.000) 2026-10-04 16:56:11 Image size of job updated: 714468
	698  -  MemoryUsage of job (MB)
	714468  -  ResidentSetSize of job (KB)
...
006 (78855136.091.000) 2026-10-04 17:01:11 Image size of job updated: 714484
	698  -  MemoryUsage of job (MB)
	714484  -  ResidentSetSize of job (KB)
...
006 (78855136.091.000) 2026-10-04 17:06:11 Image size of job updated: 715496
	699  -  MemoryUsage of job (MB)
	715496  -  ResidentSetSize of job (KB)
...
006 (78855136.091.000) 2026-10-04 17:11:12 Image size of job updated: 715512
	699  -  MemoryUsage of job (MB)
	715512  -  ResidentSetSize of job (KB)
...
006 (78855136.091.000) 2026-10-04 17:16:12 Image size of job updated: 716540
	700  -  MemoryUsage of job (MB)
	716540  -  ResidentSetSize of job (KB)
...
006 (78855136.091.000) 2026-10-04 17:21:12 Image size of job updated: 716548
	700  -  MemoryUsage of job (MB)
	716548  -  ResidentSetSize of job (KB)
...
006 (78855136.091.000) 2026-10-04 17:26:13 Image size of job updated: 716556
	700  -  MemoryUsage of job (MB)
	716556  -  ResidentSetSize of job (KB)
...
006 (78855136.091.000) 2026-10-04 17:36:13 Image size of job updated: 720452
	704  -  MemoryUsage of job (MB)
	720452  -  ResidentSetSize of job (KB)
...
006 (78855136.091.000) 2026-10-04 17:46:14 Image size of job updated: 720464
	704  -  MemoryUsage of job (MB)
	720464  -  ResidentSetSize of job (KB)
...
006 (78855136.091.000) 2026-10-04 17:51:14 Image size of job updated: 720476
	704  -  MemoryUsage of job (MB)
	720476  -  ResidentSetSize of job (KB)
...
006 (78855136.091.000) 2026-10-04 17:56:15 Image size of job updated: 720996
	705  -  MemoryUsage of job (MB)
	720996  -  ResidentSetSize of job (KB)
...
006 (78855136.091.000) 2026-10-04 18:01:15 Image size of job updated: 721000
	705  -  MemoryUsage of job (MB)
	721000  -  ResidentSetSize of job (KB)
...
006 (78855136.091.000) 2026-10-04 18:06:16 Image size of job updated: 722012
	706  -  MemoryUsage of job (MB)
	722012  -  ResidentSetSize of job (KB)
...
006 (78855136.091.000) 2026-10-04 18:11:17 Image size of job updated: 722032
	706  -  MemoryUsage of job (MB)
	722032  -  ResidentSetSize of job (KB)
...
006 (78855136.091.000) 2026-10-04 18:16:17 Image size of job updated: 722632
	706  -  MemoryUsage of job (MB)
	722632  -  ResidentSetSize of job (KB)
...
006 (78855136.091.000) 2026-10-04 20:11:30 Image size of job updated: 725620
	709  -  MemoryUsage of job (MB)
	725620  -  ResidentSetSize of job (KB)
...
006 (78855136.091.000) 2026-10-04 20:16:31 Image size of job updated: 725640
	709  -  MemoryUsage of job (MB)
	725640  -  ResidentSetSize of job (KB)
...
006 (78855136.091.000) 2026-10-04 20:21:31 Image size of job updated: 725644
	709  -  MemoryUsage of job (MB)
	725640  -  ResidentSetSize of job (KB)
...
006 (78855136.091.000) 2026-10-04 20:31:33 Image size of job updated: 726292
	710  -  MemoryUsage of job (MB)
	726292  -  ResidentSetSize of job (KB)
...
006 (78855136.091.000) 2026-10-04 20:41:33 Image size of job updated: 748652
	732  -  MemoryUsage of job (MB)
	748652  -  ResidentSetSize of job (KB)
...
006 (78855136.091.000) 2026-10-04 20:51:34 Image size of job updated: 748656
	732  -  MemoryUsage of job (MB)
	748652  -  ResidentSetSize of job (KB)
...
006 (78855136.091.000) 2026-10-04 22:56:47 Image size of job updated: 754780
	738  -  MemoryUsage of job (MB)
	754780  -  ResidentSetSize of job (KB)
...
006 (78855136.091.000) 2026-10-04 23:01:47 Image size of job updated: 754784
	738  -  MemoryUsage of job (MB)
	754784  -  ResidentSetSize of job (KB)
...
006 (78855136.091.000) 2026-10-04 23:06:48 Image size of job updated: 754788
	738  -  MemoryUsage of job (MB)
	754788  -  ResidentSetSize of job (KB)
...
006 (78855136.091.000) 2026-10-04 23:11:48 Image size of job updated: 754792
	738  -  MemoryUsage of job (MB)
	754792  -  ResidentSetSize of job (KB)
...
006 (78855136.091.000) 2026-10-04 23:21:49 Image size of job updated: 754796
	738  -  MemoryUsage of job (MB)
	754796  -  ResidentSetSize of job (KB)
...
006 (78855136.091.000) 2026-10-04 23:41:50 Image size of job updated: 754804
	738  -  MemoryUsage of job (MB)
	754804  -  ResidentSetSize of job (KB)
...
006 (78855136.091.000) 2026-10-04 23:46:50 Image size of job updated: 755828
	738  -  MemoryUsage of job (MB)
	754804  -  ResidentSetSize of job (KB)
...
006 (78855136.091.000) 2026-10-05 00:06:53 Image size of job updated: 756852
	739  -  MemoryUsage of job (MB)
	755828  -  ResidentSetSize of job (KB)
...
006 (78855136.091.000) 2026-10-05 00:11:54 Image size of job updated: 756852
	739  -  MemoryUsage of job (MB)
	755832  -  ResidentSetSize of job (KB)
...
006 (78855136.091.000) 2026-10-05 00:16:54 Image size of job updated: 756852
	739  -  MemoryUsage of job (MB)
	755840  -  ResidentSetSize of job (KB)
...
006 (78855136.091.000) 2026-10-05 00:21:55 Image size of job updated: 756852
	739  -  MemoryUsage of job (MB)
	755844  -  ResidentSetSize of job (KB)
...
006 (78855136.091.000) 2026-10-05 00:36:57 Image size of job updated: 765792
	748  -  MemoryUsage of job (MB)
	765656  -  ResidentSetSize of job (KB)
...
006 (78855136.091.000) 2026-10-05 00:46:58 Image size of job updated: 766688
	749  -  MemoryUsage of job (MB)
	766688  -  ResidentSetSize of job (KB)
...
006 (78855136.091.000) 2026-10-05 01:02:00 Image size of job updated: 767712
	750  -  MemoryUsage of job (MB)
	767712  -  ResidentSetSize of job (KB)
...
006 (78855136.091.000) 2026-10-05 02:02:04 Image size of job updated: 767716
	750  -  MemoryUsage of job (MB)
	767716  -  ResidentSetSize of job (KB)
...
006 (78855136.091.000) 2026-10-05 02:22:06 Image size of job updated: 769768
	752  -  MemoryUsage of job (MB)
	769768  -  ResidentSetSize of job (KB)
...
006 (78855136.091.000) 2026-10-05 02:32:08 Image size of job updated: 769772
	752  -  MemoryUsage of job (MB)
	769772  -  ResidentSetSize of job (KB)
...
006 (78855136.091.000) 2026-10-05 04:37:20 Image size of job updated: 773656
	752  -  MemoryUsage of job (MB)
	769772  -  ResidentSetSize of job (KB)
...
006 (78855136.091.000) 2026-10-05 06:57:32 Image size of job updated: 773656
	754  -  MemoryUsage of job (MB)
	771104  -  ResidentSetSize of job (KB)
...
006 (78855136.091.000) 2026-10-05 07:12:33 Image size of job updated: 773656
	754  -  MemoryUsage of job (MB)
	771128  -  ResidentSetSize of job (KB)
...
006 (78855136.091.000) 2026-10-05 07:37:36 Image size of job updated: 774772
	757  -  MemoryUsage of job (MB)
	774772  -  ResidentSetSize of job (KB)
...
006 (78855136.091.000) 2026-10-05 07:47:36 Image size of job updated: 774776
	757  -  MemoryUsage of job (MB)
	774776  -  ResidentSetSize of job (KB)
...
006 (78855136.091.000) 2026-10-05 08:32:42 Image size of job updated: 775800
	758  -  MemoryUsage of job (MB)
	775800  -  ResidentSetSize of job (KB)
...
006 (78855136.091.000) 2026-10-05 08:52:45 Image size of job updated: 777848
	760  -  MemoryUsage of job (MB)
	777848  -  ResidentSetSize of job (KB)
...
