000 (78852668.092.000) 2026-10-01 10:44:08 Job submitted from host: <10.14.0.121:9618?addrs=10.14.0.121-9618&alias=ldas-pcdev12.ligo.caltech.edu&noUDP&sock=schedd_623140_c9b4>
...
001 (78852668.092.000) 2026-10-01 10:48:06 Job executing on host: <10.14.10.129:9618?addrs=10.14.10.129-9618&alias=node2379.cluster.ldas.cit&noUDP&sock=startd_2659246_25db>
	SlotName: slot1_2@node2379.cluster.ldas.cit
	CondorScratchDir = "/var/lib/condor/execute/dir_3760235/scratch"
	Cpus = 4
	Disk = 28672
	GPUs = 0
	Memory = 15104
...
006 (78852668.092.000) 2026-10-01 10:48:06 Image size of job updated: 25000
	0  -  MemoryUsage of job (MB)
	0  -  ResidentSetSize of job (KB)
...
005 (78852668.092.000) 2026-10-01 10:48:07 Job terminated.
	(1) Normal termination (return value 1)
		Usr 0 00:00:00, Sys 0 00:00:00  -  Run Remote Usage
		Usr 0 00:00:00, Sys 0 00:00:00  -  Run Local Usage
		Usr 0 00:00:00, Sys 0 00:00:00  -  Total Remote Usage
		Usr 0 00:00:00, Sys 0 00:00:00  -  Total Local Usage
	0  -  Run Bytes Sent By Job
	0  -  Run Bytes Received By Job
	0  -  Total Bytes Sent By Job
	0  -  Total Bytes Received By Job
	Partitionable Resources :    Usage  Request Allocated 
	   Cpus                 :                 4         4 
	   Disk (KB)            :    25000    25000     28672 
	   GPUs                 :                           0 
	   Memory (MB)          :        0    15000     15104 
	   TimeExecute (s)      :        0                    
	   TimeSlotBusy (s)     :        0                    
...
000 (78854871.092.000) 2026-10-03 17:15:42 Job submitted from host: <10.14.0.121:9618?addrs=10.14.0.121-9618&alias=ldas-pcdev12.ligo.caltech.edu&noUDP&sock=schedd_623140_c9b4>
...
001 (78854871.092.000) 2026-10-03 17:16:40 Job executing on host: <10.14.4.48:9618?addrs=10.14.4.48-9618&alias=node798.cluster.ldas.cit&noUDP&sock=startd_4116264_4e6b>
	SlotName: slot1_4@node798.cluster.ldas.cit
	CondorScratchDir = "/var/lib/condor/execute/dir_655038/scratch"
	Cpus = 4
	Disk = 28672
	GPUs = 0
	Memory = 15104
...
006 (78854871.092.000) 2026-10-03 17:16:49 Image size of job updated: 227932
	223  -  MemoryUsage of job (MB)
	227932  -  ResidentSetSize of job (KB)
...
006 (78854871.092.000) 2026-10-03 17:21:49 Image size of job updated: 302464
	296  -  MemoryUsage of job (MB)
	302464  -  ResidentSetSize of job (KB)
...
006 (78854871.092.000) 2026-10-03 17:26:49 Image size of job updated: 303828
	297  -  MemoryUsage of job (MB)
	303828  -  ResidentSetSize of job (KB)
...
006 (78854871.092.000) 2026-10-03 17:31:51 Image size of job updated: 376488
	368  -  MemoryUsage of job (MB)
	376488  -  ResidentSetSize of job (KB)
...
006 (78854871.092.000) 2026-10-03 17:36:51 Image size of job updated: 376920
	369  -  MemoryUsage of job (MB)
	376920  -  ResidentSetSize of job (KB)
...
006 (78854871.092.000) 2026-10-03 17:41:51 Image size of job updated: 390252
	382  -  MemoryUsage of job (MB)
	390252  -  ResidentSetSize of job (KB)
...
006 (78854871.092.000) 2026-10-03 17:46:52 Image size of job updated: 475248
	465  -  MemoryUsage of job (MB)
	475248  -  ResidentSetSize of job (KB)
...
006 (78854871.092.000) 2026-10-03 17:51:53 Image size of job updated: 701032
	685  -  MemoryUsage of job (MB)
	701032  -  ResidentSetSize of job (KB)
...
006 (78854871.092.000) 2026-10-03 17:56:53 Image size of job updated: 716944
	701  -  MemoryUsage of job (MB)
	716944  -  ResidentSetSize of job (KB)
...
006 (78854871.092.000) 2026-10-03 18:01:54 Image size of job updated: 740764
	724  -  MemoryUsage of job (MB)
	740764  -  ResidentSetSize of job (KB)
...
006 (78854871.092.000) 2026-10-03 18:06:55 Image size of job updated: 740812
	724  -  MemoryUsage of job (MB)
	740812  -  ResidentSetSize of job (KB)
...
006 (78854871.092.000) 2026-10-03 18:11:55 Image size of job updated: 751628
	735  -  MemoryUsage of job (MB)
	751628  -  ResidentSetSize of job (KB)
...
006 (78854871.092.000) 2026-10-03 18:16:56 Image size of job updated: 751644
	735  -  MemoryUsage of job (MB)
	751644  -  ResidentSetSize of job (KB)
...
006 (78854871.092.000) 2026-10-03 18:21:57 Image size of job updated: 758524
	741  -  MemoryUsage of job (MB)
	758524  -  ResidentSetSize of job (KB)
...
006 (78854871.092.000) 2026-10-03 18:26:57 Image size of job updated: 758556
	741  -  MemoryUsage of job (MB)
	758556  -  ResidentSetSize of job (KB)
...
006 (78854871.092.000) 2026-10-03 18:31:58 Image size of job updated: 759436
	742  -  MemoryUsage of job (MB)
	759436  -  ResidentSetSize of job (KB)
...
006 (78854871.092.000) 2026-10-03 18:36:59 Image size of job updated: 759452
	742  -  MemoryUsage of job (MB)
	759452  -  ResidentSetSize of job (KB)
...
006 (78854871.092.000) 2026-10-03 18:41:59 Image size of job updated: 759468
	742  -  MemoryUsage of job (MB)
	759468  -  ResidentSetSize of job (KB)
...
006 (78854871.092.000) 2026-10-03 18:47:00 Image size of job updated: 759472
	742  -  MemoryUsage of job (MB)
	759472  -  ResidentSetSize of job (KB)
...
006 (78854871.092.000) 2026-10-03 18:52:01 Image size of job updated: 759488
	742  -  MemoryUsage of job (MB)
	759488  -  ResidentSetSize of job (KB)
...
006 (78854871.092.000) 2026-10-03 18:57:01 Image size of job updated: 759492
	742  -  MemoryUsage of job (MB)
	759492  -  ResidentSetSize of job (KB)
...
006 (78854871.092.000) 2026-10-03 19:02:02 Image size of job updated: 759500
	742  -  MemoryUsage of job (MB)
	759500  -  ResidentSetSize of job (KB)
...
006 (78854871.092.000) 2026-10-03 19:12:03 Image size of job updated: 759504
	742  -  MemoryUsage of job (MB)
	759504  -  ResidentSetSize of job (KB)
...
006 (78854871.092.000) 2026-10-03 19:17:04 Image size of job updated: 759508
	742  -  MemoryUsage of job (MB)
	759508  -  ResidentSetSize of job (KB)
...
006 (78854871.092.000) 2026-10-03 19:22:05 Image size of job updated: 759512
	742  -  MemoryUsage of job (MB)
	759512  -  ResidentSetSize of job (KB)
...
006 (78854871.092.000) 2026-10-03 19:27:05 Image size of job updated: 761572
	744  -  MemoryUsage of job (MB)
	761572  -  ResidentSetSize of job (KB)
...
006 (78854871.092.000) 2026-10-03 19:32:06 Image size of job updated: 761580
	744  -  MemoryUsage of job (MB)
	761580  -  ResidentSetSize of job (KB)
...
006 (78854871.092.000) 2026-10-03 19:42:07 Image size of job updated: 766184
	749  -  MemoryUsage of job (MB)
	766184  -  ResidentSetSize of job (KB)
...
006 (78854871.092.000) 2026-10-03 19:52:08 Image size of job updated: 766188
	749  -  MemoryUsage of job (MB)
	766188  -  ResidentSetSize of job (KB)
...
006 (78854871.092.000) 2026-10-03 19:57:08 Image size of job updated: 766192
	749  -  MemoryUsage of job (MB)
	766192  -  ResidentSetSize of job (KB)
...
006 (78854871.092.000) 2026-10-03 20:12:09 Image size of job updated: 766224
	749  -  MemoryUsage of job (MB)
	766224  -  ResidentSetSize of job (KB)
...
006 (78854871.092.000) 2026-10-03 20:17:09 Image size of job updated: 766232
	749  -  MemoryUsage of job (MB)
	766232  -  ResidentSetSize of job (KB)
...
006 (78854871.092.000) 2026-10-03 20:32:10 Image size of job updated: 775444
	758  -  MemoryUsage of job (MB)
	775444  -  ResidentSetSize of job (KB)
...
006 (78854871.092.000) 2026-10-03 20:37:11 Image size of job updated: 775448
	758  -  MemoryUsage of job (MB)
	775448  -  ResidentSetSize of job (KB)
...
006 (78854871.092.000) 2026-10-03 20:42:12 Image size of job updated: 778488
	761  -  MemoryUsage of job (MB)
	778488  -  ResidentSetSize of job (KB)
...
006 (78854871.092.000) 2026-10-03 21:02:14 Image size of job updated: 781560
	764  -  MemoryUsage of job (MB)
	781560  -  ResidentSetSize of job (KB)
...
006 (78854871.092.000) 2026-10-03 21:07:15 Image size of job updated: 781568
	764  -  MemoryUsage of job (MB)
	781568  -  ResidentSetSize of job (KB)
...
006 (78854871.092.000) 2026-10-03 21:12:16 Image size of job updated: 782612
	765  -  MemoryUsage of job (MB)
	782612  -  ResidentSetSize of job (KB)
...
006 (78854871.092.000) 2026-10-03 21:22:17 Image size of job updated: 783940
	766  -  MemoryUsage of job (MB)
	783604  -  ResidentSetSize of job (KB)
...
006 (78854871.092.000) 2026-10-03 21:32:18 Image size of job updated: 783940
	766  -  MemoryUsage of job (MB)
	783636  -  ResidentSetSize of job (KB)
...
006 (78854871.092.000) 2026-10-03 21:36:50 Image size of job updated: 784940
	766  -  MemoryUsage of job (MB)
	783636  -  ResidentSetSize of job (KB)
...
004 (78854871.092.000) 2026-10-03 21:36:50 Job was evicted. Code 1023 Subcode 0
	(0) CPU times
		Usr 0 14:06:35, Sys 0 00:00:21  -  Run Remote Usage
		Usr 0 00:00:00, Sys 0 00:00:00  -  Run Local Usage
	0  -  Run Bytes Sent By Job
	0  -  Run Bytes Received By Job
	Reason: via condor_rm (by user pratyusava.baral)
	Partitionable Resources :    Usage  Request Allocated 
	   Cpus                 :     2.85        4         4 
	   Disk (KB)            : 25000       25000     28672 
	   GPUs                 :                           0 
	   Memory (MB)          :   766       15000     15104 
	   TimeExecute (s)      : 15610                       
	   TimeSlotBusy (s)     : 15610                       
...
009 (78854871.092.000) 2026-10-03 21:36:50 Job was aborted.
	via condor_rm (by user pratyusava.baral)
...
000 (78854907.092.000) 2026-10-03 21:37:08 Job submitted from host: <10.14.0.121:9618?addrs=10.14.0.121-9618&alias=ldas-pcdev12.ligo.caltech.edu&noUDP&sock=schedd_623140_c9b4>
...
001 (78854907.092.000) 2026-10-03 21:38:42 Job executing on host: <10.14.7.5:9618?addrs=10.14.7.5-9618&alias=node1505.cluster.ldas.cit&noUDP&sock=startd_29886_e37f>
	SlotName: slot1_1@node1505.cluster.ldas.cit
	CondorScratchDir = "/var/lib/condor/execute/dir_439564/scratch"
	Cpus = 4
	Disk = 28672
	GPUs = 0
	Memory = 15104
...
006 (78854907.092.000) 2026-10-03 21:38:50 Image size of job updated: 275116
	269  -  MemoryUsage of job (MB)
	275116  -  ResidentSetSize of job (KB)
...
006 (78854907.092.000) 2026-10-03 21:43:50 Image size of job updated: 280124
	274  -  MemoryUsage of job (MB)
	280124  -  ResidentSetSize of job (KB)
...
006 (78854907.092.000) 2026-10-03 21:48:51 Image size of job updated: 427368
	418  -  MemoryUsage of job (MB)
	427368  -  ResidentSetSize of job (KB)
...
006 (78854907.092.000) 2026-10-03 21:53:52 Image size of job updated: 428068
	419  -  MemoryUsage of job (MB)
	428068  -  ResidentSetSize of job (KB)
...
006 (78854907.092.000) 2026-10-03 21:58:52 Image size of job updated: 442240
	432  -  MemoryUsage of job (MB)
	442240  -  ResidentSetSize of job (KB)
...
006 (78854907.092.000) 2026-10-03 22:03:53 Image size of job updated: 445200
	435  -  MemoryUsage of job (MB)
	445200  -  ResidentSetSize of job (KB)
...
006 (78854907.092.000) 2026-10-03 22:08:54 Image size of job updated: 449476
	438  -  MemoryUsage of job (MB)
	447500  -  ResidentSetSize of job (KB)
...
006 (78854907.092.000) 2026-10-03 22:13:54 Image size of job updated: 449476
	438  -  MemoryUsage of job (MB)
	447548  -  ResidentSetSize of job (KB)
...
006 (78854907.092.000) 2026-10-03 22:18:55 Image size of job updated: 468368
	458  -  MemoryUsage of job (MB)
	468368  -  ResidentSetSize of job (KB)
...
006 (78854907.092.000) 2026-10-03 22:23:56 Image size of job updated: 468748
	458  -  MemoryUsage of job (MB)
	468748  -  ResidentSetSize of job (KB)
...
006 (78854907.092.000) 2026-10-03 22:28:56 Image size of job updated: 476460
	464  -  MemoryUsage of job (MB)
	474420  -  ResidentSetSize of job (KB)
...
006 (78854907.092.000) 2026-10-03 22:33:57 Image size of job updated: 476460
	464  -  MemoryUsage of job (MB)
	474464  -  ResidentSetSize of job (KB)
...
006 (78854907.092.000) 2026-10-03 22:38:58 Image size of job updated: 477424
	467  -  MemoryUsage of job (MB)
	477424  -  ResidentSetSize of job (KB)
...
006 (78854907.092.000) 2026-10-03 22:43:58 Image size of job updated: 477456
	467  -  MemoryUsage of job (MB)
	477456  -  ResidentSetSize of job (KB)
...
006 (78854907.092.000) 2026-10-03 22:48:59 Image size of job updated: 486252
	474  -  MemoryUsage of job (MB)
	485236  -  ResidentSetSize of job (KB)
...
006 (78854907.092.000) 2026-10-03 22:54:00 Image size of job updated: 486252
	474  -  MemoryUsage of job (MB)
	485252  -  ResidentSetSize of job (KB)
...
006 (78854907.092.000) 2026-10-03 22:59:00 Image size of job updated: 486252
	474  -  MemoryUsage of job (MB)
	485332  -  ResidentSetSize of job (KB)
...
006 (78854907.092.000) 2026-10-03 23:04:01 Image size of job updated: 486252
	474  -  MemoryUsage of job (MB)
	485344  -  ResidentSetSize of job (KB)
...
006 (78854907.092.000) 2026-10-03 23:09:02 Image size of job updated: 487416
	476  -  MemoryUsage of job (MB)
	487416  -  ResidentSetSize of job (KB)
...
006 (78854907.092.000) 2026-10-03 23:14:02 Image size of job updated: 487424
	476  -  MemoryUsage of job (MB)
	487424  -  ResidentSetSize of job (KB)
...
006 (78854907.092.000) 2026-10-03 23:19:03 Image size of job updated: 491216
	480  -  MemoryUsage of job (MB)
	491216  -  ResidentSetSize of job (KB)
...
006 (78854907.092.000) 2026-10-03 23:24:04 Image size of job updated: 491224
	480  -  MemoryUsage of job (MB)
	491224  -  ResidentSetSize of job (KB)
...
006 (78854907.092.000) 2026-10-03 23:29:04 Image size of job updated: 491556
	481  -  MemoryUsage of job (MB)
	491556  -  ResidentSetSize of job (KB)
...
006 (78854907.092.000) 2026-10-03 23:34:04 Image size of job updated: 491564
	481  -  MemoryUsage of job (MB)
	491564  -  ResidentSetSize of job (KB)
...
006 (78854907.092.000) 2026-10-03 23:39:05 Image size of job updated: 493824
	483  -  MemoryUsage of job (MB)
	493824  -  ResidentSetSize of job (KB)
...
006 (78854907.092.000) 2026-10-03 23:44:05 Image size of job updated: 493832
	483  -  MemoryUsage of job (MB)
	493832  -  ResidentSetSize of job (KB)
...
006 (78854907.092.000) 2026-10-03 23:49:05 Image size of job updated: 493840
	483  -  MemoryUsage of job (MB)
	493840  -  ResidentSetSize of job (KB)
...
006 (78854907.092.000) 2026-10-03 23:54:06 Image size of job updated: 495892
	485  -  MemoryUsage of job (MB)
	495892  -  ResidentSetSize of job (KB)
...
006 (78854907.092.000) 2026-10-03 23:59:06 Image size of job updated: 495912
	485  -  MemoryUsage of job (MB)
	495912  -  ResidentSetSize of job (KB)
...
006 (78854907.092.000) 2026-10-04 00:04:06 Image size of job updated: 496944
	486  -  MemoryUsage of job (MB)
	496944  -  ResidentSetSize of job (KB)
...
006 (78854907.092.000) 2026-10-04 00:09:07 Image size of job updated: 496956
	486  -  MemoryUsage of job (MB)
	496956  -  ResidentSetSize of job (KB)
...
006 (78854907.092.000) 2026-10-04 00:14:07 Image size of job updated: 498008
	487  -  MemoryUsage of job (MB)
	498008  -  ResidentSetSize of job (KB)
...
006 (78854907.092.000) 2026-10-04 00:19:07 Image size of job updated: 498020
	487  -  MemoryUsage of job (MB)
	498020  -  ResidentSetSize of job (KB)
...
006 (78854907.092.000) 2026-10-04 00:24:08 Image size of job updated: 500132
	489  -  MemoryUsage of job (MB)
	500132  -  ResidentSetSize of job (KB)
...
006 (78854907.092.000) 2026-10-04 00:29:08 Image size of job updated: 500140
	489  -  MemoryUsage of job (MB)
	500140  -  ResidentSetSize of job (KB)
...
006 (78854907.092.000) 2026-10-04 00:34:08 Image size of job updated: 502156
	490  -  MemoryUsage of job (MB)
	501156  -  ResidentSetSize of job (KB)
...
006 (78854907.092.000) 2026-10-04 00:39:09 Image size of job updated: 502156
	490  -  MemoryUsage of job (MB)
	501164  -  ResidentSetSize of job (KB)
...
006 (78854907.092.000) 2026-10-04 00:44:09 Image size of job updated: 502184
	491  -  MemoryUsage of job (MB)
	502184  -  ResidentSetSize of job (KB)
...
006 (78854907.092.000) 2026-10-04 00:49:09 Image size of job updated: 502200
	491  -  MemoryUsage of job (MB)
	502200  -  ResidentSetSize of job (KB)
...
006 (78854907.092.000) 2026-10-04 00:54:10 Image size of job updated: 504256
	493  -  MemoryUsage of job (MB)
	504256  -  ResidentSetSize of job (KB)
...
006 (78854907.092.000) 2026-10-04 00:59:10 Image size of job updated: 504260
	493  -  MemoryUsage of job (MB)
	504260  -  ResidentSetSize of job (KB)
...
006 (78854907.092.000) 2026-10-04 01:04:10 Image size of job updated: 505272
	494  -  MemoryUsage of job (MB)
	505272  -  ResidentSetSize of job (KB)
...
006 (78854907.092.000) 2026-10-04 01:09:11 Image size of job updated: 505280
	494  -  MemoryUsage of job (MB)
	505280  -  ResidentSetSize of job (KB)
...
006 (78854907.092.000) 2026-10-04 01:14:11 Image size of job updated: 506308
	495  -  MemoryUsage of job (MB)
	506308  -  ResidentSetSize of job (KB)
...
006 (78854907.092.000) 2026-10-04 01:19:11 Image size of job updated: 506356
	495  -  MemoryUsage of job (MB)
	506356  -  ResidentSetSize of job (KB)
...
006 (78854907.092.000) 2026-10-04 01:24:12 Image size of job updated: 507376
	496  -  MemoryUsage of job (MB)
	507376  -  ResidentSetSize of job (KB)
...
006 (78854907.092.000) 2026-10-04 01:29:12 Image size of job updated: 507384
	496  -  MemoryUsage of job (MB)
	507384  -  ResidentSetSize of job (KB)
...
006 (78854907.092.000) 2026-10-04 01:34:12 Image size of job updated: 510412
	499  -  MemoryUsage of job (MB)
	510412  -  ResidentSetSize of job (KB)
...
006 (78854907.092.000) 2026-10-04 01:39:13 Image size of job updated: 510424
	499  -  MemoryUsage of job (MB)
	510424  -  ResidentSetSize of job (KB)
...
006 (78854907.092.000) 2026-10-04 01:44:14 Image size of job updated: 512448
	500  -  MemoryUsage of job (MB)
	511424  -  ResidentSetSize of job (KB)
...
006 (78854907.092.000) 2026-10-04 01:49:14 Image size of job updated: 512448
	500  -  MemoryUsage of job (MB)
	511544  -  ResidentSetSize of job (KB)
...
006 (78854907.092.000) 2026-10-04 01:54:15 Image size of job updated: 512572
	501  -  MemoryUsage of job (MB)
	512572  -  ResidentSetSize of job (KB)
...
006 (78854907.092.000) 2026-10-04 01:59:16 Image size of job updated: 512580
	501  -  MemoryUsage of job (MB)
	512580  -  ResidentSetSize of job (KB)
...
006 (78854907.092.000) 2026-10-04 02:04:16 Image size of job updated: 513624
	502  -  MemoryUsage of job (MB)
	513624  -  ResidentSetSize of job (KB)
...
006 (78854907.092.000) 2026-10-04 02:09:17 Image size of job updated: 513632
	502  -  MemoryUsage of job (MB)
	513632  -  ResidentSetSize of job (KB)
...
006 (78854907.092.000) 2026-10-04 02:14:18 Image size of job updated: 514660
	503  -  MemoryUsage of job (MB)
	514660  -  ResidentSetSize of job (KB)
...
006 (78854907.092.000) 2026-10-04 02:19:18 Image size of job updated: 514668
	503  -  MemoryUsage of job (MB)
	514668  -  ResidentSetSize of job (KB)
...
006 (78854907.092.000) 2026-10-04 02:24:19 Image size of job updated: 515684
	503  -  MemoryUsage of job (MB)
	514668  -  ResidentSetSize of job (KB)
...
006 (78854907.092.000) 2026-10-04 02:34:20 Image size of job updated: 516688
	505  -  MemoryUsage of job (MB)
	516688  -  ResidentSetSize of job (KB)
...
006 (78854907.092.000) 2026-10-04 02:39:21 Image size of job updated: 516692
	505  -  MemoryUsage of job (MB)
	516692  -  ResidentSetSize of job (KB)
...
006 (78854907.092.000) 2026-10-04 02:44:22 Image size of job updated: 522324
	508  -  MemoryUsage of job (MB)
	519284  -  ResidentSetSize of job (KB)
...
006 (78854907.092.000) 2026-10-04 02:49:22 Image size of job updated: 522324
	508  -  MemoryUsage of job (MB)
	519288  -  ResidentSetSize of job (KB)
...
006 (78854907.092.000) 2026-10-04 02:54:23 Image size of job updated: 522324
	509  -  MemoryUsage of job (MB)
	520304  -  ResidentSetSize of job (KB)
...
006 (78854907.092.000) 2026-10-04 02:59:24 Image size of job updated: 523352
	512  -  MemoryUsage of job (MB)
	523352  -  ResidentSetSize of job (KB)
...
006 (78854907.092.000) 2026-10-04 03:04:24 Image size of job updated: 523364
	512  -  MemoryUsage of job (MB)
	523364  -  ResidentSetSize of job (KB)
...
006 (78854907.092.000) 2026-10-04 03:09:25 Image size of job updated: 523672
	512  -  MemoryUsage of job (MB)
	523672  -  ResidentSetSize of job (KB)
...
006 (78854907.092.000) 2026-10-04 03:14:26 Image size of job updated: 523680
	512  -  MemoryUsage of job (MB)
	523680  -  ResidentSetSize of job (KB)
...
006 (78854907.092.000) 2026-10-04 03:19:26 Image size of job updated: 530452
	519  -  MemoryUsage of job (MB)
	530452  -  ResidentSetSize of job (KB)
...
006 (78854907.092.000) 2026-10-04 03:24:27 Image size of job updated: 530576
	519  -  MemoryUsage of job (MB)
	530576  -  ResidentSetSize of job (KB)
...
006 (78854907.092.000) 2026-10-04 03:29:28 Image size of job updated: 550716
	538  -  MemoryUsage of job (MB)
	550716  -  ResidentSetSize of job (KB)
...
006 (78854907.092.000) 2026-10-04 03:34:28 Image size of job updated: 550724
	538  -  MemoryUsage of job (MB)
	550724  -  ResidentSetSize of job (KB)
...
006 (78854907.092.000) 2026-10-04 04:29:33 Image size of job updated: 551652
	539  -  MemoryUsage of job (MB)
	551652  -  ResidentSetSize of job (KB)
...
006 (78854907.092.000) 2026-10-04 04:34:33 Image size of job updated: 551664
	539  -  MemoryUsage of job (MB)
	551664  -  ResidentSetSize of job (KB)
...
006 (78854907.092.000) 2026-10-04 04:39:33 Image size of job updated: 554696
	542  -  MemoryUsage of job (MB)
	554696  -  ResidentSetSize of job (KB)
...
006 (78854907.092.000) 2026-10-04 04:44:34 Image size of job updated: 554700
	542  -  MemoryUsage of job (MB)
	554700  -  ResidentSetSize of job (KB)
...
006 (78854907.092.000) 2026-10-04 04:49:34 Image size of job updated: 560112
	542  -  MemoryUsage of job (MB)
	554700  -  ResidentSetSize of job (KB)
...
006 (78854907.092.000) 2026-10-04 05:09:35 Image size of job updated: 565572
	542  -  MemoryUsage of job (MB)
	554700  -  ResidentSetSize of job (KB)
...
006 (78854907.092.000) 2026-10-04 06:44:46 Image size of job updated: 566612
	542  -  MemoryUsage of job (MB)
	554700  -  ResidentSetSize of job (KB)
...
006 (78854907.092.000) 2026-10-04 07:14:49 Image size of job updated: 566612
	545  -  MemoryUsage of job (MB)
	557888  -  ResidentSetSize of job (KB)
...
006 (78854907.092.000) 2026-10-04 07:19:49 Image size of job updated: 566612
	545  -  MemoryUsage of job (MB)
	557892  -  ResidentSetSize of job (KB)
...
006 (78854907.092.000) 2026-10-04 07:24:49 Image size of job updated: 566612
	546  -  MemoryUsage of job (MB)
	558900  -  ResidentSetSize of job (KB)
...
006 (78854907.092.000) 2026-10-04 07:29:50 Image size of job updated: 566612
	546  -  MemoryUsage of job (MB)
	558968  -  ResidentSetSize of job (KB)
...
006 (78854907.092.000) 2026-10-04 07:34:50 Image size of job updated: 566612
	548  -  MemoryUsage of job (MB)
	561016  -  ResidentSetSize of job (KB)
...
006 (78854907.092.000) 2026-10-04 07:39:50 Image size of job updated: 566612
	548  -  MemoryUsage of job (MB)
	561020  -  ResidentSetSize of job (KB)
...
006 (78854907.092.000) 2026-10-04 07:54:52 Image size of job updated: 566612
	549  -  MemoryUsage of job (MB)
	562004  -  ResidentSetSize of job (KB)
...
006 (78854907.092.000) 2026-10-04 07:59:53 Image size of job updated: 566612
	549  -  MemoryUsage of job (MB)
	562052  -  ResidentSetSize of job (KB)
...
006 (78854907.092.000) 2026-10-04 08:14:55 Image size of job updated: 566612
	550  -  MemoryUsage of job (MB)
	563028  -  ResidentSetSize of job (KB)
...
006 (78854907.092.000) 2026-10-04 08:19:56 Image size of job updated: 566612
	550  -  MemoryUsage of job (MB)
	563032  -  ResidentSetSize of job (KB)
...
006 (78854907.092.000) 2026-10-04 08:24:56 Image size of job updated: 566612
	551  -  MemoryUsage of job (MB)
	564096  -  ResidentSetSize of job (KB)
...
006 (78854907.092.000) 2026-10-04 08:29:57 Image size of job updated: 566612
	551  -  MemoryUsage of job (MB)
	564132  -  ResidentSetSize of job (KB)
...
006 (78854907.092.000) 2026-10-04 08:34:58 Image size of job updated: 568672
	555  -  MemoryUsage of job (MB)
	567648  -  ResidentSetSize of job (KB)
...
006 (78854907.092.000) 2026-10-04 08:39:58 Image size of job updated: 568672
	555  -  MemoryUsage of job (MB)
	567652  -  ResidentSetSize of job (KB)
...
006 (78854907.092.000) 2026-10-04 08:44:59 Image size of job updated: 569192
	555  -  MemoryUsage of job (MB)
	568168  -  ResidentSetSize of job (KB)
...
006 (78854907.092.000) 2026-10-04 08:50:00 Image size of job updated: 569192
	555  -  MemoryUsage of job (MB)
	568172  -  ResidentSetSize of job (KB)
...
006 (78854907.092.000) 2026-10-04 08:55:00 Image size of job updated: 570048
	556  -  MemoryUsage of job (MB)
	569028  -  ResidentSetSize of job (KB)
...
006 (78854907.092.000) 2026-10-04 09:00:01 Image size of job updated: 570048
	557  -  MemoryUsage of job (MB)
	569716  -  ResidentSetSize of job (KB)
...
006 (78854907.092.000) 2026-10-04 09:05:02 Image size of job updated: 570920
	558  -  MemoryUsage of job (MB)
	570920  -  ResidentSetSize of job (KB)
...
006 (78854907.092.000) 2026-10-04 09:10:02 Image size of job updated: 570924
	558  -  MemoryUsage of job (MB)
	570924  -  ResidentSetSize of job (KB)
...
006 (78854907.092.000) 2026-10-04 09:15:03 Image size of job updated: 571744
	559  -  MemoryUsage of job (MB)
	571744  -  ResidentSetSize of job (KB)
...
006 (78854907.092.000) 2026-10-04 09:20:04 Image size of job updated: 571748
	559  -  MemoryUsage of job (MB)
	571748  -  ResidentSetSize of job (KB)
...
006 (78854907.092.000) 2026-10-04 09:25:04 Image size of job updated: 577584
	559  -  MemoryUsage of job (MB)
	571748  -  ResidentSetSize of job (KB)
...
006 (78854907.092.000) 2026-10-04 10:40:09 Image size of job updated: 579144
	564  -  MemoryUsage of job (MB)
	577096  -  ResidentSetSize of job (KB)
...
006 (78854907.092.000) 2026-10-04 10:45:09 Image size of job updated: 579144
	564  -  MemoryUsage of job (MB)
	577104  -  ResidentSetSize of job (KB)
...
006 (78854907.092.000) 2026-10-04 10:50:10 Image size of job updated: 580176
	566  -  MemoryUsage of job (MB)
	579152  -  ResidentSetSize of job (KB)
...
006 (78854907.092.000) 2026-10-04 10:55:10 Image size of job updated: 580176
	566  -  MemoryUsage of job (MB)
	579156  -  ResidentSetSize of job (KB)
...
006 (78854907.092.000) 2026-10-04 11:10:11 Image size of job updated: 580884
	566  -  MemoryUsage of job (MB)
	579156  -  ResidentSetSize of job (KB)
...
006 (78854907.092.000) 2026-10-04 11:40:13 Image size of job updated: 583360
	568  -  MemoryUsage of job (MB)
	580884  -  ResidentSetSize of job (KB)
...
006 (78854907.092.000) 2026-10-04 11:45:13 Image size of job updated: 583360
	568  -  MemoryUsage of job (MB)
	580904  -  ResidentSetSize of job (KB)
...
006 (78854907.092.000) 2026-10-04 11:50:14 Image size of job updated: 585860
	572  -  MemoryUsage of job (MB)
	585048  -  ResidentSetSize of job (KB)
...
006 (78854907.092.000) 2026-10-04 11:55:14 Image size of job updated: 585860
	572  -  MemoryUsage of job (MB)
	585100  -  ResidentSetSize of job (KB)
...
006 (78854907.092.000) 2026-10-04 12:20:16 Image size of job updated: 613208
	572  -  MemoryUsage of job (MB)
	585100  -  ResidentSetSize of job (KB)
...
006 (78854907.092.000) 2026-10-04 13:15:20 Image size of job updated: 617212
	575  -  MemoryUsage of job (MB)
	588172  -  ResidentSetSize of job (KB)
...
006 (78854907.092.000) 2026-10-04 13:20:21 Image size of job updated: 617212
	575  -  MemoryUsage of job (MB)
	588760  -  ResidentSetSize of job (KB)
...
006 (78854907.092.000) 2026-10-04 13:25:22 Image size of job updated: 620580
	575  -  MemoryUsage of job (MB)
	588760  -  ResidentSetSize of job (KB)
...
004 (78854907.092.000) 2026-10-04 13:44:44 Job was evicted. Code 1023 Subcode 0
	(0) CPU times
		Usr 2 07:55:50, Sys 0 00:02:40  -  Run Remote Usage
		Usr 0 00:00:00, Sys 0 00:00:00  -  Run Local Usage
	0  -  Run Bytes Sent By Job
	0  -  Run Bytes Received By Job
	Reason: via condor_rm (by user pratyusava.baral)
	Partitionable Resources :    Usage  Request Allocated 
	   Cpus                 :     3.72        4         4 
	   Disk (KB)            : 25000       25000     28672 
	   GPUs                 :                           0 
	   Memory (MB)          :   575       15000     15104 
	   TimeExecute (s)      : 57962                       
	   TimeSlotBusy (s)     : 57962                       
...
009 (78854907.092.000) 2026-10-04 13:44:44 Job was aborted.
	via condor_rm (by user pratyusava.baral)
...
000 (78855136.092.000) 2026-10-04 13:45:07 Job submitted from host: <10.14.0.121:9618?addrs=10.14.0.121-9618&alias=ldas-pcdev12.ligo.caltech.edu&noUDP&sock=schedd_623140_c9b4>
...
001 (78855136.092.000) 2026-10-04 13:49:18 Job executing on host: <10.14.5.93:9618?addrs=10.14.5.93-9618&alias=node1093.cluster.ldas.cit&noUDP&sock=startd_117629_49dc>
	SlotName: slot1_1@node1093.cluster.ldas.cit
	CondorScratchDir = "/var/lib/condor/execute/dir_588703/scratch"
	Cpus = 4
	Disk = 28672
	GPUs = 0
	Memory = 15104
...
006 (78855136.092.000) 2026-10-04 13:49:26 Image size of job updated: 123948
	122  -  MemoryUsage of job (MB)
	123948  -  ResidentSetSize of job (KB)
...
006 (78855136.092.000) 2026-10-04 13:54:26 Image size of job updated: 373372
	365  -  MemoryUsage of job (MB)
	373372  -  ResidentSetSize of job (KB)
...
006 (78855136.092.000) 2026-10-04 13:59:27 Image size of job updated: 516520
	505  -  MemoryUsage of job (MB)
	516520  -  ResidentSetSize of job (KB)
...
006 (78855136.092.000) 2026-10-04 14:04:28 Image size of job updated: 526340
	515  -  MemoryUsage of job (MB)
	526340  -  ResidentSetSize of job (KB)
...
006 (78855136.092.000) 2026-10-04 14:09:28 Image size of job updated: 567368
	555  -  MemoryUsage of job (MB)
	567368  -  ResidentSetSize of job (KB)
...
006 (78855136.092.000) 2026-10-04 14:14:29 Image size of job updated: 567516
	555  -  MemoryUsage of job (MB)
	567516  -  ResidentSetSize of job (KB)
...
006 (78855136.092.000) 2026-10-04 14:19:30 Image size of job updated: 588288
	571  -  MemoryUsage of job (MB)
	584520  -  ResidentSetSize of job (KB)
...
006 (78855136.092.000) 2026-10-04 14:24:30 Image size of job updated: 588288
	571  -  MemoryUsage of job (MB)
	584684  -  ResidentSetSize of job (KB)
...
006 (78855136.092.000) 2026-10-04 14:29:31 Image size of job updated: 600764
	585  -  MemoryUsage of job (MB)
	598776  -  ResidentSetSize of job (KB)
...
006 (78855136.092.000) 2026-10-04 14:34:32 Image size of job updated: 600764
	585  -  MemoryUsage of job (MB)
	598892  -  ResidentSetSize of job (KB)
...
006 (78855136.092.000) 2026-10-04 14:39:32 Image size of job updated: 603796
	586  -  MemoryUsage of job (MB)
	599740  -  ResidentSetSize of job (KB)
...
006 (78855136.092.000) 2026-10-04 14:44:32 Image size of job updated: 603796
	586  -  MemoryUsage of job (MB)
	599776  -  ResidentSetSize of job (KB)
...
006 (78855136.092.000) 2026-10-04 14:49:33 Image size of job updated: 616972
	603  -  MemoryUsage of job (MB)
	616972  -  ResidentSetSize of job (KB)
...
006 (78855136.092.000) 2026-10-04 14:54:33 Image size of job updated: 617752
	604  -  MemoryUsage of job (MB)
	617752  -  ResidentSetSize of job (KB)
...
006 (78855136.092.000) 2026-10-04 14:59:33 Image size of job updated: 621416
	606  -  MemoryUsage of job (MB)
	620544  -  ResidentSetSize of job (KB)
...
006 (78855136.092.000) 2026-10-04 15:04:34 Image size of job updated: 621416
	607  -  MemoryUsage of job (MB)
	620884  -  ResidentSetSize of job (KB)
...
006 (78855136.092.000) 2026-10-04 15:59:37 Image size of job updated: 692148
	625  -  MemoryUsage of job (MB)
	639552  -  ResidentSetSize of job (KB)
...
006 (78855136.092.000) 2026-10-04 16:09:18 Image size of job updated: 692148
	625  -  MemoryUsage of job (MB)
	639564  -  ResidentSetSize of job (KB)
...
006 (78855136.092.000) 2026-10-04 16:23:19 Image size of job updated: 700780
	628  -  MemoryUsage of job (MB)
	643048  -  ResidentSetSize of job (KB)
...
006 (78855136.092.000) 2026-10-04 16:34:32 Image size of job updated: 700780
	631  -  MemoryUsage of job (MB)
	645252  -  ResidentSetSize of job (KB)
...
006 (78855136.092.000) 2026-10-04 16:43:34 Image size of job updated: 731412
	631  -  MemoryUsage of job (MB)
	645252  -  ResidentSetSize of job (KB)
...
005 (78855136.092.000) 2026-10-04 16:43:34 Job terminated.
	(1) Normal termination (return value 0)
		Usr 0 10:31:45, Sys 0 00:00:26  -  Run Remote Usage
		Usr 0 00:00:00, Sys 0 00:00:00  -  Run Local Usage
		Usr 0 10:31:45, Sys 0 00:00:26  -  Total Remote Usage
		Usr 0 00:00:00, Sys 0 00:00:00  -  Total Local Usage
	0  -  Run Bytes Sent By Job
	0  -  Run Bytes Received By Job
	0  -  Total Bytes Sent By Job
	0  -  Total Bytes Received By Job
	Partitionable Resources :    Usage  Request Allocated 
	   Cpus                 :     3.78        4         4 
	   Disk (KB)            : 25000       25000     28672 
	   GPUs                 :                           0 
	   Memory (MB)          :   631       15000     15104 
	   TimeExecute (s)      : 10456                       
	   TimeSlotBusy (s)     : 10456                       
...
