000 (78852668.093.000) 2026-10-01 10:44:08 Job submitted from host: <10.14.0.121:9618?addrs=10.14.0.121-9618&alias=ldas-pcdev12.ligo.caltech.edu&noUDP&sock=schedd_623140_c9b4>
...
001 (78852668.093.000) 2026-10-01 10:48:07 Job executing on host: <10.14.10.62:9618?addrs=10.14.10.62-9618&alias=node2312.cluster.ldas.cit&noUDP&sock=startd_2782857_032a>
	SlotName: slot1_2@node2312.cluster.ldas.cit
	CondorScratchDir = "/var/lib/condor/execute/dir_69154/scratch"
	Cpus = 4
	Disk = 28672
	GPUs = 0
	Memory = 15104
...
006 (78852668.093.000) 2026-10-01 10:48:07 Image size of job updated: 25000
	0  -  MemoryUsage of job (MB)
	0  -  ResidentSetSize of job (KB)
...
005 (78852668.093.000) 2026-10-01 10:48:07 Job terminated.
	(1) Normal termination (return value 1)
		Usr 0 00:00:00, Sys 0 00:00:00  -  Run Remote Usage
		Usr 0 00:00:00, Sys 0 00:00:00  -  Run Local Usage
		Usr 0 00:00:00, Sys 0 00:00:00  -  Total Remote Usage
		Usr 0 00:00:00, Sys 0 00:00:00  -  Total Local Usage
	0  -  Run Bytes Sent By Job
	0  -  Run Bytes Received By Job
	0  -  Total Bytes Sent By Job
	0  -  Total Bytes Received By Job
	Partitionable Resources :    Usage  Request Allocated 
	   Cpus                 :                 4         4 
	   Disk (KB)            :    25000    25000     28672 
	   GPUs                 :                           0 
	   Memory (MB)          :        0    15000     15104 
	   TimeExecute (s)      :        0                    
	   TimeSlotBusy (s)     :        0                    
...
000 (78854871.093.000) 2026-10-03 17:15:42 Job submitted from host: <10.14.0.121:9618?addrs=10.14.0.121-9618&alias=ldas-pcdev12.ligo.caltech.edu&noUDP&sock=schedd_623140_c9b4>
...
001 (78854871.093.000) 2026-10-03 17:16:40 Job executing on host: <10.14.4.40:9618?addrs=10.14.4.40-9618&alias=node790.cluster.ldas.cit&noUDP&sock=startd_1602667_d61b>
	SlotName: slot1_4@node790.cluster.ldas.cit
	CondorScratchDir = "/var/lib/condor/execute/dir_2283578/scratch"
	Cpus = 4
	Disk = 28672
	GPUs = 0
	Memory = 15104
...
006 (78854871.093.000) 2026-10-03 17:16:49 Image size of job updated: 318728
	312  -  MemoryUsage of job (MB)
	318728  -  ResidentSetSize of job (KB)
...
006 (78854871.093.000) 2026-10-03 17:21:50 Image size of job updated: 372764
	365  -  MemoryUsage of job (MB)
	372764  -  ResidentSetSize of job (KB)
...
006 (78854871.093.000) 2026-10-03 17:26:50 Image size of job updated: 373892
	366  -  MemoryUsage of job (MB)
	373892  -  ResidentSetSize of job (KB)
...
006 (78854871.093.000) 2026-10-03 17:31:51 Image size of job updated: 476604
	466  -  MemoryUsage of job (MB)
	476604  -  ResidentSetSize of job (KB)
...
006 (78854871.093.000) 2026-10-03 17:36:52 Image size of job updated: 476744
	466  -  MemoryUsage of job (MB)
	476744  -  ResidentSetSize of job (KB)
...
006 (78854871.093.000) 2026-10-03 17:41:52 Image size of job updated: 491000
	480  -  MemoryUsage of job (MB)
	491000  -  ResidentSetSize of job (KB)
...
006 (78854871.093.000) 2026-10-03 17:46:53 Image size of job updated: 491044
	480  -  MemoryUsage of job (MB)
	491044  -  ResidentSetSize of job (KB)
...
006 (78854871.093.000) 2026-10-03 17:51:54 Image size of job updated: 493408
	482  -  MemoryUsage of job (MB)
	493408  -  ResidentSetSize of job (KB)
...
006 (78854871.093.000) 2026-10-03 17:56:54 Image size of job updated: 493428
	482  -  MemoryUsage of job (MB)
	493428  -  ResidentSetSize of job (KB)
...
006 (78854871.093.000) 2026-10-03 18:01:55 Image size of job updated: 493448
	482  -  MemoryUsage of job (MB)
	493448  -  ResidentSetSize of job (KB)
...
006 (78854871.093.000) 2026-10-03 18:06:56 Image size of job updated: 493472
	482  -  MemoryUsage of job (MB)
	493472  -  ResidentSetSize of job (KB)
...
006 (78854871.093.000) 2026-10-03 18:11:56 Image size of job updated: 493684
	483  -  MemoryUsage of job (MB)
	493684  -  ResidentSetSize of job (KB)
...
006 (78854871.093.000) 2026-10-03 18:16:57 Image size of job updated: 493692
	483  -  MemoryUsage of job (MB)
	493692  -  ResidentSetSize of job (KB)
...
006 (78854871.093.000) 2026-10-03 18:21:58 Image size of job updated: 506700
	495  -  MemoryUsage of job (MB)
	506700  -  ResidentSetSize of job (KB)
...
006 (78854871.093.000) 2026-10-03 18:26:58 Image size of job updated: 516072
	504  -  MemoryUsage of job (MB)
	516072  -  ResidentSetSize of job (KB)
...
006 (78854871.093.000) 2026-10-03 18:31:59 Image size of job updated: 644052
	629  -  MemoryUsage of job (MB)
	644052  -  ResidentSetSize of job (KB)
...
006 (78854871.093.000) 2026-10-03 18:37:00 Image size of job updated: 775188
	758  -  MemoryUsage of job (MB)
	775188  -  ResidentSetSize of job (KB)
...
006 (78854871.093.000) 2026-10-03 18:42:00 Image size of job updated: 872224
	852  -  MemoryUsage of job (MB)
	872224  -  ResidentSetSize of job (KB)
...
006 (78854871.093.000) 2026-10-03 18:47:01 Image size of job updated: 872236
	852  -  MemoryUsage of job (MB)
	872236  -  ResidentSetSize of job (KB)
...
006 (78854871.093.000) 2026-10-03 18:52:02 Image size of job updated: 872248
	852  -  MemoryUsage of job (MB)
	872248  -  ResidentSetSize of job (KB)
...
006 (78854871.093.000) 2026-10-03 18:57:02 Image size of job updated: 872252
	852  -  MemoryUsage of job (MB)
	872252  -  ResidentSetSize of job (KB)
...
006 (78854871.093.000) 2026-10-03 19:02:02 Image size of job updated: 872256
	852  -  MemoryUsage of job (MB)
	872256  -  ResidentSetSize of job (KB)
...
006 (78854871.093.000) 2026-10-03 19:07:03 Image size of job updated: 872260
	852  -  MemoryUsage of job (MB)
	872260  -  ResidentSetSize of job (KB)
...
006 (78854871.093.000) 2026-10-03 19:12:03 Image size of job updated: 872264
	852  -  MemoryUsage of job (MB)
	872264  -  ResidentSetSize of job (KB)
...
006 (78854871.093.000) 2026-10-03 19:17:03 Image size of job updated: 872268
	852  -  MemoryUsage of job (MB)
	872268  -  ResidentSetSize of job (KB)
...
006 (78854871.093.000) 2026-10-03 19:27:04 Image size of job updated: 872272
	852  -  MemoryUsage of job (MB)
	872272  -  ResidentSetSize of job (KB)
...
006 (78854871.093.000) 2026-10-03 19:32:04 Image size of job updated: 874288
	854  -  MemoryUsage of job (MB)
	874288  -  ResidentSetSize of job (KB)
...
006 (78854871.093.000) 2026-10-03 19:37:05 Image size of job updated: 874296
	854  -  MemoryUsage of job (MB)
	874296  -  ResidentSetSize of job (KB)
...
006 (78854871.093.000) 2026-10-03 19:42:05 Image size of job updated: 875540
	856  -  MemoryUsage of job (MB)
	875540  -  ResidentSetSize of job (KB)
...
006 (78854871.093.000) 2026-10-03 19:47:05 Image size of job updated: 875544
	856  -  MemoryUsage of job (MB)
	875544  -  ResidentSetSize of job (KB)
...
006 (78854871.093.000) 2026-10-03 20:12:07 Image size of job updated: 876528
	856  -  MemoryUsage of job (MB)
	876464  -  ResidentSetSize of job (KB)
...
006 (78854871.093.000) 2026-10-03 20:17:07 Image size of job updated: 876528
	856  -  MemoryUsage of job (MB)
	876468  -  ResidentSetSize of job (KB)
...
006 (78854871.093.000) 2026-10-03 20:22:08 Image size of job updated: 876528
	856  -  MemoryUsage of job (MB)
	876472  -  ResidentSetSize of job (KB)
...
006 (78854871.093.000) 2026-10-03 20:32:08 Image size of job updated: 883000
	863  -  MemoryUsage of job (MB)
	883000  -  ResidentSetSize of job (KB)
...
006 (78854871.093.000) 2026-10-03 20:42:10 Image size of job updated: 883076
	863  -  MemoryUsage of job (MB)
	883076  -  ResidentSetSize of job (KB)
...
006 (78854871.093.000) 2026-10-03 20:52:11 Image size of job updated: 883080
	863  -  MemoryUsage of job (MB)
	883080  -  ResidentSetSize of job (KB)
...
006 (78854871.093.000) 2026-10-03 21:02:12 Image size of job updated: 883804
	864  -  MemoryUsage of job (MB)
	883804  -  ResidentSetSize of job (KB)
...
006 (78854871.093.000) 2026-10-03 21:07:13 Image size of job updated: 883808
	864  -  MemoryUsage of job (MB)
	883808  -  ResidentSetSize of job (KB)
...
006 (78854871.093.000) 2026-10-03 21:17:14 Image size of job updated: 887140
	867  -  MemoryUsage of job (MB)
	887140  -  ResidentSetSize of job (KB)
...
006 (78854871.093.000) 2026-10-03 21:27:16 Image size of job updated: 887156
	867  -  MemoryUsage of job (MB)
	887156  -  ResidentSetSize of job (KB)
...
006 (78854871.093.000) 2026-10-03 21:36:52 Image size of job updated: 897428
	867  -  MemoryUsage of job (MB)
	887156  -  ResidentSetSize of job (KB)
...
004 (78854871.093.000) 2026-10-03 21:36:52 Job was evicted. Code 1023 Subcode 0
	(0) CPU times
		Usr 0 13:53:13, Sys 0 00:00:27  -  Run Remote Usage
		Usr 0 00:00:00, Sys 0 00:00:00  -  Run Local Usage
	0  -  Run Bytes Sent By Job
	0  -  Run Bytes Received By Job
	Reason: via condor_rm (by user pratyusava.baral)
	Partitionable Resources :    Usage  Request Allocated 
	   Cpus                 :     1.70        4         4 
	   Disk (KB)            : 25000       25000     28672 
	   GPUs                 :                           0 
	   Memory (MB)          :   867       15000     15104 
	   TimeExecute (s)      : 15612                       
	   TimeSlotBusy (s)     : 15612                       
...
009 (78854871.093.000) 2026-10-03 21:36:52 Job was aborted.
	via condor_rm (by user pratyusava.baral)
...
000 (78854907.093.000) 2026-10-03 21:37:08 Job submitted from host: <10.14.0.121:9618?addrs=10.14.0.121-9618&alias=ldas-pcdev12.ligo.caltech.edu&noUDP&sock=schedd_623140_c9b4>
...
001 (78854907.093.000) 2026-10-03 21:38:42 Job executing on host: <10.14.6.163:9618?addrs=10.14.6.163-9618&alias=node1413.cluster.ldas.cit&noUDP&sock=startd_35470_0c57>
	SlotName: slot1_1@node1413.cluster.ldas.cit
	CondorScratchDir = "/var/lib/condor/execute/dir_734317/scratch"
	Cpus = 4
	Disk = 28672
	GPUs = 0
	Memory = 15104
...
006 (78854907.093.000) 2026-10-03 21:38:51 Image size of job updated: 335104
	328  -  MemoryUsage of job (MB)
	335104  -  ResidentSetSize of job (KB)
...
006 (78854907.093.000) 2026-10-03 21:43:52 Image size of job updated: 341200
	334  -  MemoryUsage of job (MB)
	341200  -  ResidentSetSize of job (KB)
...
006 (78854907.093.000) 2026-10-03 21:48:52 Image size of job updated: 459244
	449  -  MemoryUsage of job (MB)
	459244  -  ResidentSetSize of job (KB)
...
006 (78854907.093.000) 2026-10-03 21:53:52 Image size of job updated: 460764
	450  -  MemoryUsage of job (MB)
	460764  -  ResidentSetSize of job (KB)
...
006 (78854907.093.000) 2026-10-03 21:58:53 Image size of job updated: 504960
	494  -  MemoryUsage of job (MB)
	504960  -  ResidentSetSize of job (KB)
...
006 (78854907.093.000) 2026-10-03 22:03:53 Image size of job updated: 508836
	497  -  MemoryUsage of job (MB)
	508836  -  ResidentSetSize of job (KB)
...
006 (78854907.093.000) 2026-10-03 22:08:53 Image size of job updated: 512120
	497  -  MemoryUsage of job (MB)
	508836  -  ResidentSetSize of job (KB)
...
006 (78854907.093.000) 2026-10-03 22:18:54 Image size of job updated: 517596
	506  -  MemoryUsage of job (MB)
	517596  -  ResidentSetSize of job (KB)
...
006 (78854907.093.000) 2026-10-03 22:23:54 Image size of job updated: 517888
	506  -  MemoryUsage of job (MB)
	517888  -  ResidentSetSize of job (KB)
...
006 (78854907.093.000) 2026-10-03 22:28:55 Image size of job updated: 517916
	506  -  MemoryUsage of job (MB)
	517888  -  ResidentSetSize of job (KB)
...
006 (78854907.093.000) 2026-10-03 22:38:55 Image size of job updated: 518796
	507  -  MemoryUsage of job (MB)
	518796  -  ResidentSetSize of job (KB)
...
006 (78854907.093.000) 2026-10-03 22:43:56 Image size of job updated: 518804
	507  -  MemoryUsage of job (MB)
	518804  -  ResidentSetSize of job (KB)
...
006 (78854907.093.000) 2026-10-03 22:48:57 Image size of job updated: 519056
	507  -  MemoryUsage of job (MB)
	519056  -  ResidentSetSize of job (KB)
...
006 (78854907.093.000) 2026-10-03 22:53:57 Image size of job updated: 519064
	507  -  MemoryUsage of job (MB)
	519064  -  ResidentSetSize of job (KB)
...
006 (78854907.093.000) 2026-10-03 22:58:58 Image size of job updated: 531708
	520  -  MemoryUsage of job (MB)
	531708  -  ResidentSetSize of job (KB)
...
006 (78854907.093.000) 2026-10-03 23:03:59 Image size of job updated: 532448
	520  -  MemoryUsage of job (MB)
	532448  -  ResidentSetSize of job (KB)
...
006 (78854907.093.000) 2026-10-03 23:08:59 Image size of job updated: 547116
	533  -  MemoryUsage of job (MB)
	544916  -  ResidentSetSize of job (KB)
...
006 (78854907.093.000) 2026-10-03 23:14:00 Image size of job updated: 547116
	533  -  MemoryUsage of job (MB)
	545004  -  ResidentSetSize of job (KB)
...
006 (78854907.093.000) 2026-10-03 23:19:01 Image size of job updated: 547116
	533  -  MemoryUsage of job (MB)
	545144  -  ResidentSetSize of job (KB)
...
006 (78854907.093.000) 2026-10-03 23:24:01 Image size of job updated: 547116
	533  -  MemoryUsage of job (MB)
	545148  -  ResidentSetSize of job (KB)
...
006 (78854907.093.000) 2026-10-03 23:29:02 Image size of job updated: 547116
	533  -  MemoryUsage of job (MB)
	545160  -  ResidentSetSize of job (KB)
...
006 (78854907.093.000) 2026-10-03 23:34:03 Image size of job updated: 547116
	534  -  MemoryUsage of job (MB)
	546212  -  ResidentSetSize of job (KB)
...
006 (78854907.093.000) 2026-10-03 23:39:03 Image size of job updated: 547116
	534  -  MemoryUsage of job (MB)
	546220  -  ResidentSetSize of job (KB)
...
006 (78854907.093.000) 2026-10-03 23:44:04 Image size of job updated: 547116
	535  -  MemoryUsage of job (MB)
	546872  -  ResidentSetSize of job (KB)
...
006 (78854907.093.000) 2026-10-03 23:49:05 Image size of job updated: 547116
	535  -  MemoryUsage of job (MB)
	546876  -  ResidentSetSize of job (KB)
...
006 (78854907.093.000) 2026-10-03 23:54:05 Image size of job updated: 547116
	535  -  MemoryUsage of job (MB)
	546884  -  ResidentSetSize of job (KB)
...
006 (78854907.093.000) 2026-10-03 23:59:06 Image size of job updated: 547116
	535  -  MemoryUsage of job (MB)
	546892  -  ResidentSetSize of job (KB)
...
006 (78854907.093.000) 2026-10-04 00:04:07 Image size of job updated: 547116
	535  -  MemoryUsage of job (MB)
	546904  -  ResidentSetSize of job (KB)
...
006 (78854907.093.000) 2026-10-04 00:09:07 Image size of job updated: 547116
	535  -  MemoryUsage of job (MB)
	546920  -  ResidentSetSize of job (KB)
...
006 (78854907.093.000) 2026-10-04 00:14:08 Image size of job updated: 547164
	535  -  MemoryUsage of job (MB)
	547164  -  ResidentSetSize of job (KB)
...
006 (78854907.093.000) 2026-10-04 00:24:09 Image size of job updated: 552048
	539  -  MemoryUsage of job (MB)
	551028  -  ResidentSetSize of job (KB)
...
006 (78854907.093.000) 2026-10-04 00:29:09 Image size of job updated: 552048
	539  -  MemoryUsage of job (MB)
	551040  -  ResidentSetSize of job (KB)
...
006 (78854907.093.000) 2026-10-04 00:34:10 Image size of job updated: 553104
	541  -  MemoryUsage of job (MB)
	553104  -  ResidentSetSize of job (KB)
...
006 (78854907.093.000) 2026-10-04 00:39:10 Image size of job updated: 553108
	541  -  MemoryUsage of job (MB)
	553108  -  ResidentSetSize of job (KB)
...
006 (78854907.093.000) 2026-10-04 00:44:10 Image size of job updated: 553116
	541  -  MemoryUsage of job (MB)
	553116  -  ResidentSetSize of job (KB)
...
006 (78854907.093.000) 2026-10-04 00:49:11 Image size of job updated: 553120
	541  -  MemoryUsage of job (MB)
	553120  -  ResidentSetSize of job (KB)
...
006 (78854907.093.000) 2026-10-04 00:54:11 Image size of job updated: 554824
	542  -  MemoryUsage of job (MB)
	554824  -  ResidentSetSize of job (KB)
...
006 (78854907.093.000) 2026-10-04 01:04:12 Image size of job updated: 554828
	542  -  MemoryUsage of job (MB)
	554828  -  ResidentSetSize of job (KB)
...
006 (78854907.093.000) 2026-10-04 01:09:12 Image size of job updated: 554848
	542  -  MemoryUsage of job (MB)
	554848  -  ResidentSetSize of job (KB)
...
006 (78854907.093.000) 2026-10-04 01:19:13 Image size of job updated: 554852
	542  -  MemoryUsage of job (MB)
	554852  -  ResidentSetSize of job (KB)
...
006 (78854907.093.000) 2026-10-04 01:34:14 Image size of job updated: 554856
	542  -  MemoryUsage of job (MB)
	554856  -  ResidentSetSize of job (KB)
...
006 (78854907.093.000) 2026-10-04 01:39:15 Image size of job updated: 555924
	543  -  MemoryUsage of job (MB)
	555924  -  ResidentSetSize of job (KB)
...
006 (78854907.093.000) 2026-10-04 01:44:15 Image size of job updated: 555928
	543  -  MemoryUsage of job (MB)
	555928  -  ResidentSetSize of job (KB)
...
006 (78854907.093.000) 2026-10-04 01:49:16 Image size of job updated: 555936
	543  -  MemoryUsage of job (MB)
	555936  -  ResidentSetSize of job (KB)
...
006 (78854907.093.000) 2026-10-04 01:54:17 Image size of job updated: 555948
	543  -  MemoryUsage of job (MB)
	555948  -  ResidentSetSize of job (KB)
...
006 (78854907.093.000) 2026-10-04 02:04:18 Image size of job updated: 556928
	544  -  MemoryUsage of job (MB)
	556928  -  ResidentSetSize of job (KB)
...
006 (78854907.093.000) 2026-10-04 02:09:19 Image size of job updated: 556932
	544  -  MemoryUsage of job (MB)
	556932  -  ResidentSetSize of job (KB)
...
006 (78854907.093.000) 2026-10-04 02:19:19 Image size of job updated: 557948
	545  -  MemoryUsage of job (MB)
	557948  -  ResidentSetSize of job (KB)
...
006 (78854907.093.000) 2026-10-04 02:29:20 Image size of job updated: 558992
	546  -  MemoryUsage of job (MB)
	558992  -  ResidentSetSize of job (KB)
...
006 (78854907.093.000) 2026-10-04 02:39:21 Image size of job updated: 560016
	547  -  MemoryUsage of job (MB)
	560016  -  ResidentSetSize of job (KB)
...
006 (78854907.093.000) 2026-10-04 02:44:21 Image size of job updated: 560020
	547  -  MemoryUsage of job (MB)
	560020  -  ResidentSetSize of job (KB)
...
006 (78854907.093.000) 2026-10-04 02:59:22 Image size of job updated: 560072
	547  -  MemoryUsage of job (MB)
	560072  -  ResidentSetSize of job (KB)
...
006 (78854907.093.000) 2026-10-04 03:19:23 Image size of job updated: 561080
	548  -  MemoryUsage of job (MB)
	561080  -  ResidentSetSize of job (KB)
...
006 (78854907.093.000) 2026-10-04 03:29:25 Image size of job updated: 566200
	553  -  MemoryUsage of job (MB)
	566200  -  ResidentSetSize of job (KB)
...
006 (78854907.093.000) 2026-10-04 03:34:25 Image size of job updated: 566204
	553  -  MemoryUsage of job (MB)
	566204  -  ResidentSetSize of job (KB)
...
006 (78854907.093.000) 2026-10-04 03:49:27 Image size of job updated: 566208
	553  -  MemoryUsage of job (MB)
	566208  -  ResidentSetSize of job (KB)
...
006 (78854907.093.000) 2026-10-04 03:59:29 Image size of job updated: 568224
	555  -  MemoryUsage of job (MB)
	568224  -  ResidentSetSize of job (KB)
...
006 (78854907.093.000) 2026-10-04 04:09:30 Image size of job updated: 569576
	556  -  MemoryUsage of job (MB)
	568568  -  ResidentSetSize of job (KB)
...
006 (78854907.093.000) 2026-10-04 04:14:31 Image size of job updated: 569576
	556  -  MemoryUsage of job (MB)
	568572  -  ResidentSetSize of job (KB)
...
006 (78854907.093.000) 2026-10-04 04:19:31 Image size of job updated: 569576
	556  -  MemoryUsage of job (MB)
	569236  -  ResidentSetSize of job (KB)
...
006 (78854907.093.000) 2026-10-04 04:24:32 Image size of job updated: 569576
	556  -  MemoryUsage of job (MB)
	569280  -  ResidentSetSize of job (KB)
...
006 (78854907.093.000) 2026-10-04 04:44:34 Image size of job updated: 569576
	556  -  MemoryUsage of job (MB)
	569284  -  ResidentSetSize of job (KB)
...
006 (78854907.093.000) 2026-10-04 04:49:34 Image size of job updated: 570292
	557  -  MemoryUsage of job (MB)
	570292  -  ResidentSetSize of job (KB)
...
006 (78854907.093.000) 2026-10-04 04:59:35 Image size of job updated: 571300
	558  -  MemoryUsage of job (MB)
	571300  -  ResidentSetSize of job (KB)
...
006 (78854907.093.000) 2026-10-04 05:04:35 Image size of job updated: 571304
	558  -  MemoryUsage of job (MB)
	571304  -  ResidentSetSize of job (KB)
...
006 (78854907.093.000) 2026-10-04 05:19:36 Image size of job updated: 571308
	558  -  MemoryUsage of job (MB)
	571304  -  ResidentSetSize of job (KB)
...
006 (78854907.093.000) 2026-10-04 05:29:37 Image size of job updated: 575884
	563  -  MemoryUsage of job (MB)
	575884  -  ResidentSetSize of job (KB)
...
006 (78854907.093.000) 2026-10-04 05:39:37 Image size of job updated: 575896
	563  -  MemoryUsage of job (MB)
	575884  -  ResidentSetSize of job (KB)
...
006 (78854907.093.000) 2026-10-04 06:04:41 Image size of job updated: 578588
	566  -  MemoryUsage of job (MB)
	578588  -  ResidentSetSize of job (KB)
...
006 (78854907.093.000) 2026-10-04 06:19:43 Image size of job updated: 578592
	566  -  MemoryUsage of job (MB)
	578592  -  ResidentSetSize of job (KB)
...
006 (78854907.093.000) 2026-10-04 06:24:43 Image size of job updated: 579620
	567  -  MemoryUsage of job (MB)
	579620  -  ResidentSetSize of job (KB)
...
006 (78854907.093.000) 2026-10-04 06:29:44 Image size of job updated: 579652
	567  -  MemoryUsage of job (MB)
	579652  -  ResidentSetSize of job (KB)
...
006 (78854907.093.000) 2026-10-04 06:34:45 Image size of job updated: 579680
	567  -  MemoryUsage of job (MB)
	579680  -  ResidentSetSize of job (KB)
...
006 (78854907.093.000) 2026-10-04 06:44:46 Image size of job updated: 579684
	567  -  MemoryUsage of job (MB)
	579684  -  ResidentSetSize of job (KB)
...
006 (78854907.093.000) 2026-10-04 06:54:47 Image size of job updated: 581700
	569  -  MemoryUsage of job (MB)
	581700  -  ResidentSetSize of job (KB)
...
006 (78854907.093.000) 2026-10-04 07:04:48 Image size of job updated: 582192
	569  -  MemoryUsage of job (MB)
	582192  -  ResidentSetSize of job (KB)
...
006 (78854907.093.000) 2026-10-04 07:09:48 Image size of job updated: 582224
	569  -  MemoryUsage of job (MB)
	582224  -  ResidentSetSize of job (KB)
...
006 (78854907.093.000) 2026-10-04 07:14:48 Image size of job updated: 583232
	570  -  MemoryUsage of job (MB)
	583232  -  ResidentSetSize of job (KB)
...
006 (78854907.093.000) 2026-10-04 07:19:49 Image size of job updated: 583236
	570  -  MemoryUsage of job (MB)
	583236  -  ResidentSetSize of job (KB)
...
006 (78854907.093.000) 2026-10-04 07:24:49 Image size of job updated: 583240
	570  -  MemoryUsage of job (MB)
	583240  -  ResidentSetSize of job (KB)
...
006 (78854907.093.000) 2026-10-04 07:29:49 Image size of job updated: 583244
	570  -  MemoryUsage of job (MB)
	583244  -  ResidentSetSize of job (KB)
...
006 (78854907.093.000) 2026-10-04 07:34:50 Image size of job updated: 583268
	570  -  MemoryUsage of job (MB)
	583268  -  ResidentSetSize of job (KB)
...
006 (78854907.093.000) 2026-10-04 07:44:50 Image size of job updated: 584276
	571  -  MemoryUsage of job (MB)
	584276  -  ResidentSetSize of job (KB)
...
006 (78854907.093.000) 2026-10-04 07:54:51 Image size of job updated: 585284
	572  -  MemoryUsage of job (MB)
	585284  -  ResidentSetSize of job (KB)
...
006 (78854907.093.000) 2026-10-04 07:59:51 Image size of job updated: 585288
	572  -  MemoryUsage of job (MB)
	585288  -  ResidentSetSize of job (KB)
...
006 (78854907.093.000) 2026-10-04 08:09:52 Image size of job updated: 585320
	572  -  MemoryUsage of job (MB)
	585320  -  ResidentSetSize of job (KB)
...
006 (78854907.093.000) 2026-10-04 08:14:52 Image size of job updated: 585324
	572  -  MemoryUsage of job (MB)
	585324  -  ResidentSetSize of job (KB)
...
006 (78854907.093.000) 2026-10-04 08:19:53 Image size of job updated: 585328
	572  -  MemoryUsage of job (MB)
	585328  -  ResidentSetSize of job (KB)
...
006 (78854907.093.000) 2026-10-04 08:34:54 Image size of job updated: 587348
	573  -  MemoryUsage of job (MB)
	586340  -  ResidentSetSize of job (KB)
...
006 (78854907.093.000) 2026-10-04 08:44:54 Image size of job updated: 587348
	573  -  MemoryUsage of job (MB)
	586356  -  ResidentSetSize of job (KB)
...
006 (78854907.093.000) 2026-10-04 08:59:55 Image size of job updated: 587348
	573  -  MemoryUsage of job (MB)
	586360  -  ResidentSetSize of job (KB)
...
006 (78854907.093.000) 2026-10-04 09:14:56 Image size of job updated: 588380
	575  -  MemoryUsage of job (MB)
	588380  -  ResidentSetSize of job (KB)
...
006 (78854907.093.000) 2026-10-04 09:24:58 Image size of job updated: 588624
	575  -  MemoryUsage of job (MB)
	588624  -  ResidentSetSize of job (KB)
...
006 (78854907.093.000) 2026-10-04 09:29:58 Image size of job updated: 589392
	576  -  MemoryUsage of job (MB)
	589392  -  ResidentSetSize of job (KB)
...
006 (78854907.093.000) 2026-10-04 09:34:59 Image size of job updated: 589396
	576  -  MemoryUsage of job (MB)
	589396  -  ResidentSetSize of job (KB)
...
006 (78854907.093.000) 2026-10-04 09:40:00 Image size of job updated: 589400
	576  -  MemoryUsage of job (MB)
	589400  -  ResidentSetSize of job (KB)
...
006 (78854907.093.000) 2026-10-04 09:45:00 Image size of job updated: 589468
	576  -  MemoryUsage of job (MB)
	589468  -  ResidentSetSize of job (KB)
...
006 (78854907.093.000) 2026-10-04 10:00:02 Image size of job updated: 590492
	577  -  MemoryUsage of job (MB)
	590492  -  ResidentSetSize of job (KB)
...
006 (78854907.093.000) 2026-10-04 10:20:05 Image size of job updated: 591516
	578  -  MemoryUsage of job (MB)
	591516  -  ResidentSetSize of job (KB)
...
006 (78854907.093.000) 2026-10-04 10:25:06 Image size of job updated: 591520
	578  -  MemoryUsage of job (MB)
	591520  -  ResidentSetSize of job (KB)
...
006 (78854907.093.000) 2026-10-04 10:50:09 Image size of job updated: 595872
	582  -  MemoryUsage of job (MB)
	595872  -  ResidentSetSize of job (KB)
...
006 (78854907.093.000) 2026-10-04 10:55:10 Image size of job updated: 595876
	582  -  MemoryUsage of job (MB)
	595876  -  ResidentSetSize of job (KB)
...
006 (78854907.093.000) 2026-10-04 11:00:10 Image size of job updated: 604348
	591  -  MemoryUsage of job (MB)
	604348  -  ResidentSetSize of job (KB)
...
006 (78854907.093.000) 2026-10-04 11:10:11 Image size of job updated: 611672
	597  -  MemoryUsage of job (MB)
	610652  -  ResidentSetSize of job (KB)
...
006 (78854907.093.000) 2026-10-04 11:30:12 Image size of job updated: 612704
	599  -  MemoryUsage of job (MB)
	612704  -  ResidentSetSize of job (KB)
...
006 (78854907.093.000) 2026-10-04 11:40:13 Image size of job updated: 617996
	604  -  MemoryUsage of job (MB)
	617996  -  ResidentSetSize of job (KB)
...
006 (78854907.093.000) 2026-10-04 11:50:13 Image size of job updated: 618000
	604  -  MemoryUsage of job (MB)
	618000  -  ResidentSetSize of job (KB)
...
006 (78854907.093.000) 2026-10-04 12:10:15 Image size of job updated: 621764
	608  -  MemoryUsage of job (MB)
	621764  -  ResidentSetSize of job (KB)
...
006 (78854907.093.000) 2026-10-04 12:45:18 Image size of job updated: 624008
	610  -  MemoryUsage of job (MB)
	623816  -  ResidentSetSize of job (KB)
...
006 (78854907.093.000) 2026-10-04 12:50:18 Image size of job updated: 624008
	610  -  MemoryUsage of job (MB)
	623820  -  ResidentSetSize of job (KB)
...
006 (78854907.093.000) 2026-10-04 12:55:19 Image size of job updated: 624844
	610  -  MemoryUsage of job (MB)
	623820  -  ResidentSetSize of job (KB)
...
006 (78854907.093.000) 2026-10-04 13:05:20 Image size of job updated: 624844
	611  -  MemoryUsage of job (MB)
	624844  -  ResidentSetSize of job (KB)
...
006 (78854907.093.000) 2026-10-04 13:15:22 Image size of job updated: 625868
	611  -  MemoryUsage of job (MB)
	624844  -  ResidentSetSize of job (KB)
...
006 (78854907.093.000) 2026-10-04 13:20:22 Image size of job updated: 625868
	611  -  MemoryUsage of job (MB)
	624848  -  ResidentSetSize of job (KB)
...
004 (78854907.093.000) 2026-10-04 13:45:02 Job was evicted. Code 1023 Subcode 0
	(0) CPU times
		Usr 2 06:02:01, Sys 0 00:02:28  -  Run Remote Usage
		Usr 0 00:00:00, Sys 0 00:00:00  -  Run Local Usage
	0  -  Run Bytes Sent By Job
	0  -  Run Bytes Received By Job
	Reason: via condor_rm (by user pratyusava.baral)
	Partitionable Resources :    Usage  Request Allocated 
	   Cpus                 :     2.96        4         4 
	   Disk (KB)            : 25000       25000     28672 
	   GPUs                 :                           0 
	   Memory (MB)          :   611       15000     15104 
	   TimeExecute (s)      : 57980                       
	   TimeSlotBusy (s)     : 57980                       
...
009 (78854907.093.000) 2026-10-04 13:45:02 Job was aborted.
	via condor_rm (by user pratyusava.baral)
...
000 (78855136.093.000) 2026-10-04 13:45:07 Job submitted from host: <10.14.0.121:9618?addrs=10.14.0.121-9618&alias=ldas-pcdev12.ligo.caltech.edu&noUDP&sock=schedd_623140_c9b4>
...
001 (78855136.093.000) 2026-10-04 13:49:18 Job executing on host: <10.14.5.206:9618?addrs=10.14.5.206-9618&alias=node1206.cluster.ldas.cit&noUDP&sock=startd_347466_5a7e>
	SlotName: slot1_1@node1206.cluster.ldas.cit
	CondorScratchDir = "/var/lib/condor/execute/dir_1127826/scratch"
	Cpus = 4
	Disk = 28672
	GPUs = 0
	Memory = 15104
...
006 (78855136.093.000) 2026-10-04 13:49:27 Image size of job updated: 159236
	156  -  MemoryUsage of job (MB)
	159236  -  ResidentSetSize of job (KB)
...
006 (78855136.093.000) 2026-10-04 13:54:28 Image size of job updated: 366028
	358  -  MemoryUsage of job (MB)
	366028  -  ResidentSetSize of job (KB)
...
006 (78855136.093.000) 2026-10-04 13:59:28 Image size of job updated: 479780
	469  -  MemoryUsage of job (MB)
	479780  -  ResidentSetSize of job (KB)
...
006 (78855136.093.000) 2026-10-04 14:04:28 Image size of job updated: 484600
	474  -  MemoryUsage of job (MB)
	484600  -  ResidentSetSize of job (KB)
...
006 (78855136.093.000) 2026-10-04 14:09:29 Image size of job updated: 550352
	538  -  MemoryUsage of job (MB)
	550340  -  ResidentSetSize of job (KB)
...
006 (78855136.093.000) 2026-10-04 14:14:29 Image size of job updated: 550520
	538  -  MemoryUsage of job (MB)
	550520  -  ResidentSetSize of job (KB)
...
006 (78855136.093.000) 2026-10-04 14:19:29 Image size of job updated: 575272
	561  -  MemoryUsage of job (MB)
	574320  -  ResidentSetSize of job (KB)
...
006 (78855136.093.000) 2026-10-04 14:24:30 Image size of job updated: 575272
	561  -  MemoryUsage of job (MB)
	574360  -  ResidentSetSize of job (KB)
...
006 (78855136.093.000) 2026-10-04 14:29:30 Image size of job updated: 579976
	567  -  MemoryUsage of job (MB)
	579976  -  ResidentSetSize of job (KB)
...
006 (78855136.093.000) 2026-10-04 14:34:30 Image size of job updated: 580620
	568  -  MemoryUsage of job (MB)
	580620  -  ResidentSetSize of job (KB)
...
006 (78855136.093.000) 2026-10-04 14:39:31 Image size of job updated: 586704
	573  -  MemoryUsage of job (MB)
	586704  -  ResidentSetSize of job (KB)
...
006 (78855136.093.000) 2026-10-04 14:44:31 Image size of job updated: 586716
	573  -  MemoryUsage of job (MB)
	586716  -  ResidentSetSize of job (KB)
...
006 (78855136.093.000) 2026-10-04 14:49:31 Image size of job updated: 589200
	575  -  MemoryUsage of job (MB)
	588184  -  ResidentSetSize of job (KB)
...
006 (78855136.093.000) 2026-10-04 14:54:32 Image size of job updated: 589200
	575  -  MemoryUsage of job (MB)
	588216  -  ResidentSetSize of job (KB)
...
006 (78855136.093.000) 2026-10-04 14:59:32 Image size of job updated: 593020
	580  -  MemoryUsage of job (MB)
	593020  -  ResidentSetSize of job (KB)
...
006 (78855136.093.000) 2026-10-04 15:04:32 Image size of job updated: 593244
	580  -  MemoryUsage of job (MB)
	593244  -  ResidentSetSize of job (KB)
...
006 (78855136.093.000) 2026-10-04 15:09:33 Image size of job updated: 615092
	601  -  MemoryUsage of job (MB)
	615092  -  ResidentSetSize of job (KB)
...
006 (78855136.093.000) 2026-10-04 15:14:33 Image size of job updated: 615144
	601  -  MemoryUsage of job (MB)
	615144  -  ResidentSetSize of job (KB)
...
006 (78855136.093.000) 2026-10-04 15:19:33 Image size of job updated: 615148
	601  -  MemoryUsage of job (MB)
	615144  -  ResidentSetSize of job (KB)
...
006 (78855136.093.000) 2026-10-04 15:39:35 Image size of job updated: 622584
	608  -  MemoryUsage of job (MB)
	622584  -  ResidentSetSize of job (KB)
...
006 (78855136.093.000) 2026-10-04 15:49:35 Image size of job updated: 622596
	609  -  MemoryUsage of job (MB)
	622596  -  ResidentSetSize of job (KB)
...
006 (78855136.093.000) 2026-10-04 15:54:36 Image size of job updated: 622600
	609  -  MemoryUsage of job (MB)
	622600  -  ResidentSetSize of job (KB)
...
006 (78855136.093.000) 2026-10-04 15:59:36 Image size of job updated: 623696
	609  -  MemoryUsage of job (MB)
	622720  -  ResidentSetSize of job (KB)
...
006 (78855136.093.000) 2026-10-04 16:09:20 Image size of job updated: 623696
	609  -  MemoryUsage of job (MB)
	622724  -  ResidentSetSize of job (KB)
...
006 (78855136.093.000) 2026-10-04 16:23:33 Image size of job updated: 623816
	610  -  MemoryUsage of job (MB)
	623728  -  ResidentSetSize of job (KB)
...
006 (78855136.093.000) 2026-10-04 16:34:55 Image size of job updated: 624808
	610  -  MemoryUsage of job (MB)
	623808  -  ResidentSetSize of job (KB)
...
006 (78855136.093.000) 2026-10-04 16:41:44 Image size of job updated: 624816
	610  -  MemoryUsage of job (MB)
	623808  -  ResidentSetSize of job (KB)
...
006 (78855136.093.000) 2026-10-04 16:46:45 Image size of job updated: 624816
	610  -  MemoryUsage of job (MB)
	623812  -  ResidentSetSize of job (KB)
...
006 (78855136.093.000) 2026-10-04 16:51:45 Image size of job updated: 624816
	610  -  MemoryUsage of job (MB)
	624520  -  ResidentSetSize of job (KB)
...
006 (78855136.093.000) 2026-10-04 17:01:46 Image size of job updated: 625856
	612  -  MemoryUsage of job (MB)
	625856  -  ResidentSetSize of job (KB)
...
006 (78855136.093.000) 2026-10-04 17:06:46 Image size of job updated: 625924
	612  -  MemoryUsage of job (MB)
	625924  -  ResidentSetSize of job (KB)
...
006 (78855136.093.000) 2026-10-04 17:11:46 Image size of job updated: 625928
	612  -  MemoryUsage of job (MB)
	625924  -  ResidentSetSize of job (KB)
...
006 (78855136.093.000) 2026-10-04 17:21:47 Image size of job updated: 626940
	613  -  MemoryUsage of job (MB)
	626940  -  ResidentSetSize of job (KB)
...
006 (78855136.093.000) 2026-10-04 17:31:48 Image size of job updated: 628356
	614  -  MemoryUsage of job (MB)
	628356  -  ResidentSetSize of job (KB)
...
006 (78855136.093.000) 2026-10-04 17:36:48 Image size of job updated: 628408
	614  -  MemoryUsage of job (MB)
	628408  -  ResidentSetSize of job (KB)
...
006 (78855136.093.000) 2026-10-04 17:46:49 Image size of job updated: 629716
	615  -  MemoryUsage of job (MB)
	629716  -  ResidentSetSize of job (KB)
...
006 (78855136.093.000) 2026-10-04 17:51:49 Image size of job updated: 629736
	615  -  MemoryUsage of job (MB)
	629736  -  ResidentSetSize of job (KB)
...
006 (78855136.093.000) 2026-10-04 18:06:50 Image size of job updated: 629796
	615  -  MemoryUsage of job (MB)
	629736  -  ResidentSetSize of job (KB)
...
006 (78855136.093.000) 2026-10-04 18:16:51 Image size of job updated: 631560
	616  -  MemoryUsage of job (MB)
	630536  -  ResidentSetSize of job (KB)
...
006 (78855136.093.000) 2026-10-04 18:26:51 Image size of job updated: 632584
	618  -  MemoryUsage of job (MB)
	632584  -  ResidentSetSize of job (KB)
...
006 (78855136.093.000) 2026-10-04 18:31:52 Image size of job updated: 632592
	618  -  MemoryUsage of job (MB)
	632592  -  ResidentSetSize of job (KB)
...
006 (78855136.093.000) 2026-10-04 18:46:54 Image size of job updated: 632628
	618  -  MemoryUsage of job (MB)
	632628  -  ResidentSetSize of job (KB)
...
006 (78855136.093.000) 2026-10-04 18:51:55 Image size of job updated: 632672
	618  -  MemoryUsage of job (MB)
	632672  -  ResidentSetSize of job (KB)
...
006 (78855136.093.000) 2026-10-04 18:56:55 Image size of job updated: 633684
	619  -  MemoryUsage of job (MB)
	633684  -  ResidentSetSize of job (KB)
...
006 (78855136.093.000) 2026-10-04 19:06:57 Image size of job updated: 633688
	619  -  MemoryUsage of job (MB)
	633688  -  ResidentSetSize of job (KB)
...
006 (78855136.093.000) 2026-10-04 19:11:57 Image size of job updated: 633736
	619  -  MemoryUsage of job (MB)
	633736  -  ResidentSetSize of job (KB)
...
006 (78855136.093.000) 2026-10-04 19:16:58 Image size of job updated: 635752
	621  -  MemoryUsage of job (MB)
	635752  -  ResidentSetSize of job (KB)
...
006 (78855136.093.000) 2026-10-04 19:21:59 Image size of job updated: 635756
	621  -  MemoryUsage of job (MB)
	635756  -  ResidentSetSize of job (KB)
...
006 (78855136.093.000) 2026-10-04 19:52:03 Image size of job updated: 635760
	621  -  MemoryUsage of job (MB)
	635760  -  ResidentSetSize of job (KB)
...
006 (78855136.093.000) 2026-10-04 19:57:03 Image size of job updated: 635772
	621  -  MemoryUsage of job (MB)
	635772  -  ResidentSetSize of job (KB)
...
006 (78855136.093.000) 2026-10-04 20:02:04 Image size of job updated: 635776
	621  -  MemoryUsage of job (MB)
	635776  -  ResidentSetSize of job (KB)
...
006 (78855136.093.000) 2026-10-04 20:07:05 Image size of job updated: 635860
	621  -  MemoryUsage of job (MB)
	635860  -  ResidentSetSize of job (KB)
...
006 (78855136.093.000) 2026-10-04 20:17:06 Image size of job updated: 636844
	621  -  MemoryUsage of job (MB)
	635860  -  ResidentSetSize of job (KB)
...
006 (78855136.093.000) 2026-10-04 20:42:09 Image size of job updated: 637208
	623  -  MemoryUsage of job (MB)
	637208  -  ResidentSetSize of job (KB)
...
006 (78855136.093.000) 2026-10-04 20:47:10 Image size of job updated: 637936
	623  -  MemoryUsage of job (MB)
	637936  -  ResidentSetSize of job (KB)
...
006 (78855136.093.000) 2026-10-04 21:02:12 Image size of job updated: 638052
	623  -  MemoryUsage of job (MB)
	637936  -  ResidentSetSize of job (KB)
...
006 (78855136.093.000) 2026-10-04 21:12:13 Image size of job updated: 638932
	624  -  MemoryUsage of job (MB)
	638932  -  ResidentSetSize of job (KB)
...
006 (78855136.093.000) 2026-10-04 21:17:14 Image size of job updated: 638996
	625  -  MemoryUsage of job (MB)
	638996  -  ResidentSetSize of job (KB)
...
006 (78855136.093.000) 2026-10-04 21:22:15 Image size of job updated: 640004
	625  -  MemoryUsage of job (MB)
	638996  -  ResidentSetSize of job (KB)
...
006 (78855136.093.000) 2026-10-04 21:32:16 Image size of job updated: 640004
	625  -  MemoryUsage of job (MB)
	639992  -  ResidentSetSize of job (KB)
...
006 (78855136.093.000) 2026-10-04 21:47:18 Image size of job updated: 640044
	626  -  MemoryUsage of job (MB)
	640044  -  ResidentSetSize of job (KB)
...
006 (78855136.093.000) 2026-10-04 21:52:19 Image size of job updated: 640416
	626  -  MemoryUsage of job (MB)
	640044  -  ResidentSetSize of job (KB)
...
006 (78855136.093.000) 2026-10-04 22:02:20 Image size of job updated: 641028
	627  -  MemoryUsage of job (MB)
	641028  -  ResidentSetSize of job (KB)
...
006 (78855136.093.000) 2026-10-04 22:12:21 Image size of job updated: 642028
	627  -  MemoryUsage of job (MB)
	642028  -  ResidentSetSize of job (KB)
...
006 (78855136.093.000) 2026-10-04 22:32:24 Image size of job updated: 642100
	628  -  MemoryUsage of job (MB)
	642084  -  ResidentSetSize of job (KB)
...
006 (78855136.093.000) 2026-10-04 22:37:25 Image size of job updated: 642124
	628  -  MemoryUsage of job (MB)
	642124  -  ResidentSetSize of job (KB)
...
006 (78855136.093.000) 2026-10-04 22:57:27 Image size of job updated: 642332
	628  -  MemoryUsage of job (MB)
	642332  -  ResidentSetSize of job (KB)
...
006 (78855136.093.000) 2026-10-04 23:02:28 Image size of job updated: 642340
	628  -  MemoryUsage of job (MB)
	642340  -  ResidentSetSize of job (KB)
...
006 (78855136.093.000) 2026-10-04 23:07:29 Image size of job updated: 643144
	629  -  MemoryUsage of job (MB)
	643144  -  ResidentSetSize of job (KB)
...
006 (78855136.093.000) 2026-10-04 23:17:29 Image size of job updated: 647748
	629  -  MemoryUsage of job (MB)
	643144  -  ResidentSetSize of job (KB)
...
006 (78855136.093.000) 2026-10-05 01:32:38 Image size of job updated: 653512
	639  -  MemoryUsage of job (MB)
	653512  -  ResidentSetSize of job (KB)
...
006 (78855136.093.000) 2026-10-05 01:52:40 Image size of job updated: 654552
	640  -  MemoryUsage of job (MB)
	654552  -  ResidentSetSize of job (KB)
...
006 (78855136.093.000) 2026-10-05 02:02:40 Image size of job updated: 654556
	640  -  MemoryUsage of job (MB)
	654552  -  ResidentSetSize of job (KB)
...
006 (78855136.093.000) 2026-10-05 02:22:42 Image size of job updated: 655632
	640  -  MemoryUsage of job (MB)
	654608  -  ResidentSetSize of job (KB)
...
006 (78855136.093.000) 2026-10-05 03:57:54 Image size of job updated: 661440
	646  -  MemoryUsage of job (MB)
	661440  -  ResidentSetSize of job (KB)
...
006 (78855136.093.000) 2026-10-05 04:27:58 Image size of job updated: 665272
	650  -  MemoryUsage of job (MB)
	665272  -  ResidentSetSize of job (KB)
...
006 (78855136.093.000) 2026-10-05 04:32:58 Image size of job updated: 665288
	650  -  MemoryUsage of job (MB)
	665288  -  ResidentSetSize of job (KB)
...
006 (78855136.093.000) 2026-10-05 04:43:00 Image size of job updated: 665640
	650  -  MemoryUsage of job (MB)
	665288  -  ResidentSetSize of job (KB)
...
006 (78855136.093.000) 2026-10-05 04:53:01 Image size of job updated: 667324
	651  -  MemoryUsage of job (MB)
	666300  -  ResidentSetSize of job (KB)
...
006 (78855136.093.000) 2026-10-05 05:13:04 Image size of job updated: 667432
	651  -  MemoryUsage of job (MB)
	666300  -  ResidentSetSize of job (KB)
...
006 (78855136.093.000) 2026-10-05 05:18:04 Image size of job updated: 667432
	651  -  MemoryUsage of job (MB)
	666316  -  ResidentSetSize of job (KB)
...
006 (78855136.093.000) 2026-10-05 05:23:05 Image size of job updated: 667432
	652  -  MemoryUsage of job (MB)
	666708  -  ResidentSetSize of job (KB)
...
006 (78855136.093.000) 2026-10-05 05:43:08 Image size of job updated: 667520
	652  -  MemoryUsage of job (MB)
	666708  -  ResidentSetSize of job (KB)
...
006 (78855136.093.000) 2026-10-05 05:53:09 Image size of job updated: 668332
	652  -  MemoryUsage of job (MB)
	667308  -  ResidentSetSize of job (KB)
...
006 (78855136.093.000) 2026-10-05 06:03:10 Image size of job updated: 668332
	653  -  MemoryUsage of job (MB)
	668316  -  ResidentSetSize of job (KB)
...
006 (78855136.093.000) 2026-10-05 06:08:11 Image size of job updated: 668364
	653  -  MemoryUsage of job (MB)
	668364  -  ResidentSetSize of job (KB)
...
006 (78855136.093.000) 2026-10-05 06:13:12 Image size of job updated: 668572
	653  -  MemoryUsage of job (MB)
	668364  -  ResidentSetSize of job (KB)
...
006 (78855136.093.000) 2026-10-05 06:23:13 Image size of job updated: 669372
	654  -  MemoryUsage of job (MB)
	669372  -  ResidentSetSize of job (KB)
...
006 (78855136.093.000) 2026-10-05 06:43:16 Image size of job updated: 669376
	654  -  MemoryUsage of job (MB)
	669376  -  ResidentSetSize of job (KB)
...
006 (78855136.093.000) 2026-10-05 06:48:16 Image size of job updated: 669416
	654  -  MemoryUsage of job (MB)
	669416  -  ResidentSetSize of job (KB)
...
006 (78855136.093.000) 2026-10-05 06:53:17 Image size of job updated: 670416
	655  -  MemoryUsage of job (MB)
	670416  -  ResidentSetSize of job (KB)
...
006 (78855136.093.000) 2026-10-05 07:08:18 Image size of job updated: 670432
	655  -  MemoryUsage of job (MB)
	670432  -  ResidentSetSize of job (KB)
...
006 (78855136.093.000) 2026-10-05 07:28:21 Image size of job updated: 671424
	656  -  MemoryUsage of job (MB)
	671424  -  ResidentSetSize of job (KB)
...
006 (78855136.093.000) 2026-10-05 07:43:23 Image size of job updated: 671456
	656  -  MemoryUsage of job (MB)
	671456  -  ResidentSetSize of job (KB)
...
006 (78855136.093.000) 2026-10-05 07:58:25 Image size of job updated: 672448
	656  -  MemoryUsage of job (MB)
	671456  -  ResidentSetSize of job (KB)
...
006 (78855136.093.000) 2026-10-05 08:18:27 Image size of job updated: 672452
	656  -  MemoryUsage of job (MB)
	671456  -  ResidentSetSize of job (KB)
...
006 (78855136.093.000) 2026-10-05 08:28:29 Image size of job updated: 672452
	656  -  MemoryUsage of job (MB)
	671460  -  ResidentSetSize of job (KB)
...
006 (78855136.093.000) 2026-10-05 11:13:42 Image size of job updated: 679624
	664  -  MemoryUsage of job (MB)
	679624  -  ResidentSetSize of job (KB)
...
006 (78855136.093.000) 2026-10-05 11:43:44 Image size of job updated: 680544
	665  -  MemoryUsage of job (MB)
	680544  -  ResidentSetSize of job (KB)
...
006 (78855136.093.000) 2026-10-05 11:53:45 Image size of job updated: 680864
	665  -  MemoryUsage of job (MB)
	680544  -  ResidentSetSize of job (KB)
...
006 (78855136.093.000) 2026-10-05 12:03:46 Image size of job updated: 681532
	666  -  MemoryUsage of job (MB)
	681532  -  ResidentSetSize of job (KB)
...
006 (78855136.093.000) 2026-10-05 12:13:46 Image size of job updated: 681792
	666  -  MemoryUsage of job (MB)
	681532  -  ResidentSetSize of job (KB)
...
006 (78855136.093.000) 2026-10-05 12:38:48 Image size of job updated: 682200
	667  -  MemoryUsage of job (MB)
	682200  -  ResidentSetSize of job (KB)
...
006 (78855136.093.000) 2026-10-05 12:48:49 Image size of job updated: 682816
	667  -  MemoryUsage of job (MB)
	682200  -  ResidentSetSize of job (KB)
...
006 (78855136.093.000) 2026-10-05 12:58:50 Image size of job updated: 682816
	667  -  MemoryUsage of job (MB)
	682800  -  ResidentSetSize of job (KB)
...
006 (78855136.093.000) 2026-10-05 13:18:53 Image size of job updated: 683856
	667  -  MemoryUsage of job (MB)
	682800  -  ResidentSetSize of job (KB)
...
006 (78855136.093.000) 2026-10-05 13:38:56 Image size of job updated: 684876
	669  -  MemoryUsage of job (MB)
	684876  -  ResidentSetSize of job (KB)
...
006 (78855136.093.000) 2026-10-05 13:43:56 Image size of job updated: 684880
	669  -  MemoryUsage of job (MB)
	684880  -  ResidentSetSize of job (KB)
...
006 (78855136.093.000) 2026-10-05 13:48:57 Image size of job updated: 684924
	669  -  MemoryUsage of job (MB)
	684880  -  ResidentSetSize of job (KB)
...
