000 (78852668.094.000) 2026-10-01 10:44:08 Job submitted from host: <10.14.0.121:9618?addrs=10.14.0.121-9618&alias=ldas-pcdev12.ligo.caltech.edu&noUDP&sock=schedd_623140_c9b4>
...
001 (78852668.094.000) 2026-10-01 10:48:07 Job executing on host: <10.14.10.129:9618?addrs=10.14.10.129-9618&alias=node2379.cluster.ldas.cit&noUDP&sock=startd_2659246_25db>
	SlotName: slot1_2@node2379.cluster.ldas.cit
	CondorScratchDir = "/var/lib/condor/execute/dir_3760259/scratch"
	Cpus = 4
	Disk = 28672
	GPUs = 0
	Memory = 15104
...
006 (78852668.094.000) 2026-10-01 10:48:07 Image size of job updated: 25000
	0  -  MemoryUsage of job (MB)
	0  -  ResidentSetSize of job (KB)
...
005 (78852668.094.000) 2026-10-01 10:48:07 Job terminated.
	(1) Normal termination (return value 1)
		Usr 0 00:00:00, Sys 0 00:00:00  -  Run Remote Usage
		Usr 0 00:00:00, Sys 0 00:00:00  -  Run Local Usage
		Usr 0 00:00:00, Sys 0 00:00:00  -  Total Remote Usage
		Usr 0 00:00:00, Sys 0 00:00:00  -  Total Local Usage
	0  -  Run Bytes Sent By Job
	0  -  Run Bytes Received By Job
	0  -  Total Bytes Sent By Job
	0  -  Total Bytes Received By Job
	Partitionable Resources :    Usage  Request Allocated 
	   Cpus                 :                 4         4 
	   Disk (KB)            :    25000    25000     28672 
	   GPUs                 :                           0 
	   Memory (MB)          :        0    15000     15104 
	   TimeExecute (s)      :        0                    
	   TimeSlotBusy (s)     :        0                    
...
000 (78854871.094.000) 2026-10-03 17:15:42 Job submitted from host: <10.14.0.121:9618?addrs=10.14.0.121-9618&alias=ldas-pcdev12.ligo.caltech.edu&noUDP&sock=schedd_623140_c9b4>
...
001 (78854871.094.000) 2026-10-03 17:16:41 Job executing on host: <10.14.9.80:9618?addrs=10.14.9.80-9618&alias=node2080.cluster.ldas.cit&noUDP&sock=startd_792740_47fc>
	SlotName: slot1_3@node2080.cluster.ldas.cit
	CondorScratchDir = "/var/lib/condor/execute/dir_2229792/scratch"
	Cpus = 4
	Disk = 28672
	GPUs = 0
	Memory = 15104
...
006 (78854871.094.000) 2026-10-03 17:16:49 Image size of job updated: 162492
	159  -  MemoryUsage of job (MB)
	162492  -  ResidentSetSize of job (KB)
...
006 (78854871.094.000) 2026-10-03 17:21:49 Image size of job updated: 367460
	359  -  MemoryUsage of job (MB)
	367460  -  ResidentSetSize of job (KB)
...
006 (78854871.094.000) 2026-10-03 17:26:50 Image size of job updated: 370452
	362  -  MemoryUsage of job (MB)
	370452  -  ResidentSetSize of job (KB)
...
006 (78854871.094.000) 2026-10-03 17:31:50 Image size of job updated: 471880
	461  -  MemoryUsage of job (MB)
	471880  -  ResidentSetSize of job (KB)
...
006 (78854871.094.000) 2026-10-03 17:36:50 Image size of job updated: 472200
	462  -  MemoryUsage of job (MB)
	472200  -  ResidentSetSize of job (KB)
...
006 (78854871.094.000) 2026-10-03 17:41:51 Image size of job updated: 498752
	488  -  MemoryUsage of job (MB)
	498752  -  ResidentSetSize of job (KB)
...
006 (78854871.094.000) 2026-10-03 17:46:51 Image size of job updated: 640844
	626  -  MemoryUsage of job (MB)
	640844  -  ResidentSetSize of job (KB)
...
006 (78854871.094.000) 2026-10-03 17:51:51 Image size of job updated: 797696
	779  -  MemoryUsage of job (MB)
	797696  -  ResidentSetSize of job (KB)
...
006 (78854871.094.000) 2026-10-03 17:56:52 Image size of job updated: 841780
	823  -  MemoryUsage of job (MB)
	841780  -  ResidentSetSize of job (KB)
...
006 (78854871.094.000) 2026-10-03 18:01:52 Image size of job updated: 855312
	836  -  MemoryUsage of job (MB)
	855312  -  ResidentSetSize of job (KB)
...
006 (78854871.094.000) 2026-10-03 18:06:52 Image size of job updated: 855328
	836  -  MemoryUsage of job (MB)
	855328  -  ResidentSetSize of job (KB)
...
006 (78854871.094.000) 2026-10-03 18:11:53 Image size of job updated: 859332
	840  -  MemoryUsage of job (MB)
	859332  -  ResidentSetSize of job (KB)
...
006 (78854871.094.000) 2026-10-03 18:16:53 Image size of job updated: 859340
	840  -  MemoryUsage of job (MB)
	859340  -  ResidentSetSize of job (KB)
...
006 (78854871.094.000) 2026-10-03 18:21:53 Image size of job updated: 859396
	840  -  MemoryUsage of job (MB)
	859396  -  ResidentSetSize of job (KB)
...
006 (78854871.094.000) 2026-10-03 18:26:54 Image size of job updated: 859404
	840  -  MemoryUsage of job (MB)
	859404  -  ResidentSetSize of job (KB)
...
006 (78854871.094.000) 2026-10-03 18:31:54 Image size of job updated: 859408
	840  -  MemoryUsage of job (MB)
	859408  -  ResidentSetSize of job (KB)
...
006 (78854871.094.000) 2026-10-03 18:36:55 Image size of job updated: 859416
	840  -  MemoryUsage of job (MB)
	859416  -  ResidentSetSize of job (KB)
...
006 (78854871.094.000) 2026-10-03 18:41:56 Image size of job updated: 859428
	840  -  MemoryUsage of job (MB)
	859428  -  ResidentSetSize of job (KB)
...
006 (78854871.094.000) 2026-10-03 18:46:56 Image size of job updated: 861908
	842  -  MemoryUsage of job (MB)
	861908  -  ResidentSetSize of job (KB)
...
006 (78854871.094.000) 2026-10-03 18:51:57 Image size of job updated: 861916
	842  -  MemoryUsage of job (MB)
	861916  -  ResidentSetSize of job (KB)
...
006 (78854871.094.000) 2026-10-03 18:56:58 Image size of job updated: 862468
	843  -  MemoryUsage of job (MB)
	862468  -  ResidentSetSize of job (KB)
...
006 (78854871.094.000) 2026-10-03 19:06:59 Image size of job updated: 862472
	843  -  MemoryUsage of job (MB)
	862472  -  ResidentSetSize of job (KB)
...
006 (78854871.094.000) 2026-10-03 19:12:00 Image size of job updated: 862476
	843  -  MemoryUsage of job (MB)
	862476  -  ResidentSetSize of job (KB)
...
006 (78854871.094.000) 2026-10-03 19:17:00 Image size of job updated: 862484
	843  -  MemoryUsage of job (MB)
	862484  -  ResidentSetSize of job (KB)
...
006 (78854871.094.000) 2026-10-03 19:22:02 Image size of job updated: 862488
	843  -  MemoryUsage of job (MB)
	862488  -  ResidentSetSize of job (KB)
...
006 (78854871.094.000) 2026-10-03 19:37:03 Image size of job updated: 864940
	845  -  MemoryUsage of job (MB)
	864940  -  ResidentSetSize of job (KB)
...
006 (78854871.094.000) 2026-10-03 19:47:03 Image size of job updated: 864948
	845  -  MemoryUsage of job (MB)
	864948  -  ResidentSetSize of job (KB)
...
006 (78854871.094.000) 2026-10-03 19:52:04 Image size of job updated: 864956
	845  -  MemoryUsage of job (MB)
	864956  -  ResidentSetSize of job (KB)
...
006 (78854871.094.000) 2026-10-03 19:57:04 Image size of job updated: 864960
	845  -  MemoryUsage of job (MB)
	864960  -  ResidentSetSize of job (KB)
...
006 (78854871.094.000) 2026-10-03 20:02:04 Image size of job updated: 864964
	845  -  MemoryUsage of job (MB)
	864964  -  ResidentSetSize of job (KB)
...
006 (78854871.094.000) 2026-10-03 20:07:05 Image size of job updated: 864968
	845  -  MemoryUsage of job (MB)
	864968  -  ResidentSetSize of job (KB)
...
006 (78854871.094.000) 2026-10-03 20:47:08 Image size of job updated: 864972
	845  -  MemoryUsage of job (MB)
	864972  -  ResidentSetSize of job (KB)
...
006 (78854871.094.000) 2026-10-03 20:57:09 Image size of job updated: 866008
	846  -  MemoryUsage of job (MB)
	866008  -  ResidentSetSize of job (KB)
...
000 (78854907.094.000) 2026-10-03 21:37:08 Job submitted from host: <10.14.0.121:9618?addrs=10.14.0.121-9618&alias=ldas-pcdev12.ligo.caltech.edu&noUDP&sock=schedd_623140_c9b4>
...
004 (78854871.094.000) 2026-10-03 21:37:18 Job was evicted. Code 1023 Subcode 0
	(0) CPU times
		Usr 0 13:28:16, Sys 0 00:00:50  -  Run Remote Usage
		Usr 0 00:00:00, Sys 0 00:00:00  -  Run Local Usage
	0  -  Run Bytes Sent By Job
	0  -  Run Bytes Received By Job
	Reason: via condor_rm (by user pratyusava.baral)
	Partitionable Resources :    Usage  Request Allocated 
	   Cpus                 :     3.94        4         4 
	   Disk (KB)            : 25000       25000     28672 
	   GPUs                 :                           0 
	   Memory (MB)          :   846       15000     15104 
	   TimeExecute (s)      : 15637                       
	   TimeSlotBusy (s)     : 15638                       
...
009 (78854871.094.000) 2026-10-03 21:37:18 Job was aborted.
	via condor_rm (by user pratyusava.baral)
...
001 (78854907.094.000) 2026-10-03 21:38:42 Job executing on host: <10.14.10.135:9618?addrs=10.14.10.135-9618&alias=node2385.cluster.ldas.cit&noUDP&sock=startd_38575_d1e7>
	SlotName: slot1_2@node2385.cluster.ldas.cit
	CondorScratchDir = "/var/lib/condor/execute/dir_729442/scratch"
	Cpus = 4
	Disk = 28672
	GPUs = 0
	Memory = 15104
...
006 (78854907.094.000) 2026-10-03 21:38:42 Image size of job updated: 25000
	0  -  MemoryUsage of job (MB)
	0  -  ResidentSetSize of job (KB)
...
005 (78854907.094.000) 2026-10-03 21:38:42 Job terminated.
	(1) Normal termination (return value 1)
		Usr 0 00:00:00, Sys 0 00:00:00  -  Run Remote Usage
		Usr 0 00:00:00, Sys 0 00:00:00  -  Run Local Usage
		Usr 0 00:00:00, Sys 0 00:00:00  -  Total Remote Usage
		Usr 0 00:00:00, Sys 0 00:00:00  -  Total Local Usage
	0  -  Run Bytes Sent By Job
	0  -  Run Bytes Received By Job
	0  -  Total Bytes Sent By Job
	0  -  Total Bytes Received By Job
	Partitionable Resources :    Usage  Request Allocated 
	   Cpus                 :                 4         4 
	   Disk (KB)            :    25000    25000     28672 
	   GPUs                 :                           0 
	   Memory (MB)          :        0    15000     15104 
	   TimeExecute (s)      :        0                    
	   TimeSlotBusy (s)     :        0                    
...
000 (78855136.094.000) 2026-10-04 13:45:07 Job submitted from host: <10.14.0.121:9618?addrs=10.14.0.121-9618&alias=ldas-pcdev12.ligo.caltech.edu&noUDP&sock=schedd_623140_c9b4>
...
001 (78855136.094.000) 2026-10-04 13:49:18 Job executing on host: <10.14.5.200:9618?addrs=10.14.5.200-9618&alias=node1200.cluster.ldas.cit&noUDP&sock=startd_319723_f68a>
	SlotName: slot1_1@node1200.cluster.ldas.cit
	CondorScratchDir = "/var/lib/condor/execute/dir_790314/scratch"
	Cpus = 4
	Disk = 28672
	GPUs = 0
	Memory = 15104
...
006 (78855136.094.000) 2026-10-04 13:49:27 Image size of job updated: 158012
	155  -  MemoryUsage of job (MB)
	158012  -  ResidentSetSize of job (KB)
...
006 (78855136.094.000) 2026-10-04 13:54:28 Image size of job updated: 460764
	450  -  MemoryUsage of job (MB)
	460764  -  ResidentSetSize of job (KB)
...
006 (78855136.094.000) 2026-10-04 13:59:29 Image size of job updated: 462516
	452  -  MemoryUsage of job (MB)
	462516  -  ResidentSetSize of job (KB)
...
006 (78855136.094.000) 2026-10-04 14:04:29 Image size of job updated: 485856
	475  -  MemoryUsage of job (MB)
	485856  -  ResidentSetSize of job (KB)
...
006 (78855136.094.000) 2026-10-04 14:09:30 Image size of job updated: 493244
	482  -  MemoryUsage of job (MB)
	493244  -  ResidentSetSize of job (KB)
...
006 (78855136.094.000) 2026-10-04 14:14:31 Image size of job updated: 499824
	489  -  MemoryUsage of job (MB)
	499824  -  ResidentSetSize of job (KB)
...
006 (78855136.094.000) 2026-10-04 14:19:31 Image size of job updated: 499956
	489  -  MemoryUsage of job (MB)
	499956  -  ResidentSetSize of job (KB)
...
006 (78855136.094.000) 2026-10-04 14:24:32 Image size of job updated: 515660
	501  -  MemoryUsage of job (MB)
	512096  -  ResidentSetSize of job (KB)
...
006 (78855136.094.000) 2026-10-04 14:29:33 Image size of job updated: 515660
	501  -  MemoryUsage of job (MB)
	512192  -  ResidentSetSize of job (KB)
...
006 (78855136.094.000) 2026-10-04 14:44:35 Image size of job updated: 515660
	501  -  MemoryUsage of job (MB)
	512328  -  ResidentSetSize of job (KB)
...
006 (78855136.094.000) 2026-10-04 14:49:35 Image size of job updated: 515660
	501  -  MemoryUsage of job (MB)
	512336  -  ResidentSetSize of job (KB)
...
006 (78855136.094.000) 2026-10-04 14:54:36 Image size of job updated: 527896
	516  -  MemoryUsage of job (MB)
	527896  -  ResidentSetSize of job (KB)
...
006 (78855136.094.000) 2026-10-04 14:59:37 Image size of job updated: 527952
	516  -  MemoryUsage of job (MB)
	527952  -  ResidentSetSize of job (KB)
...
006 (78855136.094.000) 2026-10-04 15:04:37 Image size of job updated: 541252
	527  -  MemoryUsage of job (MB)
	539312  -  ResidentSetSize of job (KB)
...
006 (78855136.094.000) 2026-10-04 15:09:38 Image size of job updated: 541252
	527  -  MemoryUsage of job (MB)
	539360  -  ResidentSetSize of job (KB)
...
006 (78855136.094.000) 2026-10-04 15:14:39 Image size of job updated: 541252
	527  -  MemoryUsage of job (MB)
	539372  -  ResidentSetSize of job (KB)
...
006 (78855136.094.000) 2026-10-04 15:19:39 Image size of job updated: 541252
	527  -  MemoryUsage of job (MB)
	539400  -  ResidentSetSize of job (KB)
...
006 (78855136.094.000) 2026-10-04 15:24:40 Image size of job updated: 541252
	527  -  MemoryUsage of job (MB)
	539412  -  ResidentSetSize of job (KB)
...
006 (78855136.094.000) 2026-10-04 15:29:41 Image size of job updated: 541252
	527  -  MemoryUsage of job (MB)
	539416  -  ResidentSetSize of job (KB)
...
006 (78855136.094.000) 2026-10-04 15:34:41 Image size of job updated: 541252
	527  -  MemoryUsage of job (MB)
	539432  -  ResidentSetSize of job (KB)
...
006 (78855136.094.000) 2026-10-04 15:39:42 Image size of job updated: 541252
	527  -  MemoryUsage of job (MB)
	539476  -  ResidentSetSize of job (KB)
...
006 (78855136.094.000) 2026-10-04 15:44:43 Image size of job updated: 541252
	527  -  MemoryUsage of job (MB)
	539480  -  ResidentSetSize of job (KB)
...
006 (78855136.094.000) 2026-10-04 15:49:43 Image size of job updated: 541252
	527  -  MemoryUsage of job (MB)
	539488  -  ResidentSetSize of job (KB)
...
006 (78855136.094.000) 2026-10-04 15:54:43 Image size of job updated: 541620
	529  -  MemoryUsage of job (MB)
	541620  -  ResidentSetSize of job (KB)
...
006 (78855136.094.000) 2026-10-04 15:59:44 Image size of job updated: 541628
	529  -  MemoryUsage of job (MB)
	541628  -  ResidentSetSize of job (KB)
...
006 (78855136.094.000) 2026-10-04 16:09:20 Image size of job updated: 545556
	533  -  MemoryUsage of job (MB)
	545556  -  ResidentSetSize of job (KB)
...
006 (78855136.094.000) 2026-10-04 16:23:08 Image size of job updated: 545568
	533  -  MemoryUsage of job (MB)
	545564  -  ResidentSetSize of job (KB)
...
006 (78855136.094.000) 2026-10-04 17:15:51 Image size of job updated: 548732
	536  -  MemoryUsage of job (MB)
	548732  -  ResidentSetSize of job (KB)
...
006 (78855136.094.000) 2026-10-04 17:20:52 Image size of job updated: 548740
	536  -  MemoryUsage of job (MB)
	548740  -  ResidentSetSize of job (KB)
...
006 (78855136.094.000) 2026-10-04 17:25:52 Image size of job updated: 548768
	536  -  MemoryUsage of job (MB)
	548768  -  ResidentSetSize of job (KB)
...
006 (78855136.094.000) 2026-10-04 17:35:53 Image size of job updated: 548808
	536  -  MemoryUsage of job (MB)
	548808  -  ResidentSetSize of job (KB)
...
006 (78855136.094.000) 2026-10-04 17:40:53 Image size of job updated: 549012
	537  -  MemoryUsage of job (MB)
	549012  -  ResidentSetSize of job (KB)
...
006 (78855136.094.000) 2026-10-04 17:45:53 Image size of job updated: 549100
	537  -  MemoryUsage of job (MB)
	549100  -  ResidentSetSize of job (KB)
...
006 (78855136.094.000) 2026-10-04 17:55:54 Image size of job updated: 549104
	537  -  MemoryUsage of job (MB)
	549104  -  ResidentSetSize of job (KB)
...
006 (78855136.094.000) 2026-10-04 18:10:55 Image size of job updated: 556756
	544  -  MemoryUsage of job (MB)
	556756  -  ResidentSetSize of job (KB)
...
006 (78855136.094.000) 2026-10-04 18:15:55 Image size of job updated: 556808
	544  -  MemoryUsage of job (MB)
	556808  -  ResidentSetSize of job (KB)
...
006 (78855136.094.000) 2026-10-04 18:20:56 Image size of job updated: 556812
	544  -  MemoryUsage of job (MB)
	556812  -  ResidentSetSize of job (KB)
...
006 (78855136.094.000) 2026-10-04 18:25:57 Image size of job updated: 556816
	544  -  MemoryUsage of job (MB)
	556816  -  ResidentSetSize of job (KB)
...
006 (78855136.094.000) 2026-10-04 18:30:57 Image size of job updated: 556820
	544  -  MemoryUsage of job (MB)
	556820  -  ResidentSetSize of job (KB)
...
006 (78855136.094.000) 2026-10-04 18:35:58 Image size of job updated: 556828
	544  -  MemoryUsage of job (MB)
	556828  -  ResidentSetSize of job (KB)
...
006 (78855136.094.000) 2026-10-04 18:40:59 Image size of job updated: 557868
	545  -  MemoryUsage of job (MB)
	557868  -  ResidentSetSize of job (KB)
...
006 (78855136.094.000) 2026-10-04 18:45:59 Image size of job updated: 557872
	545  -  MemoryUsage of job (MB)
	557872  -  ResidentSetSize of job (KB)
...
006 (78855136.094.000) 2026-10-04 19:01:01 Image size of job updated: 559232
	547  -  MemoryUsage of job (MB)
	559232  -  ResidentSetSize of job (KB)
...
006 (78855136.094.000) 2026-10-04 19:06:02 Image size of job updated: 559236
	547  -  MemoryUsage of job (MB)
	559236  -  ResidentSetSize of job (KB)
...
006 (78855136.094.000) 2026-10-04 19:11:03 Image size of job updated: 562032
	549  -  MemoryUsage of job (MB)
	562032  -  ResidentSetSize of job (KB)
...
006 (78855136.094.000) 2026-10-04 19:16:03 Image size of job updated: 562096
	549  -  MemoryUsage of job (MB)
	562096  -  ResidentSetSize of job (KB)
...
006 (78855136.094.000) 2026-10-04 19:21:03 Image size of job updated: 562100
	549  -  MemoryUsage of job (MB)
	562100  -  ResidentSetSize of job (KB)
...
006 (78855136.094.000) 2026-10-04 19:41:05 Image size of job updated: 562104
	549  -  MemoryUsage of job (MB)
	562104  -  ResidentSetSize of job (KB)
...
006 (78855136.094.000) 2026-10-04 19:56:06 Image size of job updated: 562108
	549  -  MemoryUsage of job (MB)
	562108  -  ResidentSetSize of job (KB)
...
006 (78855136.094.000) 2026-10-04 20:01:06 Image size of job updated: 562572
	550  -  MemoryUsage of job (MB)
	562572  -  ResidentSetSize of job (KB)
...
006 (78855136.094.000) 2026-10-04 20:06:06 Image size of job updated: 562636
	550  -  MemoryUsage of job (MB)
	562636  -  ResidentSetSize of job (KB)
...
006 (78855136.094.000) 2026-10-04 20:11:07 Image size of job updated: 566432
	554  -  MemoryUsage of job (MB)
	566432  -  ResidentSetSize of job (KB)
...
006 (78855136.094.000) 2026-10-04 20:16:07 Image size of job updated: 566436
	554  -  MemoryUsage of job (MB)
	566436  -  ResidentSetSize of job (KB)
...
006 (78855136.094.000) 2026-10-04 20:21:07 Image size of job updated: 568136
	555  -  MemoryUsage of job (MB)
	568136  -  ResidentSetSize of job (KB)
...
006 (78855136.094.000) 2026-10-04 20:31:08 Image size of job updated: 568552
	556  -  MemoryUsage of job (MB)
	568552  -  ResidentSetSize of job (KB)
...
006 (78855136.094.000) 2026-10-04 20:41:09 Image size of job updated: 568556
	556  -  MemoryUsage of job (MB)
	568556  -  ResidentSetSize of job (KB)
...
006 (78855136.094.000) 2026-10-04 20:51:10 Image size of job updated: 568560
	556  -  MemoryUsage of job (MB)
	568560  -  ResidentSetSize of job (KB)
...
006 (78855136.094.000) 2026-10-04 21:06:12 Image size of job updated: 568564
	556  -  MemoryUsage of job (MB)
	568564  -  ResidentSetSize of job (KB)
...
006 (78855136.094.000) 2026-10-04 21:26:15 Image size of job updated: 568572
	556  -  MemoryUsage of job (MB)
	568572  -  ResidentSetSize of job (KB)
...
006 (78855136.094.000) 2026-10-04 21:36:16 Image size of job updated: 569904
	557  -  MemoryUsage of job (MB)
	569904  -  ResidentSetSize of job (KB)
...
006 (78855136.094.000) 2026-10-04 21:41:17 Image size of job updated: 569908
	557  -  MemoryUsage of job (MB)
	569908  -  ResidentSetSize of job (KB)
...
006 (78855136.094.000) 2026-10-04 21:46:18 Image size of job updated: 570624
	558  -  MemoryUsage of job (MB)
	570624  -  ResidentSetSize of job (KB)
...
006 (78855136.094.000) 2026-10-04 22:06:20 Image size of job updated: 573024
	560  -  MemoryUsage of job (MB)
	573024  -  ResidentSetSize of job (KB)
...
006 (78855136.094.000) 2026-10-04 22:11:21 Image size of job updated: 573028
	560  -  MemoryUsage of job (MB)
	573028  -  ResidentSetSize of job (KB)
...
006 (78855136.094.000) 2026-10-04 22:16:22 Image size of job updated: 574104
	561  -  MemoryUsage of job (MB)
	574104  -  ResidentSetSize of job (KB)
...
006 (78855136.094.000) 2026-10-04 22:21:22 Image size of job updated: 574108
	561  -  MemoryUsage of job (MB)
	574108  -  ResidentSetSize of job (KB)
...
006 (78855136.094.000) 2026-10-04 22:36:23 Image size of job updated: 574116
	561  -  MemoryUsage of job (MB)
	574116  -  ResidentSetSize of job (KB)
...
006 (78855136.094.000) 2026-10-04 22:46:24 Image size of job updated: 575864
	563  -  MemoryUsage of job (MB)
	575864  -  ResidentSetSize of job (KB)
...
006 (78855136.094.000) 2026-10-04 22:56:24 Image size of job updated: 576132
	563  -  MemoryUsage of job (MB)
	576132  -  ResidentSetSize of job (KB)
...
006 (78855136.094.000) 2026-10-04 23:01:25 Image size of job updated: 576136
	563  -  MemoryUsage of job (MB)
	576136  -  ResidentSetSize of job (KB)
...
006 (78855136.094.000) 2026-10-04 23:11:25 Image size of job updated: 576140
	563  -  MemoryUsage of job (MB)
	576140  -  ResidentSetSize of job (KB)
...
006 (78855136.094.000) 2026-10-04 23:36:27 Image size of job updated: 576144
	563  -  MemoryUsage of job (MB)
	576144  -  ResidentSetSize of job (KB)
...
006 (78855136.094.000) 2026-10-04 23:41:27 Image size of job updated: 577152
	564  -  MemoryUsage of job (MB)
	577152  -  ResidentSetSize of job (KB)
...
006 (78855136.094.000) 2026-10-04 23:56:29 Image size of job updated: 577160
	564  -  MemoryUsage of job (MB)
	577160  -  ResidentSetSize of job (KB)
...
006 (78855136.094.000) 2026-10-05 00:21:33 Image size of job updated: 578168
	565  -  MemoryUsage of job (MB)
	578168  -  ResidentSetSize of job (KB)
...
006 (78855136.094.000) 2026-10-05 00:26:33 Image size of job updated: 578172
	565  -  MemoryUsage of job (MB)
	578172  -  ResidentSetSize of job (KB)
...
006 (78855136.094.000) 2026-10-05 00:31:34 Image size of job updated: 578204
	565  -  MemoryUsage of job (MB)
	578204  -  ResidentSetSize of job (KB)
...
006 (78855136.094.000) 2026-10-05 00:41:35 Image size of job updated: 578208
	565  -  MemoryUsage of job (MB)
	578208  -  ResidentSetSize of job (KB)
...
006 (78855136.094.000) 2026-10-05 00:46:36 Image size of job updated: 578212
	565  -  MemoryUsage of job (MB)
	578212  -  ResidentSetSize of job (KB)
...
006 (78855136.094.000) 2026-10-05 01:01:38 Image size of job updated: 580224
	566  -  MemoryUsage of job (MB)
	579204  -  ResidentSetSize of job (KB)
...
006 (78855136.094.000) 2026-10-05 01:21:40 Image size of job updated: 580224
	566  -  MemoryUsage of job (MB)
	579224  -  ResidentSetSize of job (KB)
...
006 (78855136.094.000) 2026-10-05 01:26:40 Image size of job updated: 580224
	566  -  MemoryUsage of job (MB)
	579228  -  ResidentSetSize of job (KB)
...
006 (78855136.094.000) 2026-10-05 01:31:40 Image size of job updated: 581244
	568  -  MemoryUsage of job (MB)
	581244  -  ResidentSetSize of job (KB)
...
006 (78855136.094.000) 2026-10-05 01:51:43 Image size of job updated: 581444
	568  -  MemoryUsage of job (MB)
	581272  -  ResidentSetSize of job (KB)
...
006 (78855136.094.000) 2026-10-05 02:01:43 Image size of job updated: 582280
	568  -  MemoryUsage of job (MB)
	581272  -  ResidentSetSize of job (KB)
...
006 (78855136.094.000) 2026-10-05 02:11:45 Image size of job updated: 582280
	569  -  MemoryUsage of job (MB)
	582264  -  ResidentSetSize of job (KB)
...
006 (78855136.094.000) 2026-10-05 02:16:45 Image size of job updated: 582312
	569  -  MemoryUsage of job (MB)
	582312  -  ResidentSetSize of job (KB)
...
006 (78855136.094.000) 2026-10-05 02:26:47 Image size of job updated: 582316
	569  -  MemoryUsage of job (MB)
	582316  -  ResidentSetSize of job (KB)
...
006 (78855136.094.000) 2026-10-05 02:36:48 Image size of job updated: 584248
	571  -  MemoryUsage of job (MB)
	584248  -  ResidentSetSize of job (KB)
...
006 (78855136.094.000) 2026-10-05 02:56:51 Image size of job updated: 585204
	572  -  MemoryUsage of job (MB)
	585204  -  ResidentSetSize of job (KB)
...
006 (78855136.094.000) 2026-10-05 03:06:52 Image size of job updated: 585208
	572  -  MemoryUsage of job (MB)
	585204  -  ResidentSetSize of job (KB)
...
006 (78855136.094.000) 2026-10-05 03:16:53 Image size of job updated: 589312
	576  -  MemoryUsage of job (MB)
	589312  -  ResidentSetSize of job (KB)
...
006 (78855136.094.000) 2026-10-05 03:26:55 Image size of job updated: 593312
	580  -  MemoryUsage of job (MB)
	593312  -  ResidentSetSize of job (KB)
...
006 (78855136.094.000) 2026-10-05 03:36:56 Image size of job updated: 593848
	580  -  MemoryUsage of job (MB)
	593848  -  ResidentSetSize of job (KB)
...
006 (78855136.094.000) 2026-10-05 03:51:58 Image size of job updated: 593852
	580  -  MemoryUsage of job (MB)
	593852  -  ResidentSetSize of job (KB)
...
006 (78855136.094.000) 2026-10-05 04:07:00 Image size of job updated: 594860
	581  -  MemoryUsage of job (MB)
	594860  -  ResidentSetSize of job (KB)
...
006 (78855136.094.000) 2026-10-05 04:32:02 Image size of job updated: 595868
	582  -  MemoryUsage of job (MB)
	595868  -  ResidentSetSize of job (KB)
...
006 (78855136.094.000) 2026-10-05 04:42:03 Image size of job updated: 597616
	584  -  MemoryUsage of job (MB)
	597616  -  ResidentSetSize of job (KB)
...
006 (78855136.094.000) 2026-10-05 04:52:03 Image size of job updated: 597620
	584  -  MemoryUsage of job (MB)
	597620  -  ResidentSetSize of job (KB)
...
006 (78855136.094.000) 2026-10-05 05:32:06 Image size of job updated: 599640
	585  -  MemoryUsage of job (MB)
	598632  -  ResidentSetSize of job (KB)
...
006 (78855136.094.000) 2026-10-05 06:12:09 Image size of job updated: 600652
	587  -  MemoryUsage of job (MB)
	600652  -  ResidentSetSize of job (KB)
...
006 (78855136.094.000) 2026-10-05 06:27:10 Image size of job updated: 600716
	587  -  MemoryUsage of job (MB)
	600716  -  ResidentSetSize of job (KB)
...
006 (78855136.094.000) 2026-10-05 06:47:11 Image size of job updated: 601920
	588  -  MemoryUsage of job (MB)
	601920  -  ResidentSetSize of job (KB)
...
006 (78855136.094.000) 2026-10-05 07:17:13 Image size of job updated: 603936
	590  -  MemoryUsage of job (MB)
	603936  -  ResidentSetSize of job (KB)
...
006 (78855136.094.000) 2026-10-05 07:42:16 Image size of job updated: 603968
	590  -  MemoryUsage of job (MB)
	603968  -  ResidentSetSize of job (KB)
...
006 (78855136.094.000) 2026-10-05 07:47:17 Image size of job updated: 607000
	593  -  MemoryUsage of job (MB)
	607000  -  ResidentSetSize of job (KB)
...
006 (78855136.094.000) 2026-10-05 08:07:19 Image size of job updated: 607004
	593  -  MemoryUsage of job (MB)
	607004  -  ResidentSetSize of job (KB)
...
006 (78855136.094.000) 2026-10-05 08:47:25 Image size of job updated: 608388
	595  -  MemoryUsage of job (MB)
	608388  -  ResidentSetSize of job (KB)
...
006 (78855136.094.000) 2026-10-05 08:52:25 Image size of job updated: 608420
	595  -  MemoryUsage of job (MB)
	608420  -  ResidentSetSize of job (KB)
...
006 (78855136.094.000) 2026-10-05 09:22:27 Image size of job updated: 613576
	600  -  MemoryUsage of job (MB)
	613576  -  ResidentSetSize of job (KB)
...
006 (78855136.094.000) 2026-10-05 09:32:28 Image size of job updated: 614588
	601  -  MemoryUsage of job (MB)
	614588  -  ResidentSetSize of job (KB)
...
006 (78855136.094.000) 2026-10-05 10:02:31 Image size of job updated: 615580
	602  -  MemoryUsage of job (MB)
	615580  -  ResidentSetSize of job (KB)
...
006 (78855136.094.000) 2026-10-05 10:07:32 Image size of job updated: 615624
	602  -  MemoryUsage of job (MB)
	615624  -  ResidentSetSize of job (KB)
...
006 (78855136.094.000) 2026-10-05 10:22:34 Image size of job updated: 616632
	603  -  MemoryUsage of job (MB)
	616632  -  ResidentSetSize of job (KB)
...
006 (78855136.094.000) 2026-10-05 10:32:35 Image size of job updated: 626872
	613  -  MemoryUsage of job (MB)
	626872  -  ResidentSetSize of job (KB)
...
006 (78855136.094.000) 2026-10-05 11:32:40 Image size of job updated: 628888
	615  -  MemoryUsage of job (MB)
	628888  -  ResidentSetSize of job (KB)
...
006 (78855136.094.000) 2026-10-05 11:42:41 Image size of job updated: 628920
	615  -  MemoryUsage of job (MB)
	628920  -  ResidentSetSize of job (KB)
...
006 (78855136.094.000) 2026-10-05 12:22:46 Image size of job updated: 629928
	615  -  MemoryUsage of job (MB)
	628920  -  ResidentSetSize of job (KB)
...
006 (78855136.094.000) 2026-10-05 12:42:49 Image size of job updated: 629928
	616  -  MemoryUsage of job (MB)
	629912  -  ResidentSetSize of job (KB)
...
006 (78855136.094.000) 2026-10-05 13:02:51 Image size of job updated: 630968
	617  -  MemoryUsage of job (MB)
	630968  -  ResidentSetSize of job (KB)
...
006 (78855136.094.000) 2026-10-05 13:12:53 Image size of job updated: 630972
	617  -  MemoryUsage of job (MB)
	630972  -  ResidentSetSize of job (KB)
...
006 (78855136.094.000) 2026-10-05 13:37:55 Image size of job updated: 631980
	618  -  MemoryUsage of job (MB)
	631980  -  ResidentSetSize of job (KB)
...
006 (78855136.094.000) 2026-10-05 13:42:56 Image size of job updated: 632012
	618  -  MemoryUsage of job (MB)
	632012  -  ResidentSetSize of job (KB)
...
