000 (78852668.095.000) 2026-10-01 10:44:08 Job submitted from host: <10.14.0.121:9618?addrs=10.14.0.121-9618&alias=ldas-pcdev12.ligo.caltech.edu&noUDP&sock=schedd_623140_c9b4>
...
001 (78852668.095.000) 2026-10-01 10:48:07 Job executing on host: <10.14.10.62:9618?addrs=10.14.10.62-9618&alias=node2312.cluster.ldas.cit&noUDP&sock=startd_2782857_032a>
	SlotName: slot1_2@node2312.cluster.ldas.cit
	CondorScratchDir = "/var/lib/condor/execute/dir_69171/scratch"
	Cpus = 4
	Disk = 28672
	GPUs = 0
	Memory = 15104
...
006 (78852668.095.000) 2026-10-01 10:48:07 Image size of job updated: 25000
	0  -  MemoryUsage of job (MB)
	0  -  ResidentSetSize of job (KB)
...
005 (78852668.095.000) 2026-10-01 10:48:07 Job terminated.
	(1) Normal termination (return value 1)
		Usr 0 00:00:00, Sys 0 00:00:00  -  Run Remote Usage
		Usr 0 00:00:00, Sys 0 00:00:00  -  Run Local Usage
		Usr 0 00:00:00, Sys 0 00:00:00  -  Total Remote Usage
		Usr 0 00:00:00, Sys 0 00:00:00  -  Total Local Usage
	0  -  Run Bytes Sent By Job
	0  -  Run Bytes Received By Job
	0  -  Total Bytes Sent By Job
	0  -  Total Bytes Received By Job
	Partitionable Resources :    Usage  Request Allocated 
	   Cpus                 :                 4         4 
	   Disk (KB)            :    25000    25000     28672 
	   GPUs                 :                           0 
	   Memory (MB)          :        0    15000     15104 
	   TimeExecute (s)      :        0                    
	   TimeSlotBusy (s)     :        0                    
...
000 (78854871.095.000) 2026-10-03 17:15:42 Job submitted from host: <10.14.0.121:9618?addrs=10.14.0.121-9618&alias=ldas-pcdev12.ligo.caltech.edu&noUDP&sock=schedd_623140_c9b4>
...
001 (78854871.095.000) 2026-10-03 17:16:41 Job executing on host: <10.14.4.64:9618?addrs=10.14.4.64-9618&alias=node814.cluster.ldas.cit&noUDP&sock=startd_4079506_602f>
	SlotName: slot1_14@node814.cluster.ldas.cit
	CondorScratchDir = "/var/lib/condor/execute/dir_375342/scratch"
	Cpus = 4
	Disk = 28672
	GPUs = 0
	Memory = 15104
...
006 (78854871.095.000) 2026-10-03 17:16:50 Image size of job updated: 225964
	221  -  MemoryUsage of job (MB)
	225964  -  ResidentSetSize of job (KB)
...
006 (78854871.095.000) 2026-10-03 17:21:51 Image size of job updated: 298964
	292  -  MemoryUsage of job (MB)
	298964  -  ResidentSetSize of job (KB)
...
006 (78854871.095.000) 2026-10-03 17:26:51 Image size of job updated: 299384
	293  -  MemoryUsage of job (MB)
	299384  -  ResidentSetSize of job (KB)
...
006 (78854871.095.000) 2026-10-03 17:31:52 Image size of job updated: 523028
	511  -  MemoryUsage of job (MB)
	523028  -  ResidentSetSize of job (KB)
...
006 (78854871.095.000) 2026-10-03 17:36:53 Image size of job updated: 690224
	675  -  MemoryUsage of job (MB)
	690224  -  ResidentSetSize of job (KB)
...
006 (78854871.095.000) 2026-10-03 17:41:53 Image size of job updated: 731948
	715  -  MemoryUsage of job (MB)
	731948  -  ResidentSetSize of job (KB)
...
006 (78854871.095.000) 2026-10-03 17:46:54 Image size of job updated: 732236
	716  -  MemoryUsage of job (MB)
	732236  -  ResidentSetSize of job (KB)
...
006 (78854871.095.000) 2026-10-03 17:51:55 Image size of job updated: 746376
	729  -  MemoryUsage of job (MB)
	746376  -  ResidentSetSize of job (KB)
...
006 (78854871.095.000) 2026-10-03 17:56:55 Image size of job updated: 746400
	729  -  MemoryUsage of job (MB)
	746400  -  ResidentSetSize of job (KB)
...
006 (78854871.095.000) 2026-10-03 18:01:56 Image size of job updated: 750212
	733  -  MemoryUsage of job (MB)
	750212  -  ResidentSetSize of job (KB)
...
006 (78854871.095.000) 2026-10-03 18:06:57 Image size of job updated: 750220
	733  -  MemoryUsage of job (MB)
	750220  -  ResidentSetSize of job (KB)
...
006 (78854871.095.000) 2026-10-03 18:11:57 Image size of job updated: 757748
	740  -  MemoryUsage of job (MB)
	757748  -  ResidentSetSize of job (KB)
...
006 (78854871.095.000) 2026-10-03 18:16:57 Image size of job updated: 757792
	741  -  MemoryUsage of job (MB)
	757792  -  ResidentSetSize of job (KB)
...
006 (78854871.095.000) 2026-10-03 18:21:58 Image size of job updated: 760564
	743  -  MemoryUsage of job (MB)
	760564  -  ResidentSetSize of job (KB)
...
006 (78854871.095.000) 2026-10-03 18:26:58 Image size of job updated: 760576
	743  -  MemoryUsage of job (MB)
	760576  -  ResidentSetSize of job (KB)
...
006 (78854871.095.000) 2026-10-03 18:31:58 Image size of job updated: 760764
	743  -  MemoryUsage of job (MB)
	760764  -  ResidentSetSize of job (KB)
...
006 (78854871.095.000) 2026-10-03 18:36:59 Image size of job updated: 760772
	743  -  MemoryUsage of job (MB)
	760772  -  ResidentSetSize of job (KB)
...
006 (78854871.095.000) 2026-10-03 18:41:59 Image size of job updated: 760784
	743  -  MemoryUsage of job (MB)
	760784  -  ResidentSetSize of job (KB)
...
006 (78854871.095.000) 2026-10-03 18:46:59 Image size of job updated: 760788
	743  -  MemoryUsage of job (MB)
	760788  -  ResidentSetSize of job (KB)
...
006 (78854871.095.000) 2026-10-03 18:52:00 Image size of job updated: 760792
	743  -  MemoryUsage of job (MB)
	760792  -  ResidentSetSize of job (KB)
...
006 (78854871.095.000) 2026-10-03 19:02:00 Image size of job updated: 760800
	743  -  MemoryUsage of job (MB)
	760800  -  ResidentSetSize of job (KB)
...
006 (78854871.095.000) 2026-10-03 19:07:01 Image size of job updated: 760804
	743  -  MemoryUsage of job (MB)
	760804  -  ResidentSetSize of job (KB)
...
006 (78854871.095.000) 2026-10-03 19:12:02 Image size of job updated: 773296
	756  -  MemoryUsage of job (MB)
	773296  -  ResidentSetSize of job (KB)
...
006 (78854871.095.000) 2026-10-03 19:17:02 Image size of job updated: 773408
	756  -  MemoryUsage of job (MB)
	773408  -  ResidentSetSize of job (KB)
...
006 (78854871.095.000) 2026-10-03 19:22:03 Image size of job updated: 775088
	757  -  MemoryUsage of job (MB)
	775088  -  ResidentSetSize of job (KB)
...
006 (78854871.095.000) 2026-10-03 19:32:04 Image size of job updated: 776192
	758  -  MemoryUsage of job (MB)
	776192  -  ResidentSetSize of job (KB)
...
006 (78854871.095.000) 2026-10-03 19:52:07 Image size of job updated: 786660
	769  -  MemoryUsage of job (MB)
	786660  -  ResidentSetSize of job (KB)
...
006 (78854871.095.000) 2026-10-03 19:57:08 Image size of job updated: 786696
	769  -  MemoryUsage of job (MB)
	786696  -  ResidentSetSize of job (KB)
...
006 (78854871.095.000) 2026-10-03 20:02:08 Image size of job updated: 786724
	769  -  MemoryUsage of job (MB)
	786724  -  ResidentSetSize of job (KB)
...
006 (78854871.095.000) 2026-10-03 20:17:09 Image size of job updated: 786728
	769  -  MemoryUsage of job (MB)
	786728  -  ResidentSetSize of job (KB)
...
006 (78854871.095.000) 2026-10-03 20:22:09 Image size of job updated: 786732
	769  -  MemoryUsage of job (MB)
	786732  -  ResidentSetSize of job (KB)
...
006 (78854871.095.000) 2026-10-03 20:32:10 Image size of job updated: 786956
	769  -  MemoryUsage of job (MB)
	786956  -  ResidentSetSize of job (KB)
...
006 (78854871.095.000) 2026-10-03 20:37:10 Image size of job updated: 786960
	769  -  MemoryUsage of job (MB)
	786960  -  ResidentSetSize of job (KB)
...
006 (78854871.095.000) 2026-10-03 20:42:11 Image size of job updated: 794652
	773  -  MemoryUsage of job (MB)
	790628  -  ResidentSetSize of job (KB)
...
006 (78854871.095.000) 2026-10-03 20:47:11 Image size of job updated: 794652
	773  -  MemoryUsage of job (MB)
	790644  -  ResidentSetSize of job (KB)
...
006 (78854871.095.000) 2026-10-03 20:52:11 Image size of job updated: 794652
	774  -  MemoryUsage of job (MB)
	791636  -  ResidentSetSize of job (KB)
...
006 (78854871.095.000) 2026-10-03 20:57:12 Image size of job updated: 794652
	774  -  MemoryUsage of job (MB)
	791644  -  ResidentSetSize of job (KB)
...
006 (78854871.095.000) 2026-10-03 21:17:15 Image size of job updated: 794652
	774  -  MemoryUsage of job (MB)
	791720  -  ResidentSetSize of job (KB)
...
004 (78854871.095.000) 2026-10-03 21:36:50 Job was evicted. Code 1023 Subcode 0
	(0) CPU times
		Usr 0 13:48:41, Sys 0 00:00:12  -  Run Remote Usage
		Usr 0 00:00:00, Sys 0 00:00:00  -  Run Local Usage
	0  -  Run Bytes Sent By Job
	0  -  Run Bytes Received By Job
	Reason: via condor_rm (by user pratyusava.baral)
	Partitionable Resources :    Usage  Request Allocated 
	   Cpus                 :     2.90        4         4 
	   Disk (KB)            : 25000       25000     28672 
	   GPUs                 :                           0 
	   Memory (MB)          :   774       15000     15104 
	   TimeExecute (s)      : 15609                       
	   TimeSlotBusy (s)     : 15610                       
...
009 (78854871.095.000) 2026-10-03 21:36:50 Job was aborted.
	via condor_rm (by user pratyusava.baral)
...
000 (78854907.095.000) 2026-10-03 21:37:08 Job submitted from host: <10.14.0.121:9618?addrs=10.14.0.121-9618&alias=ldas-pcdev12.ligo.caltech.edu&noUDP&sock=schedd_623140_c9b4>
...
001 (78854907.095.000) 2026-10-03 21:38:42 Job executing on host: <10.14.10.130:9618?addrs=10.14.10.130-9618&alias=node2380.cluster.ldas.cit&noUDP&sock=startd_710898_79fd>
	SlotName: slot1_3@node2380.cluster.ldas.cit
	CondorScratchDir = "/var/lib/condor/execute/dir_467666/scratch"
	Cpus = 4
	Disk = 28672
	GPUs = 0
	Memory = 15104
...
006 (78854907.095.000) 2026-10-03 21:38:42 Image size of job updated: 25000
	0  -  MemoryUsage of job (MB)
	0  -  ResidentSetSize of job (KB)
...
005 (78854907.095.000) 2026-10-03 21:38:42 Job terminated.
	(1) Normal termination (return value 1)
		Usr 0 00:00:00, Sys 0 00:00:00  -  Run Remote Usage
		Usr 0 00:00:00, Sys 0 00:00:00  -  Run Local Usage
		Usr 0 00:00:00, Sys 0 00:00:00  -  Total Remote Usage
		Usr 0 00:00:00, Sys 0 00:00:00  -  Total Local Usage
	0  -  Run Bytes Sent By Job
	0  -  Run Bytes Received By Job
	0  -  Total Bytes Sent By Job
	0  -  Total Bytes Received By Job
	Partitionable Resources :    Usage  Request Allocated 
	   Cpus                 :                 4         4 
	   Disk (KB)            :    25000    25000     28672 
	   GPUs                 :                           0 
	   Memory (MB)          :        0    15000     15104 
	   TimeExecute (s)      :        0                    
	   TimeSlotBusy (s)     :        0                    
...
000 (78855136.095.000) 2026-10-04 13:45:07 Job submitted from host: <10.14.0.121:9618?addrs=10.14.0.121-9618&alias=ldas-pcdev12.ligo.caltech.edu&noUDP&sock=schedd_623140_c9b4>
...
001 (78855136.095.000) 2026-10-04 13:49:18 Job executing on host: <10.14.5.82:9618?addrs=10.14.5.82-9618&alias=node1082.cluster.ldas.cit&noUDP&sock=startd_200176_aa1f>
	SlotName: slot1_1@node1082.cluster.ldas.cit
	CondorScratchDir = "/var/lib/condor/execute/dir_619235/scratch"
	Cpus = 4
	Disk = 28672
	GPUs = 0
	Memory = 15104
...
006 (78855136.095.000) 2026-10-04 13:49:26 Image size of job updated: 123448
	121  -  MemoryUsage of job (MB)
	123448  -  ResidentSetSize of job (KB)
...
006 (78855136.095.000) 2026-10-04 13:54:26 Image size of job updated: 428948
	419  -  MemoryUsage of job (MB)
	428948  -  ResidentSetSize of job (KB)
...
006 (78855136.095.000) 2026-10-04 13:59:27 Image size of job updated: 429432
	420  -  MemoryUsage of job (MB)
	429432  -  ResidentSetSize of job (KB)
...
006 (78855136.095.000) 2026-10-04 14:04:27 Image size of job updated: 429684
	420  -  MemoryUsage of job (MB)
	429432  -  ResidentSetSize of job (KB)
...
006 (78855136.095.000) 2026-10-04 14:14:28 Image size of job updated: 450444
	440  -  MemoryUsage of job (MB)
	450444  -  ResidentSetSize of job (KB)
...
006 (78855136.095.000) 2026-10-04 14:19:29 Image size of job updated: 450480
	440  -  MemoryUsage of job (MB)
	450480  -  ResidentSetSize of job (KB)
...
006 (78855136.095.000) 2026-10-04 14:24:29 Image size of job updated: 450492
	440  -  MemoryUsage of job (MB)
	450480  -  ResidentSetSize of job (KB)
...
006 (78855136.095.000) 2026-10-04 14:44:32 Image size of job updated: 455804
	446  -  MemoryUsage of job (MB)
	455804  -  ResidentSetSize of job (KB)
...
006 (78855136.095.000) 2026-10-04 14:49:33 Image size of job updated: 455916
	446  -  MemoryUsage of job (MB)
	455916  -  ResidentSetSize of job (KB)
...
006 (78855136.095.000) 2026-10-04 14:54:33 Image size of job updated: 463880
	454  -  MemoryUsage of job (MB)
	463880  -  ResidentSetSize of job (KB)
...
006 (78855136.095.000) 2026-10-04 14:59:34 Image size of job updated: 463892
	454  -  MemoryUsage of job (MB)
	463892  -  ResidentSetSize of job (KB)
...
006 (78855136.095.000) 2026-10-04 15:04:35 Image size of job updated: 465208
	455  -  MemoryUsage of job (MB)
	465208  -  ResidentSetSize of job (KB)
...
006 (78855136.095.000) 2026-10-04 15:09:35 Image size of job updated: 465212
	455  -  MemoryUsage of job (MB)
	465212  -  ResidentSetSize of job (KB)
...
006 (78855136.095.000) 2026-10-04 15:14:36 Image size of job updated: 477724
	467  -  MemoryUsage of job (MB)
	477724  -  ResidentSetSize of job (KB)
...
006 (78855136.095.000) 2026-10-04 15:19:37 Image size of job updated: 477736
	467  -  MemoryUsage of job (MB)
	477736  -  ResidentSetSize of job (KB)
...
006 (78855136.095.000) 2026-10-04 15:24:37 Image size of job updated: 477744
	467  -  MemoryUsage of job (MB)
	477744  -  ResidentSetSize of job (KB)
...
006 (78855136.095.000) 2026-10-04 15:29:38 Image size of job updated: 477880
	467  -  MemoryUsage of job (MB)
	477880  -  ResidentSetSize of job (KB)
...
006 (78855136.095.000) 2026-10-04 15:34:39 Image size of job updated: 480188
	469  -  MemoryUsage of job (MB)
	480188  -  ResidentSetSize of job (KB)
...
006 (78855136.095.000) 2026-10-04 15:39:39 Image size of job updated: 480196
	469  -  MemoryUsage of job (MB)
	480196  -  ResidentSetSize of job (KB)
...
006 (78855136.095.000) 2026-10-04 15:44:40 Image size of job updated: 481996
	471  -  MemoryUsage of job (MB)
	481996  -  ResidentSetSize of job (KB)
...
006 (78855136.095.000) 2026-10-04 15:49:41 Image size of job updated: 482020
	471  -  MemoryUsage of job (MB)
	482020  -  ResidentSetSize of job (KB)
...
006 (78855136.095.000) 2026-10-04 16:09:18 Image size of job updated: 484072
	472  -  MemoryUsage of job (MB)
	483048  -  ResidentSetSize of job (KB)
...
006 (78855136.095.000) 2026-10-04 16:23:06 Image size of job updated: 484072
	472  -  MemoryUsage of job (MB)
	483056  -  ResidentSetSize of job (KB)
...
006 (78855136.095.000) 2026-10-04 16:34:09 Image size of job updated: 485108
	474  -  MemoryUsage of job (MB)
	485108  -  ResidentSetSize of job (KB)
...
006 (78855136.095.000) 2026-10-04 16:40:47 Image size of job updated: 485132
	474  -  MemoryUsage of job (MB)
	485132  -  ResidentSetSize of job (KB)
...
006 (78855136.095.000) 2026-10-04 16:45:47 Image size of job updated: 485192
	474  -  MemoryUsage of job (MB)
	485192  -  ResidentSetSize of job (KB)
...
006 (78855136.095.000) 2026-10-04 16:50:47 Image size of job updated: 486164
	475  -  MemoryUsage of job (MB)
	486164  -  ResidentSetSize of job (KB)
...
006 (78855136.095.000) 2026-10-04 16:55:48 Image size of job updated: 486168
	475  -  MemoryUsage of job (MB)
	486164  -  ResidentSetSize of job (KB)
...
006 (78855136.095.000) 2026-10-04 17:15:50 Image size of job updated: 486232
	475  -  MemoryUsage of job (MB)
	486232  -  ResidentSetSize of job (KB)
...
006 (78855136.095.000) 2026-10-04 17:20:50 Image size of job updated: 486244
	475  -  MemoryUsage of job (MB)
	486244  -  ResidentSetSize of job (KB)
...
006 (78855136.095.000) 2026-10-04 17:30:52 Image size of job updated: 486248
	475  -  MemoryUsage of job (MB)
	486248  -  ResidentSetSize of job (KB)
...
006 (78855136.095.000) 2026-10-04 17:35:52 Image size of job updated: 486272
	475  -  MemoryUsage of job (MB)
	486272  -  ResidentSetSize of job (KB)
...
006 (78855136.095.000) 2026-10-04 17:40:53 Image size of job updated: 486276
	475  -  MemoryUsage of job (MB)
	486276  -  ResidentSetSize of job (KB)
...
006 (78855136.095.000) 2026-10-04 17:45:54 Image size of job updated: 486280
	475  -  MemoryUsage of job (MB)
	486280  -  ResidentSetSize of job (KB)
...
006 (78855136.095.000) 2026-10-04 17:50:54 Image size of job updated: 486284
	475  -  MemoryUsage of job (MB)
	486284  -  ResidentSetSize of job (KB)
...
006 (78855136.095.000) 2026-10-04 17:55:55 Image size of job updated: 486288
	475  -  MemoryUsage of job (MB)
	486288  -  ResidentSetSize of job (KB)
...
006 (78855136.095.000) 2026-10-04 18:00:56 Image size of job updated: 486292
	475  -  MemoryUsage of job (MB)
	486292  -  ResidentSetSize of job (KB)
...
006 (78855136.095.000) 2026-10-04 18:05:56 Image size of job updated: 489896
	479  -  MemoryUsage of job (MB)
	489896  -  ResidentSetSize of job (KB)
...
006 (78855136.095.000) 2026-10-04 18:10:57 Image size of job updated: 489900
	479  -  MemoryUsage of job (MB)
	489900  -  ResidentSetSize of job (KB)
...
006 (78855136.095.000) 2026-10-04 18:15:58 Image size of job updated: 490928
	480  -  MemoryUsage of job (MB)
	490928  -  ResidentSetSize of job (KB)
...
006 (78855136.095.000) 2026-10-04 18:20:58 Image size of job updated: 490932
	480  -  MemoryUsage of job (MB)
	490932  -  ResidentSetSize of job (KB)
...
006 (78855136.095.000) 2026-10-04 18:25:59 Image size of job updated: 490940
	480  -  MemoryUsage of job (MB)
	490932  -  ResidentSetSize of job (KB)
...
006 (78855136.095.000) 2026-10-04 18:41:00 Image size of job updated: 493272
	481  -  MemoryUsage of job (MB)
	492064  -  ResidentSetSize of job (KB)
...
006 (78855136.095.000) 2026-10-04 18:46:01 Image size of job updated: 493272
	481  -  MemoryUsage of job (MB)
	492088  -  ResidentSetSize of job (KB)
...
006 (78855136.095.000) 2026-10-04 18:51:01 Image size of job updated: 494316
	483  -  MemoryUsage of job (MB)
	494316  -  ResidentSetSize of job (KB)
...
006 (78855136.095.000) 2026-10-04 18:56:01 Image size of job updated: 494324
	483  -  MemoryUsage of job (MB)
	494324  -  ResidentSetSize of job (KB)
...
006 (78855136.095.000) 2026-10-04 19:01:02 Image size of job updated: 495172
	484  -  MemoryUsage of job (MB)
	495172  -  ResidentSetSize of job (KB)
...
006 (78855136.095.000) 2026-10-04 19:06:02 Image size of job updated: 495176
	484  -  MemoryUsage of job (MB)
	495176  -  ResidentSetSize of job (KB)
...
006 (78855136.095.000) 2026-10-04 19:11:02 Image size of job updated: 495184
	484  -  MemoryUsage of job (MB)
	495184  -  ResidentSetSize of job (KB)
...
006 (78855136.095.000) 2026-10-04 19:16:03 Image size of job updated: 495196
	484  -  MemoryUsage of job (MB)
	495196  -  ResidentSetSize of job (KB)
...
006 (78855136.095.000) 2026-10-04 19:26:03 Image size of job updated: 495244
	484  -  MemoryUsage of job (MB)
	495244  -  ResidentSetSize of job (KB)
...
006 (78855136.095.000) 2026-10-04 19:31:04 Image size of job updated: 495256
	484  -  MemoryUsage of job (MB)
	495256  -  ResidentSetSize of job (KB)
...
006 (78855136.095.000) 2026-10-04 19:36:05 Image size of job updated: 495264
	484  -  MemoryUsage of job (MB)
	495264  -  ResidentSetSize of job (KB)
...
006 (78855136.095.000) 2026-10-04 19:41:05 Image size of job updated: 496244
	484  -  MemoryUsage of job (MB)
	495264  -  ResidentSetSize of job (KB)
...
006 (78855136.095.000) 2026-10-04 19:51:07 Image size of job updated: 496244
	484  -  MemoryUsage of job (MB)
	495268  -  ResidentSetSize of job (KB)
...
006 (78855136.095.000) 2026-10-04 19:56:07 Image size of job updated: 496244
	484  -  MemoryUsage of job (MB)
	495284  -  ResidentSetSize of job (KB)
...
006 (78855136.095.000) 2026-10-04 20:01:08 Image size of job updated: 496348
	485  -  MemoryUsage of job (MB)
	496348  -  ResidentSetSize of job (KB)
...
006 (78855136.095.000) 2026-10-04 20:06:09 Image size of job updated: 496352
	485  -  MemoryUsage of job (MB)
	496352  -  ResidentSetSize of job (KB)
...
006 (78855136.095.000) 2026-10-04 20:11:09 Image size of job updated: 499256
	488  -  MemoryUsage of job (MB)
	499256  -  ResidentSetSize of job (KB)
...
006 (78855136.095.000) 2026-10-04 20:16:10 Image size of job updated: 499260
	488  -  MemoryUsage of job (MB)
	499260  -  ResidentSetSize of job (KB)
...
006 (78855136.095.000) 2026-10-04 20:21:11 Image size of job updated: 499404
	488  -  MemoryUsage of job (MB)
	499260  -  ResidentSetSize of job (KB)
...
006 (78855136.095.000) 2026-10-04 20:41:13 Image size of job updated: 499440
	488  -  MemoryUsage of job (MB)
	499440  -  ResidentSetSize of job (KB)
...
006 (78855136.095.000) 2026-10-04 20:46:13 Image size of job updated: 499444
	488  -  MemoryUsage of job (MB)
	499444  -  ResidentSetSize of job (KB)
...
006 (78855136.095.000) 2026-10-04 20:51:14 Image size of job updated: 500468
	488  -  MemoryUsage of job (MB)
	499464  -  ResidentSetSize of job (KB)
...
006 (78855136.095.000) 2026-10-04 21:01:14 Image size of job updated: 502524
	491  -  MemoryUsage of job (MB)
	502524  -  ResidentSetSize of job (KB)
...
006 (78855136.095.000) 2026-10-04 21:11:15 Image size of job updated: 502528
	491  -  MemoryUsage of job (MB)
	502524  -  ResidentSetSize of job (KB)
...
006 (78855136.095.000) 2026-10-04 21:31:16 Image size of job updated: 502600
	491  -  MemoryUsage of job (MB)
	502600  -  ResidentSetSize of job (KB)
...
006 (78855136.095.000) 2026-10-04 21:36:17 Image size of job updated: 502604
	491  -  MemoryUsage of job (MB)
	502604  -  ResidentSetSize of job (KB)
...
006 (78855136.095.000) 2026-10-04 21:46:18 Image size of job updated: 505632
	494  -  MemoryUsage of job (MB)
	505632  -  ResidentSetSize of job (KB)
...
006 (78855136.095.000) 2026-10-04 21:51:19 Image size of job updated: 505644
	494  -  MemoryUsage of job (MB)
	505644  -  ResidentSetSize of job (KB)
...
006 (78855136.095.000) 2026-10-04 21:56:20 Image size of job updated: 507940
	497  -  MemoryUsage of job (MB)
	507940  -  ResidentSetSize of job (KB)
...
006 (78855136.095.000) 2026-10-04 22:01:20 Image size of job updated: 507944
	497  -  MemoryUsage of job (MB)
	507944  -  ResidentSetSize of job (KB)
...
006 (78855136.095.000) 2026-10-04 22:06:21 Image size of job updated: 519320
	508  -  MemoryUsage of job (MB)
	519320  -  ResidentSetSize of job (KB)
...
006 (78855136.095.000) 2026-10-04 22:16:22 Image size of job updated: 520332
	509  -  MemoryUsage of job (MB)
	520332  -  ResidentSetSize of job (KB)
...
006 (78855136.095.000) 2026-10-04 22:26:24 Image size of job updated: 520336
	509  -  MemoryUsage of job (MB)
	520332  -  ResidentSetSize of job (KB)
...
006 (78855136.095.000) 2026-10-04 22:46:26 Image size of job updated: 520372
	509  -  MemoryUsage of job (MB)
	520372  -  ResidentSetSize of job (KB)
...
006 (78855136.095.000) 2026-10-04 22:51:26 Image size of job updated: 520376
	509  -  MemoryUsage of job (MB)
	520376  -  ResidentSetSize of job (KB)
...
006 (78855136.095.000) 2026-10-04 22:56:27 Image size of job updated: 520408
	509  -  MemoryUsage of job (MB)
	520408  -  ResidentSetSize of job (KB)
...
006 (78855136.095.000) 2026-10-04 23:01:27 Image size of job updated: 520412
	509  -  MemoryUsage of job (MB)
	520412  -  ResidentSetSize of job (KB)
...
006 (78855136.095.000) 2026-10-04 23:06:27 Image size of job updated: 523448
	512  -  MemoryUsage of job (MB)
	523448  -  ResidentSetSize of job (KB)
...
006 (78855136.095.000) 2026-10-04 23:11:28 Image size of job updated: 523452
	512  -  MemoryUsage of job (MB)
	523452  -  ResidentSetSize of job (KB)
...
006 (78855136.095.000) 2026-10-04 23:16:28 Image size of job updated: 524464
	513  -  MemoryUsage of job (MB)
	524464  -  ResidentSetSize of job (KB)
...
006 (78855136.095.000) 2026-10-04 23:26:29 Image size of job updated: 526708
	515  -  MemoryUsage of job (MB)
	526708  -  ResidentSetSize of job (KB)
...
006 (78855136.095.000) 2026-10-04 23:31:29 Image size of job updated: 526800
	515  -  MemoryUsage of job (MB)
	526800  -  ResidentSetSize of job (KB)
...
006 (78855136.095.000) 2026-10-04 23:36:29 Image size of job updated: 526804
	515  -  MemoryUsage of job (MB)
	526804  -  ResidentSetSize of job (KB)
...
006 (78855136.095.000) 2026-10-04 23:41:30 Image size of job updated: 526808
	515  -  MemoryUsage of job (MB)
	526808  -  ResidentSetSize of job (KB)
...
006 (78855136.095.000) 2026-10-04 23:46:30 Image size of job updated: 528824
	516  -  MemoryUsage of job (MB)
	527816  -  ResidentSetSize of job (KB)
...
006 (78855136.095.000) 2026-10-04 23:51:30 Image size of job updated: 528824
	516  -  MemoryUsage of job (MB)
	527820  -  ResidentSetSize of job (KB)
...
006 (78855136.095.000) 2026-10-04 23:56:31 Image size of job updated: 528824
	516  -  MemoryUsage of job (MB)
	527824  -  ResidentSetSize of job (KB)
...
006 (78855136.095.000) 2026-10-05 00:26:34 Image size of job updated: 528856
	517  -  MemoryUsage of job (MB)
	528856  -  ResidentSetSize of job (KB)
...
006 (78855136.095.000) 2026-10-05 00:31:35 Image size of job updated: 528860
	517  -  MemoryUsage of job (MB)
	528860  -  ResidentSetSize of job (KB)
...
006 (78855136.095.000) 2026-10-05 00:36:35 Image size of job updated: 540316
	528  -  MemoryUsage of job (MB)
	540316  -  ResidentSetSize of job (KB)
...
006 (78855136.095.000) 2026-10-05 00:41:36 Image size of job updated: 540348
	528  -  MemoryUsage of job (MB)
	540348  -  ResidentSetSize of job (KB)
...
006 (78855136.095.000) 2026-10-05 00:46:37 Image size of job updated: 543296
	528  -  MemoryUsage of job (MB)
	540348  -  ResidentSetSize of job (KB)
...
006 (78855136.095.000) 2026-10-05 00:56:38 Image size of job updated: 543296
	529  -  MemoryUsage of job (MB)
	541068  -  ResidentSetSize of job (KB)
...
006 (78855136.095.000) 2026-10-05 01:01:39 Image size of job updated: 543296
	529  -  MemoryUsage of job (MB)
	541124  -  ResidentSetSize of job (KB)
...
006 (78855136.095.000) 2026-10-05 01:06:39 Image size of job updated: 544748
	531  -  MemoryUsage of job (MB)
	543656  -  ResidentSetSize of job (KB)
...
006 (78855136.095.000) 2026-10-05 01:11:40 Image size of job updated: 544748
	531  -  MemoryUsage of job (MB)
	543660  -  ResidentSetSize of job (KB)
...
006 (78855136.095.000) 2026-10-05 01:16:41 Image size of job updated: 544748
	532  -  MemoryUsage of job (MB)
	544344  -  ResidentSetSize of job (KB)
...
006 (78855136.095.000) 2026-10-05 01:26:41 Image size of job updated: 544748
	532  -  MemoryUsage of job (MB)
	544452  -  ResidentSetSize of job (KB)
...
006 (78855136.095.000) 2026-10-05 01:31:42 Image size of job updated: 546468
	533  -  MemoryUsage of job (MB)
	545468  -  ResidentSetSize of job (KB)
...
006 (78855136.095.000) 2026-10-05 01:41:42 Image size of job updated: 547480
	533  -  MemoryUsage of job (MB)
	545468  -  ResidentSetSize of job (KB)
...
006 (78855136.095.000) 2026-10-05 01:51:43 Image size of job updated: 554000
	542  -  MemoryUsage of job (MB)
	554000  -  ResidentSetSize of job (KB)
...
006 (78855136.095.000) 2026-10-05 02:01:44 Image size of job updated: 563240
	550  -  MemoryUsage of job (MB)
	562224  -  ResidentSetSize of job (KB)
...
006 (78855136.095.000) 2026-10-05 02:06:44 Image size of job updated: 563240
	550  -  MemoryUsage of job (MB)
	562228  -  ResidentSetSize of job (KB)
...
006 (78855136.095.000) 2026-10-05 02:21:45 Image size of job updated: 564232
	552  -  MemoryUsage of job (MB)
	564232  -  ResidentSetSize of job (KB)
...
006 (78855136.095.000) 2026-10-05 02:26:45 Image size of job updated: 564320
	552  -  MemoryUsage of job (MB)
	564320  -  ResidentSetSize of job (KB)
...
006 (78855136.095.000) 2026-10-05 02:31:46 Image size of job updated: 565324
	553  -  MemoryUsage of job (MB)
	565324  -  ResidentSetSize of job (KB)
...
006 (78855136.095.000) 2026-10-05 02:51:49 Image size of job updated: 565340
	553  -  MemoryUsage of job (MB)
	565340  -  ResidentSetSize of job (KB)
...
006 (78855136.095.000) 2026-10-05 02:56:49 Image size of job updated: 565360
	553  -  MemoryUsage of job (MB)
	565360  -  ResidentSetSize of job (KB)
...
006 (78855136.095.000) 2026-10-05 03:01:50 Image size of job updated: 566364
	553  -  MemoryUsage of job (MB)
	565360  -  ResidentSetSize of job (KB)
...
006 (78855136.095.000) 2026-10-05 03:11:51 Image size of job updated: 566364
	554  -  MemoryUsage of job (MB)
	566348  -  ResidentSetSize of job (KB)
...
006 (78855136.095.000) 2026-10-05 03:26:53 Image size of job updated: 566400
	554  -  MemoryUsage of job (MB)
	566400  -  ResidentSetSize of job (KB)
...
006 (78855136.095.000) 2026-10-05 03:31:53 Image size of job updated: 568420
	556  -  MemoryUsage of job (MB)
	568420  -  ResidentSetSize of job (KB)
...
006 (78855136.095.000) 2026-10-05 03:41:54 Image size of job updated: 568424
	556  -  MemoryUsage of job (MB)
	568424  -  ResidentSetSize of job (KB)
...
006 (78855136.095.000) 2026-10-05 03:51:55 Image size of job updated: 569436
	556  -  MemoryUsage of job (MB)
	568424  -  ResidentSetSize of job (KB)
...
006 (78855136.095.000) 2026-10-05 04:26:57 Image size of job updated: 569436
	556  -  MemoryUsage of job (MB)
	568472  -  ResidentSetSize of job (KB)
...
006 (78855136.095.000) 2026-10-05 04:31:57 Image size of job updated: 569436
	556  -  MemoryUsage of job (MB)
	568512  -  ResidentSetSize of job (KB)
...
006 (78855136.095.000) 2026-10-05 04:36:58 Image size of job updated: 569520
	556  -  MemoryUsage of job (MB)
	568512  -  ResidentSetSize of job (KB)
...
006 (78855136.095.000) 2026-10-05 04:46:58 Image size of job updated: 569520
	557  -  MemoryUsage of job (MB)
	569520  -  ResidentSetSize of job (KB)
...
006 (78855136.095.000) 2026-10-05 04:57:00 Image size of job updated: 570528
	558  -  MemoryUsage of job (MB)
	570528  -  ResidentSetSize of job (KB)
...
006 (78855136.095.000) 2026-10-05 05:07:01 Image size of job updated: 572576
	559  -  MemoryUsage of job (MB)
	571600  -  ResidentSetSize of job (KB)
...
006 (78855136.095.000) 2026-10-05 05:27:04 Image size of job updated: 573620
	560  -  MemoryUsage of job (MB)
	572600  -  ResidentSetSize of job (KB)
...
006 (78855136.095.000) 2026-10-05 05:37:05 Image size of job updated: 573620
	561  -  MemoryUsage of job (MB)
	573608  -  ResidentSetSize of job (KB)
...
006 (78855136.095.000) 2026-10-05 05:42:06 Image size of job updated: 573656
	561  -  MemoryUsage of job (MB)
	573656  -  ResidentSetSize of job (KB)
...
006 (78855136.095.000) 2026-10-05 06:17:10 Image size of job updated: 574668
	561  -  MemoryUsage of job (MB)
	573660  -  ResidentSetSize of job (KB)
...
006 (78855136.095.000) 2026-10-05 06:42:14 Image size of job updated: 575700
	563  -  MemoryUsage of job (MB)
	575700  -  ResidentSetSize of job (KB)
...
006 (78855136.095.000) 2026-10-05 06:52:15 Image size of job updated: 575716
	563  -  MemoryUsage of job (MB)
	575716  -  ResidentSetSize of job (KB)
...
006 (78855136.095.000) 2026-10-05 07:02:16 Image size of job updated: 575720
	563  -  MemoryUsage of job (MB)
	575720  -  ResidentSetSize of job (KB)
...
006 (78855136.095.000) 2026-10-05 07:17:18 Image size of job updated: 575740
	563  -  MemoryUsage of job (MB)
	575740  -  ResidentSetSize of job (KB)
...
006 (78855136.095.000) 2026-10-05 07:27:19 Image size of job updated: 575744
	563  -  MemoryUsage of job (MB)
	575744  -  ResidentSetSize of job (KB)
...
006 (78855136.095.000) 2026-10-05 07:32:19 Image size of job updated: 576752
	563  -  MemoryUsage of job (MB)
	575744  -  ResidentSetSize of job (KB)
...
006 (78855136.095.000) 2026-10-05 07:42:20 Image size of job updated: 576752
	564  -  MemoryUsage of job (MB)
	576564  -  ResidentSetSize of job (KB)
...
006 (78855136.095.000) 2026-10-05 07:52:20 Image size of job updated: 578820
	566  -  MemoryUsage of job (MB)
	578820  -  ResidentSetSize of job (KB)
...
006 (78855136.095.000) 2026-10-05 08:12:22 Image size of job updated: 578824
	566  -  MemoryUsage of job (MB)
	578820  -  ResidentSetSize of job (KB)
...
006 (78855136.095.000) 2026-10-05 08:47:24 Image size of job updated: 579852
	567  -  MemoryUsage of job (MB)
	579852  -  ResidentSetSize of job (KB)
...
006 (78855136.095.000) 2026-10-05 08:52:24 Image size of job updated: 579856
	567  -  MemoryUsage of job (MB)
	579856  -  ResidentSetSize of job (KB)
...
006 (78855136.095.000) 2026-10-05 08:57:25 Image size of job updated: 580880
	567  -  MemoryUsage of job (MB)
	579856  -  ResidentSetSize of job (KB)
...
006 (78855136.095.000) 2026-10-05 09:07:25 Image size of job updated: 580880
	567  -  MemoryUsage of job (MB)
	580244  -  ResidentSetSize of job (KB)
...
006 (78855136.095.000) 2026-10-05 09:17:27 Image size of job updated: 581936
	569  -  MemoryUsage of job (MB)
	581936  -  ResidentSetSize of job (KB)
...
006 (78855136.095.000) 2026-10-05 09:27:28 Image size of job updated: 582932
	570  -  MemoryUsage of job (MB)
	582932  -  ResidentSetSize of job (KB)
...
006 (78855136.095.000) 2026-10-05 09:32:29 Image size of job updated: 582936
	570  -  MemoryUsage of job (MB)
	582936  -  ResidentSetSize of job (KB)
...
006 (78855136.095.000) 2026-10-05 09:47:31 Image size of job updated: 582940
	570  -  MemoryUsage of job (MB)
	582940  -  ResidentSetSize of job (KB)
...
006 (78855136.095.000) 2026-10-05 09:57:32 Image size of job updated: 583968
	570  -  MemoryUsage of job (MB)
	582944  -  ResidentSetSize of job (KB)
...
006 (78855136.095.000) 2026-10-05 10:12:34 Image size of job updated: 583968
	570  -  MemoryUsage of job (MB)
	582948  -  ResidentSetSize of job (KB)
...
006 (78855136.095.000) 2026-10-05 10:22:35 Image size of job updated: 583972
	571  -  MemoryUsage of job (MB)
	583972  -  ResidentSetSize of job (KB)
...
006 (78855136.095.000) 2026-10-05 10:27:35 Image size of job updated: 583976
	571  -  MemoryUsage of job (MB)
	583976  -  ResidentSetSize of job (KB)
...
006 (78855136.095.000) 2026-10-05 10:32:36 Image size of job updated: 586008
	571  -  MemoryUsage of job (MB)
	583976  -  ResidentSetSize of job (KB)
...
006 (78855136.095.000) 2026-10-05 10:37:36 Image size of job updated: 586008
	571  -  MemoryUsage of job (MB)
	583980  -  ResidentSetSize of job (KB)
...
006 (78855136.095.000) 2026-10-05 10:42:36 Image size of job updated: 586008
	573  -  MemoryUsage of job (MB)
	585996  -  ResidentSetSize of job (KB)
...
006 (78855136.095.000) 2026-10-05 10:47:37 Image size of job updated: 586028
	573  -  MemoryUsage of job (MB)
	586028  -  ResidentSetSize of job (KB)
...
006 (78855136.095.000) 2026-10-05 10:52:37 Image size of job updated: 587052
	573  -  MemoryUsage of job (MB)
	586032  -  ResidentSetSize of job (KB)
...
006 (78855136.095.000) 2026-10-05 11:12:38 Image size of job updated: 589440
	576  -  MemoryUsage of job (MB)
	589440  -  ResidentSetSize of job (KB)
...
006 (78855136.095.000) 2026-10-05 11:42:40 Image size of job updated: 590468
	577  -  MemoryUsage of job (MB)
	590468  -  ResidentSetSize of job (KB)
...
006 (78855136.095.000) 2026-10-05 11:47:41 Image size of job updated: 590472
	577  -  MemoryUsage of job (MB)
	590472  -  ResidentSetSize of job (KB)
...
006 (78855136.095.000) 2026-10-05 12:12:43 Image size of job updated: 591472
	577  -  MemoryUsage of job (MB)
	590472  -  ResidentSetSize of job (KB)
...
006 (78855136.095.000) 2026-10-05 12:32:46 Image size of job updated: 591472
	578  -  MemoryUsage of job (MB)
	591176  -  ResidentSetSize of job (KB)
...
006 (78855136.095.000) 2026-10-05 12:37:47 Image size of job updated: 591500
	578  -  MemoryUsage of job (MB)
	591500  -  ResidentSetSize of job (KB)
...
006 (78855136.095.000) 2026-10-05 12:42:47 Image size of job updated: 592584
	579  -  MemoryUsage of job (MB)
	592584  -  ResidentSetSize of job (KB)
...
006 (78855136.095.000) 2026-10-05 12:52:49 Image size of job updated: 593516
	580  -  MemoryUsage of job (MB)
	593516  -  ResidentSetSize of job (KB)
...
006 (78855136.095.000) 2026-10-05 13:17:51 Image size of job updated: 594308
	580  -  MemoryUsage of job (MB)
	593516  -  ResidentSetSize of job (KB)
...
006 (78855136.095.000) 2026-10-05 13:27:52 Image size of job updated: 594960
	581  -  MemoryUsage of job (MB)
	593952  -  ResidentSetSize of job (KB)
...
006 (78855136.095.000) 2026-10-05 13:47:53 Image size of job updated: 594960
	581  -  MemoryUsage of job (MB)
	594624  -  ResidentSetSize of job (KB)
...
