000 (78852668.096.000) 2026-10-01 10:44:08 Job submitted from host: <10.14.0.121:9618?addrs=10.14.0.121-9618&alias=ldas-pcdev12.ligo.caltech.edu&noUDP&sock=schedd_623140_c9b4>
...
001 (78852668.096.000) 2026-10-01 10:48:07 Job executing on host: <10.14.10.129:9618?addrs=10.14.10.129-9618&alias=node2379.cluster.ldas.cit&noUDP&sock=startd_2659246_25db>
	SlotName: slot1_2@node2379.cluster.ldas.cit
	CondorScratchDir = "/var/lib/condor/execute/dir_3760285/scratch"
	Cpus = 4
	Disk = 28672
	GPUs = 0
	Memory = 15104
...
006 (78852668.096.000) 2026-10-01 10:48:07 Image size of job updated: 25000
	0  -  MemoryUsage of job (MB)
	0  -  ResidentSetSize of job (KB)
...
005 (78852668.096.000) 2026-10-01 10:48:07 Job terminated.
	(1) Normal termination (return value 1)
		Usr 0 00:00:00, Sys 0 00:00:00  -  Run Remote Usage
		Usr 0 00:00:00, Sys 0 00:00:00  -  Run Local Usage
		Usr 0 00:00:00, Sys 0 00:00:00  -  Total Remote Usage
		Usr 0 00:00:00, Sys 0 00:00:00  -  Total Local Usage
	0  -  Run Bytes Sent By Job
	0  -  Run Bytes Received By Job
	0  -  Total Bytes Sent By Job
	0  -  Total Bytes Received By Job
	Partitionable Resources :    Usage  Request Allocated 
	   Cpus                 :                 4         4 
	   Disk (KB)            :    25000    25000     28672 
	   GPUs                 :                           0 
	   Memory (MB)          :        0    15000     15104 
	   TimeExecute (s)      :        0                    
	   TimeSlotBusy (s)     :        0                    
...
000 (78854871.096.000) 2026-10-03 17:15:42 Job submitted from host: <10.14.0.121:9618?addrs=10.14.0.121-9618&alias=ldas-pcdev12.ligo.caltech.edu&noUDP&sock=schedd_623140_c9b4>
...
001 (78854871.096.000) 2026-10-03 17:16:41 Job executing on host: <10.14.4.85:9618?addrs=10.14.4.85-9618&alias=node835.cluster.ldas.cit&noUDP&sock=startd_1837226_ccf2>
	SlotName: slot1_14@node835.cluster.ldas.cit
	CondorScratchDir = "/var/lib/condor/execute/dir_2766976/scratch"
	Cpus = 4
	Disk = 28672
	GPUs = 0
	Memory = 15104
...
006 (78854871.096.000) 2026-10-03 17:16:50 Image size of job updated: 318780
	312  -  MemoryUsage of job (MB)
	318780  -  ResidentSetSize of job (KB)
...
006 (78854871.096.000) 2026-10-03 17:21:51 Image size of job updated: 373372
	365  -  MemoryUsage of job (MB)
	373372  -  ResidentSetSize of job (KB)
...
006 (78854871.096.000) 2026-10-03 17:26:51 Image size of job updated: 374152
	366  -  MemoryUsage of job (MB)
	374152  -  ResidentSetSize of job (KB)
...
006 (78854871.096.000) 2026-10-03 17:31:52 Image size of job updated: 477976
	467  -  MemoryUsage of job (MB)
	477976  -  ResidentSetSize of job (KB)
...
006 (78854871.096.000) 2026-10-03 17:36:53 Image size of job updated: 532404
	520  -  MemoryUsage of job (MB)
	532404  -  ResidentSetSize of job (KB)
...
006 (78854871.096.000) 2026-10-03 17:41:53 Image size of job updated: 694516
	679  -  MemoryUsage of job (MB)
	694516  -  ResidentSetSize of job (KB)
...
006 (78854871.096.000) 2026-10-03 17:46:54 Image size of job updated: 859120
	839  -  MemoryUsage of job (MB)
	859120  -  ResidentSetSize of job (KB)
...
006 (78854871.096.000) 2026-10-03 17:51:55 Image size of job updated: 876204
	856  -  MemoryUsage of job (MB)
	876204  -  ResidentSetSize of job (KB)
...
006 (78854871.096.000) 2026-10-03 17:56:55 Image size of job updated: 876216
	856  -  MemoryUsage of job (MB)
	876216  -  ResidentSetSize of job (KB)
...
006 (78854871.096.000) 2026-10-03 18:01:56 Image size of job updated: 884176
	864  -  MemoryUsage of job (MB)
	884176  -  ResidentSetSize of job (KB)
...
006 (78854871.096.000) 2026-10-03 18:06:57 Image size of job updated: 884196
	864  -  MemoryUsage of job (MB)
	884196  -  ResidentSetSize of job (KB)
...
006 (78854871.096.000) 2026-10-03 18:11:57 Image size of job updated: 896124
	876  -  MemoryUsage of job (MB)
	896124  -  ResidentSetSize of job (KB)
...
006 (78854871.096.000) 2026-10-03 18:16:58 Image size of job updated: 896128
	876  -  MemoryUsage of job (MB)
	896128  -  ResidentSetSize of job (KB)
...
006 (78854871.096.000) 2026-10-03 19:02:02 Image size of job updated: 896428
	876  -  MemoryUsage of job (MB)
	896128  -  ResidentSetSize of job (KB)
...
006 (78854871.096.000) 2026-10-03 19:52:09 Image size of job updated: 896448
	876  -  MemoryUsage of job (MB)
	896448  -  ResidentSetSize of job (KB)
...
006 (78854871.096.000) 2026-10-03 19:57:10 Image size of job updated: 896452
	876  -  MemoryUsage of job (MB)
	896452  -  ResidentSetSize of job (KB)
...
006 (78854871.096.000) 2026-10-03 20:07:10 Image size of job updated: 896456
	876  -  MemoryUsage of job (MB)
	896456  -  ResidentSetSize of job (KB)
...
006 (78854871.096.000) 2026-10-03 20:12:11 Image size of job updated: 896460
	876  -  MemoryUsage of job (MB)
	896460  -  ResidentSetSize of job (KB)
...
006 (78854871.096.000) 2026-10-03 20:37:12 Image size of job updated: 898292
	878  -  MemoryUsage of job (MB)
	898292  -  ResidentSetSize of job (KB)
...
006 (78854871.096.000) 2026-10-03 20:42:13 Image size of job updated: 898296
	878  -  MemoryUsage of job (MB)
	898296  -  ResidentSetSize of job (KB)
...
006 (78854871.096.000) 2026-10-03 20:47:13 Image size of job updated: 901028
	879  -  MemoryUsage of job (MB)
	899536  -  ResidentSetSize of job (KB)
...
006 (78854871.096.000) 2026-10-03 21:02:15 Image size of job updated: 901028
	879  -  MemoryUsage of job (MB)
	899540  -  ResidentSetSize of job (KB)
...
006 (78854871.096.000) 2026-10-03 21:22:17 Image size of job updated: 901028
	879  -  MemoryUsage of job (MB)
	899544  -  ResidentSetSize of job (KB)
...
006 (78854871.096.000) 2026-10-03 21:32:19 Image size of job updated: 901028
	879  -  MemoryUsage of job (MB)
	899548  -  ResidentSetSize of job (KB)
...
004 (78854871.096.000) 2026-10-03 21:36:49 Job was evicted. Code 1023 Subcode 0
	(0) CPU times
		Usr 0 13:55:16, Sys 0 00:00:13  -  Run Remote Usage
		Usr 0 00:00:00, Sys 0 00:00:00  -  Run Local Usage
	0  -  Run Bytes Sent By Job
	0  -  Run Bytes Received By Job
	Reason: via condor_rm (by user pratyusava.baral)
	Partitionable Resources :    Usage  Request Allocated 
	   Cpus                 :     3.45        4         4 
	   Disk (KB)            : 25000       25000     28672 
	   GPUs                 :                           0 
	   Memory (MB)          :   879       15000     15104 
	   TimeExecute (s)      : 15608                       
	   TimeSlotBusy (s)     : 15609                       
...
009 (78854871.096.000) 2026-10-03 21:36:49 Job was aborted.
	via condor_rm (by user pratyusava.baral)
...
000 (78854907.096.000) 2026-10-03 21:37:08 Job submitted from host: <10.14.0.121:9618?addrs=10.14.0.121-9618&alias=ldas-pcdev12.ligo.caltech.edu&noUDP&sock=schedd_623140_c9b4>
...
001 (78854907.096.000) 2026-10-03 21:38:42 Job executing on host: <10.14.10.119:9618?addrs=10.14.10.119-9618&alias=node2369.cluster.ldas.cit&noUDP&sock=startd_612377_43e0>
	SlotName: slot1_2@node2369.cluster.ldas.cit
	CondorScratchDir = "/var/lib/condor/execute/dir_629648/scratch"
	Cpus = 4
	Disk = 28672
	GPUs = 0
	Memory = 15104
...
006 (78854907.096.000) 2026-10-03 21:38:42 Image size of job updated: 25000
	0  -  MemoryUsage of job (MB)
	0  -  ResidentSetSize of job (KB)
...
005 (78854907.096.000) 2026-10-03 21:38:42 Job terminated.
	(1) Normal termination (return value 1)
		Usr 0 00:00:00, Sys 0 00:00:00  -  Run Remote Usage
		Usr 0 00:00:00, Sys 0 00:00:00  -  Run Local Usage
		Usr 0 00:00:00, Sys 0 00:00:00  -  Total Remote Usage
		Usr 0 00:00:00, Sys 0 00:00:00  -  Total Local Usage
	0  -  Run Bytes Sent By Job
	0  -  Run Bytes Received By Job
	0  -  Total Bytes Sent By Job
	0  -  Total Bytes Received By Job
	Partitionable Resources :    Usage  Request Allocated 
	   Cpus                 :                 4         4 
	   Disk (KB)            :    25000    25000     28672 
	   GPUs                 :                           0 
	   Memory (MB)          :        0    15000     15104 
	   TimeExecute (s)      :        0                    
	   TimeSlotBusy (s)     :        0                    
...
000 (78855136.096.000) 2026-10-04 13:45:07 Job submitted from host: <10.14.0.121:9618?addrs=10.14.0.121-9618&alias=ldas-pcdev12.ligo.caltech.edu&noUDP&sock=schedd_623140_c9b4>
...
001 (78855136.096.000) 2026-10-04 13:49:18 Job executing on host: <10.14.5.85:9618?addrs=10.14.5.85-9618&alias=node1085.cluster.ldas.cit&noUDP&sock=startd_70876_9e88>
	SlotName: slot1_1@node1085.cluster.ldas.cit
	CondorScratchDir = "/var/lib/condor/execute/dir_694403/scratch"
	Cpus = 4
	Disk = 28672
	GPUs = 0
	Memory = 15104
...
006 (78855136.096.000) 2026-10-04 13:49:27 Image size of job updated: 152052
	149  -  MemoryUsage of job (MB)
	152052  -  ResidentSetSize of job (KB)
...
006 (78855136.096.000) 2026-10-04 13:54:27 Image size of job updated: 470612
	460  -  MemoryUsage of job (MB)
	470612  -  ResidentSetSize of job (KB)
...
006 (78855136.096.000) 2026-10-04 13:59:27 Image size of job updated: 482092
	471  -  MemoryUsage of job (MB)
	482092  -  ResidentSetSize of job (KB)
...
006 (78855136.096.000) 2026-10-04 14:04:28 Image size of job updated: 506912
	496  -  MemoryUsage of job (MB)
	506912  -  ResidentSetSize of job (KB)
...
006 (78855136.096.000) 2026-10-04 14:09:28 Image size of job updated: 508536
	497  -  MemoryUsage of job (MB)
	508536  -  ResidentSetSize of job (KB)
...
006 (78855136.096.000) 2026-10-04 14:14:28 Image size of job updated: 514948
	503  -  MemoryUsage of job (MB)
	514948  -  ResidentSetSize of job (KB)
...
006 (78855136.096.000) 2026-10-04 14:19:29 Image size of job updated: 515052
	503  -  MemoryUsage of job (MB)
	515052  -  ResidentSetSize of job (KB)
...
006 (78855136.096.000) 2026-10-04 14:24:30 Image size of job updated: 524104
	512  -  MemoryUsage of job (MB)
	524104  -  ResidentSetSize of job (KB)
...
006 (78855136.096.000) 2026-10-04 14:29:30 Image size of job updated: 525120
	513  -  MemoryUsage of job (MB)
	525120  -  ResidentSetSize of job (KB)
...
006 (78855136.096.000) 2026-10-04 14:34:31 Image size of job updated: 535488
	523  -  MemoryUsage of job (MB)
	535488  -  ResidentSetSize of job (KB)
...
006 (78855136.096.000) 2026-10-04 14:39:32 Image size of job updated: 535512
	523  -  MemoryUsage of job (MB)
	535512  -  ResidentSetSize of job (KB)
...
006 (78855136.096.000) 2026-10-04 14:44:32 Image size of job updated: 539892
	528  -  MemoryUsage of job (MB)
	539892  -  ResidentSetSize of job (KB)
...
006 (78855136.096.000) 2026-10-04 14:49:33 Image size of job updated: 539940
	528  -  MemoryUsage of job (MB)
	539940  -  ResidentSetSize of job (KB)
...
006 (78855136.096.000) 2026-10-04 14:54:34 Image size of job updated: 539964
	528  -  MemoryUsage of job (MB)
	539964  -  ResidentSetSize of job (KB)
...
006 (78855136.096.000) 2026-10-04 14:59:34 Image size of job updated: 540016
	528  -  MemoryUsage of job (MB)
	540016  -  ResidentSetSize of job (KB)
...
006 (78855136.096.000) 2026-10-04 15:04:35 Image size of job updated: 540972
	529  -  MemoryUsage of job (MB)
	540972  -  ResidentSetSize of job (KB)
...
006 (78855136.096.000) 2026-10-04 15:09:36 Image size of job updated: 541028
	529  -  MemoryUsage of job (MB)
	541028  -  ResidentSetSize of job (KB)
...
006 (78855136.096.000) 2026-10-04 15:14:36 Image size of job updated: 541156
	529  -  MemoryUsage of job (MB)
	541156  -  ResidentSetSize of job (KB)
...
006 (78855136.096.000) 2026-10-04 15:24:38 Image size of job updated: 541172
	529  -  MemoryUsage of job (MB)
	541156  -  ResidentSetSize of job (KB)
...
006 (78855136.096.000) 2026-10-04 15:34:39 Image size of job updated: 543088
	531  -  MemoryUsage of job (MB)
	543088  -  ResidentSetSize of job (KB)
...
006 (78855136.096.000) 2026-10-04 15:39:40 Image size of job updated: 543092
	531  -  MemoryUsage of job (MB)
	543092  -  ResidentSetSize of job (KB)
...
006 (78855136.096.000) 2026-10-04 15:44:40 Image size of job updated: 543288
	531  -  MemoryUsage of job (MB)
	543288  -  ResidentSetSize of job (KB)
...
006 (78855136.096.000) 2026-10-04 15:49:41 Image size of job updated: 543300
	531  -  MemoryUsage of job (MB)
	543300  -  ResidentSetSize of job (KB)
...
006 (78855136.096.000) 2026-10-04 15:54:42 Image size of job updated: 544056
	532  -  MemoryUsage of job (MB)
	544056  -  ResidentSetSize of job (KB)
...
006 (78855136.096.000) 2026-10-04 15:59:42 Image size of job updated: 544060
	532  -  MemoryUsage of job (MB)
	544060  -  ResidentSetSize of job (KB)
...
006 (78855136.096.000) 2026-10-04 16:09:20 Image size of job updated: 544340
	532  -  MemoryUsage of job (MB)
	544340  -  ResidentSetSize of job (KB)
...
006 (78855136.096.000) 2026-10-04 16:23:12 Image size of job updated: 546408
	534  -  MemoryUsage of job (MB)
	546408  -  ResidentSetSize of job (KB)
...
006 (78855136.096.000) 2026-10-04 16:34:18 Image size of job updated: 548492
	536  -  MemoryUsage of job (MB)
	548492  -  ResidentSetSize of job (KB)
...
006 (78855136.096.000) 2026-10-04 16:40:57 Image size of job updated: 549504
	536  -  MemoryUsage of job (MB)
	548500  -  ResidentSetSize of job (KB)
...
006 (78855136.096.000) 2026-10-04 16:50:58 Image size of job updated: 549504
	536  -  MemoryUsage of job (MB)
	548508  -  ResidentSetSize of job (KB)
...
006 (78855136.096.000) 2026-10-04 16:55:59 Image size of job updated: 551580
	539  -  MemoryUsage of job (MB)
	551580  -  ResidentSetSize of job (KB)
...
006 (78855136.096.000) 2026-10-04 17:46:05 Image size of job updated: 556420
	544  -  MemoryUsage of job (MB)
	556420  -  ResidentSetSize of job (KB)
...
006 (78855136.096.000) 2026-10-04 17:56:05 Image size of job updated: 556464
	544  -  MemoryUsage of job (MB)
	556464  -  ResidentSetSize of job (KB)
...
006 (78855136.096.000) 2026-10-04 18:01:06 Image size of job updated: 559520
	547  -  MemoryUsage of job (MB)
	559520  -  ResidentSetSize of job (KB)
...
006 (78855136.096.000) 2026-10-04 18:06:06 Image size of job updated: 559524
	547  -  MemoryUsage of job (MB)
	559524  -  ResidentSetSize of job (KB)
...
006 (78855136.096.000) 2026-10-04 18:16:07 Image size of job updated: 559528
	547  -  MemoryUsage of job (MB)
	559528  -  ResidentSetSize of job (KB)
...
006 (78855136.096.000) 2026-10-04 19:21:11 Image size of job updated: 564752
	552  -  MemoryUsage of job (MB)
	564752  -  ResidentSetSize of job (KB)
...
006 (78855136.096.000) 2026-10-04 19:26:11 Image size of job updated: 564756
	552  -  MemoryUsage of job (MB)
	564756  -  ResidentSetSize of job (KB)
...
006 (78855136.096.000) 2026-10-04 19:31:12 Image size of job updated: 564812
	552  -  MemoryUsage of job (MB)
	564812  -  ResidentSetSize of job (KB)
...
006 (78855136.096.000) 2026-10-04 19:41:13 Image size of job updated: 564816
	552  -  MemoryUsage of job (MB)
	564816  -  ResidentSetSize of job (KB)
...
006 (78855136.096.000) 2026-10-04 19:51:15 Image size of job updated: 564820
	552  -  MemoryUsage of job (MB)
	564820  -  ResidentSetSize of job (KB)
...
006 (78855136.096.000) 2026-10-04 19:56:15 Image size of job updated: 564824
	552  -  MemoryUsage of job (MB)
	564824  -  ResidentSetSize of job (KB)
...
006 (78855136.096.000) 2026-10-04 20:01:16 Image size of job updated: 566872
	554  -  MemoryUsage of job (MB)
	566872  -  ResidentSetSize of job (KB)
...
006 (78855136.096.000) 2026-10-04 20:06:17 Image size of job updated: 566876
	554  -  MemoryUsage of job (MB)
	566876  -  ResidentSetSize of job (KB)
...
006 (78855136.096.000) 2026-10-04 20:21:19 Image size of job updated: 568960
	554  -  MemoryUsage of job (MB)
	566952  -  ResidentSetSize of job (KB)
...
006 (78855136.096.000) 2026-10-04 20:26:19 Image size of job updated: 568960
	554  -  MemoryUsage of job (MB)
	566956  -  ResidentSetSize of job (KB)
...
006 (78855136.096.000) 2026-10-04 20:36:21 Image size of job updated: 568960
	554  -  MemoryUsage of job (MB)
	566960  -  ResidentSetSize of job (KB)
...
006 (78855136.096.000) 2026-10-04 20:41:21 Image size of job updated: 568976
	556  -  MemoryUsage of job (MB)
	568976  -  ResidentSetSize of job (KB)
...
006 (78855136.096.000) 2026-10-04 20:46:22 Image size of job updated: 568980
	556  -  MemoryUsage of job (MB)
	568980  -  ResidentSetSize of job (KB)
...
006 (78855136.096.000) 2026-10-04 20:51:23 Image size of job updated: 568984
	556  -  MemoryUsage of job (MB)
	568984  -  ResidentSetSize of job (KB)
...
006 (78855136.096.000) 2026-10-04 21:01:24 Image size of job updated: 568988
	556  -  MemoryUsage of job (MB)
	568988  -  ResidentSetSize of job (KB)
...
006 (78855136.096.000) 2026-10-04 21:06:25 Image size of job updated: 570016
	557  -  MemoryUsage of job (MB)
	570016  -  ResidentSetSize of job (KB)
...
006 (78855136.096.000) 2026-10-04 21:11:25 Image size of job updated: 570020
	557  -  MemoryUsage of job (MB)
	570020  -  ResidentSetSize of job (KB)
...
006 (78855136.096.000) 2026-10-04 21:16:26 Image size of job updated: 570036
	557  -  MemoryUsage of job (MB)
	570036  -  ResidentSetSize of job (KB)
...
006 (78855136.096.000) 2026-10-04 21:26:27 Image size of job updated: 571048
	558  -  MemoryUsage of job (MB)
	571048  -  ResidentSetSize of job (KB)
...
006 (78855136.096.000) 2026-10-04 21:31:28 Image size of job updated: 571052
	558  -  MemoryUsage of job (MB)
	571052  -  ResidentSetSize of job (KB)
...
006 (78855136.096.000) 2026-10-04 21:36:29 Image size of job updated: 571056
	558  -  MemoryUsage of job (MB)
	571056  -  ResidentSetSize of job (KB)
...
006 (78855136.096.000) 2026-10-04 21:46:30 Image size of job updated: 573124
	560  -  MemoryUsage of job (MB)
	573124  -  ResidentSetSize of job (KB)
...
006 (78855136.096.000) 2026-10-04 21:51:31 Image size of job updated: 573128
	560  -  MemoryUsage of job (MB)
	573128  -  ResidentSetSize of job (KB)
...
006 (78855136.096.000) 2026-10-04 21:56:31 Image size of job updated: 574180
	561  -  MemoryUsage of job (MB)
	574180  -  ResidentSetSize of job (KB)
...
006 (78855136.096.000) 2026-10-04 22:06:33 Image size of job updated: 574184
	561  -  MemoryUsage of job (MB)
	574184  -  ResidentSetSize of job (KB)
...
006 (78855136.096.000) 2026-10-04 22:11:33 Image size of job updated: 574188
	561  -  MemoryUsage of job (MB)
	574188  -  ResidentSetSize of job (KB)
...
006 (78855136.096.000) 2026-10-04 22:16:33 Image size of job updated: 575256
	562  -  MemoryUsage of job (MB)
	575256  -  ResidentSetSize of job (KB)
...
006 (78855136.096.000) 2026-10-04 22:21:34 Image size of job updated: 575260
	562  -  MemoryUsage of job (MB)
	575260  -  ResidentSetSize of job (KB)
...
006 (78855136.096.000) 2026-10-04 22:26:34 Image size of job updated: 582944
	570  -  MemoryUsage of job (MB)
	582944  -  ResidentSetSize of job (KB)
...
006 (78855136.096.000) 2026-10-04 22:31:34 Image size of job updated: 582948
	570  -  MemoryUsage of job (MB)
	582948  -  ResidentSetSize of job (KB)
...
006 (78855136.096.000) 2026-10-04 22:36:35 Image size of job updated: 583972
	570  -  MemoryUsage of job (MB)
	582948  -  ResidentSetSize of job (KB)
...
006 (78855136.096.000) 2026-10-04 22:41:35 Image size of job updated: 583972
	570  -  MemoryUsage of job (MB)
	582952  -  ResidentSetSize of job (KB)
...
006 (78855136.096.000) 2026-10-04 22:46:35 Image size of job updated: 585004
	572  -  MemoryUsage of job (MB)
	585004  -  ResidentSetSize of job (KB)
...
006 (78855136.096.000) 2026-10-04 22:56:37 Image size of job updated: 586032
	573  -  MemoryUsage of job (MB)
	586032  -  ResidentSetSize of job (KB)
...
006 (78855136.096.000) 2026-10-04 23:01:37 Image size of job updated: 586036
	573  -  MemoryUsage of job (MB)
	586036  -  ResidentSetSize of job (KB)
...
006 (78855136.096.000) 2026-10-04 23:06:38 Image size of job updated: 587056
	574  -  MemoryUsage of job (MB)
	587056  -  ResidentSetSize of job (KB)
...
006 (78855136.096.000) 2026-10-04 23:11:39 Image size of job updated: 587060
	574  -  MemoryUsage of job (MB)
	587060  -  ResidentSetSize of job (KB)
...
006 (78855136.096.000) 2026-10-04 23:16:39 Image size of job updated: 589112
	576  -  MemoryUsage of job (MB)
	589112  -  ResidentSetSize of job (KB)
...
006 (78855136.096.000) 2026-10-04 23:21:40 Image size of job updated: 589116
	576  -  MemoryUsage of job (MB)
	589116  -  ResidentSetSize of job (KB)
...
006 (78855136.096.000) 2026-10-04 23:26:41 Image size of job updated: 589120
	576  -  MemoryUsage of job (MB)
	589116  -  ResidentSetSize of job (KB)
...
006 (78855136.096.000) 2026-10-04 23:41:43 Image size of job updated: 590148
	576  -  MemoryUsage of job (MB)
	589116  -  ResidentSetSize of job (KB)
...
006 (78855136.096.000) 2026-10-04 23:51:44 Image size of job updated: 590148
	576  -  MemoryUsage of job (MB)
	589136  -  ResidentSetSize of job (KB)
...
006 (78855136.096.000) 2026-10-05 00:01:45 Image size of job updated: 594936
	581  -  MemoryUsage of job (MB)
	594936  -  ResidentSetSize of job (KB)
...
006 (78855136.096.000) 2026-10-05 00:11:47 Image size of job updated: 594940
	581  -  MemoryUsage of job (MB)
	594940  -  ResidentSetSize of job (KB)
...
006 (78855136.096.000) 2026-10-05 00:21:47 Image size of job updated: 594944
	581  -  MemoryUsage of job (MB)
	594944  -  ResidentSetSize of job (KB)
...
006 (78855136.096.000) 2026-10-05 00:26:48 Image size of job updated: 594952
	582  -  MemoryUsage of job (MB)
	594952  -  ResidentSetSize of job (KB)
...
006 (78855136.096.000) 2026-10-05 00:36:48 Image size of job updated: 594956
	582  -  MemoryUsage of job (MB)
	594956  -  ResidentSetSize of job (KB)
...
006 (78855136.096.000) 2026-10-05 00:41:49 Image size of job updated: 596096
	583  -  MemoryUsage of job (MB)
	596096  -  ResidentSetSize of job (KB)
...
006 (78855136.096.000) 2026-10-05 00:51:49 Image size of job updated: 596100
	583  -  MemoryUsage of job (MB)
	596100  -  ResidentSetSize of job (KB)
...
006 (78855136.096.000) 2026-10-05 01:01:50 Image size of job updated: 597140
	584  -  MemoryUsage of job (MB)
	597140  -  ResidentSetSize of job (KB)
...
006 (78855136.096.000) 2026-10-05 01:06:50 Image size of job updated: 597144
	584  -  MemoryUsage of job (MB)
	597144  -  ResidentSetSize of job (KB)
...
006 (78855136.096.000) 2026-10-05 01:11:51 Image size of job updated: 598172
	585  -  MemoryUsage of job (MB)
	598172  -  ResidentSetSize of job (KB)
...
006 (78855136.096.000) 2026-10-05 01:21:51 Image size of job updated: 599200
	586  -  MemoryUsage of job (MB)
	599200  -  ResidentSetSize of job (KB)
...
006 (78855136.096.000) 2026-10-05 01:31:52 Image size of job updated: 599204
	586  -  MemoryUsage of job (MB)
	599204  -  ResidentSetSize of job (KB)
...
006 (78855136.096.000) 2026-10-05 01:41:53 Image size of job updated: 599208
	586  -  MemoryUsage of job (MB)
	599204  -  ResidentSetSize of job (KB)
...
006 (78855136.096.000) 2026-10-05 02:01:56 Image size of job updated: 604592
	590  -  MemoryUsage of job (MB)
	603568  -  ResidentSetSize of job (KB)
...
006 (78855136.096.000) 2026-10-05 02:06:56 Image size of job updated: 604592
	590  -  MemoryUsage of job (MB)
	603572  -  ResidentSetSize of job (KB)
...
006 (78855136.096.000) 2026-10-05 02:11:57 Image size of job updated: 604592
	591  -  MemoryUsage of job (MB)
	604580  -  ResidentSetSize of job (KB)
...
006 (78855136.096.000) 2026-10-05 02:21:58 Image size of job updated: 605608
	591  -  MemoryUsage of job (MB)
	604580  -  ResidentSetSize of job (KB)
...
006 (78855136.096.000) 2026-10-05 02:47:02 Image size of job updated: 606040
	592  -  MemoryUsage of job (MB)
	606040  -  ResidentSetSize of job (KB)
...
006 (78855136.096.000) 2026-10-05 02:57:03 Image size of job updated: 615012
	600  -  MemoryUsage of job (MB)
	614012  -  ResidentSetSize of job (KB)
...
006 (78855136.096.000) 2026-10-05 03:07:04 Image size of job updated: 630068
	615  -  MemoryUsage of job (MB)
	629076  -  ResidentSetSize of job (KB)
...
006 (78855136.096.000) 2026-10-05 03:17:06 Image size of job updated: 630088
	616  -  MemoryUsage of job (MB)
	630088  -  ResidentSetSize of job (KB)
...
006 (78855136.096.000) 2026-10-05 03:27:07 Image size of job updated: 631112
	616  -  MemoryUsage of job (MB)
	630088  -  ResidentSetSize of job (KB)
...
006 (78855136.096.000) 2026-10-05 03:32:08 Image size of job updated: 631112
	616  -  MemoryUsage of job (MB)
	630092  -  ResidentSetSize of job (KB)
...
006 (78855136.096.000) 2026-10-05 03:37:08 Image size of job updated: 631112
	617  -  MemoryUsage of job (MB)
	631064  -  ResidentSetSize of job (KB)
...
006 (78855136.096.000) 2026-10-05 03:42:09 Image size of job updated: 631112
	617  -  MemoryUsage of job (MB)
	631068  -  ResidentSetSize of job (KB)
...
006 (78855136.096.000) 2026-10-05 03:47:09 Image size of job updated: 632144
	618  -  MemoryUsage of job (MB)
	632144  -  ResidentSetSize of job (KB)
...
006 (78855136.096.000) 2026-10-05 03:52:09 Image size of job updated: 632148
	618  -  MemoryUsage of job (MB)
	632148  -  ResidentSetSize of job (KB)
...
006 (78855136.096.000) 2026-10-05 03:57:10 Image size of job updated: 633172
	619  -  MemoryUsage of job (MB)
	633172  -  ResidentSetSize of job (KB)
...
006 (78855136.096.000) 2026-10-05 04:07:11 Image size of job updated: 635224
	621  -  MemoryUsage of job (MB)
	635224  -  ResidentSetSize of job (KB)
...
006 (78855136.096.000) 2026-10-05 04:22:13 Image size of job updated: 635228
	621  -  MemoryUsage of job (MB)
	635228  -  ResidentSetSize of job (KB)
...
006 (78855136.096.000) 2026-10-05 04:37:15 Image size of job updated: 635232
	621  -  MemoryUsage of job (MB)
	635228  -  ResidentSetSize of job (KB)
...
006 (78855136.096.000) 2026-10-05 04:57:18 Image size of job updated: 636248
	621  -  MemoryUsage of job (MB)
	635240  -  ResidentSetSize of job (KB)
...
006 (78855136.096.000) 2026-10-05 05:02:19 Image size of job updated: 636248
	621  -  MemoryUsage of job (MB)
	635244  -  ResidentSetSize of job (KB)
...
006 (78855136.096.000) 2026-10-05 05:07:19 Image size of job updated: 636248
	622  -  MemoryUsage of job (MB)
	636008  -  ResidentSetSize of job (KB)
...
006 (78855136.096.000) 2026-10-05 05:17:21 Image size of job updated: 637276
	622  -  MemoryUsage of job (MB)
	636252  -  ResidentSetSize of job (KB)
...
006 (78855136.096.000) 2026-10-05 05:22:21 Image size of job updated: 637276
	622  -  MemoryUsage of job (MB)
	636256  -  ResidentSetSize of job (KB)
...
006 (78855136.096.000) 2026-10-05 05:27:22 Image size of job updated: 639704
	625  -  MemoryUsage of job (MB)
	639704  -  ResidentSetSize of job (KB)
...
006 (78855136.096.000) 2026-10-05 05:37:23 Image size of job updated: 641768
	627  -  MemoryUsage of job (MB)
	641768  -  ResidentSetSize of job (KB)
...
006 (78855136.096.000) 2026-10-05 05:47:25 Image size of job updated: 641772
	627  -  MemoryUsage of job (MB)
	641772  -  ResidentSetSize of job (KB)
...
006 (78855136.096.000) 2026-10-05 05:57:26 Image size of job updated: 641776
	627  -  MemoryUsage of job (MB)
	641776  -  ResidentSetSize of job (KB)
...
006 (78855136.096.000) 2026-10-05 06:02:27 Image size of job updated: 642800
	628  -  MemoryUsage of job (MB)
	642800  -  ResidentSetSize of job (KB)
...
006 (78855136.096.000) 2026-10-05 06:12:27 Image size of job updated: 644640
	630  -  MemoryUsage of job (MB)
	644640  -  ResidentSetSize of job (KB)
...
006 (78855136.096.000) 2026-10-05 06:22:28 Image size of job updated: 645664
	630  -  MemoryUsage of job (MB)
	644640  -  ResidentSetSize of job (KB)
...
006 (78855136.096.000) 2026-10-05 06:27:28 Image size of job updated: 645664
	630  -  MemoryUsage of job (MB)
	644644  -  ResidentSetSize of job (KB)
...
006 (78855136.096.000) 2026-10-05 06:32:29 Image size of job updated: 645668
	631  -  MemoryUsage of job (MB)
	645668  -  ResidentSetSize of job (KB)
...
006 (78855136.096.000) 2026-10-05 06:37:29 Image size of job updated: 645672
	631  -  MemoryUsage of job (MB)
	645672  -  ResidentSetSize of job (KB)
...
006 (78855136.096.000) 2026-10-05 06:42:29 Image size of job updated: 646696
	632  -  MemoryUsage of job (MB)
	646696  -  ResidentSetSize of job (KB)
...
006 (78855136.096.000) 2026-10-05 06:47:30 Image size of job updated: 646700
	632  -  MemoryUsage of job (MB)
	646700  -  ResidentSetSize of job (KB)
...
006 (78855136.096.000) 2026-10-05 06:52:30 Image size of job updated: 649260
	635  -  MemoryUsage of job (MB)
	649260  -  ResidentSetSize of job (KB)
...
006 (78855136.096.000) 2026-10-05 07:02:31 Image size of job updated: 651224
	636  -  MemoryUsage of job (MB)
	651224  -  ResidentSetSize of job (KB)
...
006 (78855136.096.000) 2026-10-05 07:12:31 Image size of job updated: 652248
	637  -  MemoryUsage of job (MB)
	652248  -  ResidentSetSize of job (KB)
...
006 (78855136.096.000) 2026-10-05 07:17:32 Image size of job updated: 652252
	637  -  MemoryUsage of job (MB)
	652252  -  ResidentSetSize of job (KB)
...
006 (78855136.096.000) 2026-10-05 07:22:32 Image size of job updated: 653276
	637  -  MemoryUsage of job (MB)
	652252  -  ResidentSetSize of job (KB)
...
006 (78855136.096.000) 2026-10-05 07:52:34 Image size of job updated: 653276
	638  -  MemoryUsage of job (MB)
	652548  -  ResidentSetSize of job (KB)
...
006 (78855136.096.000) 2026-10-05 08:12:35 Image size of job updated: 653768
	639  -  MemoryUsage of job (MB)
	653768  -  ResidentSetSize of job (KB)
...
006 (78855136.096.000) 2026-10-05 08:17:36 Image size of job updated: 653772
	639  -  MemoryUsage of job (MB)
	653772  -  ResidentSetSize of job (KB)
...
006 (78855136.096.000) 2026-10-05 08:22:37 Image size of job updated: 654416
	640  -  MemoryUsage of job (MB)
	654416  -  ResidentSetSize of job (KB)
...
006 (78855136.096.000) 2026-10-05 08:32:38 Image size of job updated: 655348
	640  -  MemoryUsage of job (MB)
	654416  -  ResidentSetSize of job (KB)
...
006 (78855136.096.000) 2026-10-05 08:42:39 Image size of job updated: 655372
	641  -  MemoryUsage of job (MB)
	655372  -  ResidentSetSize of job (KB)
...
006 (78855136.096.000) 2026-10-05 08:47:40 Image size of job updated: 656376
	641  -  MemoryUsage of job (MB)
	656376  -  ResidentSetSize of job (KB)
...
006 (78855136.096.000) 2026-10-05 08:52:41 Image size of job updated: 658424
	643  -  MemoryUsage of job (MB)
	658424  -  ResidentSetSize of job (KB)
...
006 (78855136.096.000) 2026-10-05 09:27:45 Image size of job updated: 658436
	644  -  MemoryUsage of job (MB)
	658436  -  ResidentSetSize of job (KB)
...
006 (78855136.096.000) 2026-10-05 09:32:45 Image size of job updated: 658440
	644  -  MemoryUsage of job (MB)
	658440  -  ResidentSetSize of job (KB)
...
006 (78855136.096.000) 2026-10-05 09:37:46 Image size of job updated: 659456
	644  -  MemoryUsage of job (MB)
	659456  -  ResidentSetSize of job (KB)
...
006 (78855136.096.000) 2026-10-05 09:47:46 Image size of job updated: 659464
	645  -  MemoryUsage of job (MB)
	659464  -  ResidentSetSize of job (KB)
...
006 (78855136.096.000) 2026-10-05 09:57:47 Image size of job updated: 660488
	645  -  MemoryUsage of job (MB)
	659464  -  ResidentSetSize of job (KB)
...
006 (78855136.096.000) 2026-10-05 10:17:48 Image size of job updated: 660488
	645  -  MemoryUsage of job (MB)
	659628  -  ResidentSetSize of job (KB)
...
006 (78855136.096.000) 2026-10-05 10:27:49 Image size of job updated: 661308
	646  -  MemoryUsage of job (MB)
	661308  -  ResidentSetSize of job (KB)
...
006 (78855136.096.000) 2026-10-05 10:37:51 Image size of job updated: 661316
	646  -  MemoryUsage of job (MB)
	661308  -  ResidentSetSize of job (KB)
...
006 (78855136.096.000) 2026-10-05 10:47:51 Image size of job updated: 662152
	646  -  MemoryUsage of job (MB)
	661308  -  ResidentSetSize of job (KB)
...
006 (78855136.096.000) 2026-10-05 10:57:53 Image size of job updated: 662152
	647  -  MemoryUsage of job (MB)
	661592  -  ResidentSetSize of job (KB)
...
006 (78855136.096.000) 2026-10-05 11:07:54 Image size of job updated: 663580
	648  -  MemoryUsage of job (MB)
	662556  -  ResidentSetSize of job (KB)
...
006 (78855136.096.000) 2026-10-05 11:17:55 Image size of job updated: 663580
	648  -  MemoryUsage of job (MB)
	662560  -  ResidentSetSize of job (KB)
...
006 (78855136.096.000) 2026-10-05 11:22:56 Image size of job updated: 663580
	648  -  MemoryUsage of job (MB)
	662696  -  ResidentSetSize of job (KB)
...
006 (78855136.096.000) 2026-10-05 11:32:57 Image size of job updated: 663584
	649  -  MemoryUsage of job (MB)
	663584  -  ResidentSetSize of job (KB)
...
006 (78855136.096.000) 2026-10-05 11:42:59 Image size of job updated: 666536
	650  -  MemoryUsage of job (MB)
	665380  -  ResidentSetSize of job (KB)
...
006 (78855136.096.000) 2026-10-05 11:47:59 Image size of job updated: 666536
	650  -  MemoryUsage of job (MB)
	665516  -  ResidentSetSize of job (KB)
...
006 (78855136.096.000) 2026-10-05 11:53:00 Image size of job updated: 667880
	653  -  MemoryUsage of job (MB)
	667880  -  ResidentSetSize of job (KB)
...
006 (78855136.096.000) 2026-10-05 12:03:01 Image size of job updated: 668592
	653  -  MemoryUsage of job (MB)
	667880  -  ResidentSetSize of job (KB)
...
006 (78855136.096.000) 2026-10-05 12:13:03 Image size of job updated: 668672
	653  -  MemoryUsage of job (MB)
	667880  -  ResidentSetSize of job (KB)
...
006 (78855136.096.000) 2026-10-05 12:23:04 Image size of job updated: 669620
	653  -  MemoryUsage of job (MB)
	668596  -  ResidentSetSize of job (KB)
...
006 (78855136.096.000) 2026-10-05 12:33:05 Image size of job updated: 670648
	654  -  MemoryUsage of job (MB)
	669624  -  ResidentSetSize of job (KB)
...
006 (78855136.096.000) 2026-10-05 12:53:06 Image size of job updated: 670648
	655  -  MemoryUsage of job (MB)
	670288  -  ResidentSetSize of job (KB)
...
006 (78855136.096.000) 2026-10-05 12:58:07 Image size of job updated: 670648
	655  -  MemoryUsage of job (MB)
	670292  -  ResidentSetSize of job (KB)
...
006 (78855136.096.000) 2026-10-05 13:03:07 Image size of job updated: 672572
	655  -  MemoryUsage of job (MB)
	670528  -  ResidentSetSize of job (KB)
...
006 (78855136.096.000) 2026-10-05 13:08:07 Image size of job updated: 672572
	655  -  MemoryUsage of job (MB)
	670532  -  ResidentSetSize of job (KB)
...
006 (78855136.096.000) 2026-10-05 13:23:08 Image size of job updated: 672752
	657  -  MemoryUsage of job (MB)
	672752  -  ResidentSetSize of job (KB)
...
006 (78855136.096.000) 2026-10-05 13:33:09 Image size of job updated: 679492
	664  -  MemoryUsage of job (MB)
	679492  -  ResidentSetSize of job (KB)
...
006 (78855136.096.000) 2026-10-05 13:43:10 Image size of job updated: 681716
	665  -  MemoryUsage of job (MB)
	680236  -  ResidentSetSize of job (KB)
...
